EPISODE:  0
{'batch_size': 128, 'buffer_size': 50000, 'learning_rate': 0.001}
Using cuda device
EPISODE:  1
EPISODE:  2
EPISODE:  3
EPISODE:  4
EPISODE:  5
----------------------------------
| time/              |           |
|    episodes        | 4         |
|    fps             | 16        |
|    time_elapsed    | 242       |
|    total_timesteps | 4000      |
| train/             |           |
|    actor_loss      | -3.09e+04 |
|    critic_loss     | 6.71e+04  |
|    learning_rate   | 0.001     |
|    n_updates       | 3899      |
|    reward          | 1911.4169 |
----------------------------------
EPISODE:  6
EPISODE:  7
EPISODE:  8
EPISODE:  9
----------------------------------
| time/              |           |
|    episodes        | 8         |
|    fps             | 16        |
|    time_elapsed    | 491       |
|    total_timesteps | 8000      |
| train/             |           |
|    actor_loss      | -5.55e+04 |
|    critic_loss     | 2.28e+05  |
|    learning_rate   | 0.001     |
|    n_updates       | 7899      |
|    reward          | 1911.4169 |
----------------------------------
EPISODE:  10
EPISODE:  11
EPISODE:  12
EPISODE:  13
----------------------------------
| time/              |           |
|    episodes        | 12        |
|    fps             | 16        |
|    time_elapsed    | 740       |
|    total_timesteps | 12000     |
| train/             |           |
|    actor_loss      | -7.09e+04 |
|    critic_loss     | 4.18e+05  |
|    learning_rate   | 0.001     |
|    n_updates       | 11899     |
|    reward          | 1911.4169 |
----------------------------------
EPISODE:  14
EPISODE:  15
EPISODE:  16
EPISODE:  17
----------------------------------
| time/              |           |
|    episodes        | 16        |
|    fps             | 16        |
|    time_elapsed    | 991       |
|    total_timesteps | 16000     |
| train/             |           |
|    actor_loss      | -8.73e+04 |
|    critic_loss     | 6.81e+05  |
|    learning_rate   | 0.001     |
|    n_updates       | 15899     |
|    reward          | 1911.4169 |
----------------------------------
EPISODE:  18
EPISODE:  19
EPISODE:  20
EPISODE:  21
----------------------------------
| time/              |           |
|    episodes        | 20        |
|    fps             | 16        |
|    time_elapsed    | 1240      |
|    total_timesteps | 20000     |
| train/             |           |
|    actor_loss      | -9.8e+04  |
|    critic_loss     | 9.82e+05  |
|    learning_rate   | 0.001     |
|    n_updates       | 19899     |
|    reward          | 1911.4169 |
----------------------------------
EPISODE:  22
EPISODE:  23
EPISODE:  24
EPISODE:  25
----------------------------------
| time/              |           |
|    episodes        | 24        |
|    fps             | 16        |
|    time_elapsed    | 1489      |
|    total_timesteps | 24000     |
| train/             |           |
|    actor_loss      | -1.08e+05 |
|    critic_loss     | 5.82e+07  |
|    learning_rate   | 0.001     |
|    n_updates       | 23899     |
|    reward          | 1911.4169 |
----------------------------------
EPISODE:  26
EPISODE:  27
EPISODE:  28
EPISODE:  29
----------------------------------
| time/              |           |
|    episodes        | 28        |
|    fps             | 16        |
|    time_elapsed    | 1737      |
|    total_timesteps | 28000     |
| train/             |           |
|    actor_loss      | -1.17e+05 |
|    critic_loss     | 4.01e+05  |
|    learning_rate   | 0.001     |
|    n_updates       | 27899     |
|    reward          | 1911.4169 |
----------------------------------
EPISODE:  30
EPISODE:  31
EPISODE:  32
EPISODE:  33
----------------------------------
| time/              |           |
|    episodes        | 32        |
|    fps             | 16        |
|    time_elapsed    | 1987      |
|    total_timesteps | 32000     |
| train/             |           |
|    actor_loss      | -1.23e+05 |
|    critic_loss     | 3.35e+05  |
|    learning_rate   | 0.001     |
|    n_updates       | 31899     |
|    reward          | 1911.4169 |
----------------------------------
EPISODE:  34
EPISODE:  35
EPISODE:  36
EPISODE:  37
----------------------------------
| time/              |           |
|    episodes        | 36        |
|    fps             | 16        |
|    time_elapsed    | 2236      |
|    total_timesteps | 36000     |
| train/             |           |
|    actor_loss      | -1.28e+05 |
|    critic_loss     | 3.8e+07   |
|    learning_rate   | 0.001     |
|    n_updates       | 35899     |
|    reward          | 1911.4169 |
----------------------------------
EPISODE:  38
EPISODE:  39
EPISODE:  40
EPISODE:  41
----------------------------------
| time/              |           |
|    episodes        | 40        |
|    fps             | 16        |
|    time_elapsed    | 2485      |
|    total_timesteps | 40000     |
| train/             |           |
|    actor_loss      | -1.3e+05  |
|    critic_loss     | 1.5e+05   |
|    learning_rate   | 0.001     |
|    n_updates       | 39899     |
|    reward          | 1911.4169 |
----------------------------------
EPISODE:  42
EPISODE:  43
EPISODE:  44
EPISODE:  45
----------------------------------
| time/              |           |
|    episodes        | 44        |
|    fps             | 16        |
|    time_elapsed    | 2734      |
|    total_timesteps | 44000     |
| train/             |           |
|    actor_loss      | -1.37e+05 |
|    critic_loss     | 4.2e+05   |
|    learning_rate   | 0.001     |
|    n_updates       | 43899     |
|    reward          | 1911.4169 |
----------------------------------
EPISODE:  46
EPISODE:  47
EPISODE:  48
EPISODE:  49
----------------------------------
| time/              |           |
|    episodes        | 48        |
|    fps             | 16        |
|    time_elapsed    | 2984      |
|    total_timesteps | 48000     |
| train/             |           |
|    actor_loss      | -1.4e+05  |
|    critic_loss     | 6.08e+06  |
|    learning_rate   | 0.001     |
|    n_updates       | 47899     |
|    reward          | 1911.4169 |
----------------------------------
EPISODE:  50
EPISODE:  51
EPISODE:  52
EPISODE:  53
----------------------------------
| time/              |           |
|    episodes        | 52        |
|    fps             | 16        |
|    time_elapsed    | 3233      |
|    total_timesteps | 52000     |
| train/             |           |
|    actor_loss      | -1.35e+05 |
|    critic_loss     | 1.48e+05  |
|    learning_rate   | 0.001     |
|    n_updates       | 51899     |
|    reward          | 1911.4169 |
----------------------------------
EPISODE:  54
EPISODE:  55
EPISODE:  56
EPISODE:  57
----------------------------------
| time/              |           |
|    episodes        | 56        |
|    fps             | 16        |
|    time_elapsed    | 3482      |
|    total_timesteps | 56000     |
| train/             |           |
|    actor_loss      | -1.39e+05 |
|    critic_loss     | 1.59e+05  |
|    learning_rate   | 0.001     |
|    n_updates       | 55899     |
|    reward          | 1911.4169 |
----------------------------------
EPISODE:  58
EPISODE:  59
EPISODE:  60
EPISODE:  61
----------------------------------
| time/              |           |
|    episodes        | 60        |
|    fps             | 16        |
|    time_elapsed    | 3732      |
|    total_timesteps | 60000     |
| train/             |           |
|    actor_loss      | -1.38e+05 |
|    critic_loss     | 1.93e+05  |
|    learning_rate   | 0.001     |
|    n_updates       | 59899     |
|    reward          | 1911.4169 |
----------------------------------
EPISODE:  62
EPISODE:  63
EPISODE:  64
EPISODE:  65
----------------------------------
| time/              |           |
|    episodes        | 64        |
|    fps             | 16        |
|    time_elapsed    | 3981      |
|    total_timesteps | 64000     |
| train/             |           |
|    actor_loss      | -1.4e+05  |
|    critic_loss     | 3.43e+05  |
|    learning_rate   | 0.001     |
|    n_updates       | 63899     |
|    reward          | 1911.4169 |
----------------------------------
EPISODE:  66
EPISODE:  67
EPISODE:  68
EPISODE:  69
----------------------------------
| time/              |           |
|    episodes        | 68        |
|    fps             | 16        |
|    time_elapsed    | 4230      |
|    total_timesteps | 68000     |
| train/             |           |
|    actor_loss      | -1.41e+05 |
|    critic_loss     | 1.54e+05  |
|    learning_rate   | 0.001     |
|    n_updates       | 67899     |
|    reward          | 1911.4169 |
----------------------------------
EPISODE:  70
EPISODE:  71
EPISODE:  72
EPISODE:  73
----------------------------------
| time/              |           |
|    episodes        | 72        |
|    fps             | 16        |
|    time_elapsed    | 4480      |
|    total_timesteps | 72000     |
| train/             |           |
|    actor_loss      | -1.45e+05 |
|    critic_loss     | 2.68e+04  |
|    learning_rate   | 0.001     |
|    n_updates       | 71899     |
|    reward          | 1911.4169 |
----------------------------------
EPISODE:  74
EPISODE:  75
EPISODE:  76
EPISODE:  77
----------------------------------
| time/              |           |
|    episodes        | 76        |
|    fps             | 16        |
|    time_elapsed    | 4730      |
|    total_timesteps | 76000     |
| train/             |           |
|    actor_loss      | -1.43e+05 |
|    critic_loss     | 5.02e+04  |
|    learning_rate   | 0.001     |
|    n_updates       | 75899     |
|    reward          | 1911.4169 |
----------------------------------
EPISODE:  78
EPISODE:  79
EPISODE:  80
EPISODE:  81
----------------------------------
| time/              |           |
|    episodes        | 80        |
|    fps             | 16        |
|    time_elapsed    | 4979      |
|    total_timesteps | 80000     |
| train/             |           |
|    actor_loss      | -1.42e+05 |
|    critic_loss     | 1.63e+06  |
|    learning_rate   | 0.001     |
|    n_updates       | 79899     |
|    reward          | 1911.4169 |
----------------------------------
EPISODE:  82
EPISODE:  83
EPISODE:  84
EPISODE:  85
----------------------------------
| time/              |           |
|    episodes        | 84        |
|    fps             | 16        |
|    time_elapsed    | 5229      |
|    total_timesteps | 84000     |
| train/             |           |
|    actor_loss      | -1.41e+05 |
|    critic_loss     | 2.37e+04  |
|    learning_rate   | 0.001     |
|    n_updates       | 83899     |
|    reward          | 1911.4169 |
----------------------------------
EPISODE:  86
EPISODE:  87
EPISODE:  88
EPISODE:  89
----------------------------------
| time/              |           |
|    episodes        | 88        |
|    fps             | 16        |
|    time_elapsed    | 5478      |
|    total_timesteps | 88000     |
| train/             |           |
|    actor_loss      | -1.44e+05 |
|    critic_loss     | 4.22e+03  |
|    learning_rate   | 0.001     |
|    n_updates       | 87899     |
|    reward          | 1911.4169 |
----------------------------------
EPISODE:  90
EPISODE:  91
EPISODE:  92
EPISODE:  93
----------------------------------
| time/              |           |
|    episodes        | 92        |
|    fps             | 16        |
|    time_elapsed    | 5729      |
|    total_timesteps | 92000     |
| train/             |           |
|    actor_loss      | -1.43e+05 |
|    critic_loss     | 4.56e+04  |
|    learning_rate   | 0.001     |
|    n_updates       | 91899     |
|    reward          | 1911.4169 |
----------------------------------
EPISODE:  94
EPISODE:  95
EPISODE:  96
EPISODE:  97
----------------------------------
| time/              |           |
|    episodes        | 96        |
|    fps             | 16        |
|    time_elapsed    | 5978      |
|    total_timesteps | 96000     |
| train/             |           |
|    actor_loss      | -1.4e+05  |
|    critic_loss     | 1.68e+04  |
|    learning_rate   | 0.001     |
|    n_updates       | 95899     |
|    reward          | 1911.4169 |
----------------------------------
EPISODE:  98
EPISODE:  99
EPISODE:  100
EPISODE:  101
----------------------------------
| time/              |           |
|    episodes        | 100       |
|    fps             | 16        |
|    time_elapsed    | 6228      |
|    total_timesteps | 100000    |
| train/             |           |
|    actor_loss      | -1.47e+05 |
|    critic_loss     | 3.49e+04  |
|    learning_rate   | 0.001     |
|    n_updates       | 99899     |
|    reward          | 1911.4169 |
----------------------------------
EPISODE:  102
EPISODE:  103
EPISODE:  104
EPISODE:  105
----------------------------------
| time/              |           |
|    episodes        | 104       |
|    fps             | 16        |
|    time_elapsed    | 6478      |
|    total_timesteps | 104000    |
| train/             |           |
|    actor_loss      | -1.48e+05 |
|    critic_loss     | 8.7e+03   |
|    learning_rate   | 0.001     |
|    n_updates       | 103899    |
|    reward          | 1911.4169 |
----------------------------------
EPISODE:  106
EPISODE:  107
EPISODE:  108
EPISODE:  109
----------------------------------
| time/              |           |
|    episodes        | 108       |
|    fps             | 16        |
|    time_elapsed    | 6728      |
|    total_timesteps | 108000    |
| train/             |           |
|    actor_loss      | -1.49e+05 |
|    critic_loss     | 1.03e+05  |
|    learning_rate   | 0.001     |
|    n_updates       | 107899    |
|    reward          | 1911.4169 |
----------------------------------
EPISODE:  110
EPISODE:  111
EPISODE:  112
EPISODE:  113
----------------------------------
| time/              |           |
|    episodes        | 112       |
|    fps             | 16        |
|    time_elapsed    | 6977      |
|    total_timesteps | 112000    |
| train/             |           |
|    actor_loss      | -1.45e+05 |
|    critic_loss     | 2.77e+04  |
|    learning_rate   | 0.001     |
|    n_updates       | 111899    |
|    reward          | 1911.4169 |
----------------------------------
EPISODE:  114
EPISODE:  115
EPISODE:  116
EPISODE:  117
----------------------------------
| time/              |           |
|    episodes        | 116       |
|    fps             | 16        |
|    time_elapsed    | 7227      |
|    total_timesteps | 116000    |
| train/             |           |
|    actor_loss      | -1.55e+05 |
|    critic_loss     | 1.82e+04  |
|    learning_rate   | 0.001     |
|    n_updates       | 115899    |
|    reward          | 1911.4169 |
----------------------------------
EPISODE:  118
EPISODE:  119
EPISODE:  120
EPISODE:  121
----------------------------------
| time/              |           |
|    episodes        | 120       |
|    fps             | 16        |
|    time_elapsed    | 7478      |
|    total_timesteps | 120000    |
| train/             |           |
|    actor_loss      | -1.43e+05 |
|    critic_loss     | 2.83e+05  |
|    learning_rate   | 0.001     |
|    n_updates       | 119899    |
|    reward          | 1911.4169 |
----------------------------------
EPISODE:  122
EPISODE:  123
EPISODE:  124
EPISODE:  125
----------------------------------
| time/              |           |
|    episodes        | 124       |
|    fps             | 16        |
|    time_elapsed    | 7727      |
|    total_timesteps | 124000    |
| train/             |           |
|    actor_loss      | -1.5e+05  |
|    critic_loss     | 1.32e+05  |
|    learning_rate   | 0.001     |
|    n_updates       | 123899    |
|    reward          | 1911.4169 |
----------------------------------
EPISODE:  126
EPISODE:  127
EPISODE:  128
EPISODE:  129
----------------------------------
| time/              |           |
|    episodes        | 128       |
|    fps             | 16        |
|    time_elapsed    | 7977      |
|    total_timesteps | 128000    |
| train/             |           |
|    actor_loss      | -1.46e+05 |
|    critic_loss     | 1.47e+04  |
|    learning_rate   | 0.001     |
|    n_updates       | 127899    |
|    reward          | 1911.4169 |
----------------------------------
EPISODE:  130
EPISODE:  131
EPISODE:  132
EPISODE:  133
----------------------------------
| time/              |           |
|    episodes        | 132       |
|    fps             | 16        |
|    time_elapsed    | 8226      |
|    total_timesteps | 132000    |
| train/             |           |
|    actor_loss      | -1.42e+05 |
|    critic_loss     | 7.89e+03  |
|    learning_rate   | 0.001     |
|    n_updates       | 131899    |
|    reward          | 1911.4169 |
----------------------------------
EPISODE:  134
EPISODE:  135
EPISODE:  136
EPISODE:  137
----------------------------------
| time/              |           |
|    episodes        | 136       |
|    fps             | 16        |
|    time_elapsed    | 8477      |
|    total_timesteps | 136000    |
| train/             |           |
|    actor_loss      | -1.47e+05 |
|    critic_loss     | 9.68e+04  |
|    learning_rate   | 0.001     |
|    n_updates       | 135899    |
|    reward          | 1911.4169 |
----------------------------------
EPISODE:  138
EPISODE:  139
EPISODE:  140
EPISODE:  141
----------------------------------
| time/              |           |
|    episodes        | 140       |
|    fps             | 16        |
|    time_elapsed    | 8727      |
|    total_timesteps | 140000    |
| train/             |           |
|    actor_loss      | -1.37e+05 |
|    critic_loss     | 5.81e+04  |
|    learning_rate   | 0.001     |
|    n_updates       | 139899    |
|    reward          | 1911.4169 |
----------------------------------
EPISODE:  142
EPISODE:  143
EPISODE:  144
EPISODE:  145
----------------------------------
| time/              |           |
|    episodes        | 144       |
|    fps             | 16        |
|    time_elapsed    | 8977      |
|    total_timesteps | 144000    |
| train/             |           |
|    actor_loss      | -1.46e+05 |
|    critic_loss     | 4.56e+03  |
|    learning_rate   | 0.001     |
|    n_updates       | 143899    |
|    reward          | 1911.4169 |
----------------------------------
EPISODE:  146
EPISODE:  147
EPISODE:  148
EPISODE:  149
----------------------------------
| time/              |           |
|    episodes        | 148       |
|    fps             | 16        |
|    time_elapsed    | 9227      |
|    total_timesteps | 148000    |
| train/             |           |
|    actor_loss      | -1.49e+05 |
|    critic_loss     | 1.56e+04  |
|    learning_rate   | 0.001     |
|    n_updates       | 147899    |
|    reward          | 1911.4169 |
----------------------------------
EPISODE:  150
EPISODE:  151
EPISODE:  152
EPISODE:  153
----------------------------------
| time/              |           |
|    episodes        | 152       |
|    fps             | 16        |
|    time_elapsed    | 9478      |
|    total_timesteps | 152000    |
| train/             |           |
|    actor_loss      | -1.5e+05  |
|    critic_loss     | 5.33e+03  |
|    learning_rate   | 0.001     |
|    n_updates       | 151899    |
|    reward          | 1911.4169 |
----------------------------------
EPISODE:  154
EPISODE:  155
EPISODE:  156
EPISODE:  157
----------------------------------
| time/              |           |
|    episodes        | 156       |
|    fps             | 16        |
|    time_elapsed    | 9728      |
|    total_timesteps | 156000    |
| train/             |           |
|    actor_loss      | -1.42e+05 |
|    critic_loss     | 7.93e+03  |
|    learning_rate   | 0.001     |
|    n_updates       | 155899    |
|    reward          | 1911.4169 |
----------------------------------
EPISODE:  158
EPISODE:  159
EPISODE:  160
EPISODE:  161
----------------------------------
| time/              |           |
|    episodes        | 160       |
|    fps             | 16        |
|    time_elapsed    | 9977      |
|    total_timesteps | 160000    |
| train/             |           |
|    actor_loss      | -1.46e+05 |
|    critic_loss     | 1.21e+05  |
|    learning_rate   | 0.001     |
|    n_updates       | 159899    |
|    reward          | 1911.4169 |
----------------------------------
EPISODE:  162
EPISODE:  163
EPISODE:  164
EPISODE:  165
----------------------------------
| time/              |           |
|    episodes        | 164       |
|    fps             | 16        |
|    time_elapsed    | 10229     |
|    total_timesteps | 164000    |
| train/             |           |
|    actor_loss      | -1.49e+05 |
|    critic_loss     | 7.52e+04  |
|    learning_rate   | 0.001     |
|    n_updates       | 163899    |
|    reward          | 1911.4169 |
----------------------------------
EPISODE:  166
EPISODE:  167
EPISODE:  168
EPISODE:  169
----------------------------------
| time/              |           |
|    episodes        | 168       |
|    fps             | 16        |
|    time_elapsed    | 10479     |
|    total_timesteps | 168000    |
| train/             |           |
|    actor_loss      | -1.46e+05 |
|    critic_loss     | 2.15e+04  |
|    learning_rate   | 0.001     |
|    n_updates       | 167899    |
|    reward          | 1911.4169 |
----------------------------------
EPISODE:  170
EPISODE:  171
EPISODE:  172
EPISODE:  173
----------------------------------
| time/              |           |
|    episodes        | 172       |
|    fps             | 16        |
|    time_elapsed    | 10728     |
|    total_timesteps | 172000    |
| train/             |           |
|    actor_loss      | -1.44e+05 |
|    critic_loss     | 2.06e+05  |
|    learning_rate   | 0.001     |
|    n_updates       | 171899    |
|    reward          | 1911.4169 |
----------------------------------
EPISODE:  174
EPISODE:  175
EPISODE:  176
EPISODE:  177
----------------------------------
| time/              |           |
|    episodes        | 176       |
|    fps             | 16        |
|    time_elapsed    | 10978     |
|    total_timesteps | 176000    |
| train/             |           |
|    actor_loss      | -1.45e+05 |
|    critic_loss     | 7.43e+04  |
|    learning_rate   | 0.001     |
|    n_updates       | 175899    |
|    reward          | 1911.4169 |
----------------------------------
EPISODE:  178
EPISODE:  179
EPISODE:  180
EPISODE:  181
----------------------------------
| time/              |           |
|    episodes        | 180       |
|    fps             | 16        |
|    time_elapsed    | 11230     |
|    total_timesteps | 180000    |
| train/             |           |
|    actor_loss      | -1.46e+05 |
|    critic_loss     | 1.09e+05  |
|    learning_rate   | 0.001     |
|    n_updates       | 179899    |
|    reward          | 1911.4169 |
----------------------------------
EPISODE:  182
EPISODE:  183
EPISODE:  184
EPISODE:  185
----------------------------------
| time/              |           |
|    episodes        | 184       |
|    fps             | 16        |
|    time_elapsed    | 11480     |
|    total_timesteps | 184000    |
| train/             |           |
|    actor_loss      | -1.51e+05 |
|    critic_loss     | 1.5e+04   |
|    learning_rate   | 0.001     |
|    n_updates       | 183899    |
|    reward          | 1911.4169 |
----------------------------------
EPISODE:  186
EPISODE:  187
EPISODE:  188
EPISODE:  189
----------------------------------
| time/              |           |
|    episodes        | 188       |
|    fps             | 16        |
|    time_elapsed    | 11729     |
|    total_timesteps | 188000    |
| train/             |           |
|    actor_loss      | -1.48e+05 |
|    critic_loss     | 2.61e+05  |
|    learning_rate   | 0.001     |
|    n_updates       | 187899    |
|    reward          | 1911.4169 |
----------------------------------
EPISODE:  190
EPISODE:  191
EPISODE:  192
EPISODE:  193
----------------------------------
| time/              |           |
|    episodes        | 192       |
|    fps             | 16        |
|    time_elapsed    | 11979     |
|    total_timesteps | 192000    |
| train/             |           |
|    actor_loss      | -1.45e+05 |
|    critic_loss     | 1.77e+04  |
|    learning_rate   | 0.001     |
|    n_updates       | 191899    |
|    reward          | 1911.4169 |
----------------------------------
EPISODE:  194
EPISODE:  195
EPISODE:  196
EPISODE:  197
----------------------------------
| time/              |           |
|    episodes        | 196       |
|    fps             | 16        |
|    time_elapsed    | 12230     |
|    total_timesteps | 196000    |
| train/             |           |
|    actor_loss      | -1.43e+05 |
|    critic_loss     | 2.89e+05  |
|    learning_rate   | 0.001     |
|    n_updates       | 195899    |
|    reward          | 1911.4169 |
----------------------------------
EPISODE:  198
EPISODE:  199
EPISODE:  200
EPISODE:  201
----------------------------------
| time/              |           |
|    episodes        | 200       |
|    fps             | 16        |
|    time_elapsed    | 12480     |
|    total_timesteps | 200000    |
| train/             |           |
|    actor_loss      | -1.43e+05 |
|    critic_loss     | 3.25e+05  |
|    learning_rate   | 0.001     |
|    n_updates       | 199899    |
|    reward          | 1911.4169 |
----------------------------------
EPISODE:  202
EPISODE:  203
EPISODE:  204
EPISODE:  205
----------------------------------
| time/              |           |
|    episodes        | 204       |
|    fps             | 16        |
|    time_elapsed    | 12730     |
|    total_timesteps | 204000    |
| train/             |           |
|    actor_loss      | -1.42e+05 |
|    critic_loss     | 3.71e+04  |
|    learning_rate   | 0.001     |
|    n_updates       | 203899    |
|    reward          | 1911.4169 |
----------------------------------
EPISODE:  206
EPISODE:  207
EPISODE:  208
EPISODE:  209
----------------------------------
| time/              |           |
|    episodes        | 208       |
|    fps             | 16        |
|    time_elapsed    | 12980     |
|    total_timesteps | 208000    |
| train/             |           |
|    actor_loss      | -1.45e+05 |
|    critic_loss     | 5.47e+05  |
|    learning_rate   | 0.001     |
|    n_updates       | 207899    |
|    reward          | 1911.4169 |
----------------------------------
EPISODE:  210
EPISODE:  211
EPISODE:  212
EPISODE:  213
----------------------------------
| time/              |           |
|    episodes        | 212       |
|    fps             | 16        |
|    time_elapsed    | 13231     |
|    total_timesteps | 212000    |
| train/             |           |
|    actor_loss      | -1.44e+05 |
|    critic_loss     | 2.74e+03  |
|    learning_rate   | 0.001     |
|    n_updates       | 211899    |
|    reward          | 1911.4169 |
----------------------------------
EPISODE:  214
EPISODE:  215
EPISODE:  216
EPISODE:  217
----------------------------------
| time/              |           |
|    episodes        | 216       |
|    fps             | 16        |
|    time_elapsed    | 13481     |
|    total_timesteps | 216000    |
| train/             |           |
|    actor_loss      | -1.46e+05 |
|    critic_loss     | 2.97e+03  |
|    learning_rate   | 0.001     |
|    n_updates       | 215899    |
|    reward          | 1911.4169 |
----------------------------------
EPISODE:  218
EPISODE:  219
EPISODE:  220
EPISODE:  221
----------------------------------
| time/              |           |
|    episodes        | 220       |
|    fps             | 16        |
|    time_elapsed    | 13731     |
|    total_timesteps | 220000    |
| train/             |           |
|    actor_loss      | -1.49e+05 |
|    critic_loss     | 1.38e+05  |
|    learning_rate   | 0.001     |
|    n_updates       | 219899    |
|    reward          | 1911.4169 |
----------------------------------
EPISODE:  222
EPISODE:  223
EPISODE:  224
EPISODE:  225
----------------------------------
| time/              |           |
|    episodes        | 224       |
|    fps             | 16        |
|    time_elapsed    | 13982     |
|    total_timesteps | 224000    |
| train/             |           |
|    actor_loss      | -1.44e+05 |
|    critic_loss     | 8.12e+04  |
|    learning_rate   | 0.001     |
|    n_updates       | 223899    |
|    reward          | 1911.4169 |
----------------------------------
EPISODE:  226
EPISODE:  227
EPISODE:  228
EPISODE:  229
----------------------------------
| time/              |           |
|    episodes        | 228       |
|    fps             | 16        |
|    time_elapsed    | 14232     |
|    total_timesteps | 228000    |
| train/             |           |
|    actor_loss      | -1.42e+05 |
|    critic_loss     | 6.56e+03  |
|    learning_rate   | 0.001     |
|    n_updates       | 227899    |
|    reward          | 1911.4169 |
----------------------------------
EPISODE:  230
EPISODE:  231
EPISODE:  232
EPISODE:  233
----------------------------------
| time/              |           |
|    episodes        | 232       |
|    fps             | 16        |
|    time_elapsed    | 14482     |
|    total_timesteps | 232000    |
| train/             |           |
|    actor_loss      | -1.44e+05 |
|    critic_loss     | 6.44e+03  |
|    learning_rate   | 0.001     |
|    n_updates       | 231899    |
|    reward          | 1911.4169 |
----------------------------------
EPISODE:  234
EPISODE:  235
EPISODE:  236
EPISODE:  237
----------------------------------
| time/              |           |
|    episodes        | 236       |
|    fps             | 16        |
|    time_elapsed    | 14732     |
|    total_timesteps | 236000    |
| train/             |           |
|    actor_loss      | -1.41e+05 |
|    critic_loss     | 1.8e+05   |
|    learning_rate   | 0.001     |
|    n_updates       | 235899    |
|    reward          | 1911.4169 |
----------------------------------
EPISODE:  238
EPISODE:  239
EPISODE:  240
EPISODE:  241
----------------------------------
| time/              |           |
|    episodes        | 240       |
|    fps             | 16        |
|    time_elapsed    | 14983     |
|    total_timesteps | 240000    |
| train/             |           |
|    actor_loss      | -1.45e+05 |
|    critic_loss     | 5.26e+05  |
|    learning_rate   | 0.001     |
|    n_updates       | 239899    |
|    reward          | 1911.4169 |
----------------------------------
EPISODE:  242
EPISODE:  243
EPISODE:  244
EPISODE:  245
----------------------------------
| time/              |           |
|    episodes        | 244       |
|    fps             | 16        |
|    time_elapsed    | 15234     |
|    total_timesteps | 244000    |
| train/             |           |
|    actor_loss      | -1.45e+05 |
|    critic_loss     | 1.64e+04  |
|    learning_rate   | 0.001     |
|    n_updates       | 243899    |
|    reward          | 1911.4169 |
----------------------------------
EPISODE:  246
EPISODE:  247
EPISODE:  248
EPISODE:  249
----------------------------------
| time/              |           |
|    episodes        | 248       |
|    fps             | 16        |
|    time_elapsed    | 15483     |
|    total_timesteps | 248000    |
| train/             |           |
|    actor_loss      | -1.42e+05 |
|    critic_loss     | 5.07e+03  |
|    learning_rate   | 0.001     |
|    n_updates       | 247899    |
|    reward          | 1911.4169 |
----------------------------------
EPISODE:  250
EPISODE:  251
EPISODE:  252
EPISODE:  253
----------------------------------
| time/              |           |
|    episodes        | 252       |
|    fps             | 16        |
|    time_elapsed    | 15733     |
|    total_timesteps | 252000    |
| train/             |           |
|    actor_loss      | -1.42e+05 |
|    critic_loss     | 1.69e+05  |
|    learning_rate   | 0.001     |
|    n_updates       | 251899    |
|    reward          | 1911.4169 |
----------------------------------
EPISODE:  254
EPISODE:  255
EPISODE:  256
EPISODE:  257
----------------------------------
| time/              |           |
|    episodes        | 256       |
|    fps             | 16        |
|    time_elapsed    | 15984     |
|    total_timesteps | 256000    |
| train/             |           |
|    actor_loss      | -1.45e+05 |
|    critic_loss     | 2.96e+05  |
|    learning_rate   | 0.001     |
|    n_updates       | 255899    |
|    reward          | 1911.4169 |
----------------------------------
EPISODE:  258
EPISODE:  259
EPISODE:  260
EPISODE:  261
----------------------------------
| time/              |           |
|    episodes        | 260       |
|    fps             | 16        |
|    time_elapsed    | 16234     |
|    total_timesteps | 260000    |
| train/             |           |
|    actor_loss      | -1.44e+05 |
|    critic_loss     | 5.35e+04  |
|    learning_rate   | 0.001     |
|    n_updates       | 259899    |
|    reward          | 1911.4169 |
----------------------------------
EPISODE:  262
EPISODE:  263
EPISODE:  264
EPISODE:  265
----------------------------------
| time/              |           |
|    episodes        | 264       |
|    fps             | 16        |
|    time_elapsed    | 16484     |
|    total_timesteps | 264000    |
| train/             |           |
|    actor_loss      | -1.48e+05 |
|    critic_loss     | 1.28e+04  |
|    learning_rate   | 0.001     |
|    n_updates       | 263899    |
|    reward          | 1911.4169 |
----------------------------------
EPISODE:  266
EPISODE:  267
EPISODE:  268
EPISODE:  269
----------------------------------
| time/              |           |
|    episodes        | 268       |
|    fps             | 16        |
|    time_elapsed    | 16733     |
|    total_timesteps | 268000    |
| train/             |           |
|    actor_loss      | -1.46e+05 |
|    critic_loss     | 5.47e+03  |
|    learning_rate   | 0.001     |
|    n_updates       | 267899    |
|    reward          | 1911.4169 |
----------------------------------
EPISODE:  270
EPISODE:  271
EPISODE:  272
EPISODE:  273
----------------------------------
| time/              |           |
|    episodes        | 272       |
|    fps             | 16        |
|    time_elapsed    | 16985     |
|    total_timesteps | 272000    |
| train/             |           |
|    actor_loss      | -1.45e+05 |
|    critic_loss     | 3.72e+05  |
|    learning_rate   | 0.001     |
|    n_updates       | 271899    |
|    reward          | 1911.4169 |
----------------------------------
EPISODE:  274
EPISODE:  275
EPISODE:  276
EPISODE:  277
----------------------------------
| time/              |           |
|    episodes        | 276       |
|    fps             | 16        |
|    time_elapsed    | 17235     |
|    total_timesteps | 276000    |
| train/             |           |
|    actor_loss      | -1.48e+05 |
|    critic_loss     | 4.21e+04  |
|    learning_rate   | 0.001     |
|    n_updates       | 275899    |
|    reward          | 1911.4169 |
----------------------------------
EPISODE:  278
EPISODE:  279
EPISODE:  280
EPISODE:  281
----------------------------------
| time/              |           |
|    episodes        | 280       |
|    fps             | 16        |
|    time_elapsed    | 17485     |
|    total_timesteps | 280000    |
| train/             |           |
|    actor_loss      | -1.44e+05 |
|    critic_loss     | 1.2e+05   |
|    learning_rate   | 0.001     |
|    n_updates       | 279899    |
|    reward          | 1911.4169 |
----------------------------------
EPISODE:  282
EPISODE:  283
EPISODE:  284
EPISODE:  285
----------------------------------
| time/              |           |
|    episodes        | 284       |
|    fps             | 16        |
|    time_elapsed    | 17736     |
|    total_timesteps | 284000    |
| train/             |           |
|    actor_loss      | -1.5e+05  |
|    critic_loss     | 5.3e+04   |
|    learning_rate   | 0.001     |
|    n_updates       | 283899    |
|    reward          | 1911.4169 |
----------------------------------
EPISODE:  286
EPISODE:  287
EPISODE:  288
EPISODE:  289
----------------------------------
| time/              |           |
|    episodes        | 288       |
|    fps             | 16        |
|    time_elapsed    | 17986     |
|    total_timesteps | 288000    |
| train/             |           |
|    actor_loss      | -1.47e+05 |
|    critic_loss     | 1.49e+05  |
|    learning_rate   | 0.001     |
|    n_updates       | 287899    |
|    reward          | 1911.4169 |
----------------------------------
EPISODE:  290
EPISODE:  291
EPISODE:  292
EPISODE:  293
----------------------------------
| time/              |           |
|    episodes        | 292       |
|    fps             | 16        |
|    time_elapsed    | 18235     |
|    total_timesteps | 292000    |
| train/             |           |
|    actor_loss      | -1.47e+05 |
|    critic_loss     | 1.18e+04  |
|    learning_rate   | 0.001     |
|    n_updates       | 291899    |
|    reward          | 1911.4169 |
----------------------------------
EPISODE:  294
EPISODE:  295
EPISODE:  296
EPISODE:  297
----------------------------------
| time/              |           |
|    episodes        | 296       |
|    fps             | 16        |
|    time_elapsed    | 18485     |
|    total_timesteps | 296000    |
| train/             |           |
|    actor_loss      | -1.44e+05 |
|    critic_loss     | 7.45e+03  |
|    learning_rate   | 0.001     |
|    n_updates       | 295899    |
|    reward          | 1911.4169 |
----------------------------------
EPISODE:  298
EPISODE:  299
EPISODE:  300
EPISODE:  301
----------------------------------
| time/              |           |
|    episodes        | 300       |
|    fps             | 16        |
|    time_elapsed    | 18736     |
|    total_timesteps | 300000    |
| train/             |           |
|    actor_loss      | -1.44e+05 |
|    critic_loss     | 1.35e+05  |
|    learning_rate   | 0.001     |
|    n_updates       | 299899    |
|    reward          | 1911.4169 |
----------------------------------
EPISODE:  302
EPISODE:  303
EPISODE:  304
EPISODE:  305
----------------------------------
| time/              |           |
|    episodes        | 304       |
|    fps             | 16        |
|    time_elapsed    | 18986     |
|    total_timesteps | 304000    |
| train/             |           |
|    actor_loss      | -1.43e+05 |
|    critic_loss     | 2.01e+05  |
|    learning_rate   | 0.001     |
|    n_updates       | 303899    |
|    reward          | 1911.4169 |
----------------------------------
EPISODE:  306
EPISODE:  307
EPISODE:  308
EPISODE:  309
----------------------------------
| time/              |           |
|    episodes        | 308       |
|    fps             | 16        |
|    time_elapsed    | 19236     |
|    total_timesteps | 308000    |
| train/             |           |
|    actor_loss      | -1.48e+05 |
|    critic_loss     | 1.34e+04  |
|    learning_rate   | 0.001     |
|    n_updates       | 307899    |
|    reward          | 1911.4169 |
----------------------------------
EPISODE:  310
EPISODE:  311
EPISODE:  312
EPISODE:  313
----------------------------------
| time/              |           |
|    episodes        | 312       |
|    fps             | 16        |
|    time_elapsed    | 19485     |
|    total_timesteps | 312000    |
| train/             |           |
|    actor_loss      | -1.46e+05 |
|    critic_loss     | 4.07e+04  |
|    learning_rate   | 0.001     |
|    n_updates       | 311899    |
|    reward          | 1911.4169 |
----------------------------------
EPISODE:  314
EPISODE:  315
EPISODE:  316
EPISODE:  317
----------------------------------
| time/              |           |
|    episodes        | 316       |
|    fps             | 16        |
|    time_elapsed    | 19737     |
|    total_timesteps | 316000    |
| train/             |           |
|    actor_loss      | -1.47e+05 |
|    critic_loss     | 1.41e+04  |
|    learning_rate   | 0.001     |
|    n_updates       | 315899    |
|    reward          | 1911.4169 |
----------------------------------
EPISODE:  318
EPISODE:  319
EPISODE:  320
EPISODE:  321
----------------------------------
| time/              |           |
|    episodes        | 320       |
|    fps             | 16        |
|    time_elapsed    | 19986     |
|    total_timesteps | 320000    |
| train/             |           |
|    actor_loss      | -1.45e+05 |
|    critic_loss     | 2.82e+04  |
|    learning_rate   | 0.001     |
|    n_updates       | 319899    |
|    reward          | 1911.4169 |
----------------------------------
EPISODE:  322
EPISODE:  323
EPISODE:  324
EPISODE:  325
----------------------------------
| time/              |           |
|    episodes        | 324       |
|    fps             | 16        |
|    time_elapsed    | 20236     |
|    total_timesteps | 324000    |
| train/             |           |
|    actor_loss      | -1.43e+05 |
|    critic_loss     | 3.62e+03  |
|    learning_rate   | 0.001     |
|    n_updates       | 323899    |
|    reward          | 1911.4169 |
----------------------------------
EPISODE:  326
EPISODE:  327
EPISODE:  328
EPISODE:  329
----------------------------------
| time/              |           |
|    episodes        | 328       |
|    fps             | 16        |
|    time_elapsed    | 20487     |
|    total_timesteps | 328000    |
| train/             |           |
|    actor_loss      | -1.52e+05 |
|    critic_loss     | 2.32e+04  |
|    learning_rate   | 0.001     |
|    n_updates       | 327899    |
|    reward          | 1911.4169 |
----------------------------------
EPISODE:  330
EPISODE:  331
EPISODE:  332
EPISODE:  333
----------------------------------
| time/              |           |
|    episodes        | 332       |
|    fps             | 16        |
|    time_elapsed    | 20737     |
|    total_timesteps | 332000    |
| train/             |           |
|    actor_loss      | -1.44e+05 |
|    critic_loss     | 1.94e+04  |
|    learning_rate   | 0.001     |
|    n_updates       | 331899    |
|    reward          | 1911.4169 |
----------------------------------
EPISODE:  334
EPISODE:  335
EPISODE:  336
EPISODE:  337
----------------------------------
| time/              |           |
|    episodes        | 336       |
|    fps             | 16        |
|    time_elapsed    | 20987     |
|    total_timesteps | 336000    |
| train/             |           |
|    actor_loss      | -1.48e+05 |
|    critic_loss     | 3.32e+03  |
|    learning_rate   | 0.001     |
|    n_updates       | 335899    |
|    reward          | 1911.4169 |
----------------------------------
EPISODE:  338
EPISODE:  339
EPISODE:  340
EPISODE:  341
----------------------------------
| time/              |           |
|    episodes        | 340       |
|    fps             | 16        |
|    time_elapsed    | 21237     |
|    total_timesteps | 340000    |
| train/             |           |
|    actor_loss      | -1.47e+05 |
|    critic_loss     | 1.44e+05  |
|    learning_rate   | 0.001     |
|    n_updates       | 339899    |
|    reward          | 1911.4169 |
----------------------------------
EPISODE:  342
EPISODE:  343
EPISODE:  344
EPISODE:  345
----------------------------------
| time/              |           |
|    episodes        | 344       |
|    fps             | 16        |
|    time_elapsed    | 21488     |
|    total_timesteps | 344000    |
| train/             |           |
|    actor_loss      | -1.45e+05 |
|    critic_loss     | 9.99e+03  |
|    learning_rate   | 0.001     |
|    n_updates       | 343899    |
|    reward          | 1911.4169 |
----------------------------------
EPISODE:  346
EPISODE:  347
EPISODE:  348
EPISODE:  349
----------------------------------
| time/              |           |
|    episodes        | 348       |
|    fps             | 16        |
|    time_elapsed    | 21738     |
|    total_timesteps | 348000    |
| train/             |           |
|    actor_loss      | -1.45e+05 |
|    critic_loss     | 1.4e+05   |
|    learning_rate   | 0.001     |
|    n_updates       | 347899    |
|    reward          | 1911.4169 |
----------------------------------
EPISODE:  350
EPISODE:  351
EPISODE:  352
EPISODE:  353
----------------------------------
| time/              |           |
|    episodes        | 352       |
|    fps             | 16        |
|    time_elapsed    | 21988     |
|    total_timesteps | 352000    |
| train/             |           |
|    actor_loss      | -1.49e+05 |
|    critic_loss     | 7.35e+03  |
|    learning_rate   | 0.001     |
|    n_updates       | 351899    |
|    reward          | 1911.4169 |
----------------------------------
EPISODE:  354
EPISODE:  355
EPISODE:  356
EPISODE:  357
----------------------------------
| time/              |           |
|    episodes        | 356       |
|    fps             | 16        |
|    time_elapsed    | 22238     |
|    total_timesteps | 356000    |
| train/             |           |
|    actor_loss      | -1.47e+05 |
|    critic_loss     | 1.5e+05   |
|    learning_rate   | 0.001     |
|    n_updates       | 355899    |
|    reward          | 1911.4169 |
----------------------------------
EPISODE:  358
EPISODE:  359
EPISODE:  360
EPISODE:  361
----------------------------------
| time/              |           |
|    episodes        | 360       |
|    fps             | 16        |
|    time_elapsed    | 22489     |
|    total_timesteps | 360000    |
| train/             |           |
|    actor_loss      | -1.47e+05 |
|    critic_loss     | 3.73e+04  |
|    learning_rate   | 0.001     |
|    n_updates       | 359899    |
|    reward          | 1911.4169 |
----------------------------------
EPISODE:  362
EPISODE:  363
EPISODE:  364
EPISODE:  365
----------------------------------
| time/              |           |
|    episodes        | 364       |
|    fps             | 16        |
|    time_elapsed    | 22739     |
|    total_timesteps | 364000    |
| train/             |           |
|    actor_loss      | -1.48e+05 |
|    critic_loss     | 1.22e+03  |
|    learning_rate   | 0.001     |
|    n_updates       | 363899    |
|    reward          | 1911.4169 |
----------------------------------
EPISODE:  366
EPISODE:  367
EPISODE:  368
EPISODE:  369
----------------------------------
| time/              |           |
|    episodes        | 368       |
|    fps             | 16        |
|    time_elapsed    | 22989     |
|    total_timesteps | 368000    |
| train/             |           |
|    actor_loss      | -1.47e+05 |
|    critic_loss     | 1.57e+05  |
|    learning_rate   | 0.001     |
|    n_updates       | 367899    |
|    reward          | 1911.4169 |
----------------------------------
EPISODE:  370
EPISODE:  371
EPISODE:  372
EPISODE:  373
----------------------------------
| time/              |           |
|    episodes        | 372       |
|    fps             | 16        |
|    time_elapsed    | 23239     |
|    total_timesteps | 372000    |
| train/             |           |
|    actor_loss      | -1.46e+05 |
|    critic_loss     | 2.51e+04  |
|    learning_rate   | 0.001     |
|    n_updates       | 371899    |
|    reward          | 1911.4169 |
----------------------------------
EPISODE:  374
EPISODE:  375
EPISODE:  376
EPISODE:  377
----------------------------------
| time/              |           |
|    episodes        | 376       |
|    fps             | 16        |
|    time_elapsed    | 23490     |
|    total_timesteps | 376000    |
| train/             |           |
|    actor_loss      | -1.46e+05 |
|    critic_loss     | 2.26e+05  |
|    learning_rate   | 0.001     |
|    n_updates       | 375899    |
|    reward          | 1911.4169 |
----------------------------------
EPISODE:  378
EPISODE:  379
EPISODE:  380
EPISODE:  381
----------------------------------
| time/              |           |
|    episodes        | 380       |
|    fps             | 16        |
|    time_elapsed    | 23740     |
|    total_timesteps | 380000    |
| train/             |           |
|    actor_loss      | -1.4e+05  |
|    critic_loss     | 3.88e+04  |
|    learning_rate   | 0.001     |
|    n_updates       | 379899    |
|    reward          | 1911.4169 |
----------------------------------
EPISODE:  382
EPISODE:  383
EPISODE:  384
EPISODE:  385
----------------------------------
| time/              |           |
|    episodes        | 384       |
|    fps             | 16        |
|    time_elapsed    | 23990     |
|    total_timesteps | 384000    |
| train/             |           |
|    actor_loss      | -1.45e+05 |
|    critic_loss     | 5.66e+04  |
|    learning_rate   | 0.001     |
|    n_updates       | 383899    |
|    reward          | 1911.4169 |
----------------------------------
EPISODE:  386
EPISODE:  387
EPISODE:  388
EPISODE:  389
----------------------------------
| time/              |           |
|    episodes        | 388       |
|    fps             | 16        |
|    time_elapsed    | 24241     |
|    total_timesteps | 388000    |
| train/             |           |
|    actor_loss      | -1.46e+05 |
|    critic_loss     | 1.91e+05  |
|    learning_rate   | 0.001     |
|    n_updates       | 387899    |
|    reward          | 1911.4169 |
----------------------------------
EPISODE:  390
EPISODE:  391
EPISODE:  392
EPISODE:  393
----------------------------------
| time/              |           |
|    episodes        | 392       |
|    fps             | 16        |
|    time_elapsed    | 24491     |
|    total_timesteps | 392000    |
| train/             |           |
|    actor_loss      | -1.46e+05 |
|    critic_loss     | 1.3e+04   |
|    learning_rate   | 0.001     |
|    n_updates       | 391899    |
|    reward          | 1911.4169 |
----------------------------------
EPISODE:  394
EPISODE:  395
EPISODE:  396
EPISODE:  397
----------------------------------
| time/              |           |
|    episodes        | 396       |
|    fps             | 16        |
|    time_elapsed    | 24741     |
|    total_timesteps | 396000    |
| train/             |           |
|    actor_loss      | -1.45e+05 |
|    critic_loss     | 8.77e+04  |
|    learning_rate   | 0.001     |
|    n_updates       | 395899    |
|    reward          | 1911.4169 |
----------------------------------
EPISODE:  398
EPISODE:  399
EPISODE:  400
EPISODE:  401
----------------------------------
| time/              |           |
|    episodes        | 400       |
|    fps             | 16        |
|    time_elapsed    | 24992     |
|    total_timesteps | 400000    |
| train/             |           |
|    actor_loss      | -1.52e+05 |
|    critic_loss     | 2.16e+04  |
|    learning_rate   | 0.001     |
|    n_updates       | 399899    |
|    reward          | 1911.4169 |
----------------------------------
EPISODE:  402
EPISODE:  403
EPISODE:  404
EPISODE:  405
----------------------------------
| time/              |           |
|    episodes        | 404       |
|    fps             | 16        |
|    time_elapsed    | 25243     |
|    total_timesteps | 404000    |
| train/             |           |
|    actor_loss      | -1.49e+05 |
|    critic_loss     | 8.9e+05   |
|    learning_rate   | 0.001     |
|    n_updates       | 403899    |
|    reward          | 1911.4169 |
----------------------------------
EPISODE:  406
EPISODE:  407
EPISODE:  408
EPISODE:  409
----------------------------------
| time/              |           |
|    episodes        | 408       |
|    fps             | 16        |
|    time_elapsed    | 25493     |
|    total_timesteps | 408000    |
| train/             |           |
|    actor_loss      | -1.43e+05 |
|    critic_loss     | 2.79e+05  |
|    learning_rate   | 0.001     |
|    n_updates       | 407899    |
|    reward          | 1911.4169 |
----------------------------------
EPISODE:  410
EPISODE:  411
EPISODE:  412
EPISODE:  413
----------------------------------
| time/              |           |
|    episodes        | 412       |
|    fps             | 16        |
|    time_elapsed    | 25743     |
|    total_timesteps | 412000    |
| train/             |           |
|    actor_loss      | -1.5e+05  |
|    critic_loss     | 1.22e+05  |
|    learning_rate   | 0.001     |
|    n_updates       | 411899    |
|    reward          | 1911.4169 |
----------------------------------
EPISODE:  414
EPISODE:  415
EPISODE:  416
EPISODE:  417
----------------------------------
| time/              |           |
|    episodes        | 416       |
|    fps             | 16        |
|    time_elapsed    | 25993     |
|    total_timesteps | 416000    |
| train/             |           |
|    actor_loss      | -1.42e+05 |
|    critic_loss     | 1.84e+05  |
|    learning_rate   | 0.001     |
|    n_updates       | 415899    |
|    reward          | 1911.4169 |
----------------------------------
EPISODE:  418
EPISODE:  419
EPISODE:  420
EPISODE:  421
----------------------------------
| time/              |           |
|    episodes        | 420       |
|    fps             | 16        |
|    time_elapsed    | 26244     |
|    total_timesteps | 420000    |
| train/             |           |
|    actor_loss      | -1.45e+05 |
|    critic_loss     | 4.1e+04   |
|    learning_rate   | 0.001     |
|    n_updates       | 419899    |
|    reward          | 1911.4169 |
----------------------------------
EPISODE:  422
EPISODE:  423
EPISODE:  424
EPISODE:  425
----------------------------------
| time/              |           |
|    episodes        | 424       |
|    fps             | 16        |
|    time_elapsed    | 26494     |
|    total_timesteps | 424000    |
| train/             |           |
|    actor_loss      | -1.44e+05 |
|    critic_loss     | 2.54e+05  |
|    learning_rate   | 0.001     |
|    n_updates       | 423899    |
|    reward          | 1911.4169 |
----------------------------------
EPISODE:  426
EPISODE:  427
EPISODE:  428
EPISODE:  429
----------------------------------
| time/              |           |
|    episodes        | 428       |
|    fps             | 16        |
|    time_elapsed    | 26744     |
|    total_timesteps | 428000    |
| train/             |           |
|    actor_loss      | -1.45e+05 |
|    critic_loss     | 8.13e+05  |
|    learning_rate   | 0.001     |
|    n_updates       | 427899    |
|    reward          | 1911.4169 |
----------------------------------
EPISODE:  430
EPISODE:  431
EPISODE:  432
EPISODE:  433
----------------------------------
| time/              |           |
|    episodes        | 432       |
|    fps             | 16        |
|    time_elapsed    | 26994     |
|    total_timesteps | 432000    |
| train/             |           |
|    actor_loss      | -1.47e+05 |
|    critic_loss     | 2.87e+04  |
|    learning_rate   | 0.001     |
|    n_updates       | 431899    |
|    reward          | 1911.4169 |
----------------------------------
EPISODE:  434
EPISODE:  435
EPISODE:  436
EPISODE:  437
----------------------------------
| time/              |           |
|    episodes        | 436       |
|    fps             | 16        |
|    time_elapsed    | 27245     |
|    total_timesteps | 436000    |
| train/             |           |
|    actor_loss      | -1.45e+05 |
|    critic_loss     | 8.06e+04  |
|    learning_rate   | 0.001     |
|    n_updates       | 435899    |
|    reward          | 1911.4169 |
----------------------------------
EPISODE:  438
EPISODE:  439
EPISODE:  440
EPISODE:  441
----------------------------------
| time/              |           |
|    episodes        | 440       |
|    fps             | 16        |
|    time_elapsed    | 27495     |
|    total_timesteps | 440000    |
| train/             |           |
|    actor_loss      | -1.49e+05 |
|    critic_loss     | 2.26e+03  |
|    learning_rate   | 0.001     |
|    n_updates       | 439899    |
|    reward          | 1911.4169 |
----------------------------------
EPISODE:  442
EPISODE:  443
EPISODE:  444
EPISODE:  445
----------------------------------
| time/              |           |
|    episodes        | 444       |
|    fps             | 16        |
|    time_elapsed    | 27745     |
|    total_timesteps | 444000    |
| train/             |           |
|    actor_loss      | -1.49e+05 |
|    critic_loss     | 9.19e+03  |
|    learning_rate   | 0.001     |
|    n_updates       | 443899    |
|    reward          | 1911.4169 |
----------------------------------
EPISODE:  446
EPISODE:  447
EPISODE:  448
EPISODE:  449
----------------------------------
| time/              |           |
|    episodes        | 448       |
|    fps             | 16        |
|    time_elapsed    | 27996     |
|    total_timesteps | 448000    |
| train/             |           |
|    actor_loss      | -1.44e+05 |
|    critic_loss     | 1.26e+04  |
|    learning_rate   | 0.001     |
|    n_updates       | 447899    |
|    reward          | 1911.4169 |
----------------------------------
EPISODE:  450
EPISODE:  451
EPISODE:  452
EPISODE:  453
----------------------------------
| time/              |           |
|    episodes        | 452       |
|    fps             | 16        |
|    time_elapsed    | 28246     |
|    total_timesteps | 452000    |
| train/             |           |
|    actor_loss      | -1.46e+05 |
|    critic_loss     | 2.17e+04  |
|    learning_rate   | 0.001     |
|    n_updates       | 451899    |
|    reward          | 1911.4169 |
----------------------------------
EPISODE:  454
EPISODE:  455
EPISODE:  456
EPISODE:  457
----------------------------------
| time/              |           |
|    episodes        | 456       |
|    fps             | 16        |
|    time_elapsed    | 28496     |
|    total_timesteps | 456000    |
| train/             |           |
|    actor_loss      | -1.45e+05 |
|    critic_loss     | 8.02e+03  |
|    learning_rate   | 0.001     |
|    n_updates       | 455899    |
|    reward          | 1911.4169 |
----------------------------------
EPISODE:  458
EPISODE:  459
EPISODE:  460
EPISODE:  461
----------------------------------
| time/              |           |
|    episodes        | 460       |
|    fps             | 16        |
|    time_elapsed    | 28746     |
|    total_timesteps | 460000    |
| train/             |           |
|    actor_loss      | -1.48e+05 |
|    critic_loss     | 7.94e+04  |
|    learning_rate   | 0.001     |
|    n_updates       | 459899    |
|    reward          | 1911.4169 |
----------------------------------
EPISODE:  462
EPISODE:  463
EPISODE:  464
EPISODE:  465
----------------------------------
| time/              |           |
|    episodes        | 464       |
|    fps             | 16        |
|    time_elapsed    | 28997     |
|    total_timesteps | 464000    |
| train/             |           |
|    actor_loss      | -1.46e+05 |
|    critic_loss     | 3.95e+04  |
|    learning_rate   | 0.001     |
|    n_updates       | 463899    |
|    reward          | 1911.4169 |
----------------------------------
EPISODE:  466
EPISODE:  467
EPISODE:  468
EPISODE:  469
----------------------------------
| time/              |           |
|    episodes        | 468       |
|    fps             | 16        |
|    time_elapsed    | 29247     |
|    total_timesteps | 468000    |
| train/             |           |
|    actor_loss      | -1.46e+05 |
|    critic_loss     | 8.01e+04  |
|    learning_rate   | 0.001     |
|    n_updates       | 467899    |
|    reward          | 1911.4169 |
----------------------------------
EPISODE:  470
EPISODE:  471
EPISODE:  472
EPISODE:  473
----------------------------------
| time/              |           |
|    episodes        | 472       |
|    fps             | 16        |
|    time_elapsed    | 29497     |
|    total_timesteps | 472000    |
| train/             |           |
|    actor_loss      | -1.42e+05 |
|    critic_loss     | 7.27e+05  |
|    learning_rate   | 0.001     |
|    n_updates       | 471899    |
|    reward          | 1911.4169 |
----------------------------------
EPISODE:  474
EPISODE:  475
EPISODE:  476
EPISODE:  477
----------------------------------
| time/              |           |
|    episodes        | 476       |
|    fps             | 16        |
|    time_elapsed    | 29748     |
|    total_timesteps | 476000    |
| train/             |           |
|    actor_loss      | -1.5e+05  |
|    critic_loss     | 2.32e+03  |
|    learning_rate   | 0.001     |
|    n_updates       | 475899    |
|    reward          | 1911.4169 |
----------------------------------
EPISODE:  478
EPISODE:  479
EPISODE:  480
EPISODE:  481
----------------------------------
| time/              |           |
|    episodes        | 480       |
|    fps             | 16        |
|    time_elapsed    | 29999     |
|    total_timesteps | 480000    |
| train/             |           |
|    actor_loss      | -1.5e+05  |
|    critic_loss     | 2.48e+04  |
|    learning_rate   | 0.001     |
|    n_updates       | 479899    |
|    reward          | 1911.4169 |
----------------------------------
EPISODE:  482
EPISODE:  483
EPISODE:  484
EPISODE:  485
----------------------------------
| time/              |           |
|    episodes        | 484       |
|    fps             | 16        |
|    time_elapsed    | 30249     |
|    total_timesteps | 484000    |
| train/             |           |
|    actor_loss      | -1.41e+05 |
|    critic_loss     | 4.33e+05  |
|    learning_rate   | 0.001     |
|    n_updates       | 483899    |
|    reward          | 1911.4169 |
----------------------------------
EPISODE:  486
EPISODE:  487
EPISODE:  488
EPISODE:  489
----------------------------------
| time/              |           |
|    episodes        | 488       |
|    fps             | 16        |
|    time_elapsed    | 30499     |
|    total_timesteps | 488000    |
| train/             |           |
|    actor_loss      | -1.4e+05  |
|    critic_loss     | 7.21e+05  |
|    learning_rate   | 0.001     |
|    n_updates       | 487899    |
|    reward          | 1911.4169 |
----------------------------------
EPISODE:  490
EPISODE:  491
EPISODE:  492
EPISODE:  493
----------------------------------
| time/              |           |
|    episodes        | 492       |
|    fps             | 15        |
|    time_elapsed    | 30750     |
|    total_timesteps | 492000    |
| train/             |           |
|    actor_loss      | -1.4e+05  |
|    critic_loss     | 9.07e+04  |
|    learning_rate   | 0.001     |
|    n_updates       | 491899    |
|    reward          | 1911.4169 |
----------------------------------
EPISODE:  494
EPISODE:  495
EPISODE:  496
EPISODE:  497
----------------------------------
| time/              |           |
|    episodes        | 496       |
|    fps             | 15        |
|    time_elapsed    | 31000     |
|    total_timesteps | 496000    |
| train/             |           |
|    actor_loss      | -1.44e+05 |
|    critic_loss     | 7.88e+03  |
|    learning_rate   | 0.001     |
|    n_updates       | 495899    |
|    reward          | 1911.4169 |
----------------------------------
EPISODE:  498
EPISODE:  499
EPISODE:  500
EPISODE:  501
----------------------------------
| time/              |           |
|    episodes        | 500       |
|    fps             | 16        |
|    time_elapsed    | 31247     |
|    total_timesteps | 500000    |
| train/             |           |
|    actor_loss      | -1.44e+05 |
|    critic_loss     | 1.15e+05  |
|    learning_rate   | 0.001     |
|    n_updates       | 499899    |
|    reward          | 1911.4169 |
----------------------------------
Saved episode log to Results/4_1/ddpg/upward/training_logs/02.csv
