EPISODE:  0
{'batch_size': 128, 'buffer_size': 1000000, 'learning_rate': 0.0001, 'learning_starts': 100, 'ent_coef': 'auto_0.1'}
Using cuda device
EPISODE:  1
EPISODE:  2
EPISODE:  3
EPISODE:  4
EPISODE:  5
----------------------------------
| time/              |           |
|    episodes        | 4         |
|    fps             | 8         |
|    time_elapsed    | 478       |
|    total_timesteps | 4000      |
| train/             |           |
|    actor_loss      | -5.05e+04 |
|    critic_loss     | 2.28e+05  |
|    ent_coef        | 0.153     |
|    ent_coef_loss   | 35.1      |
|    learning_rate   | 0.0001    |
|    n_updates       | 3899      |
|    reward          | 5759.977  |
----------------------------------
EPISODE:  6
EPISODE:  7
EPISODE:  8
EPISODE:  9
----------------------------------
| time/              |           |
|    episodes        | 8         |
|    fps             | 8         |
|    time_elapsed    | 978       |
|    total_timesteps | 8000      |
| train/             |           |
|    actor_loss      | -1.01e+05 |
|    critic_loss     | 1.39e+05  |
|    ent_coef        | 0.229     |
|    ent_coef_loss   | 27.7      |
|    learning_rate   | 0.0001    |
|    n_updates       | 7899      |
|    reward          | 5759.977  |
----------------------------------
EPISODE:  10
EPISODE:  11
EPISODE:  12
EPISODE:  13
----------------------------------
| time/              |           |
|    episodes        | 12        |
|    fps             | 8         |
|    time_elapsed    | 1475      |
|    total_timesteps | 12000     |
| train/             |           |
|    actor_loss      | -1.38e+05 |
|    critic_loss     | 1.02e+06  |
|    ent_coef        | 0.342     |
|    ent_coef_loss   | 20.2      |
|    learning_rate   | 0.0001    |
|    n_updates       | 11899     |
|    reward          | 5759.977  |
----------------------------------
EPISODE:  14
EPISODE:  15
EPISODE:  16
EPISODE:  17
----------------------------------
| time/              |           |
|    episodes        | 16        |
|    fps             | 8         |
|    time_elapsed    | 1974      |
|    total_timesteps | 16000     |
| train/             |           |
|    actor_loss      | -1.72e+05 |
|    critic_loss     | 4.47e+05  |
|    ent_coef        | 0.51      |
|    ent_coef_loss   | 12.7      |
|    learning_rate   | 0.0001    |
|    n_updates       | 15899     |
|    reward          | 5759.977  |
----------------------------------
EPISODE:  18
EPISODE:  19
EPISODE:  20
EPISODE:  21
---------------------------------
| time/              |          |
|    episodes        | 20       |
|    fps             | 8        |
|    time_elapsed    | 2472     |
|    total_timesteps | 20000    |
| train/             |          |
|    actor_loss      | -2.1e+05 |
|    critic_loss     | 2.61e+05 |
|    ent_coef        | 0.761    |
|    ent_coef_loss   | 5.2      |
|    learning_rate   | 0.0001   |
|    n_updates       | 19899    |
|    reward          | 5759.977 |
---------------------------------
EPISODE:  22
EPISODE:  23
EPISODE:  24
EPISODE:  25
----------------------------------
| time/              |           |
|    episodes        | 24        |
|    fps             | 8         |
|    time_elapsed    | 2971      |
|    total_timesteps | 24000     |
| train/             |           |
|    actor_loss      | -2.37e+05 |
|    critic_loss     | 8.35e+05  |
|    ent_coef        | 1.13      |
|    ent_coef_loss   | -2.39     |
|    learning_rate   | 0.0001    |
|    n_updates       | 23899     |
|    reward          | 5759.977  |
----------------------------------
EPISODE:  26
EPISODE:  27
EPISODE:  28
EPISODE:  29
----------------------------------
| time/              |           |
|    episodes        | 28        |
|    fps             | 8         |
|    time_elapsed    | 3469      |
|    total_timesteps | 28000     |
| train/             |           |
|    actor_loss      | -2.46e+05 |
|    critic_loss     | 1.03e+09  |
|    ent_coef        | 1.69      |
|    ent_coef_loss   | -9.95     |
|    learning_rate   | 0.0001    |
|    n_updates       | 27899     |
|    reward          | 5759.977  |
----------------------------------
EPISODE:  30
EPISODE:  31
EPISODE:  32
EPISODE:  33
----------------------------------
| time/              |           |
|    episodes        | 32        |
|    fps             | 8         |
|    time_elapsed    | 3968      |
|    total_timesteps | 32000     |
| train/             |           |
|    actor_loss      | -2.67e+05 |
|    critic_loss     | 1.73e+06  |
|    ent_coef        | 2.53      |
|    ent_coef_loss   | -17.6     |
|    learning_rate   | 0.0001    |
|    n_updates       | 31899     |
|    reward          | 5759.977  |
----------------------------------
EPISODE:  34
EPISODE:  35
EPISODE:  36
EPISODE:  37
----------------------------------
| time/              |           |
|    episodes        | 36        |
|    fps             | 8         |
|    time_elapsed    | 4466      |
|    total_timesteps | 36000     |
| train/             |           |
|    actor_loss      | -2.71e+05 |
|    critic_loss     | 9.71e+05  |
|    ent_coef        | 3.77      |
|    ent_coef_loss   | -25.1     |
|    learning_rate   | 0.0001    |
|    n_updates       | 35899     |
|    reward          | 5759.977  |
----------------------------------
EPISODE:  38
EPISODE:  39
EPISODE:  40
EPISODE:  41
----------------------------------
| time/              |           |
|    episodes        | 40        |
|    fps             | 8         |
|    time_elapsed    | 4966      |
|    total_timesteps | 40000     |
| train/             |           |
|    actor_loss      | -2.86e+05 |
|    critic_loss     | 2.47e+05  |
|    ent_coef        | 5.62      |
|    ent_coef_loss   | -32.5     |
|    learning_rate   | 0.0001    |
|    n_updates       | 39899     |
|    reward          | 5759.977  |
----------------------------------
EPISODE:  42
EPISODE:  43
EPISODE:  44
EPISODE:  45
----------------------------------
| time/              |           |
|    episodes        | 44        |
|    fps             | 8         |
|    time_elapsed    | 5465      |
|    total_timesteps | 44000     |
| train/             |           |
|    actor_loss      | -2.87e+05 |
|    critic_loss     | 1.22e+06  |
|    ent_coef        | 8.39      |
|    ent_coef_loss   | -40       |
|    learning_rate   | 0.0001    |
|    n_updates       | 43899     |
|    reward          | 5759.977  |
----------------------------------
EPISODE:  46
EPISODE:  47
EPISODE:  48
EPISODE:  49
----------------------------------
| time/              |           |
|    episodes        | 48        |
|    fps             | 8         |
|    time_elapsed    | 5965      |
|    total_timesteps | 48000     |
| train/             |           |
|    actor_loss      | -3.01e+05 |
|    critic_loss     | 1.14e+06  |
|    ent_coef        | 12.5      |
|    ent_coef_loss   | -47.2     |
|    learning_rate   | 0.0001    |
|    n_updates       | 47899     |
|    reward          | 5759.977  |
----------------------------------
EPISODE:  50
EPISODE:  51
EPISODE:  52
EPISODE:  53
----------------------------------
| time/              |           |
|    episodes        | 52        |
|    fps             | 8         |
|    time_elapsed    | 6464      |
|    total_timesteps | 52000     |
| train/             |           |
|    actor_loss      | -3.08e+05 |
|    critic_loss     | 1.13e+06  |
|    ent_coef        | 18.7      |
|    ent_coef_loss   | -55       |
|    learning_rate   | 0.0001    |
|    n_updates       | 51899     |
|    reward          | 5759.977  |
----------------------------------
EPISODE:  54
EPISODE:  55
EPISODE:  56
EPISODE:  57
----------------------------------
| time/              |           |
|    episodes        | 56        |
|    fps             | 8         |
|    time_elapsed    | 6964      |
|    total_timesteps | 56000     |
| train/             |           |
|    actor_loss      | -3.05e+05 |
|    critic_loss     | 1.23e+09  |
|    ent_coef        | 27.8      |
|    ent_coef_loss   | -62.5     |
|    learning_rate   | 0.0001    |
|    n_updates       | 55899     |
|    reward          | 5759.977  |
----------------------------------
EPISODE:  58
EPISODE:  59
EPISODE:  60
EPISODE:  61
----------------------------------
| time/              |           |
|    episodes        | 60        |
|    fps             | 8         |
|    time_elapsed    | 7464      |
|    total_timesteps | 60000     |
| train/             |           |
|    actor_loss      | -2.88e+05 |
|    critic_loss     | 1.17e+09  |
|    ent_coef        | 41.5      |
|    ent_coef_loss   | -69.9     |
|    learning_rate   | 0.0001    |
|    n_updates       | 59899     |
|    reward          | 5759.977  |
----------------------------------
EPISODE:  62
EPISODE:  63
EPISODE:  64
EPISODE:  65
----------------------------------
| time/              |           |
|    episodes        | 64        |
|    fps             | 8         |
|    time_elapsed    | 7963      |
|    total_timesteps | 64000     |
| train/             |           |
|    actor_loss      | -2.83e+05 |
|    critic_loss     | 4.01e+05  |
|    ent_coef        | 62        |
|    ent_coef_loss   | -77.6     |
|    learning_rate   | 0.0001    |
|    n_updates       | 63899     |
|    reward          | 5759.977  |
----------------------------------
EPISODE:  66
EPISODE:  67
EPISODE:  68
EPISODE:  69
----------------------------------
| time/              |           |
|    episodes        | 68        |
|    fps             | 8         |
|    time_elapsed    | 8464      |
|    total_timesteps | 68000     |
| train/             |           |
|    actor_loss      | -2.53e+05 |
|    critic_loss     | 1.13e+06  |
|    ent_coef        | 92.5      |
|    ent_coef_loss   | -84.2     |
|    learning_rate   | 0.0001    |
|    n_updates       | 67899     |
|    reward          | 5759.977  |
----------------------------------
EPISODE:  70
EPISODE:  71
EPISODE:  72
EPISODE:  73
----------------------------------
| time/              |           |
|    episodes        | 72        |
|    fps             | 8         |
|    time_elapsed    | 8964      |
|    total_timesteps | 72000     |
| train/             |           |
|    actor_loss      | -2.24e+05 |
|    critic_loss     | 7.64e+05  |
|    ent_coef        | 138       |
|    ent_coef_loss   | -92.9     |
|    learning_rate   | 0.0001    |
|    n_updates       | 71899     |
|    reward          | 5759.977  |
----------------------------------
EPISODE:  74
EPISODE:  75
EPISODE:  76
EPISODE:  77
----------------------------------
| time/              |           |
|    episodes        | 76        |
|    fps             | 8         |
|    time_elapsed    | 9465      |
|    total_timesteps | 76000     |
| train/             |           |
|    actor_loss      | -1.86e+05 |
|    critic_loss     | 1.75e+06  |
|    ent_coef        | 206       |
|    ent_coef_loss   | -100      |
|    learning_rate   | 0.0001    |
|    n_updates       | 75899     |
|    reward          | 5759.977  |
----------------------------------
EPISODE:  78
EPISODE:  79
EPISODE:  80
EPISODE:  81
----------------------------------
| time/              |           |
|    episodes        | 80        |
|    fps             | 8         |
|    time_elapsed    | 9964      |
|    total_timesteps | 80000     |
| train/             |           |
|    actor_loss      | -1.19e+05 |
|    critic_loss     | 9.19e+05  |
|    ent_coef        | 307       |
|    ent_coef_loss   | -109      |
|    learning_rate   | 0.0001    |
|    n_updates       | 79899     |
|    reward          | 5759.977  |
----------------------------------
EPISODE:  82
EPISODE:  83
EPISODE:  84
EPISODE:  85
----------------------------------
| time/              |           |
|    episodes        | 84        |
|    fps             | 8         |
|    time_elapsed    | 10466     |
|    total_timesteps | 84000     |
| train/             |           |
|    actor_loss      | -1.19e+04 |
|    critic_loss     | 3.87e+05  |
|    ent_coef        | 458       |
|    ent_coef_loss   | -115      |
|    learning_rate   | 0.0001    |
|    n_updates       | 83899     |
|    reward          | 5759.977  |
----------------------------------
EPISODE:  86
EPISODE:  87
EPISODE:  88
EPISODE:  89
---------------------------------
| time/              |          |
|    episodes        | 88       |
|    fps             | 8        |
|    time_elapsed    | 10965    |
|    total_timesteps | 88000    |
| train/             |          |
|    actor_loss      | 1.52e+05 |
|    critic_loss     | 7.98e+05 |
|    ent_coef        | 684      |
|    ent_coef_loss   | -123     |
|    learning_rate   | 0.0001   |
|    n_updates       | 87899    |
|    reward          | 5759.977 |
---------------------------------
EPISODE:  90
EPISODE:  91
EPISODE:  92
EPISODE:  93
---------------------------------
| time/              |          |
|    episodes        | 92       |
|    fps             | 8        |
|    time_elapsed    | 11466    |
|    total_timesteps | 92000    |
| train/             |          |
|    actor_loss      | 3.81e+05 |
|    critic_loss     | 4.55e+06 |
|    ent_coef        | 1.02e+03 |
|    ent_coef_loss   | -129     |
|    learning_rate   | 0.0001   |
|    n_updates       | 91899    |
|    reward          | 5759.977 |
---------------------------------
EPISODE:  94
EPISODE:  95
EPISODE:  96
EPISODE:  97
---------------------------------
| time/              |          |
|    episodes        | 96       |
|    fps             | 8        |
|    time_elapsed    | 11966    |
|    total_timesteps | 96000    |
| train/             |          |
|    actor_loss      | 7.3e+05  |
|    critic_loss     | 4.45e+06 |
|    ent_coef        | 1.52e+03 |
|    ent_coef_loss   | -138     |
|    learning_rate   | 0.0001   |
|    n_updates       | 95899    |
|    reward          | 5759.977 |
---------------------------------
EPISODE:  98
EPISODE:  99
EPISODE:  100
EPISODE:  101
---------------------------------
| time/              |          |
|    episodes        | 100      |
|    fps             | 8        |
|    time_elapsed    | 12467    |
|    total_timesteps | 100000   |
| train/             |          |
|    actor_loss      | 1.23e+06 |
|    critic_loss     | 8.28e+09 |
|    ent_coef        | 2.27e+03 |
|    ent_coef_loss   | -144     |
|    learning_rate   | 0.0001   |
|    n_updates       | 99899    |
|    reward          | 5759.977 |
---------------------------------
EPISODE:  102
EPISODE:  103
EPISODE:  104
EPISODE:  105
---------------------------------
| time/              |          |
|    episodes        | 104      |
|    fps             | 8        |
|    time_elapsed    | 12967    |
|    total_timesteps | 104000   |
| train/             |          |
|    actor_loss      | 2e+06    |
|    critic_loss     | 6.38e+07 |
|    ent_coef        | 3.39e+03 |
|    ent_coef_loss   | -152     |
|    learning_rate   | 0.0001   |
|    n_updates       | 103899   |
|    reward          | 5759.977 |
---------------------------------
EPISODE:  106
EPISODE:  107
EPISODE:  108
EPISODE:  109
---------------------------------
| time/              |          |
|    episodes        | 108      |
|    fps             | 8        |
|    time_elapsed    | 13468    |
|    total_timesteps | 108000   |
| train/             |          |
|    actor_loss      | 3.12e+06 |
|    critic_loss     | 1.77e+08 |
|    ent_coef        | 5.06e+03 |
|    ent_coef_loss   | -161     |
|    learning_rate   | 0.0001   |
|    n_updates       | 107899   |
|    reward          | 5759.977 |
---------------------------------
EPISODE:  110
EPISODE:  111
EPISODE:  112
EPISODE:  113
---------------------------------
| time/              |          |
|    episodes        | 112      |
|    fps             | 8        |
|    time_elapsed    | 13969    |
|    total_timesteps | 112000   |
| train/             |          |
|    actor_loss      | 4.8e+06  |
|    critic_loss     | 4.79e+08 |
|    ent_coef        | 7.55e+03 |
|    ent_coef_loss   | -170     |
|    learning_rate   | 0.0001   |
|    n_updates       | 111899   |
|    reward          | 5759.977 |
---------------------------------
EPISODE:  114
EPISODE:  115
EPISODE:  116
EPISODE:  117
---------------------------------
| time/              |          |
|    episodes        | 116      |
|    fps             | 8        |
|    time_elapsed    | 14470    |
|    total_timesteps | 116000   |
| train/             |          |
|    actor_loss      | 7.28e+06 |
|    critic_loss     | 1.69e+09 |
|    ent_coef        | 1.13e+04 |
|    ent_coef_loss   | -176     |
|    learning_rate   | 0.0001   |
|    n_updates       | 115899   |
|    reward          | 5759.977 |
---------------------------------
EPISODE:  118
EPISODE:  119
EPISODE:  120
EPISODE:  121
---------------------------------
| time/              |          |
|    episodes        | 120      |
|    fps             | 8        |
|    time_elapsed    | 14971    |
|    total_timesteps | 120000   |
| train/             |          |
|    actor_loss      | 1.1e+07  |
|    critic_loss     | 4.14e+09 |
|    ent_coef        | 1.68e+04 |
|    ent_coef_loss   | -183     |
|    learning_rate   | 0.0001   |
|    n_updates       | 119899   |
|    reward          | 5759.977 |
---------------------------------
EPISODE:  122
EPISODE:  123
EPISODE:  124
EPISODE:  125
---------------------------------
| time/              |          |
|    episodes        | 124      |
|    fps             | 8        |
|    time_elapsed    | 15471    |
|    total_timesteps | 124000   |
| train/             |          |
|    actor_loss      | 1.65e+07 |
|    critic_loss     | 1.72e+10 |
|    ent_coef        | 2.51e+04 |
|    ent_coef_loss   | -190     |
|    learning_rate   | 0.0001   |
|    n_updates       | 123899   |
|    reward          | 5759.977 |
---------------------------------
EPISODE:  126
EPISODE:  127
EPISODE:  128
EPISODE:  129
---------------------------------
| time/              |          |
|    episodes        | 128      |
|    fps             | 8        |
|    time_elapsed    | 15971    |
|    total_timesteps | 128000   |
| train/             |          |
|    actor_loss      | 2.48e+07 |
|    critic_loss     | 3.86e+10 |
|    ent_coef        | 3.75e+04 |
|    ent_coef_loss   | -199     |
|    learning_rate   | 0.0001   |
|    n_updates       | 127899   |
|    reward          | 5759.977 |
---------------------------------
EPISODE:  130
EPISODE:  131
EPISODE:  132
EPISODE:  133
---------------------------------
| time/              |          |
|    episodes        | 132      |
|    fps             | 8        |
|    time_elapsed    | 16471    |
|    total_timesteps | 132000   |
| train/             |          |
|    actor_loss      | 3.69e+07 |
|    critic_loss     | 1.39e+13 |
|    ent_coef        | 5.6e+04  |
|    ent_coef_loss   | -204     |
|    learning_rate   | 0.0001   |
|    n_updates       | 131899   |
|    reward          | 5759.977 |
---------------------------------
EPISODE:  134
EPISODE:  135
EPISODE:  136
EPISODE:  137
---------------------------------
| time/              |          |
|    episodes        | 136      |
|    fps             | 8        |
|    time_elapsed    | 16972    |
|    total_timesteps | 136000   |
| train/             |          |
|    actor_loss      | 5.41e+07 |
|    critic_loss     | 6.03e+11 |
|    ent_coef        | 8.35e+04 |
|    ent_coef_loss   | -215     |
|    learning_rate   | 0.0001   |
|    n_updates       | 135899   |
|    reward          | 5759.977 |
---------------------------------
EPISODE:  138
EPISODE:  139
EPISODE:  140
EPISODE:  141
---------------------------------
| time/              |          |
|    episodes        | 140      |
|    fps             | 8        |
|    time_elapsed    | 17472    |
|    total_timesteps | 140000   |
| train/             |          |
|    actor_loss      | 8.1e+07  |
|    critic_loss     | 1.84e+12 |
|    ent_coef        | 1.25e+05 |
|    ent_coef_loss   | -220     |
|    learning_rate   | 0.0001   |
|    n_updates       | 139899   |
|    reward          | 5759.977 |
---------------------------------
EPISODE:  142
EPISODE:  143
EPISODE:  144
EPISODE:  145
---------------------------------
| time/              |          |
|    episodes        | 144      |
|    fps             | 8        |
|    time_elapsed    | 17973    |
|    total_timesteps | 144000   |
| train/             |          |
|    actor_loss      | 1.18e+08 |
|    critic_loss     | 1.91e+14 |
|    ent_coef        | 1.86e+05 |
|    ent_coef_loss   | -227     |
|    learning_rate   | 0.0001   |
|    n_updates       | 143899   |
|    reward          | 5759.977 |
---------------------------------
EPISODE:  146
EPISODE:  147
EPISODE:  148
EPISODE:  149
---------------------------------
| time/              |          |
|    episodes        | 148      |
|    fps             | 8        |
|    time_elapsed    | 18472    |
|    total_timesteps | 148000   |
| train/             |          |
|    actor_loss      | 1.76e+08 |
|    critic_loss     | 2.04e+13 |
|    ent_coef        | 2.78e+05 |
|    ent_coef_loss   | -238     |
|    learning_rate   | 0.0001   |
|    n_updates       | 147899   |
|    reward          | 5759.977 |
---------------------------------
EPISODE:  150
EPISODE:  151
EPISODE:  152
EPISODE:  153
---------------------------------
| time/              |          |
|    episodes        | 152      |
|    fps             | 8        |
|    time_elapsed    | 18973    |
|    total_timesteps | 152000   |
| train/             |          |
|    actor_loss      | 2.52e+08 |
|    critic_loss     | 1.02e+15 |
|    ent_coef        | 4.15e+05 |
|    ent_coef_loss   | -243     |
|    learning_rate   | 0.0001   |
|    n_updates       | 151899   |
|    reward          | 5759.977 |
---------------------------------
EPISODE:  154
EPISODE:  155
EPISODE:  156
EPISODE:  157
---------------------------------
| time/              |          |
|    episodes        | 156      |
|    fps             | 8        |
|    time_elapsed    | 19473    |
|    total_timesteps | 156000   |
| train/             |          |
|    actor_loss      | 3.54e+08 |
|    critic_loss     | 1.98e+14 |
|    ent_coef        | 6.19e+05 |
|    ent_coef_loss   | -252     |
|    learning_rate   | 0.0001   |
|    n_updates       | 155899   |
|    reward          | 5759.977 |
---------------------------------
EPISODE:  158
EPISODE:  159
EPISODE:  160
EPISODE:  161
---------------------------------
| time/              |          |
|    episodes        | 160      |
|    fps             | 8        |
|    time_elapsed    | 19974    |
|    total_timesteps | 160000   |
| train/             |          |
|    actor_loss      | 5.18e+08 |
|    critic_loss     | 5.22e+14 |
|    ent_coef        | 9.24e+05 |
|    ent_coef_loss   | -257     |
|    learning_rate   | 0.0001   |
|    n_updates       | 159899   |
|    reward          | 5759.977 |
---------------------------------
EPISODE:  162
EPISODE:  163
EPISODE:  164
EPISODE:  165
---------------------------------
| time/              |          |
|    episodes        | 164      |
|    fps             | 8        |
|    time_elapsed    | 20473    |
|    total_timesteps | 164000   |
| train/             |          |
|    actor_loss      | 6.89e+08 |
|    critic_loss     | 2.37e+15 |
|    ent_coef        | 1.38e+06 |
|    ent_coef_loss   | -266     |
|    learning_rate   | 0.0001   |
|    n_updates       | 163899   |
|    reward          | 5759.977 |
---------------------------------
EPISODE:  166
EPISODE:  167
EPISODE:  168
EPISODE:  169
---------------------------------
| time/              |          |
|    episodes        | 168      |
|    fps             | 8        |
|    time_elapsed    | 20974    |
|    total_timesteps | 168000   |
| train/             |          |
|    actor_loss      | 9.63e+08 |
|    critic_loss     | 2.43e+16 |
|    ent_coef        | 2.06e+06 |
|    ent_coef_loss   | -272     |
|    learning_rate   | 0.0001   |
|    n_updates       | 167899   |
|    reward          | 5759.977 |
---------------------------------
EPISODE:  170
EPISODE:  171
EPISODE:  172
EPISODE:  173
---------------------------------
| time/              |          |
|    episodes        | 172      |
|    fps             | 8        |
|    time_elapsed    | 21475    |
|    total_timesteps | 172000   |
| train/             |          |
|    actor_loss      | 1.21e+09 |
|    critic_loss     | 3.56e+16 |
|    ent_coef        | 3.07e+06 |
|    ent_coef_loss   | -281     |
|    learning_rate   | 0.0001   |
|    n_updates       | 171899   |
|    reward          | 5759.977 |
---------------------------------
EPISODE:  174
EPISODE:  175
EPISODE:  176
EPISODE:  177
---------------------------------
| time/              |          |
|    episodes        | 176      |
|    fps             | 8        |
|    time_elapsed    | 21975    |
|    total_timesteps | 176000   |
| train/             |          |
|    actor_loss      | 1.73e+09 |
|    critic_loss     | 1.12e+17 |
|    ent_coef        | 4.59e+06 |
|    ent_coef_loss   | -288     |
|    learning_rate   | 0.0001   |
|    n_updates       | 175899   |
|    reward          | 5759.977 |
---------------------------------
EPISODE:  178
EPISODE:  179
EPISODE:  180
EPISODE:  181
---------------------------------
| time/              |          |
|    episodes        | 180      |
|    fps             | 8        |
|    time_elapsed    | 22476    |
|    total_timesteps | 180000   |
| train/             |          |
|    actor_loss      | 2.26e+09 |
|    critic_loss     | 2.79e+17 |
|    ent_coef        | 6.84e+06 |
|    ent_coef_loss   | -295     |
|    learning_rate   | 0.0001   |
|    n_updates       | 179899   |
|    reward          | 5759.977 |
---------------------------------
EPISODE:  182
EPISODE:  183
EPISODE:  184
EPISODE:  185
---------------------------------
| time/              |          |
|    episodes        | 184      |
|    fps             | 8        |
|    time_elapsed    | 22976    |
|    total_timesteps | 184000   |
| train/             |          |
|    actor_loss      | 2.88e+09 |
|    critic_loss     | 6.02e+17 |
|    ent_coef        | 1.02e+07 |
|    ent_coef_loss   | -303     |
|    learning_rate   | 0.0001   |
|    n_updates       | 183899   |
|    reward          | 5759.977 |
---------------------------------
EPISODE:  186
EPISODE:  187
EPISODE:  188
EPISODE:  189
---------------------------------
| time/              |          |
|    episodes        | 188      |
|    fps             | 8        |
|    time_elapsed    | 23477    |
|    total_timesteps | 188000   |
| train/             |          |
|    actor_loss      | 3.41e+09 |
|    critic_loss     | 1.1e+18  |
|    ent_coef        | 1.52e+07 |
|    ent_coef_loss   | -312     |
|    learning_rate   | 0.0001   |
|    n_updates       | 187899   |
|    reward          | 5759.977 |
---------------------------------
EPISODE:  190
EPISODE:  191
EPISODE:  192
EPISODE:  193
---------------------------------
| time/              |          |
|    episodes        | 192      |
|    fps             | 8        |
|    time_elapsed    | 23977    |
|    total_timesteps | 192000   |
| train/             |          |
|    actor_loss      | 4.39e+09 |
|    critic_loss     | 2.17e+18 |
|    ent_coef        | 2.26e+07 |
|    ent_coef_loss   | -317     |
|    learning_rate   | 0.0001   |
|    n_updates       | 191899   |
|    reward          | 5759.977 |
---------------------------------
EPISODE:  194
EPISODE:  195
EPISODE:  196
EPISODE:  197
---------------------------------
| time/              |          |
|    episodes        | 196      |
|    fps             | 8        |
|    time_elapsed    | 24478    |
|    total_timesteps | 196000   |
| train/             |          |
|    actor_loss      | 5.84e+09 |
|    critic_loss     | 4.33e+18 |
|    ent_coef        | 3.36e+07 |
|    ent_coef_loss   | -328     |
|    learning_rate   | 0.0001   |
|    n_updates       | 195899   |
|    reward          | 5759.977 |
---------------------------------
EPISODE:  198
EPISODE:  199
EPISODE:  200
EPISODE:  201
---------------------------------
| time/              |          |
|    episodes        | 200      |
|    fps             | 8        |
|    time_elapsed    | 24979    |
|    total_timesteps | 200000   |
| train/             |          |
|    actor_loss      | 6.8e+09  |
|    critic_loss     | 7.04e+18 |
|    ent_coef        | 5e+07    |
|    ent_coef_loss   | -332     |
|    learning_rate   | 0.0001   |
|    n_updates       | 199899   |
|    reward          | 5759.977 |
---------------------------------
EPISODE:  202
EPISODE:  203
EPISODE:  204
EPISODE:  205
---------------------------------
| time/              |          |
|    episodes        | 204      |
|    fps             | 8        |
|    time_elapsed    | 25480    |
|    total_timesteps | 204000   |
| train/             |          |
|    actor_loss      | 8.24e+09 |
|    critic_loss     | 1.22e+19 |
|    ent_coef        | 7.44e+07 |
|    ent_coef_loss   | -340     |
|    learning_rate   | 0.0001   |
|    n_updates       | 203899   |
|    reward          | 5759.977 |
---------------------------------
EPISODE:  206
EPISODE:  207
EPISODE:  208
EPISODE:  209
---------------------------------
| time/              |          |
|    episodes        | 208      |
|    fps             | 8        |
|    time_elapsed    | 25980    |
|    total_timesteps | 208000   |
| train/             |          |
|    actor_loss      | 1.02e+10 |
|    critic_loss     | 2.14e+19 |
|    ent_coef        | 1.11e+08 |
|    ent_coef_loss   | -350     |
|    learning_rate   | 0.0001   |
|    n_updates       | 207899   |
|    reward          | 5759.977 |
---------------------------------
EPISODE:  210
EPISODE:  211
EPISODE:  212
EPISODE:  213
---------------------------------
| time/              |          |
|    episodes        | 212      |
|    fps             | 8        |
|    time_elapsed    | 26481    |
|    total_timesteps | 212000   |
| train/             |          |
|    actor_loss      | 1.3e+10  |
|    critic_loss     | 3.91e+19 |
|    ent_coef        | 1.65e+08 |
|    ent_coef_loss   | -356     |
|    learning_rate   | 0.0001   |
|    n_updates       | 211899   |
|    reward          | 5759.977 |
---------------------------------
EPISODE:  214
EPISODE:  215
EPISODE:  216
EPISODE:  217
---------------------------------
| time/              |          |
|    episodes        | 216      |
|    fps             | 8        |
|    time_elapsed    | 26981    |
|    total_timesteps | 216000   |
| train/             |          |
|    actor_loss      | 1.64e+10 |
|    critic_loss     | 7.15e+19 |
|    ent_coef        | 2.45e+08 |
|    ent_coef_loss   | -357     |
|    learning_rate   | 0.0001   |
|    n_updates       | 215899   |
|    reward          | 5759.977 |
---------------------------------
EPISODE:  218
EPISODE:  219
EPISODE:  220
EPISODE:  221
---------------------------------
| time/              |          |
|    episodes        | 220      |
|    fps             | 8        |
|    time_elapsed    | 27482    |
|    total_timesteps | 220000   |
| train/             |          |
|    actor_loss      | 2.01e+10 |
|    critic_loss     | 1.27e+20 |
|    ent_coef        | 3.65e+08 |
|    ent_coef_loss   | -372     |
|    learning_rate   | 0.0001   |
|    n_updates       | 219899   |
|    reward          | 5759.977 |
---------------------------------
EPISODE:  222
EPISODE:  223
EPISODE:  224
EPISODE:  225
---------------------------------
| time/              |          |
|    episodes        | 224      |
|    fps             | 8        |
|    time_elapsed    | 27983    |
|    total_timesteps | 224000   |
| train/             |          |
|    actor_loss      | 2.56e+10 |
|    critic_loss     | 2.39e+20 |
|    ent_coef        | 5.43e+08 |
|    ent_coef_loss   | -379     |
|    learning_rate   | 0.0001   |
|    n_updates       | 223899   |
|    reward          | 5759.977 |
---------------------------------
EPISODE:  226
EPISODE:  227
EPISODE:  228
EPISODE:  229
---------------------------------
| time/              |          |
|    episodes        | 228      |
|    fps             | 8        |
|    time_elapsed    | 28483    |
|    total_timesteps | 228000   |
| train/             |          |
|    actor_loss      | 3.13e+10 |
|    critic_loss     | 4.35e+20 |
|    ent_coef        | 8.08e+08 |
|    ent_coef_loss   | -384     |
|    learning_rate   | 0.0001   |
|    n_updates       | 227899   |
|    reward          | 5759.977 |
---------------------------------
EPISODE:  230
EPISODE:  231
EPISODE:  232
EPISODE:  233
---------------------------------
| time/              |          |
|    episodes        | 232      |
|    fps             | 8        |
|    time_elapsed    | 28985    |
|    total_timesteps | 232000   |
| train/             |          |
|    actor_loss      | 4.23e+10 |
|    critic_loss     | 8.94e+20 |
|    ent_coef        | 1.2e+09  |
|    ent_coef_loss   | -393     |
|    learning_rate   | 0.0001   |
|    n_updates       | 231899   |
|    reward          | 5759.977 |
---------------------------------
EPISODE:  234
EPISODE:  235
EPISODE:  236
EPISODE:  237
---------------------------------
| time/              |          |
|    episodes        | 236      |
|    fps             | 8        |
|    time_elapsed    | 29485    |
|    total_timesteps | 236000   |
| train/             |          |
|    actor_loss      | 5.65e+10 |
|    critic_loss     | 1.79e+21 |
|    ent_coef        | 1.79e+09 |
|    ent_coef_loss   | -400     |
|    learning_rate   | 0.0001   |
|    n_updates       | 235899   |
|    reward          | 5759.977 |
---------------------------------
EPISODE:  238
EPISODE:  239
EPISODE:  240
EPISODE:  241
---------------------------------
| time/              |          |
|    episodes        | 240      |
|    fps             | 8        |
|    time_elapsed    | 29986    |
|    total_timesteps | 240000   |
| train/             |          |
|    actor_loss      | 7.83e+10 |
|    critic_loss     | 3.76e+21 |
|    ent_coef        | 2.66e+09 |
|    ent_coef_loss   | -405     |
|    learning_rate   | 0.0001   |
|    n_updates       | 239899   |
|    reward          | 5759.977 |
---------------------------------
EPISODE:  242
EPISODE:  243
EPISODE:  244
EPISODE:  245
---------------------------------
| time/              |          |
|    episodes        | 244      |
|    fps             | 8        |
|    time_elapsed    | 30486    |
|    total_timesteps | 244000   |
| train/             |          |
|    actor_loss      | 1.07e+11 |
|    critic_loss     | 7.85e+21 |
|    ent_coef        | 3.96e+09 |
|    ent_coef_loss   | -415     |
|    learning_rate   | 0.0001   |
|    n_updates       | 243899   |
|    reward          | 5759.977 |
---------------------------------
EPISODE:  246
EPISODE:  247
EPISODE:  248
EPISODE:  249
---------------------------------
| time/              |          |
|    episodes        | 248      |
|    fps             | 8        |
|    time_elapsed    | 30987    |
|    total_timesteps | 248000   |
| train/             |          |
|    actor_loss      | 1.5e+11  |
|    critic_loss     | 1.68e+22 |
|    ent_coef        | 5.9e+09  |
|    ent_coef_loss   | -422     |
|    learning_rate   | 0.0001   |
|    n_updates       | 247899   |
|    reward          | 5759.977 |
---------------------------------
EPISODE:  250
EPISODE:  251
EPISODE:  252
EPISODE:  253
---------------------------------
| time/              |          |
|    episodes        | 252      |
|    fps             | 8        |
|    time_elapsed    | 31476    |
|    total_timesteps | 252000   |
| train/             |          |
|    actor_loss      | 2.14e+11 |
|    critic_loss     | 3.55e+22 |
|    ent_coef        | 8.77e+09 |
|    ent_coef_loss   | -430     |
|    learning_rate   | 0.0001   |
|    n_updates       | 251899   |
|    reward          | 5759.977 |
---------------------------------
EPISODE:  254
EPISODE:  255
EPISODE:  256
EPISODE:  257
---------------------------------
| time/              |          |
|    episodes        | 256      |
|    fps             | 8        |
|    time_elapsed    | 31970    |
|    total_timesteps | 256000   |
| train/             |          |
|    actor_loss      | 3.05e+11 |
|    critic_loss     | 7.69e+22 |
|    ent_coef        | 1.31e+10 |
|    ent_coef_loss   | -439     |
|    learning_rate   | 0.0001   |
|    n_updates       | 255899   |
|    reward          | 5759.977 |
---------------------------------
EPISODE:  258
EPISODE:  259
EPISODE:  260
EPISODE:  261
---------------------------------
| time/              |          |
|    episodes        | 260      |
|    fps             | 8        |
|    time_elapsed    | 32461    |
|    total_timesteps | 260000   |
| train/             |          |
|    actor_loss      | 4.39e+11 |
|    critic_loss     | 1.7e+23  |
|    ent_coef        | 1.94e+10 |
|    ent_coef_loss   | -442     |
|    learning_rate   | 0.0001   |
|    n_updates       | 259899   |
|    reward          | 5759.977 |
---------------------------------
EPISODE:  262
EPISODE:  263
EPISODE:  264
EPISODE:  265
---------------------------------
| time/              |          |
|    episodes        | 264      |
|    fps             | 8        |
|    time_elapsed    | 32955    |
|    total_timesteps | 264000   |
| train/             |          |
|    actor_loss      | 6.41e+11 |
|    critic_loss     | 3.68e+23 |
|    ent_coef        | 2.89e+10 |
|    ent_coef_loss   | -454     |
|    learning_rate   | 0.0001   |
|    n_updates       | 263899   |
|    reward          | 5759.977 |
---------------------------------
EPISODE:  266
EPISODE:  267
EPISODE:  268
EPISODE:  269
---------------------------------
| time/              |          |
|    episodes        | 268      |
|    fps             | 8        |
|    time_elapsed    | 33454    |
|    total_timesteps | 268000   |
| train/             |          |
|    actor_loss      | 9.33e+11 |
|    critic_loss     | 8.13e+23 |
|    ent_coef        | 4.3e+10  |
|    ent_coef_loss   | -459     |
|    learning_rate   | 0.0001   |
|    n_updates       | 267899   |
|    reward          | 5759.977 |
---------------------------------
EPISODE:  270
EPISODE:  271
EPISODE:  272
EPISODE:  273
---------------------------------
| time/              |          |
|    episodes        | 272      |
|    fps             | 8        |
|    time_elapsed    | 33978    |
|    total_timesteps | 272000   |
| train/             |          |
|    actor_loss      | 1.38e+12 |
|    critic_loss     | 1.74e+24 |
|    ent_coef        | 6.4e+10  |
|    ent_coef_loss   | -468     |
|    learning_rate   | 0.0001   |
|    n_updates       | 271899   |
|    reward          | 5759.977 |
---------------------------------
EPISODE:  274
EPISODE:  275
EPISODE:  276
EPISODE:  277
---------------------------------
| time/              |          |
|    episodes        | 276      |
|    fps             | 7        |
|    time_elapsed    | 34503    |
|    total_timesteps | 276000   |
| train/             |          |
|    actor_loss      | 2.03e+12 |
|    critic_loss     | 3.91e+24 |
|    ent_coef        | 9.52e+10 |
|    ent_coef_loss   | -477     |
|    learning_rate   | 0.0001   |
|    n_updates       | 275899   |
|    reward          | 5759.977 |
---------------------------------
EPISODE:  278
EPISODE:  279
EPISODE:  280
EPISODE:  281
---------------------------------
| time/              |          |
|    episodes        | 280      |
|    fps             | 7        |
|    time_elapsed    | 35026    |
|    total_timesteps | 280000   |
| train/             |          |
|    actor_loss      | 3e+12    |
|    critic_loss     | 8.54e+24 |
|    ent_coef        | 1.42e+11 |
|    ent_coef_loss   | -483     |
|    learning_rate   | 0.0001   |
|    n_updates       | 279899   |
|    reward          | 5759.977 |
---------------------------------
EPISODE:  282
EPISODE:  283
EPISODE:  284
EPISODE:  285
---------------------------------
| time/              |          |
|    episodes        | 284      |
|    fps             | 7        |
|    time_elapsed    | 35551    |
|    total_timesteps | 284000   |
| train/             |          |
|    actor_loss      | 4.43e+12 |
|    critic_loss     | 1.9e+25  |
|    ent_coef        | 2.11e+11 |
|    ent_coef_loss   | -489     |
|    learning_rate   | 0.0001   |
|    n_updates       | 283899   |
|    reward          | 5759.977 |
---------------------------------
EPISODE:  286
EPISODE:  287
EPISODE:  288
EPISODE:  289
---------------------------------
| time/              |          |
|    episodes        | 288      |
|    fps             | 7        |
|    time_elapsed    | 36074    |
|    total_timesteps | 288000   |
| train/             |          |
|    actor_loss      | 6.58e+12 |
|    critic_loss     | 4.15e+25 |
|    ent_coef        | 3.14e+11 |
|    ent_coef_loss   | -498     |
|    learning_rate   | 0.0001   |
|    n_updates       | 287899   |
|    reward          | 5759.977 |
---------------------------------
EPISODE:  290
EPISODE:  291
EPISODE:  292
EPISODE:  293
---------------------------------
| time/              |          |
|    episodes        | 292      |
|    fps             | 7        |
|    time_elapsed    | 36600    |
|    total_timesteps | 292000   |
| train/             |          |
|    actor_loss      | 9.83e+12 |
|    critic_loss     | 9.27e+25 |
|    ent_coef        | 4.67e+11 |
|    ent_coef_loss   | -509     |
|    learning_rate   | 0.0001   |
|    n_updates       | 291899   |
|    reward          | 5759.977 |
---------------------------------
EPISODE:  294
EPISODE:  295
EPISODE:  296
EPISODE:  297
---------------------------------
| time/              |          |
|    episodes        | 296      |
|    fps             | 7        |
|    time_elapsed    | 37123    |
|    total_timesteps | 296000   |
| train/             |          |
|    actor_loss      | 1.46e+13 |
|    critic_loss     | 2.05e+26 |
|    ent_coef        | 6.95e+11 |
|    ent_coef_loss   | -517     |
|    learning_rate   | 0.0001   |
|    n_updates       | 295899   |
|    reward          | 5759.977 |
---------------------------------
EPISODE:  298
EPISODE:  299
EPISODE:  300
EPISODE:  301
---------------------------------
| time/              |          |
|    episodes        | 300      |
|    fps             | 7        |
|    time_elapsed    | 37648    |
|    total_timesteps | 300000   |
| train/             |          |
|    actor_loss      | 2.17e+13 |
|    critic_loss     | 4.39e+26 |
|    ent_coef        | 1.03e+12 |
|    ent_coef_loss   | -523     |
|    learning_rate   | 0.0001   |
|    n_updates       | 299899   |
|    reward          | 5759.977 |
---------------------------------
EPISODE:  302
EPISODE:  303
EPISODE:  304
EPISODE:  305
---------------------------------
| time/              |          |
|    episodes        | 304      |
|    fps             | 7        |
|    time_elapsed    | 38171    |
|    total_timesteps | 304000   |
| train/             |          |
|    actor_loss      | 3.2e+13  |
|    critic_loss     | 1.01e+27 |
|    ent_coef        | 1.54e+12 |
|    ent_coef_loss   | -526     |
|    learning_rate   | 0.0001   |
|    n_updates       | 303899   |
|    reward          | 5759.977 |
---------------------------------
EPISODE:  306
EPISODE:  307
EPISODE:  308
EPISODE:  309
---------------------------------
| time/              |          |
|    episodes        | 308      |
|    fps             | 7        |
|    time_elapsed    | 38696    |
|    total_timesteps | 308000   |
| train/             |          |
|    actor_loss      | 4.78e+13 |
|    critic_loss     | 2.22e+27 |
|    ent_coef        | 2.29e+12 |
|    ent_coef_loss   | -536     |
|    learning_rate   | 0.0001   |
|    n_updates       | 307899   |
|    reward          | 5759.977 |
---------------------------------
EPISODE:  310
EPISODE:  311
EPISODE:  312
EPISODE:  313
---------------------------------
| time/              |          |
|    episodes        | 312      |
|    fps             | 7        |
|    time_elapsed    | 39221    |
|    total_timesteps | 312000   |
| train/             |          |
|    actor_loss      | 7.1e+13  |
|    critic_loss     | 4.88e+27 |
|    ent_coef        | 3.41e+12 |
|    ent_coef_loss   | -543     |
|    learning_rate   | 0.0001   |
|    n_updates       | 311899   |
|    reward          | 5759.977 |
---------------------------------
EPISODE:  314
EPISODE:  315
EPISODE:  316
EPISODE:  317
---------------------------------
| time/              |          |
|    episodes        | 316      |
|    fps             | 7        |
|    time_elapsed    | 39745    |
|    total_timesteps | 316000   |
| train/             |          |
|    actor_loss      | 1.06e+14 |
|    critic_loss     | 1.07e+28 |
|    ent_coef        | 5.07e+12 |
|    ent_coef_loss   | -552     |
|    learning_rate   | 0.0001   |
|    n_updates       | 315899   |
|    reward          | 5759.977 |
---------------------------------
EPISODE:  318
EPISODE:  319
EPISODE:  320
EPISODE:  321
---------------------------------
| time/              |          |
|    episodes        | 320      |
|    fps             | 7        |
|    time_elapsed    | 40270    |
|    total_timesteps | 320000   |
| train/             |          |
|    actor_loss      | 1.58e+14 |
|    critic_loss     | 2.41e+28 |
|    ent_coef        | 7.54e+12 |
|    ent_coef_loss   | -561     |
|    learning_rate   | 0.0001   |
|    n_updates       | 319899   |
|    reward          | 5759.977 |
---------------------------------
EPISODE:  322
EPISODE:  323
EPISODE:  324
EPISODE:  325
---------------------------------
| time/              |          |
|    episodes        | 324      |
|    fps             | 7        |
|    time_elapsed    | 40794    |
|    total_timesteps | 324000   |
| train/             |          |
|    actor_loss      | 2.32e+14 |
|    critic_loss     | 5.4e+28  |
|    ent_coef        | 1.12e+13 |
|    ent_coef_loss   | -562     |
|    learning_rate   | 0.0001   |
|    n_updates       | 323899   |
|    reward          | 5759.977 |
---------------------------------
EPISODE:  326
EPISODE:  327
EPISODE:  328
EPISODE:  329
---------------------------------
| time/              |          |
|    episodes        | 328      |
|    fps             | 7        |
|    time_elapsed    | 41319    |
|    total_timesteps | 328000   |
| train/             |          |
|    actor_loss      | 3.45e+14 |
|    critic_loss     | 1.19e+29 |
|    ent_coef        | 1.67e+13 |
|    ent_coef_loss   | -568     |
|    learning_rate   | 0.0001   |
|    n_updates       | 327899   |
|    reward          | 5759.977 |
---------------------------------
EPISODE:  330
EPISODE:  331
EPISODE:  332
EPISODE:  333
---------------------------------
| time/              |          |
|    episodes        | 332      |
|    fps             | 7        |
|    time_elapsed    | 41843    |
|    total_timesteps | 332000   |
| train/             |          |
|    actor_loss      | 5.15e+14 |
|    critic_loss     | 2.66e+29 |
|    ent_coef        | 2.48e+13 |
|    ent_coef_loss   | -577     |
|    learning_rate   | 0.0001   |
|    n_updates       | 331899   |
|    reward          | 5759.977 |
---------------------------------
EPISODE:  334
EPISODE:  335
EPISODE:  336
EPISODE:  337
---------------------------------
| time/              |          |
|    episodes        | 336      |
|    fps             | 7        |
|    time_elapsed    | 42368    |
|    total_timesteps | 336000   |
| train/             |          |
|    actor_loss      | 7.73e+14 |
|    critic_loss     | 5.83e+29 |
|    ent_coef        | 3.7e+13  |
|    ent_coef_loss   | -591     |
|    learning_rate   | 0.0001   |
|    n_updates       | 335899   |
|    reward          | 5759.977 |
---------------------------------
EPISODE:  338
EPISODE:  339
EPISODE:  340
EPISODE:  341
---------------------------------
| time/              |          |
|    episodes        | 340      |
|    fps             | 7        |
|    time_elapsed    | 42893    |
|    total_timesteps | 340000   |
| train/             |          |
|    actor_loss      | 1.15e+15 |
|    critic_loss     | 1.27e+30 |
|    ent_coef        | 5.5e+13  |
|    ent_coef_loss   | -597     |
|    learning_rate   | 0.0001   |
|    n_updates       | 339899   |
|    reward          | 5759.977 |
---------------------------------
EPISODE:  342
EPISODE:  343
EPISODE:  344
EPISODE:  345
---------------------------------
| time/              |          |
|    episodes        | 344      |
|    fps             | 7        |
|    time_elapsed    | 43417    |
|    total_timesteps | 344000   |
| train/             |          |
|    actor_loss      | 1.68e+15 |
|    critic_loss     | 2.84e+30 |
|    ent_coef        | 8.19e+13 |
|    ent_coef_loss   | -595     |
|    learning_rate   | 0.0001   |
|    n_updates       | 343899   |
|    reward          | 5759.977 |
---------------------------------
EPISODE:  346
EPISODE:  347
EPISODE:  348
EPISODE:  349
---------------------------------
| time/              |          |
|    episodes        | 348      |
|    fps             | 7        |
|    time_elapsed    | 43942    |
|    total_timesteps | 348000   |
| train/             |          |
|    actor_loss      | 2.53e+15 |
|    critic_loss     | 6.36e+30 |
|    ent_coef        | 1.22e+14 |
|    ent_coef_loss   | -610     |
|    learning_rate   | 0.0001   |
|    n_updates       | 347899   |
|    reward          | 5759.977 |
---------------------------------
EPISODE:  350
EPISODE:  351
EPISODE:  352
EPISODE:  353
---------------------------------
| time/              |          |
|    episodes        | 352      |
|    fps             | 7        |
|    time_elapsed    | 44466    |
|    total_timesteps | 352000   |
| train/             |          |
|    actor_loss      | 3.76e+15 |
|    critic_loss     | 1.41e+31 |
|    ent_coef        | 1.81e+14 |
|    ent_coef_loss   | -617     |
|    learning_rate   | 0.0001   |
|    n_updates       | 351899   |
|    reward          | 5759.977 |
---------------------------------
EPISODE:  354
EPISODE:  355
EPISODE:  356
EPISODE:  357
---------------------------------
| time/              |          |
|    episodes        | 356      |
|    fps             | 7        |
|    time_elapsed    | 44992    |
|    total_timesteps | 356000   |
| train/             |          |
|    actor_loss      | 5.61e+15 |
|    critic_loss     | 3.05e+31 |
|    ent_coef        | 2.69e+14 |
|    ent_coef_loss   | -626     |
|    learning_rate   | 0.0001   |
|    n_updates       | 355899   |
|    reward          | 5759.977 |
---------------------------------
EPISODE:  358
EPISODE:  359
EPISODE:  360
EPISODE:  361
---------------------------------
| time/              |          |
|    episodes        | 360      |
|    fps             | 7        |
|    time_elapsed    | 45515    |
|    total_timesteps | 360000   |
| train/             |          |
|    actor_loss      | 8.36e+15 |
|    critic_loss     | 6.79e+31 |
|    ent_coef        | 4e+14    |
|    ent_coef_loss   | -635     |
|    learning_rate   | 0.0001   |
|    n_updates       | 359899   |
|    reward          | 5759.977 |
---------------------------------
EPISODE:  362
EPISODE:  363
EPISODE:  364
EPISODE:  365
---------------------------------
| time/              |          |
|    episodes        | 364      |
|    fps             | 7        |
|    time_elapsed    | 46041    |
|    total_timesteps | 364000   |
| train/             |          |
|    actor_loss      | 1.23e+16 |
|    critic_loss     | 1.5e+32  |
|    ent_coef        | 5.95e+14 |
|    ent_coef_loss   | -638     |
|    learning_rate   | 0.0001   |
|    n_updates       | 363899   |
|    reward          | 5759.977 |
---------------------------------
EPISODE:  366
EPISODE:  367
EPISODE:  368
EPISODE:  369
---------------------------------
| time/              |          |
|    episodes        | 368      |
|    fps             | 7        |
|    time_elapsed    | 46564    |
|    total_timesteps | 368000   |
| train/             |          |
|    actor_loss      | 1.83e+16 |
|    critic_loss     | 3.34e+32 |
|    ent_coef        | 8.85e+14 |
|    ent_coef_loss   | -645     |
|    learning_rate   | 0.0001   |
|    n_updates       | 367899   |
|    reward          | 5759.977 |
---------------------------------
EPISODE:  370
EPISODE:  371
EPISODE:  372
EPISODE:  373
---------------------------------
| time/              |          |
|    episodes        | 372      |
|    fps             | 7        |
|    time_elapsed    | 47090    |
|    total_timesteps | 372000   |
| train/             |          |
|    actor_loss      | 2.75e+16 |
|    critic_loss     | 7.33e+32 |
|    ent_coef        | 1.32e+15 |
|    ent_coef_loss   | -658     |
|    learning_rate   | 0.0001   |
|    n_updates       | 371899   |
|    reward          | 5759.977 |
---------------------------------
EPISODE:  374
EPISODE:  375
EPISODE:  376
EPISODE:  377
---------------------------------
| time/              |          |
|    episodes        | 376      |
|    fps             | 7        |
|    time_elapsed    | 47615    |
|    total_timesteps | 376000   |
| train/             |          |
|    actor_loss      | 4.09e+16 |
|    critic_loss     | 1.62e+33 |
|    ent_coef        | 1.96e+15 |
|    ent_coef_loss   | -665     |
|    learning_rate   | 0.0001   |
|    n_updates       | 375899   |
|    reward          | 5759.977 |
---------------------------------
EPISODE:  378
EPISODE:  379
EPISODE:  380
EPISODE:  381
---------------------------------
| time/              |          |
|    episodes        | 380      |
|    fps             | 7        |
|    time_elapsed    | 48139    |
|    total_timesteps | 380000   |
| train/             |          |
|    actor_loss      | 6.06e+16 |
|    critic_loss     | 3.59e+33 |
|    ent_coef        | 2.91e+15 |
|    ent_coef_loss   | -671     |
|    learning_rate   | 0.0001   |
|    n_updates       | 379899   |
|    reward          | 5759.977 |
---------------------------------
EPISODE:  382
EPISODE:  383
EPISODE:  384
EPISODE:  385
---------------------------------
| time/              |          |
|    episodes        | 384      |
|    fps             | 7        |
|    time_elapsed    | 48664    |
|    total_timesteps | 384000   |
| train/             |          |
|    actor_loss      | 8.93e+16 |
|    critic_loss     | 7.94e+33 |
|    ent_coef        | 4.33e+15 |
|    ent_coef_loss   | -671     |
|    learning_rate   | 0.0001   |
|    n_updates       | 383899   |
|    reward          | 5759.977 |
---------------------------------
EPISODE:  386
EPISODE:  387
EPISODE:  388
EPISODE:  389
---------------------------------
| time/              |          |
|    episodes        | 388      |
|    fps             | 7        |
|    time_elapsed    | 49189    |
|    total_timesteps | 388000   |
| train/             |          |
|    actor_loss      | 1.33e+17 |
|    critic_loss     | 1.75e+34 |
|    ent_coef        | 6.43e+15 |
|    ent_coef_loss   | -682     |
|    learning_rate   | 0.0001   |
|    n_updates       | 387899   |
|    reward          | 5759.977 |
---------------------------------
EPISODE:  390
EPISODE:  391
EPISODE:  392
EPISODE:  393
---------------------------------
| time/              |          |
|    episodes        | 392      |
|    fps             | 7        |
|    time_elapsed    | 49714    |
|    total_timesteps | 392000   |
| train/             |          |
|    actor_loss      | 1.98e+17 |
|    critic_loss     | 3.9e+34  |
|    ent_coef        | 9.57e+15 |
|    ent_coef_loss   | -690     |
|    learning_rate   | 0.0001   |
|    n_updates       | 391899   |
|    reward          | 5759.977 |
---------------------------------
EPISODE:  394
EPISODE:  395
EPISODE:  396
EPISODE:  397
---------------------------------
| time/              |          |
|    episodes        | 396      |
|    fps             | 7        |
|    time_elapsed    | 50239    |
|    total_timesteps | 396000   |
| train/             |          |
|    actor_loss      | 2.99e+17 |
|    critic_loss     | 8.51e+34 |
|    ent_coef        | 1.42e+16 |
|    ent_coef_loss   | -708     |
|    learning_rate   | 0.0001   |
|    n_updates       | 395899   |
|    reward          | 5759.977 |
---------------------------------
EPISODE:  398
EPISODE:  399
EPISODE:  400
EPISODE:  401
---------------------------------
| time/              |          |
|    episodes        | 400      |
|    fps             | 7        |
|    time_elapsed    | 50764    |
|    total_timesteps | 400000   |
| train/             |          |
|    actor_loss      | 4.39e+17 |
|    critic_loss     | 1.89e+35 |
|    ent_coef        | 2.11e+16 |
|    ent_coef_loss   | -705     |
|    learning_rate   | 0.0001   |
|    n_updates       | 399899   |
|    reward          | 5759.977 |
---------------------------------
EPISODE:  402
EPISODE:  403
EPISODE:  404
EPISODE:  405
---------------------------------
| time/              |          |
|    episodes        | 404      |
|    fps             | 7        |
|    time_elapsed    | 51289    |
|    total_timesteps | 404000   |
| train/             |          |
|    actor_loss      | 6.54e+17 |
|    critic_loss     | 4.24e+35 |
|    ent_coef        | 3.14e+16 |
|    ent_coef_loss   | -714     |
|    learning_rate   | 0.0001   |
|    n_updates       | 403899   |
|    reward          | 5759.977 |
---------------------------------
EPISODE:  406
EPISODE:  407
EPISODE:  408
EPISODE:  409
---------------------------------
| time/              |          |
|    episodes        | 408      |
|    fps             | 7        |
|    time_elapsed    | 51814    |
|    total_timesteps | 408000   |
| train/             |          |
|    actor_loss      | 9.69e+17 |
|    critic_loss     | 9.24e+35 |
|    ent_coef        | 4.68e+16 |
|    ent_coef_loss   | -718     |
|    learning_rate   | 0.0001   |
|    n_updates       | 407899   |
|    reward          | 5759.977 |
---------------------------------
EPISODE:  410
EPISODE:  411
EPISODE:  412
EPISODE:  413
---------------------------------
| time/              |          |
|    episodes        | 412      |
|    fps             | 7        |
|    time_elapsed    | 52339    |
|    total_timesteps | 412000   |
| train/             |          |
|    actor_loss      | 1.44e+18 |
|    critic_loss     | 2.05e+36 |
|    ent_coef        | 6.95e+16 |
|    ent_coef_loss   | -723     |
|    learning_rate   | 0.0001   |
|    n_updates       | 411899   |
|    reward          | 5759.977 |
---------------------------------
EPISODE:  414
EPISODE:  415
EPISODE:  416
EPISODE:  417
---------------------------------
| time/              |          |
|    episodes        | 416      |
|    fps             | 7        |
|    time_elapsed    | 52863    |
|    total_timesteps | 416000   |
| train/             |          |
|    actor_loss      | 2.16e+18 |
|    critic_loss     | inf      |
|    ent_coef        | 1.03e+17 |
|    ent_coef_loss   | -741     |
|    learning_rate   | 0.0001   |
|    n_updates       | 415899   |
|    reward          | 5759.977 |
---------------------------------
EPISODE:  418
EPISODE:  419
EPISODE:  420
EPISODE:  421
---------------------------------
| time/              |          |
|    episodes        | 420      |
|    fps             | 7        |
|    time_elapsed    | 53389    |
|    total_timesteps | 420000   |
| train/             |          |
|    actor_loss      | 3.16e+18 |
|    critic_loss     | inf      |
|    ent_coef        | 1.54e+17 |
|    ent_coef_loss   | -735     |
|    learning_rate   | 0.0001   |
|    n_updates       | 419899   |
|    reward          | 5759.977 |
---------------------------------
EPISODE:  422
EPISODE:  423
EPISODE:  424
EPISODE:  425
---------------------------------
| time/              |          |
|    episodes        | 424      |
|    fps             | 7        |
|    time_elapsed    | 53913    |
|    total_timesteps | 424000   |
| train/             |          |
|    actor_loss      | 4.77e+18 |
|    critic_loss     | inf      |
|    ent_coef        | 2.29e+17 |
|    ent_coef_loss   | -754     |
|    learning_rate   | 0.0001   |
|    n_updates       | 423899   |
|    reward          | 5759.977 |
---------------------------------
EPISODE:  426
EPISODE:  427
EPISODE:  428
EPISODE:  429
---------------------------------
| time/              |          |
|    episodes        | 428      |
|    fps             | 7        |
|    time_elapsed    | 54439    |
|    total_timesteps | 428000   |
| train/             |          |
|    actor_loss      | 7.09e+18 |
|    critic_loss     | inf      |
|    ent_coef        | 3.4e+17  |
|    ent_coef_loss   | -761     |
|    learning_rate   | 0.0001   |
|    n_updates       | 427899   |
|    reward          | 5759.977 |
---------------------------------
EPISODE:  430
EPISODE:  431
EPISODE:  432
EPISODE:  433
---------------------------------
| time/              |          |
|    episodes        | 432      |
|    fps             | 7        |
|    time_elapsed    | 54963    |
|    total_timesteps | 432000   |
| train/             |          |
|    actor_loss      | 1.06e+19 |
|    critic_loss     | inf      |
|    ent_coef        | 5.05e+17 |
|    ent_coef_loss   | -772     |
|    learning_rate   | 0.0001   |
|    n_updates       | 431899   |
|    reward          | 5759.977 |
---------------------------------
EPISODE:  434
EPISODE:  435
EPISODE:  436
EPISODE:  437
---------------------------------
| time/              |          |
|    episodes        | 436      |
|    fps             | 7        |
|    time_elapsed    | 55489    |
|    total_timesteps | 436000   |
| train/             |          |
|    actor_loss      | 1.57e+19 |
|    critic_loss     | inf      |
|    ent_coef        | 7.52e+17 |
|    ent_coef_loss   | -775     |
|    learning_rate   | 0.0001   |
|    n_updates       | 435899   |
|    reward          | 5759.977 |
---------------------------------
EPISODE:  438
EPISODE:  439
EPISODE:  440
EPISODE:  441
---------------------------------
| time/              |          |
|    episodes        | 440      |
|    fps             | 7        |
|    time_elapsed    | 56014    |
|    total_timesteps | 440000   |
| train/             |          |
|    actor_loss      | 2.31e+19 |
|    critic_loss     | inf      |
|    ent_coef        | 1.12e+18 |
|    ent_coef_loss   | -777     |
|    learning_rate   | 0.0001   |
|    n_updates       | 439899   |
|    reward          | 5759.977 |
---------------------------------
EPISODE:  442
EPISODE:  443
EPISODE:  444
EPISODE:  445
---------------------------------
| time/              |          |
|    episodes        | 444      |
|    fps             | 7        |
|    time_elapsed    | 56539    |
|    total_timesteps | 444000   |
| train/             |          |
|    actor_loss      | 3.49e+19 |
|    critic_loss     | inf      |
|    ent_coef        | 1.66e+18 |
|    ent_coef_loss   | -797     |
|    learning_rate   | 0.0001   |
|    n_updates       | 443899   |
|    reward          | 5759.977 |
---------------------------------
EPISODE:  446
EPISODE:  447
EPISODE:  448
EPISODE:  449
---------------------------------
| time/              |          |
|    episodes        | 448      |
|    fps             | 7        |
|    time_elapsed    | 57065    |
|    total_timesteps | 448000   |
| train/             |          |
|    actor_loss      | 5.11e+19 |
|    critic_loss     | inf      |
|    ent_coef        | 2.47e+18 |
|    ent_coef_loss   | -791     |
|    learning_rate   | 0.0001   |
|    n_updates       | 447899   |
|    reward          | 5759.977 |
---------------------------------
EPISODE:  450
EPISODE:  451
EPISODE:  452
EPISODE:  453
---------------------------------
| time/              |          |
|    episodes        | 452      |
|    fps             | 7        |
|    time_elapsed    | 57590    |
|    total_timesteps | 452000   |
| train/             |          |
|    actor_loss      | 7.66e+19 |
|    critic_loss     | inf      |
|    ent_coef        | 3.67e+18 |
|    ent_coef_loss   | -806     |
|    learning_rate   | 0.0001   |
|    n_updates       | 451899   |
|    reward          | 5759.977 |
---------------------------------
EPISODE:  454
EPISODE:  455
EPISODE:  456
EPISODE:  457
---------------------------------
| time/              |          |
|    episodes        | 456      |
|    fps             | 7        |
|    time_elapsed    | 58116    |
|    total_timesteps | 456000   |
| train/             |          |
|    actor_loss      | 1.14e+20 |
|    critic_loss     | inf      |
|    ent_coef        | 5.46e+18 |
|    ent_coef_loss   | -814     |
|    learning_rate   | 0.0001   |
|    n_updates       | 455899   |
|    reward          | 5759.977 |
---------------------------------
EPISODE:  458
EPISODE:  459
EPISODE:  460
EPISODE:  461
---------------------------------
| time/              |          |
|    episodes        | 460      |
|    fps             | 7        |
|    time_elapsed    | 58640    |
|    total_timesteps | 460000   |
| train/             |          |
|    actor_loss      | 1.69e+20 |
|    critic_loss     | inf      |
|    ent_coef        | 8.12e+18 |
|    ent_coef_loss   | -820     |
|    learning_rate   | 0.0001   |
|    n_updates       | 459899   |
|    reward          | 5759.977 |
---------------------------------
EPISODE:  462
EPISODE:  463
EPISODE:  464
EPISODE:  465
---------------------------------
| time/              |          |
|    episodes        | 464      |
|    fps             | 7        |
|    time_elapsed    | 59165    |
|    total_timesteps | 464000   |
| train/             |          |
|    actor_loss      | 2.51e+20 |
|    critic_loss     | inf      |
|    ent_coef        | 1.21e+19 |
|    ent_coef_loss   | -824     |
|    learning_rate   | 0.0001   |
|    n_updates       | 463899   |
|    reward          | 5759.977 |
---------------------------------
EPISODE:  466
EPISODE:  467
EPISODE:  468
EPISODE:  469
---------------------------------
| time/              |          |
|    episodes        | 468      |
|    fps             | 7        |
|    time_elapsed    | 59691    |
|    total_timesteps | 468000   |
| train/             |          |
|    actor_loss      | 3.74e+20 |
|    critic_loss     | inf      |
|    ent_coef        | 1.8e+19  |
|    ent_coef_loss   | -834     |
|    learning_rate   | 0.0001   |
|    n_updates       | 467899   |
|    reward          | 5759.977 |
---------------------------------
EPISODE:  470
EPISODE:  471
EPISODE:  472
EPISODE:  473
---------------------------------
| time/              |          |
|    episodes        | 472      |
|    fps             | 7        |
|    time_elapsed    | 60215    |
|    total_timesteps | 472000   |
| train/             |          |
|    actor_loss      | 5.53e+20 |
|    critic_loss     | inf      |
|    ent_coef        | 2.67e+19 |
|    ent_coef_loss   | -837     |
|    learning_rate   | 0.0001   |
|    n_updates       | 471899   |
|    reward          | 5759.977 |
---------------------------------
EPISODE:  474
EPISODE:  475
EPISODE:  476
EPISODE:  477
---------------------------------
| time/              |          |
|    episodes        | 476      |
|    fps             | 7        |
|    time_elapsed    | 60741    |
|    total_timesteps | 476000   |
| train/             |          |
|    actor_loss      | 8.2e+20  |
|    critic_loss     | inf      |
|    ent_coef        | 3.97e+19 |
|    ent_coef_loss   | -842     |
|    learning_rate   | 0.0001   |
|    n_updates       | 475899   |
|    reward          | 5759.977 |
---------------------------------
EPISODE:  478
EPISODE:  479
EPISODE:  480
EPISODE:  481
---------------------------------
| time/              |          |
|    episodes        | 480      |
|    fps             | 7        |
|    time_elapsed    | 61265    |
|    total_timesteps | 480000   |
| train/             |          |
|    actor_loss      | 1.23e+21 |
|    critic_loss     | inf      |
|    ent_coef        | 5.91e+19 |
|    ent_coef_loss   | -857     |
|    learning_rate   | 0.0001   |
|    n_updates       | 479899   |
|    reward          | 5759.977 |
---------------------------------
EPISODE:  482
EPISODE:  483
EPISODE:  484
EPISODE:  485
---------------------------------
| time/              |          |
|    episodes        | 484      |
|    fps             | 7        |
|    time_elapsed    | 61791    |
|    total_timesteps | 484000   |
| train/             |          |
|    actor_loss      | 1.81e+21 |
|    critic_loss     | inf      |
|    ent_coef        | 8.78e+19 |
|    ent_coef_loss   | -856     |
|    learning_rate   | 0.0001   |
|    n_updates       | 483899   |
|    reward          | 5759.977 |
---------------------------------
EPISODE:  486
EPISODE:  487
EPISODE:  488
EPISODE:  489
---------------------------------
| time/              |          |
|    episodes        | 488      |
|    fps             | 7        |
|    time_elapsed    | 62315    |
|    total_timesteps | 488000   |
| train/             |          |
|    actor_loss      | 2.73e+21 |
|    critic_loss     | inf      |
|    ent_coef        | 1.31e+20 |
|    ent_coef_loss   | -875     |
|    learning_rate   | 0.0001   |
|    n_updates       | 487899   |
|    reward          | 5759.977 |
---------------------------------
EPISODE:  490
EPISODE:  491
EPISODE:  492
EPISODE:  493
---------------------------------
| time/              |          |
|    episodes        | 492      |
|    fps             | 7        |
|    time_elapsed    | 62841    |
|    total_timesteps | 492000   |
| train/             |          |
|    actor_loss      | 4.03e+21 |
|    critic_loss     | inf      |
|    ent_coef        | 1.94e+20 |
|    ent_coef_loss   | -876     |
|    learning_rate   | 0.0001   |
|    n_updates       | 491899   |
|    reward          | 5759.977 |
---------------------------------
EPISODE:  494
EPISODE:  495
EPISODE:  496
EPISODE:  497
---------------------------------
| time/              |          |
|    episodes        | 496      |
|    fps             | 7        |
|    time_elapsed    | 63366    |
|    total_timesteps | 496000   |
| train/             |          |
|    actor_loss      | 6.06e+21 |
|    critic_loss     | inf      |
|    ent_coef        | 2.89e+20 |
|    ent_coef_loss   | -894     |
|    learning_rate   | 0.0001   |
|    n_updates       | 495899   |
|    reward          | 5759.977 |
---------------------------------
EPISODE:  498
EPISODE:  499
EPISODE:  500
EPISODE:  501
---------------------------------
| time/              |          |
|    episodes        | 500      |
|    fps             | 7        |
|    time_elapsed    | 63891    |
|    total_timesteps | 500000   |
| train/             |          |
|    actor_loss      | 8.88e+21 |
|    critic_loss     | inf      |
|    ent_coef        | 4.29e+20 |
|    ent_coef_loss   | -888     |
|    learning_rate   | 0.0001   |
|    n_updates       | 499899   |
|    reward          | 5759.977 |
---------------------------------
Saved episode log to Results/4_1/sac/upward/training_logs/01.csv
