[2025-07-18 14:32:56] Starting experiment: exp_20250718_143256
[2025-07-18 14:32:56] Skipping deterministic pair: Always Up Agent x Linear Trend Generator
[2025-07-18 14:32:56] Skipping deterministic pair: Always Up Agent x Constant Generator
[2025-07-18 14:32:56] Skipping deterministic pair: Always Up Agent x Periodic Trend Generator
[2025-07-18 14:32:56] Skipping deterministic pair: Repeat Last Movement Agent x Linear Trend Generator
[2025-07-18 14:32:56] Skipping deterministic pair: Repeat Last Movement Agent x Constant Generator
[2025-07-18 14:32:56] Skipping deterministic pair: Repeat Last Movement Agent x Periodic Trend Generator
[2025-07-18 14:32:56] Skipping deterministic pair: Static Mean Reversion Agent x Linear Trend Generator
[2025-07-18 14:32:56] Skipping deterministic pair: Static Mean Reversion Agent x Constant Generator
[2025-07-18 14:32:56] Skipping deterministic pair: Static Mean Reversion Agent x Periodic Trend Generator
[2025-07-18 14:32:57] Running: python single_run.py --experiment experiment\exp_20250718_143256\results --generator Ornstein-Uhlenbeck Generator --agent Always Up Agent --run 001 --steps 100 --start_value 0.0 --agent_params {} --generator_params {"mu": 10.0, "theta": 0.15, "sigma": 0.2, "dt": 1.0, "start_value": 20.0}
[2025-07-18 14:32:57] Running: python single_run.py --experiment experiment\exp_20250718_143256\results --generator Ornstein-Uhlenbeck Generator --agent Always Up Agent --run 002 --steps 100 --start_value 0.0 --agent_params {} --generator_params {"mu": 10.0, "theta": 0.15, "sigma": 0.2, "dt": 1.0, "start_value": 20.0}
[2025-07-18 14:32:57] Running: python single_run.py --experiment experiment\exp_20250718_143256\results --generator Ornstein-Uhlenbeck Generator --agent Always Up Agent --run 003 --steps 100 --start_value 0.0 --agent_params {} --generator_params {"mu": 10.0, "theta": 0.15, "sigma": 0.2, "dt": 1.0, "start_value": 20.0}
[2025-07-18 14:32:57] Running: python single_run.py --experiment experiment\exp_20250718_143256\results --generator Random Walk Generator --agent Always Up Agent --run 001 --steps 100 --start_value 0.0 --agent_params {} --generator_params {"start_value": 0.0, "mu": 0.0, "sigma": 1.0}
[2025-07-18 14:32:57] Running: python single_run.py --experiment experiment\exp_20250718_143256\results --generator Random Walk Generator --agent Always Up Agent --run 002 --steps 100 --start_value 0.0 --agent_params {} --generator_params {"start_value": 0.0, "mu": 0.0, "sigma": 1.0}
[2025-07-18 14:32:57] Running: python single_run.py --experiment experiment\exp_20250718_143256\results --generator Random Walk Generator --agent Always Up Agent --run 003 --steps 100 --start_value 0.0 --agent_params {} --generator_params {"start_value": 0.0, "mu": 0.0, "sigma": 1.0}
[2025-07-18 14:32:57] Running: python single_run.py --experiment experiment\exp_20250718_143256\results --generator Ornstein-Uhlenbeck Generator --agent Repeat Last Movement Agent --run 001 --steps 100 --start_value 0.0 --agent_params {} --generator_params {"mu": 10.0, "theta": 0.15, "sigma": 0.2, "dt": 1.0, "start_value": 20.0}
[2025-07-18 14:32:57] Running: python single_run.py --experiment experiment\exp_20250718_143256\results --generator Ornstein-Uhlenbeck Generator --agent Repeat Last Movement Agent --run 002 --steps 100 --start_value 0.0 --agent_params {} --generator_params {"mu": 10.0, "theta": 0.15, "sigma": 0.2, "dt": 1.0, "start_value": 20.0}
[2025-07-18 14:33:08] Run completed: Always Up Agent x Random Walk Generator | Run 001
[2025-07-18 14:33:08] Running: python single_run.py --experiment experiment\exp_20250718_143256\results --generator Ornstein-Uhlenbeck Generator --agent Repeat Last Movement Agent --run 003 --steps 100 --start_value 0.0 --agent_params {} --generator_params {"mu": 10.0, "theta": 0.15, "sigma": 0.2, "dt": 1.0, "start_value": 20.0}
[2025-07-18 14:33:08] Run completed: Repeat Last Movement Agent x Ornstein-Uhlenbeck Generator | Run 001
[2025-07-18 14:33:08] Running: python single_run.py --experiment experiment\exp_20250718_143256\results --generator Random Walk Generator --agent Repeat Last Movement Agent --run 001 --steps 100 --start_value 0.0 --agent_params {} --generator_params {"start_value": 0.0, "mu": 0.0, "sigma": 1.0}
[2025-07-18 14:33:08] Run completed: Always Up Agent x Random Walk Generator | Run 003
[2025-07-18 14:33:08] Running: python single_run.py --experiment experiment\exp_20250718_143256\results --generator Random Walk Generator --agent Repeat Last Movement Agent --run 002 --steps 100 --start_value 0.0 --agent_params {} --generator_params {"start_value": 0.0, "mu": 0.0, "sigma": 1.0}
[2025-07-18 14:33:08] Run completed: Always Up Agent x Random Walk Generator | Run 002
[2025-07-18 14:33:08] Running: python single_run.py --experiment experiment\exp_20250718_143256\results --generator Random Walk Generator --agent Repeat Last Movement Agent --run 003 --steps 100 --start_value 0.0 --agent_params {} --generator_params {"start_value": 0.0, "mu": 0.0, "sigma": 1.0}
[2025-07-18 14:33:08] Run completed: Always Up Agent x Ornstein-Uhlenbeck Generator | Run 001
[2025-07-18 14:33:08] Running: python single_run.py --experiment experiment\exp_20250718_143256\results --generator Linear Trend Generator --agent Frequency-Based Majority Agent --run 002 --steps 100 --start_value 0.0 --agent_params {} --generator_params {"start_value": 10.0, "slope": 0.5}
[2025-07-18 14:33:08] Running: python single_run.py --experiment experiment\exp_20250718_143256\results --generator Linear Trend Generator --agent Frequency-Based Majority Agent --run 001 --steps 100 --start_value 0.0 --agent_params {} --generator_params {"start_value": 10.0, "slope": 0.5}
[2025-07-18 14:33:08] Run completed: Repeat Last Movement Agent x Ornstein-Uhlenbeck Generator | Run 002
[2025-07-18 14:33:08] Running: python single_run.py --experiment experiment\exp_20250718_143256\results --generator Linear Trend Generator --agent Frequency-Based Majority Agent --run 003 --steps 100 --start_value 0.0 --agent_params {} --generator_params {"start_value": 10.0, "slope": 0.5}
[2025-07-18 14:33:08] Run completed: Always Up Agent x Ornstein-Uhlenbeck Generator | Run 002
[2025-07-18 14:33:08] Running: python single_run.py --experiment experiment\exp_20250718_143256\results --generator Constant Generator --agent Frequency-Based Majority Agent --run 001 --steps 100 --start_value 0.0 --agent_params {} --generator_params {}
[2025-07-18 14:33:14] Run completed: Repeat Last Movement Agent x Random Walk Generator | Run 001
[2025-07-18 14:33:14] Running: python single_run.py --experiment experiment\exp_20250718_143256\results --generator Constant Generator --agent Frequency-Based Majority Agent --run 002 --steps 100 --start_value 0.0 --agent_params {} --generator_params {}
[2025-07-18 14:33:14] Run completed: Frequency-Based Majority Agent x Linear Trend Generator | Run 002
[2025-07-18 14:33:14] Running: python single_run.py --experiment experiment\exp_20250718_143256\results --generator Constant Generator --agent Frequency-Based Majority Agent --run 003 --steps 100 --start_value 0.0 --agent_params {} --generator_params {}
[2025-07-18 14:33:14] Run completed: Repeat Last Movement Agent x Ornstein-Uhlenbeck Generator | Run 003
[2025-07-18 14:33:14] Running: python single_run.py --experiment experiment\exp_20250718_143256\results --generator Periodic Trend Generator --agent Frequency-Based Majority Agent --run 001 --steps 100 --start_value 0.0 --agent_params {} --generator_params {"start_value": 10.0, "amplitude": 2.0, "frequency": 0.1}
[2025-07-18 14:33:14] Run completed: Repeat Last Movement Agent x Random Walk Generator | Run 003
[2025-07-18 14:33:14] Running: python single_run.py --experiment experiment\exp_20250718_143256\results --generator Periodic Trend Generator --agent Frequency-Based Majority Agent --run 002 --steps 100 --start_value 0.0 --agent_params {} --generator_params {"start_value": 10.0, "amplitude": 2.0, "frequency": 0.1}
[2025-07-18 14:33:14] Run failed: Command '['python', 'single_run.py', '--experiment', 'experiment\\exp_20250718_143256\\results', '--generator', 'Constant Generator', '--agent', 'Frequency-Based Majority Agent', '--run', '001', '--steps', '100', '--start_value', '0.0', '--agent_params', '{}', '--generator_params', '{}']' returned non-zero exit status 1.
[2025-07-18 14:33:14] Running: python single_run.py --experiment experiment\exp_20250718_143256\results --generator Periodic Trend Generator --agent Frequency-Based Majority Agent --run 003 --steps 100 --start_value 0.0 --agent_params {} --generator_params {"start_value": 10.0, "amplitude": 2.0, "frequency": 0.1}
[2025-07-18 14:33:14] Run completed: Repeat Last Movement Agent x Random Walk Generator | Run 002
[2025-07-18 14:33:14] Running: python single_run.py --experiment experiment\exp_20250718_143256\results --generator Ornstein-Uhlenbeck Generator --agent Frequency-Based Majority Agent --run 001 --steps 100 --start_value 0.0 --agent_params {} --generator_params {"mu": 10.0, "theta": 0.15, "sigma": 0.2, "dt": 1.0, "start_value": 20.0}
[2025-07-18 14:33:14] Run completed: Frequency-Based Majority Agent x Linear Trend Generator | Run 003
[2025-07-18 14:33:14] Running: python single_run.py --experiment experiment\exp_20250718_143256\results --generator Ornstein-Uhlenbeck Generator --agent Frequency-Based Majority Agent --run 002 --steps 100 --start_value 0.0 --agent_params {} --generator_params {"mu": 10.0, "theta": 0.15, "sigma": 0.2, "dt": 1.0, "start_value": 20.0}
[2025-07-18 14:33:14] Run completed: Frequency-Based Majority Agent x Linear Trend Generator | Run 001
[2025-07-18 14:33:14] Running: python single_run.py --experiment experiment\exp_20250718_143256\results --generator Ornstein-Uhlenbeck Generator --agent Frequency-Based Majority Agent --run 003 --steps 100 --start_value 0.0 --agent_params {} --generator_params {"mu": 10.0, "theta": 0.15, "sigma": 0.2, "dt": 1.0, "start_value": 20.0}
[2025-07-18 14:33:20] Run failed: Command '['python', 'single_run.py', '--experiment', 'experiment\\exp_20250718_143256\\results', '--generator', 'Constant Generator', '--agent', 'Frequency-Based Majority Agent', '--run', '003', '--steps', '100', '--start_value', '0.0', '--agent_params', '{}', '--generator_params', '{}']' returned non-zero exit status 1.
[2025-07-18 14:33:20] Running: python single_run.py --experiment experiment\exp_20250718_143256\results --generator Random Walk Generator --agent Frequency-Based Majority Agent --run 001 --steps 100 --start_value 0.0 --agent_params {} --generator_params {"start_value": 0.0, "mu": 0.0, "sigma": 1.0}
[2025-07-18 14:33:20] Run completed: Frequency-Based Majority Agent x Periodic Trend Generator | Run 001
[2025-07-18 14:33:20] Running: python single_run.py --experiment experiment\exp_20250718_143256\results --generator Random Walk Generator --agent Frequency-Based Majority Agent --run 002 --steps 100 --start_value 0.0 --agent_params {} --generator_params {"start_value": 0.0, "mu": 0.0, "sigma": 1.0}
[2025-07-18 14:33:20] Run failed: Command '['python', 'single_run.py', '--experiment', 'experiment\\exp_20250718_143256\\results', '--generator', 'Constant Generator', '--agent', 'Frequency-Based Majority Agent', '--run', '002', '--steps', '100', '--start_value', '0.0', '--agent_params', '{}', '--generator_params', '{}']' returned non-zero exit status 1.
[2025-07-18 14:33:21] Running: python single_run.py --experiment experiment\exp_20250718_143256\results --generator Random Walk Generator --agent Frequency-Based Majority Agent --run 003 --steps 100 --start_value 0.0 --agent_params {} --generator_params {"start_value": 0.0, "mu": 0.0, "sigma": 1.0}
[2025-07-18 14:33:21] Run completed: Frequency-Based Majority Agent x Periodic Trend Generator | Run 002
[2025-07-18 14:33:21] Running: python single_run.py --experiment experiment\exp_20250718_143256\results --generator Ornstein-Uhlenbeck Generator --agent Static Mean Reversion Agent --run 001 --steps 100 --start_value 0.0 --agent_params {} --generator_params {"mu": 10.0, "theta": 0.15, "sigma": 0.2, "dt": 1.0, "start_value": 20.0}
[2025-07-18 14:33:21] Run completed: Frequency-Based Majority Agent x Periodic Trend Generator | Run 003
[2025-07-18 14:33:21] Running: python single_run.py --experiment experiment\exp_20250718_143256\results --generator Ornstein-Uhlenbeck Generator --agent Static Mean Reversion Agent --run 002 --steps 100 --start_value 0.0 --agent_params {} --generator_params {"mu": 10.0, "theta": 0.15, "sigma": 0.2, "dt": 1.0, "start_value": 20.0}
[2025-07-18 14:33:21] Run completed: Frequency-Based Majority Agent x Ornstein-Uhlenbeck Generator | Run 003
[2025-07-18 14:33:21] Running: python single_run.py --experiment experiment\exp_20250718_143256\results --generator Ornstein-Uhlenbeck Generator --agent Static Mean Reversion Agent --run 003 --steps 100 --start_value 0.0 --agent_params {} --generator_params {"mu": 10.0, "theta": 0.15, "sigma": 0.2, "dt": 1.0, "start_value": 20.0}
[2025-07-18 14:33:21] Run completed: Frequency-Based Majority Agent x Ornstein-Uhlenbeck Generator | Run 001
[2025-07-18 14:33:21] Running: python single_run.py --experiment experiment\exp_20250718_143256\results --generator Random Walk Generator --agent Static Mean Reversion Agent --run 001 --steps 100 --start_value 0.0 --agent_params {} --generator_params {"start_value": 0.0, "mu": 0.0, "sigma": 1.0}
[2025-07-18 14:33:21] Run completed: Frequency-Based Majority Agent x Ornstein-Uhlenbeck Generator | Run 002
[2025-07-18 14:33:21] Running: python single_run.py --experiment experiment\exp_20250718_143256\results --generator Random Walk Generator --agent Static Mean Reversion Agent --run 002 --steps 100 --start_value 0.0 --agent_params {} --generator_params {"start_value": 0.0, "mu": 0.0, "sigma": 1.0}
[2025-07-18 14:33:27] Run completed: Frequency-Based Majority Agent x Random Walk Generator | Run 001
[2025-07-18 14:33:27] Running: python single_run.py --experiment experiment\exp_20250718_143256\results --generator Random Walk Generator --agent Static Mean Reversion Agent --run 003 --steps 100 --start_value 0.0 --agent_params {} --generator_params {"start_value": 0.0, "mu": 0.0, "sigma": 1.0}
[2025-07-18 14:33:27] Run completed: Frequency-Based Majority Agent x Random Walk Generator | Run 002
[2025-07-18 14:33:27] Running: python single_run.py --experiment experiment\exp_20250718_143256\results --generator Linear Trend Generator --agent Dynamic Mean Reversion Agent --run 001 --steps 100 --start_value 0.0 --agent_params {"time_window": 5} --generator_params {"start_value": 10.0, "slope": 0.5}
[2025-07-18 14:33:27] Run completed: Frequency-Based Majority Agent x Random Walk Generator | Run 003
[2025-07-18 14:33:27] Running: python single_run.py --experiment experiment\exp_20250718_143256\results --generator Linear Trend Generator --agent Dynamic Mean Reversion Agent --run 002 --steps 100 --start_value 0.0 --agent_params {"time_window": 5} --generator_params {"start_value": 10.0, "slope": 0.5}
[2025-07-18 14:33:27] Run completed: Static Mean Reversion Agent x Ornstein-Uhlenbeck Generator | Run 001
[2025-07-18 14:33:27] Running: python single_run.py --experiment experiment\exp_20250718_143256\results --generator Linear Trend Generator --agent Dynamic Mean Reversion Agent --run 003 --steps 100 --start_value 0.0 --agent_params {"time_window": 5} --generator_params {"start_value": 10.0, "slope": 0.5}
[2025-07-18 14:33:27] Run completed: Static Mean Reversion Agent x Ornstein-Uhlenbeck Generator | Run 002
[2025-07-18 14:33:27] Running: python single_run.py --experiment experiment\exp_20250718_143256\results --generator Constant Generator --agent Dynamic Mean Reversion Agent --run 001 --steps 100 --start_value 0.0 --agent_params {"time_window": 5} --generator_params {}
[2025-07-18 14:33:27] Run completed: Static Mean Reversion Agent x Ornstein-Uhlenbeck Generator | Run 003
[2025-07-18 14:33:27] Running: python single_run.py --experiment experiment\exp_20250718_143256\results --generator Constant Generator --agent Dynamic Mean Reversion Agent --run 002 --steps 100 --start_value 0.0 --agent_params {"time_window": 5} --generator_params {}
[2025-07-18 14:33:27] Run completed: Static Mean Reversion Agent x Random Walk Generator | Run 001
[2025-07-18 14:33:27] Running: python single_run.py --experiment experiment\exp_20250718_143256\results --generator Constant Generator --agent Dynamic Mean Reversion Agent --run 003 --steps 100 --start_value 0.0 --agent_params {"time_window": 5} --generator_params {}
[2025-07-18 14:33:28] Run completed: Static Mean Reversion Agent x Random Walk Generator | Run 002
[2025-07-18 14:33:28] Running: python single_run.py --experiment experiment\exp_20250718_143256\results --generator Periodic Trend Generator --agent Dynamic Mean Reversion Agent --run 001 --steps 100 --start_value 0.0 --agent_params {"time_window": 5} --generator_params {"start_value": 10.0, "amplitude": 2.0, "frequency": 0.1}
[2025-07-18 14:33:34] Run completed: Static Mean Reversion Agent x Random Walk Generator | Run 003
[2025-07-18 14:33:34] Run completed: Dynamic Mean Reversion Agent x Linear Trend Generator | Run 002
[2025-07-18 14:33:34] Running: python single_run.py --experiment experiment\exp_20250718_143256\results --generator Periodic Trend Generator --agent Dynamic Mean Reversion Agent --run 002 --steps 100 --start_value 0.0 --agent_params {"time_window": 5} --generator_params {"start_value": 10.0, "amplitude": 2.0, "frequency": 0.1}
[2025-07-18 14:33:34] Running: python single_run.py --experiment experiment\exp_20250718_143256\results --generator Periodic Trend Generator --agent Dynamic Mean Reversion Agent --run 003 --steps 100 --start_value 0.0 --agent_params {"time_window": 5} --generator_params {"start_value": 10.0, "amplitude": 2.0, "frequency": 0.1}
[2025-07-18 14:33:34] Run completed: Dynamic Mean Reversion Agent x Linear Trend Generator | Run 001
[2025-07-18 14:33:34] Running: python single_run.py --experiment experiment\exp_20250718_143256\results --generator Ornstein-Uhlenbeck Generator --agent Dynamic Mean Reversion Agent --run 001 --steps 100 --start_value 0.0 --agent_params {"time_window": 5} --generator_params {"mu": 10.0, "theta": 0.15, "sigma": 0.2, "dt": 1.0, "start_value": 20.0}
[2025-07-18 14:33:34] Run failed: Command '['python', 'single_run.py', '--experiment', 'experiment\\exp_20250718_143256\\results', '--generator', 'Constant Generator', '--agent', 'Dynamic Mean Reversion Agent', '--run', '002', '--steps', '100', '--start_value', '0.0', '--agent_params', '{"time_window": 5}', '--generator_params', '{}']' returned non-zero exit status 1.
[2025-07-18 14:33:34] Running: python single_run.py --experiment experiment\exp_20250718_143256\results --generator Ornstein-Uhlenbeck Generator --agent Dynamic Mean Reversion Agent --run 002 --steps 100 --start_value 0.0 --agent_params {"time_window": 5} --generator_params {"mu": 10.0, "theta": 0.15, "sigma": 0.2, "dt": 1.0, "start_value": 20.0}
[2025-07-18 14:33:34] Run completed: Dynamic Mean Reversion Agent x Linear Trend Generator | Run 003
[2025-07-18 14:33:34] Running: python single_run.py --experiment experiment\exp_20250718_143256\results --generator Ornstein-Uhlenbeck Generator --agent Dynamic Mean Reversion Agent --run 003 --steps 100 --start_value 0.0 --agent_params {"time_window": 5} --generator_params {"mu": 10.0, "theta": 0.15, "sigma": 0.2, "dt": 1.0, "start_value": 20.0}
[2025-07-18 14:33:34] Run failed: Command '['python', 'single_run.py', '--experiment', 'experiment\\exp_20250718_143256\\results', '--generator', 'Constant Generator', '--agent', 'Dynamic Mean Reversion Agent', '--run', '001', '--steps', '100', '--start_value', '0.0', '--agent_params', '{"time_window": 5}', '--generator_params', '{}']' returned non-zero exit status 1.
[2025-07-18 14:33:34] Running: python single_run.py --experiment experiment\exp_20250718_143256\results --generator Random Walk Generator --agent Dynamic Mean Reversion Agent --run 001 --steps 100 --start_value 0.0 --agent_params {"time_window": 5} --generator_params {"start_value": 0.0, "mu": 0.0, "sigma": 1.0}
[2025-07-18 14:33:35] Run failed: Command '['python', 'single_run.py', '--experiment', 'experiment\\exp_20250718_143256\\results', '--generator', 'Constant Generator', '--agent', 'Dynamic Mean Reversion Agent', '--run', '003', '--steps', '100', '--start_value', '0.0', '--agent_params', '{"time_window": 5}', '--generator_params', '{}']' returned non-zero exit status 1.
[2025-07-18 14:33:35] Running: python single_run.py --experiment experiment\exp_20250718_143256\results --generator Random Walk Generator --agent Dynamic Mean Reversion Agent --run 002 --steps 100 --start_value 0.0 --agent_params {"time_window": 5} --generator_params {"start_value": 0.0, "mu": 0.0, "sigma": 1.0}
[2025-07-18 14:33:35] Run completed: Dynamic Mean Reversion Agent x Periodic Trend Generator | Run 001
[2025-07-18 14:33:35] Running: python single_run.py --experiment experiment\exp_20250718_143256\results --generator Random Walk Generator --agent Dynamic Mean Reversion Agent --run 003 --steps 100 --start_value 0.0 --agent_params {"time_window": 5} --generator_params {"start_value": 0.0, "mu": 0.0, "sigma": 1.0}
[2025-07-18 14:33:43] Run completed: Dynamic Mean Reversion Agent x Ornstein-Uhlenbeck Generator | Run 002
[2025-07-18 14:33:43] Running: python single_run.py --experiment experiment\exp_20250718_143256\results --generator Linear Trend Generator --agent SGD Classifier Agent --run 001 --steps 100 --start_value 0.0 --agent_params {"window_size": 10} --generator_params {"start_value": 10.0, "slope": 0.5}
[2025-07-18 14:33:43] Run completed: Dynamic Mean Reversion Agent x Random Walk Generator | Run 001
[2025-07-18 14:33:43] Running: python single_run.py --experiment experiment\exp_20250718_143256\results --generator Linear Trend Generator --agent SGD Classifier Agent --run 002 --steps 100 --start_value 0.0 --agent_params {"window_size": 10} --generator_params {"start_value": 10.0, "slope": 0.5}
[2025-07-18 14:33:43] Run completed: Dynamic Mean Reversion Agent x Ornstein-Uhlenbeck Generator | Run 003
[2025-07-18 14:33:43] Running: python single_run.py --experiment experiment\exp_20250718_143256\results --generator Linear Trend Generator --agent SGD Classifier Agent --run 003 --steps 100 --start_value 0.0 --agent_params {"window_size": 10} --generator_params {"start_value": 10.0, "slope": 0.5}
[2025-07-18 14:33:43] Run completed: Dynamic Mean Reversion Agent x Periodic Trend Generator | Run 002
[2025-07-18 14:33:43] Running: python single_run.py --experiment experiment\exp_20250718_143256\results --generator Constant Generator --agent SGD Classifier Agent --run 001 --steps 100 --start_value 0.0 --agent_params {"window_size": 10} --generator_params {}
[2025-07-18 14:33:44] Run completed: Dynamic Mean Reversion Agent x Periodic Trend Generator | Run 003
[2025-07-18 14:33:44] Running: python single_run.py --experiment experiment\exp_20250718_143256\results --generator Constant Generator --agent SGD Classifier Agent --run 002 --steps 100 --start_value 0.0 --agent_params {"window_size": 10} --generator_params {}
[2025-07-18 14:33:44] Run completed: Dynamic Mean Reversion Agent x Random Walk Generator | Run 002
[2025-07-18 14:33:44] Running: python single_run.py --experiment experiment\exp_20250718_143256\results --generator Constant Generator --agent SGD Classifier Agent --run 003 --steps 100 --start_value 0.0 --agent_params {"window_size": 10} --generator_params {}
[2025-07-18 14:33:44] Run completed: Dynamic Mean Reversion Agent x Random Walk Generator | Run 003
[2025-07-18 14:33:44] Running: python single_run.py --experiment experiment\exp_20250718_143256\results --generator Periodic Trend Generator --agent SGD Classifier Agent --run 001 --steps 100 --start_value 0.0 --agent_params {"window_size": 10} --generator_params {"start_value": 10.0, "amplitude": 2.0, "frequency": 0.1}
[2025-07-18 14:33:44] Run completed: Dynamic Mean Reversion Agent x Ornstein-Uhlenbeck Generator | Run 001
[2025-07-18 14:33:44] Running: python single_run.py --experiment experiment\exp_20250718_143256\results --generator Periodic Trend Generator --agent SGD Classifier Agent --run 002 --steps 100 --start_value 0.0 --agent_params {"window_size": 10} --generator_params {"start_value": 10.0, "amplitude": 2.0, "frequency": 0.1}
[2025-07-18 14:33:50] Run completed: SGD Classifier Agent x Linear Trend Generator | Run 001
[2025-07-18 14:33:50] Running: python single_run.py --experiment experiment\exp_20250718_143256\results --generator Periodic Trend Generator --agent SGD Classifier Agent --run 003 --steps 100 --start_value 0.0 --agent_params {"window_size": 10} --generator_params {"start_value": 10.0, "amplitude": 2.0, "frequency": 0.1}
[2025-07-18 14:33:50] Run completed: SGD Classifier Agent x Linear Trend Generator | Run 002
[2025-07-18 14:33:50] Running: python single_run.py --experiment experiment\exp_20250718_143256\results --generator Ornstein-Uhlenbeck Generator --agent SGD Classifier Agent --run 001 --steps 100 --start_value 0.0 --agent_params {"window_size": 10} --generator_params {"mu": 10.0, "theta": 0.15, "sigma": 0.2, "dt": 1.0, "start_value": 20.0}
[2025-07-18 14:33:50] Run failed: Command '['python', 'single_run.py', '--experiment', 'experiment\\exp_20250718_143256\\results', '--generator', 'Constant Generator', '--agent', 'SGD Classifier Agent', '--run', '001', '--steps', '100', '--start_value', '0.0', '--agent_params', '{"window_size": 10}', '--generator_params', '{}']' returned non-zero exit status 1.
[2025-07-18 14:33:50] Running: python single_run.py --experiment experiment\exp_20250718_143256\results --generator Ornstein-Uhlenbeck Generator --agent SGD Classifier Agent --run 002 --steps 100 --start_value 0.0 --agent_params {"window_size": 10} --generator_params {"mu": 10.0, "theta": 0.15, "sigma": 0.2, "dt": 1.0, "start_value": 20.0}
[2025-07-18 14:33:51] Run completed: SGD Classifier Agent x Linear Trend Generator | Run 003
[2025-07-18 14:33:51] Running: python single_run.py --experiment experiment\exp_20250718_143256\results --generator Ornstein-Uhlenbeck Generator --agent SGD Classifier Agent --run 003 --steps 100 --start_value 0.0 --agent_params {"window_size": 10} --generator_params {"mu": 10.0, "theta": 0.15, "sigma": 0.2, "dt": 1.0, "start_value": 20.0}
[2025-07-18 14:33:51] Run failed: Command '['python', 'single_run.py', '--experiment', 'experiment\\exp_20250718_143256\\results', '--generator', 'Constant Generator', '--agent', 'SGD Classifier Agent', '--run', '002', '--steps', '100', '--start_value', '0.0', '--agent_params', '{"window_size": 10}', '--generator_params', '{}']' returned non-zero exit status 1.
[2025-07-18 14:33:51] Running: python single_run.py --experiment experiment\exp_20250718_143256\results --generator Random Walk Generator --agent SGD Classifier Agent --run 001 --steps 100 --start_value 0.0 --agent_params {"window_size": 10} --generator_params {"start_value": 0.0, "mu": 0.0, "sigma": 1.0}
[2025-07-18 14:33:51] Run failed: Command '['python', 'single_run.py', '--experiment', 'experiment\\exp_20250718_143256\\results', '--generator', 'Constant Generator', '--agent', 'SGD Classifier Agent', '--run', '003', '--steps', '100', '--start_value', '0.0', '--agent_params', '{"window_size": 10}', '--generator_params', '{}']' returned non-zero exit status 1.
[2025-07-18 14:33:51] Running: python single_run.py --experiment experiment\exp_20250718_143256\results --generator Random Walk Generator --agent SGD Classifier Agent --run 002 --steps 100 --start_value 0.0 --agent_params {"window_size": 10} --generator_params {"start_value": 0.0, "mu": 0.0, "sigma": 1.0}
[2025-07-18 14:33:51] Run completed: SGD Classifier Agent x Periodic Trend Generator | Run 001
[2025-07-18 14:33:51] Running: python single_run.py --experiment experiment\exp_20250718_143256\results --generator Random Walk Generator --agent SGD Classifier Agent --run 003 --steps 100 --start_value 0.0 --agent_params {"window_size": 10} --generator_params {"start_value": 0.0, "mu": 0.0, "sigma": 1.0}
[2025-07-18 14:33:51] Run completed: SGD Classifier Agent x Periodic Trend Generator | Run 002
[2025-07-18 14:33:51] Running: python single_run.py --experiment experiment\exp_20250718_143256\results --generator Linear Trend Generator --agent DQN Agent --run 001 --steps 100 --start_value 0.0 --agent_params {"state_size": 10, "gamma": 0.95, "epsilon": 1.0, "epsilon_min": 0.05, "epsilon_decay": 0.995, "lr": 0.001, "batch_size": 32, "memory_size": 1000} --generator_params {"start_value": 10.0, "slope": 0.5}
[2025-07-18 14:33:58] Run completed: SGD Classifier Agent x Ornstein-Uhlenbeck Generator | Run 001
[2025-07-18 14:33:58] Running: python single_run.py --experiment experiment\exp_20250718_143256\results --generator Linear Trend Generator --agent DQN Agent --run 003 --steps 100 --start_value 0.0 --agent_params {"state_size": 10, "gamma": 0.95, "epsilon": 1.0, "epsilon_min": 0.05, "epsilon_decay": 0.995, "lr": 0.001, "batch_size": 32, "memory_size": 1000} --generator_params {"start_value": 10.0, "slope": 0.5}
[2025-07-18 14:33:58] Run completed: SGD Classifier Agent x Periodic Trend Generator | Run 003
[2025-07-18 14:33:58] Running: python single_run.py --experiment experiment\exp_20250718_143256\results --generator Constant Generator --agent DQN Agent --run 001 --steps 100 --start_value 0.0 --agent_params {"state_size": 10, "gamma": 0.95, "epsilon": 1.0, "epsilon_min": 0.05, "epsilon_decay": 0.995, "lr": 0.001, "batch_size": 32, "memory_size": 1000} --generator_params {}
[2025-07-18 14:33:58] Run completed: SGD Classifier Agent x Ornstein-Uhlenbeck Generator | Run 003
[2025-07-18 14:33:58] Running: python single_run.py --experiment experiment\exp_20250718_143256\results --generator Constant Generator --agent DQN Agent --run 002 --steps 100 --start_value 0.0 --agent_params {"state_size": 10, "gamma": 0.95, "epsilon": 1.0, "epsilon_min": 0.05, "epsilon_decay": 0.995, "lr": 0.001, "batch_size": 32, "memory_size": 1000} --generator_params {}
[2025-07-18 14:33:58] Run completed: SGD Classifier Agent x Random Walk Generator | Run 001
[2025-07-18 14:33:58] Running: python single_run.py --experiment experiment\exp_20250718_143256\results --generator Constant Generator --agent DQN Agent --run 003 --steps 100 --start_value 0.0 --agent_params {"state_size": 10, "gamma": 0.95, "epsilon": 1.0, "epsilon_min": 0.05, "epsilon_decay": 0.995, "lr": 0.001, "batch_size": 32, "memory_size": 1000} --generator_params {}
[2025-07-18 14:33:58] Run completed: SGD Classifier Agent x Random Walk Generator | Run 002
[2025-07-18 14:33:58] Running: python single_run.py --experiment experiment\exp_20250718_143256\results --generator Periodic Trend Generator --agent DQN Agent --run 001 --steps 100 --start_value 0.0 --agent_params {"state_size": 10, "gamma": 0.95, "epsilon": 1.0, "epsilon_min": 0.05, "epsilon_decay": 0.995, "lr": 0.001, "batch_size": 32, "memory_size": 1000} --generator_params {"start_value": 10.0, "amplitude": 2.0, "frequency": 0.1}
[2025-07-18 14:33:58] Run completed: SGD Classifier Agent x Random Walk Generator | Run 003
[2025-07-18 14:33:58] Running: python single_run.py --experiment experiment\exp_20250718_143256\results --generator Periodic Trend Generator --agent DQN Agent --run 002 --steps 100 --start_value 0.0 --agent_params {"state_size": 10, "gamma": 0.95, "epsilon": 1.0, "epsilon_min": 0.05, "epsilon_decay": 0.995, "lr": 0.001, "batch_size": 32, "memory_size": 1000} --generator_params {"start_value": 10.0, "amplitude": 2.0, "frequency": 0.1}
[2025-07-18 14:34:02] Run completed: DQN Agent x Linear Trend Generator | Run 001
[2025-07-18 14:34:02] Running: python single_run.py --experiment experiment\exp_20250718_143256\results --generator Periodic Trend Generator --agent DQN Agent --run 003 --steps 100 --start_value 0.0 --agent_params {"state_size": 10, "gamma": 0.95, "epsilon": 1.0, "epsilon_min": 0.05, "epsilon_decay": 0.995, "lr": 0.001, "batch_size": 32, "memory_size": 1000} --generator_params {"start_value": 10.0, "amplitude": 2.0, "frequency": 0.1}
[2025-07-18 14:34:08] Run completed: DQN Agent x Linear Trend Generator | Run 003
[2025-07-18 14:34:08] Running: python single_run.py --experiment experiment\exp_20250718_143256\results --generator Ornstein-Uhlenbeck Generator --agent DQN Agent --run 001 --steps 100 --start_value 0.0 --agent_params {"state_size": 10, "gamma": 0.95, "epsilon": 1.0, "epsilon_min": 0.05, "epsilon_decay": 0.995, "lr": 0.001, "batch_size": 32, "memory_size": 1000} --generator_params {"mu": 10.0, "theta": 0.15, "sigma": 0.2, "dt": 1.0, "start_value": 20.0}
[2025-07-18 14:34:08] Run failed: Command '['python', 'single_run.py', '--experiment', 'experiment\\exp_20250718_143256\\results', '--generator', 'Constant Generator', '--agent', 'DQN Agent', '--run', '001', '--steps', '100', '--start_value', '0.0', '--agent_params', '{"state_size": 10, "gamma": 0.95, "epsilon": 1.0, "epsilon_min": 0.05, "epsilon_decay": 0.995, "lr": 0.001, "batch_size": 32, "memory_size": 1000}', '--generator_params', '{}']' returned non-zero exit status 1.
[2025-07-18 14:34:08] Running: python single_run.py --experiment experiment\exp_20250718_143256\results --generator Ornstein-Uhlenbeck Generator --agent DQN Agent --run 002 --steps 100 --start_value 0.0 --agent_params {"state_size": 10, "gamma": 0.95, "epsilon": 1.0, "epsilon_min": 0.05, "epsilon_decay": 0.995, "lr": 0.001, "batch_size": 32, "memory_size": 1000} --generator_params {"mu": 10.0, "theta": 0.15, "sigma": 0.2, "dt": 1.0, "start_value": 20.0}
[2025-07-18 14:34:08] Run failed: Command '['python', 'single_run.py', '--experiment', 'experiment\\exp_20250718_143256\\results', '--generator', 'Constant Generator', '--agent', 'DQN Agent', '--run', '003', '--steps', '100', '--start_value', '0.0', '--agent_params', '{"state_size": 10, "gamma": 0.95, "epsilon": 1.0, "epsilon_min": 0.05, "epsilon_decay": 0.995, "lr": 0.001, "batch_size": 32, "memory_size": 1000}', '--generator_params', '{}']' returned non-zero exit status 1.
[2025-07-18 14:34:08] Running: python single_run.py --experiment experiment\exp_20250718_143256\results --generator Ornstein-Uhlenbeck Generator --agent DQN Agent --run 003 --steps 100 --start_value 0.0 --agent_params {"state_size": 10, "gamma": 0.95, "epsilon": 1.0, "epsilon_min": 0.05, "epsilon_decay": 0.995, "lr": 0.001, "batch_size": 32, "memory_size": 1000} --generator_params {"mu": 10.0, "theta": 0.15, "sigma": 0.2, "dt": 1.0, "start_value": 20.0}
[2025-07-18 14:34:08] Run completed: DQN Agent x Linear Trend Generator | Run 002
[2025-07-18 14:34:08] Running: python single_run.py --experiment experiment\exp_20250718_143256\results --generator Random Walk Generator --agent DQN Agent --run 001 --steps 100 --start_value 0.0 --agent_params {"state_size": 10, "gamma": 0.95, "epsilon": 1.0, "epsilon_min": 0.05, "epsilon_decay": 0.995, "lr": 0.001, "batch_size": 32, "memory_size": 1000} --generator_params {"start_value": 0.0, "mu": 0.0, "sigma": 1.0}
[2025-07-18 14:34:08] Run failed: Command '['python', 'single_run.py', '--experiment', 'experiment\\exp_20250718_143256\\results', '--generator', 'Constant Generator', '--agent', 'DQN Agent', '--run', '002', '--steps', '100', '--start_value', '0.0', '--agent_params', '{"state_size": 10, "gamma": 0.95, "epsilon": 1.0, "epsilon_min": 0.05, "epsilon_decay": 0.995, "lr": 0.001, "batch_size": 32, "memory_size": 1000}', '--generator_params', '{}']' returned non-zero exit status 1.
[2025-07-18 14:34:08] Running: python single_run.py --experiment experiment\exp_20250718_143256\results --generator Random Walk Generator --agent DQN Agent --run 002 --steps 100 --start_value 0.0 --agent_params {"state_size": 10, "gamma": 0.95, "epsilon": 1.0, "epsilon_min": 0.05, "epsilon_decay": 0.995, "lr": 0.001, "batch_size": 32, "memory_size": 1000} --generator_params {"start_value": 0.0, "mu": 0.0, "sigma": 1.0}
[2025-07-18 14:34:08] Run completed: DQN Agent x Periodic Trend Generator | Run 002
[2025-07-18 14:34:08] Running: python single_run.py --experiment experiment\exp_20250718_143256\results --generator Random Walk Generator --agent DQN Agent --run 003 --steps 100 --start_value 0.0 --agent_params {"state_size": 10, "gamma": 0.95, "epsilon": 1.0, "epsilon_min": 0.05, "epsilon_decay": 0.995, "lr": 0.001, "batch_size": 32, "memory_size": 1000} --generator_params {"start_value": 0.0, "mu": 0.0, "sigma": 1.0}
[2025-07-18 14:34:08] Run completed: DQN Agent x Periodic Trend Generator | Run 001
[2025-07-18 14:34:12] Run completed: DQN Agent x Periodic Trend Generator | Run 003
[2025-07-18 14:34:17] Run completed: DQN Agent x Ornstein-Uhlenbeck Generator | Run 001
[2025-07-18 14:34:17] Run completed: DQN Agent x Random Walk Generator | Run 001
[2025-07-18 14:34:17] Run completed: DQN Agent x Random Walk Generator | Run 002
[2025-07-18 14:34:18] Run completed: DQN Agent x Ornstein-Uhlenbeck Generator | Run 002
[2025-07-18 14:34:18] Run completed: DQN Agent x Ornstein-Uhlenbeck Generator | Run 003
[2025-07-18 14:34:18] Run completed: DQN Agent x Random Walk Generator | Run 003
[2025-07-18 14:34:18] All runs completed. Aggregating results...
[2025-07-18 14:34:19] Aggregation completed. Summary and convergence data saved.
[2025-07-18 14:34:19] Experiment exp_20250718_143256 completed.
