EPISODE:  0
{'batch_size': 128, 'buffer_size': 1000000, 'learning_rate': 0.0001, 'learning_starts': 100, 'ent_coef': 'auto_0.1'}
Using cuda device
EPISODE:  1
EPISODE:  2
EPISODE:  3
EPISODE:  4
EPISODE:  5
----------------------------------
| time/              |           |
|    episodes        | 4         |
|    fps             | 8         |
|    time_elapsed    | 485       |
|    total_timesteps | 4000      |
| train/             |           |
|    actor_loss      | -3.8e+04  |
|    critic_loss     | 4.15e+04  |
|    ent_coef        | 0.154     |
|    ent_coef_loss   | 35.1      |
|    learning_rate   | 0.0001    |
|    n_updates       | 3899      |
|    reward          | 3318.8857 |
----------------------------------
EPISODE:  6
EPISODE:  7
EPISODE:  8
EPISODE:  9
----------------------------------
| time/              |           |
|    episodes        | 8         |
|    fps             | 8         |
|    time_elapsed    | 985       |
|    total_timesteps | 8000      |
| train/             |           |
|    actor_loss      | -7.08e+04 |
|    critic_loss     | 1.8e+05   |
|    ent_coef        | 0.23      |
|    ent_coef_loss   | 27.7      |
|    learning_rate   | 0.0001    |
|    n_updates       | 7899      |
|    reward          | 3318.8857 |
----------------------------------
EPISODE:  10
EPISODE:  11
EPISODE:  12
EPISODE:  13
----------------------------------
| time/              |           |
|    episodes        | 12        |
|    fps             | 8         |
|    time_elapsed    | 1483      |
|    total_timesteps | 12000     |
| train/             |           |
|    actor_loss      | -9.84e+04 |
|    critic_loss     | 4.1e+05   |
|    ent_coef        | 0.343     |
|    ent_coef_loss   | 20.1      |
|    learning_rate   | 0.0001    |
|    n_updates       | 11899     |
|    reward          | 3318.8857 |
----------------------------------
EPISODE:  14
EPISODE:  15
EPISODE:  16
EPISODE:  17
----------------------------------
| time/              |           |
|    episodes        | 16        |
|    fps             | 8         |
|    time_elapsed    | 1982      |
|    total_timesteps | 16000     |
| train/             |           |
|    actor_loss      | -1.2e+05  |
|    critic_loss     | 7.9e+04   |
|    ent_coef        | 0.512     |
|    ent_coef_loss   | 12.5      |
|    learning_rate   | 0.0001    |
|    n_updates       | 15899     |
|    reward          | 3318.8857 |
----------------------------------
EPISODE:  18
EPISODE:  19
EPISODE:  20
EPISODE:  21
----------------------------------
| time/              |           |
|    episodes        | 20        |
|    fps             | 8         |
|    time_elapsed    | 2480      |
|    total_timesteps | 20000     |
| train/             |           |
|    actor_loss      | -1.42e+05 |
|    critic_loss     | 1.5e+04   |
|    ent_coef        | 0.764     |
|    ent_coef_loss   | 5.05      |
|    learning_rate   | 0.0001    |
|    n_updates       | 19899     |
|    reward          | 3318.8857 |
----------------------------------
EPISODE:  22
EPISODE:  23
EPISODE:  24
EPISODE:  25
----------------------------------
| time/              |           |
|    episodes        | 24        |
|    fps             | 8         |
|    time_elapsed    | 2978      |
|    total_timesteps | 24000     |
| train/             |           |
|    actor_loss      | -1.5e+05  |
|    critic_loss     | 5.35e+04  |
|    ent_coef        | 1.14      |
|    ent_coef_loss   | -2.47     |
|    learning_rate   | 0.0001    |
|    n_updates       | 23899     |
|    reward          | 3318.8857 |
----------------------------------
EPISODE:  26
EPISODE:  27
EPISODE:  28
EPISODE:  29
----------------------------------
| time/              |           |
|    episodes        | 28        |
|    fps             | 8         |
|    time_elapsed    | 3477      |
|    total_timesteps | 28000     |
| train/             |           |
|    actor_loss      | -1.67e+05 |
|    critic_loss     | 3.73e+08  |
|    ent_coef        | 1.7       |
|    ent_coef_loss   | -9.95     |
|    learning_rate   | 0.0001    |
|    n_updates       | 27899     |
|    reward          | 3318.8857 |
----------------------------------
EPISODE:  30
EPISODE:  31
EPISODE:  32
EPISODE:  33
----------------------------------
| time/              |           |
|    episodes        | 32        |
|    fps             | 8         |
|    time_elapsed    | 3976      |
|    total_timesteps | 32000     |
| train/             |           |
|    actor_loss      | -1.77e+05 |
|    critic_loss     | 3.94e+05  |
|    ent_coef        | 2.54      |
|    ent_coef_loss   | -17.6     |
|    learning_rate   | 0.0001    |
|    n_updates       | 31899     |
|    reward          | 3318.8857 |
----------------------------------
EPISODE:  34
EPISODE:  35
EPISODE:  36
EPISODE:  37
----------------------------------
| time/              |           |
|    episodes        | 36        |
|    fps             | 8         |
|    time_elapsed    | 4475      |
|    total_timesteps | 36000     |
| train/             |           |
|    actor_loss      | -1.83e+05 |
|    critic_loss     | 5.97e+04  |
|    ent_coef        | 3.79      |
|    ent_coef_loss   | -25       |
|    learning_rate   | 0.0001    |
|    n_updates       | 35899     |
|    reward          | 3318.8857 |
----------------------------------
EPISODE:  38
EPISODE:  39
EPISODE:  40
EPISODE:  41
----------------------------------
| time/              |           |
|    episodes        | 40        |
|    fps             | 8         |
|    time_elapsed    | 4975      |
|    total_timesteps | 40000     |
| train/             |           |
|    actor_loss      | -1.88e+05 |
|    critic_loss     | 4.42e+04  |
|    ent_coef        | 5.65      |
|    ent_coef_loss   | -32.3     |
|    learning_rate   | 0.0001    |
|    n_updates       | 39899     |
|    reward          | 3318.8857 |
----------------------------------
EPISODE:  42
EPISODE:  43
EPISODE:  44
EPISODE:  45
----------------------------------
| time/              |           |
|    episodes        | 44        |
|    fps             | 8         |
|    time_elapsed    | 5473      |
|    total_timesteps | 44000     |
| train/             |           |
|    actor_loss      | -1.89e+05 |
|    critic_loss     | 7.21e+05  |
|    ent_coef        | 8.42      |
|    ent_coef_loss   | -39.6     |
|    learning_rate   | 0.0001    |
|    n_updates       | 43899     |
|    reward          | 3318.8857 |
----------------------------------
EPISODE:  46
EPISODE:  47
EPISODE:  48
EPISODE:  49
----------------------------------
| time/              |           |
|    episodes        | 48        |
|    fps             | 8         |
|    time_elapsed    | 5974      |
|    total_timesteps | 48000     |
| train/             |           |
|    actor_loss      | -1.88e+05 |
|    critic_loss     | 1.77e+05  |
|    ent_coef        | 12.6      |
|    ent_coef_loss   | -47.7     |
|    learning_rate   | 0.0001    |
|    n_updates       | 47899     |
|    reward          | 3318.8857 |
----------------------------------
EPISODE:  50
EPISODE:  51
EPISODE:  52
EPISODE:  53
----------------------------------
| time/              |           |
|    episodes        | 52        |
|    fps             | 8         |
|    time_elapsed    | 6473      |
|    total_timesteps | 52000     |
| train/             |           |
|    actor_loss      | -1.94e+05 |
|    critic_loss     | 3.86e+08  |
|    ent_coef        | 18.7      |
|    ent_coef_loss   | -55.3     |
|    learning_rate   | 0.0001    |
|    n_updates       | 51899     |
|    reward          | 3318.8857 |
----------------------------------
EPISODE:  54
EPISODE:  55
EPISODE:  56
EPISODE:  57
----------------------------------
| time/              |           |
|    episodes        | 56        |
|    fps             | 8         |
|    time_elapsed    | 6974      |
|    total_timesteps | 56000     |
| train/             |           |
|    actor_loss      | -1.9e+05  |
|    critic_loss     | 5.3e+04   |
|    ent_coef        | 28        |
|    ent_coef_loss   | -62.3     |
|    learning_rate   | 0.0001    |
|    n_updates       | 55899     |
|    reward          | 3318.8857 |
----------------------------------
EPISODE:  58
EPISODE:  59
EPISODE:  60
EPISODE:  61
----------------------------------
| time/              |           |
|    episodes        | 60        |
|    fps             | 8         |
|    time_elapsed    | 7474      |
|    total_timesteps | 60000     |
| train/             |           |
|    actor_loss      | -1.79e+05 |
|    critic_loss     | 9.52e+05  |
|    ent_coef        | 41.7      |
|    ent_coef_loss   | -69.7     |
|    learning_rate   | 0.0001    |
|    n_updates       | 59899     |
|    reward          | 3318.8857 |
----------------------------------
EPISODE:  62
EPISODE:  63
EPISODE:  64
EPISODE:  65
----------------------------------
| time/              |           |
|    episodes        | 64        |
|    fps             | 8         |
|    time_elapsed    | 7973      |
|    total_timesteps | 64000     |
| train/             |           |
|    actor_loss      | -1.64e+05 |
|    critic_loss     | 1.54e+05  |
|    ent_coef        | 62.3      |
|    ent_coef_loss   | -77.8     |
|    learning_rate   | 0.0001    |
|    n_updates       | 63899     |
|    reward          | 3318.8857 |
----------------------------------
EPISODE:  66
EPISODE:  67
EPISODE:  68
EPISODE:  69
----------------------------------
| time/              |           |
|    episodes        | 68        |
|    fps             | 8         |
|    time_elapsed    | 8474      |
|    total_timesteps | 68000     |
| train/             |           |
|    actor_loss      | -1.53e+05 |
|    critic_loss     | 3.75e+05  |
|    ent_coef        | 90.9      |
|    ent_coef_loss   | -63.9     |
|    learning_rate   | 0.0001    |
|    n_updates       | 67899     |
|    reward          | 2716.7507 |
----------------------------------
EPISODE:  70
EPISODE:  71
EPISODE:  72
EPISODE:  73
----------------------------------
| time/              |           |
|    episodes        | 72        |
|    fps             | 8         |
|    time_elapsed    | 8974      |
|    total_timesteps | 72000     |
| train/             |           |
|    actor_loss      | -1.34e+05 |
|    critic_loss     | 1.46e+08  |
|    ent_coef        | 129       |
|    ent_coef_loss   | -44.5     |
|    learning_rate   | 0.0001    |
|    n_updates       | 71899     |
|    reward          | 3197.5674 |
----------------------------------
EPISODE:  74
EPISODE:  75
EPISODE:  76
EPISODE:  77
----------------------------------
| time/              |           |
|    episodes        | 76        |
|    fps             | 8         |
|    time_elapsed    | 9475      |
|    total_timesteps | 76000     |
| train/             |           |
|    actor_loss      | -1.24e+05 |
|    critic_loss     | 6.45e+05  |
|    ent_coef        | 170       |
|    ent_coef_loss   | -15.3     |
|    learning_rate   | 0.0001    |
|    n_updates       | 75899     |
|    reward          | 3303.6284 |
----------------------------------
EPISODE:  78
EPISODE:  79
EPISODE:  80
EPISODE:  81
----------------------------------
| time/              |           |
|    episodes        | 80        |
|    fps             | 8         |
|    time_elapsed    | 9975      |
|    total_timesteps | 80000     |
| train/             |           |
|    actor_loss      | -1.17e+05 |
|    critic_loss     | 1.51e+06  |
|    ent_coef        | 245       |
|    ent_coef_loss   | -10.2     |
|    learning_rate   | 0.0001    |
|    n_updates       | 79899     |
|    reward          | 3374.4502 |
----------------------------------
EPISODE:  82
EPISODE:  83
EPISODE:  84
EPISODE:  85
----------------------------------
| time/              |           |
|    episodes        | 84        |
|    fps             | 8         |
|    time_elapsed    | 10476     |
|    total_timesteps | 84000     |
| train/             |           |
|    actor_loss      | -1.08e+05 |
|    critic_loss     | 2.82e+06  |
|    ent_coef        | 357       |
|    ent_coef_loss   | -12.8     |
|    learning_rate   | 0.0001    |
|    n_updates       | 83899     |
|    reward          | 3358.2327 |
----------------------------------
EPISODE:  86
EPISODE:  87
EPISODE:  88
EPISODE:  89
----------------------------------
| time/              |           |
|    episodes        | 88        |
|    fps             | 8         |
|    time_elapsed    | 10976     |
|    total_timesteps | 88000     |
| train/             |           |
|    actor_loss      | -8.31e+04 |
|    critic_loss     | 6.37e+06  |
|    ent_coef        | 524       |
|    ent_coef_loss   | -14.9     |
|    learning_rate   | 0.0001    |
|    n_updates       | 87899     |
|    reward          | 3289.4749 |
----------------------------------
EPISODE:  90
EPISODE:  91
EPISODE:  92
EPISODE:  93
----------------------------------
| time/              |           |
|    episodes        | 92        |
|    fps             | 8         |
|    time_elapsed    | 11477     |
|    total_timesteps | 92000     |
| train/             |           |
|    actor_loss      | -5.66e+04 |
|    critic_loss     | 1.15e+07  |
|    ent_coef        | 774       |
|    ent_coef_loss   | -11       |
|    learning_rate   | 0.0001    |
|    n_updates       | 91899     |
|    reward          | 3332.6675 |
----------------------------------
EPISODE:  94
EPISODE:  95
EPISODE:  96
EPISODE:  97
----------------------------------
| time/              |           |
|    episodes        | 96        |
|    fps             | 8         |
|    time_elapsed    | 11977     |
|    total_timesteps | 96000     |
| train/             |           |
|    actor_loss      | -1.14e+04 |
|    critic_loss     | 2.35e+07  |
|    ent_coef        | 1.14e+03  |
|    ent_coef_loss   | -19.7     |
|    learning_rate   | 0.0001    |
|    n_updates       | 95899     |
|    reward          | 3320.643  |
----------------------------------
EPISODE:  98
EPISODE:  99
EPISODE:  100
EPISODE:  101
----------------------------------
| time/              |           |
|    episodes        | 100       |
|    fps             | 8         |
|    time_elapsed    | 12478     |
|    total_timesteps | 100000    |
| train/             |           |
|    actor_loss      | 5.62e+04  |
|    critic_loss     | 6.18e+07  |
|    ent_coef        | 1.69e+03  |
|    ent_coef_loss   | -17.5     |
|    learning_rate   | 0.0001    |
|    n_updates       | 99899     |
|    reward          | 3236.1252 |
----------------------------------
EPISODE:  102
EPISODE:  103
EPISODE:  104
EPISODE:  105
----------------------------------
| time/              |           |
|    episodes        | 104       |
|    fps             | 8         |
|    time_elapsed    | 12978     |
|    total_timesteps | 104000    |
| train/             |           |
|    actor_loss      | 1.54e+05  |
|    critic_loss     | 1.29e+08  |
|    ent_coef        | 2.51e+03  |
|    ent_coef_loss   | -17.7     |
|    learning_rate   | 0.0001    |
|    n_updates       | 103899    |
|    reward          | 3324.9822 |
----------------------------------
EPISODE:  106
EPISODE:  107
EPISODE:  108
EPISODE:  109
----------------------------------
| time/              |           |
|    episodes        | 108       |
|    fps             | 8         |
|    time_elapsed    | 13479     |
|    total_timesteps | 108000    |
| train/             |           |
|    actor_loss      | 2.51e+05  |
|    critic_loss     | 8.45e+06  |
|    ent_coef        | 3.58e+03  |
|    ent_coef_loss   | 26.4      |
|    learning_rate   | 0.0001    |
|    n_updates       | 107899    |
|    reward          | 3251.9985 |
----------------------------------
EPISODE:  110
EPISODE:  111
EPISODE:  112
EPISODE:  113
----------------------------------
| time/              |           |
|    episodes        | 112       |
|    fps             | 8         |
|    time_elapsed    | 13981     |
|    total_timesteps | 112000    |
| train/             |           |
|    actor_loss      | 9.04e+04  |
|    critic_loss     | 1.02e+06  |
|    ent_coef        | 2.32e+03  |
|    ent_coef_loss   | 25.9      |
|    learning_rate   | 0.0001    |
|    n_updates       | 111899    |
|    reward          | 3306.1694 |
----------------------------------
EPISODE:  114
EPISODE:  115
EPISODE:  116
EPISODE:  117
----------------------------------
| time/              |           |
|    episodes        | 116       |
|    fps             | 8         |
|    time_elapsed    | 14481     |
|    total_timesteps | 116000    |
| train/             |           |
|    actor_loss      | -8.34e+03 |
|    critic_loss     | 5.39e+05  |
|    ent_coef        | 1.56e+03  |
|    ent_coef_loss   | 24.7      |
|    learning_rate   | 0.0001    |
|    n_updates       | 115899    |
|    reward          | 3327.4272 |
----------------------------------
EPISODE:  118
EPISODE:  119
EPISODE:  120
EPISODE:  121
----------------------------------
| time/              |           |
|    episodes        | 120       |
|    fps             | 8         |
|    time_elapsed    | 14982     |
|    total_timesteps | 120000    |
| train/             |           |
|    actor_loss      | -7.37e+04 |
|    critic_loss     | 3.56e+05  |
|    ent_coef        | 1.04e+03  |
|    ent_coef_loss   | 23.1      |
|    learning_rate   | 0.0001    |
|    n_updates       | 119899    |
|    reward          | 3333.469  |
----------------------------------
EPISODE:  122
EPISODE:  123
EPISODE:  124
EPISODE:  125
----------------------------------
| time/              |           |
|    episodes        | 124       |
|    fps             | 8         |
|    time_elapsed    | 15482     |
|    total_timesteps | 124000    |
| train/             |           |
|    actor_loss      | -1.22e+05 |
|    critic_loss     | 2.13e+05  |
|    ent_coef        | 699       |
|    ent_coef_loss   | 21.5      |
|    learning_rate   | 0.0001    |
|    n_updates       | 123899    |
|    reward          | 3369.535  |
----------------------------------
EPISODE:  126
EPISODE:  127
EPISODE:  128
EPISODE:  129
---------------------------------
| time/              |          |
|    episodes        | 128      |
|    fps             | 8        |
|    time_elapsed    | 15983    |
|    total_timesteps | 128000   |
| train/             |          |
|    actor_loss      | -1.5e+05 |
|    critic_loss     | 1.29e+05 |
|    ent_coef        | 468      |
|    ent_coef_loss   | 20.9     |
|    learning_rate   | 0.0001   |
|    n_updates       | 127899   |
|    reward          | 3347.1   |
---------------------------------
EPISODE:  130
EPISODE:  131
EPISODE:  132
EPISODE:  133
----------------------------------
| time/              |           |
|    episodes        | 132       |
|    fps             | 8         |
|    time_elapsed    | 16482     |
|    total_timesteps | 132000    |
| train/             |           |
|    actor_loss      | -1.71e+05 |
|    critic_loss     | 1.6e+05   |
|    ent_coef        | 314       |
|    ent_coef_loss   | 19        |
|    learning_rate   | 0.0001    |
|    n_updates       | 131899    |
|    reward          | 3313.2554 |
----------------------------------
EPISODE:  134
EPISODE:  135
EPISODE:  136
EPISODE:  137
----------------------------------
| time/              |           |
|    episodes        | 136       |
|    fps             | 8         |
|    time_elapsed    | 16983     |
|    total_timesteps | 136000    |
| train/             |           |
|    actor_loss      | -1.84e+05 |
|    critic_loss     | 1.73e+05  |
|    ent_coef        | 211       |
|    ent_coef_loss   | 17.6      |
|    learning_rate   | 0.0001    |
|    n_updates       | 135899    |
|    reward          | 3356.6326 |
----------------------------------
EPISODE:  138
EPISODE:  139
EPISODE:  140
EPISODE:  141
----------------------------------
| time/              |           |
|    episodes        | 140       |
|    fps             | 8         |
|    time_elapsed    | 17483     |
|    total_timesteps | 140000    |
| train/             |           |
|    actor_loss      | -1.95e+05 |
|    critic_loss     | 3.07e+05  |
|    ent_coef        | 141       |
|    ent_coef_loss   | 16.4      |
|    learning_rate   | 0.0001    |
|    n_updates       | 139899    |
|    reward          | 3417.6243 |
----------------------------------
EPISODE:  142
EPISODE:  143
EPISODE:  144
EPISODE:  145
----------------------------------
| time/              |           |
|    episodes        | 144       |
|    fps             | 8         |
|    time_elapsed    | 17984     |
|    total_timesteps | 144000    |
| train/             |           |
|    actor_loss      | -2.02e+05 |
|    critic_loss     | 9.31e+04  |
|    ent_coef        | 94.8      |
|    ent_coef_loss   | 14.7      |
|    learning_rate   | 0.0001    |
|    n_updates       | 143899    |
|    reward          | 3486.1633 |
----------------------------------
EPISODE:  146
EPISODE:  147
EPISODE:  148
EPISODE:  149
----------------------------------
| time/              |           |
|    episodes        | 148       |
|    fps             | 8         |
|    time_elapsed    | 18484     |
|    total_timesteps | 148000    |
| train/             |           |
|    actor_loss      | -2.04e+05 |
|    critic_loss     | 1.23e+05  |
|    ent_coef        | 63.6      |
|    ent_coef_loss   | 13.3      |
|    learning_rate   | 0.0001    |
|    n_updates       | 147899    |
|    reward          | 3581.1802 |
----------------------------------
EPISODE:  150
EPISODE:  151
EPISODE:  152
EPISODE:  153
----------------------------------
| time/              |           |
|    episodes        | 152       |
|    fps             | 8         |
|    time_elapsed    | 18985     |
|    total_timesteps | 152000    |
| train/             |           |
|    actor_loss      | -2.05e+05 |
|    critic_loss     | 3.93e+05  |
|    ent_coef        | 42.8      |
|    ent_coef_loss   | 11.1      |
|    learning_rate   | 0.0001    |
|    n_updates       | 151899    |
|    reward          | 3576.104  |
----------------------------------
EPISODE:  154
EPISODE:  155
EPISODE:  156
EPISODE:  157
----------------------------------
| time/              |           |
|    episodes        | 156       |
|    fps             | 8         |
|    time_elapsed    | 19484     |
|    total_timesteps | 156000    |
| train/             |           |
|    actor_loss      | -2.05e+05 |
|    critic_loss     | 2.3e+08   |
|    ent_coef        | 28.9      |
|    ent_coef_loss   | 9.47      |
|    learning_rate   | 0.0001    |
|    n_updates       | 155899    |
|    reward          | 3794.1323 |
----------------------------------
EPISODE:  158
EPISODE:  159
EPISODE:  160
EPISODE:  161
----------------------------------
| time/              |           |
|    episodes        | 160       |
|    fps             | 8         |
|    time_elapsed    | 19985     |
|    total_timesteps | 160000    |
| train/             |           |
|    actor_loss      | -2.08e+05 |
|    critic_loss     | 2.22e+08  |
|    ent_coef        | 19.7      |
|    ent_coef_loss   | 7.02      |
|    learning_rate   | 0.0001    |
|    n_updates       | 159899    |
|    reward          | 4103.413  |
----------------------------------
EPISODE:  162
EPISODE:  163
EPISODE:  164
EPISODE:  165
----------------------------------
| time/              |           |
|    episodes        | 164       |
|    fps             | 8         |
|    time_elapsed    | 20486     |
|    total_timesteps | 164000    |
| train/             |           |
|    actor_loss      | -2.18e+05 |
|    critic_loss     | 1.81e+05  |
|    ent_coef        | 13.8      |
|    ent_coef_loss   | 3.63      |
|    learning_rate   | 0.0001    |
|    n_updates       | 163899    |
|    reward          | 4486.577  |
----------------------------------
EPISODE:  166
EPISODE:  167
EPISODE:  168
EPISODE:  169
----------------------------------
| time/              |           |
|    episodes        | 168       |
|    fps             | 8         |
|    time_elapsed    | 20986     |
|    total_timesteps | 168000    |
| train/             |           |
|    actor_loss      | -2.17e+05 |
|    critic_loss     | 1.89e+05  |
|    ent_coef        | 10.1      |
|    ent_coef_loss   | 1.6       |
|    learning_rate   | 0.0001    |
|    n_updates       | 167899    |
|    reward          | 4859.8833 |
----------------------------------
EPISODE:  170
EPISODE:  171
EPISODE:  172
EPISODE:  173
----------------------------------
| time/              |           |
|    episodes        | 172       |
|    fps             | 8         |
|    time_elapsed    | 21487     |
|    total_timesteps | 172000    |
| train/             |           |
|    actor_loss      | -2.18e+05 |
|    critic_loss     | 1.14e+05  |
|    ent_coef        | 9.11      |
|    ent_coef_loss   | 0.45      |
|    learning_rate   | 0.0001    |
|    n_updates       | 171899    |
|    reward          | 5099.6147 |
----------------------------------
EPISODE:  174
EPISODE:  175
EPISODE:  176
EPISODE:  177
----------------------------------
| time/              |           |
|    episodes        | 176       |
|    fps             | 8         |
|    time_elapsed    | 21987     |
|    total_timesteps | 176000    |
| train/             |           |
|    actor_loss      | -2.24e+05 |
|    critic_loss     | 1.55e+06  |
|    ent_coef        | 10.9      |
|    ent_coef_loss   | -0.732    |
|    learning_rate   | 0.0001    |
|    n_updates       | 175899    |
|    reward          | 5159.925  |
----------------------------------
EPISODE:  178
EPISODE:  179
EPISODE:  180
EPISODE:  181
----------------------------------
| time/              |           |
|    episodes        | 180       |
|    fps             | 8         |
|    time_elapsed    | 22488     |
|    total_timesteps | 180000    |
| train/             |           |
|    actor_loss      | -2.21e+05 |
|    critic_loss     | 2.17e+08  |
|    ent_coef        | 13.2      |
|    ent_coef_loss   | -0.74     |
|    learning_rate   | 0.0001    |
|    n_updates       | 179899    |
|    reward          | 5139.812  |
----------------------------------
EPISODE:  182
EPISODE:  183
EPISODE:  184
EPISODE:  185
----------------------------------
| time/              |           |
|    episodes        | 184       |
|    fps             | 8         |
|    time_elapsed    | 22988     |
|    total_timesteps | 184000    |
| train/             |           |
|    actor_loss      | -2.28e+05 |
|    critic_loss     | 2.23e+08  |
|    ent_coef        | 15.8      |
|    ent_coef_loss   | 0.369     |
|    learning_rate   | 0.0001    |
|    n_updates       | 183899    |
|    reward          | 5140.779  |
----------------------------------
EPISODE:  186
EPISODE:  187
EPISODE:  188
EPISODE:  189
----------------------------------
| time/              |           |
|    episodes        | 188       |
|    fps             | 8         |
|    time_elapsed    | 23489     |
|    total_timesteps | 188000    |
| train/             |           |
|    actor_loss      | -2.36e+05 |
|    critic_loss     | 1.29e+05  |
|    ent_coef        | 18        |
|    ent_coef_loss   | -1.31     |
|    learning_rate   | 0.0001    |
|    n_updates       | 187899    |
|    reward          | 5136.6064 |
----------------------------------
EPISODE:  190
EPISODE:  191
EPISODE:  192
EPISODE:  193
----------------------------------
| time/              |           |
|    episodes        | 192       |
|    fps             | 8         |
|    time_elapsed    | 23989     |
|    total_timesteps | 192000    |
| train/             |           |
|    actor_loss      | -2.42e+05 |
|    critic_loss     | 1.39e+06  |
|    ent_coef        | 19.7      |
|    ent_coef_loss   | -1.33     |
|    learning_rate   | 0.0001    |
|    n_updates       | 191899    |
|    reward          | 5155.5063 |
----------------------------------
EPISODE:  194
EPISODE:  195
EPISODE:  196
EPISODE:  197
----------------------------------
| time/              |           |
|    episodes        | 196       |
|    fps             | 8         |
|    time_elapsed    | 24490     |
|    total_timesteps | 196000    |
| train/             |           |
|    actor_loss      | -2.46e+05 |
|    critic_loss     | 1.99e+05  |
|    ent_coef        | 21.9      |
|    ent_coef_loss   | 0.8       |
|    learning_rate   | 0.0001    |
|    n_updates       | 195899    |
|    reward          | 5188.298  |
----------------------------------
EPISODE:  198
EPISODE:  199
EPISODE:  200
EPISODE:  201
----------------------------------
| time/              |           |
|    episodes        | 200       |
|    fps             | 8         |
|    time_elapsed    | 24991     |
|    total_timesteps | 200000    |
| train/             |           |
|    actor_loss      | -2.48e+05 |
|    critic_loss     | 2.65e+05  |
|    ent_coef        | 23.5      |
|    ent_coef_loss   | 0.288     |
|    learning_rate   | 0.0001    |
|    n_updates       | 199899    |
|    reward          | 5106.129  |
----------------------------------
EPISODE:  202
EPISODE:  203
EPISODE:  204
EPISODE:  205
----------------------------------
| time/              |           |
|    episodes        | 204       |
|    fps             | 8         |
|    time_elapsed    | 25492     |
|    total_timesteps | 204000    |
| train/             |           |
|    actor_loss      | -2.41e+05 |
|    critic_loss     | 2.56e+08  |
|    ent_coef        | 24.7      |
|    ent_coef_loss   | 1.35      |
|    learning_rate   | 0.0001    |
|    n_updates       | 203899    |
|    reward          | 5137.149  |
----------------------------------
EPISODE:  206
EPISODE:  207
EPISODE:  208
EPISODE:  209
----------------------------------
| time/              |           |
|    episodes        | 208       |
|    fps             | 8         |
|    time_elapsed    | 25992     |
|    total_timesteps | 208000    |
| train/             |           |
|    actor_loss      | -2.54e+05 |
|    critic_loss     | 7.52e+05  |
|    ent_coef        | 26.4      |
|    ent_coef_loss   | 0.213     |
|    learning_rate   | 0.0001    |
|    n_updates       | 207899    |
|    reward          | 5117.167  |
----------------------------------
EPISODE:  210
EPISODE:  211
EPISODE:  212
EPISODE:  213
----------------------------------
| time/              |           |
|    episodes        | 212       |
|    fps             | 8         |
|    time_elapsed    | 26493     |
|    total_timesteps | 212000    |
| train/             |           |
|    actor_loss      | -2.62e+05 |
|    critic_loss     | 8.02e+05  |
|    ent_coef        | 27.7      |
|    ent_coef_loss   | 0.0294    |
|    learning_rate   | 0.0001    |
|    n_updates       | 211899    |
|    reward          | 5142.96   |
----------------------------------
EPISODE:  214
EPISODE:  215
EPISODE:  216
EPISODE:  217
----------------------------------
| time/              |           |
|    episodes        | 216       |
|    fps             | 8         |
|    time_elapsed    | 26993     |
|    total_timesteps | 216000    |
| train/             |           |
|    actor_loss      | -2.58e+05 |
|    critic_loss     | 1.69e+05  |
|    ent_coef        | 28.6      |
|    ent_coef_loss   | -0.0394   |
|    learning_rate   | 0.0001    |
|    n_updates       | 215899    |
|    reward          | 5138.128  |
----------------------------------
EPISODE:  218
EPISODE:  219
EPISODE:  220
EPISODE:  221
----------------------------------
| time/              |           |
|    episodes        | 220       |
|    fps             | 8         |
|    time_elapsed    | 27494     |
|    total_timesteps | 220000    |
| train/             |           |
|    actor_loss      | -2.64e+05 |
|    critic_loss     | 2.42e+08  |
|    ent_coef        | 29.4      |
|    ent_coef_loss   | -0.709    |
|    learning_rate   | 0.0001    |
|    n_updates       | 219899    |
|    reward          | 5070.93   |
----------------------------------
EPISODE:  222
EPISODE:  223
EPISODE:  224
EPISODE:  225
----------------------------------
| time/              |           |
|    episodes        | 224       |
|    fps             | 8         |
|    time_elapsed    | 27995     |
|    total_timesteps | 224000    |
| train/             |           |
|    actor_loss      | -2.59e+05 |
|    critic_loss     | 8.9e+05   |
|    ent_coef        | 29.9      |
|    ent_coef_loss   | -0.293    |
|    learning_rate   | 0.0001    |
|    n_updates       | 223899    |
|    reward          | 5073.0273 |
----------------------------------
EPISODE:  226
EPISODE:  227
EPISODE:  228
EPISODE:  229
----------------------------------
| time/              |           |
|    episodes        | 228       |
|    fps             | 8         |
|    time_elapsed    | 28496     |
|    total_timesteps | 228000    |
| train/             |           |
|    actor_loss      | -2.7e+05  |
|    critic_loss     | 2.28e+08  |
|    ent_coef        | 30.1      |
|    ent_coef_loss   | -1.54     |
|    learning_rate   | 0.0001    |
|    n_updates       | 227899    |
|    reward          | 5003.3027 |
----------------------------------
EPISODE:  230
EPISODE:  231
EPISODE:  232
EPISODE:  233
----------------------------------
| time/              |           |
|    episodes        | 232       |
|    fps             | 8         |
|    time_elapsed    | 28997     |
|    total_timesteps | 232000    |
| train/             |           |
|    actor_loss      | -2.67e+05 |
|    critic_loss     | 2.79e+05  |
|    ent_coef        | 30.7      |
|    ent_coef_loss   | -0.545    |
|    learning_rate   | 0.0001    |
|    n_updates       | 231899    |
|    reward          | 5009.767  |
----------------------------------
EPISODE:  234
EPISODE:  235
EPISODE:  236
EPISODE:  237
----------------------------------
| time/              |           |
|    episodes        | 236       |
|    fps             | 8         |
|    time_elapsed    | 29497     |
|    total_timesteps | 236000    |
| train/             |           |
|    actor_loss      | -2.67e+05 |
|    critic_loss     | 2.61e+05  |
|    ent_coef        | 30.9      |
|    ent_coef_loss   | 1.19      |
|    learning_rate   | 0.0001    |
|    n_updates       | 235899    |
|    reward          | 4933.5913 |
----------------------------------
EPISODE:  238
EPISODE:  239
EPISODE:  240
EPISODE:  241
----------------------------------
| time/              |           |
|    episodes        | 240       |
|    fps             | 8         |
|    time_elapsed    | 29998     |
|    total_timesteps | 240000    |
| train/             |           |
|    actor_loss      | -2.72e+05 |
|    critic_loss     | 1.4e+06   |
|    ent_coef        | 31        |
|    ent_coef_loss   | 0.337     |
|    learning_rate   | 0.0001    |
|    n_updates       | 239899    |
|    reward          | 4924.754  |
----------------------------------
EPISODE:  242
EPISODE:  243
EPISODE:  244
EPISODE:  245
----------------------------------
| time/              |           |
|    episodes        | 244       |
|    fps             | 8         |
|    time_elapsed    | 30498     |
|    total_timesteps | 244000    |
| train/             |           |
|    actor_loss      | -2.75e+05 |
|    critic_loss     | 5.93e+05  |
|    ent_coef        | 31.3      |
|    ent_coef_loss   | -0.479    |
|    learning_rate   | 0.0001    |
|    n_updates       | 243899    |
|    reward          | 4966.554  |
----------------------------------
EPISODE:  246
EPISODE:  247
EPISODE:  248
EPISODE:  249
----------------------------------
| time/              |           |
|    episodes        | 248       |
|    fps             | 8         |
|    time_elapsed    | 30999     |
|    total_timesteps | 248000    |
| train/             |           |
|    actor_loss      | -2.66e+05 |
|    critic_loss     | 4.1e+05   |
|    ent_coef        | 31.8      |
|    ent_coef_loss   | 0.274     |
|    learning_rate   | 0.0001    |
|    n_updates       | 247899    |
|    reward          | 4923.6255 |
----------------------------------
EPISODE:  250
EPISODE:  251
EPISODE:  252
EPISODE:  253
----------------------------------
| time/              |           |
|    episodes        | 252       |
|    fps             | 8         |
|    time_elapsed    | 31488     |
|    total_timesteps | 252000    |
| train/             |           |
|    actor_loss      | -2.76e+05 |
|    critic_loss     | 1.38e+06  |
|    ent_coef        | 31.1      |
|    ent_coef_loss   | -0.445    |
|    learning_rate   | 0.0001    |
|    n_updates       | 251899    |
|    reward          | 4899.088  |
----------------------------------
EPISODE:  254
EPISODE:  255
EPISODE:  256
EPISODE:  257
----------------------------------
| time/              |           |
|    episodes        | 256       |
|    fps             | 8         |
|    time_elapsed    | 31982     |
|    total_timesteps | 256000    |
| train/             |           |
|    actor_loss      | -2.74e+05 |
|    critic_loss     | 9.55e+05  |
|    ent_coef        | 30.9      |
|    ent_coef_loss   | -1.47     |
|    learning_rate   | 0.0001    |
|    n_updates       | 255899    |
|    reward          | 4850.394  |
----------------------------------
EPISODE:  258
EPISODE:  259
EPISODE:  260
EPISODE:  261
----------------------------------
| time/              |           |
|    episodes        | 260       |
|    fps             | 8         |
|    time_elapsed    | 32474     |
|    total_timesteps | 260000    |
| train/             |           |
|    actor_loss      | -2.75e+05 |
|    critic_loss     | 1.66e+08  |
|    ent_coef        | 30.6      |
|    ent_coef_loss   | -0.125    |
|    learning_rate   | 0.0001    |
|    n_updates       | 259899    |
|    reward          | 4817.7974 |
----------------------------------
EPISODE:  262
EPISODE:  263
EPISODE:  264
EPISODE:  265
----------------------------------
| time/              |           |
|    episodes        | 264       |
|    fps             | 8         |
|    time_elapsed    | 32968     |
|    total_timesteps | 264000    |
| train/             |           |
|    actor_loss      | -2.65e+05 |
|    critic_loss     | 7.42e+05  |
|    ent_coef        | 30.1      |
|    ent_coef_loss   | -0.423    |
|    learning_rate   | 0.0001    |
|    n_updates       | 263899    |
|    reward          | 4731.639  |
----------------------------------
EPISODE:  266
EPISODE:  267
EPISODE:  268
EPISODE:  269
----------------------------------
| time/              |           |
|    episodes        | 268       |
|    fps             | 8         |
|    time_elapsed    | 33467     |
|    total_timesteps | 268000    |
| train/             |           |
|    actor_loss      | -2.76e+05 |
|    critic_loss     | 2.4e+05   |
|    ent_coef        | 29.6      |
|    ent_coef_loss   | 0.592     |
|    learning_rate   | 0.0001    |
|    n_updates       | 267899    |
|    reward          | 4788.3364 |
----------------------------------
EPISODE:  270
EPISODE:  271
EPISODE:  272
EPISODE:  273
----------------------------------
| time/              |           |
|    episodes        | 272       |
|    fps             | 8         |
|    time_elapsed    | 33992     |
|    total_timesteps | 272000    |
| train/             |           |
|    actor_loss      | -2.77e+05 |
|    critic_loss     | 1.13e+06  |
|    ent_coef        | 30        |
|    ent_coef_loss   | -0.454    |
|    learning_rate   | 0.0001    |
|    n_updates       | 271899    |
|    reward          | 4772.7065 |
----------------------------------
EPISODE:  274
EPISODE:  275
EPISODE:  276
EPISODE:  277
----------------------------------
| time/              |           |
|    episodes        | 276       |
|    fps             | 7         |
|    time_elapsed    | 34516     |
|    total_timesteps | 276000    |
| train/             |           |
|    actor_loss      | -2.77e+05 |
|    critic_loss     | 4.25e+05  |
|    ent_coef        | 30        |
|    ent_coef_loss   | 0.114     |
|    learning_rate   | 0.0001    |
|    n_updates       | 275899    |
|    reward          | 4854.6436 |
----------------------------------
EPISODE:  278
EPISODE:  279
EPISODE:  280
EPISODE:  281
----------------------------------
| time/              |           |
|    episodes        | 280       |
|    fps             | 7         |
|    time_elapsed    | 35039     |
|    total_timesteps | 280000    |
| train/             |           |
|    actor_loss      | -2.78e+05 |
|    critic_loss     | 1.04e+06  |
|    ent_coef        | 29.8      |
|    ent_coef_loss   | -1.52     |
|    learning_rate   | 0.0001    |
|    n_updates       | 279899    |
|    reward          | 4859.519  |
----------------------------------
EPISODE:  282
EPISODE:  283
EPISODE:  284
EPISODE:  285
----------------------------------
| time/              |           |
|    episodes        | 284       |
|    fps             | 7         |
|    time_elapsed    | 35564     |
|    total_timesteps | 284000    |
| train/             |           |
|    actor_loss      | -2.81e+05 |
|    critic_loss     | 1.91e+05  |
|    ent_coef        | 29.8      |
|    ent_coef_loss   | -0.571    |
|    learning_rate   | 0.0001    |
|    n_updates       | 283899    |
|    reward          | 4884.0596 |
----------------------------------
EPISODE:  286
EPISODE:  287
EPISODE:  288
EPISODE:  289
----------------------------------
| time/              |           |
|    episodes        | 288       |
|    fps             | 7         |
|    time_elapsed    | 36088     |
|    total_timesteps | 288000    |
| train/             |           |
|    actor_loss      | -2.75e+05 |
|    critic_loss     | 2.1e+05   |
|    ent_coef        | 30.2      |
|    ent_coef_loss   | -0.821    |
|    learning_rate   | 0.0001    |
|    n_updates       | 287899    |
|    reward          | 4825.7725 |
----------------------------------
EPISODE:  290
EPISODE:  291
EPISODE:  292
EPISODE:  293
----------------------------------
| time/              |           |
|    episodes        | 292       |
|    fps             | 7         |
|    time_elapsed    | 36613     |
|    total_timesteps | 292000    |
| train/             |           |
|    actor_loss      | -2.74e+05 |
|    critic_loss     | 2.54e+05  |
|    ent_coef        | 30.1      |
|    ent_coef_loss   | -0.275    |
|    learning_rate   | 0.0001    |
|    n_updates       | 291899    |
|    reward          | 4922.606  |
----------------------------------
EPISODE:  294
EPISODE:  295
EPISODE:  296
EPISODE:  297
----------------------------------
| time/              |           |
|    episodes        | 296       |
|    fps             | 7         |
|    time_elapsed    | 37137     |
|    total_timesteps | 296000    |
| train/             |           |
|    actor_loss      | -2.78e+05 |
|    critic_loss     | 5.52e+05  |
|    ent_coef        | 30.4      |
|    ent_coef_loss   | -0.44     |
|    learning_rate   | 0.0001    |
|    n_updates       | 295899    |
|    reward          | 4910.58   |
----------------------------------
EPISODE:  298
EPISODE:  299
EPISODE:  300
EPISODE:  301
----------------------------------
| time/              |           |
|    episodes        | 300       |
|    fps             | 7         |
|    time_elapsed    | 37661     |
|    total_timesteps | 300000    |
| train/             |           |
|    actor_loss      | -2.83e+05 |
|    critic_loss     | 1.38e+05  |
|    ent_coef        | 30.7      |
|    ent_coef_loss   | -1.04     |
|    learning_rate   | 0.0001    |
|    n_updates       | 299899    |
|    reward          | 4927.0044 |
----------------------------------
EPISODE:  302
EPISODE:  303
EPISODE:  304
EPISODE:  305
----------------------------------
| time/              |           |
|    episodes        | 304       |
|    fps             | 7         |
|    time_elapsed    | 38186     |
|    total_timesteps | 304000    |
| train/             |           |
|    actor_loss      | -2.85e+05 |
|    critic_loss     | 1.58e+06  |
|    ent_coef        | 31.3      |
|    ent_coef_loss   | -0.704    |
|    learning_rate   | 0.0001    |
|    n_updates       | 303899    |
|    reward          | 4917.2026 |
----------------------------------
EPISODE:  306
EPISODE:  307
EPISODE:  308
EPISODE:  309
---------------------------------
| time/              |          |
|    episodes        | 308      |
|    fps             | 7        |
|    time_elapsed    | 38709    |
|    total_timesteps | 308000   |
| train/             |          |
|    actor_loss      | -2.7e+05 |
|    critic_loss     | 1.7e+05  |
|    ent_coef        | 31.7     |
|    ent_coef_loss   | 1.9      |
|    learning_rate   | 0.0001   |
|    n_updates       | 307899   |
|    reward          | 4982.892 |
---------------------------------
EPISODE:  310
EPISODE:  311
EPISODE:  312
EPISODE:  313
----------------------------------
| time/              |           |
|    episodes        | 312       |
|    fps             | 7         |
|    time_elapsed    | 39234     |
|    total_timesteps | 312000    |
| train/             |           |
|    actor_loss      | -2.82e+05 |
|    critic_loss     | 2.42e+05  |
|    ent_coef        | 30.8      |
|    ent_coef_loss   | 0.219     |
|    learning_rate   | 0.0001    |
|    n_updates       | 311899    |
|    reward          | 4922.5605 |
----------------------------------
EPISODE:  314
EPISODE:  315
EPISODE:  316
EPISODE:  317
----------------------------------
| time/              |           |
|    episodes        | 316       |
|    fps             | 7         |
|    time_elapsed    | 39758     |
|    total_timesteps | 316000    |
| train/             |           |
|    actor_loss      | -2.71e+05 |
|    critic_loss     | 3.47e+05  |
|    ent_coef        | 31.1      |
|    ent_coef_loss   | 1.22      |
|    learning_rate   | 0.0001    |
|    n_updates       | 315899    |
|    reward          | 4937.274  |
----------------------------------
EPISODE:  318
EPISODE:  319
EPISODE:  320
EPISODE:  321
----------------------------------
| time/              |           |
|    episodes        | 320       |
|    fps             | 7         |
|    time_elapsed    | 40283     |
|    total_timesteps | 320000    |
| train/             |           |
|    actor_loss      | -2.83e+05 |
|    critic_loss     | 1.56e+05  |
|    ent_coef        | 31.1      |
|    ent_coef_loss   | -0.336    |
|    learning_rate   | 0.0001    |
|    n_updates       | 319899    |
|    reward          | 4908.8813 |
----------------------------------
EPISODE:  322
EPISODE:  323
EPISODE:  324
EPISODE:  325
----------------------------------
| time/              |           |
|    episodes        | 324       |
|    fps             | 7         |
|    time_elapsed    | 40807     |
|    total_timesteps | 324000    |
| train/             |           |
|    actor_loss      | -2.79e+05 |
|    critic_loss     | 5.1e+05   |
|    ent_coef        | 30.9      |
|    ent_coef_loss   | -0.712    |
|    learning_rate   | 0.0001    |
|    n_updates       | 323899    |
|    reward          | 4915.317  |
----------------------------------
EPISODE:  326
EPISODE:  327
EPISODE:  328
EPISODE:  329
----------------------------------
| time/              |           |
|    episodes        | 328       |
|    fps             | 7         |
|    time_elapsed    | 41332     |
|    total_timesteps | 328000    |
| train/             |           |
|    actor_loss      | -2.88e+05 |
|    critic_loss     | 3.72e+05  |
|    ent_coef        | 30.9      |
|    ent_coef_loss   | -0.362    |
|    learning_rate   | 0.0001    |
|    n_updates       | 327899    |
|    reward          | 4978.375  |
----------------------------------
EPISODE:  330
EPISODE:  331
EPISODE:  332
EPISODE:  333
----------------------------------
| time/              |           |
|    episodes        | 332       |
|    fps             | 7         |
|    time_elapsed    | 41856     |
|    total_timesteps | 332000    |
| train/             |           |
|    actor_loss      | -2.73e+05 |
|    critic_loss     | 5.5e+07   |
|    ent_coef        | 31.2      |
|    ent_coef_loss   | 0.301     |
|    learning_rate   | 0.0001    |
|    n_updates       | 331899    |
|    reward          | 4979.1885 |
----------------------------------
EPISODE:  334
EPISODE:  335
EPISODE:  336
EPISODE:  337
----------------------------------
| time/              |           |
|    episodes        | 336       |
|    fps             | 7         |
|    time_elapsed    | 42381     |
|    total_timesteps | 336000    |
| train/             |           |
|    actor_loss      | -2.76e+05 |
|    critic_loss     | 1.65e+05  |
|    ent_coef        | 31.7      |
|    ent_coef_loss   | 0.142     |
|    learning_rate   | 0.0001    |
|    n_updates       | 335899    |
|    reward          | 4987.618  |
----------------------------------
EPISODE:  338
EPISODE:  339
EPISODE:  340
EPISODE:  341
----------------------------------
| time/              |           |
|    episodes        | 340       |
|    fps             | 7         |
|    time_elapsed    | 42906     |
|    total_timesteps | 340000    |
| train/             |           |
|    actor_loss      | -2.79e+05 |
|    critic_loss     | 6.47e+05  |
|    ent_coef        | 32.1      |
|    ent_coef_loss   | 0.387     |
|    learning_rate   | 0.0001    |
|    n_updates       | 339899    |
|    reward          | 4945.0723 |
----------------------------------
EPISODE:  342
EPISODE:  343
EPISODE:  344
EPISODE:  345
----------------------------------
| time/              |           |
|    episodes        | 344       |
|    fps             | 7         |
|    time_elapsed    | 43430     |
|    total_timesteps | 344000    |
| train/             |           |
|    actor_loss      | -2.84e+05 |
|    critic_loss     | 5.82e+05  |
|    ent_coef        | 32.6      |
|    ent_coef_loss   | -0.179    |
|    learning_rate   | 0.0001    |
|    n_updates       | 343899    |
|    reward          | 4974.8066 |
----------------------------------
EPISODE:  346
EPISODE:  347
EPISODE:  348
EPISODE:  349
---------------------------------
| time/              |          |
|    episodes        | 348      |
|    fps             | 7        |
|    time_elapsed    | 43955    |
|    total_timesteps | 348000   |
| train/             |          |
|    actor_loss      | -2.8e+05 |
|    critic_loss     | 3.65e+05 |
|    ent_coef        | 32.5     |
|    ent_coef_loss   | -0.924   |
|    learning_rate   | 0.0001   |
|    n_updates       | 347899   |
|    reward          | 4970.287 |
---------------------------------
EPISODE:  350
EPISODE:  351
EPISODE:  352
EPISODE:  353
----------------------------------
| time/              |           |
|    episodes        | 352       |
|    fps             | 7         |
|    time_elapsed    | 44479     |
|    total_timesteps | 352000    |
| train/             |           |
|    actor_loss      | -2.77e+05 |
|    critic_loss     | 1.16e+05  |
|    ent_coef        | 32.4      |
|    ent_coef_loss   | 1         |
|    learning_rate   | 0.0001    |
|    n_updates       | 351899    |
|    reward          | 4948.181  |
----------------------------------
EPISODE:  354
EPISODE:  355
EPISODE:  356
EPISODE:  357
----------------------------------
| time/              |           |
|    episodes        | 356       |
|    fps             | 7         |
|    time_elapsed    | 45004     |
|    total_timesteps | 356000    |
| train/             |           |
|    actor_loss      | -2.71e+05 |
|    critic_loss     | 5.01e+05  |
|    ent_coef        | 32.9      |
|    ent_coef_loss   | 0.403     |
|    learning_rate   | 0.0001    |
|    n_updates       | 355899    |
|    reward          | 4951.053  |
----------------------------------
EPISODE:  358
EPISODE:  359
EPISODE:  360
EPISODE:  361
----------------------------------
| time/              |           |
|    episodes        | 360       |
|    fps             | 7         |
|    time_elapsed    | 45528     |
|    total_timesteps | 360000    |
| train/             |           |
|    actor_loss      | -2.74e+05 |
|    critic_loss     | 2.39e+05  |
|    ent_coef        | 33        |
|    ent_coef_loss   | -0.491    |
|    learning_rate   | 0.0001    |
|    n_updates       | 359899    |
|    reward          | 4921.874  |
----------------------------------
EPISODE:  362
EPISODE:  363
EPISODE:  364
EPISODE:  365
----------------------------------
| time/              |           |
|    episodes        | 364       |
|    fps             | 7         |
|    time_elapsed    | 46054     |
|    total_timesteps | 364000    |
| train/             |           |
|    actor_loss      | -2.73e+05 |
|    critic_loss     | 6.39e+05  |
|    ent_coef        | 32.7      |
|    ent_coef_loss   | -0.814    |
|    learning_rate   | 0.0001    |
|    n_updates       | 363899    |
|    reward          | 4915.1704 |
----------------------------------
EPISODE:  366
EPISODE:  367
EPISODE:  368
EPISODE:  369
----------------------------------
| time/              |           |
|    episodes        | 368       |
|    fps             | 7         |
|    time_elapsed    | 46578     |
|    total_timesteps | 368000    |
| train/             |           |
|    actor_loss      | -2.82e+05 |
|    critic_loss     | 2.32e+05  |
|    ent_coef        | 32.6      |
|    ent_coef_loss   | 0.175     |
|    learning_rate   | 0.0001    |
|    n_updates       | 367899    |
|    reward          | 4949.7017 |
----------------------------------
EPISODE:  370
EPISODE:  371
EPISODE:  372
EPISODE:  373
----------------------------------
| time/              |           |
|    episodes        | 372       |
|    fps             | 7         |
|    time_elapsed    | 47103     |
|    total_timesteps | 372000    |
| train/             |           |
|    actor_loss      | -2.78e+05 |
|    critic_loss     | 5.71e+05  |
|    ent_coef        | 32.7      |
|    ent_coef_loss   | 0.552     |
|    learning_rate   | 0.0001    |
|    n_updates       | 371899    |
|    reward          | 4951.714  |
----------------------------------
EPISODE:  374
EPISODE:  375
EPISODE:  376
EPISODE:  377
----------------------------------
| time/              |           |
|    episodes        | 376       |
|    fps             | 7         |
|    time_elapsed    | 47628     |
|    total_timesteps | 376000    |
| train/             |           |
|    actor_loss      | -2.73e+05 |
|    critic_loss     | 3.02e+07  |
|    ent_coef        | 32.7      |
|    ent_coef_loss   | 0.647     |
|    learning_rate   | 0.0001    |
|    n_updates       | 375899    |
|    reward          | 4867.7056 |
----------------------------------
EPISODE:  378
EPISODE:  379
EPISODE:  380
EPISODE:  381
----------------------------------
| time/              |           |
|    episodes        | 380       |
|    fps             | 7         |
|    time_elapsed    | 48152     |
|    total_timesteps | 380000    |
| train/             |           |
|    actor_loss      | -2.78e+05 |
|    critic_loss     | 2.59e+05  |
|    ent_coef        | 33        |
|    ent_coef_loss   | -0.789    |
|    learning_rate   | 0.0001    |
|    n_updates       | 379899    |
|    reward          | 4875.863  |
----------------------------------
EPISODE:  382
EPISODE:  383
EPISODE:  384
EPISODE:  385
----------------------------------
| time/              |           |
|    episodes        | 384       |
|    fps             | 7         |
|    time_elapsed    | 48677     |
|    total_timesteps | 384000    |
| train/             |           |
|    actor_loss      | -2.85e+05 |
|    critic_loss     | 1.62e+05  |
|    ent_coef        | 32.8      |
|    ent_coef_loss   | -0.175    |
|    learning_rate   | 0.0001    |
|    n_updates       | 383899    |
|    reward          | 4927.7583 |
----------------------------------
EPISODE:  386
EPISODE:  387
EPISODE:  388
EPISODE:  389
---------------------------------
| time/              |          |
|    episodes        | 388      |
|    fps             | 7        |
|    time_elapsed    | 49202    |
|    total_timesteps | 388000   |
| train/             |          |
|    actor_loss      | -2.7e+05 |
|    critic_loss     | 2.45e+05 |
|    ent_coef        | 32.9     |
|    ent_coef_loss   | -0.42    |
|    learning_rate   | 0.0001   |
|    n_updates       | 387899   |
|    reward          | 4870.788 |
---------------------------------
EPISODE:  390
EPISODE:  391
EPISODE:  392
EPISODE:  393
----------------------------------
| time/              |           |
|    episodes        | 392       |
|    fps             | 7         |
|    time_elapsed    | 49727     |
|    total_timesteps | 392000    |
| train/             |           |
|    actor_loss      | -2.76e+05 |
|    critic_loss     | 5.09e+05  |
|    ent_coef        | 32.7      |
|    ent_coef_loss   | -0.0889   |
|    learning_rate   | 0.0001    |
|    n_updates       | 391899    |
|    reward          | 4860.457  |
----------------------------------
EPISODE:  394
EPISODE:  395
EPISODE:  396
EPISODE:  397
----------------------------------
| time/              |           |
|    episodes        | 396       |
|    fps             | 7         |
|    time_elapsed    | 50251     |
|    total_timesteps | 396000    |
| train/             |           |
|    actor_loss      | -2.64e+05 |
|    critic_loss     | 2.23e+07  |
|    ent_coef        | 32.7      |
|    ent_coef_loss   | 0.972     |
|    learning_rate   | 0.0001    |
|    n_updates       | 395899    |
|    reward          | 4854.3853 |
----------------------------------
EPISODE:  398
EPISODE:  399
EPISODE:  400
EPISODE:  401
---------------------------------
| time/              |          |
|    episodes        | 400      |
|    fps             | 7        |
|    time_elapsed    | 50777    |
|    total_timesteps | 400000   |
| train/             |          |
|    actor_loss      | -2.8e+05 |
|    critic_loss     | 8.95e+05 |
|    ent_coef        | 32.6     |
|    ent_coef_loss   | 1.03     |
|    learning_rate   | 0.0001   |
|    n_updates       | 399899   |
|    reward          | 4874.302 |
---------------------------------
EPISODE:  402
EPISODE:  403
EPISODE:  404
EPISODE:  405
----------------------------------
| time/              |           |
|    episodes        | 404       |
|    fps             | 7         |
|    time_elapsed    | 51302     |
|    total_timesteps | 404000    |
| train/             |           |
|    actor_loss      | -2.83e+05 |
|    critic_loss     | 2.12e+07  |
|    ent_coef        | 33        |
|    ent_coef_loss   | 0.271     |
|    learning_rate   | 0.0001    |
|    n_updates       | 403899    |
|    reward          | 4884.3823 |
----------------------------------
EPISODE:  406
EPISODE:  407
EPISODE:  408
EPISODE:  409
----------------------------------
| time/              |           |
|    episodes        | 408       |
|    fps             | 7         |
|    time_elapsed    | 51826     |
|    total_timesteps | 408000    |
| train/             |           |
|    actor_loss      | -2.8e+05  |
|    critic_loss     | 7.38e+04  |
|    ent_coef        | 33.3      |
|    ent_coef_loss   | -0.277    |
|    learning_rate   | 0.0001    |
|    n_updates       | 407899    |
|    reward          | 4868.5913 |
----------------------------------
EPISODE:  410
EPISODE:  411
EPISODE:  412
EPISODE:  413
----------------------------------
| time/              |           |
|    episodes        | 412       |
|    fps             | 7         |
|    time_elapsed    | 52352     |
|    total_timesteps | 412000    |
| train/             |           |
|    actor_loss      | -2.75e+05 |
|    critic_loss     | 4.09e+05  |
|    ent_coef        | 33.1      |
|    ent_coef_loss   | 0.0896    |
|    learning_rate   | 0.0001    |
|    n_updates       | 411899    |
|    reward          | 4856.777  |
----------------------------------
EPISODE:  414
EPISODE:  415
EPISODE:  416
EPISODE:  417
----------------------------------
| time/              |           |
|    episodes        | 416       |
|    fps             | 7         |
|    time_elapsed    | 52876     |
|    total_timesteps | 416000    |
| train/             |           |
|    actor_loss      | -2.79e+05 |
|    critic_loss     | 1.54e+05  |
|    ent_coef        | 32.9      |
|    ent_coef_loss   | -0.228    |
|    learning_rate   | 0.0001    |
|    n_updates       | 415899    |
|    reward          | 4943.8535 |
----------------------------------
EPISODE:  418
EPISODE:  419
EPISODE:  420
EPISODE:  421
----------------------------------
| time/              |           |
|    episodes        | 420       |
|    fps             | 7         |
|    time_elapsed    | 53402     |
|    total_timesteps | 420000    |
| train/             |           |
|    actor_loss      | -2.71e+05 |
|    critic_loss     | 1.54e+05  |
|    ent_coef        | 33.4      |
|    ent_coef_loss   | 0.494     |
|    learning_rate   | 0.0001    |
|    n_updates       | 419899    |
|    reward          | 4901.83   |
----------------------------------
EPISODE:  422
EPISODE:  423
EPISODE:  424
EPISODE:  425
----------------------------------
| time/              |           |
|    episodes        | 424       |
|    fps             | 7         |
|    time_elapsed    | 53926     |
|    total_timesteps | 424000    |
| train/             |           |
|    actor_loss      | -2.89e+05 |
|    critic_loss     | 1.49e+05  |
|    ent_coef        | 33.3      |
|    ent_coef_loss   | -0.0445   |
|    learning_rate   | 0.0001    |
|    n_updates       | 423899    |
|    reward          | 4830.832  |
----------------------------------
EPISODE:  426
EPISODE:  427
EPISODE:  428
EPISODE:  429
----------------------------------
| time/              |           |
|    episodes        | 428       |
|    fps             | 7         |
|    time_elapsed    | 54451     |
|    total_timesteps | 428000    |
| train/             |           |
|    actor_loss      | -2.82e+05 |
|    critic_loss     | 1.36e+05  |
|    ent_coef        | 33        |
|    ent_coef_loss   | -0.177    |
|    learning_rate   | 0.0001    |
|    n_updates       | 427899    |
|    reward          | 4842.1523 |
----------------------------------
EPISODE:  430
EPISODE:  431
EPISODE:  432
EPISODE:  433
---------------------------------
| time/              |          |
|    episodes        | 432      |
|    fps             | 7        |
|    time_elapsed    | 54977    |
|    total_timesteps | 432000   |
| train/             |          |
|    actor_loss      | -2.7e+05 |
|    critic_loss     | 1.66e+05 |
|    ent_coef        | 33.2     |
|    ent_coef_loss   | -0.926   |
|    learning_rate   | 0.0001   |
|    n_updates       | 431899   |
|    reward          | 4819.368 |
---------------------------------
EPISODE:  434
EPISODE:  435
EPISODE:  436
EPISODE:  437
----------------------------------
| time/              |           |
|    episodes        | 436       |
|    fps             | 7         |
|    time_elapsed    | 55501     |
|    total_timesteps | 436000    |
| train/             |           |
|    actor_loss      | -2.79e+05 |
|    critic_loss     | 1.76e+05  |
|    ent_coef        | 33.1      |
|    ent_coef_loss   | 0.756     |
|    learning_rate   | 0.0001    |
|    n_updates       | 435899    |
|    reward          | 4816.243  |
----------------------------------
EPISODE:  438
EPISODE:  439
EPISODE:  440
EPISODE:  441
----------------------------------
| time/              |           |
|    episodes        | 440       |
|    fps             | 7         |
|    time_elapsed    | 56027     |
|    total_timesteps | 440000    |
| train/             |           |
|    actor_loss      | -2.85e+05 |
|    critic_loss     | 1.21e+07  |
|    ent_coef        | 33        |
|    ent_coef_loss   | -0.955    |
|    learning_rate   | 0.0001    |
|    n_updates       | 439899    |
|    reward          | 4849.6567 |
----------------------------------
EPISODE:  442
EPISODE:  443
EPISODE:  444
EPISODE:  445
----------------------------------
| time/              |           |
|    episodes        | 444       |
|    fps             | 7         |
|    time_elapsed    | 56552     |
|    total_timesteps | 444000    |
| train/             |           |
|    actor_loss      | -2.76e+05 |
|    critic_loss     | 2.92e+05  |
|    ent_coef        | 32.7      |
|    ent_coef_loss   | 0.623     |
|    learning_rate   | 0.0001    |
|    n_updates       | 443899    |
|    reward          | 4801.5396 |
----------------------------------
EPISODE:  446
EPISODE:  447
EPISODE:  448
EPISODE:  449
----------------------------------
| time/              |           |
|    episodes        | 448       |
|    fps             | 7         |
|    time_elapsed    | 57078     |
|    total_timesteps | 448000    |
| train/             |           |
|    actor_loss      | -2.62e+05 |
|    critic_loss     | 1.65e+05  |
|    ent_coef        | 32.7      |
|    ent_coef_loss   | -0.308    |
|    learning_rate   | 0.0001    |
|    n_updates       | 447899    |
|    reward          | 4796.1494 |
----------------------------------
EPISODE:  450
EPISODE:  451
EPISODE:  452
EPISODE:  453
----------------------------------
| time/              |           |
|    episodes        | 452       |
|    fps             | 7         |
|    time_elapsed    | 57602     |
|    total_timesteps | 452000    |
| train/             |           |
|    actor_loss      | -2.74e+05 |
|    critic_loss     | 3.38e+05  |
|    ent_coef        | 32.9      |
|    ent_coef_loss   | 0.368     |
|    learning_rate   | 0.0001    |
|    n_updates       | 451899    |
|    reward          | 4828.0737 |
----------------------------------
EPISODE:  454
EPISODE:  455
EPISODE:  456
EPISODE:  457
----------------------------------
| time/              |           |
|    episodes        | 456       |
|    fps             | 7         |
|    time_elapsed    | 58128     |
|    total_timesteps | 456000    |
| train/             |           |
|    actor_loss      | -2.88e+05 |
|    critic_loss     | 1.53e+05  |
|    ent_coef        | 33        |
|    ent_coef_loss   | -1.3      |
|    learning_rate   | 0.0001    |
|    n_updates       | 455899    |
|    reward          | 4837.383  |
----------------------------------
EPISODE:  458
EPISODE:  459
EPISODE:  460
EPISODE:  461
----------------------------------
| time/              |           |
|    episodes        | 460       |
|    fps             | 7         |
|    time_elapsed    | 58652     |
|    total_timesteps | 460000    |
| train/             |           |
|    actor_loss      | -2.7e+05  |
|    critic_loss     | 1.17e+06  |
|    ent_coef        | 33.1      |
|    ent_coef_loss   | -0.384    |
|    learning_rate   | 0.0001    |
|    n_updates       | 459899    |
|    reward          | 4764.6465 |
----------------------------------
EPISODE:  462
EPISODE:  463
EPISODE:  464
EPISODE:  465
----------------------------------
| time/              |           |
|    episodes        | 464       |
|    fps             | 7         |
|    time_elapsed    | 59178     |
|    total_timesteps | 464000    |
| train/             |           |
|    actor_loss      | -2.85e+05 |
|    critic_loss     | 7.78e+06  |
|    ent_coef        | 33.1      |
|    ent_coef_loss   | -0.264    |
|    learning_rate   | 0.0001    |
|    n_updates       | 463899    |
|    reward          | 4780.165  |
----------------------------------
EPISODE:  466
EPISODE:  467
EPISODE:  468
EPISODE:  469
----------------------------------
| time/              |           |
|    episodes        | 468       |
|    fps             | 7         |
|    time_elapsed    | 59703     |
|    total_timesteps | 468000    |
| train/             |           |
|    actor_loss      | -2.85e+05 |
|    critic_loss     | 7.59e+06  |
|    ent_coef        | 33        |
|    ent_coef_loss   | -0.392    |
|    learning_rate   | 0.0001    |
|    n_updates       | 467899    |
|    reward          | 4773.2354 |
----------------------------------
EPISODE:  470
EPISODE:  471
EPISODE:  472
EPISODE:  473
----------------------------------
| time/              |           |
|    episodes        | 472       |
|    fps             | 7         |
|    time_elapsed    | 60228     |
|    total_timesteps | 472000    |
| train/             |           |
|    actor_loss      | -2.66e+05 |
|    critic_loss     | 4.09e+05  |
|    ent_coef        | 33.2      |
|    ent_coef_loss   | -0.561    |
|    learning_rate   | 0.0001    |
|    n_updates       | 471899    |
|    reward          | 4805.6616 |
----------------------------------
EPISODE:  474
EPISODE:  475
EPISODE:  476
EPISODE:  477
----------------------------------
| time/              |           |
|    episodes        | 476       |
|    fps             | 7         |
|    time_elapsed    | 60753     |
|    total_timesteps | 476000    |
| train/             |           |
|    actor_loss      | -2.88e+05 |
|    critic_loss     | 1.44e+05  |
|    ent_coef        | 33.1      |
|    ent_coef_loss   | -1.87     |
|    learning_rate   | 0.0001    |
|    n_updates       | 475899    |
|    reward          | 4756.7065 |
----------------------------------
EPISODE:  478
EPISODE:  479
EPISODE:  480
EPISODE:  481
----------------------------------
| time/              |           |
|    episodes        | 480       |
|    fps             | 7         |
|    time_elapsed    | 61278     |
|    total_timesteps | 480000    |
| train/             |           |
|    actor_loss      | -2.74e+05 |
|    critic_loss     | 1.77e+05  |
|    ent_coef        | 32.9      |
|    ent_coef_loss   | -0.612    |
|    learning_rate   | 0.0001    |
|    n_updates       | 479899    |
|    reward          | 4760.4946 |
----------------------------------
EPISODE:  482
EPISODE:  483
EPISODE:  484
EPISODE:  485
----------------------------------
| time/              |           |
|    episodes        | 484       |
|    fps             | 7         |
|    time_elapsed    | 61804     |
|    total_timesteps | 484000    |
| train/             |           |
|    actor_loss      | -2.82e+05 |
|    critic_loss     | 6.44e+04  |
|    ent_coef        | 32.7      |
|    ent_coef_loss   | 0.769     |
|    learning_rate   | 0.0001    |
|    n_updates       | 483899    |
|    reward          | 4639.161  |
----------------------------------
EPISODE:  486
EPISODE:  487
EPISODE:  488
EPISODE:  489
----------------------------------
| time/              |           |
|    episodes        | 488       |
|    fps             | 7         |
|    time_elapsed    | 62328     |
|    total_timesteps | 488000    |
| train/             |           |
|    actor_loss      | -2.86e+05 |
|    critic_loss     | 1.28e+05  |
|    ent_coef        | 32.6      |
|    ent_coef_loss   | 0.555     |
|    learning_rate   | 0.0001    |
|    n_updates       | 487899    |
|    reward          | 4749.4053 |
----------------------------------
EPISODE:  490
EPISODE:  491
EPISODE:  492
EPISODE:  493
----------------------------------
| time/              |           |
|    episodes        | 492       |
|    fps             | 7         |
|    time_elapsed    | 62853     |
|    total_timesteps | 492000    |
| train/             |           |
|    actor_loss      | -2.83e+05 |
|    critic_loss     | 1.2e+05   |
|    ent_coef        | 32.4      |
|    ent_coef_loss   | 0.244     |
|    learning_rate   | 0.0001    |
|    n_updates       | 491899    |
|    reward          | 4798.6157 |
----------------------------------
EPISODE:  494
EPISODE:  495
EPISODE:  496
EPISODE:  497
----------------------------------
| time/              |           |
|    episodes        | 496       |
|    fps             | 7         |
|    time_elapsed    | 63379     |
|    total_timesteps | 496000    |
| train/             |           |
|    actor_loss      | -2.77e+05 |
|    critic_loss     | 9.49e+04  |
|    ent_coef        | 32.6      |
|    ent_coef_loss   | -0.468    |
|    learning_rate   | 0.0001    |
|    n_updates       | 495899    |
|    reward          | 4763.762  |
----------------------------------
EPISODE:  498
EPISODE:  499
EPISODE:  500
EPISODE:  501
----------------------------------
| time/              |           |
|    episodes        | 500       |
|    fps             | 7         |
|    time_elapsed    | 63900     |
|    total_timesteps | 500000    |
| train/             |           |
|    actor_loss      | -2.83e+05 |
|    critic_loss     | 6.37e+04  |
|    ent_coef        | 32.7      |
|    ent_coef_loss   | -0.767    |
|    learning_rate   | 0.0001    |
|    n_updates       | 499899    |
|    reward          | 4775.677  |
----------------------------------
Saved episode log to Results/4_1/sac/upward/training_logs/07.csv
