EPISODE:  0
{'n_steps': 5, 'ent_coef': 0.005, 'learning_rate': 0.0002}
Using cpu device
EPISODE:  1
----------------------------------------
| time/                 |              |
|    fps                | 50           |
|    iterations         | 100          |
|    time_elapsed       | 9            |
|    total_timesteps    | 500          |
| train/                |              |
|    entropy_loss       | -2.86        |
|    explained_variance | 8.34e-07     |
|    learning_rate      | 0.0002       |
|    n_updates          | 99           |
|    policy_loss        | -0.0508      |
|    reward             | -0.028225135 |
|    std                | 1.01         |
|    value_loss         | 0.005        |
----------------------------------------
EPISODE:  2
----------------------------------------
| time/                 |              |
|    fps                | 54           |
|    iterations         | 200          |
|    time_elapsed       | 18           |
|    total_timesteps    | 1000         |
| train/                |              |
|    entropy_loss       | -2.87        |
|    explained_variance | 0            |
|    learning_rate      | 0.0002       |
|    n_updates          | 199          |
|    policy_loss        | -0.137       |
|    reward             | -0.014096981 |
|    std                | 1.01         |
|    value_loss         | 0.00929      |
----------------------------------------
---------------------------------------
| time/                 |             |
|    fps                | 54          |
|    iterations         | 300         |
|    time_elapsed       | 27          |
|    total_timesteps    | 1500        |
| train/                |             |
|    entropy_loss       | -2.88       |
|    explained_variance | 0           |
|    learning_rate      | 0.0002      |
|    n_updates          | 299         |
|    policy_loss        | -0.115      |
|    reward             | 0.033457603 |
|    std                | 1.02        |
|    value_loss         | 0.0019      |
---------------------------------------
EPISODE:  3
----------------------------------------
| time/                 |              |
|    fps                | 54           |
|    iterations         | 400          |
|    time_elapsed       | 37           |
|    total_timesteps    | 2000         |
| train/                |              |
|    entropy_loss       | -2.89        |
|    explained_variance | -1.19e-07    |
|    learning_rate      | 0.0002       |
|    n_updates          | 399          |
|    policy_loss        | -0.262       |
|    reward             | -0.039001457 |
|    std                | 1.03         |
|    value_loss         | 0.0128       |
----------------------------------------
---------------------------------------
| time/                 |             |
|    fps                | 53          |
|    iterations         | 500         |
|    time_elapsed       | 46          |
|    total_timesteps    | 2500        |
| train/                |             |
|    entropy_loss       | -2.9        |
|    explained_variance | 0           |
|    learning_rate      | 0.0002      |
|    n_updates          | 499         |
|    policy_loss        | -0.21       |
|    reward             | 0.011488255 |
|    std                | 1.03        |
|    value_loss         | 0.00668     |
---------------------------------------
EPISODE:  4
-------------------------------------
| time/                 |           |
|    fps                | 53        |
|    iterations         | 600       |
|    time_elapsed       | 56        |
|    total_timesteps    | 3000      |
| train/                |           |
|    entropy_loss       | -2.9      |
|    explained_variance | 5.96e-08  |
|    learning_rate      | 0.0002    |
|    n_updates          | 599       |
|    policy_loss        | 0.0782    |
|    reward             | 0.0369963 |
|    std                | 1.03      |
|    value_loss         | 0.00117   |
-------------------------------------
----------------------------------------
| time/                 |              |
|    fps                | 53           |
|    iterations         | 700          |
|    time_elapsed       | 65           |
|    total_timesteps    | 3500         |
| train/                |              |
|    entropy_loss       | -2.91        |
|    explained_variance | -1.19e-07    |
|    learning_rate      | 0.0002       |
|    n_updates          | 699          |
|    policy_loss        | -0.0125      |
|    reward             | -0.016853955 |
|    std                | 1.04         |
|    value_loss         | 0.000243     |
----------------------------------------
EPISODE:  5
---------------------------------------
| time/                 |             |
|    fps                | 52          |
|    iterations         | 800         |
|    time_elapsed       | 75          |
|    total_timesteps    | 4000        |
| train/                |             |
|    entropy_loss       | -2.91       |
|    explained_variance | 1.07e-06    |
|    learning_rate      | 0.0002      |
|    n_updates          | 799         |
|    policy_loss        | -0.0712     |
|    reward             | 0.008904215 |
|    std                | 1.04        |
|    value_loss         | 0.00133     |
---------------------------------------
---------------------------------------
| time/                 |             |
|    fps                | 52          |
|    iterations         | 900         |
|    time_elapsed       | 85          |
|    total_timesteps    | 4500        |
| train/                |             |
|    entropy_loss       | -2.92       |
|    explained_variance | 0.192       |
|    learning_rate      | 0.0002      |
|    n_updates          | 899         |
|    policy_loss        | -0.175      |
|    reward             | -0.06308925 |
|    std                | 1.04        |
|    value_loss         | 0.00402     |
---------------------------------------
EPISODE:  6
----------------------------------------
| time/                 |              |
|    fps                | 52           |
|    iterations         | 1000         |
|    time_elapsed       | 95           |
|    total_timesteps    | 5000         |
| train/                |              |
|    entropy_loss       | -2.93        |
|    explained_variance | -0.184       |
|    learning_rate      | 0.0002       |
|    n_updates          | 999          |
|    policy_loss        | -0.147       |
|    reward             | -0.023434259 |
|    std                | 1.05         |
|    value_loss         | 0.00399      |
----------------------------------------
---------------------------------------
| time/                 |             |
|    fps                | 51          |
|    iterations         | 1100        |
|    time_elapsed       | 105         |
|    total_timesteps    | 5500        |
| train/                |             |
|    entropy_loss       | -2.94       |
|    explained_variance | 0.0447      |
|    learning_rate      | 0.0002      |
|    n_updates          | 1099        |
|    policy_loss        | -0.121      |
|    reward             | 0.011450192 |
|    std                | 1.05        |
|    value_loss         | 0.00394     |
---------------------------------------
EPISODE:  7
-------------------------------------
| time/                 |           |
|    fps                | 52        |
|    iterations         | 1200      |
|    time_elapsed       | 114       |
|    total_timesteps    | 6000      |
| train/                |           |
|    entropy_loss       | -2.95     |
|    explained_variance | -0.134    |
|    learning_rate      | 0.0002    |
|    n_updates          | 1199      |
|    policy_loss        | 0.133     |
|    reward             | 0.0323439 |
|    std                | 1.06      |
|    value_loss         | 0.00188   |
-------------------------------------
--------------------------------------
| time/                 |            |
|    fps                | 51         |
|    iterations         | 1300       |
|    time_elapsed       | 125        |
|    total_timesteps    | 6500       |
| train/                |            |
|    entropy_loss       | -2.96      |
|    explained_variance | 0          |
|    learning_rate      | 0.0002     |
|    n_updates          | 1299       |
|    policy_loss        | 0.0456     |
|    reward             | 0.03303992 |
|    std                | 1.06       |
|    value_loss         | 0.000523   |
--------------------------------------
EPISODE:  8
----------------------------------------
| time/                 |              |
|    fps                | 51           |
|    iterations         | 1400         |
|    time_elapsed       | 135          |
|    total_timesteps    | 7000         |
| train/                |              |
|    entropy_loss       | -2.96        |
|    explained_variance | -0.0066      |
|    learning_rate      | 0.0002       |
|    n_updates          | 1399         |
|    policy_loss        | -0.163       |
|    reward             | -0.018943844 |
|    std                | 1.07         |
|    value_loss         | 0.00327      |
----------------------------------------
----------------------------------------
| time/                 |              |
|    fps                | 52           |
|    iterations         | 1500         |
|    time_elapsed       | 143          |
|    total_timesteps    | 7500         |
| train/                |              |
|    entropy_loss       | -2.97        |
|    explained_variance | -0.444       |
|    learning_rate      | 0.0002       |
|    n_updates          | 1499         |
|    policy_loss        | 0.282        |
|    reward             | -0.023691189 |
|    std                | 1.07         |
|    value_loss         | 0.0114       |
----------------------------------------
EPISODE:  9
---------------------------------------
| time/                 |             |
|    fps                | 52          |
|    iterations         | 1600        |
|    time_elapsed       | 151         |
|    total_timesteps    | 8000        |
| train/                |             |
|    entropy_loss       | -2.97       |
|    explained_variance | 0.0757      |
|    learning_rate      | 0.0002      |
|    n_updates          | 1599        |
|    policy_loss        | -0.0206     |
|    reward             | -0.05294735 |
|    std                | 1.07        |
|    value_loss         | 0.00171     |
---------------------------------------
---------------------------------------
| time/                 |             |
|    fps                | 53          |
|    iterations         | 1700        |
|    time_elapsed       | 159         |
|    total_timesteps    | 8500        |
| train/                |             |
|    entropy_loss       | -2.99       |
|    explained_variance | 0.321       |
|    learning_rate      | 0.0002      |
|    n_updates          | 1699        |
|    policy_loss        | 0.266       |
|    reward             | 0.009124109 |
|    std                | 1.08        |
|    value_loss         | 0.00816     |
---------------------------------------
EPISODE:  10
----------------------------------------
| time/                 |              |
|    fps                | 53           |
|    iterations         | 1800         |
|    time_elapsed       | 167          |
|    total_timesteps    | 9000         |
| train/                |              |
|    entropy_loss       | -2.99        |
|    explained_variance | -1.19e-07    |
|    learning_rate      | 0.0002       |
|    n_updates          | 1799         |
|    policy_loss        | -0.102       |
|    reward             | -0.030744158 |
|    std                | 1.08         |
|    value_loss         | 0.00309      |
----------------------------------------
---------------------------------------
| time/                 |             |
|    fps                | 54          |
|    iterations         | 1900        |
|    time_elapsed       | 174         |
|    total_timesteps    | 9500        |
| train/                |             |
|    entropy_loss       | -3          |
|    explained_variance | 0.569       |
|    learning_rate      | 0.0002      |
|    n_updates          | 1899        |
|    policy_loss        | 0.0515      |
|    reward             | 0.018711476 |
|    std                | 1.08        |
|    value_loss         | 0.000755    |
---------------------------------------
EPISODE:  11
---------------------------------------
| time/                 |             |
|    fps                | 54          |
|    iterations         | 2000        |
|    time_elapsed       | 182         |
|    total_timesteps    | 10000       |
| train/                |             |
|    entropy_loss       | -3          |
|    explained_variance | 0           |
|    learning_rate      | 0.0002      |
|    n_updates          | 1999        |
|    policy_loss        | 0.00801     |
|    reward             | 0.011071042 |
|    std                | 1.09        |
|    value_loss         | 0.000219    |
---------------------------------------
----------------------------------------
| time/                 |              |
|    fps                | 55           |
|    iterations         | 2100         |
|    time_elapsed       | 190          |
|    total_timesteps    | 10500        |
| train/                |              |
|    entropy_loss       | -3.01        |
|    explained_variance | -1.19e-07    |
|    learning_rate      | 0.0002       |
|    n_updates          | 2099         |
|    policy_loss        | -0.0869      |
|    reward             | -0.008652539 |
|    std                | 1.09         |
|    value_loss         | 0.00132      |
----------------------------------------
EPISODE:  12
---------------------------------------
| time/                 |             |
|    fps                | 55          |
|    iterations         | 2200        |
|    time_elapsed       | 197         |
|    total_timesteps    | 11000       |
| train/                |             |
|    entropy_loss       | -3.02       |
|    explained_variance | -1.19e-07   |
|    learning_rate      | 0.0002      |
|    n_updates          | 2199        |
|    policy_loss        | 0.0837      |
|    reward             | -0.04779614 |
|    std                | 1.1         |
|    value_loss         | 0.00112     |
---------------------------------------
---------------------------------------
| time/                 |             |
|    fps                | 55          |
|    iterations         | 2300        |
|    time_elapsed       | 205         |
|    total_timesteps    | 11500       |
| train/                |             |
|    entropy_loss       | -3.03       |
|    explained_variance | 0           |
|    learning_rate      | 0.0002      |
|    n_updates          | 2299        |
|    policy_loss        | -0.191      |
|    reward             | 0.024153782 |
|    std                | 1.1         |
|    value_loss         | 0.00463     |
---------------------------------------
EPISODE:  13
-----------------------------------------
| time/                 |               |
|    fps                | 56            |
|    iterations         | 2400          |
|    time_elapsed       | 213           |
|    total_timesteps    | 12000         |
| train/                |               |
|    entropy_loss       | -3.04         |
|    explained_variance | 0.0226        |
|    learning_rate      | 0.0002        |
|    n_updates          | 2399          |
|    policy_loss        | 0.192         |
|    reward             | -0.0066578276 |
|    std                | 1.11          |
|    value_loss         | 0.00356       |
-----------------------------------------
-------------------------------------
| time/                 |           |
|    fps                | 56        |
|    iterations         | 2500      |
|    time_elapsed       | 221       |
|    total_timesteps    | 12500     |
| train/                |           |
|    entropy_loss       | -3.04     |
|    explained_variance | -0.00123  |
|    learning_rate      | 0.0002    |
|    n_updates          | 2499      |
|    policy_loss        | 0.0918    |
|    reward             | 0.0061028 |
|    std                | 1.11      |
|    value_loss         | 0.00132   |
-------------------------------------
EPISODE:  14
---------------------------------------
| time/                 |             |
|    fps                | 56          |
|    iterations         | 2600        |
|    time_elapsed       | 229         |
|    total_timesteps    | 13000       |
| train/                |             |
|    entropy_loss       | -3.05       |
|    explained_variance | 0.143       |
|    learning_rate      | 0.0002      |
|    n_updates          | 2599        |
|    policy_loss        | -0.0944     |
|    reward             | -0.04744508 |
|    std                | 1.11        |
|    value_loss         | 0.00165     |
---------------------------------------
---------------------------------------
| time/                 |             |
|    fps                | 56          |
|    iterations         | 2700        |
|    time_elapsed       | 236         |
|    total_timesteps    | 13500       |
| train/                |             |
|    entropy_loss       | -3.06       |
|    explained_variance | -0.00807    |
|    learning_rate      | 0.0002      |
|    n_updates          | 2699        |
|    policy_loss        | 0.0878      |
|    reward             | 0.030358441 |
|    std                | 1.12        |
|    value_loss         | 0.000693    |
---------------------------------------
EPISODE:  15
----------------------------------------
| time/                 |              |
|    fps                | 57           |
|    iterations         | 2800         |
|    time_elapsed       | 244          |
|    total_timesteps    | 14000        |
| train/                |              |
|    entropy_loss       | -3.07        |
|    explained_variance | 0            |
|    learning_rate      | 0.0002       |
|    n_updates          | 2799         |
|    policy_loss        | 0.128        |
|    reward             | -0.020106038 |
|    std                | 1.12         |
|    value_loss         | 0.00226      |
----------------------------------------
-----------------------------------------
| time/                 |               |
|    fps                | 57            |
|    iterations         | 2900          |
|    time_elapsed       | 252           |
|    total_timesteps    | 14500         |
| train/                |               |
|    entropy_loss       | -3.07         |
|    explained_variance | 0.0111        |
|    learning_rate      | 0.0002        |
|    n_updates          | 2899          |
|    policy_loss        | -0.163        |
|    reward             | 0.00096728356 |
|    std                | 1.12          |
|    value_loss         | 0.00417       |
-----------------------------------------
EPISODE:  16
---------------------------------------
| time/                 |             |
|    fps                | 57          |
|    iterations         | 3000        |
|    time_elapsed       | 260         |
|    total_timesteps    | 15000       |
| train/                |             |
|    entropy_loss       | -3.08       |
|    explained_variance | 0           |
|    learning_rate      | 0.0002      |
|    n_updates          | 2999        |
|    policy_loss        | 0.195       |
|    reward             | 0.022889039 |
|    std                | 1.13        |
|    value_loss         | 0.00661     |
---------------------------------------
--------------------------------------
| time/                 |            |
|    fps                | 57         |
|    iterations         | 3100       |
|    time_elapsed       | 268        |
|    total_timesteps    | 15500      |
| train/                |            |
|    entropy_loss       | -3.09      |
|    explained_variance | 0          |
|    learning_rate      | 0.0002     |
|    n_updates          | 3099       |
|    policy_loss        | 0.134      |
|    reward             | 0.03026088 |
|    std                | 1.13       |
|    value_loss         | 0.00371    |
--------------------------------------
EPISODE:  17
---------------------------------------
| time/                 |             |
|    fps                | 57          |
|    iterations         | 3200        |
|    time_elapsed       | 275         |
|    total_timesteps    | 16000       |
| train/                |             |
|    entropy_loss       | -3.09       |
|    explained_variance | 1.19e-07    |
|    learning_rate      | 0.0002      |
|    n_updates          | 3199        |
|    policy_loss        | 0.145       |
|    reward             | 0.033475474 |
|    std                | 1.14        |
|    value_loss         | 0.0039      |
---------------------------------------
--------------------------------------
| time/                 |            |
|    fps                | 58         |
|    iterations         | 3300       |
|    time_elapsed       | 283        |
|    total_timesteps    | 16500      |
| train/                |            |
|    entropy_loss       | -3.1       |
|    explained_variance | 0.36       |
|    learning_rate      | 0.0002     |
|    n_updates          | 3299       |
|    policy_loss        | 0.0183     |
|    reward             | 0.04219546 |
|    std                | 1.14       |
|    value_loss         | 0.000437   |
--------------------------------------
EPISODE:  18
----------------------------------------
| time/                 |              |
|    fps                | 58           |
|    iterations         | 3400         |
|    time_elapsed       | 291          |
|    total_timesteps    | 17000        |
| train/                |              |
|    entropy_loss       | -3.1         |
|    explained_variance | 0.482        |
|    learning_rate      | 0.0002       |
|    n_updates          | 3399         |
|    policy_loss        | 0.284        |
|    reward             | -0.047857873 |
|    std                | 1.14         |
|    value_loss         | 0.00932      |
----------------------------------------
----------------------------------------
| time/                 |              |
|    fps                | 58           |
|    iterations         | 3500         |
|    time_elapsed       | 298          |
|    total_timesteps    | 17500        |
| train/                |              |
|    entropy_loss       | -3.11        |
|    explained_variance | -0.0599      |
|    learning_rate      | 0.0002       |
|    n_updates          | 3499         |
|    policy_loss        | 0.0828       |
|    reward             | 0.0025355876 |
|    std                | 1.15         |
|    value_loss         | 0.00136      |
----------------------------------------
EPISODE:  19
----------------------------------------
| time/                 |              |
|    fps                | 58           |
|    iterations         | 3600         |
|    time_elapsed       | 306          |
|    total_timesteps    | 18000        |
| train/                |              |
|    entropy_loss       | -3.12        |
|    explained_variance | 0.347        |
|    learning_rate      | 0.0002       |
|    n_updates          | 3599         |
|    policy_loss        | -0.0997      |
|    reward             | -0.011559989 |
|    std                | 1.15         |
|    value_loss         | 0.00232      |
----------------------------------------
--------------------------------------
| time/                 |            |
|    fps                | 58         |
|    iterations         | 3700       |
|    time_elapsed       | 314        |
|    total_timesteps    | 18500      |
| train/                |            |
|    entropy_loss       | -3.12      |
|    explained_variance | -4.29e-06  |
|    learning_rate      | 0.0002     |
|    n_updates          | 3699       |
|    policy_loss        | -0.0862    |
|    reward             | 0.01792476 |
|    std                | 1.15       |
|    value_loss         | 0.000609   |
--------------------------------------
EPISODE:  20
---------------------------------------
| time/                 |             |
|    fps                | 58          |
|    iterations         | 3800        |
|    time_elapsed       | 322         |
|    total_timesteps    | 19000       |
| train/                |             |
|    entropy_loss       | -3.13       |
|    explained_variance | -9e-05      |
|    learning_rate      | 0.0002      |
|    n_updates          | 3799        |
|    policy_loss        | 0.0215      |
|    reward             | -0.05355455 |
|    std                | 1.16        |
|    value_loss         | 0.000163    |
---------------------------------------
----------------------------------------
| time/                 |              |
|    fps                | 59           |
|    iterations         | 3900         |
|    time_elapsed       | 330          |
|    total_timesteps    | 19500        |
| train/                |              |
|    entropy_loss       | -3.14        |
|    explained_variance | 0.000589     |
|    learning_rate      | 0.0002       |
|    n_updates          | 3899         |
|    policy_loss        | -0.0521      |
|    reward             | -0.010378278 |
|    std                | 1.16         |
|    value_loss         | 0.000881     |
----------------------------------------
EPISODE:  21
-------------------------------------
| time/                 |           |
|    fps                | 59        |
|    iterations         | 4000      |
|    time_elapsed       | 338       |
|    total_timesteps    | 20000     |
| train/                |           |
|    entropy_loss       | -3.15     |
|    explained_variance | 0.0502    |
|    learning_rate      | 0.0002    |
|    n_updates          | 3999      |
|    policy_loss        | -0.0483   |
|    reward             | 0.0296814 |
|    std                | 1.17      |
|    value_loss         | 0.000989  |
-------------------------------------
----------------------------------------
| time/                 |              |
|    fps                | 59           |
|    iterations         | 4100         |
|    time_elapsed       | 345          |
|    total_timesteps    | 20500        |
| train/                |              |
|    entropy_loss       | -3.16        |
|    explained_variance | -1.29e-05    |
|    learning_rate      | 0.0002       |
|    n_updates          | 4099         |
|    policy_loss        | 0.0786       |
|    reward             | -0.008489258 |
|    std                | 1.17         |
|    value_loss         | 0.000806     |
----------------------------------------
EPISODE:  22
----------------------------------------
| time/                 |              |
|    fps                | 59           |
|    iterations         | 4200         |
|    time_elapsed       | 353          |
|    total_timesteps    | 21000        |
| train/                |              |
|    entropy_loss       | -3.16        |
|    explained_variance | 0.56         |
|    learning_rate      | 0.0002       |
|    n_updates          | 4199         |
|    policy_loss        | -0.0568      |
|    reward             | -0.017185567 |
|    std                | 1.18         |
|    value_loss         | 0.000597     |
----------------------------------------
---------------------------------------
| time/                 |             |
|    fps                | 59          |
|    iterations         | 4300        |
|    time_elapsed       | 361         |
|    total_timesteps    | 21500       |
| train/                |             |
|    entropy_loss       | -3.17       |
|    explained_variance | 0.00455     |
|    learning_rate      | 0.0002      |
|    n_updates          | 4299        |
|    policy_loss        | -0.211      |
|    reward             | 0.044636454 |
|    std                | 1.18        |
|    value_loss         | 0.00355     |
---------------------------------------
EPISODE:  23
---------------------------------------
| time/                 |             |
|    fps                | 59          |
|    iterations         | 4400        |
|    time_elapsed       | 369         |
|    total_timesteps    | 22000       |
| train/                |             |
|    entropy_loss       | -3.18       |
|    explained_variance | 0           |
|    learning_rate      | 0.0002      |
|    n_updates          | 4399        |
|    policy_loss        | -0.0509     |
|    reward             | -0.04513703 |
|    std                | 1.19        |
|    value_loss         | 0.000467    |
---------------------------------------
---------------------------------------
| time/                 |             |
|    fps                | 59          |
|    iterations         | 4500        |
|    time_elapsed       | 377         |
|    total_timesteps    | 22500       |
| train/                |             |
|    entropy_loss       | -3.19       |
|    explained_variance | 0           |
|    learning_rate      | 0.0002      |
|    n_updates          | 4499        |
|    policy_loss        | -0.0849     |
|    reward             | 0.031897984 |
|    std                | 1.19        |
|    value_loss         | 0.00191     |
---------------------------------------
EPISODE:  24
----------------------------------------
| time/                 |              |
|    fps                | 59           |
|    iterations         | 4600         |
|    time_elapsed       | 384          |
|    total_timesteps    | 23000        |
| train/                |              |
|    entropy_loss       | -3.2         |
|    explained_variance | 0.354        |
|    learning_rate      | 0.0002       |
|    n_updates          | 4599         |
|    policy_loss        | -0.375       |
|    reward             | -0.030614989 |
|    std                | 1.2          |
|    value_loss         | 0.0145       |
----------------------------------------
----------------------------------------
| time/                 |              |
|    fps                | 59           |
|    iterations         | 4700         |
|    time_elapsed       | 392          |
|    total_timesteps    | 23500        |
| train/                |              |
|    entropy_loss       | -3.2         |
|    explained_variance | -1.19e-07    |
|    learning_rate      | 0.0002       |
|    n_updates          | 4699         |
|    policy_loss        | 0.51         |
|    reward             | -0.035855494 |
|    std                | 1.2          |
|    value_loss         | 0.0367       |
----------------------------------------
EPISODE:  25
----------------------------------------
| time/                 |              |
|    fps                | 60           |
|    iterations         | 4800         |
|    time_elapsed       | 399          |
|    total_timesteps    | 24000        |
| train/                |              |
|    entropy_loss       | -3.21        |
|    explained_variance | 0.0193       |
|    learning_rate      | 0.0002       |
|    n_updates          | 4799         |
|    policy_loss        | -0.0647      |
|    reward             | -0.014314182 |
|    std                | 1.2          |
|    value_loss         | 0.000749     |
----------------------------------------
---------------------------------------
| time/                 |             |
|    fps                | 60          |
|    iterations         | 4900        |
|    time_elapsed       | 407         |
|    total_timesteps    | 24500       |
| train/                |             |
|    entropy_loss       | -3.22       |
|    explained_variance | 0.156       |
|    learning_rate      | 0.0002      |
|    n_updates          | 4899        |
|    policy_loss        | 0.026       |
|    reward             | 0.012147226 |
|    std                | 1.21        |
|    value_loss         | 0.000315    |
---------------------------------------
EPISODE:  26
----------------------------------------
| time/                 |              |
|    fps                | 60           |
|    iterations         | 5000         |
|    time_elapsed       | 415          |
|    total_timesteps    | 25000        |
| train/                |              |
|    entropy_loss       | -3.22        |
|    explained_variance | -4.77e-07    |
|    learning_rate      | 0.0002       |
|    n_updates          | 4999         |
|    policy_loss        | -0.148       |
|    reward             | -0.028846813 |
|    std                | 1.21         |
|    value_loss         | 0.00363      |
----------------------------------------
---------------------------------------
| time/                 |             |
|    fps                | 60          |
|    iterations         | 5100        |
|    time_elapsed       | 422         |
|    total_timesteps    | 25500       |
| train/                |             |
|    entropy_loss       | -3.23       |
|    explained_variance | -1.56e-05   |
|    learning_rate      | 0.0002      |
|    n_updates          | 5099        |
|    policy_loss        | -0.0538     |
|    reward             | 0.055831943 |
|    std                | 1.22        |
|    value_loss         | 0.000391    |
---------------------------------------
EPISODE:  27
----------------------------------------
| time/                 |              |
|    fps                | 60           |
|    iterations         | 5200         |
|    time_elapsed       | 430          |
|    total_timesteps    | 26000        |
| train/                |              |
|    entropy_loss       | -3.23        |
|    explained_variance | 5.96e-08     |
|    learning_rate      | 0.0002       |
|    n_updates          | 5199         |
|    policy_loss        | -0.223       |
|    reward             | -0.015417937 |
|    std                | 1.22         |
|    value_loss         | 0.00396      |
----------------------------------------
----------------------------------------
| time/                 |              |
|    fps                | 60           |
|    iterations         | 5300         |
|    time_elapsed       | 437          |
|    total_timesteps    | 26500        |
| train/                |              |
|    entropy_loss       | -3.24        |
|    explained_variance | 0            |
|    learning_rate      | 0.0002       |
|    n_updates          | 5299         |
|    policy_loss        | 0.182        |
|    reward             | 0.0098075215 |
|    std                | 1.22         |
|    value_loss         | 0.0046       |
----------------------------------------
EPISODE:  28
---------------------------------------
| time/                 |             |
|    fps                | 60          |
|    iterations         | 5400        |
|    time_elapsed       | 443         |
|    total_timesteps    | 27000       |
| train/                |             |
|    entropy_loss       | -3.25       |
|    explained_variance | 0.000339    |
|    learning_rate      | 0.0002      |
|    n_updates          | 5399        |
|    policy_loss        | -0.0176     |
|    reward             | -0.06119941 |
|    std                | 1.23        |
|    value_loss         | 0.000315    |
---------------------------------------
-----------------------------------------
| time/                 |               |
|    fps                | 61            |
|    iterations         | 5500          |
|    time_elapsed       | 449           |
|    total_timesteps    | 27500         |
| train/                |               |
|    entropy_loss       | -3.26         |
|    explained_variance | 0             |
|    learning_rate      | 0.0002        |
|    n_updates          | 5499          |
|    policy_loss        | 0.0596        |
|    reward             | -0.0047753984 |
|    std                | 1.24          |
|    value_loss         | 0.000243      |
-----------------------------------------
EPISODE:  29
---------------------------------------
| time/                 |             |
|    fps                | 61          |
|    iterations         | 5600        |
|    time_elapsed       | 453         |
|    total_timesteps    | 28000       |
| train/                |             |
|    entropy_loss       | -3.27       |
|    explained_variance | 0.499       |
|    learning_rate      | 0.0002      |
|    n_updates          | 5599        |
|    policy_loss        | -0.0228     |
|    reward             | 0.026169363 |
|    std                | 1.24        |
|    value_loss         | 0.00097     |
---------------------------------------
---------------------------------------
| time/                 |             |
|    fps                | 62          |
|    iterations         | 5700        |
|    time_elapsed       | 457         |
|    total_timesteps    | 28500       |
| train/                |             |
|    entropy_loss       | -3.28       |
|    explained_variance | -0.756      |
|    learning_rate      | 0.0002      |
|    n_updates          | 5699        |
|    policy_loss        | -0.0729     |
|    reward             | -0.01420917 |
|    std                | 1.25        |
|    value_loss         | 0.00234     |
---------------------------------------
EPISODE:  30
----------------------------------------
| time/                 |              |
|    fps                | 62           |
|    iterations         | 5800         |
|    time_elapsed       | 461          |
|    total_timesteps    | 29000        |
| train/                |              |
|    entropy_loss       | -3.29        |
|    explained_variance | 0            |
|    learning_rate      | 0.0002       |
|    n_updates          | 5799         |
|    policy_loss        | -0.0365      |
|    reward             | 0.0011756683 |
|    std                | 1.25         |
|    value_loss         | 0.000756     |
----------------------------------------
----------------------------------------
| time/                 |              |
|    fps                | 63           |
|    iterations         | 5900         |
|    time_elapsed       | 467          |
|    total_timesteps    | 29500        |
| train/                |              |
|    entropy_loss       | -3.29        |
|    explained_variance | -1.19e-06    |
|    learning_rate      | 0.0002       |
|    n_updates          | 5899         |
|    policy_loss        | 0.175        |
|    reward             | -0.037481476 |
|    std                | 1.26         |
|    value_loss         | 0.00244      |
----------------------------------------
EPISODE:  31
----------------------------------------
| time/                 |              |
|    fps                | 63           |
|    iterations         | 6000         |
|    time_elapsed       | 473          |
|    total_timesteps    | 30000        |
| train/                |              |
|    entropy_loss       | -3.3         |
|    explained_variance | -1.25e-05    |
|    learning_rate      | 0.0002       |
|    n_updates          | 5999         |
|    policy_loss        | -0.142       |
|    reward             | 0.0030254025 |
|    std                | 1.26         |
|    value_loss         | 0.00391      |
----------------------------------------
----------------------------------------
| time/                 |              |
|    fps                | 63           |
|    iterations         | 6100         |
|    time_elapsed       | 479          |
|    total_timesteps    | 30500        |
| train/                |              |
|    entropy_loss       | -3.31        |
|    explained_variance | 1.66e-05     |
|    learning_rate      | 0.0002       |
|    n_updates          | 6099         |
|    policy_loss        | -0.0594      |
|    reward             | -0.010805425 |
|    std                | 1.26         |
|    value_loss         | 0.000555     |
----------------------------------------
EPISODE:  32
----------------------------------------
| time/                 |              |
|    fps                | 63           |
|    iterations         | 6200         |
|    time_elapsed       | 485          |
|    total_timesteps    | 31000        |
| train/                |              |
|    entropy_loss       | -3.31        |
|    explained_variance | -1.19e-07    |
|    learning_rate      | 0.0002       |
|    n_updates          | 6199         |
|    policy_loss        | -0.0162      |
|    reward             | -0.025099311 |
|    std                | 1.27         |
|    value_loss         | 0.000121     |
----------------------------------------
---------------------------------------
| time/                 |             |
|    fps                | 63          |
|    iterations         | 6300        |
|    time_elapsed       | 492         |
|    total_timesteps    | 31500       |
| train/                |             |
|    entropy_loss       | -3.32       |
|    explained_variance | -1.19e-07   |
|    learning_rate      | 0.0002      |
|    n_updates          | 6299        |
|    policy_loss        | 0.0624      |
|    reward             | 0.005483995 |
|    std                | 1.27        |
|    value_loss         | 0.000987    |
---------------------------------------
EPISODE:  33
--------------------------------------
| time/                 |            |
|    fps                | 64         |
|    iterations         | 6400       |
|    time_elapsed       | 498        |
|    total_timesteps    | 32000      |
| train/                |            |
|    entropy_loss       | -3.32      |
|    explained_variance | 0          |
|    learning_rate      | 0.0002     |
|    n_updates          | 6399       |
|    policy_loss        | 0.0701     |
|    reward             | 0.04539304 |
|    std                | 1.27       |
|    value_loss         | 0.000515   |
--------------------------------------
---------------------------------------
| time/                 |             |
|    fps                | 64          |
|    iterations         | 6500        |
|    time_elapsed       | 504         |
|    total_timesteps    | 32500       |
| train/                |             |
|    entropy_loss       | -3.33       |
|    explained_variance | 0           |
|    learning_rate      | 0.0002      |
|    n_updates          | 6499        |
|    policy_loss        | -0.187      |
|    reward             | 0.006836292 |
|    std                | 1.28        |
|    value_loss         | 0.00516     |
---------------------------------------
EPISODE:  34
------------------------------------------
| time/                 |                |
|    fps                | 64             |
|    iterations         | 6600           |
|    time_elapsed       | 511            |
|    total_timesteps    | 33000          |
| train/                |                |
|    entropy_loss       | -3.33          |
|    explained_variance | 0.0361         |
|    learning_rate      | 0.0002         |
|    n_updates          | 6599           |
|    policy_loss        | -0.0185        |
|    reward             | -0.00085697236 |
|    std                | 1.28           |
|    value_loss         | 0.000615       |
------------------------------------------
----------------------------------------
| time/                 |              |
|    fps                | 64           |
|    iterations         | 6700         |
|    time_elapsed       | 517          |
|    total_timesteps    | 33500        |
| train/                |              |
|    entropy_loss       | -3.34        |
|    explained_variance | 0.309        |
|    learning_rate      | 0.0002       |
|    n_updates          | 6699         |
|    policy_loss        | -0.186       |
|    reward             | -0.006077082 |
|    std                | 1.28         |
|    value_loss         | 0.00253      |
----------------------------------------
EPISODE:  35
-----------------------------------------
| time/                 |               |
|    fps                | 65            |
|    iterations         | 6800          |
|    time_elapsed       | 522           |
|    total_timesteps    | 34000         |
| train/                |               |
|    entropy_loss       | -3.34         |
|    explained_variance | 0.000483      |
|    learning_rate      | 0.0002        |
|    n_updates          | 6799          |
|    policy_loss        | -0.0536       |
|    reward             | -0.0049085543 |
|    std                | 1.29          |
|    value_loss         | 0.000383      |
-----------------------------------------
-----------------------------------------
| time/                 |               |
|    fps                | 65            |
|    iterations         | 6900          |
|    time_elapsed       | 527           |
|    total_timesteps    | 34500         |
| train/                |               |
|    entropy_loss       | -3.35         |
|    explained_variance | 1.43e-06      |
|    learning_rate      | 0.0002        |
|    n_updates          | 6899          |
|    policy_loss        | 0.084         |
|    reward             | -0.0033397635 |
|    std                | 1.29          |
|    value_loss         | 0.00079       |
-----------------------------------------
EPISODE:  36
---------------------------------------
| time/                 |             |
|    fps                | 65          |
|    iterations         | 7000        |
|    time_elapsed       | 531         |
|    total_timesteps    | 35000       |
| train/                |             |
|    entropy_loss       | -3.36       |
|    explained_variance | 0.0142      |
|    learning_rate      | 0.0002      |
|    n_updates          | 6999        |
|    policy_loss        | -0.0429     |
|    reward             | 0.060025934 |
|    std                | 1.3         |
|    value_loss         | 0.000499    |
---------------------------------------
---------------------------------------
| time/                 |             |
|    fps                | 66          |
|    iterations         | 7100        |
|    time_elapsed       | 536         |
|    total_timesteps    | 35500       |
| train/                |             |
|    entropy_loss       | -3.37       |
|    explained_variance | -0.547      |
|    learning_rate      | 0.0002      |
|    n_updates          | 7099        |
|    policy_loss        | -0.0557     |
|    reward             | 0.064657345 |
|    std                | 1.3         |
|    value_loss         | 0.0022      |
---------------------------------------
EPISODE:  37
---------------------------------------
| time/                 |             |
|    fps                | 66          |
|    iterations         | 7200        |
|    time_elapsed       | 541         |
|    total_timesteps    | 36000       |
| train/                |             |
|    entropy_loss       | -3.38       |
|    explained_variance | 0           |
|    learning_rate      | 0.0002      |
|    n_updates          | 7199        |
|    policy_loss        | -0.233      |
|    reward             | 0.034956556 |
|    std                | 1.31        |
|    value_loss         | 0.00911     |
---------------------------------------
---------------------------------------
| time/                 |             |
|    fps                | 66          |
|    iterations         | 7300        |
|    time_elapsed       | 545         |
|    total_timesteps    | 36500       |
| train/                |             |
|    entropy_loss       | -3.38       |
|    explained_variance | 0           |
|    learning_rate      | 0.0002      |
|    n_updates          | 7299        |
|    policy_loss        | 0.284       |
|    reward             | -0.00796702 |
|    std                | 1.31        |
|    value_loss         | 0.00896     |
---------------------------------------
EPISODE:  38
---------------------------------------
| time/                 |             |
|    fps                | 67          |
|    iterations         | 7400        |
|    time_elapsed       | 550         |
|    total_timesteps    | 37000       |
| train/                |             |
|    entropy_loss       | -3.39       |
|    explained_variance | 0           |
|    learning_rate      | 0.0002      |
|    n_updates          | 7399        |
|    policy_loss        | -0.13       |
|    reward             | 0.030132132 |
|    std                | 1.32        |
|    value_loss         | 0.00223     |
---------------------------------------
----------------------------------------
| time/                 |              |
|    fps                | 67           |
|    iterations         | 7500         |
|    time_elapsed       | 554          |
|    total_timesteps    | 37500        |
| train/                |              |
|    entropy_loss       | -3.39        |
|    explained_variance | 0            |
|    learning_rate      | 0.0002       |
|    n_updates          | 7499         |
|    policy_loss        | -0.111       |
|    reward             | -0.027346486 |
|    std                | 1.32         |
|    value_loss         | 0.00141      |
----------------------------------------
EPISODE:  39
-----------------------------------------
| time/                 |               |
|    fps                | 68            |
|    iterations         | 7600          |
|    time_elapsed       | 557           |
|    total_timesteps    | 38000         |
| train/                |               |
|    entropy_loss       | -3.39         |
|    explained_variance | 1.19e-07      |
|    learning_rate      | 0.0002        |
|    n_updates          | 7599          |
|    policy_loss        | -0.094        |
|    reward             | -0.0019998015 |
|    std                | 1.32          |
|    value_loss         | 0.00113       |
-----------------------------------------
---------------------------------------
| time/                 |             |
|    fps                | 68          |
|    iterations         | 7700        |
|    time_elapsed       | 561         |
|    total_timesteps    | 38500       |
| train/                |             |
|    entropy_loss       | -3.4        |
|    explained_variance | 0           |
|    learning_rate      | 0.0002      |
|    n_updates          | 7699        |
|    policy_loss        | -0.0115     |
|    reward             | 0.004299037 |
|    std                | 1.32        |
|    value_loss         | 0.000274    |
---------------------------------------
EPISODE:  40
-------------------------------------
| time/                 |           |
|    fps                | 68        |
|    iterations         | 7800      |
|    time_elapsed       | 565       |
|    total_timesteps    | 39000     |
| train/                |           |
|    entropy_loss       | -3.41     |
|    explained_variance | -1.91e-06 |
|    learning_rate      | 0.0002    |
|    n_updates          | 7799      |
|    policy_loss        | 0.178     |
|    reward             | 0.0378302 |
|    std                | 1.33      |
|    value_loss         | 0.00291   |
-------------------------------------
----------------------------------------
| time/                 |              |
|    fps                | 69           |
|    iterations         | 7900         |
|    time_elapsed       | 569          |
|    total_timesteps    | 39500        |
| train/                |              |
|    entropy_loss       | -3.42        |
|    explained_variance | 0.424        |
|    learning_rate      | 0.0002       |
|    n_updates          | 7899         |
|    policy_loss        | 0.0053       |
|    reward             | -0.008728695 |
|    std                | 1.34         |
|    value_loss         | 4.41e-05     |
----------------------------------------
EPISODE:  41
----------------------------------------
| time/                 |              |
|    fps                | 69           |
|    iterations         | 8000         |
|    time_elapsed       | 573          |
|    total_timesteps    | 40000        |
| train/                |              |
|    entropy_loss       | -3.43        |
|    explained_variance | 0.0859       |
|    learning_rate      | 0.0002       |
|    n_updates          | 7999         |
|    policy_loss        | 0.189        |
|    reward             | -0.004329302 |
|    std                | 1.34         |
|    value_loss         | 0.0047       |
----------------------------------------
-----------------------------------------
| time/                 |               |
|    fps                | 70            |
|    iterations         | 8100          |
|    time_elapsed       | 577           |
|    total_timesteps    | 40500         |
| train/                |               |
|    entropy_loss       | -3.43         |
|    explained_variance | -0.00187      |
|    learning_rate      | 0.0002        |
|    n_updates          | 8099          |
|    policy_loss        | -0.23         |
|    reward             | -0.0030245539 |
|    std                | 1.35          |
|    value_loss         | 0.00634       |
-----------------------------------------
EPISODE:  42
-----------------------------------------
| time/                 |               |
|    fps                | 70            |
|    iterations         | 8200          |
|    time_elapsed       | 580           |
|    total_timesteps    | 41000         |
| train/                |               |
|    entropy_loss       | -3.44         |
|    explained_variance | 1.19e-07      |
|    learning_rate      | 0.0002        |
|    n_updates          | 8199          |
|    policy_loss        | 0.117         |
|    reward             | -0.0011626604 |
|    std                | 1.35          |
|    value_loss         | 0.00135       |
-----------------------------------------
----------------------------------------
| time/                 |              |
|    fps                | 70           |
|    iterations         | 8300         |
|    time_elapsed       | 584          |
|    total_timesteps    | 41500        |
| train/                |              |
|    entropy_loss       | -3.45        |
|    explained_variance | 0            |
|    learning_rate      | 0.0002       |
|    n_updates          | 8299         |
|    policy_loss        | 0.0484       |
|    reward             | -0.030049896 |
|    std                | 1.36         |
|    value_loss         | 0.000524     |
----------------------------------------
EPISODE:  43
-----------------------------------------
| time/                 |               |
|    fps                | 71            |
|    iterations         | 8400          |
|    time_elapsed       | 588           |
|    total_timesteps    | 42000         |
| train/                |               |
|    entropy_loss       | -3.46         |
|    explained_variance | 0.00534       |
|    learning_rate      | 0.0002        |
|    n_updates          | 8399          |
|    policy_loss        | 0.0466        |
|    reward             | -0.0074586044 |
|    std                | 1.36          |
|    value_loss         | 0.000582      |
-----------------------------------------
---------------------------------------
| time/                 |             |
|    fps                | 71          |
|    iterations         | 8500        |
|    time_elapsed       | 592         |
|    total_timesteps    | 42500       |
| train/                |             |
|    entropy_loss       | -3.47       |
|    explained_variance | -0.84       |
|    learning_rate      | 0.0002      |
|    n_updates          | 8499        |
|    policy_loss        | -0.112      |
|    reward             | 0.014145226 |
|    std                | 1.37        |
|    value_loss         | 0.00178     |
---------------------------------------
EPISODE:  44
---------------------------------------
| time/                 |             |
|    fps                | 72          |
|    iterations         | 8600        |
|    time_elapsed       | 595         |
|    total_timesteps    | 43000       |
| train/                |             |
|    entropy_loss       | -3.47       |
|    explained_variance | -2.26e-06   |
|    learning_rate      | 0.0002      |
|    n_updates          | 8599        |
|    policy_loss        | 0.0318      |
|    reward             | 0.042633954 |
|    std                | 1.37        |
|    value_loss         | 0.000357    |
---------------------------------------
---------------------------------------
| time/                 |             |
|    fps                | 72          |
|    iterations         | 8700        |
|    time_elapsed       | 599         |
|    total_timesteps    | 43500       |
| train/                |             |
|    entropy_loss       | -3.48       |
|    explained_variance | -2.74e-06   |
|    learning_rate      | 0.0002      |
|    n_updates          | 8699        |
|    policy_loss        | -0.0496     |
|    reward             | 0.021441745 |
|    std                | 1.38        |
|    value_loss         | 0.000464    |
---------------------------------------
EPISODE:  45
---------------------------------------
| time/                 |             |
|    fps                | 72          |
|    iterations         | 8800        |
|    time_elapsed       | 603         |
|    total_timesteps    | 44000       |
| train/                |             |
|    entropy_loss       | -3.49       |
|    explained_variance | -0.147      |
|    learning_rate      | 0.0002      |
|    n_updates          | 8799        |
|    policy_loss        | -0.105      |
|    reward             | 0.021459892 |
|    std                | 1.38        |
|    value_loss         | 0.00143     |
---------------------------------------
---------------------------------------
| time/                 |             |
|    fps                | 73          |
|    iterations         | 8900        |
|    time_elapsed       | 606         |
|    total_timesteps    | 44500       |
| train/                |             |
|    entropy_loss       | -3.49       |
|    explained_variance | -0.000845   |
|    learning_rate      | 0.0002      |
|    n_updates          | 8899        |
|    policy_loss        | 0.137       |
|    reward             | 0.035677414 |
|    std                | 1.39        |
|    value_loss         | 0.00224     |
---------------------------------------
EPISODE:  46
----------------------------------------
| time/                 |              |
|    fps                | 73           |
|    iterations         | 9000         |
|    time_elapsed       | 610          |
|    total_timesteps    | 45000        |
| train/                |              |
|    entropy_loss       | -3.49        |
|    explained_variance | 5.96e-07     |
|    learning_rate      | 0.0002       |
|    n_updates          | 8999         |
|    policy_loss        | 0.0761       |
|    reward             | -0.073423535 |
|    std                | 1.39         |
|    value_loss         | 0.000526     |
----------------------------------------
---------------------------------------
| time/                 |             |
|    fps                | 74          |
|    iterations         | 9100        |
|    time_elapsed       | 614         |
|    total_timesteps    | 45500       |
| train/                |             |
|    entropy_loss       | -3.5        |
|    explained_variance | 0.0003      |
|    learning_rate      | 0.0002      |
|    n_updates          | 9099        |
|    policy_loss        | -0.0439     |
|    reward             | 0.032858633 |
|    std                | 1.39        |
|    value_loss         | 0.000549    |
---------------------------------------
EPISODE:  47
---------------------------------------
| time/                 |             |
|    fps                | 74          |
|    iterations         | 9200        |
|    time_elapsed       | 618         |
|    total_timesteps    | 46000       |
| train/                |             |
|    entropy_loss       | -3.51       |
|    explained_variance | 2.03e-06    |
|    learning_rate      | 0.0002      |
|    n_updates          | 9199        |
|    policy_loss        | -0.122      |
|    reward             | 0.024609689 |
|    std                | 1.4         |
|    value_loss         | 0.00295     |
---------------------------------------
----------------------------------------
| time/                 |              |
|    fps                | 74           |
|    iterations         | 9300         |
|    time_elapsed       | 622          |
|    total_timesteps    | 46500        |
| train/                |              |
|    entropy_loss       | -3.52        |
|    explained_variance | -2.18e-05    |
|    learning_rate      | 0.0002       |
|    n_updates          | 9299         |
|    policy_loss        | -0.0135      |
|    reward             | -0.039296556 |
|    std                | 1.41         |
|    value_loss         | 0.000233     |
----------------------------------------
EPISODE:  48
---------------------------------------
| time/                 |             |
|    fps                | 75          |
|    iterations         | 9400        |
|    time_elapsed       | 626         |
|    total_timesteps    | 47000       |
| train/                |             |
|    entropy_loss       | -3.53       |
|    explained_variance | -0.388      |
|    learning_rate      | 0.0002      |
|    n_updates          | 9399        |
|    policy_loss        | 0.112       |
|    reward             | 0.018301189 |
|    std                | 1.41        |
|    value_loss         | 0.00193     |
---------------------------------------
---------------------------------------
| time/                 |             |
|    fps                | 75          |
|    iterations         | 9500        |
|    time_elapsed       | 629         |
|    total_timesteps    | 47500       |
| train/                |             |
|    entropy_loss       | -3.54       |
|    explained_variance | 0.621       |
|    learning_rate      | 0.0002      |
|    n_updates          | 9499        |
|    policy_loss        | -0.097      |
|    reward             | -0.04802947 |
|    std                | 1.42        |
|    value_loss         | 0.00123     |
---------------------------------------
EPISODE:  49
---------------------------------------
| time/                 |             |
|    fps                | 75          |
|    iterations         | 9600        |
|    time_elapsed       | 633         |
|    total_timesteps    | 48000       |
| train/                |             |
|    entropy_loss       | -3.55       |
|    explained_variance | 0           |
|    learning_rate      | 0.0002      |
|    n_updates          | 9599        |
|    policy_loss        | 0.0512      |
|    reward             | 0.006107676 |
|    std                | 1.43        |
|    value_loss         | 0.000524    |
---------------------------------------
---------------------------------------
| time/                 |             |
|    fps                | 76          |
|    iterations         | 9700        |
|    time_elapsed       | 637         |
|    total_timesteps    | 48500       |
| train/                |             |
|    entropy_loss       | -3.55       |
|    explained_variance | -1.66e-05   |
|    learning_rate      | 0.0002      |
|    n_updates          | 9699        |
|    policy_loss        | -0.12       |
|    reward             | 0.026806764 |
|    std                | 1.43        |
|    value_loss         | 0.00357     |
---------------------------------------
EPISODE:  50
-------------------------------------
| time/                 |           |
|    fps                | 76        |
|    iterations         | 9800      |
|    time_elapsed       | 640       |
|    total_timesteps    | 49000     |
| train/                |           |
|    entropy_loss       | -3.56     |
|    explained_variance | 0.392     |
|    learning_rate      | 0.0002    |
|    n_updates          | 9799      |
|    policy_loss        | 0.17      |
|    reward             | 0.0166295 |
|    std                | 1.43      |
|    value_loss         | 0.00329   |
-------------------------------------
---------------------------------------
| time/                 |             |
|    fps                | 76          |
|    iterations         | 9900        |
|    time_elapsed       | 643         |
|    total_timesteps    | 49500       |
| train/                |             |
|    entropy_loss       | -3.57       |
|    explained_variance | 0           |
|    learning_rate      | 0.0002      |
|    n_updates          | 9899        |
|    policy_loss        | 0.045       |
|    reward             | 0.003779687 |
|    std                | 1.44        |
|    value_loss         | 0.000367    |
---------------------------------------
EPISODE:  51
----------------------------------------
| time/                 |              |
|    fps                | 77           |
|    iterations         | 10000        |
|    time_elapsed       | 647          |
|    total_timesteps    | 50000        |
| train/                |              |
|    entropy_loss       | -3.58        |
|    explained_variance | 0            |
|    learning_rate      | 0.0002       |
|    n_updates          | 9999         |
|    policy_loss        | -0.0132      |
|    reward             | -0.024687193 |
|    std                | 1.45         |
|    value_loss         | 0.000457     |
----------------------------------------
Saved episode log to Results\250619_hc_binary_udp_noise\a2c\periodic_noise\training_logs\02.csv
