EPISODE:  0
{'batch_size': 128, 'buffer_size': 1000000, 'learning_rate': 0.0001, 'learning_starts': 100, 'ent_coef': 'auto_0.1'}
Using cuda device
EPISODE:  1
EPISODE:  2
EPISODE:  3
EPISODE:  4
EPISODE:  5
----------------------------------
| time/              |           |
|    episodes        | 4         |
|    fps             | 8         |
|    time_elapsed    | 485       |
|    total_timesteps | 4000      |
| train/             |           |
|    actor_loss      | -3.1e+04  |
|    critic_loss     | 7.79e+04  |
|    ent_coef        | 0.15      |
|    ent_coef_loss   | 35.5      |
|    learning_rate   | 0.0001    |
|    n_updates       | 3899      |
|    reward          | 1911.4169 |
----------------------------------
EPISODE:  6
EPISODE:  7
EPISODE:  8
EPISODE:  9
----------------------------------
| time/              |           |
|    episodes        | 8         |
|    fps             | 8         |
|    time_elapsed    | 985       |
|    total_timesteps | 8000      |
| train/             |           |
|    actor_loss      | -5.37e+04 |
|    critic_loss     | 2.19e+04  |
|    ent_coef        | 0.224     |
|    ent_coef_loss   | 28        |
|    learning_rate   | 0.0001    |
|    n_updates       | 7899      |
|    reward          | 1911.4169 |
----------------------------------
EPISODE:  10
EPISODE:  11
EPISODE:  12
EPISODE:  13
----------------------------------
| time/              |           |
|    episodes        | 12        |
|    fps             | 8         |
|    time_elapsed    | 1483      |
|    total_timesteps | 12000     |
| train/             |           |
|    actor_loss      | -7.06e+04 |
|    critic_loss     | 4.02e+04  |
|    ent_coef        | 0.334     |
|    ent_coef_loss   | 20.7      |
|    learning_rate   | 0.0001    |
|    n_updates       | 11899     |
|    reward          | 1911.4169 |
----------------------------------
EPISODE:  14
EPISODE:  15
EPISODE:  16
EPISODE:  17
----------------------------------
| time/              |           |
|    episodes        | 16        |
|    fps             | 8         |
|    time_elapsed    | 1982      |
|    total_timesteps | 16000     |
| train/             |           |
|    actor_loss      | -8.57e+04 |
|    critic_loss     | 1.45e+04  |
|    ent_coef        | 0.498     |
|    ent_coef_loss   | 13.1      |
|    learning_rate   | 0.0001    |
|    n_updates       | 15899     |
|    reward          | 1911.4169 |
----------------------------------
EPISODE:  18
EPISODE:  19
EPISODE:  20
EPISODE:  21
----------------------------------
| time/              |           |
|    episodes        | 20        |
|    fps             | 8         |
|    time_elapsed    | 2480      |
|    total_timesteps | 20000     |
| train/             |           |
|    actor_loss      | -9.51e+04 |
|    critic_loss     | 2.23e+04  |
|    ent_coef        | 0.743     |
|    ent_coef_loss   | 5.56      |
|    learning_rate   | 0.0001    |
|    n_updates       | 19899     |
|    reward          | 1911.4169 |
----------------------------------
EPISODE:  22
EPISODE:  23
EPISODE:  24
EPISODE:  25
----------------------------------
| time/              |           |
|    episodes        | 24        |
|    fps             | 8         |
|    time_elapsed    | 2979      |
|    total_timesteps | 24000     |
| train/             |           |
|    actor_loss      | -1.06e+05 |
|    critic_loss     | 2.27e+05  |
|    ent_coef        | 1.11      |
|    ent_coef_loss   | -1.96     |
|    learning_rate   | 0.0001    |
|    n_updates       | 23899     |
|    reward          | 1911.4169 |
----------------------------------
EPISODE:  26
EPISODE:  27
EPISODE:  28
EPISODE:  29
----------------------------------
| time/              |           |
|    episodes        | 28        |
|    fps             | 8         |
|    time_elapsed    | 3477      |
|    total_timesteps | 28000     |
| train/             |           |
|    actor_loss      | -1.13e+05 |
|    critic_loss     | 9.84e+04  |
|    ent_coef        | 1.65      |
|    ent_coef_loss   | -9.44     |
|    learning_rate   | 0.0001    |
|    n_updates       | 27899     |
|    reward          | 1911.4169 |
----------------------------------
EPISODE:  30
EPISODE:  31
EPISODE:  32
EPISODE:  33
----------------------------------
| time/              |           |
|    episodes        | 32        |
|    fps             | 8         |
|    time_elapsed    | 3976      |
|    total_timesteps | 32000     |
| train/             |           |
|    actor_loss      | -1.17e+05 |
|    critic_loss     | 2.93e+04  |
|    ent_coef        | 2.47      |
|    ent_coef_loss   | -17       |
|    learning_rate   | 0.0001    |
|    n_updates       | 31899     |
|    reward          | 1911.4169 |
----------------------------------
EPISODE:  34
EPISODE:  35
EPISODE:  36
EPISODE:  37
----------------------------------
| time/              |           |
|    episodes        | 36        |
|    fps             | 8         |
|    time_elapsed    | 4475      |
|    total_timesteps | 36000     |
| train/             |           |
|    actor_loss      | -1.2e+05  |
|    critic_loss     | 1.92e+04  |
|    ent_coef        | 3.68      |
|    ent_coef_loss   | -24.5     |
|    learning_rate   | 0.0001    |
|    n_updates       | 35899     |
|    reward          | 1911.4169 |
----------------------------------
EPISODE:  38
EPISODE:  39
EPISODE:  40
EPISODE:  41
----------------------------------
| time/              |           |
|    episodes        | 40        |
|    fps             | 8         |
|    time_elapsed    | 4975      |
|    total_timesteps | 40000     |
| train/             |           |
|    actor_loss      | -1.22e+05 |
|    critic_loss     | 8.19e+05  |
|    ent_coef        | 5.49      |
|    ent_coef_loss   | -32.2     |
|    learning_rate   | 0.0001    |
|    n_updates       | 39899     |
|    reward          | 1911.4169 |
----------------------------------
EPISODE:  42
EPISODE:  43
EPISODE:  44
EPISODE:  45
----------------------------------
| time/              |           |
|    episodes        | 44        |
|    fps             | 8         |
|    time_elapsed    | 5474      |
|    total_timesteps | 44000     |
| train/             |           |
|    actor_loss      | -1.23e+05 |
|    critic_loss     | 9e+04     |
|    ent_coef        | 8.2       |
|    ent_coef_loss   | -39.5     |
|    learning_rate   | 0.0001    |
|    n_updates       | 43899     |
|    reward          | 1911.4169 |
----------------------------------
EPISODE:  46
EPISODE:  47
EPISODE:  48
EPISODE:  49
----------------------------------
| time/              |           |
|    episodes        | 48        |
|    fps             | 8         |
|    time_elapsed    | 5974      |
|    total_timesteps | 48000     |
| train/             |           |
|    actor_loss      | -1.23e+05 |
|    critic_loss     | 1.04e+05  |
|    ent_coef        | 12.2      |
|    ent_coef_loss   | -46.9     |
|    learning_rate   | 0.0001    |
|    n_updates       | 47899     |
|    reward          | 1911.4169 |
----------------------------------
EPISODE:  50
EPISODE:  51
EPISODE:  52
EPISODE:  53
----------------------------------
| time/              |           |
|    episodes        | 52        |
|    fps             | 8         |
|    time_elapsed    | 6474      |
|    total_timesteps | 52000     |
| train/             |           |
|    actor_loss      | -1.22e+05 |
|    critic_loss     | 3.52e+04  |
|    ent_coef        | 18.2      |
|    ent_coef_loss   | -54.4     |
|    learning_rate   | 0.0001    |
|    n_updates       | 51899     |
|    reward          | 1911.4169 |
----------------------------------
EPISODE:  54
EPISODE:  55
EPISODE:  56
EPISODE:  57
----------------------------------
| time/              |           |
|    episodes        | 56        |
|    fps             | 8         |
|    time_elapsed    | 6974      |
|    total_timesteps | 56000     |
| train/             |           |
|    actor_loss      | -1.16e+05 |
|    critic_loss     | 2.24e+05  |
|    ent_coef        | 27.2      |
|    ent_coef_loss   | -62.2     |
|    learning_rate   | 0.0001    |
|    n_updates       | 55899     |
|    reward          | 1911.4169 |
----------------------------------
EPISODE:  58
EPISODE:  59
EPISODE:  60
EPISODE:  61
----------------------------------
| time/              |           |
|    episodes        | 60        |
|    fps             | 8         |
|    time_elapsed    | 7474      |
|    total_timesteps | 60000     |
| train/             |           |
|    actor_loss      | -1.08e+05 |
|    critic_loss     | 1.44e+05  |
|    ent_coef        | 40.6      |
|    ent_coef_loss   | -69.7     |
|    learning_rate   | 0.0001    |
|    n_updates       | 59899     |
|    reward          | 1911.4169 |
----------------------------------
EPISODE:  62
EPISODE:  63
EPISODE:  64
EPISODE:  65
----------------------------------
| time/              |           |
|    episodes        | 64        |
|    fps             | 8         |
|    time_elapsed    | 7973      |
|    total_timesteps | 64000     |
| train/             |           |
|    actor_loss      | -9.54e+04 |
|    critic_loss     | 8.42e+04  |
|    ent_coef        | 60.6      |
|    ent_coef_loss   | -76.9     |
|    learning_rate   | 0.0001    |
|    n_updates       | 63899     |
|    reward          | 1911.4169 |
----------------------------------
EPISODE:  66
EPISODE:  67
EPISODE:  68
EPISODE:  69
----------------------------------
| time/              |           |
|    episodes        | 68        |
|    fps             | 8         |
|    time_elapsed    | 8474      |
|    total_timesteps | 68000     |
| train/             |           |
|    actor_loss      | -7.38e+04 |
|    critic_loss     | 3.72e+04  |
|    ent_coef        | 90.4      |
|    ent_coef_loss   | -84.8     |
|    learning_rate   | 0.0001    |
|    n_updates       | 67899     |
|    reward          | 1911.4169 |
----------------------------------
EPISODE:  70
EPISODE:  71
EPISODE:  72
EPISODE:  73
----------------------------------
| time/              |           |
|    episodes        | 72        |
|    fps             | 8         |
|    time_elapsed    | 8974      |
|    total_timesteps | 72000     |
| train/             |           |
|    actor_loss      | -4.33e+04 |
|    critic_loss     | 3.41e+04  |
|    ent_coef        | 135       |
|    ent_coef_loss   | -92.7     |
|    learning_rate   | 0.0001    |
|    n_updates       | 71899     |
|    reward          | 1911.4169 |
----------------------------------
EPISODE:  74
EPISODE:  75
EPISODE:  76
EPISODE:  77
----------------------------------
| time/              |           |
|    episodes        | 76        |
|    fps             | 8         |
|    time_elapsed    | 9475      |
|    total_timesteps | 76000     |
| train/             |           |
|    actor_loss      | 2.62e+03  |
|    critic_loss     | 8.78e+04  |
|    ent_coef        | 201       |
|    ent_coef_loss   | -99.8     |
|    learning_rate   | 0.0001    |
|    n_updates       | 75899     |
|    reward          | 1911.4169 |
----------------------------------
EPISODE:  78
EPISODE:  79
EPISODE:  80
EPISODE:  81
----------------------------------
| time/              |           |
|    episodes        | 80        |
|    fps             | 8         |
|    time_elapsed    | 9975      |
|    total_timesteps | 80000     |
| train/             |           |
|    actor_loss      | 7.28e+04  |
|    critic_loss     | 3.93e+05  |
|    ent_coef        | 300       |
|    ent_coef_loss   | -106      |
|    learning_rate   | 0.0001    |
|    n_updates       | 79899     |
|    reward          | 1911.4169 |
----------------------------------
EPISODE:  82
EPISODE:  83
EPISODE:  84
EPISODE:  85
----------------------------------
| time/              |           |
|    episodes        | 84        |
|    fps             | 8         |
|    time_elapsed    | 10476     |
|    total_timesteps | 84000     |
| train/             |           |
|    actor_loss      | 1.75e+05  |
|    critic_loss     | 3.39e+05  |
|    ent_coef        | 448       |
|    ent_coef_loss   | -115      |
|    learning_rate   | 0.0001    |
|    n_updates       | 83899     |
|    reward          | 1911.4169 |
----------------------------------
EPISODE:  86
EPISODE:  87
EPISODE:  88
EPISODE:  89
----------------------------------
| time/              |           |
|    episodes        | 88        |
|    fps             | 8         |
|    time_elapsed    | 10976     |
|    total_timesteps | 88000     |
| train/             |           |
|    actor_loss      | 3.24e+05  |
|    critic_loss     | 1.72e+06  |
|    ent_coef        | 668       |
|    ent_coef_loss   | -122      |
|    learning_rate   | 0.0001    |
|    n_updates       | 87899     |
|    reward          | 1911.4169 |
----------------------------------
EPISODE:  90
EPISODE:  91
EPISODE:  92
EPISODE:  93
----------------------------------
| time/              |           |
|    episodes        | 92        |
|    fps             | 8         |
|    time_elapsed    | 11478     |
|    total_timesteps | 92000     |
| train/             |           |
|    actor_loss      | 5.48e+05  |
|    critic_loss     | 1.93e+09  |
|    ent_coef        | 997       |
|    ent_coef_loss   | -130      |
|    learning_rate   | 0.0001    |
|    n_updates       | 91899     |
|    reward          | 1911.4169 |
----------------------------------
EPISODE:  94
EPISODE:  95
EPISODE:  96
EPISODE:  97
----------------------------------
| time/              |           |
|    episodes        | 96        |
|    fps             | 8         |
|    time_elapsed    | 11977     |
|    total_timesteps | 96000     |
| train/             |           |
|    actor_loss      | 8.82e+05  |
|    critic_loss     | 1.06e+07  |
|    ent_coef        | 1.49e+03  |
|    ent_coef_loss   | -137      |
|    learning_rate   | 0.0001    |
|    n_updates       | 95899     |
|    reward          | 1911.4169 |
----------------------------------
EPISODE:  98
EPISODE:  99
EPISODE:  100
EPISODE:  101
----------------------------------
| time/              |           |
|    episodes        | 100       |
|    fps             | 8         |
|    time_elapsed    | 12478     |
|    total_timesteps | 100000    |
| train/             |           |
|    actor_loss      | 1.38e+06  |
|    critic_loss     | 1.42e+07  |
|    ent_coef        | 2.22e+03  |
|    ent_coef_loss   | -145      |
|    learning_rate   | 0.0001    |
|    n_updates       | 99899     |
|    reward          | 1911.4169 |
----------------------------------
EPISODE:  102
EPISODE:  103
EPISODE:  104
EPISODE:  105
----------------------------------
| time/              |           |
|    episodes        | 104       |
|    fps             | 8         |
|    time_elapsed    | 12978     |
|    total_timesteps | 104000    |
| train/             |           |
|    actor_loss      | 2.12e+06  |
|    critic_loss     | 6.51e+10  |
|    ent_coef        | 3.31e+03  |
|    ent_coef_loss   | -151      |
|    learning_rate   | 0.0001    |
|    n_updates       | 103899    |
|    reward          | 1911.4169 |
----------------------------------
EPISODE:  106
EPISODE:  107
EPISODE:  108
EPISODE:  109
----------------------------------
| time/              |           |
|    episodes        | 108       |
|    fps             | 8         |
|    time_elapsed    | 13480     |
|    total_timesteps | 108000    |
| train/             |           |
|    actor_loss      | 3.24e+06  |
|    critic_loss     | 7.49e+07  |
|    ent_coef        | 4.95e+03  |
|    ent_coef_loss   | -160      |
|    learning_rate   | 0.0001    |
|    n_updates       | 107899    |
|    reward          | 1911.4169 |
----------------------------------
EPISODE:  110
EPISODE:  111
EPISODE:  112
EPISODE:  113
----------------------------------
| time/              |           |
|    episodes        | 112       |
|    fps             | 8         |
|    time_elapsed    | 13981     |
|    total_timesteps | 112000    |
| train/             |           |
|    actor_loss      | 4.02e+06  |
|    critic_loss     | 1.06e+09  |
|    ent_coef        | 7.13e+03  |
|    ent_coef_loss   | -114      |
|    learning_rate   | 0.0001    |
|    n_updates       | 111899    |
|    reward          | 2727.7415 |
----------------------------------
EPISODE:  114
EPISODE:  115
EPISODE:  116
EPISODE:  117
----------------------------------
| time/              |           |
|    episodes        | 116       |
|    fps             | 8         |
|    time_elapsed    | 14482     |
|    total_timesteps | 116000    |
| train/             |           |
|    actor_loss      | 5.37e+06  |
|    critic_loss     | 1.98e+09  |
|    ent_coef        | 1.06e+04  |
|    ent_coef_loss   | -131      |
|    learning_rate   | 0.0001    |
|    n_updates       | 115899    |
|    reward          | 2639.6433 |
----------------------------------
EPISODE:  118
EPISODE:  119
EPISODE:  120
EPISODE:  121
----------------------------------
| time/              |           |
|    episodes        | 120       |
|    fps             | 8         |
|    time_elapsed    | 14983     |
|    total_timesteps | 120000    |
| train/             |           |
|    actor_loss      | 7.46e+06  |
|    critic_loss     | 4.42e+11  |
|    ent_coef        | 1.58e+04  |
|    ent_coef_loss   | -129      |
|    learning_rate   | 0.0001    |
|    n_updates       | 119899    |
|    reward          | 2687.9302 |
----------------------------------
EPISODE:  122
EPISODE:  123
EPISODE:  124
EPISODE:  125
----------------------------------
| time/              |           |
|    episodes        | 124       |
|    fps             | 8         |
|    time_elapsed    | 15483     |
|    total_timesteps | 124000    |
| train/             |           |
|    actor_loss      | 9.39e+06  |
|    critic_loss     | 2.53e+10  |
|    ent_coef        | 2.26e+04  |
|    ent_coef_loss   | -70       |
|    learning_rate   | 0.0001    |
|    n_updates       | 123899    |
|    reward          | 3653.4634 |
----------------------------------
EPISODE:  126
EPISODE:  127
EPISODE:  128
EPISODE:  129
---------------------------------
| time/              |          |
|    episodes        | 128      |
|    fps             | 8        |
|    time_elapsed    | 15984    |
|    total_timesteps | 128000   |
| train/             |          |
|    actor_loss      | 8.64e+06 |
|    critic_loss     | 5.66e+11 |
|    ent_coef        | 2.81e+04 |
|    ent_coef_loss   | 31.5     |
|    learning_rate   | 0.0001   |
|    n_updates       | 127899   |
|    reward          | 4140.523 |
---------------------------------
EPISODE:  130
EPISODE:  131
EPISODE:  132
EPISODE:  133
---------------------------------
| time/              |          |
|    episodes        | 132      |
|    fps             | 8        |
|    time_elapsed    | 16484    |
|    total_timesteps | 132000   |
| train/             |          |
|    actor_loss      | 5.53e+06 |
|    critic_loss     | 9.24e+08 |
|    ent_coef        | 2.01e+04 |
|    ent_coef_loss   | 26.6     |
|    learning_rate   | 0.0001   |
|    n_updates       | 131899   |
|    reward          | 4104.506 |
---------------------------------
EPISODE:  134
EPISODE:  135
EPISODE:  136
EPISODE:  137
----------------------------------
| time/              |           |
|    episodes        | 136       |
|    fps             | 8         |
|    time_elapsed    | 16985     |
|    total_timesteps | 136000    |
| train/             |           |
|    actor_loss      | 3.53e+06  |
|    critic_loss     | 4.09e+08  |
|    ent_coef        | 1.35e+04  |
|    ent_coef_loss   | 25.8      |
|    learning_rate   | 0.0001    |
|    n_updates       | 135899    |
|    reward          | 4074.6528 |
----------------------------------
EPISODE:  138
EPISODE:  139
EPISODE:  140
EPISODE:  141
----------------------------------
| time/              |           |
|    episodes        | 140       |
|    fps             | 8         |
|    time_elapsed    | 17486     |
|    total_timesteps | 140000    |
| train/             |           |
|    actor_loss      | 2.06e+06  |
|    critic_loss     | 1.37e+08  |
|    ent_coef        | 9.02e+03  |
|    ent_coef_loss   | 27.5      |
|    learning_rate   | 0.0001    |
|    n_updates       | 139899    |
|    reward          | 3980.2302 |
----------------------------------
EPISODE:  142
EPISODE:  143
EPISODE:  144
EPISODE:  145
----------------------------------
| time/              |           |
|    episodes        | 144       |
|    fps             | 8         |
|    time_elapsed    | 17987     |
|    total_timesteps | 144000    |
| train/             |           |
|    actor_loss      | 1.31e+06  |
|    critic_loss     | 3.81e+07  |
|    ent_coef        | 6.03e+03  |
|    ent_coef_loss   | 26.3      |
|    learning_rate   | 0.0001    |
|    n_updates       | 143899    |
|    reward          | 3820.8655 |
----------------------------------
EPISODE:  146
EPISODE:  147
EPISODE:  148
EPISODE:  149
----------------------------------
| time/              |           |
|    episodes        | 148       |
|    fps             | 8         |
|    time_elapsed    | 18487     |
|    total_timesteps | 148000    |
| train/             |           |
|    actor_loss      | 6.99e+05  |
|    critic_loss     | 1.8e+07   |
|    ent_coef        | 4.03e+03  |
|    ent_coef_loss   | 26.7      |
|    learning_rate   | 0.0001    |
|    n_updates       | 147899    |
|    reward          | 3660.9272 |
----------------------------------
EPISODE:  150
EPISODE:  151
EPISODE:  152
EPISODE:  153
----------------------------------
| time/              |           |
|    episodes        | 152       |
|    fps             | 8         |
|    time_elapsed    | 18988     |
|    total_timesteps | 152000    |
| train/             |           |
|    actor_loss      | 4.8e+05   |
|    critic_loss     | 7.76e+06  |
|    ent_coef        | 2.69e+03  |
|    ent_coef_loss   | 25.6      |
|    learning_rate   | 0.0001    |
|    n_updates       | 151899    |
|    reward          | 3481.1694 |
----------------------------------
EPISODE:  154
EPISODE:  155
EPISODE:  156
EPISODE:  157
----------------------------------
| time/              |           |
|    episodes        | 156       |
|    fps             | 8         |
|    time_elapsed    | 19488     |
|    total_timesteps | 156000    |
| train/             |           |
|    actor_loss      | 3.3e+05   |
|    critic_loss     | 7.51e+05  |
|    ent_coef        | 1.8e+03   |
|    ent_coef_loss   | 25        |
|    learning_rate   | 0.0001    |
|    n_updates       | 155899    |
|    reward          | 3385.7334 |
----------------------------------
EPISODE:  158
EPISODE:  159
EPISODE:  160
EPISODE:  161
----------------------------------
| time/              |           |
|    episodes        | 160       |
|    fps             | 8         |
|    time_elapsed    | 19989     |
|    total_timesteps | 160000    |
| train/             |           |
|    actor_loss      | 1.44e+05  |
|    critic_loss     | 4.91e+05  |
|    ent_coef        | 1.21e+03  |
|    ent_coef_loss   | 23.5      |
|    learning_rate   | 0.0001    |
|    n_updates       | 159899    |
|    reward          | 3443.5884 |
----------------------------------
EPISODE:  162
EPISODE:  163
EPISODE:  164
EPISODE:  165
----------------------------------
| time/              |           |
|    episodes        | 164       |
|    fps             | 8         |
|    time_elapsed    | 20490     |
|    total_timesteps | 164000    |
| train/             |           |
|    actor_loss      | 6.83e+04  |
|    critic_loss     | 4.93e+05  |
|    ent_coef        | 810       |
|    ent_coef_loss   | 22.1      |
|    learning_rate   | 0.0001    |
|    n_updates       | 163899    |
|    reward          | 3439.5593 |
----------------------------------
EPISODE:  166
EPISODE:  167
EPISODE:  168
EPISODE:  169
----------------------------------
| time/              |           |
|    episodes        | 168       |
|    fps             | 8         |
|    time_elapsed    | 20990     |
|    total_timesteps | 168000    |
| train/             |           |
|    actor_loss      | -3.88e+03 |
|    critic_loss     | 8.93e+05  |
|    ent_coef        | 543       |
|    ent_coef_loss   | 21.2      |
|    learning_rate   | 0.0001    |
|    n_updates       | 167899    |
|    reward          | 3424.2136 |
----------------------------------
EPISODE:  170
EPISODE:  171
EPISODE:  172
EPISODE:  173
----------------------------------
| time/              |           |
|    episodes        | 172       |
|    fps             | 8         |
|    time_elapsed    | 21492     |
|    total_timesteps | 172000    |
| train/             |           |
|    actor_loss      | -4.7e+04  |
|    critic_loss     | 3.61e+05  |
|    ent_coef        | 364       |
|    ent_coef_loss   | 19.3      |
|    learning_rate   | 0.0001    |
|    n_updates       | 171899    |
|    reward          | 3393.9893 |
----------------------------------
EPISODE:  174
EPISODE:  175
EPISODE:  176
EPISODE:  177
----------------------------------
| time/              |           |
|    episodes        | 176       |
|    fps             | 8         |
|    time_elapsed    | 21992     |
|    total_timesteps | 176000    |
| train/             |           |
|    actor_loss      | -9.46e+04 |
|    critic_loss     | 9.13e+07  |
|    ent_coef        | 244       |
|    ent_coef_loss   | 18        |
|    learning_rate   | 0.0001    |
|    n_updates       | 175899    |
|    reward          | 3517.0642 |
----------------------------------
EPISODE:  178
EPISODE:  179
EPISODE:  180
EPISODE:  181
----------------------------------
| time/              |           |
|    episodes        | 180       |
|    fps             | 8         |
|    time_elapsed    | 22493     |
|    total_timesteps | 180000    |
| train/             |           |
|    actor_loss      | -1.06e+05 |
|    critic_loss     | 6.25e+05  |
|    ent_coef        | 164       |
|    ent_coef_loss   | 15.7      |
|    learning_rate   | 0.0001    |
|    n_updates       | 179899    |
|    reward          | 3717.2158 |
----------------------------------
EPISODE:  182
EPISODE:  183
EPISODE:  184
EPISODE:  185
----------------------------------
| time/              |           |
|    episodes        | 184       |
|    fps             | 8         |
|    time_elapsed    | 22993     |
|    total_timesteps | 184000    |
| train/             |           |
|    actor_loss      | -1.31e+05 |
|    critic_loss     | 7.46e+05  |
|    ent_coef        | 112       |
|    ent_coef_loss   | 11.2      |
|    learning_rate   | 0.0001    |
|    n_updates       | 183899    |
|    reward          | 4087.838  |
----------------------------------
EPISODE:  186
EPISODE:  187
EPISODE:  188
EPISODE:  189
----------------------------------
| time/              |           |
|    episodes        | 188       |
|    fps             | 8         |
|    time_elapsed    | 23494     |
|    total_timesteps | 188000    |
| train/             |           |
|    actor_loss      | -1.56e+05 |
|    critic_loss     | 2.3e+05   |
|    ent_coef        | 77        |
|    ent_coef_loss   | 7.78      |
|    learning_rate   | 0.0001    |
|    n_updates       | 187899    |
|    reward          | 4550.9536 |
----------------------------------
EPISODE:  190
EPISODE:  191
EPISODE:  192
EPISODE:  193
----------------------------------
| time/              |           |
|    episodes        | 192       |
|    fps             | 8         |
|    time_elapsed    | 23994     |
|    total_timesteps | 192000    |
| train/             |           |
|    actor_loss      | -1.66e+05 |
|    critic_loss     | 1.49e+05  |
|    ent_coef        | 54.7      |
|    ent_coef_loss   | 3.6       |
|    learning_rate   | 0.0001    |
|    n_updates       | 191899    |
|    reward          | 4975.783  |
----------------------------------
EPISODE:  194
EPISODE:  195
EPISODE:  196
EPISODE:  197
----------------------------------
| time/              |           |
|    episodes        | 196       |
|    fps             | 8         |
|    time_elapsed    | 24496     |
|    total_timesteps | 196000    |
| train/             |           |
|    actor_loss      | -1.79e+05 |
|    critic_loss     | 1.38e+05  |
|    ent_coef        | 42        |
|    ent_coef_loss   | 1.41      |
|    learning_rate   | 0.0001    |
|    n_updates       | 195899    |
|    reward          | 5238.5938 |
----------------------------------
EPISODE:  198
EPISODE:  199
EPISODE:  200
EPISODE:  201
----------------------------------
| time/              |           |
|    episodes        | 200       |
|    fps             | 8         |
|    time_elapsed    | 24997     |
|    total_timesteps | 200000    |
| train/             |           |
|    actor_loss      | -1.93e+05 |
|    critic_loss     | 2.55e+05  |
|    ent_coef        | 40.4      |
|    ent_coef_loss   | 0.209     |
|    learning_rate   | 0.0001    |
|    n_updates       | 199899    |
|    reward          | 5287.8003 |
----------------------------------
EPISODE:  202
EPISODE:  203
EPISODE:  204
EPISODE:  205
----------------------------------
| time/              |           |
|    episodes        | 204       |
|    fps             | 8         |
|    time_elapsed    | 25499     |
|    total_timesteps | 204000    |
| train/             |           |
|    actor_loss      | -2.08e+05 |
|    critic_loss     | 3.86e+05  |
|    ent_coef        | 42.3      |
|    ent_coef_loss   | 0.356     |
|    learning_rate   | 0.0001    |
|    n_updates       | 203899    |
|    reward          | 5334.4883 |
----------------------------------
EPISODE:  206
EPISODE:  207
EPISODE:  208
EPISODE:  209
----------------------------------
| time/              |           |
|    episodes        | 208       |
|    fps             | 8         |
|    time_elapsed    | 25999     |
|    total_timesteps | 208000    |
| train/             |           |
|    actor_loss      | -2.21e+05 |
|    critic_loss     | 7.4e+05   |
|    ent_coef        | 44.3      |
|    ent_coef_loss   | 0.725     |
|    learning_rate   | 0.0001    |
|    n_updates       | 207899    |
|    reward          | 5335.0083 |
----------------------------------
EPISODE:  210
EPISODE:  211
EPISODE:  212
EPISODE:  213
----------------------------------
| time/              |           |
|    episodes        | 212       |
|    fps             | 7         |
|    time_elapsed    | 26500     |
|    total_timesteps | 212000    |
| train/             |           |
|    actor_loss      | -2.24e+05 |
|    critic_loss     | 1.97e+08  |
|    ent_coef        | 45.4      |
|    ent_coef_loss   | -0.308    |
|    learning_rate   | 0.0001    |
|    n_updates       | 211899    |
|    reward          | 5329.3306 |
----------------------------------
EPISODE:  214
EPISODE:  215
EPISODE:  216
EPISODE:  217
----------------------------------
| time/              |           |
|    episodes        | 216       |
|    fps             | 7         |
|    time_elapsed    | 27001     |
|    total_timesteps | 216000    |
| train/             |           |
|    actor_loss      | -2.27e+05 |
|    critic_loss     | 5.54e+05  |
|    ent_coef        | 46.4      |
|    ent_coef_loss   | 0.111     |
|    learning_rate   | 0.0001    |
|    n_updates       | 215899    |
|    reward          | 5321.892  |
----------------------------------
EPISODE:  218
EPISODE:  219
EPISODE:  220
EPISODE:  221
----------------------------------
| time/              |           |
|    episodes        | 220       |
|    fps             | 7         |
|    time_elapsed    | 27502     |
|    total_timesteps | 220000    |
| train/             |           |
|    actor_loss      | -2.42e+05 |
|    critic_loss     | 2.49e+05  |
|    ent_coef        | 46.5      |
|    ent_coef_loss   | 1.24      |
|    learning_rate   | 0.0001    |
|    n_updates       | 219899    |
|    reward          | 5350.6997 |
----------------------------------
EPISODE:  222
EPISODE:  223
EPISODE:  224
EPISODE:  225
----------------------------------
| time/              |           |
|    episodes        | 224       |
|    fps             | 7         |
|    time_elapsed    | 28003     |
|    total_timesteps | 224000    |
| train/             |           |
|    actor_loss      | -2.47e+05 |
|    critic_loss     | 1.86e+06  |
|    ent_coef        | 46.9      |
|    ent_coef_loss   | -0.535    |
|    learning_rate   | 0.0001    |
|    n_updates       | 223899    |
|    reward          | 5349.538  |
----------------------------------
EPISODE:  226
EPISODE:  227
EPISODE:  228
EPISODE:  229
----------------------------------
| time/              |           |
|    episodes        | 228       |
|    fps             | 7         |
|    time_elapsed    | 28503     |
|    total_timesteps | 228000    |
| train/             |           |
|    actor_loss      | -2.56e+05 |
|    critic_loss     | 5.15e+05  |
|    ent_coef        | 46.9      |
|    ent_coef_loss   | 0.326     |
|    learning_rate   | 0.0001    |
|    n_updates       | 227899    |
|    reward          | 5351.735  |
----------------------------------
EPISODE:  230
EPISODE:  231
EPISODE:  232
EPISODE:  233
----------------------------------
| time/              |           |
|    episodes        | 232       |
|    fps             | 7         |
|    time_elapsed    | 29005     |
|    total_timesteps | 232000    |
| train/             |           |
|    actor_loss      | -2.53e+05 |
|    critic_loss     | 3.66e+05  |
|    ent_coef        | 48.1      |
|    ent_coef_loss   | 0.949     |
|    learning_rate   | 0.0001    |
|    n_updates       | 231899    |
|    reward          | 5330.2007 |
----------------------------------
EPISODE:  234
EPISODE:  235
EPISODE:  236
EPISODE:  237
----------------------------------
| time/              |           |
|    episodes        | 236       |
|    fps             | 7         |
|    time_elapsed    | 29505     |
|    total_timesteps | 236000    |
| train/             |           |
|    actor_loss      | -2.57e+05 |
|    critic_loss     | 6.99e+05  |
|    ent_coef        | 49        |
|    ent_coef_loss   | -0.409    |
|    learning_rate   | 0.0001    |
|    n_updates       | 235899    |
|    reward          | 5339.142  |
----------------------------------
EPISODE:  238
EPISODE:  239
EPISODE:  240
EPISODE:  241
----------------------------------
| time/              |           |
|    episodes        | 240       |
|    fps             | 7         |
|    time_elapsed    | 30007     |
|    total_timesteps | 240000    |
| train/             |           |
|    actor_loss      | -2.59e+05 |
|    critic_loss     | 3.34e+05  |
|    ent_coef        | 49.5      |
|    ent_coef_loss   | -0.722    |
|    learning_rate   | 0.0001    |
|    n_updates       | 239899    |
|    reward          | 5327.2236 |
----------------------------------
EPISODE:  242
EPISODE:  243
EPISODE:  244
EPISODE:  245
----------------------------------
| time/              |           |
|    episodes        | 244       |
|    fps             | 7         |
|    time_elapsed    | 30507     |
|    total_timesteps | 244000    |
| train/             |           |
|    actor_loss      | -2.59e+05 |
|    critic_loss     | 4.12e+05  |
|    ent_coef        | 50.3      |
|    ent_coef_loss   | 1.09      |
|    learning_rate   | 0.0001    |
|    n_updates       | 243899    |
|    reward          | 5333.26   |
----------------------------------
EPISODE:  246
EPISODE:  247
EPISODE:  248
EPISODE:  249
----------------------------------
| time/              |           |
|    episodes        | 248       |
|    fps             | 7         |
|    time_elapsed    | 31008     |
|    total_timesteps | 248000    |
| train/             |           |
|    actor_loss      | -2.71e+05 |
|    critic_loss     | 4.71e+05  |
|    ent_coef        | 50.4      |
|    ent_coef_loss   | 0.755     |
|    learning_rate   | 0.0001    |
|    n_updates       | 247899    |
|    reward          | 5315.6597 |
----------------------------------
EPISODE:  250
EPISODE:  251
EPISODE:  252
EPISODE:  253
----------------------------------
| time/              |           |
|    episodes        | 252       |
|    fps             | 8         |
|    time_elapsed    | 31497     |
|    total_timesteps | 252000    |
| train/             |           |
|    actor_loss      | -2.7e+05  |
|    critic_loss     | 8.28e+05  |
|    ent_coef        | 50.5      |
|    ent_coef_loss   | -0.301    |
|    learning_rate   | 0.0001    |
|    n_updates       | 251899    |
|    reward          | 5319.8086 |
----------------------------------
EPISODE:  254
EPISODE:  255
EPISODE:  256
EPISODE:  257
----------------------------------
| time/              |           |
|    episodes        | 256       |
|    fps             | 8         |
|    time_elapsed    | 31990     |
|    total_timesteps | 256000    |
| train/             |           |
|    actor_loss      | -2.57e+05 |
|    critic_loss     | 1.37e+08  |
|    ent_coef        | 49.3      |
|    ent_coef_loss   | -1.03     |
|    learning_rate   | 0.0001    |
|    n_updates       | 255899    |
|    reward          | 5332.0693 |
----------------------------------
EPISODE:  258
EPISODE:  259
EPISODE:  260
EPISODE:  261
----------------------------------
| time/              |           |
|    episodes        | 260       |
|    fps             | 8         |
|    time_elapsed    | 32482     |
|    total_timesteps | 260000    |
| train/             |           |
|    actor_loss      | -2.65e+05 |
|    critic_loss     | 5.39e+05  |
|    ent_coef        | 50        |
|    ent_coef_loss   | 0.0552    |
|    learning_rate   | 0.0001    |
|    n_updates       | 259899    |
|    reward          | 5346.4976 |
----------------------------------
EPISODE:  262
EPISODE:  263
EPISODE:  264
EPISODE:  265
----------------------------------
| time/              |           |
|    episodes        | 264       |
|    fps             | 8         |
|    time_elapsed    | 32977     |
|    total_timesteps | 264000    |
| train/             |           |
|    actor_loss      | -2.66e+05 |
|    critic_loss     | 1.22e+08  |
|    ent_coef        | 50.1      |
|    ent_coef_loss   | -1.04     |
|    learning_rate   | 0.0001    |
|    n_updates       | 263899    |
|    reward          | 5356.8994 |
----------------------------------
EPISODE:  266
EPISODE:  267
EPISODE:  268
EPISODE:  269
----------------------------------
| time/              |           |
|    episodes        | 268       |
|    fps             | 8         |
|    time_elapsed    | 33477     |
|    total_timesteps | 268000    |
| train/             |           |
|    actor_loss      | -2.65e+05 |
|    critic_loss     | 2.9e+05   |
|    ent_coef        | 51.1      |
|    ent_coef_loss   | 0.347     |
|    learning_rate   | 0.0001    |
|    n_updates       | 267899    |
|    reward          | 5334.957  |
----------------------------------
EPISODE:  270
EPISODE:  271
EPISODE:  272
EPISODE:  273
----------------------------------
| time/              |           |
|    episodes        | 272       |
|    fps             | 7         |
|    time_elapsed    | 34002     |
|    total_timesteps | 272000    |
| train/             |           |
|    actor_loss      | -2.66e+05 |
|    critic_loss     | 3.92e+05  |
|    ent_coef        | 51.6      |
|    ent_coef_loss   | -1.49     |
|    learning_rate   | 0.0001    |
|    n_updates       | 271899    |
|    reward          | 5335.1484 |
----------------------------------
EPISODE:  274
EPISODE:  275
EPISODE:  276
EPISODE:  277
----------------------------------
| time/              |           |
|    episodes        | 276       |
|    fps             | 7         |
|    time_elapsed    | 34527     |
|    total_timesteps | 276000    |
| train/             |           |
|    actor_loss      | -2.78e+05 |
|    critic_loss     | 2.78e+05  |
|    ent_coef        | 52.6      |
|    ent_coef_loss   | -0.657    |
|    learning_rate   | 0.0001    |
|    n_updates       | 275899    |
|    reward          | 5345.0137 |
----------------------------------
EPISODE:  278
EPISODE:  279
EPISODE:  280
EPISODE:  281
----------------------------------
| time/              |           |
|    episodes        | 280       |
|    fps             | 7         |
|    time_elapsed    | 35050     |
|    total_timesteps | 280000    |
| train/             |           |
|    actor_loss      | -2.69e+05 |
|    critic_loss     | 6.09e+05  |
|    ent_coef        | 52.2      |
|    ent_coef_loss   | 0.267     |
|    learning_rate   | 0.0001    |
|    n_updates       | 279899    |
|    reward          | 5356.445  |
----------------------------------
EPISODE:  282
EPISODE:  283
EPISODE:  284
EPISODE:  285
----------------------------------
| time/              |           |
|    episodes        | 284       |
|    fps             | 7         |
|    time_elapsed    | 35575     |
|    total_timesteps | 284000    |
| train/             |           |
|    actor_loss      | -2.82e+05 |
|    critic_loss     | 5.66e+05  |
|    ent_coef        | 52.6      |
|    ent_coef_loss   | 0.121     |
|    learning_rate   | 0.0001    |
|    n_updates       | 283899    |
|    reward          | 5341.4404 |
----------------------------------
EPISODE:  286
EPISODE:  287
EPISODE:  288
EPISODE:  289
----------------------------------
| time/              |           |
|    episodes        | 288       |
|    fps             | 7         |
|    time_elapsed    | 36099     |
|    total_timesteps | 288000    |
| train/             |           |
|    actor_loss      | -2.82e+05 |
|    critic_loss     | 3.16e+05  |
|    ent_coef        | 53.3      |
|    ent_coef_loss   | 1         |
|    learning_rate   | 0.0001    |
|    n_updates       | 287899    |
|    reward          | 5336.4785 |
----------------------------------
EPISODE:  290
EPISODE:  291
EPISODE:  292
EPISODE:  293
----------------------------------
| time/              |           |
|    episodes        | 292       |
|    fps             | 7         |
|    time_elapsed    | 36624     |
|    total_timesteps | 292000    |
| train/             |           |
|    actor_loss      | -2.83e+05 |
|    critic_loss     | 5.04e+05  |
|    ent_coef        | 53.7      |
|    ent_coef_loss   | 0.914     |
|    learning_rate   | 0.0001    |
|    n_updates       | 291899    |
|    reward          | 5319.966  |
----------------------------------
EPISODE:  294
EPISODE:  295
EPISODE:  296
EPISODE:  297
---------------------------------
| time/              |          |
|    episodes        | 296      |
|    fps             | 7        |
|    time_elapsed    | 37148    |
|    total_timesteps | 296000   |
| train/             |          |
|    actor_loss      | -2.8e+05 |
|    critic_loss     | 3.18e+05 |
|    ent_coef        | 53.9     |
|    ent_coef_loss   | -0.452   |
|    learning_rate   | 0.0001   |
|    n_updates       | 295899   |
|    reward          | 5328.102 |
---------------------------------
EPISODE:  298
EPISODE:  299
EPISODE:  300
EPISODE:  301
----------------------------------
| time/              |           |
|    episodes        | 300       |
|    fps             | 7         |
|    time_elapsed    | 37672     |
|    total_timesteps | 300000    |
| train/             |           |
|    actor_loss      | -2.82e+05 |
|    critic_loss     | 7.93e+07  |
|    ent_coef        | 54.4      |
|    ent_coef_loss   | 0.277     |
|    learning_rate   | 0.0001    |
|    n_updates       | 299899    |
|    reward          | 5337.2134 |
----------------------------------
EPISODE:  302
EPISODE:  303
EPISODE:  304
EPISODE:  305
----------------------------------
| time/              |           |
|    episodes        | 304       |
|    fps             | 7         |
|    time_elapsed    | 38197     |
|    total_timesteps | 304000    |
| train/             |           |
|    actor_loss      | -2.86e+05 |
|    critic_loss     | 2.44e+05  |
|    ent_coef        | 53.8      |
|    ent_coef_loss   | 0.389     |
|    learning_rate   | 0.0001    |
|    n_updates       | 303899    |
|    reward          | 5342.2886 |
----------------------------------
EPISODE:  306
EPISODE:  307
EPISODE:  308
EPISODE:  309
----------------------------------
| time/              |           |
|    episodes        | 308       |
|    fps             | 7         |
|    time_elapsed    | 38720     |
|    total_timesteps | 308000    |
| train/             |           |
|    actor_loss      | -2.83e+05 |
|    critic_loss     | 2.26e+05  |
|    ent_coef        | 54.1      |
|    ent_coef_loss   | -0.428    |
|    learning_rate   | 0.0001    |
|    n_updates       | 307899    |
|    reward          | 5316.335  |
----------------------------------
EPISODE:  310
EPISODE:  311
EPISODE:  312
EPISODE:  313
----------------------------------
| time/              |           |
|    episodes        | 312       |
|    fps             | 7         |
|    time_elapsed    | 39245     |
|    total_timesteps | 312000    |
| train/             |           |
|    actor_loss      | -2.87e+05 |
|    critic_loss     | 2.95e+05  |
|    ent_coef        | 54.5      |
|    ent_coef_loss   | 0.151     |
|    learning_rate   | 0.0001    |
|    n_updates       | 311899    |
|    reward          | 5331.237  |
----------------------------------
EPISODE:  314
EPISODE:  315
EPISODE:  316
EPISODE:  317
----------------------------------
| time/              |           |
|    episodes        | 316       |
|    fps             | 7         |
|    time_elapsed    | 39769     |
|    total_timesteps | 316000    |
| train/             |           |
|    actor_loss      | -2.89e+05 |
|    critic_loss     | 4.4e+05   |
|    ent_coef        | 54.3      |
|    ent_coef_loss   | 0.385     |
|    learning_rate   | 0.0001    |
|    n_updates       | 315899    |
|    reward          | 5325.2456 |
----------------------------------
EPISODE:  318
EPISODE:  319
EPISODE:  320
EPISODE:  321
----------------------------------
| time/              |           |
|    episodes        | 320       |
|    fps             | 7         |
|    time_elapsed    | 40294     |
|    total_timesteps | 320000    |
| train/             |           |
|    actor_loss      | -2.83e+05 |
|    critic_loss     | 2.56e+05  |
|    ent_coef        | 54.6      |
|    ent_coef_loss   | -0.813    |
|    learning_rate   | 0.0001    |
|    n_updates       | 319899    |
|    reward          | 5316.326  |
----------------------------------
EPISODE:  322
EPISODE:  323
EPISODE:  324
EPISODE:  325
----------------------------------
| time/              |           |
|    episodes        | 324       |
|    fps             | 7         |
|    time_elapsed    | 40818     |
|    total_timesteps | 324000    |
| train/             |           |
|    actor_loss      | -2.78e+05 |
|    critic_loss     | 3.32e+05  |
|    ent_coef        | 54.5      |
|    ent_coef_loss   | 1.01      |
|    learning_rate   | 0.0001    |
|    n_updates       | 323899    |
|    reward          | 5329.6597 |
----------------------------------
EPISODE:  326
EPISODE:  327
EPISODE:  328
EPISODE:  329
----------------------------------
| time/              |           |
|    episodes        | 328       |
|    fps             | 7         |
|    time_elapsed    | 41343     |
|    total_timesteps | 328000    |
| train/             |           |
|    actor_loss      | -2.95e+05 |
|    critic_loss     | 6.7e+05   |
|    ent_coef        | 54.7      |
|    ent_coef_loss   | 0.664     |
|    learning_rate   | 0.0001    |
|    n_updates       | 327899    |
|    reward          | 5310.992  |
----------------------------------
EPISODE:  330
EPISODE:  331
EPISODE:  332
EPISODE:  333
----------------------------------
| time/              |           |
|    episodes        | 332       |
|    fps             | 7         |
|    time_elapsed    | 41867     |
|    total_timesteps | 332000    |
| train/             |           |
|    actor_loss      | -2.85e+05 |
|    critic_loss     | 5.83e+05  |
|    ent_coef        | 55.2      |
|    ent_coef_loss   | -0.543    |
|    learning_rate   | 0.0001    |
|    n_updates       | 331899    |
|    reward          | 5307.0566 |
----------------------------------
EPISODE:  334
EPISODE:  335
EPISODE:  336
EPISODE:  337
----------------------------------
| time/              |           |
|    episodes        | 336       |
|    fps             | 7         |
|    time_elapsed    | 42392     |
|    total_timesteps | 336000    |
| train/             |           |
|    actor_loss      | -2.81e+05 |
|    critic_loss     | 6.7e+05   |
|    ent_coef        | 55.3      |
|    ent_coef_loss   | 0.352     |
|    learning_rate   | 0.0001    |
|    n_updates       | 335899    |
|    reward          | 5297.287  |
----------------------------------
EPISODE:  338
EPISODE:  339
EPISODE:  340
EPISODE:  341
----------------------------------
| time/              |           |
|    episodes        | 340       |
|    fps             | 7         |
|    time_elapsed    | 42917     |
|    total_timesteps | 340000    |
| train/             |           |
|    actor_loss      | -2.85e+05 |
|    critic_loss     | 7.95e+05  |
|    ent_coef        | 54.7      |
|    ent_coef_loss   | -0.229    |
|    learning_rate   | 0.0001    |
|    n_updates       | 339899    |
|    reward          | 5314.3423 |
----------------------------------
EPISODE:  342
EPISODE:  343
EPISODE:  344
EPISODE:  345
----------------------------------
| time/              |           |
|    episodes        | 344       |
|    fps             | 7         |
|    time_elapsed    | 43441     |
|    total_timesteps | 344000    |
| train/             |           |
|    actor_loss      | -2.9e+05  |
|    critic_loss     | 2.73e+05  |
|    ent_coef        | 54.6      |
|    ent_coef_loss   | 0.151     |
|    learning_rate   | 0.0001    |
|    n_updates       | 343899    |
|    reward          | 5324.0938 |
----------------------------------
EPISODE:  346
EPISODE:  347
EPISODE:  348
EPISODE:  349
----------------------------------
| time/              |           |
|    episodes        | 348       |
|    fps             | 7         |
|    time_elapsed    | 43966     |
|    total_timesteps | 348000    |
| train/             |           |
|    actor_loss      | -2.98e+05 |
|    critic_loss     | 1.66e+06  |
|    ent_coef        | 54.5      |
|    ent_coef_loss   | 0.0564    |
|    learning_rate   | 0.0001    |
|    n_updates       | 347899    |
|    reward          | 5311.7075 |
----------------------------------
EPISODE:  350
EPISODE:  351
EPISODE:  352
EPISODE:  353
----------------------------------
| time/              |           |
|    episodes        | 352       |
|    fps             | 7         |
|    time_elapsed    | 44490     |
|    total_timesteps | 352000    |
| train/             |           |
|    actor_loss      | -2.89e+05 |
|    critic_loss     | 2.63e+05  |
|    ent_coef        | 54.7      |
|    ent_coef_loss   | -0.444    |
|    learning_rate   | 0.0001    |
|    n_updates       | 351899    |
|    reward          | 5303.097  |
----------------------------------
EPISODE:  354
EPISODE:  355
EPISODE:  356
EPISODE:  357
----------------------------------
| time/              |           |
|    episodes        | 356       |
|    fps             | 7         |
|    time_elapsed    | 45016     |
|    total_timesteps | 356000    |
| train/             |           |
|    actor_loss      | -2.84e+05 |
|    critic_loss     | 2.38e+05  |
|    ent_coef        | 54.8      |
|    ent_coef_loss   | 0.304     |
|    learning_rate   | 0.0001    |
|    n_updates       | 355899    |
|    reward          | 5322.156  |
----------------------------------
EPISODE:  358
EPISODE:  359
EPISODE:  360
EPISODE:  361
----------------------------------
| time/              |           |
|    episodes        | 360       |
|    fps             | 7         |
|    time_elapsed    | 45539     |
|    total_timesteps | 360000    |
| train/             |           |
|    actor_loss      | -2.88e+05 |
|    critic_loss     | 2.7e+05   |
|    ent_coef        | 54.3      |
|    ent_coef_loss   | 0.154     |
|    learning_rate   | 0.0001    |
|    n_updates       | 359899    |
|    reward          | 5276.2183 |
----------------------------------
EPISODE:  362
EPISODE:  363
EPISODE:  364
EPISODE:  365
----------------------------------
| time/              |           |
|    episodes        | 364       |
|    fps             | 7         |
|    time_elapsed    | 46065     |
|    total_timesteps | 364000    |
| train/             |           |
|    actor_loss      | -2.86e+05 |
|    critic_loss     | 9.85e+05  |
|    ent_coef        | 54.2      |
|    ent_coef_loss   | -1.27     |
|    learning_rate   | 0.0001    |
|    n_updates       | 363899    |
|    reward          | 5319.8354 |
----------------------------------
EPISODE:  366
EPISODE:  367
EPISODE:  368
EPISODE:  369
----------------------------------
| time/              |           |
|    episodes        | 368       |
|    fps             | 7         |
|    time_elapsed    | 46590     |
|    total_timesteps | 368000    |
| train/             |           |
|    actor_loss      | -2.87e+05 |
|    critic_loss     | 5.4e+05   |
|    ent_coef        | 53.9      |
|    ent_coef_loss   | -0.55     |
|    learning_rate   | 0.0001    |
|    n_updates       | 367899    |
|    reward          | 5259.662  |
----------------------------------
EPISODE:  370
EPISODE:  371
EPISODE:  372
EPISODE:  373
----------------------------------
| time/              |           |
|    episodes        | 372       |
|    fps             | 7         |
|    time_elapsed    | 47114     |
|    total_timesteps | 372000    |
| train/             |           |
|    actor_loss      | -2.84e+05 |
|    critic_loss     | 8.16e+05  |
|    ent_coef        | 53.7      |
|    ent_coef_loss   | 0.0918    |
|    learning_rate   | 0.0001    |
|    n_updates       | 371899    |
|    reward          | 5274.5337 |
----------------------------------
EPISODE:  374
EPISODE:  375
EPISODE:  376
EPISODE:  377
----------------------------------
| time/              |           |
|    episodes        | 376       |
|    fps             | 7         |
|    time_elapsed    | 47639     |
|    total_timesteps | 376000    |
| train/             |           |
|    actor_loss      | -2.85e+05 |
|    critic_loss     | 2.15e+05  |
|    ent_coef        | 53.8      |
|    ent_coef_loss   | 0.486     |
|    learning_rate   | 0.0001    |
|    n_updates       | 375899    |
|    reward          | 5292.954  |
----------------------------------
EPISODE:  378
EPISODE:  379
EPISODE:  380
EPISODE:  381
----------------------------------
| time/              |           |
|    episodes        | 380       |
|    fps             | 7         |
|    time_elapsed    | 48163     |
|    total_timesteps | 380000    |
| train/             |           |
|    actor_loss      | -3.07e+05 |
|    critic_loss     | 1.93e+05  |
|    ent_coef        | 54        |
|    ent_coef_loss   | -0.497    |
|    learning_rate   | 0.0001    |
|    n_updates       | 379899    |
|    reward          | 5269.1816 |
----------------------------------
EPISODE:  382
EPISODE:  383
EPISODE:  384
EPISODE:  385
----------------------------------
| time/              |           |
|    episodes        | 384       |
|    fps             | 7         |
|    time_elapsed    | 48689     |
|    total_timesteps | 384000    |
| train/             |           |
|    actor_loss      | -2.91e+05 |
|    critic_loss     | 2.32e+05  |
|    ent_coef        | 54.1      |
|    ent_coef_loss   | -0.309    |
|    learning_rate   | 0.0001    |
|    n_updates       | 383899    |
|    reward          | 5307.758  |
----------------------------------
EPISODE:  386
EPISODE:  387
EPISODE:  388
EPISODE:  389
----------------------------------
| time/              |           |
|    episodes        | 388       |
|    fps             | 7         |
|    time_elapsed    | 49213     |
|    total_timesteps | 388000    |
| train/             |           |
|    actor_loss      | -3.01e+05 |
|    critic_loss     | 2.01e+05  |
|    ent_coef        | 53.9      |
|    ent_coef_loss   | 0.539     |
|    learning_rate   | 0.0001    |
|    n_updates       | 387899    |
|    reward          | 5256.8657 |
----------------------------------
EPISODE:  390
EPISODE:  391
EPISODE:  392
EPISODE:  393
----------------------------------
| time/              |           |
|    episodes        | 392       |
|    fps             | 7         |
|    time_elapsed    | 49738     |
|    total_timesteps | 392000    |
| train/             |           |
|    actor_loss      | -2.96e+05 |
|    critic_loss     | 2.65e+05  |
|    ent_coef        | 53.7      |
|    ent_coef_loss   | 0.0214    |
|    learning_rate   | 0.0001    |
|    n_updates       | 391899    |
|    reward          | 5264.357  |
----------------------------------
EPISODE:  394
EPISODE:  395
EPISODE:  396
EPISODE:  397
----------------------------------
| time/              |           |
|    episodes        | 396       |
|    fps             | 7         |
|    time_elapsed    | 50263     |
|    total_timesteps | 396000    |
| train/             |           |
|    actor_loss      | -2.84e+05 |
|    critic_loss     | 2.08e+05  |
|    ent_coef        | 53.5      |
|    ent_coef_loss   | 1.09      |
|    learning_rate   | 0.0001    |
|    n_updates       | 395899    |
|    reward          | 5274.2056 |
----------------------------------
EPISODE:  398
EPISODE:  399
EPISODE:  400
EPISODE:  401
----------------------------------
| time/              |           |
|    episodes        | 400       |
|    fps             | 7         |
|    time_elapsed    | 50788     |
|    total_timesteps | 400000    |
| train/             |           |
|    actor_loss      | -2.88e+05 |
|    critic_loss     | 2.01e+07  |
|    ent_coef        | 53.5      |
|    ent_coef_loss   | 0.0321    |
|    learning_rate   | 0.0001    |
|    n_updates       | 399899    |
|    reward          | 5290.5547 |
----------------------------------
EPISODE:  402
EPISODE:  403
EPISODE:  404
EPISODE:  405
----------------------------------
| time/              |           |
|    episodes        | 404       |
|    fps             | 7         |
|    time_elapsed    | 51313     |
|    total_timesteps | 404000    |
| train/             |           |
|    actor_loss      | -2.93e+05 |
|    critic_loss     | 3.66e+07  |
|    ent_coef        | 53.3      |
|    ent_coef_loss   | -0.0892   |
|    learning_rate   | 0.0001    |
|    n_updates       | 403899    |
|    reward          | 5245.669  |
----------------------------------
EPISODE:  406
EPISODE:  407
EPISODE:  408
EPISODE:  409
----------------------------------
| time/              |           |
|    episodes        | 408       |
|    fps             | 7         |
|    time_elapsed    | 51838     |
|    total_timesteps | 408000    |
| train/             |           |
|    actor_loss      | -3.01e+05 |
|    critic_loss     | 1.72e+05  |
|    ent_coef        | 53.2      |
|    ent_coef_loss   | 0.0313    |
|    learning_rate   | 0.0001    |
|    n_updates       | 407899    |
|    reward          | 5253.259  |
----------------------------------
EPISODE:  410
EPISODE:  411
EPISODE:  412
EPISODE:  413
----------------------------------
| time/              |           |
|    episodes        | 412       |
|    fps             | 7         |
|    time_elapsed    | 52363     |
|    total_timesteps | 412000    |
| train/             |           |
|    actor_loss      | -2.95e+05 |
|    critic_loss     | 1.14e+05  |
|    ent_coef        | 53.2      |
|    ent_coef_loss   | -0.259    |
|    learning_rate   | 0.0001    |
|    n_updates       | 411899    |
|    reward          | 5242.1494 |
----------------------------------
EPISODE:  414
EPISODE:  415
EPISODE:  416
EPISODE:  417
----------------------------------
| time/              |           |
|    episodes        | 416       |
|    fps             | 7         |
|    time_elapsed    | 52887     |
|    total_timesteps | 416000    |
| train/             |           |
|    actor_loss      | -2.88e+05 |
|    critic_loss     | 1.48e+05  |
|    ent_coef        | 53.2      |
|    ent_coef_loss   | 0.379     |
|    learning_rate   | 0.0001    |
|    n_updates       | 415899    |
|    reward          | 5246.379  |
----------------------------------
EPISODE:  418
EPISODE:  419
EPISODE:  420
EPISODE:  421
----------------------------------
| time/              |           |
|    episodes        | 420       |
|    fps             | 7         |
|    time_elapsed    | 53413     |
|    total_timesteps | 420000    |
| train/             |           |
|    actor_loss      | -3.05e+05 |
|    critic_loss     | 1.5e+05   |
|    ent_coef        | 52.7      |
|    ent_coef_loss   | -0.296    |
|    learning_rate   | 0.0001    |
|    n_updates       | 419899    |
|    reward          | 5215.2886 |
----------------------------------
EPISODE:  422
EPISODE:  423
EPISODE:  424
EPISODE:  425
----------------------------------
| time/              |           |
|    episodes        | 424       |
|    fps             | 7         |
|    time_elapsed    | 53937     |
|    total_timesteps | 424000    |
| train/             |           |
|    actor_loss      | -2.95e+05 |
|    critic_loss     | 1.26e+05  |
|    ent_coef        | 52.5      |
|    ent_coef_loss   | -0.798    |
|    learning_rate   | 0.0001    |
|    n_updates       | 423899    |
|    reward          | 5218.9556 |
----------------------------------
EPISODE:  426
EPISODE:  427
EPISODE:  428
EPISODE:  429
----------------------------------
| time/              |           |
|    episodes        | 428       |
|    fps             | 7         |
|    time_elapsed    | 54463     |
|    total_timesteps | 428000    |
| train/             |           |
|    actor_loss      | -3.04e+05 |
|    critic_loss     | 1.38e+05  |
|    ent_coef        | 52.3      |
|    ent_coef_loss   | 0.386     |
|    learning_rate   | 0.0001    |
|    n_updates       | 427899    |
|    reward          | 5211.2354 |
----------------------------------
EPISODE:  430
EPISODE:  431
EPISODE:  432
EPISODE:  433
----------------------------------
| time/              |           |
|    episodes        | 432       |
|    fps             | 7         |
|    time_elapsed    | 54988     |
|    total_timesteps | 432000    |
| train/             |           |
|    actor_loss      | -3.01e+05 |
|    critic_loss     | 2.45e+05  |
|    ent_coef        | 51.8      |
|    ent_coef_loss   | -0.788    |
|    learning_rate   | 0.0001    |
|    n_updates       | 431899    |
|    reward          | 5216.6465 |
----------------------------------
EPISODE:  434
EPISODE:  435
EPISODE:  436
EPISODE:  437
----------------------------------
| time/              |           |
|    episodes        | 436       |
|    fps             | 7         |
|    time_elapsed    | 55513     |
|    total_timesteps | 436000    |
| train/             |           |
|    actor_loss      | -3.01e+05 |
|    critic_loss     | 1.06e+05  |
|    ent_coef        | 52        |
|    ent_coef_loss   | -1.02     |
|    learning_rate   | 0.0001    |
|    n_updates       | 435899    |
|    reward          | 5208.0967 |
----------------------------------
EPISODE:  438
EPISODE:  439
EPISODE:  440
EPISODE:  441
----------------------------------
| time/              |           |
|    episodes        | 440       |
|    fps             | 7         |
|    time_elapsed    | 56038     |
|    total_timesteps | 440000    |
| train/             |           |
|    actor_loss      | -2.85e+05 |
|    critic_loss     | 4.7e+05   |
|    ent_coef        | 51.8      |
|    ent_coef_loss   | 0.334     |
|    learning_rate   | 0.0001    |
|    n_updates       | 439899    |
|    reward          | 5199.2993 |
----------------------------------
EPISODE:  442
EPISODE:  443
EPISODE:  444
EPISODE:  445
----------------------------------
| time/              |           |
|    episodes        | 444       |
|    fps             | 7         |
|    time_elapsed    | 56563     |
|    total_timesteps | 444000    |
| train/             |           |
|    actor_loss      | -2.95e+05 |
|    critic_loss     | 6.06e+05  |
|    ent_coef        | 51.7      |
|    ent_coef_loss   | -0.187    |
|    learning_rate   | 0.0001    |
|    n_updates       | 443899    |
|    reward          | 5141.358  |
----------------------------------
EPISODE:  446
EPISODE:  447
EPISODE:  448
EPISODE:  449
----------------------------------
| time/              |           |
|    episodes        | 448       |
|    fps             | 7         |
|    time_elapsed    | 57089     |
|    total_timesteps | 448000    |
| train/             |           |
|    actor_loss      | -2.98e+05 |
|    critic_loss     | 8.43e+06  |
|    ent_coef        | 51.5      |
|    ent_coef_loss   | -0.172    |
|    learning_rate   | 0.0001    |
|    n_updates       | 447899    |
|    reward          | 5115.421  |
----------------------------------
EPISODE:  450
EPISODE:  451
EPISODE:  452
EPISODE:  453
----------------------------------
| time/              |           |
|    episodes        | 452       |
|    fps             | 7         |
|    time_elapsed    | 57613     |
|    total_timesteps | 452000    |
| train/             |           |
|    actor_loss      | -3.04e+05 |
|    critic_loss     | 1.52e+05  |
|    ent_coef        | 51.2      |
|    ent_coef_loss   | -0.41     |
|    learning_rate   | 0.0001    |
|    n_updates       | 451899    |
|    reward          | 5150.923  |
----------------------------------
EPISODE:  454
EPISODE:  455
EPISODE:  456
EPISODE:  457
----------------------------------
| time/              |           |
|    episodes        | 456       |
|    fps             | 7         |
|    time_elapsed    | 58139     |
|    total_timesteps | 456000    |
| train/             |           |
|    actor_loss      | -3.04e+05 |
|    critic_loss     | 1.81e+05  |
|    ent_coef        | 51        |
|    ent_coef_loss   | -0.22     |
|    learning_rate   | 0.0001    |
|    n_updates       | 455899    |
|    reward          | 5106.661  |
----------------------------------
EPISODE:  458
EPISODE:  459
EPISODE:  460
EPISODE:  461
----------------------------------
| time/              |           |
|    episodes        | 460       |
|    fps             | 7         |
|    time_elapsed    | 58664     |
|    total_timesteps | 460000    |
| train/             |           |
|    actor_loss      | -2.95e+05 |
|    critic_loss     | 1.88e+05  |
|    ent_coef        | 51.3      |
|    ent_coef_loss   | -0.868    |
|    learning_rate   | 0.0001    |
|    n_updates       | 459899    |
|    reward          | 5108.5244 |
----------------------------------
EPISODE:  462
EPISODE:  463
EPISODE:  464
EPISODE:  465
----------------------------------
| time/              |           |
|    episodes        | 464       |
|    fps             | 7         |
|    time_elapsed    | 59189     |
|    total_timesteps | 464000    |
| train/             |           |
|    actor_loss      | -2.83e+05 |
|    critic_loss     | 6.87e+06  |
|    ent_coef        | 51.2      |
|    ent_coef_loss   | -1.01     |
|    learning_rate   | 0.0001    |
|    n_updates       | 463899    |
|    reward          | 5140.8833 |
----------------------------------
EPISODE:  466
EPISODE:  467
EPISODE:  468
EPISODE:  469
----------------------------------
| time/              |           |
|    episodes        | 468       |
|    fps             | 7         |
|    time_elapsed    | 59714     |
|    total_timesteps | 468000    |
| train/             |           |
|    actor_loss      | -3.07e+05 |
|    critic_loss     | 1.21e+05  |
|    ent_coef        | 50.9      |
|    ent_coef_loss   | -1.41     |
|    learning_rate   | 0.0001    |
|    n_updates       | 467899    |
|    reward          | 5103.7466 |
----------------------------------
EPISODE:  470
EPISODE:  471
EPISODE:  472
EPISODE:  473
----------------------------------
| time/              |           |
|    episodes        | 472       |
|    fps             | 7         |
|    time_elapsed    | 60239     |
|    total_timesteps | 472000    |
| train/             |           |
|    actor_loss      | -3.07e+05 |
|    critic_loss     | 2.58e+05  |
|    ent_coef        | 51.2      |
|    ent_coef_loss   | 0.0509    |
|    learning_rate   | 0.0001    |
|    n_updates       | 471899    |
|    reward          | 5115.3726 |
----------------------------------
EPISODE:  474
EPISODE:  475
EPISODE:  476
EPISODE:  477
----------------------------------
| time/              |           |
|    episodes        | 476       |
|    fps             | 7         |
|    time_elapsed    | 60764     |
|    total_timesteps | 476000    |
| train/             |           |
|    actor_loss      | -2.88e+05 |
|    critic_loss     | 1.23e+07  |
|    ent_coef        | 50.9      |
|    ent_coef_loss   | 0.414     |
|    learning_rate   | 0.0001    |
|    n_updates       | 475899    |
|    reward          | 5086.3364 |
----------------------------------
EPISODE:  478
EPISODE:  479
EPISODE:  480
EPISODE:  481
----------------------------------
| time/              |           |
|    episodes        | 480       |
|    fps             | 7         |
|    time_elapsed    | 61289     |
|    total_timesteps | 480000    |
| train/             |           |
|    actor_loss      | -2.89e+05 |
|    critic_loss     | 1.17e+05  |
|    ent_coef        | 50.9      |
|    ent_coef_loss   | 1.22      |
|    learning_rate   | 0.0001    |
|    n_updates       | 479899    |
|    reward          | 5115.377  |
----------------------------------
EPISODE:  482
EPISODE:  483
EPISODE:  484
EPISODE:  485
----------------------------------
| time/              |           |
|    episodes        | 484       |
|    fps             | 7         |
|    time_elapsed    | 61815     |
|    total_timesteps | 484000    |
| train/             |           |
|    actor_loss      | -2.95e+05 |
|    critic_loss     | 8.07e+04  |
|    ent_coef        | 50.6      |
|    ent_coef_loss   | 0.643     |
|    learning_rate   | 0.0001    |
|    n_updates       | 483899    |
|    reward          | 5088.0425 |
----------------------------------
EPISODE:  486
EPISODE:  487
EPISODE:  488
EPISODE:  489
----------------------------------
| time/              |           |
|    episodes        | 488       |
|    fps             | 7         |
|    time_elapsed    | 62339     |
|    total_timesteps | 488000    |
| train/             |           |
|    actor_loss      | -2.8e+05  |
|    critic_loss     | 8.12e+04  |
|    ent_coef        | 51.1      |
|    ent_coef_loss   | 0.106     |
|    learning_rate   | 0.0001    |
|    n_updates       | 487899    |
|    reward          | 5105.1274 |
----------------------------------
EPISODE:  490
EPISODE:  491
EPISODE:  492
EPISODE:  493
----------------------------------
| time/              |           |
|    episodes        | 492       |
|    fps             | 7         |
|    time_elapsed    | 62865     |
|    total_timesteps | 492000    |
| train/             |           |
|    actor_loss      | -2.88e+05 |
|    critic_loss     | 1.25e+05  |
|    ent_coef        | 51.1      |
|    ent_coef_loss   | -0.047    |
|    learning_rate   | 0.0001    |
|    n_updates       | 491899    |
|    reward          | 5085.1445 |
----------------------------------
EPISODE:  494
EPISODE:  495
EPISODE:  496
EPISODE:  497
----------------------------------
| time/              |           |
|    episodes        | 496       |
|    fps             | 7         |
|    time_elapsed    | 63390     |
|    total_timesteps | 496000    |
| train/             |           |
|    actor_loss      | -2.95e+05 |
|    critic_loss     | 1.07e+05  |
|    ent_coef        | 50.8      |
|    ent_coef_loss   | 1.56      |
|    learning_rate   | 0.0001    |
|    n_updates       | 495899    |
|    reward          | 5078.47   |
----------------------------------
EPISODE:  498
EPISODE:  499
EPISODE:  500
EPISODE:  501
----------------------------------
| time/              |           |
|    episodes        | 500       |
|    fps             | 7         |
|    time_elapsed    | 63909     |
|    total_timesteps | 500000    |
| train/             |           |
|    actor_loss      | -2.98e+05 |
|    critic_loss     | 1.18e+05  |
|    ent_coef        | 50.9      |
|    ent_coef_loss   | 0.724     |
|    learning_rate   | 0.0001    |
|    n_updates       | 499899    |
|    reward          | 5062.6636 |
----------------------------------
Saved episode log to Results/4_1/sac/upward/training_logs/05.csv
