EPISODE:  0
{'batch_size': 128, 'buffer_size': 1000000, 'learning_rate': 0.0001, 'learning_starts': 100, 'ent_coef': 'auto_0.1'}
Using cuda device
EPISODE:  1
EPISODE:  2
EPISODE:  3
EPISODE:  4
EPISODE:  5
----------------------------------
| time/              |           |
|    episodes        | 4         |
|    fps             | 23        |
|    time_elapsed    | 170       |
|    total_timesteps | 4000      |
| train/             |           |
|    actor_loss      | -2.06e+04 |
|    critic_loss     | 2.61e+04  |
|    ent_coef        | 0.153     |
|    ent_coef_loss   | 35.4      |
|    learning_rate   | 0.0001    |
|    n_updates       | 3899      |
|    reward          | 1506.7932 |
----------------------------------
EPISODE:  6
EPISODE:  7
EPISODE:  8
EPISODE:  9
----------------------------------
| time/              |           |
|    episodes        | 8         |
|    fps             | 23        |
|    time_elapsed    | 345       |
|    total_timesteps | 8000      |
| train/             |           |
|    actor_loss      | -3.7e+04  |
|    critic_loss     | 4.84e+04  |
|    ent_coef        | 0.228     |
|    ent_coef_loss   | 27.8      |
|    learning_rate   | 0.0001    |
|    n_updates       | 7899      |
|    reward          | 1506.7932 |
----------------------------------
EPISODE:  10
EPISODE:  11
EPISODE:  12
EPISODE:  13
----------------------------------
| time/              |           |
|    episodes        | 12        |
|    fps             | 23        |
|    time_elapsed    | 519       |
|    total_timesteps | 12000     |
| train/             |           |
|    actor_loss      | -5.13e+04 |
|    critic_loss     | 6.91e+04  |
|    ent_coef        | 0.34      |
|    ent_coef_loss   | 20.3      |
|    learning_rate   | 0.0001    |
|    n_updates       | 11899     |
|    reward          | 1506.7932 |
----------------------------------
EPISODE:  14
EPISODE:  15
EPISODE:  16
EPISODE:  17
----------------------------------
| time/              |           |
|    episodes        | 16        |
|    fps             | 22        |
|    time_elapsed    | 696       |
|    total_timesteps | 16000     |
| train/             |           |
|    actor_loss      | -6.18e+04 |
|    critic_loss     | 3.78e+07  |
|    ent_coef        | 0.507     |
|    ent_coef_loss   | 12.8      |
|    learning_rate   | 0.0001    |
|    n_updates       | 15899     |
|    reward          | 1506.7932 |
----------------------------------
EPISODE:  18
EPISODE:  19
EPISODE:  20
EPISODE:  21
----------------------------------
| time/              |           |
|    episodes        | 20        |
|    fps             | 22        |
|    time_elapsed    | 871       |
|    total_timesteps | 20000     |
| train/             |           |
|    actor_loss      | -7.02e+04 |
|    critic_loss     | 1.24e+05  |
|    ent_coef        | 0.756     |
|    ent_coef_loss   | 5.26      |
|    learning_rate   | 0.0001    |
|    n_updates       | 19899     |
|    reward          | 1506.7932 |
----------------------------------
EPISODE:  22
EPISODE:  23
EPISODE:  24
EPISODE:  25
----------------------------------
| time/              |           |
|    episodes        | 24        |
|    fps             | 22        |
|    time_elapsed    | 1048      |
|    total_timesteps | 24000     |
| train/             |           |
|    actor_loss      | -7.75e+04 |
|    critic_loss     | 4.85e+07  |
|    ent_coef        | 1.13      |
|    ent_coef_loss   | -2.25     |
|    learning_rate   | 0.0001    |
|    n_updates       | 23899     |
|    reward          | 1506.7932 |
----------------------------------
EPISODE:  26
EPISODE:  27
EPISODE:  28
EPISODE:  29
----------------------------------
| time/              |           |
|    episodes        | 28        |
|    fps             | 22        |
|    time_elapsed    | 1225      |
|    total_timesteps | 28000     |
| train/             |           |
|    actor_loss      | -8.28e+04 |
|    critic_loss     | 5.37e+04  |
|    ent_coef        | 1.68      |
|    ent_coef_loss   | -9.78     |
|    learning_rate   | 0.0001    |
|    n_updates       | 27899     |
|    reward          | 1506.7932 |
----------------------------------
EPISODE:  30
EPISODE:  31
EPISODE:  32
EPISODE:  33
----------------------------------
| time/              |           |
|    episodes        | 32        |
|    fps             | 22        |
|    time_elapsed    | 1402      |
|    total_timesteps | 32000     |
| train/             |           |
|    actor_loss      | -8.69e+04 |
|    critic_loss     | 7.97e+04  |
|    ent_coef        | 2.51      |
|    ent_coef_loss   | -17.4     |
|    learning_rate   | 0.0001    |
|    n_updates       | 31899     |
|    reward          | 1506.7932 |
----------------------------------
EPISODE:  34
EPISODE:  35
EPISODE:  36
EPISODE:  37
----------------------------------
| time/              |           |
|    episodes        | 36        |
|    fps             | 22        |
|    time_elapsed    | 1577      |
|    total_timesteps | 36000     |
| train/             |           |
|    actor_loss      | -8.97e+04 |
|    critic_loss     | 9.99e+04  |
|    ent_coef        | 3.75      |
|    ent_coef_loss   | -24.8     |
|    learning_rate   | 0.0001    |
|    n_updates       | 35899     |
|    reward          | 1506.7932 |
----------------------------------
EPISODE:  38
EPISODE:  39
EPISODE:  40
EPISODE:  41
----------------------------------
| time/              |           |
|    episodes        | 40        |
|    fps             | 22        |
|    time_elapsed    | 1753      |
|    total_timesteps | 40000     |
| train/             |           |
|    actor_loss      | -9.08e+04 |
|    critic_loss     | 3.67e+05  |
|    ent_coef        | 5.59      |
|    ent_coef_loss   | -32.3     |
|    learning_rate   | 0.0001    |
|    n_updates       | 39899     |
|    reward          | 1506.7932 |
----------------------------------
EPISODE:  42
EPISODE:  43
EPISODE:  44
EPISODE:  45
----------------------------------
| time/              |           |
|    episodes        | 44        |
|    fps             | 22        |
|    time_elapsed    | 1928      |
|    total_timesteps | 44000     |
| train/             |           |
|    actor_loss      | -9.08e+04 |
|    critic_loss     | 1.6e+05   |
|    ent_coef        | 8.34      |
|    ent_coef_loss   | -39.9     |
|    learning_rate   | 0.0001    |
|    n_updates       | 43899     |
|    reward          | 1506.7932 |
----------------------------------
EPISODE:  46
EPISODE:  47
EPISODE:  48
EPISODE:  49
----------------------------------
| time/              |           |
|    episodes        | 48        |
|    fps             | 22        |
|    time_elapsed    | 2103      |
|    total_timesteps | 48000     |
| train/             |           |
|    actor_loss      | -9.02e+04 |
|    critic_loss     | 2.88e+05  |
|    ent_coef        | 12.4      |
|    ent_coef_loss   | -47.7     |
|    learning_rate   | 0.0001    |
|    n_updates       | 47899     |
|    reward          | 1506.7932 |
----------------------------------
EPISODE:  50
EPISODE:  51
EPISODE:  52
EPISODE:  53
----------------------------------
| time/              |           |
|    episodes        | 52        |
|    fps             | 22        |
|    time_elapsed    | 2279      |
|    total_timesteps | 52000     |
| train/             |           |
|    actor_loss      | -8.84e+04 |
|    critic_loss     | 3.7e+07   |
|    ent_coef        | 18.6      |
|    ent_coef_loss   | -54.4     |
|    learning_rate   | 0.0001    |
|    n_updates       | 51899     |
|    reward          | 1506.7932 |
----------------------------------
EPISODE:  54
EPISODE:  55
EPISODE:  56
EPISODE:  57
----------------------------------
| time/              |           |
|    episodes        | 56        |
|    fps             | 22        |
|    time_elapsed    | 2452      |
|    total_timesteps | 56000     |
| train/             |           |
|    actor_loss      | -8.22e+04 |
|    critic_loss     | 4.79e+05  |
|    ent_coef        | 27.7      |
|    ent_coef_loss   | -62.1     |
|    learning_rate   | 0.0001    |
|    n_updates       | 55899     |
|    reward          | 1506.7932 |
----------------------------------
EPISODE:  58
EPISODE:  59
EPISODE:  60
EPISODE:  61
----------------------------------
| time/              |           |
|    episodes        | 60        |
|    fps             | 22        |
|    time_elapsed    | 2630      |
|    total_timesteps | 60000     |
| train/             |           |
|    actor_loss      | -7.24e+04 |
|    critic_loss     | 1.84e+05  |
|    ent_coef        | 41.3      |
|    ent_coef_loss   | -69.6     |
|    learning_rate   | 0.0001    |
|    n_updates       | 59899     |
|    reward          | 1506.7932 |
----------------------------------
EPISODE:  62
EPISODE:  63
EPISODE:  64
EPISODE:  65
----------------------------------
| time/              |           |
|    episodes        | 64        |
|    fps             | 22        |
|    time_elapsed    | 2804      |
|    total_timesteps | 64000     |
| train/             |           |
|    actor_loss      | -6e+04    |
|    critic_loss     | 3.17e+05  |
|    ent_coef        | 61.6      |
|    ent_coef_loss   | -77.3     |
|    learning_rate   | 0.0001    |
|    n_updates       | 63899     |
|    reward          | 1506.7932 |
----------------------------------
EPISODE:  66
EPISODE:  67
EPISODE:  68
EPISODE:  69
----------------------------------
| time/              |           |
|    episodes        | 68        |
|    fps             | 22        |
|    time_elapsed    | 2979      |
|    total_timesteps | 68000     |
| train/             |           |
|    actor_loss      | -3.96e+04 |
|    critic_loss     | 1.99e+05  |
|    ent_coef        | 91.9      |
|    ent_coef_loss   | -85.5     |
|    learning_rate   | 0.0001    |
|    n_updates       | 67899     |
|    reward          | 1506.7932 |
----------------------------------
EPISODE:  70
EPISODE:  71
EPISODE:  72
EPISODE:  73
----------------------------------
| time/              |           |
|    episodes        | 72        |
|    fps             | 22        |
|    time_elapsed    | 3152      |
|    total_timesteps | 72000     |
| train/             |           |
|    actor_loss      | -7.42e+03 |
|    critic_loss     | 1.81e+05  |
|    ent_coef        | 137       |
|    ent_coef_loss   | -93.1     |
|    learning_rate   | 0.0001    |
|    n_updates       | 71899     |
|    reward          | 1506.7932 |
----------------------------------
EPISODE:  74
EPISODE:  75
EPISODE:  76
EPISODE:  77
----------------------------------
| time/              |           |
|    episodes        | 76        |
|    fps             | 22        |
|    time_elapsed    | 3328      |
|    total_timesteps | 76000     |
| train/             |           |
|    actor_loss      | 3.86e+04  |
|    critic_loss     | 1.72e+05  |
|    ent_coef        | 205       |
|    ent_coef_loss   | -99.4     |
|    learning_rate   | 0.0001    |
|    n_updates       | 75899     |
|    reward          | 1506.7932 |
----------------------------------
EPISODE:  78
EPISODE:  79
EPISODE:  80
EPISODE:  81
----------------------------------
| time/              |           |
|    episodes        | 80        |
|    fps             | 22        |
|    time_elapsed    | 3505      |
|    total_timesteps | 80000     |
| train/             |           |
|    actor_loss      | 1.07e+05  |
|    critic_loss     | 2.81e+05  |
|    ent_coef        | 305       |
|    ent_coef_loss   | -108      |
|    learning_rate   | 0.0001    |
|    n_updates       | 79899     |
|    reward          | 1506.7932 |
----------------------------------
EPISODE:  82
EPISODE:  83
EPISODE:  84
EPISODE:  85
----------------------------------
| time/              |           |
|    episodes        | 84        |
|    fps             | 22        |
|    time_elapsed    | 3681      |
|    total_timesteps | 84000     |
| train/             |           |
|    actor_loss      | 2.09e+05  |
|    critic_loss     | 2.58e+08  |
|    ent_coef        | 456       |
|    ent_coef_loss   | -115      |
|    learning_rate   | 0.0001    |
|    n_updates       | 83899     |
|    reward          | 1506.7932 |
----------------------------------
EPISODE:  86
EPISODE:  87
EPISODE:  88
EPISODE:  89
----------------------------------
| time/              |           |
|    episodes        | 88        |
|    fps             | 22        |
|    time_elapsed    | 3858      |
|    total_timesteps | 88000     |
| train/             |           |
|    actor_loss      | 3.64e+05  |
|    critic_loss     | 1.44e+06  |
|    ent_coef        | 680       |
|    ent_coef_loss   | -122      |
|    learning_rate   | 0.0001    |
|    n_updates       | 87899     |
|    reward          | 1506.7932 |
----------------------------------
EPISODE:  90
EPISODE:  91
EPISODE:  92
EPISODE:  93
----------------------------------
| time/              |           |
|    episodes        | 92        |
|    fps             | 22        |
|    time_elapsed    | 4030      |
|    total_timesteps | 92000     |
| train/             |           |
|    actor_loss      | 5.94e+05  |
|    critic_loss     | 5.59e+06  |
|    ent_coef        | 1.01e+03  |
|    ent_coef_loss   | -131      |
|    learning_rate   | 0.0001    |
|    n_updates       | 91899     |
|    reward          | 1506.7932 |
----------------------------------
EPISODE:  94
EPISODE:  95
EPISODE:  96
EPISODE:  97
----------------------------------
| time/              |           |
|    episodes        | 96        |
|    fps             | 22        |
|    time_elapsed    | 4203      |
|    total_timesteps | 96000     |
| train/             |           |
|    actor_loss      | 9.32e+05  |
|    critic_loss     | 9.12e+06  |
|    ent_coef        | 1.51e+03  |
|    ent_coef_loss   | -138      |
|    learning_rate   | 0.0001    |
|    n_updates       | 95899     |
|    reward          | 1506.7932 |
----------------------------------
EPISODE:  98
EPISODE:  99
EPISODE:  100
EPISODE:  101
----------------------------------
| time/              |           |
|    episodes        | 100       |
|    fps             | 22        |
|    time_elapsed    | 4378      |
|    total_timesteps | 100000    |
| train/             |           |
|    actor_loss      | 1.44e+06  |
|    critic_loss     | 1.95e+07  |
|    ent_coef        | 2.26e+03  |
|    ent_coef_loss   | -145      |
|    learning_rate   | 0.0001    |
|    n_updates       | 99899     |
|    reward          | 1506.7932 |
----------------------------------
EPISODE:  102
EPISODE:  103
EPISODE:  104
EPISODE:  105
----------------------------------
| time/              |           |
|    episodes        | 104       |
|    fps             | 22        |
|    time_elapsed    | 4553      |
|    total_timesteps | 104000    |
| train/             |           |
|    actor_loss      | 2.18e+06  |
|    critic_loss     | 6.39e+07  |
|    ent_coef        | 3.37e+03  |
|    ent_coef_loss   | -152      |
|    learning_rate   | 0.0001    |
|    n_updates       | 103899    |
|    reward          | 1506.7932 |
----------------------------------
EPISODE:  106
EPISODE:  107
EPISODE:  108
EPISODE:  109
----------------------------------
| time/              |           |
|    episodes        | 108       |
|    fps             | 22        |
|    time_elapsed    | 4727      |
|    total_timesteps | 108000    |
| train/             |           |
|    actor_loss      | 3.29e+06  |
|    critic_loss     | 2.36e+08  |
|    ent_coef        | 5.03e+03  |
|    ent_coef_loss   | -160      |
|    learning_rate   | 0.0001    |
|    n_updates       | 107899    |
|    reward          | 1506.7932 |
----------------------------------
EPISODE:  110
EPISODE:  111
EPISODE:  112
EPISODE:  113
----------------------------------
| time/              |           |
|    episodes        | 112       |
|    fps             | 22        |
|    time_elapsed    | 4905      |
|    total_timesteps | 112000    |
| train/             |           |
|    actor_loss      | 4.94e+06  |
|    critic_loss     | 5.49e+08  |
|    ent_coef        | 7.51e+03  |
|    ent_coef_loss   | -167      |
|    learning_rate   | 0.0001    |
|    n_updates       | 111899    |
|    reward          | 1506.7932 |
----------------------------------
EPISODE:  114
EPISODE:  115
EPISODE:  116
EPISODE:  117
----------------------------------
| time/              |           |
|    episodes        | 116       |
|    fps             | 22        |
|    time_elapsed    | 5082      |
|    total_timesteps | 116000    |
| train/             |           |
|    actor_loss      | 7.41e+06  |
|    critic_loss     | 5.17e+08  |
|    ent_coef        | 1.12e+04  |
|    ent_coef_loss   | -175      |
|    learning_rate   | 0.0001    |
|    n_updates       | 115899    |
|    reward          | 1506.7932 |
----------------------------------
EPISODE:  118
EPISODE:  119
EPISODE:  120
EPISODE:  121
----------------------------------
| time/              |           |
|    episodes        | 120       |
|    fps             | 22        |
|    time_elapsed    | 5256      |
|    total_timesteps | 120000    |
| train/             |           |
|    actor_loss      | 1.09e+07  |
|    critic_loss     | 3.36e+09  |
|    ent_coef        | 1.67e+04  |
|    ent_coef_loss   | -185      |
|    learning_rate   | 0.0001    |
|    n_updates       | 119899    |
|    reward          | 1506.7932 |
----------------------------------
EPISODE:  122
EPISODE:  123
EPISODE:  124
EPISODE:  125
----------------------------------
| time/              |           |
|    episodes        | 124       |
|    fps             | 22        |
|    time_elapsed    | 5428      |
|    total_timesteps | 124000    |
| train/             |           |
|    actor_loss      | 1.6e+07   |
|    critic_loss     | 2.22e+12  |
|    ent_coef        | 2.5e+04   |
|    ent_coef_loss   | -191      |
|    learning_rate   | 0.0001    |
|    n_updates       | 123899    |
|    reward          | 1506.7932 |
----------------------------------
EPISODE:  126
EPISODE:  127
EPISODE:  128
EPISODE:  129
----------------------------------
| time/              |           |
|    episodes        | 128       |
|    fps             | 22        |
|    time_elapsed    | 5603      |
|    total_timesteps | 128000    |
| train/             |           |
|    actor_loss      | 2.37e+07  |
|    critic_loss     | 1.91e+10  |
|    ent_coef        | 3.73e+04  |
|    ent_coef_loss   | -198      |
|    learning_rate   | 0.0001    |
|    n_updates       | 127899    |
|    reward          | 1506.7932 |
----------------------------------
EPISODE:  130
EPISODE:  131
EPISODE:  132
EPISODE:  133
----------------------------------
| time/              |           |
|    episodes        | 132       |
|    fps             | 22        |
|    time_elapsed    | 5780      |
|    total_timesteps | 132000    |
| train/             |           |
|    actor_loss      | 3.43e+07  |
|    critic_loss     | 7.21e+10  |
|    ent_coef        | 5.56e+04  |
|    ent_coef_loss   | -207      |
|    learning_rate   | 0.0001    |
|    n_updates       | 131899    |
|    reward          | 1506.7932 |
----------------------------------
EPISODE:  134
EPISODE:  135
EPISODE:  136
EPISODE:  137
----------------------------------
| time/              |           |
|    episodes        | 136       |
|    fps             | 22        |
|    time_elapsed    | 5957      |
|    total_timesteps | 136000    |
| train/             |           |
|    actor_loss      | 5.01e+07  |
|    critic_loss     | 2.3e+11   |
|    ent_coef        | 8.31e+04  |
|    ent_coef_loss   | -214      |
|    learning_rate   | 0.0001    |
|    n_updates       | 135899    |
|    reward          | 1506.7932 |
----------------------------------
EPISODE:  138
EPISODE:  139
EPISODE:  140
EPISODE:  141
----------------------------------
| time/              |           |
|    episodes        | 140       |
|    fps             | 22        |
|    time_elapsed    | 6132      |
|    total_timesteps | 140000    |
| train/             |           |
|    actor_loss      | 7.16e+07  |
|    critic_loss     | 7.32e+11  |
|    ent_coef        | 1.24e+05  |
|    ent_coef_loss   | -222      |
|    learning_rate   | 0.0001    |
|    n_updates       | 139899    |
|    reward          | 1506.7932 |
----------------------------------
EPISODE:  142
EPISODE:  143
EPISODE:  144
EPISODE:  145
----------------------------------
| time/              |           |
|    episodes        | 144       |
|    fps             | 22        |
|    time_elapsed    | 6308      |
|    total_timesteps | 144000    |
| train/             |           |
|    actor_loss      | 1.01e+08  |
|    critic_loss     | 2.45e+12  |
|    ent_coef        | 1.85e+05  |
|    ent_coef_loss   | -227      |
|    learning_rate   | 0.0001    |
|    n_updates       | 143899    |
|    reward          | 1506.7932 |
----------------------------------
EPISODE:  146
EPISODE:  147
EPISODE:  148
EPISODE:  149
----------------------------------
| time/              |           |
|    episodes        | 148       |
|    fps             | 22        |
|    time_elapsed    | 6485      |
|    total_timesteps | 148000    |
| train/             |           |
|    actor_loss      | 1.43e+08  |
|    critic_loss     | 8.18e+12  |
|    ent_coef        | 2.76e+05  |
|    ent_coef_loss   | -233      |
|    learning_rate   | 0.0001    |
|    n_updates       | 147899    |
|    reward          | 1506.7932 |
----------------------------------
EPISODE:  150
EPISODE:  151
EPISODE:  152
EPISODE:  153
----------------------------------
| time/              |           |
|    episodes        | 152       |
|    fps             | 22        |
|    time_elapsed    | 6662      |
|    total_timesteps | 152000    |
| train/             |           |
|    actor_loss      | 1.94e+08  |
|    critic_loss     | 2.74e+13  |
|    ent_coef        | 4.12e+05  |
|    ent_coef_loss   | -243      |
|    learning_rate   | 0.0001    |
|    n_updates       | 151899    |
|    reward          | 1506.7932 |
----------------------------------
EPISODE:  154
EPISODE:  155
EPISODE:  156
EPISODE:  157
----------------------------------
| time/              |           |
|    episodes        | 156       |
|    fps             | 22        |
|    time_elapsed    | 6837      |
|    total_timesteps | 156000    |
| train/             |           |
|    actor_loss      | 2.62e+08  |
|    critic_loss     | 7.55e+13  |
|    ent_coef        | 6.15e+05  |
|    ent_coef_loss   | -251      |
|    learning_rate   | 0.0001    |
|    n_updates       | 155899    |
|    reward          | 1506.7932 |
----------------------------------
EPISODE:  158
EPISODE:  159
EPISODE:  160
EPISODE:  161
----------------------------------
| time/              |           |
|    episodes        | 160       |
|    fps             | 22        |
|    time_elapsed    | 7013      |
|    total_timesteps | 160000    |
| train/             |           |
|    actor_loss      | 3.38e+08  |
|    critic_loss     | 2.42e+14  |
|    ent_coef        | 9.19e+05  |
|    ent_coef_loss   | -260      |
|    learning_rate   | 0.0001    |
|    n_updates       | 159899    |
|    reward          | 1506.7932 |
----------------------------------
EPISODE:  162
EPISODE:  163
EPISODE:  164
EPISODE:  165
----------------------------------
| time/              |           |
|    episodes        | 164       |
|    fps             | 22        |
|    time_elapsed    | 7189      |
|    total_timesteps | 164000    |
| train/             |           |
|    actor_loss      | 4.4e+08   |
|    critic_loss     | 6.14e+14  |
|    ent_coef        | 1.37e+06  |
|    ent_coef_loss   | -266      |
|    learning_rate   | 0.0001    |
|    n_updates       | 163899    |
|    reward          | 1506.7932 |
----------------------------------
EPISODE:  166
EPISODE:  167
EPISODE:  168
EPISODE:  169
----------------------------------
| time/              |           |
|    episodes        | 168       |
|    fps             | 22        |
|    time_elapsed    | 7365      |
|    total_timesteps | 168000    |
| train/             |           |
|    actor_loss      | 5.82e+08  |
|    critic_loss     | 1.6e+15   |
|    ent_coef        | 2.05e+06  |
|    ent_coef_loss   | -275      |
|    learning_rate   | 0.0001    |
|    n_updates       | 167899    |
|    reward          | 1506.7932 |
----------------------------------
EPISODE:  170
EPISODE:  171
EPISODE:  172
EPISODE:  173
----------------------------------
| time/              |           |
|    episodes        | 172       |
|    fps             | 22        |
|    time_elapsed    | 7543      |
|    total_timesteps | 172000    |
| train/             |           |
|    actor_loss      | 6.88e+08  |
|    critic_loss     | 4.02e+15  |
|    ent_coef        | 3.05e+06  |
|    ent_coef_loss   | -278      |
|    learning_rate   | 0.0001    |
|    n_updates       | 171899    |
|    reward          | 1506.7932 |
----------------------------------
EPISODE:  174
EPISODE:  175
EPISODE:  176
EPISODE:  177
----------------------------------
| time/              |           |
|    episodes        | 176       |
|    fps             | 22        |
|    time_elapsed    | 7720      |
|    total_timesteps | 176000    |
| train/             |           |
|    actor_loss      | 8.42e+08  |
|    critic_loss     | 2.09e+16  |
|    ent_coef        | 4.56e+06  |
|    ent_coef_loss   | -291      |
|    learning_rate   | 0.0001    |
|    n_updates       | 175899    |
|    reward          | 1506.7932 |
----------------------------------
EPISODE:  178
EPISODE:  179
EPISODE:  180
EPISODE:  181
----------------------------------
| time/              |           |
|    episodes        | 180       |
|    fps             | 22        |
|    time_elapsed    | 7893      |
|    total_timesteps | 180000    |
| train/             |           |
|    actor_loss      | 1.08e+09  |
|    critic_loss     | 2.17e+16  |
|    ent_coef        | 6.81e+06  |
|    ent_coef_loss   | -296      |
|    learning_rate   | 0.0001    |
|    n_updates       | 179899    |
|    reward          | 1506.7932 |
----------------------------------
EPISODE:  182
EPISODE:  183
EPISODE:  184
EPISODE:  185
----------------------------------
| time/              |           |
|    episodes        | 184       |
|    fps             | 22        |
|    time_elapsed    | 8068      |
|    total_timesteps | 184000    |
| train/             |           |
|    actor_loss      | 1.29e+09  |
|    critic_loss     | 4.92e+16  |
|    ent_coef        | 1.01e+07  |
|    ent_coef_loss   | -304      |
|    learning_rate   | 0.0001    |
|    n_updates       | 183899    |
|    reward          | 1506.7932 |
----------------------------------
EPISODE:  186
EPISODE:  187
EPISODE:  188
EPISODE:  189
----------------------------------
| time/              |           |
|    episodes        | 188       |
|    fps             | 22        |
|    time_elapsed    | 8241      |
|    total_timesteps | 188000    |
| train/             |           |
|    actor_loss      | 1.57e+09  |
|    critic_loss     | 1.1e+17   |
|    ent_coef        | 1.51e+07  |
|    ent_coef_loss   | -310      |
|    learning_rate   | 0.0001    |
|    n_updates       | 187899    |
|    reward          | 1506.7932 |
----------------------------------
EPISODE:  190
EPISODE:  191
EPISODE:  192
EPISODE:  193
----------------------------------
| time/              |           |
|    episodes        | 192       |
|    fps             | 22        |
|    time_elapsed    | 8416      |
|    total_timesteps | 192000    |
| train/             |           |
|    actor_loss      | 1.91e+09  |
|    critic_loss     | 2.38e+17  |
|    ent_coef        | 2.25e+07  |
|    ent_coef_loss   | -316      |
|    learning_rate   | 0.0001    |
|    n_updates       | 191899    |
|    reward          | 1506.7932 |
----------------------------------
EPISODE:  194
EPISODE:  195
EPISODE:  196
EPISODE:  197
----------------------------------
| time/              |           |
|    episodes        | 196       |
|    fps             | 22        |
|    time_elapsed    | 8593      |
|    total_timesteps | 196000    |
| train/             |           |
|    actor_loss      | 2.4e+09   |
|    critic_loss     | 5.26e+17  |
|    ent_coef        | 3.34e+07  |
|    ent_coef_loss   | -326      |
|    learning_rate   | 0.0001    |
|    n_updates       | 195899    |
|    reward          | 1506.7932 |
----------------------------------
EPISODE:  198
EPISODE:  199
EPISODE:  200
EPISODE:  201
----------------------------------
| time/              |           |
|    episodes        | 200       |
|    fps             | 22        |
|    time_elapsed    | 8767      |
|    total_timesteps | 200000    |
| train/             |           |
|    actor_loss      | 3.02e+09  |
|    critic_loss     | 1.15e+18  |
|    ent_coef        | 4.98e+07  |
|    ent_coef_loss   | -334      |
|    learning_rate   | 0.0001    |
|    n_updates       | 199899    |
|    reward          | 1506.7932 |
----------------------------------
EPISODE:  202
EPISODE:  203
EPISODE:  204
EPISODE:  205
----------------------------------
| time/              |           |
|    episodes        | 204       |
|    fps             | 22        |
|    time_elapsed    | 8944      |
|    total_timesteps | 204000    |
| train/             |           |
|    actor_loss      | 3.85e+09  |
|    critic_loss     | 2.52e+18  |
|    ent_coef        | 7.4e+07   |
|    ent_coef_loss   | -340      |
|    learning_rate   | 0.0001    |
|    n_updates       | 203899    |
|    reward          | 1506.7932 |
----------------------------------
EPISODE:  206
EPISODE:  207
EPISODE:  208
EPISODE:  209
----------------------------------
| time/              |           |
|    episodes        | 208       |
|    fps             | 22        |
|    time_elapsed    | 9122      |
|    total_timesteps | 208000    |
| train/             |           |
|    actor_loss      | 4.73e+09  |
|    critic_loss     | 5.43e+18  |
|    ent_coef        | 1.1e+08   |
|    ent_coef_loss   | -348      |
|    learning_rate   | 0.0001    |
|    n_updates       | 207899    |
|    reward          | 1506.7932 |
----------------------------------
EPISODE:  210
EPISODE:  211
EPISODE:  212
EPISODE:  213
----------------------------------
| time/              |           |
|    episodes        | 212       |
|    fps             | 22        |
|    time_elapsed    | 9299      |
|    total_timesteps | 212000    |
| train/             |           |
|    actor_loss      | 6.22e+09  |
|    critic_loss     | 1.2e+19   |
|    ent_coef        | 1.64e+08  |
|    ent_coef_loss   | -356      |
|    learning_rate   | 0.0001    |
|    n_updates       | 211899    |
|    reward          | 1506.7932 |
----------------------------------
EPISODE:  214
EPISODE:  215
EPISODE:  216
EPISODE:  217
----------------------------------
| time/              |           |
|    episodes        | 216       |
|    fps             | 22        |
|    time_elapsed    | 9470      |
|    total_timesteps | 216000    |
| train/             |           |
|    actor_loss      | 8.36e+09  |
|    critic_loss     | 2.62e+19  |
|    ent_coef        | 2.44e+08  |
|    ent_coef_loss   | -363      |
|    learning_rate   | 0.0001    |
|    n_updates       | 215899    |
|    reward          | 1506.7932 |
----------------------------------
EPISODE:  218
EPISODE:  219
EPISODE:  220
EPISODE:  221
----------------------------------
| time/              |           |
|    episodes        | 220       |
|    fps             | 22        |
|    time_elapsed    | 9647      |
|    total_timesteps | 220000    |
| train/             |           |
|    actor_loss      | 1.13e+10  |
|    critic_loss     | 5.76e+19  |
|    ent_coef        | 3.63e+08  |
|    ent_coef_loss   | -372      |
|    learning_rate   | 0.0001    |
|    n_updates       | 219899    |
|    reward          | 1506.7932 |
----------------------------------
EPISODE:  222
EPISODE:  223
EPISODE:  224
EPISODE:  225
----------------------------------
| time/              |           |
|    episodes        | 224       |
|    fps             | 22        |
|    time_elapsed    | 9822      |
|    total_timesteps | 224000    |
| train/             |           |
|    actor_loss      | 1.54e+10  |
|    critic_loss     | 1.26e+20  |
|    ent_coef        | 5.4e+08   |
|    ent_coef_loss   | -381      |
|    learning_rate   | 0.0001    |
|    n_updates       | 223899    |
|    reward          | 1506.7932 |
----------------------------------
EPISODE:  226
EPISODE:  227
EPISODE:  228
EPISODE:  229
----------------------------------
| time/              |           |
|    episodes        | 228       |
|    fps             | 22        |
|    time_elapsed    | 9997      |
|    total_timesteps | 228000    |
| train/             |           |
|    actor_loss      | 2.12e+10  |
|    critic_loss     | 2.83e+20  |
|    ent_coef        | 8.04e+08  |
|    ent_coef_loss   | -387      |
|    learning_rate   | 0.0001    |
|    n_updates       | 227899    |
|    reward          | 1506.7932 |
----------------------------------
EPISODE:  230
EPISODE:  231
EPISODE:  232
EPISODE:  233
----------------------------------
| time/              |           |
|    episodes        | 232       |
|    fps             | 22        |
|    time_elapsed    | 10172     |
|    total_timesteps | 232000    |
| train/             |           |
|    actor_loss      | 3e+10     |
|    critic_loss     | 6.13e+20  |
|    ent_coef        | 1.2e+09   |
|    ent_coef_loss   | -395      |
|    learning_rate   | 0.0001    |
|    n_updates       | 231899    |
|    reward          | 1506.7932 |
----------------------------------
EPISODE:  234
EPISODE:  235
EPISODE:  236
EPISODE:  237
----------------------------------
| time/              |           |
|    episodes        | 236       |
|    fps             | 22        |
|    time_elapsed    | 10347     |
|    total_timesteps | 236000    |
| train/             |           |
|    actor_loss      | 4.24e+10  |
|    critic_loss     | 1.34e+21  |
|    ent_coef        | 1.78e+09  |
|    ent_coef_loss   | -401      |
|    learning_rate   | 0.0001    |
|    n_updates       | 235899    |
|    reward          | 1506.7932 |
----------------------------------
EPISODE:  238
EPISODE:  239
EPISODE:  240
EPISODE:  241
----------------------------------
| time/              |           |
|    episodes        | 240       |
|    fps             | 22        |
|    time_elapsed    | 10522     |
|    total_timesteps | 240000    |
| train/             |           |
|    actor_loss      | 6.16e+10  |
|    critic_loss     | 3e+21     |
|    ent_coef        | 2.65e+09  |
|    ent_coef_loss   | -412      |
|    learning_rate   | 0.0001    |
|    n_updates       | 239899    |
|    reward          | 1506.7932 |
----------------------------------
EPISODE:  242
EPISODE:  243
EPISODE:  244
EPISODE:  245
----------------------------------
| time/              |           |
|    episodes        | 244       |
|    fps             | 22        |
|    time_elapsed    | 10696     |
|    total_timesteps | 244000    |
| train/             |           |
|    actor_loss      | 8.81e+10  |
|    critic_loss     | 6.58e+21  |
|    ent_coef        | 3.94e+09  |
|    ent_coef_loss   | -411      |
|    learning_rate   | 0.0001    |
|    n_updates       | 243899    |
|    reward          | 1506.7932 |
----------------------------------
EPISODE:  246
EPISODE:  247
EPISODE:  248
EPISODE:  249
----------------------------------
| time/              |           |
|    episodes        | 248       |
|    fps             | 22        |
|    time_elapsed    | 10873     |
|    total_timesteps | 248000    |
| train/             |           |
|    actor_loss      | 1.29e+11  |
|    critic_loss     | 1.46e+22  |
|    ent_coef        | 5.87e+09  |
|    ent_coef_loss   | -422      |
|    learning_rate   | 0.0001    |
|    n_updates       | 247899    |
|    reward          | 1506.7932 |
----------------------------------
EPISODE:  250
EPISODE:  251
EPISODE:  252
EPISODE:  253
----------------------------------
| time/              |           |
|    episodes        | 252       |
|    fps             | 22        |
|    time_elapsed    | 11049     |
|    total_timesteps | 252000    |
| train/             |           |
|    actor_loss      | 1.9e+11   |
|    critic_loss     | 3.29e+22  |
|    ent_coef        | 8.73e+09  |
|    ent_coef_loss   | -431      |
|    learning_rate   | 0.0001    |
|    n_updates       | 251899    |
|    reward          | 1506.7932 |
----------------------------------
EPISODE:  254
EPISODE:  255
EPISODE:  256
EPISODE:  257
----------------------------------
| time/              |           |
|    episodes        | 256       |
|    fps             | 22        |
|    time_elapsed    | 11224     |
|    total_timesteps | 256000    |
| train/             |           |
|    actor_loss      | 2.8e+11   |
|    critic_loss     | 7.19e+22  |
|    ent_coef        | 1.3e+10   |
|    ent_coef_loss   | -439      |
|    learning_rate   | 0.0001    |
|    n_updates       | 255899    |
|    reward          | 1506.7932 |
----------------------------------
EPISODE:  258
EPISODE:  259
EPISODE:  260
EPISODE:  261
----------------------------------
| time/              |           |
|    episodes        | 260       |
|    fps             | 22        |
|    time_elapsed    | 11398     |
|    total_timesteps | 260000    |
| train/             |           |
|    actor_loss      | 4.11e+11  |
|    critic_loss     | 1.6e+23   |
|    ent_coef        | 1.93e+10  |
|    ent_coef_loss   | -445      |
|    learning_rate   | 0.0001    |
|    n_updates       | 259899    |
|    reward          | 1506.7932 |
----------------------------------
EPISODE:  262
EPISODE:  263
EPISODE:  264
EPISODE:  265
----------------------------------
| time/              |           |
|    episodes        | 264       |
|    fps             | 22        |
|    time_elapsed    | 11577     |
|    total_timesteps | 264000    |
| train/             |           |
|    actor_loss      | 6.08e+11  |
|    critic_loss     | 3.54e+23  |
|    ent_coef        | 2.88e+10  |
|    ent_coef_loss   | -453      |
|    learning_rate   | 0.0001    |
|    n_updates       | 263899    |
|    reward          | 1506.7932 |
----------------------------------
EPISODE:  266
EPISODE:  267
EPISODE:  268
EPISODE:  269
----------------------------------
| time/              |           |
|    episodes        | 268       |
|    fps             | 22        |
|    time_elapsed    | 11754     |
|    total_timesteps | 268000    |
| train/             |           |
|    actor_loss      | 9.01e+11  |
|    critic_loss     | 7.77e+23  |
|    ent_coef        | 4.28e+10  |
|    ent_coef_loss   | -460      |
|    learning_rate   | 0.0001    |
|    n_updates       | 267899    |
|    reward          | 1506.7932 |
----------------------------------
EPISODE:  270
EPISODE:  271
EPISODE:  272
EPISODE:  273
----------------------------------
| time/              |           |
|    episodes        | 272       |
|    fps             | 22        |
|    time_elapsed    | 11933     |
|    total_timesteps | 272000    |
| train/             |           |
|    actor_loss      | 1.34e+12  |
|    critic_loss     | 1.72e+24  |
|    ent_coef        | 6.37e+10  |
|    ent_coef_loss   | -468      |
|    learning_rate   | 0.0001    |
|    n_updates       | 271899    |
|    reward          | 1506.7932 |
----------------------------------
EPISODE:  274
EPISODE:  275
EPISODE:  276
EPISODE:  277
----------------------------------
| time/              |           |
|    episodes        | 276       |
|    fps             | 22        |
|    time_elapsed    | 12111     |
|    total_timesteps | 276000    |
| train/             |           |
|    actor_loss      | 1.97e+12  |
|    critic_loss     | 3.84e+24  |
|    ent_coef        | 9.48e+10  |
|    ent_coef_loss   | -470      |
|    learning_rate   | 0.0001    |
|    n_updates       | 275899    |
|    reward          | 1506.7932 |
----------------------------------
EPISODE:  278
EPISODE:  279
EPISODE:  280
EPISODE:  281
----------------------------------
| time/              |           |
|    episodes        | 280       |
|    fps             | 22        |
|    time_elapsed    | 12288     |
|    total_timesteps | 280000    |
| train/             |           |
|    actor_loss      | 2.95e+12  |
|    critic_loss     | 8.42e+24  |
|    ent_coef        | 1.41e+11  |
|    ent_coef_loss   | -483      |
|    learning_rate   | 0.0001    |
|    n_updates       | 279899    |
|    reward          | 1506.7932 |
----------------------------------
EPISODE:  282
EPISODE:  283
EPISODE:  284
EPISODE:  285
----------------------------------
| time/              |           |
|    episodes        | 284       |
|    fps             | 22        |
|    time_elapsed    | 12464     |
|    total_timesteps | 284000    |
| train/             |           |
|    actor_loss      | 4.39e+12  |
|    critic_loss     | 1.9e+25   |
|    ent_coef        | 2.1e+11   |
|    ent_coef_loss   | -491      |
|    learning_rate   | 0.0001    |
|    n_updates       | 283899    |
|    reward          | 1506.7932 |
----------------------------------
EPISODE:  286
EPISODE:  287
EPISODE:  288
EPISODE:  289
----------------------------------
| time/              |           |
|    episodes        | 288       |
|    fps             | 22        |
|    time_elapsed    | 12641     |
|    total_timesteps | 288000    |
| train/             |           |
|    actor_loss      | 6.52e+12  |
|    critic_loss     | 4.09e+25  |
|    ent_coef        | 3.12e+11  |
|    ent_coef_loss   | -498      |
|    learning_rate   | 0.0001    |
|    n_updates       | 287899    |
|    reward          | 1506.7932 |
----------------------------------
EPISODE:  290
EPISODE:  291
EPISODE:  292
EPISODE:  293
----------------------------------
| time/              |           |
|    episodes        | 292       |
|    fps             | 22        |
|    time_elapsed    | 12816     |
|    total_timesteps | 292000    |
| train/             |           |
|    actor_loss      | 9.72e+12  |
|    critic_loss     | 9.09e+25  |
|    ent_coef        | 4.65e+11  |
|    ent_coef_loss   | -507      |
|    learning_rate   | 0.0001    |
|    n_updates       | 291899    |
|    reward          | 1506.7932 |
----------------------------------
EPISODE:  294
EPISODE:  295
EPISODE:  296
EPISODE:  297
----------------------------------
| time/              |           |
|    episodes        | 296       |
|    fps             | 22        |
|    time_elapsed    | 12995     |
|    total_timesteps | 296000    |
| train/             |           |
|    actor_loss      | 1.44e+13  |
|    critic_loss     | 2.06e+26  |
|    ent_coef        | 6.92e+11  |
|    ent_coef_loss   | -512      |
|    learning_rate   | 0.0001    |
|    n_updates       | 295899    |
|    reward          | 1506.7932 |
----------------------------------
EPISODE:  298
EPISODE:  299
EPISODE:  300
EPISODE:  301
----------------------------------
| time/              |           |
|    episodes        | 300       |
|    fps             | 22        |
|    time_elapsed    | 13169     |
|    total_timesteps | 300000    |
| train/             |           |
|    actor_loss      | 2.14e+13  |
|    critic_loss     | 4.53e+26  |
|    ent_coef        | 1.03e+12  |
|    ent_coef_loss   | -520      |
|    learning_rate   | 0.0001    |
|    n_updates       | 299899    |
|    reward          | 1506.7932 |
----------------------------------
EPISODE:  302
EPISODE:  303
EPISODE:  304
EPISODE:  305
----------------------------------
| time/              |           |
|    episodes        | 304       |
|    fps             | 22        |
|    time_elapsed    | 13347     |
|    total_timesteps | 304000    |
| train/             |           |
|    actor_loss      | 3.19e+13  |
|    critic_loss     | 9.93e+26  |
|    ent_coef        | 1.53e+12  |
|    ent_coef_loss   | -528      |
|    learning_rate   | 0.0001    |
|    n_updates       | 303899    |
|    reward          | 1506.7932 |
----------------------------------
EPISODE:  306
EPISODE:  307
EPISODE:  308
EPISODE:  309
----------------------------------
| time/              |           |
|    episodes        | 308       |
|    fps             | 22        |
|    time_elapsed    | 13525     |
|    total_timesteps | 308000    |
| train/             |           |
|    actor_loss      | 4.72e+13  |
|    critic_loss     | 2.18e+27  |
|    ent_coef        | 2.28e+12  |
|    ent_coef_loss   | -532      |
|    learning_rate   | 0.0001    |
|    n_updates       | 307899    |
|    reward          | 1506.7932 |
----------------------------------
EPISODE:  310
EPISODE:  311
EPISODE:  312
EPISODE:  313
----------------------------------
| time/              |           |
|    episodes        | 312       |
|    fps             | 22        |
|    time_elapsed    | 13702     |
|    total_timesteps | 312000    |
| train/             |           |
|    actor_loss      | 7.02e+13  |
|    critic_loss     | 4.83e+27  |
|    ent_coef        | 3.39e+12  |
|    ent_coef_loss   | -540      |
|    learning_rate   | 0.0001    |
|    n_updates       | 311899    |
|    reward          | 1506.7932 |
----------------------------------
EPISODE:  314
EPISODE:  315
EPISODE:  316
EPISODE:  317
----------------------------------
| time/              |           |
|    episodes        | 316       |
|    fps             | 22        |
|    time_elapsed    | 13879     |
|    total_timesteps | 316000    |
| train/             |           |
|    actor_loss      | 1.04e+14  |
|    critic_loss     | 1.09e+28  |
|    ent_coef        | 5.05e+12  |
|    ent_coef_loss   | -546      |
|    learning_rate   | 0.0001    |
|    n_updates       | 315899    |
|    reward          | 1506.7932 |
----------------------------------
EPISODE:  318
EPISODE:  319
EPISODE:  320
EPISODE:  321
----------------------------------
| time/              |           |
|    episodes        | 320       |
|    fps             | 22        |
|    time_elapsed    | 14056     |
|    total_timesteps | 320000    |
| train/             |           |
|    actor_loss      | 1.58e+14  |
|    critic_loss     | 2.41e+28  |
|    ent_coef        | 7.51e+12  |
|    ent_coef_loss   | -563      |
|    learning_rate   | 0.0001    |
|    n_updates       | 319899    |
|    reward          | 1506.7932 |
----------------------------------
EPISODE:  322
EPISODE:  323
EPISODE:  324
EPISODE:  325
----------------------------------
| time/              |           |
|    episodes        | 324       |
|    fps             | 22        |
|    time_elapsed    | 14230     |
|    total_timesteps | 324000    |
| train/             |           |
|    actor_loss      | 2.32e+14  |
|    critic_loss     | 5.31e+28  |
|    ent_coef        | 1.12e+13  |
|    ent_coef_loss   | -564      |
|    learning_rate   | 0.0001    |
|    n_updates       | 323899    |
|    reward          | 1506.7932 |
----------------------------------
EPISODE:  326
EPISODE:  327
EPISODE:  328
EPISODE:  329
----------------------------------
| time/              |           |
|    episodes        | 328       |
|    fps             | 22        |
|    time_elapsed    | 14404     |
|    total_timesteps | 328000    |
| train/             |           |
|    actor_loss      | 3.43e+14  |
|    critic_loss     | 1.17e+29  |
|    ent_coef        | 1.66e+13  |
|    ent_coef_loss   | -567      |
|    learning_rate   | 0.0001    |
|    n_updates       | 327899    |
|    reward          | 1506.7932 |
----------------------------------
EPISODE:  330
EPISODE:  331
EPISODE:  332
EPISODE:  333
----------------------------------
| time/              |           |
|    episodes        | 332       |
|    fps             | 22        |
|    time_elapsed    | 14582     |
|    total_timesteps | 332000    |
| train/             |           |
|    actor_loss      | 5.15e+14  |
|    critic_loss     | 2.56e+29  |
|    ent_coef        | 2.47e+13  |
|    ent_coef_loss   | -581      |
|    learning_rate   | 0.0001    |
|    n_updates       | 331899    |
|    reward          | 1506.7932 |
----------------------------------
EPISODE:  334
EPISODE:  335
EPISODE:  336
EPISODE:  337
----------------------------------
| time/              |           |
|    episodes        | 336       |
|    fps             | 22        |
|    time_elapsed    | 14757     |
|    total_timesteps | 336000    |
| train/             |           |
|    actor_loss      | 7.65e+14  |
|    critic_loss     | 5.82e+29  |
|    ent_coef        | 3.68e+13  |
|    ent_coef_loss   | -586      |
|    learning_rate   | 0.0001    |
|    n_updates       | 335899    |
|    reward          | 1506.7932 |
----------------------------------
EPISODE:  338
EPISODE:  339
EPISODE:  340
EPISODE:  341
----------------------------------
| time/              |           |
|    episodes        | 340       |
|    fps             | 22        |
|    time_elapsed    | 14936     |
|    total_timesteps | 340000    |
| train/             |           |
|    actor_loss      | 1.14e+15  |
|    critic_loss     | 1.28e+30  |
|    ent_coef        | 5.48e+13  |
|    ent_coef_loss   | -597      |
|    learning_rate   | 0.0001    |
|    n_updates       | 339899    |
|    reward          | 1506.7932 |
----------------------------------
EPISODE:  342
EPISODE:  343
EPISODE:  344
EPISODE:  345
----------------------------------
| time/              |           |
|    episodes        | 344       |
|    fps             | 22        |
|    time_elapsed    | 15112     |
|    total_timesteps | 344000    |
| train/             |           |
|    actor_loss      | 1.7e+15   |
|    critic_loss     | 2.83e+30  |
|    ent_coef        | 8.15e+13  |
|    ent_coef_loss   | -603      |
|    learning_rate   | 0.0001    |
|    n_updates       | 343899    |
|    reward          | 1506.7932 |
----------------------------------
EPISODE:  346
EPISODE:  347
EPISODE:  348
EPISODE:  349
----------------------------------
| time/              |           |
|    episodes        | 348       |
|    fps             | 22        |
|    time_elapsed    | 15285     |
|    total_timesteps | 348000    |
| train/             |           |
|    actor_loss      | 2.54e+15  |
|    critic_loss     | 6.24e+30  |
|    ent_coef        | 1.21e+14  |
|    ent_coef_loss   | -615      |
|    learning_rate   | 0.0001    |
|    n_updates       | 347899    |
|    reward          | 1506.7932 |
----------------------------------
EPISODE:  350
EPISODE:  351
EPISODE:  352
EPISODE:  353
----------------------------------
| time/              |           |
|    episodes        | 352       |
|    fps             | 22        |
|    time_elapsed    | 15462     |
|    total_timesteps | 352000    |
| train/             |           |
|    actor_loss      | 3.74e+15  |
|    critic_loss     | 1.38e+31  |
|    ent_coef        | 1.8e+14   |
|    ent_coef_loss   | -615      |
|    learning_rate   | 0.0001    |
|    n_updates       | 351899    |
|    reward          | 1506.7932 |
----------------------------------
EPISODE:  354
EPISODE:  355
EPISODE:  356
EPISODE:  357
----------------------------------
| time/              |           |
|    episodes        | 356       |
|    fps             | 22        |
|    time_elapsed    | 15638     |
|    total_timesteps | 356000    |
| train/             |           |
|    actor_loss      | 5.58e+15  |
|    critic_loss     | 3.05e+31  |
|    ent_coef        | 2.68e+14  |
|    ent_coef_loss   | -625      |
|    learning_rate   | 0.0001    |
|    n_updates       | 355899    |
|    reward          | 1506.7932 |
----------------------------------
EPISODE:  358
EPISODE:  359
EPISODE:  360
EPISODE:  361
----------------------------------
| time/              |           |
|    episodes        | 360       |
|    fps             | 22        |
|    time_elapsed    | 15813     |
|    total_timesteps | 360000    |
| train/             |           |
|    actor_loss      | 8.34e+15  |
|    critic_loss     | 6.72e+31  |
|    ent_coef        | 3.98e+14  |
|    ent_coef_loss   | -637      |
|    learning_rate   | 0.0001    |
|    n_updates       | 359899    |
|    reward          | 1506.7932 |
----------------------------------
EPISODE:  362
EPISODE:  363
EPISODE:  364
EPISODE:  365
----------------------------------
| time/              |           |
|    episodes        | 364       |
|    fps             | 22        |
|    time_elapsed    | 15985     |
|    total_timesteps | 364000    |
| train/             |           |
|    actor_loss      | 1.24e+16  |
|    critic_loss     | 1.5e+32   |
|    ent_coef        | 5.93e+14  |
|    ent_coef_loss   | -642      |
|    learning_rate   | 0.0001    |
|    n_updates       | 363899    |
|    reward          | 1506.7932 |
----------------------------------
EPISODE:  366
EPISODE:  367
EPISODE:  368
EPISODE:  369
----------------------------------
| time/              |           |
|    episodes        | 368       |
|    fps             | 22        |
|    time_elapsed    | 16162     |
|    total_timesteps | 368000    |
| train/             |           |
|    actor_loss      | 1.82e+16  |
|    critic_loss     | 3.28e+32  |
|    ent_coef        | 8.81e+14  |
|    ent_coef_loss   | -644      |
|    learning_rate   | 0.0001    |
|    n_updates       | 367899    |
|    reward          | 1506.7932 |
----------------------------------
EPISODE:  370
EPISODE:  371
EPISODE:  372
EPISODE:  373
----------------------------------
| time/              |           |
|    episodes        | 372       |
|    fps             | 22        |
|    time_elapsed    | 16339     |
|    total_timesteps | 372000    |
| train/             |           |
|    actor_loss      | 2.71e+16  |
|    critic_loss     | 7.12e+32  |
|    ent_coef        | 1.31e+15  |
|    ent_coef_loss   | -649      |
|    learning_rate   | 0.0001    |
|    n_updates       | 371899    |
|    reward          | 1506.7932 |
----------------------------------
EPISODE:  374
EPISODE:  375
EPISODE:  376
EPISODE:  377
----------------------------------
| time/              |           |
|    episodes        | 376       |
|    fps             | 22        |
|    time_elapsed    | 16516     |
|    total_timesteps | 376000    |
| train/             |           |
|    actor_loss      | 4.03e+16  |
|    critic_loss     | 1.59e+33  |
|    ent_coef        | 1.95e+15  |
|    ent_coef_loss   | -658      |
|    learning_rate   | 0.0001    |
|    n_updates       | 375899    |
|    reward          | 1506.7932 |
----------------------------------
EPISODE:  378
EPISODE:  379
EPISODE:  380
EPISODE:  381
----------------------------------
| time/              |           |
|    episodes        | 380       |
|    fps             | 22        |
|    time_elapsed    | 16694     |
|    total_timesteps | 380000    |
| train/             |           |
|    actor_loss      | 6e+16     |
|    critic_loss     | 3.58e+33  |
|    ent_coef        | 2.9e+15   |
|    ent_coef_loss   | -666      |
|    learning_rate   | 0.0001    |
|    n_updates       | 379899    |
|    reward          | 1506.7932 |
----------------------------------
EPISODE:  382
EPISODE:  383
EPISODE:  384
EPISODE:  385
----------------------------------
| time/              |           |
|    episodes        | 384       |
|    fps             | 22        |
|    time_elapsed    | 16869     |
|    total_timesteps | 384000    |
| train/             |           |
|    actor_loss      | 8.95e+16  |
|    critic_loss     | 7.77e+33  |
|    ent_coef        | 4.31e+15  |
|    ent_coef_loss   | -676      |
|    learning_rate   | 0.0001    |
|    n_updates       | 383899    |
|    reward          | 1506.7932 |
----------------------------------
EPISODE:  386
EPISODE:  387
EPISODE:  388
EPISODE:  389
----------------------------------
| time/              |           |
|    episodes        | 388       |
|    fps             | 22        |
|    time_elapsed    | 17045     |
|    total_timesteps | 388000    |
| train/             |           |
|    actor_loss      | 1.34e+17  |
|    critic_loss     | 1.73e+34  |
|    ent_coef        | 6.4e+15   |
|    ent_coef_loss   | -687      |
|    learning_rate   | 0.0001    |
|    n_updates       | 387899    |
|    reward          | 1506.7932 |
----------------------------------
EPISODE:  390
EPISODE:  391
EPISODE:  392
EPISODE:  393
----------------------------------
| time/              |           |
|    episodes        | 392       |
|    fps             | 22        |
|    time_elapsed    | 17219     |
|    total_timesteps | 392000    |
| train/             |           |
|    actor_loss      | 1.98e+17  |
|    critic_loss     | 3.79e+34  |
|    ent_coef        | 9.52e+15  |
|    ent_coef_loss   | -690      |
|    learning_rate   | 0.0001    |
|    n_updates       | 391899    |
|    reward          | 1506.7932 |
----------------------------------
EPISODE:  394
EPISODE:  395
EPISODE:  396
EPISODE:  397
----------------------------------
| time/              |           |
|    episodes        | 396       |
|    fps             | 22        |
|    time_elapsed    | 17395     |
|    total_timesteps | 396000    |
| train/             |           |
|    actor_loss      | 2.96e+17  |
|    critic_loss     | 8.54e+34  |
|    ent_coef        | 1.42e+16  |
|    ent_coef_loss   | -702      |
|    learning_rate   | 0.0001    |
|    n_updates       | 395899    |
|    reward          | 1506.7932 |
----------------------------------
EPISODE:  398
EPISODE:  399
EPISODE:  400
EPISODE:  401
----------------------------------
| time/              |           |
|    episodes        | 400       |
|    fps             | 22        |
|    time_elapsed    | 17572     |
|    total_timesteps | 400000    |
| train/             |           |
|    actor_loss      | 4.36e+17  |
|    critic_loss     | 1.87e+35  |
|    ent_coef        | 2.11e+16  |
|    ent_coef_loss   | -703      |
|    learning_rate   | 0.0001    |
|    n_updates       | 399899    |
|    reward          | 1506.7932 |
----------------------------------
EPISODE:  402
EPISODE:  403
EPISODE:  404
EPISODE:  405
----------------------------------
| time/              |           |
|    episodes        | 404       |
|    fps             | 22        |
|    time_elapsed    | 17749     |
|    total_timesteps | 404000    |
| train/             |           |
|    actor_loss      | 6.51e+17  |
|    critic_loss     | 4.13e+35  |
|    ent_coef        | 3.13e+16  |
|    ent_coef_loss   | -713      |
|    learning_rate   | 0.0001    |
|    n_updates       | 403899    |
|    reward          | 1506.7932 |
----------------------------------
EPISODE:  406
EPISODE:  407
EPISODE:  408
EPISODE:  409
----------------------------------
| time/              |           |
|    episodes        | 408       |
|    fps             | 22        |
|    time_elapsed    | 17924     |
|    total_timesteps | 408000    |
| train/             |           |
|    actor_loss      | 9.69e+17  |
|    critic_loss     | 9.22e+35  |
|    ent_coef        | 4.66e+16  |
|    ent_coef_loss   | -722      |
|    learning_rate   | 0.0001    |
|    n_updates       | 407899    |
|    reward          | 1506.7932 |
----------------------------------
EPISODE:  410
EPISODE:  411
EPISODE:  412
EPISODE:  413
----------------------------------
| time/              |           |
|    episodes        | 412       |
|    fps             | 22        |
|    time_elapsed    | 18101     |
|    total_timesteps | 412000    |
| train/             |           |
|    actor_loss      | 1.44e+18  |
|    critic_loss     | 2.04e+36  |
|    ent_coef        | 6.92e+16  |
|    ent_coef_loss   | -728      |
|    learning_rate   | 0.0001    |
|    n_updates       | 411899    |
|    reward          | 1506.7932 |
----------------------------------
EPISODE:  414
EPISODE:  415
EPISODE:  416
EPISODE:  417
----------------------------------
| time/              |           |
|    episodes        | 416       |
|    fps             | 22        |
|    time_elapsed    | 18276     |
|    total_timesteps | 416000    |
| train/             |           |
|    actor_loss      | 2.12e+18  |
|    critic_loss     | inf       |
|    ent_coef        | 1.03e+17  |
|    ent_coef_loss   | -730      |
|    learning_rate   | 0.0001    |
|    n_updates       | 415899    |
|    reward          | 1506.7932 |
----------------------------------
EPISODE:  418
EPISODE:  419
EPISODE:  420
EPISODE:  421
----------------------------------
| time/              |           |
|    episodes        | 420       |
|    fps             | 22        |
|    time_elapsed    | 18453     |
|    total_timesteps | 420000    |
| train/             |           |
|    actor_loss      | 3.19e+18  |
|    critic_loss     | inf       |
|    ent_coef        | 1.53e+17  |
|    ent_coef_loss   | -745      |
|    learning_rate   | 0.0001    |
|    n_updates       | 419899    |
|    reward          | 1506.7932 |
----------------------------------
EPISODE:  422
EPISODE:  423
EPISODE:  424
EPISODE:  425
----------------------------------
| time/              |           |
|    episodes        | 424       |
|    fps             | 22        |
|    time_elapsed    | 18629     |
|    total_timesteps | 424000    |
| train/             |           |
|    actor_loss      | 4.69e+18  |
|    critic_loss     | inf       |
|    ent_coef        | 2.28e+17  |
|    ent_coef_loss   | -743      |
|    learning_rate   | 0.0001    |
|    n_updates       | 423899    |
|    reward          | 1506.7932 |
----------------------------------
EPISODE:  426
EPISODE:  427
EPISODE:  428
EPISODE:  429
----------------------------------
| time/              |           |
|    episodes        | 428       |
|    fps             | 22        |
|    time_elapsed    | 18807     |
|    total_timesteps | 428000    |
| train/             |           |
|    actor_loss      | 7.07e+18  |
|    critic_loss     | inf       |
|    ent_coef        | 3.38e+17  |
|    ent_coef_loss   | -762      |
|    learning_rate   | 0.0001    |
|    n_updates       | 427899    |
|    reward          | 1506.7932 |
----------------------------------
EPISODE:  430
EPISODE:  431
EPISODE:  432
EPISODE:  433
----------------------------------
| time/              |           |
|    episodes        | 432       |
|    fps             | 22        |
|    time_elapsed    | 18982     |
|    total_timesteps | 432000    |
| train/             |           |
|    actor_loss      | 1.04e+19  |
|    critic_loss     | inf       |
|    ent_coef        | 5.03e+17  |
|    ent_coef_loss   | -764      |
|    learning_rate   | 0.0001    |
|    n_updates       | 431899    |
|    reward          | 1506.7932 |
----------------------------------
EPISODE:  434
EPISODE:  435
EPISODE:  436
EPISODE:  437
----------------------------------
| time/              |           |
|    episodes        | 436       |
|    fps             | 22        |
|    time_elapsed    | 19159     |
|    total_timesteps | 436000    |
| train/             |           |
|    actor_loss      | 1.56e+19  |
|    critic_loss     | inf       |
|    ent_coef        | 7.48e+17  |
|    ent_coef_loss   | -773      |
|    learning_rate   | 0.0001    |
|    n_updates       | 435899    |
|    reward          | 1506.7932 |
----------------------------------
EPISODE:  438
EPISODE:  439
EPISODE:  440
EPISODE:  441
----------------------------------
| time/              |           |
|    episodes        | 440       |
|    fps             | 22        |
|    time_elapsed    | 19333     |
|    total_timesteps | 440000    |
| train/             |           |
|    actor_loss      | 2.32e+19  |
|    critic_loss     | inf       |
|    ent_coef        | 1.11e+18  |
|    ent_coef_loss   | -782      |
|    learning_rate   | 0.0001    |
|    n_updates       | 439899    |
|    reward          | 1506.7932 |
----------------------------------
EPISODE:  442
EPISODE:  443
EPISODE:  444
EPISODE:  445
----------------------------------
| time/              |           |
|    episodes        | 444       |
|    fps             | 22        |
|    time_elapsed    | 19509     |
|    total_timesteps | 444000    |
| train/             |           |
|    actor_loss      | 3.46e+19  |
|    critic_loss     | inf       |
|    ent_coef        | 1.65e+18  |
|    ent_coef_loss   | -794      |
|    learning_rate   | 0.0001    |
|    n_updates       | 443899    |
|    reward          | 1506.7932 |
----------------------------------
EPISODE:  446
EPISODE:  447
EPISODE:  448
EPISODE:  449
----------------------------------
| time/              |           |
|    episodes        | 448       |
|    fps             | 22        |
|    time_elapsed    | 19686     |
|    total_timesteps | 448000    |
| train/             |           |
|    actor_loss      | 5.09e+19  |
|    critic_loss     | inf       |
|    ent_coef        | 2.46e+18  |
|    ent_coef_loss   | -791      |
|    learning_rate   | 0.0001    |
|    n_updates       | 447899    |
|    reward          | 1506.7932 |
----------------------------------
EPISODE:  450
EPISODE:  451
EPISODE:  452
EPISODE:  453
----------------------------------
| time/              |           |
|    episodes        | 452       |
|    fps             | 22        |
|    time_elapsed    | 19857     |
|    total_timesteps | 452000    |
| train/             |           |
|    actor_loss      | 7.61e+19  |
|    critic_loss     | inf       |
|    ent_coef        | 3.66e+18  |
|    ent_coef_loss   | -804      |
|    learning_rate   | 0.0001    |
|    n_updates       | 451899    |
|    reward          | 1506.7932 |
----------------------------------
EPISODE:  454
EPISODE:  455
EPISODE:  456
EPISODE:  457
----------------------------------
| time/              |           |
|    episodes        | 456       |
|    fps             | 22        |
|    time_elapsed    | 20028     |
|    total_timesteps | 456000    |
| train/             |           |
|    actor_loss      | 1.13e+20  |
|    critic_loss     | inf       |
|    ent_coef        | 5.44e+18  |
|    ent_coef_loss   | -813      |
|    learning_rate   | 0.0001    |
|    n_updates       | 455899    |
|    reward          | 1506.7932 |
----------------------------------
EPISODE:  458
EPISODE:  459
EPISODE:  460
EPISODE:  461
----------------------------------
| time/              |           |
|    episodes        | 460       |
|    fps             | 22        |
|    time_elapsed    | 20203     |
|    total_timesteps | 460000    |
| train/             |           |
|    actor_loss      | 1.68e+20  |
|    critic_loss     | inf       |
|    ent_coef        | 8.09e+18  |
|    ent_coef_loss   | -819      |
|    learning_rate   | 0.0001    |
|    n_updates       | 459899    |
|    reward          | 1506.7932 |
----------------------------------
EPISODE:  462
EPISODE:  463
EPISODE:  464
EPISODE:  465
----------------------------------
| time/              |           |
|    episodes        | 464       |
|    fps             | 22        |
|    time_elapsed    | 20378     |
|    total_timesteps | 464000    |
| train/             |           |
|    actor_loss      | 2.5e+20   |
|    critic_loss     | inf       |
|    ent_coef        | 1.2e+19   |
|    ent_coef_loss   | -826      |
|    learning_rate   | 0.0001    |
|    n_updates       | 463899    |
|    reward          | 1506.7932 |
----------------------------------
EPISODE:  466
EPISODE:  467
EPISODE:  468
EPISODE:  469
----------------------------------
| time/              |           |
|    episodes        | 468       |
|    fps             | 22        |
|    time_elapsed    | 20555     |
|    total_timesteps | 468000    |
| train/             |           |
|    actor_loss      | 3.73e+20  |
|    critic_loss     | inf       |
|    ent_coef        | 1.79e+19  |
|    ent_coef_loss   | -835      |
|    learning_rate   | 0.0001    |
|    n_updates       | 467899    |
|    reward          | 1506.7932 |
----------------------------------
EPISODE:  470
EPISODE:  471
EPISODE:  472
EPISODE:  473
----------------------------------
| time/              |           |
|    episodes        | 472       |
|    fps             | 22        |
|    time_elapsed    | 20733     |
|    total_timesteps | 472000    |
| train/             |           |
|    actor_loss      | 5.5e+20   |
|    critic_loss     | inf       |
|    ent_coef        | 2.66e+19  |
|    ent_coef_loss   | -836      |
|    learning_rate   | 0.0001    |
|    n_updates       | 471899    |
|    reward          | 1506.7932 |
----------------------------------
EPISODE:  474
EPISODE:  475
EPISODE:  476
EPISODE:  477
----------------------------------
| time/              |           |
|    episodes        | 476       |
|    fps             | 22        |
|    time_elapsed    | 20910     |
|    total_timesteps | 476000    |
| train/             |           |
|    actor_loss      | 8.2e+20   |
|    critic_loss     | inf       |
|    ent_coef        | 3.95e+19  |
|    ent_coef_loss   | -846      |
|    learning_rate   | 0.0001    |
|    n_updates       | 475899    |
|    reward          | 1506.7932 |
----------------------------------
EPISODE:  478
EPISODE:  479
EPISODE:  480
EPISODE:  481
----------------------------------
| time/              |           |
|    episodes        | 480       |
|    fps             | 22        |
|    time_elapsed    | 21087     |
|    total_timesteps | 480000    |
| train/             |           |
|    actor_loss      | 1.22e+21  |
|    critic_loss     | inf       |
|    ent_coef        | 5.88e+19  |
|    ent_coef_loss   | -857      |
|    learning_rate   | 0.0001    |
|    n_updates       | 479899    |
|    reward          | 1506.7932 |
----------------------------------
EPISODE:  482
EPISODE:  483
EPISODE:  484
EPISODE:  485
----------------------------------
| time/              |           |
|    episodes        | 484       |
|    fps             | 22        |
|    time_elapsed    | 21265     |
|    total_timesteps | 484000    |
| train/             |           |
|    actor_loss      | 1.82e+21  |
|    critic_loss     | inf       |
|    ent_coef        | 8.74e+19  |
|    ent_coef_loss   | -862      |
|    learning_rate   | 0.0001    |
|    n_updates       | 483899    |
|    reward          | 1506.7932 |
----------------------------------
EPISODE:  486
EPISODE:  487
EPISODE:  488
EPISODE:  489
----------------------------------
| time/              |           |
|    episodes        | 488       |
|    fps             | 22        |
|    time_elapsed    | 21442     |
|    total_timesteps | 488000    |
| train/             |           |
|    actor_loss      | 2.7e+21   |
|    critic_loss     | inf       |
|    ent_coef        | 1.3e+20   |
|    ent_coef_loss   | -869      |
|    learning_rate   | 0.0001    |
|    n_updates       | 487899    |
|    reward          | 1506.7932 |
----------------------------------
EPISODE:  490
EPISODE:  491
EPISODE:  492
EPISODE:  493
----------------------------------
| time/              |           |
|    episodes        | 492       |
|    fps             | 22        |
|    time_elapsed    | 21619     |
|    total_timesteps | 492000    |
| train/             |           |
|    actor_loss      | 4.01e+21  |
|    critic_loss     | inf       |
|    ent_coef        | 1.93e+20  |
|    ent_coef_loss   | -876      |
|    learning_rate   | 0.0001    |
|    n_updates       | 491899    |
|    reward          | 1506.7932 |
----------------------------------
EPISODE:  494
EPISODE:  495
EPISODE:  496
EPISODE:  497
----------------------------------
| time/              |           |
|    episodes        | 496       |
|    fps             | 22        |
|    time_elapsed    | 21794     |
|    total_timesteps | 496000    |
| train/             |           |
|    actor_loss      | 5.96e+21  |
|    critic_loss     | inf       |
|    ent_coef        | 2.87e+20  |
|    ent_coef_loss   | -883      |
|    learning_rate   | 0.0001    |
|    n_updates       | 495899    |
|    reward          | 1506.7932 |
----------------------------------
EPISODE:  498
EPISODE:  499
EPISODE:  500
EPISODE:  501
----------------------------------
| time/              |           |
|    episodes        | 500       |
|    fps             | 22        |
|    time_elapsed    | 21958     |
|    total_timesteps | 500000    |
| train/             |           |
|    actor_loss      | 8.9e+21   |
|    critic_loss     | inf       |
|    ent_coef        | 4.27e+20  |
|    ent_coef_loss   | -894      |
|    learning_rate   | 0.0001    |
|    n_updates       | 499899    |
|    reward          | 1506.7932 |
----------------------------------
Saved episode log to Results/4_2/sac/upward_noise/training_logs/03.csv
