EPISODE:  0
{'n_steps': 5, 'ent_coef': 0.005, 'learning_rate': 0.0002}
Using cpu device
EPISODE:  1
----------------------------------------
| time/                 |              |
|    fps                | 141          |
|    iterations         | 100          |
|    time_elapsed       | 3            |
|    total_timesteps    | 500          |
| train/                |              |
|    entropy_loss       | -2.85        |
|    explained_variance | -1.19e-07    |
|    learning_rate      | 0.0002       |
|    n_updates          | 99           |
|    policy_loss        | -0.131       |
|    reward             | -0.028225135 |
|    std                | 1.01         |
|    value_loss         | 0.00402      |
----------------------------------------
EPISODE:  2
----------------------------------------
| time/                 |              |
|    fps                | 138          |
|    iterations         | 200          |
|    time_elapsed       | 7            |
|    total_timesteps    | 1000         |
| train/                |              |
|    entropy_loss       | -2.86        |
|    explained_variance | 0            |
|    learning_rate      | 0.0002       |
|    n_updates          | 199          |
|    policy_loss        | 0.112        |
|    reward             | -0.014096981 |
|    std                | 1.01         |
|    value_loss         | 0.00514      |
----------------------------------------
---------------------------------------
| time/                 |             |
|    fps                | 138         |
|    iterations         | 300         |
|    time_elapsed       | 10          |
|    total_timesteps    | 1500        |
| train/                |             |
|    entropy_loss       | -2.87       |
|    explained_variance | 5.96e-08    |
|    learning_rate      | 0.0002      |
|    n_updates          | 299         |
|    policy_loss        | -0.0688     |
|    reward             | 0.033457603 |
|    std                | 1.01        |
|    value_loss         | 0.00125     |
---------------------------------------
EPISODE:  3
---------------------------------------
| time/                 |             |
|    fps                | 138         |
|    iterations         | 400         |
|    time_elapsed       | 14          |
|    total_timesteps    | 2000        |
| train/                |             |
|    entropy_loss       | -2.87       |
|    explained_variance | 0           |
|    learning_rate      | 0.0002      |
|    n_updates          | 399         |
|    policy_loss        | -0.0652     |
|    reward             | 0.039001457 |
|    std                | 1.02        |
|    value_loss         | 0.00266     |
---------------------------------------
----------------------------------------
| time/                 |              |
|    fps                | 135          |
|    iterations         | 500          |
|    time_elapsed       | 18           |
|    total_timesteps    | 2500         |
| train/                |              |
|    entropy_loss       | -2.87        |
|    explained_variance | 0            |
|    learning_rate      | 0.0002       |
|    n_updates          | 499          |
|    policy_loss        | 0.261        |
|    reward             | -0.011488255 |
|    std                | 1.02         |
|    value_loss         | 0.00814      |
----------------------------------------
EPISODE:  4
--------------------------------------
| time/                 |            |
|    fps                | 134        |
|    iterations         | 600        |
|    time_elapsed       | 22         |
|    total_timesteps    | 3000       |
| train/                |            |
|    entropy_loss       | -2.88      |
|    explained_variance | 0          |
|    learning_rate      | 0.0002     |
|    n_updates          | 599        |
|    policy_loss        | 0.115      |
|    reward             | -0.0369963 |
|    std                | 1.02       |
|    value_loss         | 0.00297    |
--------------------------------------
---------------------------------------
| time/                 |             |
|    fps                | 133         |
|    iterations         | 700         |
|    time_elapsed       | 26          |
|    total_timesteps    | 3500        |
| train/                |             |
|    entropy_loss       | -2.89       |
|    explained_variance | 0           |
|    learning_rate      | 0.0002      |
|    n_updates          | 699         |
|    policy_loss        | 0.0249      |
|    reward             | 0.016853955 |
|    std                | 1.03        |
|    value_loss         | 0.000397    |
---------------------------------------
EPISODE:  5
----------------------------------------
| time/                 |              |
|    fps                | 132          |
|    iterations         | 800          |
|    time_elapsed       | 30           |
|    total_timesteps    | 4000         |
| train/                |              |
|    entropy_loss       | -2.9         |
|    explained_variance | 0            |
|    learning_rate      | 0.0002       |
|    n_updates          | 799          |
|    policy_loss        | -0.291       |
|    reward             | -0.008904215 |
|    std                | 1.03         |
|    value_loss         | 0.0152       |
----------------------------------------
---------------------------------------
| time/                 |             |
|    fps                | 132         |
|    iterations         | 900         |
|    time_elapsed       | 33          |
|    total_timesteps    | 4500        |
| train/                |             |
|    entropy_loss       | -2.9        |
|    explained_variance | 0           |
|    learning_rate      | 0.0002      |
|    n_updates          | 899         |
|    policy_loss        | 0.18        |
|    reward             | -0.06308925 |
|    std                | 1.03        |
|    value_loss         | 0.00534     |
---------------------------------------
EPISODE:  6
---------------------------------------
| time/                 |             |
|    fps                | 133         |
|    iterations         | 1000        |
|    time_elapsed       | 37          |
|    total_timesteps    | 5000        |
| train/                |             |
|    entropy_loss       | -2.91       |
|    explained_variance | -1.19e-07   |
|    learning_rate      | 0.0002      |
|    n_updates          | 999         |
|    policy_loss        | -0.0966     |
|    reward             | 0.023434259 |
|    std                | 1.03        |
|    value_loss         | 0.00111     |
---------------------------------------
---------------------------------------
| time/                 |             |
|    fps                | 133         |
|    iterations         | 1100        |
|    time_elapsed       | 41          |
|    total_timesteps    | 5500        |
| train/                |             |
|    entropy_loss       | -2.91       |
|    explained_variance | 0           |
|    learning_rate      | 0.0002      |
|    n_updates          | 1099        |
|    policy_loss        | -0.0838     |
|    reward             | 0.011450192 |
|    std                | 1.04        |
|    value_loss         | 0.00251     |
---------------------------------------
EPISODE:  7
--------------------------------------
| time/                 |            |
|    fps                | 133        |
|    iterations         | 1200       |
|    time_elapsed       | 44         |
|    total_timesteps    | 6000       |
| train/                |            |
|    entropy_loss       | -2.92      |
|    explained_variance | 0          |
|    learning_rate      | 0.0002     |
|    n_updates          | 1199       |
|    policy_loss        | -0.0682    |
|    reward             | -0.0323439 |
|    std                | 1.04       |
|    value_loss         | 0.000808   |
--------------------------------------
---------------------------------------
| time/                 |             |
|    fps                | 135         |
|    iterations         | 1300        |
|    time_elapsed       | 47          |
|    total_timesteps    | 6500        |
| train/                |             |
|    entropy_loss       | -2.93       |
|    explained_variance | 0           |
|    learning_rate      | 0.0002      |
|    n_updates          | 1299        |
|    policy_loss        | -0.0316     |
|    reward             | -0.03303992 |
|    std                | 1.04        |
|    value_loss         | 0.000159    |
---------------------------------------
EPISODE:  8
----------------------------------------
| time/                 |              |
|    fps                | 136          |
|    iterations         | 1400         |
|    time_elapsed       | 51           |
|    total_timesteps    | 7000         |
| train/                |              |
|    entropy_loss       | -2.93        |
|    explained_variance | 0            |
|    learning_rate      | 0.0002       |
|    n_updates          | 1399         |
|    policy_loss        | -0.0607      |
|    reward             | -0.018943844 |
|    std                | 1.05         |
|    value_loss         | 0.000884     |
----------------------------------------
---------------------------------------
| time/                 |             |
|    fps                | 136         |
|    iterations         | 1500        |
|    time_elapsed       | 54          |
|    total_timesteps    | 7500        |
| train/                |             |
|    entropy_loss       | -2.93       |
|    explained_variance | -1.19e-07   |
|    learning_rate      | 0.0002      |
|    n_updates          | 1499        |
|    policy_loss        | -0.0253     |
|    reward             | 0.023691189 |
|    std                | 1.05        |
|    value_loss         | 0.00065     |
---------------------------------------
EPISODE:  9
--------------------------------------
| time/                 |            |
|    fps                | 137        |
|    iterations         | 1600       |
|    time_elapsed       | 58         |
|    total_timesteps    | 8000       |
| train/                |            |
|    entropy_loss       | -2.94      |
|    explained_variance | 1.79e-07   |
|    learning_rate      | 0.0002     |
|    n_updates          | 1599       |
|    policy_loss        | 0.00237    |
|    reward             | 0.05294735 |
|    std                | 1.05       |
|    value_loss         | 0.00179    |
--------------------------------------
----------------------------------------
| time/                 |              |
|    fps                | 138          |
|    iterations         | 1700         |
|    time_elapsed       | 61           |
|    total_timesteps    | 8500         |
| train/                |              |
|    entropy_loss       | -2.94        |
|    explained_variance | 0            |
|    learning_rate      | 0.0002       |
|    n_updates          | 1699         |
|    policy_loss        | 0.3          |
|    reward             | -0.009124109 |
|    std                | 1.05         |
|    value_loss         | 0.0119       |
----------------------------------------
EPISODE:  10
----------------------------------------
| time/                 |              |
|    fps                | 139          |
|    iterations         | 1800         |
|    time_elapsed       | 64           |
|    total_timesteps    | 9000         |
| train/                |              |
|    entropy_loss       | -2.95        |
|    explained_variance | -1.19e-07    |
|    learning_rate      | 0.0002       |
|    n_updates          | 1799         |
|    policy_loss        | -0.0579      |
|    reward             | -0.030744158 |
|    std                | 1.06         |
|    value_loss         | 0.000718     |
----------------------------------------
---------------------------------------
| time/                 |             |
|    fps                | 139         |
|    iterations         | 1900        |
|    time_elapsed       | 67          |
|    total_timesteps    | 9500        |
| train/                |             |
|    entropy_loss       | -2.96       |
|    explained_variance | 1.19e-07    |
|    learning_rate      | 0.0002      |
|    n_updates          | 1899        |
|    policy_loss        | 0.0996      |
|    reward             | 0.018711476 |
|    std                | 1.06        |
|    value_loss         | 0.00181     |
---------------------------------------
EPISODE:  11
---------------------------------------
| time/                 |             |
|    fps                | 140         |
|    iterations         | 2000        |
|    time_elapsed       | 71          |
|    total_timesteps    | 10000       |
| train/                |             |
|    entropy_loss       | -2.96       |
|    explained_variance | 5.96e-07    |
|    learning_rate      | 0.0002      |
|    n_updates          | 1999        |
|    policy_loss        | -0.0671     |
|    reward             | 0.011071042 |
|    std                | 1.07        |
|    value_loss         | 0.000827    |
---------------------------------------
---------------------------------------
| time/                 |             |
|    fps                | 141         |
|    iterations         | 2100        |
|    time_elapsed       | 74          |
|    total_timesteps    | 10500       |
| train/                |             |
|    entropy_loss       | -2.97       |
|    explained_variance | 0           |
|    learning_rate      | 0.0002      |
|    n_updates          | 2099        |
|    policy_loss        | -0.0342     |
|    reward             | 0.008652539 |
|    std                | 1.07        |
|    value_loss         | 0.000353    |
---------------------------------------
EPISODE:  12
--------------------------------------
| time/                 |            |
|    fps                | 143        |
|    iterations         | 2200       |
|    time_elapsed       | 76         |
|    total_timesteps    | 11000      |
| train/                |            |
|    entropy_loss       | -2.98      |
|    explained_variance | 0          |
|    learning_rate      | 0.0002     |
|    n_updates          | 2199       |
|    policy_loss        | -0.0604    |
|    reward             | 0.04779614 |
|    std                | 1.07       |
|    value_loss         | 0.000516   |
--------------------------------------
----------------------------------------
| time/                 |              |
|    fps                | 144          |
|    iterations         | 2300         |
|    time_elapsed       | 79           |
|    total_timesteps    | 11500        |
| train/                |              |
|    entropy_loss       | -2.99        |
|    explained_variance | 1.19e-07     |
|    learning_rate      | 0.0002       |
|    n_updates          | 2299         |
|    policy_loss        | -0.0505      |
|    reward             | -0.024153782 |
|    std                | 1.08         |
|    value_loss         | 0.000876     |
----------------------------------------
EPISODE:  13
-----------------------------------------
| time/                 |               |
|    fps                | 144           |
|    iterations         | 2400          |
|    time_elapsed       | 82            |
|    total_timesteps    | 12000         |
| train/                |               |
|    entropy_loss       | -2.99         |
|    explained_variance | 0             |
|    learning_rate      | 0.0002        |
|    n_updates          | 2399          |
|    policy_loss        | 0.0826        |
|    reward             | -0.0066578276 |
|    std                | 1.08          |
|    value_loss         | 0.00229       |
-----------------------------------------
-------------------------------------
| time/                 |           |
|    fps                | 145       |
|    iterations         | 2500      |
|    time_elapsed       | 85        |
|    total_timesteps    | 12500     |
| train/                |           |
|    entropy_loss       | -3        |
|    explained_variance | -1.19e-07 |
|    learning_rate      | 0.0002    |
|    n_updates          | 2499      |
|    policy_loss        | -0.0667   |
|    reward             | 0.0061028 |
|    std                | 1.08      |
|    value_loss         | 0.00127   |
-------------------------------------
EPISODE:  14
--------------------------------------
| time/                 |            |
|    fps                | 146        |
|    iterations         | 2600       |
|    time_elapsed       | 88         |
|    total_timesteps    | 13000      |
| train/                |            |
|    entropy_loss       | -3         |
|    explained_variance | 0          |
|    learning_rate      | 0.0002     |
|    n_updates          | 2599       |
|    policy_loss        | 0.0358     |
|    reward             | 0.04744508 |
|    std                | 1.09       |
|    value_loss         | 0.000746   |
--------------------------------------
---------------------------------------
| time/                 |             |
|    fps                | 147         |
|    iterations         | 2700        |
|    time_elapsed       | 91          |
|    total_timesteps    | 13500       |
| train/                |             |
|    entropy_loss       | -3.01       |
|    explained_variance | 0           |
|    learning_rate      | 0.0002      |
|    n_updates          | 2699        |
|    policy_loss        | 0.0474      |
|    reward             | 0.030358441 |
|    std                | 1.09        |
|    value_loss         | 0.000265    |
---------------------------------------
EPISODE:  15
---------------------------------------
| time/                 |             |
|    fps                | 148         |
|    iterations         | 2800        |
|    time_elapsed       | 94          |
|    total_timesteps    | 14000       |
| train/                |             |
|    entropy_loss       | -3.01       |
|    explained_variance | -1.19e-07   |
|    learning_rate      | 0.0002      |
|    n_updates          | 2799        |
|    policy_loss        | 0.0589      |
|    reward             | 0.020106038 |
|    std                | 1.09        |
|    value_loss         | 0.00177     |
---------------------------------------
------------------------------------------
| time/                 |                |
|    fps                | 149            |
|    iterations         | 2900           |
|    time_elapsed       | 97             |
|    total_timesteps    | 14500          |
| train/                |                |
|    entropy_loss       | -3.02          |
|    explained_variance | 5.96e-08       |
|    learning_rate      | 0.0002         |
|    n_updates          | 2899           |
|    policy_loss        | 0.154          |
|    reward             | -0.00096728356 |
|    std                | 1.09           |
|    value_loss         | 0.00458        |
------------------------------------------
EPISODE:  16
----------------------------------------
| time/                 |              |
|    fps                | 149          |
|    iterations         | 3000         |
|    time_elapsed       | 100          |
|    total_timesteps    | 15000        |
| train/                |              |
|    entropy_loss       | -3.02        |
|    explained_variance | 1.79e-07     |
|    learning_rate      | 0.0002       |
|    n_updates          | 2999         |
|    policy_loss        | 0.116        |
|    reward             | -0.022889039 |
|    std                | 1.1          |
|    value_loss         | 0.00152      |
----------------------------------------
--------------------------------------
| time/                 |            |
|    fps                | 150        |
|    iterations         | 3100       |
|    time_elapsed       | 103        |
|    total_timesteps    | 15500      |
| train/                |            |
|    entropy_loss       | -3.03      |
|    explained_variance | 0          |
|    learning_rate      | 0.0002     |
|    n_updates          | 3099       |
|    policy_loss        | 0.0191     |
|    reward             | 0.03026088 |
|    std                | 1.1        |
|    value_loss         | 0.000676   |
--------------------------------------
EPISODE:  17
---------------------------------------
| time/                 |             |
|    fps                | 151         |
|    iterations         | 3200        |
|    time_elapsed       | 105         |
|    total_timesteps    | 16000       |
| train/                |             |
|    entropy_loss       | -3.04       |
|    explained_variance | 0           |
|    learning_rate      | 0.0002      |
|    n_updates          | 3199        |
|    policy_loss        | -0.0886     |
|    reward             | 0.033475474 |
|    std                | 1.11        |
|    value_loss         | 0.00115     |
---------------------------------------
--------------------------------------
| time/                 |            |
|    fps                | 151        |
|    iterations         | 3300       |
|    time_elapsed       | 108        |
|    total_timesteps    | 16500      |
| train/                |            |
|    entropy_loss       | -3.04      |
|    explained_variance | -3.36      |
|    learning_rate      | 0.0002     |
|    n_updates          | 3299       |
|    policy_loss        | -0.276     |
|    reward             | 0.04219546 |
|    std                | 1.11       |
|    value_loss         | 0.00811    |
--------------------------------------
EPISODE:  18
---------------------------------------
| time/                 |             |
|    fps                | 152         |
|    iterations         | 3400        |
|    time_elapsed       | 111         |
|    total_timesteps    | 17000       |
| train/                |             |
|    entropy_loss       | -3.05       |
|    explained_variance | -1.27       |
|    learning_rate      | 0.0002      |
|    n_updates          | 3399        |
|    policy_loss        | -0.13       |
|    reward             | 0.047857873 |
|    std                | 1.11        |
|    value_loss         | 0.0027      |
---------------------------------------
----------------------------------------
| time/                 |              |
|    fps                | 153          |
|    iterations         | 3500         |
|    time_elapsed       | 114          |
|    total_timesteps    | 17500        |
| train/                |              |
|    entropy_loss       | -3.05        |
|    explained_variance | 0.667        |
|    learning_rate      | 0.0002       |
|    n_updates          | 3499         |
|    policy_loss        | 0.0451       |
|    reward             | 0.0025355876 |
|    std                | 1.11         |
|    value_loss         | 0.000436     |
----------------------------------------
EPISODE:  19
---------------------------------------
| time/                 |             |
|    fps                | 154         |
|    iterations         | 3600        |
|    time_elapsed       | 116         |
|    total_timesteps    | 18000       |
| train/                |             |
|    entropy_loss       | -3.06       |
|    explained_variance | -1.2        |
|    learning_rate      | 0.0002      |
|    n_updates          | 3599        |
|    policy_loss        | -0.0532     |
|    reward             | 0.011559989 |
|    std                | 1.12        |
|    value_loss         | 0.00261     |
---------------------------------------
--------------------------------------
| time/                 |            |
|    fps                | 154        |
|    iterations         | 3700       |
|    time_elapsed       | 119        |
|    total_timesteps    | 18500      |
| train/                |            |
|    entropy_loss       | -3.07      |
|    explained_variance | 0          |
|    learning_rate      | 0.0002     |
|    n_updates          | 3699       |
|    policy_loss        | -0.0959    |
|    reward             | 0.01792476 |
|    std                | 1.12       |
|    value_loss         | 0.00145    |
--------------------------------------
EPISODE:  20
---------------------------------------
| time/                 |             |
|    fps                | 155         |
|    iterations         | 3800        |
|    time_elapsed       | 122         |
|    total_timesteps    | 19000       |
| train/                |             |
|    entropy_loss       | -3.07       |
|    explained_variance | -6.53e-05   |
|    learning_rate      | 0.0002      |
|    n_updates          | 3799        |
|    policy_loss        | 0.138       |
|    reward             | -0.05355455 |
|    std                | 1.12        |
|    value_loss         | 0.00186     |
---------------------------------------
----------------------------------------
| time/                 |              |
|    fps                | 155          |
|    iterations         | 3900         |
|    time_elapsed       | 125          |
|    total_timesteps    | 19500        |
| train/                |              |
|    entropy_loss       | -3.07        |
|    explained_variance | -9.54e-07    |
|    learning_rate      | 0.0002       |
|    n_updates          | 3899         |
|    policy_loss        | -0.0204      |
|    reward             | -0.010378278 |
|    std                | 1.12         |
|    value_loss         | 0.000369     |
----------------------------------------
EPISODE:  21
-------------------------------------
| time/                 |           |
|    fps                | 156       |
|    iterations         | 4000      |
|    time_elapsed       | 127       |
|    total_timesteps    | 20000     |
| train/                |           |
|    entropy_loss       | -3.07     |
|    explained_variance | 0         |
|    learning_rate      | 0.0002    |
|    n_updates          | 3999      |
|    policy_loss        | 0.00587   |
|    reward             | 0.0296814 |
|    std                | 1.12      |
|    value_loss         | 0.000659  |
-------------------------------------
----------------------------------------
| time/                 |              |
|    fps                | 156          |
|    iterations         | 4100         |
|    time_elapsed       | 130          |
|    total_timesteps    | 20500        |
| train/                |              |
|    entropy_loss       | -3.07        |
|    explained_variance | 0            |
|    learning_rate      | 0.0002       |
|    n_updates          | 4099         |
|    policy_loss        | -0.106       |
|    reward             | -0.008489258 |
|    std                | 1.12         |
|    value_loss         | 0.00203      |
----------------------------------------
EPISODE:  22
---------------------------------------
| time/                 |             |
|    fps                | 157         |
|    iterations         | 4200        |
|    time_elapsed       | 133         |
|    total_timesteps    | 21000       |
| train/                |             |
|    entropy_loss       | -3.08       |
|    explained_variance | 1.19e-07    |
|    learning_rate      | 0.0002      |
|    n_updates          | 4199        |
|    policy_loss        | -0.119      |
|    reward             | 0.017185567 |
|    std                | 1.13        |
|    value_loss         | 0.00199     |
---------------------------------------
---------------------------------------
| time/                 |             |
|    fps                | 157         |
|    iterations         | 4300        |
|    time_elapsed       | 136         |
|    total_timesteps    | 21500       |
| train/                |             |
|    entropy_loss       | -3.08       |
|    explained_variance | -1.19e-07   |
|    learning_rate      | 0.0002      |
|    n_updates          | 4299        |
|    policy_loss        | 0.221       |
|    reward             | 0.044636454 |
|    std                | 1.13        |
|    value_loss         | 0.00584     |
---------------------------------------
EPISODE:  23
--------------------------------------
| time/                 |            |
|    fps                | 157        |
|    iterations         | 4400       |
|    time_elapsed       | 139        |
|    total_timesteps    | 22000      |
| train/                |            |
|    entropy_loss       | -3.08      |
|    explained_variance | -1.19e-07  |
|    learning_rate      | 0.0002     |
|    n_updates          | 4399       |
|    policy_loss        | -0.258     |
|    reward             | 0.04513703 |
|    std                | 1.13       |
|    value_loss         | 0.00486    |
--------------------------------------
----------------------------------------
| time/                 |              |
|    fps                | 158          |
|    iterations         | 4500         |
|    time_elapsed       | 142          |
|    total_timesteps    | 22500        |
| train/                |              |
|    entropy_loss       | -3.09        |
|    explained_variance | 1.19e-07     |
|    learning_rate      | 0.0002       |
|    n_updates          | 4499         |
|    policy_loss        | 0.153        |
|    reward             | -0.031897984 |
|    std                | 1.13         |
|    value_loss         | 0.00158      |
----------------------------------------
EPISODE:  24
---------------------------------------
| time/                 |             |
|    fps                | 158         |
|    iterations         | 4600        |
|    time_elapsed       | 144         |
|    total_timesteps    | 23000       |
| train/                |             |
|    entropy_loss       | -3.09       |
|    explained_variance | 0           |
|    learning_rate      | 0.0002      |
|    n_updates          | 4599        |
|    policy_loss        | 0.00736     |
|    reward             | 0.030614989 |
|    std                | 1.14        |
|    value_loss         | 0.0012      |
---------------------------------------
---------------------------------------
| time/                 |             |
|    fps                | 158         |
|    iterations         | 4700        |
|    time_elapsed       | 147         |
|    total_timesteps    | 23500       |
| train/                |             |
|    entropy_loss       | -3.09       |
|    explained_variance | 5.36e-07    |
|    learning_rate      | 0.0002      |
|    n_updates          | 4699        |
|    policy_loss        | -0.0585     |
|    reward             | 0.035855494 |
|    std                | 1.14        |
|    value_loss         | 0.00231     |
---------------------------------------
EPISODE:  25
----------------------------------------
| time/                 |              |
|    fps                | 159          |
|    iterations         | 4800         |
|    time_elapsed       | 150          |
|    total_timesteps    | 24000        |
| train/                |              |
|    entropy_loss       | -3.1         |
|    explained_variance | 0            |
|    learning_rate      | 0.0002       |
|    n_updates          | 4799         |
|    policy_loss        | -0.169       |
|    reward             | -0.014314182 |
|    std                | 1.14         |
|    value_loss         | 0.00345      |
----------------------------------------
----------------------------------------
| time/                 |              |
|    fps                | 159          |
|    iterations         | 4900         |
|    time_elapsed       | 153          |
|    total_timesteps    | 24500        |
| train/                |              |
|    entropy_loss       | -3.1         |
|    explained_variance | -1.19e-07    |
|    learning_rate      | 0.0002       |
|    n_updates          | 4899         |
|    policy_loss        | 0.0255       |
|    reward             | -0.012147226 |
|    std                | 1.14         |
|    value_loss         | 0.000193     |
----------------------------------------
EPISODE:  26
---------------------------------------
| time/                 |             |
|    fps                | 159         |
|    iterations         | 5000        |
|    time_elapsed       | 156         |
|    total_timesteps    | 25000       |
| train/                |             |
|    entropy_loss       | -3.1        |
|    explained_variance | 0           |
|    learning_rate      | 0.0002      |
|    n_updates          | 4999        |
|    policy_loss        | 0.00331     |
|    reward             | 0.028846813 |
|    std                | 1.14        |
|    value_loss         | 0.000228    |
---------------------------------------
---------------------------------------
| time/                 |             |
|    fps                | 160         |
|    iterations         | 5100        |
|    time_elapsed       | 159         |
|    total_timesteps    | 25500       |
| train/                |             |
|    entropy_loss       | -3.11       |
|    explained_variance | 2.38e-07    |
|    learning_rate      | 0.0002      |
|    n_updates          | 5099        |
|    policy_loss        | -0.106      |
|    reward             | 0.055831943 |
|    std                | 1.14        |
|    value_loss         | 0.00101     |
---------------------------------------
EPISODE:  27
---------------------------------------
| time/                 |             |
|    fps                | 160         |
|    iterations         | 5200        |
|    time_elapsed       | 162         |
|    total_timesteps    | 26000       |
| train/                |             |
|    entropy_loss       | -3.11       |
|    explained_variance | 0           |
|    learning_rate      | 0.0002      |
|    n_updates          | 5199        |
|    policy_loss        | -0.19       |
|    reward             | 0.015417937 |
|    std                | 1.15        |
|    value_loss         | 0.00838     |
---------------------------------------
----------------------------------------
| time/                 |              |
|    fps                | 160          |
|    iterations         | 5300         |
|    time_elapsed       | 165          |
|    total_timesteps    | 26500        |
| train/                |              |
|    entropy_loss       | -3.12        |
|    explained_variance | -1.19e-07    |
|    learning_rate      | 0.0002       |
|    n_updates          | 5299         |
|    policy_loss        | -0.235       |
|    reward             | 0.0098075215 |
|    std                | 1.15         |
|    value_loss         | 0.00467      |
----------------------------------------
EPISODE:  28
--------------------------------------
| time/                 |            |
|    fps                | 160        |
|    iterations         | 5400       |
|    time_elapsed       | 167        |
|    total_timesteps    | 27000      |
| train/                |            |
|    entropy_loss       | -3.12      |
|    explained_variance | 0          |
|    learning_rate      | 0.0002     |
|    n_updates          | 5399       |
|    policy_loss        | -0.0131    |
|    reward             | 0.06119941 |
|    std                | 1.15       |
|    value_loss         | 0.000261   |
--------------------------------------
----------------------------------------
| time/                 |              |
|    fps                | 160          |
|    iterations         | 5500         |
|    time_elapsed       | 170          |
|    total_timesteps    | 27500        |
| train/                |              |
|    entropy_loss       | -3.13        |
|    explained_variance | 1.19e-07     |
|    learning_rate      | 0.0002       |
|    n_updates          | 5499         |
|    policy_loss        | -0.0048      |
|    reward             | 0.0047753984 |
|    std                | 1.16         |
|    value_loss         | 0.000125     |
----------------------------------------
EPISODE:  29
---------------------------------------
| time/                 |             |
|    fps                | 161         |
|    iterations         | 5600        |
|    time_elapsed       | 173         |
|    total_timesteps    | 28000       |
| train/                |             |
|    entropy_loss       | -3.13       |
|    explained_variance | 0           |
|    learning_rate      | 0.0002      |
|    n_updates          | 5599        |
|    policy_loss        | -0.302      |
|    reward             | 0.026169363 |
|    std                | 1.16        |
|    value_loss         | 0.00832     |
---------------------------------------
---------------------------------------
| time/                 |             |
|    fps                | 161         |
|    iterations         | 5700        |
|    time_elapsed       | 176         |
|    total_timesteps    | 28500       |
| train/                |             |
|    entropy_loss       | -3.13       |
|    explained_variance | -1.19e-07   |
|    learning_rate      | 0.0002      |
|    n_updates          | 5699        |
|    policy_loss        | 0.526       |
|    reward             | -0.01420917 |
|    std                | 1.16        |
|    value_loss         | 0.0184      |
---------------------------------------
EPISODE:  30
----------------------------------------
| time/                 |              |
|    fps                | 161          |
|    iterations         | 5800         |
|    time_elapsed       | 179          |
|    total_timesteps    | 29000        |
| train/                |              |
|    entropy_loss       | -3.14        |
|    explained_variance | 1.19e-07     |
|    learning_rate      | 0.0002       |
|    n_updates          | 5799         |
|    policy_loss        | -0.166       |
|    reward             | 0.0011756683 |
|    std                | 1.16         |
|    value_loss         | 0.0024       |
----------------------------------------
----------------------------------------
| time/                 |              |
|    fps                | 161          |
|    iterations         | 5900         |
|    time_elapsed       | 182          |
|    total_timesteps    | 29500        |
| train/                |              |
|    entropy_loss       | -3.14        |
|    explained_variance | 0            |
|    learning_rate      | 0.0002       |
|    n_updates          | 5899         |
|    policy_loss        | -0.15        |
|    reward             | -0.037481476 |
|    std                | 1.17         |
|    value_loss         | 0.00308      |
----------------------------------------
EPISODE:  31
-----------------------------------------
| time/                 |               |
|    fps                | 161           |
|    iterations         | 6000          |
|    time_elapsed       | 185           |
|    total_timesteps    | 30000         |
| train/                |               |
|    entropy_loss       | -3.15         |
|    explained_variance | 0             |
|    learning_rate      | 0.0002        |
|    n_updates          | 5999          |
|    policy_loss        | 0.0828        |
|    reward             | -0.0030254025 |
|    std                | 1.17          |
|    value_loss         | 0.00093       |
-----------------------------------------
---------------------------------------
| time/                 |             |
|    fps                | 162         |
|    iterations         | 6100        |
|    time_elapsed       | 188         |
|    total_timesteps    | 30500       |
| train/                |             |
|    entropy_loss       | -3.15       |
|    explained_variance | 0           |
|    learning_rate      | 0.0002      |
|    n_updates          | 6099        |
|    policy_loss        | -0.132      |
|    reward             | 0.010805425 |
|    std                | 1.17        |
|    value_loss         | 0.00198     |
---------------------------------------
EPISODE:  32
---------------------------------------
| time/                 |             |
|    fps                | 162         |
|    iterations         | 6200        |
|    time_elapsed       | 191         |
|    total_timesteps    | 31000       |
| train/                |             |
|    entropy_loss       | -3.16       |
|    explained_variance | 0           |
|    learning_rate      | 0.0002      |
|    n_updates          | 6199        |
|    policy_loss        | -0.00537    |
|    reward             | 0.025099311 |
|    std                | 1.17        |
|    value_loss         | 0.000159    |
---------------------------------------
----------------------------------------
| time/                 |              |
|    fps                | 162          |
|    iterations         | 6300         |
|    time_elapsed       | 193          |
|    total_timesteps    | 31500        |
| train/                |              |
|    entropy_loss       | -3.17        |
|    explained_variance | 0            |
|    learning_rate      | 0.0002       |
|    n_updates          | 6299         |
|    policy_loss        | -0.0171      |
|    reward             | -0.005483995 |
|    std                | 1.18         |
|    value_loss         | 0.000278     |
----------------------------------------
EPISODE:  33
--------------------------------------
| time/                 |            |
|    fps                | 162        |
|    iterations         | 6400       |
|    time_elapsed       | 196        |
|    total_timesteps    | 32000      |
| train/                |            |
|    entropy_loss       | -3.17      |
|    explained_variance | 0          |
|    learning_rate      | 0.0002     |
|    n_updates          | 6399       |
|    policy_loss        | 0.0314     |
|    reward             | 0.04539304 |
|    std                | 1.18       |
|    value_loss         | 0.000139   |
--------------------------------------
----------------------------------------
| time/                 |              |
|    fps                | 162          |
|    iterations         | 6500         |
|    time_elapsed       | 199          |
|    total_timesteps    | 32500        |
| train/                |              |
|    entropy_loss       | -3.18        |
|    explained_variance | -1.19e-07    |
|    learning_rate      | 0.0002       |
|    n_updates          | 6499         |
|    policy_loss        | 0.0454       |
|    reward             | -0.006836292 |
|    std                | 1.19         |
|    value_loss         | 0.000679     |
----------------------------------------
EPISODE:  34
------------------------------------------
| time/                 |                |
|    fps                | 162            |
|    iterations         | 6600           |
|    time_elapsed       | 202            |
|    total_timesteps    | 33000          |
| train/                |                |
|    entropy_loss       | -3.19          |
|    explained_variance | -1.19e-07      |
|    learning_rate      | 0.0002         |
|    n_updates          | 6599           |
|    policy_loss        | -0.0278        |
|    reward             | -0.00085697236 |
|    std                | 1.19           |
|    value_loss         | 0.000436       |
------------------------------------------
----------------------------------------
| time/                 |              |
|    fps                | 163          |
|    iterations         | 6700         |
|    time_elapsed       | 205          |
|    total_timesteps    | 33500        |
| train/                |              |
|    entropy_loss       | -3.2         |
|    explained_variance | -1.19e-07    |
|    learning_rate      | 0.0002       |
|    n_updates          | 6699         |
|    policy_loss        | 0.0753       |
|    reward             | -0.006077082 |
|    std                | 1.2          |
|    value_loss         | 0.000491     |
----------------------------------------
EPISODE:  35
----------------------------------------
| time/                 |              |
|    fps                | 163          |
|    iterations         | 6800         |
|    time_elapsed       | 208          |
|    total_timesteps    | 34000        |
| train/                |              |
|    entropy_loss       | -3.2         |
|    explained_variance | 0            |
|    learning_rate      | 0.0002       |
|    n_updates          | 6799         |
|    policy_loss        | 0.00571      |
|    reward             | 0.0049085543 |
|    std                | 1.2          |
|    value_loss         | 0.000191     |
----------------------------------------
-----------------------------------------
| time/                 |               |
|    fps                | 163           |
|    iterations         | 6900          |
|    time_elapsed       | 211           |
|    total_timesteps    | 34500         |
| train/                |               |
|    entropy_loss       | -3.2          |
|    explained_variance | 5.96e-08      |
|    learning_rate      | 0.0002        |
|    n_updates          | 6899          |
|    policy_loss        | 0.0273        |
|    reward             | -0.0033397635 |
|    std                | 1.2           |
|    value_loss         | 0.000292      |
-----------------------------------------
EPISODE:  36
----------------------------------------
| time/                 |              |
|    fps                | 163          |
|    iterations         | 7000         |
|    time_elapsed       | 213          |
|    total_timesteps    | 35000        |
| train/                |              |
|    entropy_loss       | -3.21        |
|    explained_variance | 0            |
|    learning_rate      | 0.0002       |
|    n_updates          | 6999         |
|    policy_loss        | 0.0773       |
|    reward             | -0.060025934 |
|    std                | 1.2          |
|    value_loss         | 0.000853     |
----------------------------------------
----------------------------------------
| time/                 |              |
|    fps                | 163          |
|    iterations         | 7100         |
|    time_elapsed       | 216          |
|    total_timesteps    | 35500        |
| train/                |              |
|    entropy_loss       | -3.22        |
|    explained_variance | 0            |
|    learning_rate      | 0.0002       |
|    n_updates          | 7099         |
|    policy_loss        | 0.125        |
|    reward             | -0.064657345 |
|    std                | 1.21         |
|    value_loss         | 0.00281      |
----------------------------------------
EPISODE:  37
---------------------------------------
| time/                 |             |
|    fps                | 163         |
|    iterations         | 7200        |
|    time_elapsed       | 219         |
|    total_timesteps    | 36000       |
| train/                |             |
|    entropy_loss       | -3.22       |
|    explained_variance | -1.19e-07   |
|    learning_rate      | 0.0002      |
|    n_updates          | 7199        |
|    policy_loss        | -0.00887    |
|    reward             | 0.034956556 |
|    std                | 1.21        |
|    value_loss         | 0.000992    |
---------------------------------------
--------------------------------------
| time/                 |            |
|    fps                | 164        |
|    iterations         | 7300       |
|    time_elapsed       | 222        |
|    total_timesteps    | 36500      |
| train/                |            |
|    entropy_loss       | -3.23      |
|    explained_variance | 5.96e-08   |
|    learning_rate      | 0.0002     |
|    n_updates          | 7299       |
|    policy_loss        | -0.197     |
|    reward             | 0.00796702 |
|    std                | 1.22       |
|    value_loss         | 0.00397    |
--------------------------------------
EPISODE:  38
----------------------------------------
| time/                 |              |
|    fps                | 164          |
|    iterations         | 7400         |
|    time_elapsed       | 225          |
|    total_timesteps    | 37000        |
| train/                |              |
|    entropy_loss       | -3.23        |
|    explained_variance | 0            |
|    learning_rate      | 0.0002       |
|    n_updates          | 7399         |
|    policy_loss        | 0.0394       |
|    reward             | -0.030132132 |
|    std                | 1.22         |
|    value_loss         | 0.000639     |
----------------------------------------
----------------------------------------
| time/                 |              |
|    fps                | 164          |
|    iterations         | 7500         |
|    time_elapsed       | 228          |
|    total_timesteps    | 37500        |
| train/                |              |
|    entropy_loss       | -3.24        |
|    explained_variance | 5.96e-08     |
|    learning_rate      | 0.0002       |
|    n_updates          | 7499         |
|    policy_loss        | 0.175        |
|    reward             | -0.027346486 |
|    std                | 1.22         |
|    value_loss         | 0.00282      |
----------------------------------------
EPISODE:  39
-----------------------------------------
| time/                 |               |
|    fps                | 164           |
|    iterations         | 7600          |
|    time_elapsed       | 230           |
|    total_timesteps    | 38000         |
| train/                |               |
|    entropy_loss       | -3.25         |
|    explained_variance | 0             |
|    learning_rate      | 0.0002        |
|    n_updates          | 7599          |
|    policy_loss        | -0.132        |
|    reward             | -0.0019998015 |
|    std                | 1.23          |
|    value_loss         | 0.00221       |
-----------------------------------------
---------------------------------------
| time/                 |             |
|    fps                | 164         |
|    iterations         | 7700        |
|    time_elapsed       | 233         |
|    total_timesteps    | 38500       |
| train/                |             |
|    entropy_loss       | -3.25       |
|    explained_variance | 1.79e-07    |
|    learning_rate      | 0.0002      |
|    n_updates          | 7699        |
|    policy_loss        | -0.185      |
|    reward             | 0.004299037 |
|    std                | 1.23        |
|    value_loss         | 0.00401     |
---------------------------------------
EPISODE:  40
-------------------------------------
| time/                 |           |
|    fps                | 164       |
|    iterations         | 7800      |
|    time_elapsed       | 236       |
|    total_timesteps    | 39000     |
| train/                |           |
|    entropy_loss       | -3.25     |
|    explained_variance | 0         |
|    learning_rate      | 0.0002    |
|    n_updates          | 7799      |
|    policy_loss        | 0.0931    |
|    reward             | 0.0378302 |
|    std                | 1.23      |
|    value_loss         | 0.000769  |
-------------------------------------
----------------------------------------
| time/                 |              |
|    fps                | 164          |
|    iterations         | 7900         |
|    time_elapsed       | 239          |
|    total_timesteps    | 39500        |
| train/                |              |
|    entropy_loss       | -3.26        |
|    explained_variance | 0            |
|    learning_rate      | 0.0002       |
|    n_updates          | 7899         |
|    policy_loss        | -0.0877      |
|    reward             | -0.008728695 |
|    std                | 1.24         |
|    value_loss         | 0.000821     |
----------------------------------------
EPISODE:  41
---------------------------------------
| time/                 |             |
|    fps                | 165         |
|    iterations         | 8000        |
|    time_elapsed       | 242         |
|    total_timesteps    | 40000       |
| train/                |             |
|    entropy_loss       | -3.26       |
|    explained_variance | -1.19e-07   |
|    learning_rate      | 0.0002      |
|    n_updates          | 7999        |
|    policy_loss        | -0.197      |
|    reward             | 0.004329302 |
|    std                | 1.24        |
|    value_loss         | 0.00403     |
---------------------------------------
----------------------------------------
| time/                 |              |
|    fps                | 165          |
|    iterations         | 8100         |
|    time_elapsed       | 245          |
|    total_timesteps    | 40500        |
| train/                |              |
|    entropy_loss       | -3.27        |
|    explained_variance | -1.19e-07    |
|    learning_rate      | 0.0002       |
|    n_updates          | 8099         |
|    policy_loss        | -0.0437      |
|    reward             | 0.0030245539 |
|    std                | 1.24         |
|    value_loss         | 0.000772     |
----------------------------------------
EPISODE:  42
----------------------------------------
| time/                 |              |
|    fps                | 165          |
|    iterations         | 8200         |
|    time_elapsed       | 247          |
|    total_timesteps    | 41000        |
| train/                |              |
|    entropy_loss       | -3.28        |
|    explained_variance | 1.19e-07     |
|    learning_rate      | 0.0002       |
|    n_updates          | 8199         |
|    policy_loss        | 0.094        |
|    reward             | 0.0011626604 |
|    std                | 1.25         |
|    value_loss         | 0.000968     |
----------------------------------------
---------------------------------------
| time/                 |             |
|    fps                | 165         |
|    iterations         | 8300        |
|    time_elapsed       | 250         |
|    total_timesteps    | 41500       |
| train/                |             |
|    entropy_loss       | -3.28       |
|    explained_variance | 0           |
|    learning_rate      | 0.0002      |
|    n_updates          | 8299        |
|    policy_loss        | 0.0582      |
|    reward             | 0.030049896 |
|    std                | 1.25        |
|    value_loss         | 0.000515    |
---------------------------------------
EPISODE:  43
-----------------------------------------
| time/                 |               |
|    fps                | 165           |
|    iterations         | 8400          |
|    time_elapsed       | 253           |
|    total_timesteps    | 42000         |
| train/                |               |
|    entropy_loss       | -3.29         |
|    explained_variance | 0             |
|    learning_rate      | 0.0002        |
|    n_updates          | 8399          |
|    policy_loss        | -0.0779       |
|    reward             | -0.0074586044 |
|    std                | 1.26          |
|    value_loss         | 0.00113       |
-----------------------------------------
---------------------------------------
| time/                 |             |
|    fps                | 166         |
|    iterations         | 8500        |
|    time_elapsed       | 255         |
|    total_timesteps    | 42500       |
| train/                |             |
|    entropy_loss       | -3.3        |
|    explained_variance | 0           |
|    learning_rate      | 0.0002      |
|    n_updates          | 8499        |
|    policy_loss        | 0.265       |
|    reward             | 0.014145226 |
|    std                | 1.26        |
|    value_loss         | 0.00828     |
---------------------------------------
EPISODE:  44
---------------------------------------
| time/                 |             |
|    fps                | 166         |
|    iterations         | 8600        |
|    time_elapsed       | 258         |
|    total_timesteps    | 43000       |
| train/                |             |
|    entropy_loss       | -3.31       |
|    explained_variance | -1.19e-07   |
|    learning_rate      | 0.0002      |
|    n_updates          | 8599        |
|    policy_loss        | 0.0593      |
|    reward             | 0.042633954 |
|    std                | 1.27        |
|    value_loss         | 0.000622    |
---------------------------------------
---------------------------------------
| time/                 |             |
|    fps                | 166         |
|    iterations         | 8700        |
|    time_elapsed       | 261         |
|    total_timesteps    | 43500       |
| train/                |             |
|    entropy_loss       | -3.32       |
|    explained_variance | 0           |
|    learning_rate      | 0.0002      |
|    n_updates          | 8699        |
|    policy_loss        | -0.108      |
|    reward             | 0.021441745 |
|    std                | 1.27        |
|    value_loss         | 0.00176     |
---------------------------------------
EPISODE:  45
---------------------------------------
| time/                 |             |
|    fps                | 166         |
|    iterations         | 8800        |
|    time_elapsed       | 263         |
|    total_timesteps    | 44000       |
| train/                |             |
|    entropy_loss       | -3.32       |
|    explained_variance | 0           |
|    learning_rate      | 0.0002      |
|    n_updates          | 8799        |
|    policy_loss        | -0.0122     |
|    reward             | 0.021459892 |
|    std                | 1.27        |
|    value_loss         | 0.000593    |
---------------------------------------
---------------------------------------
| time/                 |             |
|    fps                | 167         |
|    iterations         | 8900        |
|    time_elapsed       | 266         |
|    total_timesteps    | 44500       |
| train/                |             |
|    entropy_loss       | -3.33       |
|    explained_variance | 0           |
|    learning_rate      | 0.0002      |
|    n_updates          | 8899        |
|    policy_loss        | 0.187       |
|    reward             | 0.035677414 |
|    std                | 1.28        |
|    value_loss         | 0.00253     |
---------------------------------------
EPISODE:  46
---------------------------------------
| time/                 |             |
|    fps                | 167         |
|    iterations         | 9000        |
|    time_elapsed       | 269         |
|    total_timesteps    | 45000       |
| train/                |             |
|    entropy_loss       | -3.33       |
|    explained_variance | -1.19e-07   |
|    learning_rate      | 0.0002      |
|    n_updates          | 8999        |
|    policy_loss        | 0.0235      |
|    reward             | 0.073423535 |
|    std                | 1.28        |
|    value_loss         | 0.000355    |
---------------------------------------
---------------------------------------
| time/                 |             |
|    fps                | 167         |
|    iterations         | 9100        |
|    time_elapsed       | 271         |
|    total_timesteps    | 45500       |
| train/                |             |
|    entropy_loss       | -3.34       |
|    explained_variance | -1.19e-07   |
|    learning_rate      | 0.0002      |
|    n_updates          | 9099        |
|    policy_loss        | -0.00418    |
|    reward             | 0.032858633 |
|    std                | 1.28        |
|    value_loss         | 0.000534    |
---------------------------------------
EPISODE:  47
----------------------------------------
| time/                 |              |
|    fps                | 167          |
|    iterations         | 9200         |
|    time_elapsed       | 274          |
|    total_timesteps    | 46000        |
| train/                |              |
|    entropy_loss       | -3.35        |
|    explained_variance | 1.19e-07     |
|    learning_rate      | 0.0002       |
|    n_updates          | 9199         |
|    policy_loss        | 0.0308       |
|    reward             | -0.024609689 |
|    std                | 1.29         |
|    value_loss         | 0.00109      |
----------------------------------------
---------------------------------------
| time/                 |             |
|    fps                | 167         |
|    iterations         | 9300        |
|    time_elapsed       | 277         |
|    total_timesteps    | 46500       |
| train/                |             |
|    entropy_loss       | -3.35       |
|    explained_variance | -1.19e-07   |
|    learning_rate      | 0.0002      |
|    n_updates          | 9299        |
|    policy_loss        | -0.0569     |
|    reward             | 0.039296556 |
|    std                | 1.29        |
|    value_loss         | 0.000879    |
---------------------------------------
EPISODE:  48
---------------------------------------
| time/                 |             |
|    fps                | 167         |
|    iterations         | 9400        |
|    time_elapsed       | 280         |
|    total_timesteps    | 47000       |
| train/                |             |
|    entropy_loss       | -3.36       |
|    explained_variance | 0           |
|    learning_rate      | 0.0002      |
|    n_updates          | 9399        |
|    policy_loss        | 0.0695      |
|    reward             | 0.018301189 |
|    std                | 1.3         |
|    value_loss         | 0.000529    |
---------------------------------------
---------------------------------------
| time/                 |             |
|    fps                | 167         |
|    iterations         | 9500        |
|    time_elapsed       | 283         |
|    total_timesteps    | 47500       |
| train/                |             |
|    entropy_loss       | -3.36       |
|    explained_variance | 5.96e-08    |
|    learning_rate      | 0.0002      |
|    n_updates          | 9499        |
|    policy_loss        | 0.0245      |
|    reward             | -0.04802947 |
|    std                | 1.3         |
|    value_loss         | 0.000459    |
---------------------------------------
EPISODE:  49
---------------------------------------
| time/                 |             |
|    fps                | 167         |
|    iterations         | 9600        |
|    time_elapsed       | 286         |
|    total_timesteps    | 48000       |
| train/                |             |
|    entropy_loss       | -3.36       |
|    explained_variance | 0           |
|    learning_rate      | 0.0002      |
|    n_updates          | 9599        |
|    policy_loss        | -0.0283     |
|    reward             | 0.006107676 |
|    std                | 1.3         |
|    value_loss         | 0.000812    |
---------------------------------------
---------------------------------------
| time/                 |             |
|    fps                | 167         |
|    iterations         | 9700        |
|    time_elapsed       | 289         |
|    total_timesteps    | 48500       |
| train/                |             |
|    entropy_loss       | -3.37       |
|    explained_variance | -1.19e-07   |
|    learning_rate      | 0.0002      |
|    n_updates          | 9699        |
|    policy_loss        | -0.0853     |
|    reward             | 0.026806764 |
|    std                | 1.31        |
|    value_loss         | 0.00127     |
---------------------------------------
EPISODE:  50
-------------------------------------
| time/                 |           |
|    fps                | 167       |
|    iterations         | 9800      |
|    time_elapsed       | 291       |
|    total_timesteps    | 49000     |
| train/                |           |
|    entropy_loss       | -3.37     |
|    explained_variance | 0         |
|    learning_rate      | 0.0002    |
|    n_updates          | 9799      |
|    policy_loss        | 0.141     |
|    reward             | 0.0166295 |
|    std                | 1.31      |
|    value_loss         | 0.00228   |
-------------------------------------
---------------------------------------
| time/                 |             |
|    fps                | 167         |
|    iterations         | 9900        |
|    time_elapsed       | 294         |
|    total_timesteps    | 49500       |
| train/                |             |
|    entropy_loss       | -3.38       |
|    explained_variance | -1.19e-07   |
|    learning_rate      | 0.0002      |
|    n_updates          | 9899        |
|    policy_loss        | -0.0213     |
|    reward             | 0.003779687 |
|    std                | 1.31        |
|    value_loss         | 0.00026     |
---------------------------------------
EPISODE:  51
---------------------------------------
| time/                 |             |
|    fps                | 167         |
|    iterations         | 10000       |
|    time_elapsed       | 297         |
|    total_timesteps    | 50000       |
| train/                |             |
|    entropy_loss       | -3.39       |
|    explained_variance | 0           |
|    learning_rate      | 0.0002      |
|    n_updates          | 9999        |
|    policy_loss        | -0.0715     |
|    reward             | 0.024687193 |
|    std                | 1.32        |
|    value_loss         | 0.00182     |
---------------------------------------
Saved episode log to Results\250619_hc_binary_udp_noise\a2c\periodic_noise\training_logs\07.csv
