EPISODE:  0
{'batch_size': 128, 'buffer_size': 1000000, 'learning_rate': 0.0001, 'learning_starts': 100, 'ent_coef': 'auto_0.1'}
Using cuda device
EPISODE:  1
EPISODE:  2
EPISODE:  3
EPISODE:  4
EPISODE:  5
----------------------------------
| time/              |           |
|    episodes        | 4         |
|    fps             | 8         |
|    time_elapsed    | 485       |
|    total_timesteps | 4000      |
| train/             |           |
|    actor_loss      | -5.25e+04 |
|    critic_loss     | 3.04e+05  |
|    ent_coef        | 0.148     |
|    ent_coef_loss   | 36        |
|    learning_rate   | 0.0001    |
|    n_updates       | 3899      |
|    reward          | 5759.977  |
----------------------------------
EPISODE:  6
EPISODE:  7
EPISODE:  8
EPISODE:  9
----------------------------------
| time/              |           |
|    episodes        | 8         |
|    fps             | 8         |
|    time_elapsed    | 985       |
|    total_timesteps | 8000      |
| train/             |           |
|    actor_loss      | -9.94e+04 |
|    critic_loss     | 4.77e+05  |
|    ent_coef        | 0.221     |
|    ent_coef_loss   | 28.3      |
|    learning_rate   | 0.0001    |
|    n_updates       | 7899      |
|    reward          | 5759.977  |
----------------------------------
EPISODE:  10
EPISODE:  11
EPISODE:  12
EPISODE:  13
----------------------------------
| time/              |           |
|    episodes        | 12        |
|    fps             | 8         |
|    time_elapsed    | 1482      |
|    total_timesteps | 12000     |
| train/             |           |
|    actor_loss      | -1.45e+05 |
|    critic_loss     | 1.17e+05  |
|    ent_coef        | 0.33      |
|    ent_coef_loss   | 21        |
|    learning_rate   | 0.0001    |
|    n_updates       | 11899     |
|    reward          | 5759.977  |
----------------------------------
EPISODE:  14
EPISODE:  15
EPISODE:  16
EPISODE:  17
----------------------------------
| time/              |           |
|    episodes        | 16        |
|    fps             | 8         |
|    time_elapsed    | 1981      |
|    total_timesteps | 16000     |
| train/             |           |
|    actor_loss      | -1.81e+05 |
|    critic_loss     | 1.05e+06  |
|    ent_coef        | 0.492     |
|    ent_coef_loss   | 13.4      |
|    learning_rate   | 0.0001    |
|    n_updates       | 15899     |
|    reward          | 5759.977  |
----------------------------------
EPISODE:  18
EPISODE:  19
EPISODE:  20
EPISODE:  21
----------------------------------
| time/              |           |
|    episodes        | 20        |
|    fps             | 8         |
|    time_elapsed    | 2479      |
|    total_timesteps | 20000     |
| train/             |           |
|    actor_loss      | -2.02e+05 |
|    critic_loss     | 1.68e+05  |
|    ent_coef        | 0.734     |
|    ent_coef_loss   | 5.82      |
|    learning_rate   | 0.0001    |
|    n_updates       | 19899     |
|    reward          | 5759.977  |
----------------------------------
EPISODE:  22
EPISODE:  23
EPISODE:  24
EPISODE:  25
----------------------------------
| time/              |           |
|    episodes        | 24        |
|    fps             | 8         |
|    time_elapsed    | 2978      |
|    total_timesteps | 24000     |
| train/             |           |
|    actor_loss      | -2.28e+05 |
|    critic_loss     | 9.28e+08  |
|    ent_coef        | 1.09      |
|    ent_coef_loss   | -1.69     |
|    learning_rate   | 0.0001    |
|    n_updates       | 23899     |
|    reward          | 5759.977  |
----------------------------------
EPISODE:  26
EPISODE:  27
EPISODE:  28
EPISODE:  29
----------------------------------
| time/              |           |
|    episodes        | 28        |
|    fps             | 8         |
|    time_elapsed    | 3476      |
|    total_timesteps | 28000     |
| train/             |           |
|    actor_loss      | -2.43e+05 |
|    critic_loss     | 5.12e+05  |
|    ent_coef        | 1.63      |
|    ent_coef_loss   | -9.16     |
|    learning_rate   | 0.0001    |
|    n_updates       | 27899     |
|    reward          | 5759.977  |
----------------------------------
EPISODE:  30
EPISODE:  31
EPISODE:  32
EPISODE:  33
----------------------------------
| time/              |           |
|    episodes        | 32        |
|    fps             | 8         |
|    time_elapsed    | 3975      |
|    total_timesteps | 32000     |
| train/             |           |
|    actor_loss      | -2.68e+05 |
|    critic_loss     | 7.93e+04  |
|    ent_coef        | 2.44      |
|    ent_coef_loss   | -16.8     |
|    learning_rate   | 0.0001    |
|    n_updates       | 31899     |
|    reward          | 5759.977  |
----------------------------------
EPISODE:  34
EPISODE:  35
EPISODE:  36
EPISODE:  37
----------------------------------
| time/              |           |
|    episodes        | 36        |
|    fps             | 8         |
|    time_elapsed    | 4473      |
|    total_timesteps | 36000     |
| train/             |           |
|    actor_loss      | -2.77e+05 |
|    critic_loss     | 1.22e+05  |
|    ent_coef        | 3.63      |
|    ent_coef_loss   | -24.4     |
|    learning_rate   | 0.0001    |
|    n_updates       | 35899     |
|    reward          | 5759.977  |
----------------------------------
EPISODE:  38
EPISODE:  39
EPISODE:  40
EPISODE:  41
----------------------------------
| time/              |           |
|    episodes        | 40        |
|    fps             | 8         |
|    time_elapsed    | 4973      |
|    total_timesteps | 40000     |
| train/             |           |
|    actor_loss      | -2.85e+05 |
|    critic_loss     | 2.51e+06  |
|    ent_coef        | 5.42      |
|    ent_coef_loss   | -31.9     |
|    learning_rate   | 0.0001    |
|    n_updates       | 39899     |
|    reward          | 5759.977  |
----------------------------------
EPISODE:  42
EPISODE:  43
EPISODE:  44
EPISODE:  45
----------------------------------
| time/              |           |
|    episodes        | 44        |
|    fps             | 8         |
|    time_elapsed    | 5472      |
|    total_timesteps | 44000     |
| train/             |           |
|    actor_loss      | -2.89e+05 |
|    critic_loss     | 1.9e+06   |
|    ent_coef        | 8.09      |
|    ent_coef_loss   | -39.2     |
|    learning_rate   | 0.0001    |
|    n_updates       | 43899     |
|    reward          | 5759.977  |
----------------------------------
EPISODE:  46
EPISODE:  47
EPISODE:  48
EPISODE:  49
----------------------------------
| time/              |           |
|    episodes        | 48        |
|    fps             | 8         |
|    time_elapsed    | 5972      |
|    total_timesteps | 48000     |
| train/             |           |
|    actor_loss      | -3.07e+05 |
|    critic_loss     | 3.52e+05  |
|    ent_coef        | 12.1      |
|    ent_coef_loss   | -47.2     |
|    learning_rate   | 0.0001    |
|    n_updates       | 47899     |
|    reward          | 5759.977  |
----------------------------------
EPISODE:  50
EPISODE:  51
EPISODE:  52
EPISODE:  53
----------------------------------
| time/              |           |
|    episodes        | 52        |
|    fps             | 8         |
|    time_elapsed    | 6472      |
|    total_timesteps | 52000     |
| train/             |           |
|    actor_loss      | -2.91e+05 |
|    critic_loss     | 1.34e+09  |
|    ent_coef        | 18        |
|    ent_coef_loss   | -54.3     |
|    learning_rate   | 0.0001    |
|    n_updates       | 51899     |
|    reward          | 5759.977  |
----------------------------------
EPISODE:  54
EPISODE:  55
EPISODE:  56
EPISODE:  57
----------------------------------
| time/              |           |
|    episodes        | 56        |
|    fps             | 8         |
|    time_elapsed    | 6972      |
|    total_timesteps | 56000     |
| train/             |           |
|    actor_loss      | -2.89e+05 |
|    critic_loss     | 2.27e+06  |
|    ent_coef        | 26.8      |
|    ent_coef_loss   | -61.5     |
|    learning_rate   | 0.0001    |
|    n_updates       | 55899     |
|    reward          | 5759.977  |
----------------------------------
EPISODE:  58
EPISODE:  59
EPISODE:  60
EPISODE:  61
---------------------------------
| time/              |          |
|    episodes        | 60       |
|    fps             | 8        |
|    time_elapsed    | 7472     |
|    total_timesteps | 60000    |
| train/             |          |
|    actor_loss      | -3e+05   |
|    critic_loss     | 1.25e+09 |
|    ent_coef        | 40       |
|    ent_coef_loss   | -69.7    |
|    learning_rate   | 0.0001   |
|    n_updates       | 59899    |
|    reward          | 5759.977 |
---------------------------------
EPISODE:  62
EPISODE:  63
EPISODE:  64
EPISODE:  65
----------------------------------
| time/              |           |
|    episodes        | 64        |
|    fps             | 8         |
|    time_elapsed    | 7971      |
|    total_timesteps | 64000     |
| train/             |           |
|    actor_loss      | -2.74e+05 |
|    critic_loss     | 4.8e+06   |
|    ent_coef        | 59.7      |
|    ent_coef_loss   | -76.9     |
|    learning_rate   | 0.0001    |
|    n_updates       | 63899     |
|    reward          | 5759.977  |
----------------------------------
EPISODE:  66
EPISODE:  67
EPISODE:  68
EPISODE:  69
---------------------------------
| time/              |          |
|    episodes        | 68       |
|    fps             | 8        |
|    time_elapsed    | 8472     |
|    total_timesteps | 68000    |
| train/             |          |
|    actor_loss      | -2.7e+05 |
|    critic_loss     | 1.45e+06 |
|    ent_coef        | 89.2     |
|    ent_coef_loss   | -84.2    |
|    learning_rate   | 0.0001   |
|    n_updates       | 67899    |
|    reward          | 5759.977 |
---------------------------------
EPISODE:  70
EPISODE:  71
EPISODE:  72
EPISODE:  73
----------------------------------
| time/              |           |
|    episodes        | 72        |
|    fps             | 8         |
|    time_elapsed    | 8971      |
|    total_timesteps | 72000     |
| train/             |           |
|    actor_loss      | -2.27e+05 |
|    critic_loss     | 3.39e+05  |
|    ent_coef        | 133       |
|    ent_coef_loss   | -91.3     |
|    learning_rate   | 0.0001    |
|    n_updates       | 71899     |
|    reward          | 5759.977  |
----------------------------------
EPISODE:  74
EPISODE:  75
EPISODE:  76
EPISODE:  77
----------------------------------
| time/              |           |
|    episodes        | 76        |
|    fps             | 8         |
|    time_elapsed    | 9472      |
|    total_timesteps | 76000     |
| train/             |           |
|    actor_loss      | -1.96e+05 |
|    critic_loss     | 3.38e+05  |
|    ent_coef        | 199       |
|    ent_coef_loss   | -98.5     |
|    learning_rate   | 0.0001    |
|    n_updates       | 75899     |
|    reward          | 5759.977  |
----------------------------------
EPISODE:  78
EPISODE:  79
EPISODE:  80
EPISODE:  81
----------------------------------
| time/              |           |
|    episodes        | 80        |
|    fps             | 8         |
|    time_elapsed    | 9972      |
|    total_timesteps | 80000     |
| train/             |           |
|    actor_loss      | -1.23e+05 |
|    critic_loss     | 2.77e+05  |
|    ent_coef        | 296       |
|    ent_coef_loss   | -107      |
|    learning_rate   | 0.0001    |
|    n_updates       | 79899     |
|    reward          | 5759.977  |
----------------------------------
EPISODE:  82
EPISODE:  83
EPISODE:  84
EPISODE:  85
----------------------------------
| time/              |           |
|    episodes        | 84        |
|    fps             | 8         |
|    time_elapsed    | 10473     |
|    total_timesteps | 84000     |
| train/             |           |
|    actor_loss      | -1.47e+04 |
|    critic_loss     | 5.35e+05  |
|    ent_coef        | 442       |
|    ent_coef_loss   | -115      |
|    learning_rate   | 0.0001    |
|    n_updates       | 83899     |
|    reward          | 5759.977  |
----------------------------------
EPISODE:  86
EPISODE:  87
EPISODE:  88
EPISODE:  89
---------------------------------
| time/              |          |
|    episodes        | 88       |
|    fps             | 8        |
|    time_elapsed    | 10973    |
|    total_timesteps | 88000    |
| train/             |          |
|    actor_loss      | 1.27e+05 |
|    critic_loss     | 6.17e+05 |
|    ent_coef        | 659      |
|    ent_coef_loss   | -122     |
|    learning_rate   | 0.0001   |
|    n_updates       | 87899    |
|    reward          | 5759.977 |
---------------------------------
EPISODE:  90
EPISODE:  91
EPISODE:  92
EPISODE:  93
---------------------------------
| time/              |          |
|    episodes        | 92       |
|    fps             | 8        |
|    time_elapsed    | 11474    |
|    total_timesteps | 92000    |
| train/             |          |
|    actor_loss      | 3.65e+05 |
|    critic_loss     | 2.26e+06 |
|    ent_coef        | 984      |
|    ent_coef_loss   | -128     |
|    learning_rate   | 0.0001   |
|    n_updates       | 91899    |
|    reward          | 5759.977 |
---------------------------------
EPISODE:  94
EPISODE:  95
EPISODE:  96
EPISODE:  97
---------------------------------
| time/              |          |
|    episodes        | 96       |
|    fps             | 8        |
|    time_elapsed    | 11973    |
|    total_timesteps | 96000    |
| train/             |          |
|    actor_loss      | 6.94e+05 |
|    critic_loss     | 4.48e+06 |
|    ent_coef        | 1.47e+03 |
|    ent_coef_loss   | -136     |
|    learning_rate   | 0.0001   |
|    n_updates       | 95899    |
|    reward          | 5759.977 |
---------------------------------
EPISODE:  98
EPISODE:  99
EPISODE:  100
EPISODE:  101
---------------------------------
| time/              |          |
|    episodes        | 100      |
|    fps             | 8        |
|    time_elapsed    | 12474    |
|    total_timesteps | 100000   |
| train/             |          |
|    actor_loss      | 1.18e+06 |
|    critic_loss     | 9.61e+06 |
|    ent_coef        | 2.19e+03 |
|    ent_coef_loss   | -145     |
|    learning_rate   | 0.0001   |
|    n_updates       | 99899    |
|    reward          | 5759.977 |
---------------------------------
EPISODE:  102
EPISODE:  103
EPISODE:  104
EPISODE:  105
---------------------------------
| time/              |          |
|    episodes        | 104      |
|    fps             | 8        |
|    time_elapsed    | 12974    |
|    total_timesteps | 104000   |
| train/             |          |
|    actor_loss      | 1.92e+06 |
|    critic_loss     | 4e+07    |
|    ent_coef        | 3.27e+03 |
|    ent_coef_loss   | -152     |
|    learning_rate   | 0.0001   |
|    n_updates       | 103899   |
|    reward          | 5759.977 |
---------------------------------
EPISODE:  106
EPISODE:  107
EPISODE:  108
EPISODE:  109
---------------------------------
| time/              |          |
|    episodes        | 108      |
|    fps             | 8        |
|    time_elapsed    | 13475    |
|    total_timesteps | 108000   |
| train/             |          |
|    actor_loss      | 3.01e+06 |
|    critic_loss     | 5.83e+10 |
|    ent_coef        | 4.88e+03 |
|    ent_coef_loss   | -159     |
|    learning_rate   | 0.0001   |
|    n_updates       | 107899   |
|    reward          | 5759.977 |
---------------------------------
EPISODE:  110
EPISODE:  111
EPISODE:  112
EPISODE:  113
---------------------------------
| time/              |          |
|    episodes        | 112      |
|    fps             | 8        |
|    time_elapsed    | 13976    |
|    total_timesteps | 112000   |
| train/             |          |
|    actor_loss      | 4.62e+06 |
|    critic_loss     | 2.3e+08  |
|    ent_coef        | 7.28e+03 |
|    ent_coef_loss   | -166     |
|    learning_rate   | 0.0001   |
|    n_updates       | 111899   |
|    reward          | 5759.977 |
---------------------------------
EPISODE:  114
EPISODE:  115
EPISODE:  116
EPISODE:  117
---------------------------------
| time/              |          |
|    episodes        | 116      |
|    fps             | 8        |
|    time_elapsed    | 14477    |
|    total_timesteps | 116000   |
| train/             |          |
|    actor_loss      | 7.03e+06 |
|    critic_loss     | 3.1e+08  |
|    ent_coef        | 1.09e+04 |
|    ent_coef_loss   | -176     |
|    learning_rate   | 0.0001   |
|    n_updates       | 115899   |
|    reward          | 5759.977 |
---------------------------------
EPISODE:  118
EPISODE:  119
EPISODE:  120
EPISODE:  121
---------------------------------
| time/              |          |
|    episodes        | 120      |
|    fps             | 8        |
|    time_elapsed    | 14978    |
|    total_timesteps | 120000   |
| train/             |          |
|    actor_loss      | 1.06e+07 |
|    critic_loss     | 1.17e+09 |
|    ent_coef        | 1.62e+04 |
|    ent_coef_loss   | -183     |
|    learning_rate   | 0.0001   |
|    n_updates       | 119899   |
|    reward          | 5759.977 |
---------------------------------
EPISODE:  122
EPISODE:  123
EPISODE:  124
EPISODE:  125
---------------------------------
| time/              |          |
|    episodes        | 124      |
|    fps             | 8        |
|    time_elapsed    | 15478    |
|    total_timesteps | 124000   |
| train/             |          |
|    actor_loss      | 1.58e+07 |
|    critic_loss     | 3.9e+09  |
|    ent_coef        | 2.42e+04 |
|    ent_coef_loss   | -190     |
|    learning_rate   | 0.0001   |
|    n_updates       | 123899   |
|    reward          | 5759.977 |
---------------------------------
EPISODE:  126
EPISODE:  127
EPISODE:  128
EPISODE:  129
---------------------------------
| time/              |          |
|    episodes        | 128      |
|    fps             | 8        |
|    time_elapsed    | 15978    |
|    total_timesteps | 128000   |
| train/             |          |
|    actor_loss      | 2.36e+07 |
|    critic_loss     | 1.2e+10  |
|    ent_coef        | 3.62e+04 |
|    ent_coef_loss   | -197     |
|    learning_rate   | 0.0001   |
|    n_updates       | 127899   |
|    reward          | 5759.977 |
---------------------------------
EPISODE:  130
EPISODE:  131
EPISODE:  132
EPISODE:  133
---------------------------------
| time/              |          |
|    episodes        | 132      |
|    fps             | 8        |
|    time_elapsed    | 16478    |
|    total_timesteps | 132000   |
| train/             |          |
|    actor_loss      | 3.5e+07  |
|    critic_loss     | 3.44e+10 |
|    ent_coef        | 5.4e+04  |
|    ent_coef_loss   | -206     |
|    learning_rate   | 0.0001   |
|    n_updates       | 131899   |
|    reward          | 5759.977 |
---------------------------------
EPISODE:  134
EPISODE:  135
EPISODE:  136
EPISODE:  137
---------------------------------
| time/              |          |
|    episodes        | 136      |
|    fps             | 8        |
|    time_elapsed    | 16979    |
|    total_timesteps | 136000   |
| train/             |          |
|    actor_loss      | 5.2e+07  |
|    critic_loss     | 9.18e+10 |
|    ent_coef        | 8.06e+04 |
|    ent_coef_loss   | -212     |
|    learning_rate   | 0.0001   |
|    n_updates       | 135899   |
|    reward          | 5759.977 |
---------------------------------
EPISODE:  138
EPISODE:  139
EPISODE:  140
EPISODE:  141
---------------------------------
| time/              |          |
|    episodes        | 140      |
|    fps             | 8        |
|    time_elapsed    | 17479    |
|    total_timesteps | 140000   |
| train/             |          |
|    actor_loss      | 7.58e+07 |
|    critic_loss     | 2.93e+11 |
|    ent_coef        | 1.2e+05  |
|    ent_coef_loss   | -220     |
|    learning_rate   | 0.0001   |
|    n_updates       | 139899   |
|    reward          | 5759.977 |
---------------------------------
EPISODE:  142
EPISODE:  143
EPISODE:  144
EPISODE:  145
---------------------------------
| time/              |          |
|    episodes        | 144      |
|    fps             | 8        |
|    time_elapsed    | 17980    |
|    total_timesteps | 144000   |
| train/             |          |
|    actor_loss      | 1.13e+08 |
|    critic_loss     | 6.76e+11 |
|    ent_coef        | 1.79e+05 |
|    ent_coef_loss   | -228     |
|    learning_rate   | 0.0001   |
|    n_updates       | 143899   |
|    reward          | 5759.977 |
---------------------------------
EPISODE:  146
EPISODE:  147
EPISODE:  148
EPISODE:  149
---------------------------------
| time/              |          |
|    episodes        | 148      |
|    fps             | 8        |
|    time_elapsed    | 18480    |
|    total_timesteps | 148000   |
| train/             |          |
|    actor_loss      | 1.66e+08 |
|    critic_loss     | 2.29e+12 |
|    ent_coef        | 2.68e+05 |
|    ent_coef_loss   | -236     |
|    learning_rate   | 0.0001   |
|    n_updates       | 147899   |
|    reward          | 5759.977 |
---------------------------------
EPISODE:  150
EPISODE:  151
EPISODE:  152
EPISODE:  153
---------------------------------
| time/              |          |
|    episodes        | 152      |
|    fps             | 8        |
|    time_elapsed    | 18981    |
|    total_timesteps | 152000   |
| train/             |          |
|    actor_loss      | 2.36e+08 |
|    critic_loss     | 7.67e+12 |
|    ent_coef        | 4e+05    |
|    ent_coef_loss   | -242     |
|    learning_rate   | 0.0001   |
|    n_updates       | 151899   |
|    reward          | 5759.977 |
---------------------------------
EPISODE:  154
EPISODE:  155
EPISODE:  156
EPISODE:  157
---------------------------------
| time/              |          |
|    episodes        | 156      |
|    fps             | 8        |
|    time_elapsed    | 19480    |
|    total_timesteps | 156000   |
| train/             |          |
|    actor_loss      | 3.43e+08 |
|    critic_loss     | 2.11e+13 |
|    ent_coef        | 5.97e+05 |
|    ent_coef_loss   | -251     |
|    learning_rate   | 0.0001   |
|    n_updates       | 155899   |
|    reward          | 5759.977 |
---------------------------------
EPISODE:  158
EPISODE:  159
EPISODE:  160
EPISODE:  161
---------------------------------
| time/              |          |
|    episodes        | 160      |
|    fps             | 8        |
|    time_elapsed    | 19981    |
|    total_timesteps | 160000   |
| train/             |          |
|    actor_loss      | 4.98e+08 |
|    critic_loss     | 3.67e+15 |
|    ent_coef        | 8.91e+05 |
|    ent_coef_loss   | -257     |
|    learning_rate   | 0.0001   |
|    n_updates       | 159899   |
|    reward          | 5759.977 |
---------------------------------
EPISODE:  162
EPISODE:  163
EPISODE:  164
EPISODE:  165
---------------------------------
| time/              |          |
|    episodes        | 164      |
|    fps             | 8        |
|    time_elapsed    | 20482    |
|    total_timesteps | 164000   |
| train/             |          |
|    actor_loss      | 7.28e+08 |
|    critic_loss     | 1.36e+14 |
|    ent_coef        | 1.33e+06 |
|    ent_coef_loss   | -266     |
|    learning_rate   | 0.0001   |
|    n_updates       | 163899   |
|    reward          | 5759.977 |
---------------------------------
EPISODE:  166
EPISODE:  167
EPISODE:  168
EPISODE:  169
---------------------------------
| time/              |          |
|    episodes        | 168      |
|    fps             | 8        |
|    time_elapsed    | 20982    |
|    total_timesteps | 168000   |
| train/             |          |
|    actor_loss      | 9.76e+08 |
|    critic_loss     | 4.48e+14 |
|    ent_coef        | 1.98e+06 |
|    ent_coef_loss   | -271     |
|    learning_rate   | 0.0001   |
|    n_updates       | 167899   |
|    reward          | 5759.977 |
---------------------------------
EPISODE:  170
EPISODE:  171
EPISODE:  172
EPISODE:  173
---------------------------------
| time/              |          |
|    episodes        | 172      |
|    fps             | 8        |
|    time_elapsed    | 21483    |
|    total_timesteps | 172000   |
| train/             |          |
|    actor_loss      | 1.37e+09 |
|    critic_loss     | 1.28e+15 |
|    ent_coef        | 2.96e+06 |
|    ent_coef_loss   | -282     |
|    learning_rate   | 0.0001   |
|    n_updates       | 171899   |
|    reward          | 5759.977 |
---------------------------------
EPISODE:  174
EPISODE:  175
EPISODE:  176
EPISODE:  177
---------------------------------
| time/              |          |
|    episodes        | 176      |
|    fps             | 8        |
|    time_elapsed    | 21983    |
|    total_timesteps | 176000   |
| train/             |          |
|    actor_loss      | 1.9e+09  |
|    critic_loss     | 3.53e+15 |
|    ent_coef        | 4.42e+06 |
|    ent_coef_loss   | -288     |
|    learning_rate   | 0.0001   |
|    n_updates       | 175899   |
|    reward          | 5759.977 |
---------------------------------
EPISODE:  178
EPISODE:  179
EPISODE:  180
EPISODE:  181
---------------------------------
| time/              |          |
|    episodes        | 180      |
|    fps             | 8        |
|    time_elapsed    | 22483    |
|    total_timesteps | 180000   |
| train/             |          |
|    actor_loss      | 2.58e+09 |
|    critic_loss     | 1.02e+16 |
|    ent_coef        | 6.6e+06  |
|    ent_coef_loss   | -295     |
|    learning_rate   | 0.0001   |
|    n_updates       | 179899   |
|    reward          | 5759.977 |
---------------------------------
EPISODE:  182
EPISODE:  183
EPISODE:  184
EPISODE:  185
---------------------------------
| time/              |          |
|    episodes        | 184      |
|    fps             | 8        |
|    time_elapsed    | 22983    |
|    total_timesteps | 184000   |
| train/             |          |
|    actor_loss      | 3.21e+09 |
|    critic_loss     | 2.99e+16 |
|    ent_coef        | 9.84e+06 |
|    ent_coef_loss   | -302     |
|    learning_rate   | 0.0001   |
|    n_updates       | 183899   |
|    reward          | 5759.977 |
---------------------------------
EPISODE:  186
EPISODE:  187
EPISODE:  188
EPISODE:  189
---------------------------------
| time/              |          |
|    episodes        | 188      |
|    fps             | 8        |
|    time_elapsed    | 23485    |
|    total_timesteps | 188000   |
| train/             |          |
|    actor_loss      | 4.19e+09 |
|    critic_loss     | 8.07e+16 |
|    ent_coef        | 1.46e+07 |
|    ent_coef_loss   | -309     |
|    learning_rate   | 0.0001   |
|    n_updates       | 187899   |
|    reward          | 5759.977 |
---------------------------------
EPISODE:  190
EPISODE:  191
EPISODE:  192
EPISODE:  193
---------------------------------
| time/              |          |
|    episodes        | 192      |
|    fps             | 8        |
|    time_elapsed    | 23985    |
|    total_timesteps | 192000   |
| train/             |          |
|    actor_loss      | 5.31e+09 |
|    critic_loss     | 2e+17    |
|    ent_coef        | 2.18e+07 |
|    ent_coef_loss   | -315     |
|    learning_rate   | 0.0001   |
|    n_updates       | 191899   |
|    reward          | 5759.977 |
---------------------------------
EPISODE:  194
EPISODE:  195
EPISODE:  196
EPISODE:  197
---------------------------------
| time/              |          |
|    episodes        | 196      |
|    fps             | 8        |
|    time_elapsed    | 24486    |
|    total_timesteps | 196000   |
| train/             |          |
|    actor_loss      | 6.47e+09 |
|    critic_loss     | 4.86e+17 |
|    ent_coef        | 3.24e+07 |
|    ent_coef_loss   | -323     |
|    learning_rate   | 0.0001   |
|    n_updates       | 195899   |
|    reward          | 5759.977 |
---------------------------------
EPISODE:  198
EPISODE:  199
EPISODE:  200
EPISODE:  201
---------------------------------
| time/              |          |
|    episodes        | 200      |
|    fps             | 8        |
|    time_elapsed    | 24986    |
|    total_timesteps | 200000   |
| train/             |          |
|    actor_loss      | 8.26e+09 |
|    critic_loss     | 2.13e+18 |
|    ent_coef        | 4.83e+07 |
|    ent_coef_loss   | -333     |
|    learning_rate   | 0.0001   |
|    n_updates       | 199899   |
|    reward          | 5759.977 |
---------------------------------
EPISODE:  202
EPISODE:  203
EPISODE:  204
EPISODE:  205
---------------------------------
| time/              |          |
|    episodes        | 204      |
|    fps             | 8        |
|    time_elapsed    | 25488    |
|    total_timesteps | 204000   |
| train/             |          |
|    actor_loss      | 1.05e+10 |
|    critic_loss     | 2.51e+18 |
|    ent_coef        | 7.18e+07 |
|    ent_coef_loss   | -343     |
|    learning_rate   | 0.0001   |
|    n_updates       | 203899   |
|    reward          | 5759.977 |
---------------------------------
EPISODE:  206
EPISODE:  207
EPISODE:  208
EPISODE:  209
---------------------------------
| time/              |          |
|    episodes        | 208      |
|    fps             | 8        |
|    time_elapsed    | 25987    |
|    total_timesteps | 208000   |
| train/             |          |
|    actor_loss      | 1.25e+10 |
|    critic_loss     | 5.67e+18 |
|    ent_coef        | 1.07e+08 |
|    ent_coef_loss   | -347     |
|    learning_rate   | 0.0001   |
|    n_updates       | 207899   |
|    reward          | 5759.977 |
---------------------------------
EPISODE:  210
EPISODE:  211
EPISODE:  212
EPISODE:  213
---------------------------------
| time/              |          |
|    episodes        | 212      |
|    fps             | 8        |
|    time_elapsed    | 26488    |
|    total_timesteps | 212000   |
| train/             |          |
|    actor_loss      | 1.51e+10 |
|    critic_loss     | 1.24e+19 |
|    ent_coef        | 1.59e+08 |
|    ent_coef_loss   | -357     |
|    learning_rate   | 0.0001   |
|    n_updates       | 211899   |
|    reward          | 5759.977 |
---------------------------------
EPISODE:  214
EPISODE:  215
EPISODE:  216
EPISODE:  217
---------------------------------
| time/              |          |
|    episodes        | 216      |
|    fps             | 8        |
|    time_elapsed    | 26988    |
|    total_timesteps | 216000   |
| train/             |          |
|    actor_loss      | 1.85e+10 |
|    critic_loss     | 2.7e+19  |
|    ent_coef        | 2.37e+08 |
|    ent_coef_loss   | -361     |
|    learning_rate   | 0.0001   |
|    n_updates       | 215899   |
|    reward          | 5759.977 |
---------------------------------
EPISODE:  218
EPISODE:  219
EPISODE:  220
EPISODE:  221
---------------------------------
| time/              |          |
|    episodes        | 220      |
|    fps             | 8        |
|    time_elapsed    | 27490    |
|    total_timesteps | 220000   |
| train/             |          |
|    actor_loss      | 2.33e+10 |
|    critic_loss     | 6.29e+19 |
|    ent_coef        | 3.52e+08 |
|    ent_coef_loss   | -371     |
|    learning_rate   | 0.0001   |
|    n_updates       | 219899   |
|    reward          | 5759.977 |
---------------------------------
EPISODE:  222
EPISODE:  223
EPISODE:  224
EPISODE:  225
---------------------------------
| time/              |          |
|    episodes        | 224      |
|    fps             | 8        |
|    time_elapsed    | 27991    |
|    total_timesteps | 224000   |
| train/             |          |
|    actor_loss      | 2.96e+10 |
|    critic_loss     | 1.27e+20 |
|    ent_coef        | 5.24e+08 |
|    ent_coef_loss   | -377     |
|    learning_rate   | 0.0001   |
|    n_updates       | 223899   |
|    reward          | 5759.977 |
---------------------------------
EPISODE:  226
EPISODE:  227
EPISODE:  228
EPISODE:  229
---------------------------------
| time/              |          |
|    episodes        | 228      |
|    fps             | 8        |
|    time_elapsed    | 28491    |
|    total_timesteps | 228000   |
| train/             |          |
|    actor_loss      | 3.7e+10  |
|    critic_loss     | 2.76e+20 |
|    ent_coef        | 7.8e+08  |
|    ent_coef_loss   | -384     |
|    learning_rate   | 0.0001   |
|    n_updates       | 227899   |
|    reward          | 5759.977 |
---------------------------------
EPISODE:  230
EPISODE:  231
EPISODE:  232
EPISODE:  233
---------------------------------
| time/              |          |
|    episodes        | 232      |
|    fps             | 8        |
|    time_elapsed    | 28992    |
|    total_timesteps | 232000   |
| train/             |          |
|    actor_loss      | 4.68e+10 |
|    critic_loss     | 6e+20    |
|    ent_coef        | 1.16e+09 |
|    ent_coef_loss   | -392     |
|    learning_rate   | 0.0001   |
|    n_updates       | 231899   |
|    reward          | 5759.977 |
---------------------------------
EPISODE:  234
EPISODE:  235
EPISODE:  236
EPISODE:  237
---------------------------------
| time/              |          |
|    episodes        | 236      |
|    fps             | 8        |
|    time_elapsed    | 29492    |
|    total_timesteps | 236000   |
| train/             |          |
|    actor_loss      | 6.21e+10 |
|    critic_loss     | 1.32e+21 |
|    ent_coef        | 1.73e+09 |
|    ent_coef_loss   | -398     |
|    learning_rate   | 0.0001   |
|    n_updates       | 235899   |
|    reward          | 5759.977 |
---------------------------------
EPISODE:  238
EPISODE:  239
EPISODE:  240
EPISODE:  241
---------------------------------
| time/              |          |
|    episodes        | 240      |
|    fps             | 8        |
|    time_elapsed    | 29994    |
|    total_timesteps | 240000   |
| train/             |          |
|    actor_loss      | 8.24e+10 |
|    critic_loss     | 2.91e+21 |
|    ent_coef        | 2.57e+09 |
|    ent_coef_loss   | -406     |
|    learning_rate   | 0.0001   |
|    n_updates       | 239899   |
|    reward          | 5759.977 |
---------------------------------
EPISODE:  242
EPISODE:  243
EPISODE:  244
EPISODE:  245
---------------------------------
| time/              |          |
|    episodes        | 244      |
|    fps             | 8        |
|    time_elapsed    | 30494    |
|    total_timesteps | 244000   |
| train/             |          |
|    actor_loss      | 1.11e+11 |
|    critic_loss     | 6.35e+21 |
|    ent_coef        | 3.82e+09 |
|    ent_coef_loss   | -418     |
|    learning_rate   | 0.0001   |
|    n_updates       | 243899   |
|    reward          | 5759.977 |
---------------------------------
EPISODE:  246
EPISODE:  247
EPISODE:  248
EPISODE:  249
---------------------------------
| time/              |          |
|    episodes        | 248      |
|    fps             | 8        |
|    time_elapsed    | 30995    |
|    total_timesteps | 248000   |
| train/             |          |
|    actor_loss      | 1.55e+11 |
|    critic_loss     | 1.4e+22  |
|    ent_coef        | 5.69e+09 |
|    ent_coef_loss   | -422     |
|    learning_rate   | 0.0001   |
|    n_updates       | 247899   |
|    reward          | 5759.977 |
---------------------------------
EPISODE:  250
EPISODE:  251
EPISODE:  252
EPISODE:  253
---------------------------------
| time/              |          |
|    episodes        | 252      |
|    fps             | 8        |
|    time_elapsed    | 31484    |
|    total_timesteps | 252000   |
| train/             |          |
|    actor_loss      | 2.15e+11 |
|    critic_loss     | 3.09e+22 |
|    ent_coef        | 8.46e+09 |
|    ent_coef_loss   | -430     |
|    learning_rate   | 0.0001   |
|    n_updates       | 251899   |
|    reward          | 5759.977 |
---------------------------------
EPISODE:  254
EPISODE:  255
EPISODE:  256
EPISODE:  257
---------------------------------
| time/              |          |
|    episodes        | 256      |
|    fps             | 8        |
|    time_elapsed    | 31977    |
|    total_timesteps | 256000   |
| train/             |          |
|    actor_loss      | 3.06e+11 |
|    critic_loss     | 6.89e+22 |
|    ent_coef        | 1.26e+10 |
|    ent_coef_loss   | -437     |
|    learning_rate   | 0.0001   |
|    n_updates       | 255899   |
|    reward          | 5759.977 |
---------------------------------
EPISODE:  258
EPISODE:  259
EPISODE:  260
EPISODE:  261
---------------------------------
| time/              |          |
|    episodes        | 260      |
|    fps             | 8        |
|    time_elapsed    | 32469    |
|    total_timesteps | 260000   |
| train/             |          |
|    actor_loss      | 4.39e+11 |
|    critic_loss     | 1.49e+23 |
|    ent_coef        | 1.87e+10 |
|    ent_coef_loss   | -445     |
|    learning_rate   | 0.0001   |
|    n_updates       | 259899   |
|    reward          | 5759.977 |
---------------------------------
EPISODE:  262
EPISODE:  263
EPISODE:  264
EPISODE:  265
---------------------------------
| time/              |          |
|    episodes        | 264      |
|    fps             | 8        |
|    time_elapsed    | 32963    |
|    total_timesteps | 264000   |
| train/             |          |
|    actor_loss      | 6.27e+11 |
|    critic_loss     | 3.29e+23 |
|    ent_coef        | 2.79e+10 |
|    ent_coef_loss   | -447     |
|    learning_rate   | 0.0001   |
|    n_updates       | 263899   |
|    reward          | 5759.977 |
---------------------------------
EPISODE:  266
EPISODE:  267
EPISODE:  268
EPISODE:  269
---------------------------------
| time/              |          |
|    episodes        | 268      |
|    fps             | 8        |
|    time_elapsed    | 33462    |
|    total_timesteps | 268000   |
| train/             |          |
|    actor_loss      | 9.11e+11 |
|    critic_loss     | 7.48e+23 |
|    ent_coef        | 4.15e+10 |
|    ent_coef_loss   | -456     |
|    learning_rate   | 0.0001   |
|    n_updates       | 267899   |
|    reward          | 5759.977 |
---------------------------------
EPISODE:  270
EPISODE:  271
EPISODE:  272
EPISODE:  273
---------------------------------
| time/              |          |
|    episodes        | 272      |
|    fps             | 8        |
|    time_elapsed    | 33987    |
|    total_timesteps | 272000   |
| train/             |          |
|    actor_loss      | 1.34e+12 |
|    critic_loss     | 1.6e+24  |
|    ent_coef        | 6.18e+10 |
|    ent_coef_loss   | -466     |
|    learning_rate   | 0.0001   |
|    n_updates       | 271899   |
|    reward          | 5759.977 |
---------------------------------
EPISODE:  274
EPISODE:  275
EPISODE:  276
EPISODE:  277
---------------------------------
| time/              |          |
|    episodes        | 276      |
|    fps             | 7        |
|    time_elapsed    | 34511    |
|    total_timesteps | 276000   |
| train/             |          |
|    actor_loss      | 1.96e+12 |
|    critic_loss     | 3.57e+24 |
|    ent_coef        | 9.19e+10 |
|    ent_coef_loss   | -473     |
|    learning_rate   | 0.0001   |
|    n_updates       | 275899   |
|    reward          | 5759.977 |
---------------------------------
EPISODE:  278
EPISODE:  279
EPISODE:  280
EPISODE:  281
---------------------------------
| time/              |          |
|    episodes        | 280      |
|    fps             | 7        |
|    time_elapsed    | 35034    |
|    total_timesteps | 280000   |
| train/             |          |
|    actor_loss      | 2.93e+12 |
|    critic_loss     | 7.97e+24 |
|    ent_coef        | 1.37e+11 |
|    ent_coef_loss   | -486     |
|    learning_rate   | 0.0001   |
|    n_updates       | 279899   |
|    reward          | 5759.977 |
---------------------------------
EPISODE:  282
EPISODE:  283
EPISODE:  284
EPISODE:  285
---------------------------------
| time/              |          |
|    episodes        | 284      |
|    fps             | 7        |
|    time_elapsed    | 35559    |
|    total_timesteps | 284000   |
| train/             |          |
|    actor_loss      | 4.28e+12 |
|    critic_loss     | 1.78e+25 |
|    ent_coef        | 2.03e+11 |
|    ent_coef_loss   | -488     |
|    learning_rate   | 0.0001   |
|    n_updates       | 283899   |
|    reward          | 5759.977 |
---------------------------------
EPISODE:  286
EPISODE:  287
EPISODE:  288
EPISODE:  289
---------------------------------
| time/              |          |
|    episodes        | 288      |
|    fps             | 7        |
|    time_elapsed    | 36083    |
|    total_timesteps | 288000   |
| train/             |          |
|    actor_loss      | 6.4e+12  |
|    critic_loss     | 3.9e+25  |
|    ent_coef        | 3.03e+11 |
|    ent_coef_loss   | -500     |
|    learning_rate   | 0.0001   |
|    n_updates       | 287899   |
|    reward          | 5759.977 |
---------------------------------
EPISODE:  290
EPISODE:  291
EPISODE:  292
EPISODE:  293
---------------------------------
| time/              |          |
|    episodes        | 292      |
|    fps             | 7        |
|    time_elapsed    | 36608    |
|    total_timesteps | 292000   |
| train/             |          |
|    actor_loss      | 9.39e+12 |
|    critic_loss     | 8.53e+25 |
|    ent_coef        | 4.51e+11 |
|    ent_coef_loss   | -502     |
|    learning_rate   | 0.0001   |
|    n_updates       | 291899   |
|    reward          | 5759.977 |
---------------------------------
EPISODE:  294
EPISODE:  295
EPISODE:  296
EPISODE:  297
---------------------------------
| time/              |          |
|    episodes        | 296      |
|    fps             | 7        |
|    time_elapsed    | 37132    |
|    total_timesteps | 296000   |
| train/             |          |
|    actor_loss      | 1.39e+13 |
|    critic_loss     | 1.91e+26 |
|    ent_coef        | 6.71e+11 |
|    ent_coef_loss   | -508     |
|    learning_rate   | 0.0001   |
|    n_updates       | 295899   |
|    reward          | 5759.977 |
---------------------------------
EPISODE:  298
EPISODE:  299
EPISODE:  300
EPISODE:  301
---------------------------------
| time/              |          |
|    episodes        | 300      |
|    fps             | 7        |
|    time_elapsed    | 37656    |
|    total_timesteps | 300000   |
| train/             |          |
|    actor_loss      | 2.09e+13 |
|    critic_loss     | 4.22e+26 |
|    ent_coef        | 9.98e+11 |
|    ent_coef_loss   | -521     |
|    learning_rate   | 0.0001   |
|    n_updates       | 299899   |
|    reward          | 5759.977 |
---------------------------------
EPISODE:  302
EPISODE:  303
EPISODE:  304
EPISODE:  305
---------------------------------
| time/              |          |
|    episodes        | 304      |
|    fps             | 7        |
|    time_elapsed    | 38180    |
|    total_timesteps | 304000   |
| train/             |          |
|    actor_loss      | 3.12e+13 |
|    critic_loss     | 9.44e+26 |
|    ent_coef        | 1.48e+12 |
|    ent_coef_loss   | -531     |
|    learning_rate   | 0.0001   |
|    n_updates       | 303899   |
|    reward          | 5759.977 |
---------------------------------
EPISODE:  306
EPISODE:  307
EPISODE:  308
EPISODE:  309
---------------------------------
| time/              |          |
|    episodes        | 308      |
|    fps             | 7        |
|    time_elapsed    | 38704    |
|    total_timesteps | 308000   |
| train/             |          |
|    actor_loss      | 4.62e+13 |
|    critic_loss     | 2.05e+27 |
|    ent_coef        | 2.21e+12 |
|    ent_coef_loss   | -536     |
|    learning_rate   | 0.0001   |
|    n_updates       | 307899   |
|    reward          | 5759.977 |
---------------------------------
EPISODE:  310
EPISODE:  311
EPISODE:  312
EPISODE:  313
---------------------------------
| time/              |          |
|    episodes        | 312      |
|    fps             | 7        |
|    time_elapsed    | 39229    |
|    total_timesteps | 312000   |
| train/             |          |
|    actor_loss      | 6.81e+13 |
|    critic_loss     | 4.58e+27 |
|    ent_coef        | 3.29e+12 |
|    ent_coef_loss   | -539     |
|    learning_rate   | 0.0001   |
|    n_updates       | 311899   |
|    reward          | 5759.977 |
---------------------------------
EPISODE:  314
EPISODE:  315
EPISODE:  316
EPISODE:  317
---------------------------------
| time/              |          |
|    episodes        | 316      |
|    fps             | 7        |
|    time_elapsed    | 39753    |
|    total_timesteps | 316000   |
| train/             |          |
|    actor_loss      | 1.02e+14 |
|    critic_loss     | 1e+28    |
|    ent_coef        | 4.89e+12 |
|    ent_coef_loss   | -548     |
|    learning_rate   | 0.0001   |
|    n_updates       | 315899   |
|    reward          | 5759.977 |
---------------------------------
EPISODE:  318
EPISODE:  319
EPISODE:  320
EPISODE:  321
---------------------------------
| time/              |          |
|    episodes        | 320      |
|    fps             | 7        |
|    time_elapsed    | 40278    |
|    total_timesteps | 320000   |
| train/             |          |
|    actor_loss      | 1.51e+14 |
|    critic_loss     | 2.27e+28 |
|    ent_coef        | 7.28e+12 |
|    ent_coef_loss   | -556     |
|    learning_rate   | 0.0001   |
|    n_updates       | 319899   |
|    reward          | 5759.977 |
---------------------------------
EPISODE:  322
EPISODE:  323
EPISODE:  324
EPISODE:  325
---------------------------------
| time/              |          |
|    episodes        | 324      |
|    fps             | 7        |
|    time_elapsed    | 40802    |
|    total_timesteps | 324000   |
| train/             |          |
|    actor_loss      | 2.24e+14 |
|    critic_loss     | 5.02e+28 |
|    ent_coef        | 1.08e+13 |
|    ent_coef_loss   | -561     |
|    learning_rate   | 0.0001   |
|    n_updates       | 323899   |
|    reward          | 5759.977 |
---------------------------------
EPISODE:  326
EPISODE:  327
EPISODE:  328
EPISODE:  329
---------------------------------
| time/              |          |
|    episodes        | 328      |
|    fps             | 7        |
|    time_elapsed    | 41327    |
|    total_timesteps | 328000   |
| train/             |          |
|    actor_loss      | 3.35e+14 |
|    critic_loss     | 1.1e+29  |
|    ent_coef        | 1.61e+13 |
|    ent_coef_loss   | -570     |
|    learning_rate   | 0.0001   |
|    n_updates       | 327899   |
|    reward          | 5759.977 |
---------------------------------
EPISODE:  330
EPISODE:  331
EPISODE:  332
EPISODE:  333
---------------------------------
| time/              |          |
|    episodes        | 332      |
|    fps             | 7        |
|    time_elapsed    | 41851    |
|    total_timesteps | 332000   |
| train/             |          |
|    actor_loss      | 4.98e+14 |
|    critic_loss     | 2.44e+29 |
|    ent_coef        | 2.4e+13  |
|    ent_coef_loss   | -578     |
|    learning_rate   | 0.0001   |
|    n_updates       | 331899   |
|    reward          | 5759.977 |
---------------------------------
EPISODE:  334
EPISODE:  335
EPISODE:  336
EPISODE:  337
---------------------------------
| time/              |          |
|    episodes        | 336      |
|    fps             | 7        |
|    time_elapsed    | 42376    |
|    total_timesteps | 336000   |
| train/             |          |
|    actor_loss      | 7.39e+14 |
|    critic_loss     | 5.41e+29 |
|    ent_coef        | 3.57e+13 |
|    ent_coef_loss   | -583     |
|    learning_rate   | 0.0001   |
|    n_updates       | 335899   |
|    reward          | 5759.977 |
---------------------------------
EPISODE:  338
EPISODE:  339
EPISODE:  340
EPISODE:  341
---------------------------------
| time/              |          |
|    episodes        | 340      |
|    fps             | 7        |
|    time_elapsed    | 42901    |
|    total_timesteps | 340000   |
| train/             |          |
|    actor_loss      | 1.11e+15 |
|    critic_loss     | 1.2e+30  |
|    ent_coef        | 5.31e+13 |
|    ent_coef_loss   | -595     |
|    learning_rate   | 0.0001   |
|    n_updates       | 339899   |
|    reward          | 5759.977 |
---------------------------------
EPISODE:  342
EPISODE:  343
EPISODE:  344
EPISODE:  345
---------------------------------
| time/              |          |
|    episodes        | 344      |
|    fps             | 7        |
|    time_elapsed    | 43425    |
|    total_timesteps | 344000   |
| train/             |          |
|    actor_loss      | 1.63e+15 |
|    critic_loss     | 2.64e+30 |
|    ent_coef        | 7.91e+13 |
|    ent_coef_loss   | -597     |
|    learning_rate   | 0.0001   |
|    n_updates       | 343899   |
|    reward          | 5759.977 |
---------------------------------
EPISODE:  346
EPISODE:  347
EPISODE:  348
EPISODE:  349
---------------------------------
| time/              |          |
|    episodes        | 348      |
|    fps             | 7        |
|    time_elapsed    | 43950    |
|    total_timesteps | 348000   |
| train/             |          |
|    actor_loss      | 2.46e+15 |
|    critic_loss     | 5.86e+30 |
|    ent_coef        | 1.18e+14 |
|    ent_coef_loss   | -612     |
|    learning_rate   | 0.0001   |
|    n_updates       | 347899   |
|    reward          | 5759.977 |
---------------------------------
EPISODE:  350
EPISODE:  351
EPISODE:  352
EPISODE:  353
---------------------------------
| time/              |          |
|    episodes        | 352      |
|    fps             | 7        |
|    time_elapsed    | 44475    |
|    total_timesteps | 352000   |
| train/             |          |
|    actor_loss      | 3.64e+15 |
|    critic_loss     | 1.3e+31  |
|    ent_coef        | 1.75e+14 |
|    ent_coef_loss   | -616     |
|    learning_rate   | 0.0001   |
|    n_updates       | 351899   |
|    reward          | 5759.977 |
---------------------------------
EPISODE:  354
EPISODE:  355
EPISODE:  356
EPISODE:  357
---------------------------------
| time/              |          |
|    episodes        | 356      |
|    fps             | 7        |
|    time_elapsed    | 45000    |
|    total_timesteps | 356000   |
| train/             |          |
|    actor_loss      | 5.42e+15 |
|    critic_loss     | 2.87e+31 |
|    ent_coef        | 2.6e+14  |
|    ent_coef_loss   | -626     |
|    learning_rate   | 0.0001   |
|    n_updates       | 355899   |
|    reward          | 5759.977 |
---------------------------------
EPISODE:  358
EPISODE:  359
EPISODE:  360
EPISODE:  361
---------------------------------
| time/              |          |
|    episodes        | 360      |
|    fps             | 7        |
|    time_elapsed    | 45524    |
|    total_timesteps | 360000   |
| train/             |          |
|    actor_loss      | 7.99e+15 |
|    critic_loss     | 6.38e+31 |
|    ent_coef        | 3.87e+14 |
|    ent_coef_loss   | -627     |
|    learning_rate   | 0.0001   |
|    n_updates       | 359899   |
|    reward          | 5759.977 |
---------------------------------
EPISODE:  362
EPISODE:  363
EPISODE:  364
EPISODE:  365
---------------------------------
| time/              |          |
|    episodes        | 364      |
|    fps             | 7        |
|    time_elapsed    | 46049    |
|    total_timesteps | 364000   |
| train/             |          |
|    actor_loss      | 1.2e+16  |
|    critic_loss     | 1.42e+32 |
|    ent_coef        | 5.75e+14 |
|    ent_coef_loss   | -639     |
|    learning_rate   | 0.0001   |
|    n_updates       | 363899   |
|    reward          | 5759.977 |
---------------------------------
EPISODE:  366
EPISODE:  367
EPISODE:  368
EPISODE:  369
---------------------------------
| time/              |          |
|    episodes        | 368      |
|    fps             | 7        |
|    time_elapsed    | 46574    |
|    total_timesteps | 368000   |
| train/             |          |
|    actor_loss      | 1.77e+16 |
|    critic_loss     | 3.15e+32 |
|    ent_coef        | 8.55e+14 |
|    ent_coef_loss   | -645     |
|    learning_rate   | 0.0001   |
|    n_updates       | 367899   |
|    reward          | 5759.977 |
---------------------------------
EPISODE:  370
EPISODE:  371
EPISODE:  372
EPISODE:  373
---------------------------------
| time/              |          |
|    episodes        | 372      |
|    fps             | 7        |
|    time_elapsed    | 47098    |
|    total_timesteps | 372000   |
| train/             |          |
|    actor_loss      | 2.62e+16 |
|    critic_loss     | 6.98e+32 |
|    ent_coef        | 1.27e+15 |
|    ent_coef_loss   | -649     |
|    learning_rate   | 0.0001   |
|    n_updates       | 371899   |
|    reward          | 5759.977 |
---------------------------------
EPISODE:  374
EPISODE:  375
EPISODE:  376
EPISODE:  377
---------------------------------
| time/              |          |
|    episodes        | 376      |
|    fps             | 7        |
|    time_elapsed    | 47623    |
|    total_timesteps | 376000   |
| train/             |          |
|    actor_loss      | 3.92e+16 |
|    critic_loss     | 1.51e+33 |
|    ent_coef        | 1.89e+15 |
|    ent_coef_loss   | -660     |
|    learning_rate   | 0.0001   |
|    n_updates       | 375899   |
|    reward          | 5759.977 |
---------------------------------
EPISODE:  378
EPISODE:  379
EPISODE:  380
EPISODE:  381
---------------------------------
| time/              |          |
|    episodes        | 380      |
|    fps             | 7        |
|    time_elapsed    | 48148    |
|    total_timesteps | 380000   |
| train/             |          |
|    actor_loss      | 5.85e+16 |
|    critic_loss     | 3.3e+33  |
|    ent_coef        | 2.81e+15 |
|    ent_coef_loss   | -669     |
|    learning_rate   | 0.0001   |
|    n_updates       | 379899   |
|    reward          | 5759.977 |
---------------------------------
EPISODE:  382
EPISODE:  383
EPISODE:  384
EPISODE:  385
---------------------------------
| time/              |          |
|    episodes        | 384      |
|    fps             | 7        |
|    time_elapsed    | 48673    |
|    total_timesteps | 384000   |
| train/             |          |
|    actor_loss      | 8.77e+16 |
|    critic_loss     | 7.28e+33 |
|    ent_coef        | 4.18e+15 |
|    ent_coef_loss   | -683     |
|    learning_rate   | 0.0001   |
|    n_updates       | 383899   |
|    reward          | 5759.977 |
---------------------------------
EPISODE:  386
EPISODE:  387
EPISODE:  388
EPISODE:  389
---------------------------------
| time/              |          |
|    episodes        | 388      |
|    fps             | 7        |
|    time_elapsed    | 49197    |
|    total_timesteps | 388000   |
| train/             |          |
|    actor_loss      | 1.3e+17  |
|    critic_loss     | 1.61e+34 |
|    ent_coef        | 6.21e+15 |
|    ent_coef_loss   | -687     |
|    learning_rate   | 0.0001   |
|    n_updates       | 387899   |
|    reward          | 5759.977 |
---------------------------------
EPISODE:  390
EPISODE:  391
EPISODE:  392
EPISODE:  393
---------------------------------
| time/              |          |
|    episodes        | 392      |
|    fps             | 7        |
|    time_elapsed    | 49722    |
|    total_timesteps | 392000   |
| train/             |          |
|    actor_loss      | 1.92e+17 |
|    critic_loss     | 3.64e+34 |
|    ent_coef        | 9.24e+15 |
|    ent_coef_loss   | -692     |
|    learning_rate   | 0.0001   |
|    n_updates       | 391899   |
|    reward          | 5759.977 |
---------------------------------
EPISODE:  394
EPISODE:  395
EPISODE:  396
EPISODE:  397
---------------------------------
| time/              |          |
|    episodes        | 396      |
|    fps             | 7        |
|    time_elapsed    | 50247    |
|    total_timesteps | 396000   |
| train/             |          |
|    actor_loss      | 2.85e+17 |
|    critic_loss     | 7.93e+34 |
|    ent_coef        | 1.37e+16 |
|    ent_coef_loss   | -697     |
|    learning_rate   | 0.0001   |
|    n_updates       | 395899   |
|    reward          | 5759.977 |
---------------------------------
EPISODE:  398
EPISODE:  399
EPISODE:  400
EPISODE:  401
---------------------------------
| time/              |          |
|    episodes        | 400      |
|    fps             | 7        |
|    time_elapsed    | 50772    |
|    total_timesteps | 400000   |
| train/             |          |
|    actor_loss      | 4.24e+17 |
|    critic_loss     | 1.74e+35 |
|    ent_coef        | 2.04e+16 |
|    ent_coef_loss   | -705     |
|    learning_rate   | 0.0001   |
|    n_updates       | 399899   |
|    reward          | 5759.977 |
---------------------------------
EPISODE:  402
EPISODE:  403
EPISODE:  404
EPISODE:  405
---------------------------------
| time/              |          |
|    episodes        | 404      |
|    fps             | 7        |
|    time_elapsed    | 51297    |
|    total_timesteps | 404000   |
| train/             |          |
|    actor_loss      | 6.3e+17  |
|    critic_loss     | 3.84e+35 |
|    ent_coef        | 3.04e+16 |
|    ent_coef_loss   | -712     |
|    learning_rate   | 0.0001   |
|    n_updates       | 403899   |
|    reward          | 5759.977 |
---------------------------------
EPISODE:  406
EPISODE:  407
EPISODE:  408
EPISODE:  409
---------------------------------
| time/              |          |
|    episodes        | 408      |
|    fps             | 7        |
|    time_elapsed    | 51822    |
|    total_timesteps | 408000   |
| train/             |          |
|    actor_loss      | 9.39e+17 |
|    critic_loss     | 8.68e+35 |
|    ent_coef        | 4.52e+16 |
|    ent_coef_loss   | -721     |
|    learning_rate   | 0.0001   |
|    n_updates       | 407899   |
|    reward          | 5759.977 |
---------------------------------
EPISODE:  410
EPISODE:  411
EPISODE:  412
EPISODE:  413
---------------------------------
| time/              |          |
|    episodes        | 412      |
|    fps             | 7        |
|    time_elapsed    | 52347    |
|    total_timesteps | 412000   |
| train/             |          |
|    actor_loss      | 1.4e+18  |
|    critic_loss     | 1.9e+36  |
|    ent_coef        | 6.71e+16 |
|    ent_coef_loss   | -728     |
|    learning_rate   | 0.0001   |
|    n_updates       | 411899   |
|    reward          | 5759.977 |
---------------------------------
EPISODE:  414
EPISODE:  415
EPISODE:  416
EPISODE:  417
---------------------------------
| time/              |          |
|    episodes        | 416      |
|    fps             | 7        |
|    time_elapsed    | 52871    |
|    total_timesteps | 416000   |
| train/             |          |
|    actor_loss      | 2.08e+18 |
|    critic_loss     | inf      |
|    ent_coef        | 9.98e+16 |
|    ent_coef_loss   | -736     |
|    learning_rate   | 0.0001   |
|    n_updates       | 415899   |
|    reward          | 5759.977 |
---------------------------------
EPISODE:  418
EPISODE:  419
EPISODE:  420
EPISODE:  421
---------------------------------
| time/              |          |
|    episodes        | 420      |
|    fps             | 7        |
|    time_elapsed    | 53397    |
|    total_timesteps | 420000   |
| train/             |          |
|    actor_loss      | 3.09e+18 |
|    critic_loss     | inf      |
|    ent_coef        | 1.48e+17 |
|    ent_coef_loss   | -744     |
|    learning_rate   | 0.0001   |
|    n_updates       | 419899   |
|    reward          | 5759.977 |
---------------------------------
EPISODE:  422
EPISODE:  423
EPISODE:  424
EPISODE:  425
---------------------------------
| time/              |          |
|    episodes        | 424      |
|    fps             | 7        |
|    time_elapsed    | 53921    |
|    total_timesteps | 424000   |
| train/             |          |
|    actor_loss      | 4.64e+18 |
|    critic_loss     | inf      |
|    ent_coef        | 2.21e+17 |
|    ent_coef_loss   | -759     |
|    learning_rate   | 0.0001   |
|    n_updates       | 423899   |
|    reward          | 5759.977 |
---------------------------------
EPISODE:  426
EPISODE:  427
EPISODE:  428
EPISODE:  429
---------------------------------
| time/              |          |
|    episodes        | 428      |
|    fps             | 7        |
|    time_elapsed    | 54447    |
|    total_timesteps | 428000   |
| train/             |          |
|    actor_loss      | 6.83e+18 |
|    critic_loss     | inf      |
|    ent_coef        | 3.28e+17 |
|    ent_coef_loss   | -759     |
|    learning_rate   | 0.0001   |
|    n_updates       | 427899   |
|    reward          | 5759.977 |
---------------------------------
EPISODE:  430
EPISODE:  431
EPISODE:  432
EPISODE:  433
---------------------------------
| time/              |          |
|    episodes        | 432      |
|    fps             | 7        |
|    time_elapsed    | 54972    |
|    total_timesteps | 432000   |
| train/             |          |
|    actor_loss      | 1.02e+19 |
|    critic_loss     | inf      |
|    ent_coef        | 4.88e+17 |
|    ent_coef_loss   | -766     |
|    learning_rate   | 0.0001   |
|    n_updates       | 431899   |
|    reward          | 5759.977 |
---------------------------------
EPISODE:  434
EPISODE:  435
EPISODE:  436
EPISODE:  437
---------------------------------
| time/              |          |
|    episodes        | 436      |
|    fps             | 7        |
|    time_elapsed    | 55497    |
|    total_timesteps | 436000   |
| train/             |          |
|    actor_loss      | 1.51e+19 |
|    critic_loss     | inf      |
|    ent_coef        | 7.26e+17 |
|    ent_coef_loss   | -775     |
|    learning_rate   | 0.0001   |
|    n_updates       | 435899   |
|    reward          | 5759.977 |
---------------------------------
EPISODE:  438
EPISODE:  439
EPISODE:  440
EPISODE:  441
---------------------------------
| time/              |          |
|    episodes        | 440      |
|    fps             | 7        |
|    time_elapsed    | 56022    |
|    total_timesteps | 440000   |
| train/             |          |
|    actor_loss      | 2.24e+19 |
|    critic_loss     | inf      |
|    ent_coef        | 1.08e+18 |
|    ent_coef_loss   | -778     |
|    learning_rate   | 0.0001   |
|    n_updates       | 439899   |
|    reward          | 5759.977 |
---------------------------------
EPISODE:  442
EPISODE:  443
EPISODE:  444
EPISODE:  445
---------------------------------
| time/              |          |
|    episodes        | 444      |
|    fps             | 7        |
|    time_elapsed    | 56547    |
|    total_timesteps | 444000   |
| train/             |          |
|    actor_loss      | 3.36e+19 |
|    critic_loss     | inf      |
|    ent_coef        | 1.6e+18  |
|    ent_coef_loss   | -794     |
|    learning_rate   | 0.0001   |
|    n_updates       | 443899   |
|    reward          | 5759.977 |
---------------------------------
EPISODE:  446
EPISODE:  447
EPISODE:  448
EPISODE:  449
---------------------------------
| time/              |          |
|    episodes        | 448      |
|    fps             | 7        |
|    time_elapsed    | 57073    |
|    total_timesteps | 448000   |
| train/             |          |
|    actor_loss      | 4.94e+19 |
|    critic_loss     | inf      |
|    ent_coef        | 2.39e+18 |
|    ent_coef_loss   | -791     |
|    learning_rate   | 0.0001   |
|    n_updates       | 447899   |
|    reward          | 5759.977 |
---------------------------------
EPISODE:  450
EPISODE:  451
EPISODE:  452
EPISODE:  453
---------------------------------
| time/              |          |
|    episodes        | 452      |
|    fps             | 7        |
|    time_elapsed    | 57597    |
|    total_timesteps | 452000   |
| train/             |          |
|    actor_loss      | 7.39e+19 |
|    critic_loss     | inf      |
|    ent_coef        | 3.55e+18 |
|    ent_coef_loss   | -804     |
|    learning_rate   | 0.0001   |
|    n_updates       | 451899   |
|    reward          | 5759.977 |
---------------------------------
EPISODE:  454
EPISODE:  455
EPISODE:  456
EPISODE:  457
---------------------------------
| time/              |          |
|    episodes        | 456      |
|    fps             | 7        |
|    time_elapsed    | 58123    |
|    total_timesteps | 456000   |
| train/             |          |
|    actor_loss      | 1.09e+20 |
|    critic_loss     | inf      |
|    ent_coef        | 5.28e+18 |
|    ent_coef_loss   | -807     |
|    learning_rate   | 0.0001   |
|    n_updates       | 455899   |
|    reward          | 5759.977 |
---------------------------------
EPISODE:  458
EPISODE:  459
EPISODE:  460
EPISODE:  461
---------------------------------
| time/              |          |
|    episodes        | 460      |
|    fps             | 7        |
|    time_elapsed    | 58648    |
|    total_timesteps | 460000   |
| train/             |          |
|    actor_loss      | 1.62e+20 |
|    critic_loss     | inf      |
|    ent_coef        | 7.84e+18 |
|    ent_coef_loss   | -813     |
|    learning_rate   | 0.0001   |
|    n_updates       | 459899   |
|    reward          | 5759.977 |
---------------------------------
EPISODE:  462
EPISODE:  463
EPISODE:  464
EPISODE:  465
---------------------------------
| time/              |          |
|    episodes        | 464      |
|    fps             | 7        |
|    time_elapsed    | 59173    |
|    total_timesteps | 464000   |
| train/             |          |
|    actor_loss      | 2.42e+20 |
|    critic_loss     | inf      |
|    ent_coef        | 1.17e+19 |
|    ent_coef_loss   | -822     |
|    learning_rate   | 0.0001   |
|    n_updates       | 463899   |
|    reward          | 5759.977 |
---------------------------------
EPISODE:  466
EPISODE:  467
EPISODE:  468
EPISODE:  469
---------------------------------
| time/              |          |
|    episodes        | 468      |
|    fps             | 7        |
|    time_elapsed    | 59699    |
|    total_timesteps | 468000   |
| train/             |          |
|    actor_loss      | 3.62e+20 |
|    critic_loss     | inf      |
|    ent_coef        | 1.73e+19 |
|    ent_coef_loss   | -837     |
|    learning_rate   | 0.0001   |
|    n_updates       | 467899   |
|    reward          | 5759.977 |
---------------------------------
EPISODE:  470
EPISODE:  471
EPISODE:  472
EPISODE:  473
---------------------------------
| time/              |          |
|    episodes        | 472      |
|    fps             | 7        |
|    time_elapsed    | 60223    |
|    total_timesteps | 472000   |
| train/             |          |
|    actor_loss      | 5.37e+20 |
|    critic_loss     | inf      |
|    ent_coef        | 2.58e+19 |
|    ent_coef_loss   | -840     |
|    learning_rate   | 0.0001   |
|    n_updates       | 471899   |
|    reward          | 5759.977 |
---------------------------------
EPISODE:  474
EPISODE:  475
EPISODE:  476
EPISODE:  477
---------------------------------
| time/              |          |
|    episodes        | 476      |
|    fps             | 7        |
|    time_elapsed    | 60749    |
|    total_timesteps | 476000   |
| train/             |          |
|    actor_loss      | 7.92e+20 |
|    critic_loss     | inf      |
|    ent_coef        | 3.84e+19 |
|    ent_coef_loss   | -841     |
|    learning_rate   | 0.0001   |
|    n_updates       | 475899   |
|    reward          | 5759.977 |
---------------------------------
EPISODE:  478
EPISODE:  479
EPISODE:  480
EPISODE:  481
---------------------------------
| time/              |          |
|    episodes        | 480      |
|    fps             | 7        |
|    time_elapsed    | 61273    |
|    total_timesteps | 480000   |
| train/             |          |
|    actor_loss      | 1.17e+21 |
|    critic_loss     | inf      |
|    ent_coef        | 5.7e+19  |
|    ent_coef_loss   | -842     |
|    learning_rate   | 0.0001   |
|    n_updates       | 479899   |
|    reward          | 5759.977 |
---------------------------------
EPISODE:  482
EPISODE:  483
EPISODE:  484
EPISODE:  485
---------------------------------
| time/              |          |
|    episodes        | 484      |
|    fps             | 7        |
|    time_elapsed    | 61799    |
|    total_timesteps | 484000   |
| train/             |          |
|    actor_loss      | 1.77e+21 |
|    critic_loss     | inf      |
|    ent_coef        | 8.48e+19 |
|    ent_coef_loss   | -865     |
|    learning_rate   | 0.0001   |
|    n_updates       | 483899   |
|    reward          | 5759.977 |
---------------------------------
EPISODE:  486
EPISODE:  487
EPISODE:  488
EPISODE:  489
---------------------------------
| time/              |          |
|    episodes        | 488      |
|    fps             | 7        |
|    time_elapsed    | 62323    |
|    total_timesteps | 488000   |
| train/             |          |
|    actor_loss      | 2.63e+21 |
|    critic_loss     | inf      |
|    ent_coef        | 1.26e+20 |
|    ent_coef_loss   | -873     |
|    learning_rate   | 0.0001   |
|    n_updates       | 487899   |
|    reward          | 5759.977 |
---------------------------------
EPISODE:  490
EPISODE:  491
EPISODE:  492
EPISODE:  493
---------------------------------
| time/              |          |
|    episodes        | 492      |
|    fps             | 7        |
|    time_elapsed    | 62849    |
|    total_timesteps | 492000   |
| train/             |          |
|    actor_loss      | 3.88e+21 |
|    critic_loss     | inf      |
|    ent_coef        | 1.87e+20 |
|    ent_coef_loss   | -872     |
|    learning_rate   | 0.0001   |
|    n_updates       | 491899   |
|    reward          | 5759.977 |
---------------------------------
EPISODE:  494
EPISODE:  495
EPISODE:  496
EPISODE:  497
---------------------------------
| time/              |          |
|    episodes        | 496      |
|    fps             | 7        |
|    time_elapsed    | 63374    |
|    total_timesteps | 496000   |
| train/             |          |
|    actor_loss      | 5.82e+21 |
|    critic_loss     | inf      |
|    ent_coef        | 2.79e+20 |
|    ent_coef_loss   | -889     |
|    learning_rate   | 0.0001   |
|    n_updates       | 495899   |
|    reward          | 5759.977 |
---------------------------------
EPISODE:  498
EPISODE:  499
EPISODE:  500
EPISODE:  501
---------------------------------
| time/              |          |
|    episodes        | 500      |
|    fps             | 7        |
|    time_elapsed    | 63896    |
|    total_timesteps | 500000   |
| train/             |          |
|    actor_loss      | 8.59e+21 |
|    critic_loss     | inf      |
|    ent_coef        | 4.15e+20 |
|    ent_coef_loss   | -889     |
|    learning_rate   | 0.0001   |
|    n_updates       | 499899   |
|    reward          | 5759.977 |
---------------------------------
Saved episode log to Results/4_1/sac/upward/training_logs/06.csv
