EPISODE:  0
{'n_steps': 2048, 'batch_size': 64, 'learning_rate': 0.0003, 'ent_coef': 0.0}
Using cpu device
EPISODE:  1
EPISODE:  2
EPISODE:  3
-------------------------------------
| time/              |              |
|    fps             | 238          |
|    iterations      | 1            |
|    time_elapsed    | 8            |
|    total_timesteps | 2048         |
| train/             |              |
|    reward          | 0.0010799136 |
-------------------------------------
EPISODE:  4
EPISODE:  5
-------------------------------------------
| time/                   |               |
|    fps                  | 211           |
|    iterations           | 2             |
|    time_elapsed         | 19            |
|    total_timesteps      | 4096          |
| train/                  |               |
|    approx_kl            | 0.0030106942  |
|    clip_fraction        | 0.0469        |
|    clip_range           | 0.2           |
|    entropy_loss         | -2.85         |
|    explained_variance   | 0.848         |
|    learning_rate        | 0.0003        |
|    loss                 | -0.0281       |
|    n_updates            | 10            |
|    policy_gradient_loss | -0.00475      |
|    reward               | -0.0011627907 |
|    std                  | 1.01          |
|    value_loss           | 0.00659       |
-------------------------------------------
EPISODE:  6
EPISODE:  7
------------------------------------------
| time/                   |              |
|    fps                  | 204          |
|    iterations           | 3            |
|    time_elapsed         | 30           |
|    total_timesteps      | 6144         |
| train/                  |              |
|    approx_kl            | 0.0043747695 |
|    clip_fraction        | 0.0383       |
|    clip_range           | 0.2          |
|    entropy_loss         | -2.84        |
|    explained_variance   | 0.94         |
|    learning_rate        | 0.0003       |
|    loss                 | -0.0088      |
|    n_updates            | 20           |
|    policy_gradient_loss | -0.00477     |
|    reward               | 0.0012594458 |
|    std                  | 0.991        |
|    value_loss           | 0.00243      |
------------------------------------------
EPISODE:  8
EPISODE:  9
-------------------------------------------
| time/                   |               |
|    fps                  | 198           |
|    iterations           | 4             |
|    time_elapsed         | 41            |
|    total_timesteps      | 8192          |
| train/                  |               |
|    approx_kl            | 0.0047664708  |
|    clip_fraction        | 0.0432        |
|    clip_range           | 0.2           |
|    entropy_loss         | -2.79         |
|    explained_variance   | 0.907         |
|    learning_rate        | 0.0003        |
|    loss                 | -0.0199       |
|    n_updates            | 30            |
|    policy_gradient_loss | -0.00509      |
|    reward               | -0.0013736264 |
|    std                  | 0.966         |
|    value_loss           | 0.00393       |
-------------------------------------------
EPISODE:  10
EPISODE:  11
------------------------------------------
| time/                   |              |
|    fps                  | 196          |
|    iterations           | 5            |
|    time_elapsed         | 52           |
|    total_timesteps      | 10240        |
| train/                  |              |
|    approx_kl            | 0.0041698664 |
|    clip_fraction        | 0.0581       |
|    clip_range           | 0.2          |
|    entropy_loss         | -2.76        |
|    explained_variance   | 0.932        |
|    learning_rate        | 0.0003       |
|    loss                 | 0.0085       |
|    n_updates            | 40           |
|    policy_gradient_loss | -0.00367     |
|    reward               | 0.001510574  |
|    std                  | 0.956        |
|    value_loss           | 0.00585      |
------------------------------------------
EPISODE:  12
EPISODE:  13
------------------------------------------
| time/                   |              |
|    fps                  | 196          |
|    iterations           | 6            |
|    time_elapsed         | 62           |
|    total_timesteps      | 12288        |
| train/                  |              |
|    approx_kl            | 0.0035776887 |
|    clip_fraction        | 0.052        |
|    clip_range           | 0.2          |
|    entropy_loss         | -2.76        |
|    explained_variance   | 0.849        |
|    learning_rate        | 0.0003       |
|    loss                 | -0.031       |
|    n_updates            | 50           |
|    policy_gradient_loss | -0.00203     |
|    reward               | 0.0016778524 |
|    std                  | 0.964        |
|    value_loss           | 0.0175       |
------------------------------------------
EPISODE:  14
EPISODE:  15
-------------------------------------------
| time/                   |               |
|    fps                  | 194           |
|    iterations           | 7             |
|    time_elapsed         | 73            |
|    total_timesteps      | 14336         |
| train/                  |               |
|    approx_kl            | 0.005520124   |
|    clip_fraction        | 0.0571        |
|    clip_range           | 0.2           |
|    entropy_loss         | -2.75         |
|    explained_variance   | 0.957         |
|    learning_rate        | 0.0003        |
|    loss                 | 0.00752       |
|    n_updates            | 60            |
|    policy_gradient_loss | -0.00485      |
|    reward               | -0.0018867925 |
|    std                  | 0.952         |
|    value_loss           | 0.00487       |
-------------------------------------------
EPISODE:  16
EPISODE:  17
------------------------------------------
| time/                   |              |
|    fps                  | 192          |
|    iterations           | 8            |
|    time_elapsed         | 84           |
|    total_timesteps      | 16384        |
| train/                  |              |
|    approx_kl            | 0.0049568266 |
|    clip_fraction        | 0.0664       |
|    clip_range           | 0.2          |
|    entropy_loss         | -2.73        |
|    explained_variance   | 0.791        |
|    learning_rate        | 0.0003       |
|    loss                 | -0.0123      |
|    n_updates            | 70           |
|    policy_gradient_loss | -0.00252     |
|    reward               | 0.0021551724 |
|    std                  | 0.946        |
|    value_loss           | 0.0298       |
------------------------------------------
EPISODE:  18
EPISODE:  19
------------------------------------------
| time/                   |              |
|    fps                  | 190          |
|    iterations           | 9            |
|    time_elapsed         | 96           |
|    total_timesteps      | 18432        |
| train/                  |              |
|    approx_kl            | 0.0060649933 |
|    clip_fraction        | 0.057        |
|    clip_range           | 0.2          |
|    entropy_loss         | -2.71        |
|    explained_variance   | 0.938        |
|    learning_rate        | 0.0003       |
|    loss                 | -0.00598     |
|    n_updates            | 80           |
|    policy_gradient_loss | -0.0014      |
|    reward               | 0.0025125628 |
|    std                  | 0.925        |
|    value_loss           | 0.00522      |
------------------------------------------
EPISODE:  20
EPISODE:  21
------------------------------------------
| time/                   |              |
|    fps                  | 189          |
|    iterations           | 10           |
|    time_elapsed         | 108          |
|    total_timesteps      | 20480        |
| train/                  |              |
|    approx_kl            | 0.0070832917 |
|    clip_fraction        | 0.0575       |
|    clip_range           | 0.2          |
|    entropy_loss         | -2.66        |
|    explained_variance   | 0.969        |
|    learning_rate        | 0.0003       |
|    loss                 | 0.00187      |
|    n_updates            | 90           |
|    policy_gradient_loss | -0.00268     |
|    reward               | 0.003012048  |
|    std                  | 0.91         |
|    value_loss           | 0.00494      |
------------------------------------------
EPISODE:  22
EPISODE:  23
------------------------------------------
| time/                   |              |
|    fps                  | 190          |
|    iterations           | 11           |
|    time_elapsed         | 118          |
|    total_timesteps      | 22528        |
| train/                  |              |
|    approx_kl            | 0.006464379  |
|    clip_fraction        | 0.0806       |
|    clip_range           | 0.2          |
|    entropy_loss         | -2.63        |
|    explained_variance   | 0.963        |
|    learning_rate        | 0.0003       |
|    loss                 | 0.0168       |
|    n_updates            | 100          |
|    policy_gradient_loss | -0.00357     |
|    reward               | 0.0037593986 |
|    std                  | 0.897        |
|    value_loss           | 0.00691      |
------------------------------------------
EPISODE:  24
EPISODE:  25
----------------------------------------
| time/                   |            |
|    fps                  | 189        |
|    iterations           | 12         |
|    time_elapsed         | 129        |
|    total_timesteps      | 24576      |
| train/                  |            |
|    approx_kl            | 0.01027178 |
|    clip_fraction        | 0.0812     |
|    clip_range           | 0.2        |
|    entropy_loss         | -2.61      |
|    explained_variance   | 0.95       |
|    learning_rate        | 0.0003     |
|    loss                 | -0.00857   |
|    n_updates            | 110        |
|    policy_gradient_loss | -0.000253  |
|    reward               | 0.005      |
|    std                  | 0.892      |
|    value_loss           | 0.0113     |
----------------------------------------
EPISODE:  26
EPISODE:  27
------------------------------------------
| time/                   |              |
|    fps                  | 189          |
|    iterations           | 13           |
|    time_elapsed         | 140          |
|    total_timesteps      | 26624        |
| train/                  |              |
|    approx_kl            | 0.0066300323 |
|    clip_fraction        | 0.0567       |
|    clip_range           | 0.2          |
|    entropy_loss         | -2.6         |
|    explained_variance   | 0.971        |
|    learning_rate        | 0.0003       |
|    loss                 | -0.0101      |
|    n_updates            | 120          |
|    policy_gradient_loss | -0.00414     |
|    reward               | 0.0074626864 |
|    std                  | 0.887        |
|    value_loss           | 0.00743      |
------------------------------------------
EPISODE:  28
EPISODE:  29
------------------------------------------
| time/                   |              |
|    fps                  | 190          |
|    iterations           | 14           |
|    time_elapsed         | 150          |
|    total_timesteps      | 28672        |
| train/                  |              |
|    approx_kl            | 0.004989628  |
|    clip_fraction        | 0.0625       |
|    clip_range           | 0.2          |
|    entropy_loss         | -2.59        |
|    explained_variance   | 0.97         |
|    learning_rate        | 0.0003       |
|    loss                 | -0.00377     |
|    n_updates            | 130          |
|    policy_gradient_loss | -0.00459     |
|    reward               | -0.014705882 |
|    std                  | 0.879        |
|    value_loss           | 0.00812      |
------------------------------------------
EPISODE:  30
EPISODE:  31
-----------------------------------------
| time/                   |             |
|    fps                  | 191         |
|    iterations           | 15          |
|    time_elapsed         | 160         |
|    total_timesteps      | 30720       |
| train/                  |             |
|    approx_kl            | 0.009113084 |
|    clip_fraction        | 0.1         |
|    clip_range           | 0.2         |
|    entropy_loss         | -2.58       |
|    explained_variance   | 0.974       |
|    learning_rate        | 0.0003      |
|    loss                 | 0.00939     |
|    n_updates            | 140         |
|    policy_gradient_loss | -0.0067     |
|    reward               | -0.5        |
|    std                  | 0.88        |
|    value_loss           | 0.0092      |
-----------------------------------------
EPISODE:  32
EPISODE:  33
EPISODE:  34
------------------------------------------
| time/                   |              |
|    fps                  | 190          |
|    iterations           | 16           |
|    time_elapsed         | 172          |
|    total_timesteps      | 32768        |
| train/                  |              |
|    approx_kl            | 0.0037019802 |
|    clip_fraction        | 0.0338       |
|    clip_range           | 0.2          |
|    entropy_loss         | -2.57        |
|    explained_variance   | 0.974        |
|    learning_rate        | 0.0003       |
|    loss                 | -0.0141      |
|    n_updates            | 150          |
|    policy_gradient_loss | 0.00113      |
|    reward               | 0.0010787486 |
|    std                  | 0.868        |
|    value_loss           | 0.011        |
------------------------------------------
EPISODE:  35
EPISODE:  36
------------------------------------------
| time/                   |              |
|    fps                  | 190          |
|    iterations           | 17           |
|    time_elapsed         | 182          |
|    total_timesteps      | 34816        |
| train/                  |              |
|    approx_kl            | 0.00395253   |
|    clip_fraction        | 0.0532       |
|    clip_range           | 0.2          |
|    entropy_loss         | -2.54        |
|    explained_variance   | 0.958        |
|    learning_rate        | 0.0003       |
|    loss                 | -0.00166     |
|    n_updates            | 160          |
|    policy_gradient_loss | -0.00212     |
|    reward               | 0.0011614402 |
|    std                  | 0.859        |
|    value_loss           | 0.0162       |
------------------------------------------
EPISODE:  37
EPISODE:  38
------------------------------------------
| time/                   |              |
|    fps                  | 190          |
|    iterations           | 18           |
|    time_elapsed         | 193          |
|    total_timesteps      | 36864        |
| train/                  |              |
|    approx_kl            | 0.004388256  |
|    clip_fraction        | 0.0517       |
|    clip_range           | 0.2          |
|    entropy_loss         | -2.53        |
|    explained_variance   | 0.935        |
|    learning_rate        | 0.0003       |
|    loss                 | -0.012       |
|    n_updates            | 170          |
|    policy_gradient_loss | -0.00198     |
|    reward               | 0.0012578616 |
|    std                  | 0.858        |
|    value_loss           | 0.0253       |
------------------------------------------
EPISODE:  39
EPISODE:  40
------------------------------------------
| time/                   |              |
|    fps                  | 189          |
|    iterations           | 19           |
|    time_elapsed         | 205          |
|    total_timesteps      | 38912        |
| train/                  |              |
|    approx_kl            | 0.0040559983 |
|    clip_fraction        | 0.0389       |
|    clip_range           | 0.2          |
|    entropy_loss         | -2.53        |
|    explained_variance   | 0.974        |
|    learning_rate        | 0.0003       |
|    loss                 | -0.00845     |
|    n_updates            | 180          |
|    policy_gradient_loss | -0.00425     |
|    reward               | 0.0013717421 |
|    std                  | 0.856        |
|    value_loss           | 0.00968      |
------------------------------------------
EPISODE:  41
EPISODE:  42
-------------------------------------------
| time/                   |               |
|    fps                  | 189           |
|    iterations           | 20            |
|    time_elapsed         | 216           |
|    total_timesteps      | 40960         |
| train/                  |               |
|    approx_kl            | 0.006222432   |
|    clip_fraction        | 0.059         |
|    clip_range           | 0.2           |
|    entropy_loss         | -2.52         |
|    explained_variance   | 0.978         |
|    learning_rate        | 0.0003        |
|    loss                 | 0.00739       |
|    n_updates            | 190           |
|    policy_gradient_loss | -0.0011       |
|    reward               | -0.0015082957 |
|    std                  | 0.849         |
|    value_loss           | 0.00975       |
-------------------------------------------
EPISODE:  43
EPISODE:  44
------------------------------------------
| time/                   |              |
|    fps                  | 189          |
|    iterations           | 21           |
|    time_elapsed         | 226          |
|    total_timesteps      | 43008        |
| train/                  |              |
|    approx_kl            | 0.009554005  |
|    clip_fraction        | 0.0685       |
|    clip_range           | 0.2          |
|    entropy_loss         | -2.49        |
|    explained_variance   | 0.977        |
|    learning_rate        | 0.0003       |
|    loss                 | 0.0339       |
|    n_updates            | 200          |
|    policy_gradient_loss | 0.000102     |
|    reward               | 0.0016750419 |
|    std                  | 0.835        |
|    value_loss           | 0.0102       |
------------------------------------------
EPISODE:  45
EPISODE:  46
------------------------------------------
| time/                   |              |
|    fps                  | 189          |
|    iterations           | 22           |
|    time_elapsed         | 237          |
|    total_timesteps      | 45056        |
| train/                  |              |
|    approx_kl            | 0.011121129  |
|    clip_fraction        | 0.0719       |
|    clip_range           | 0.2          |
|    entropy_loss         | -2.49        |
|    explained_variance   | 0.979        |
|    learning_rate        | 0.0003       |
|    loss                 | -0.00971     |
|    n_updates            | 210          |
|    policy_gradient_loss | -0.00284     |
|    reward               | 0.0018832391 |
|    std                  | 0.845        |
|    value_loss           | 0.0102       |
------------------------------------------
EPISODE:  47
EPISODE:  48
------------------------------------------
| time/                   |              |
|    fps                  | 188          |
|    iterations           | 23           |
|    time_elapsed         | 250          |
|    total_timesteps      | 47104        |
| train/                  |              |
|    approx_kl            | 0.004770399  |
|    clip_fraction        | 0.0461       |
|    clip_range           | 0.2          |
|    entropy_loss         | -2.5         |
|    explained_variance   | 0.916        |
|    learning_rate        | 0.0003       |
|    loss                 | -0.00182     |
|    n_updates            | 220          |
|    policy_gradient_loss | -0.000508    |
|    reward               | 0.0021505377 |
|    std                  | 0.843        |
|    value_loss           | 0.0322       |
------------------------------------------
EPISODE:  49
EPISODE:  50
------------------------------------------
| time/                   |              |
|    fps                  | 186          |
|    iterations           | 24           |
|    time_elapsed         | 264          |
|    total_timesteps      | 49152        |
| train/                  |              |
|    approx_kl            | 0.004502738  |
|    clip_fraction        | 0.0421       |
|    clip_range           | 0.2          |
|    entropy_loss         | -2.48        |
|    explained_variance   | 0.939        |
|    learning_rate        | 0.0003       |
|    loss                 | -0.00311     |
|    n_updates            | 230          |
|    policy_gradient_loss | -2.86e-05    |
|    reward               | 0.0025062656 |
|    std                  | 0.836        |
|    value_loss           | 0.0238       |
------------------------------------------
EPISODE:  51
EPISODE:  52
------------------------------------------
| time/                   |              |
|    fps                  | 179          |
|    iterations           | 25           |
|    time_elapsed         | 285          |
|    total_timesteps      | 51200        |
| train/                  |              |
|    approx_kl            | 0.007876407  |
|    clip_fraction        | 0.0484       |
|    clip_range           | 0.2          |
|    entropy_loss         | -2.47        |
|    explained_variance   | 0.977        |
|    learning_rate        | 0.0003       |
|    loss                 | 0.0173       |
|    n_updates            | 240          |
|    policy_gradient_loss | -0.00222     |
|    reward               | -0.003003003 |
|    std                  | 0.838        |
|    value_loss           | 0.00803      |
------------------------------------------
Saved episode log to Results\250619_hc_binary_udp\ppo\downward\training_logs\10.csv
