EPISODE:  0
{'n_steps': 2048, 'batch_size': 64, 'learning_rate': 0.0003, 'ent_coef': 0.0}
Using cpu device
EPISODE:  1
EPISODE:  2
EPISODE:  3
------------------------------------
| time/              |             |
|    fps             | 215         |
|    iterations      | 1           |
|    time_elapsed    | 9           |
|    total_timesteps | 2048        |
| train/             |             |
|    reward          | 0.050096523 |
------------------------------------
EPISODE:  4
EPISODE:  5
-----------------------------------------
| time/                   |             |
|    fps                  | 185         |
|    iterations           | 2           |
|    time_elapsed         | 22          |
|    total_timesteps      | 4096        |
| train/                  |             |
|    approx_kl            | 0.0019578   |
|    clip_fraction        | 0.0448      |
|    clip_range           | 0.2         |
|    entropy_loss         | -2.84       |
|    explained_variance   | 0.636       |
|    learning_rate        | 0.0003      |
|    loss                 | -0.00297    |
|    n_updates            | 10          |
|    policy_gradient_loss | -0.00375    |
|    reward               | 0.005564624 |
|    std                  | 1           |
|    value_loss           | 0.00824     |
-----------------------------------------
EPISODE:  6
EPISODE:  7
----------------------------------------
| time/                   |            |
|    fps                  | 179        |
|    iterations           | 3          |
|    time_elapsed         | 34         |
|    total_timesteps      | 6144       |
| train/                  |            |
|    approx_kl            | 0.00502411 |
|    clip_fraction        | 0.0456     |
|    clip_range           | 0.2        |
|    entropy_loss         | -2.84      |
|    explained_variance   | 0.754      |
|    learning_rate        | 0.0003     |
|    loss                 | 0.016      |
|    n_updates            | 20         |
|    policy_gradient_loss | -0.00452   |
|    reward               | 0.0113648  |
|    std                  | 1          |
|    value_loss           | 0.00598    |
----------------------------------------
EPISODE:  8
EPISODE:  9
-----------------------------------------
| time/                   |             |
|    fps                  | 174         |
|    iterations           | 4           |
|    time_elapsed         | 46          |
|    total_timesteps      | 8192        |
| train/                  |             |
|    approx_kl            | 0.004181831 |
|    clip_fraction        | 0.0448      |
|    clip_range           | 0.2         |
|    entropy_loss         | -2.84       |
|    explained_variance   | 0.685       |
|    learning_rate        | 0.0003      |
|    loss                 | -0.00121    |
|    n_updates            | 30          |
|    policy_gradient_loss | -0.00328    |
|    reward               | 0.024560023 |
|    std                  | 1           |
|    value_loss           | 0.00494     |
-----------------------------------------
EPISODE:  10
EPISODE:  11
-----------------------------------------
| time/                   |             |
|    fps                  | 161         |
|    iterations           | 5           |
|    time_elapsed         | 63          |
|    total_timesteps      | 10240       |
| train/                  |             |
|    approx_kl            | 0.006047924 |
|    clip_fraction        | 0.0421      |
|    clip_range           | 0.2         |
|    entropy_loss         | -2.84       |
|    explained_variance   | 0.657       |
|    learning_rate        | 0.0003      |
|    loss                 | 0.0172      |
|    n_updates            | 40          |
|    policy_gradient_loss | -0.00329    |
|    reward               | 0.009301622 |
|    std                  | 1           |
|    value_loss           | 0.0038      |
-----------------------------------------
EPISODE:  12
EPISODE:  13
------------------------------------------
| time/                   |              |
|    fps                  | 153          |
|    iterations           | 6            |
|    time_elapsed         | 79           |
|    total_timesteps      | 12288        |
| train/                  |              |
|    approx_kl            | 0.006918793  |
|    clip_fraction        | 0.0761       |
|    clip_range           | 0.2          |
|    entropy_loss         | -2.84        |
|    explained_variance   | 0.667        |
|    learning_rate        | 0.0003       |
|    loss                 | -0.0226      |
|    n_updates            | 50           |
|    policy_gradient_loss | -0.00661     |
|    reward               | -0.007969384 |
|    std                  | 1.01         |
|    value_loss           | 0.00368      |
------------------------------------------
EPISODE:  14
EPISODE:  15
------------------------------------------
| time/                   |              |
|    fps                  | 148          |
|    iterations           | 7            |
|    time_elapsed         | 96           |
|    total_timesteps      | 14336        |
| train/                  |              |
|    approx_kl            | 0.0034479895 |
|    clip_fraction        | 0.0312       |
|    clip_range           | 0.2          |
|    entropy_loss         | -2.85        |
|    explained_variance   | 0.633        |
|    learning_rate        | 0.0003       |
|    loss                 | -0.000682    |
|    n_updates            | 60           |
|    policy_gradient_loss | -0.00131     |
|    reward               | 0.0044909194 |
|    std                  | 1.01         |
|    value_loss           | 0.00396      |
------------------------------------------
EPISODE:  16
EPISODE:  17
------------------------------------------
| time/                   |              |
|    fps                  | 144          |
|    iterations           | 8            |
|    time_elapsed         | 113          |
|    total_timesteps      | 16384        |
| train/                  |              |
|    approx_kl            | 0.0054280255 |
|    clip_fraction        | 0.0406       |
|    clip_range           | 0.2          |
|    entropy_loss         | -2.84        |
|    explained_variance   | 0.541        |
|    learning_rate        | 0.0003       |
|    loss                 | 0.000412     |
|    n_updates            | 70           |
|    policy_gradient_loss | -0.00333     |
|    reward               | 0.01607762   |
|    std                  | 0.993        |
|    value_loss           | 0.00334      |
------------------------------------------
EPISODE:  18
EPISODE:  19
------------------------------------------
| time/                   |              |
|    fps                  | 141          |
|    iterations           | 9            |
|    time_elapsed         | 130          |
|    total_timesteps      | 18432        |
| train/                  |              |
|    approx_kl            | 0.0071076835 |
|    clip_fraction        | 0.0665       |
|    clip_range           | 0.2          |
|    entropy_loss         | -2.81        |
|    explained_variance   | 0.415        |
|    learning_rate        | 0.0003       |
|    loss                 | 0.0109       |
|    n_updates            | 80           |
|    policy_gradient_loss | -0.00379     |
|    reward               | 0.018562295  |
|    std                  | 0.978        |
|    value_loss           | 0.00315      |
------------------------------------------
EPISODE:  20
EPISODE:  21
------------------------------------------
| time/                   |              |
|    fps                  | 139          |
|    iterations           | 10           |
|    time_elapsed         | 147          |
|    total_timesteps      | 20480        |
| train/                  |              |
|    approx_kl            | 0.0058469605 |
|    clip_fraction        | 0.0585       |
|    clip_range           | 0.2          |
|    entropy_loss         | -2.78        |
|    explained_variance   | 0.174        |
|    learning_rate        | 0.0003       |
|    loss                 | -0.0128      |
|    n_updates            | 90           |
|    policy_gradient_loss | -0.00401     |
|    reward               | 0.050689545  |
|    std                  | 0.971        |
|    value_loss           | 0.00317      |
------------------------------------------
EPISODE:  22
EPISODE:  23
------------------------------------------
| time/                   |              |
|    fps                  | 137          |
|    iterations           | 11           |
|    time_elapsed         | 163          |
|    total_timesteps      | 22528        |
| train/                  |              |
|    approx_kl            | 0.005656722  |
|    clip_fraction        | 0.0648       |
|    clip_range           | 0.2          |
|    entropy_loss         | -2.77        |
|    explained_variance   | 0.383        |
|    learning_rate        | 0.0003       |
|    loss                 | -0.0106      |
|    n_updates            | 100          |
|    policy_gradient_loss | -0.00387     |
|    reward               | -0.021817712 |
|    std                  | 0.963        |
|    value_loss           | 0.00354      |
------------------------------------------
EPISODE:  24
EPISODE:  25
------------------------------------------
| time/                   |              |
|    fps                  | 136          |
|    iterations           | 12           |
|    time_elapsed         | 179          |
|    total_timesteps      | 24576        |
| train/                  |              |
|    approx_kl            | 0.0071090977 |
|    clip_fraction        | 0.0735       |
|    clip_range           | 0.2          |
|    entropy_loss         | -2.77        |
|    explained_variance   | 0.42         |
|    learning_rate        | 0.0003       |
|    loss                 | -0.00661     |
|    n_updates            | 110          |
|    policy_gradient_loss | -0.00621     |
|    reward               | -0.01996231  |
|    std                  | 0.969        |
|    value_loss           | 0.00249      |
------------------------------------------
EPISODE:  26
EPISODE:  27
------------------------------------------
| time/                   |              |
|    fps                  | 134          |
|    iterations           | 13           |
|    time_elapsed         | 198          |
|    total_timesteps      | 26624        |
| train/                  |              |
|    approx_kl            | 0.003758194  |
|    clip_fraction        | 0.05         |
|    clip_range           | 0.2          |
|    entropy_loss         | -2.77        |
|    explained_variance   | 0.288        |
|    learning_rate        | 0.0003       |
|    loss                 | -0.00117     |
|    n_updates            | 120          |
|    policy_gradient_loss | -0.00292     |
|    reward               | 0.0067399195 |
|    std                  | 0.966        |
|    value_loss           | 0.00392      |
------------------------------------------
EPISODE:  28
EPISODE:  29
------------------------------------------
| time/                   |              |
|    fps                  | 130          |
|    iterations           | 14           |
|    time_elapsed         | 219          |
|    total_timesteps      | 28672        |
| train/                  |              |
|    approx_kl            | 0.008279789  |
|    clip_fraction        | 0.078        |
|    clip_range           | 0.2          |
|    entropy_loss         | -2.77        |
|    explained_variance   | 0.0111       |
|    learning_rate        | 0.0003       |
|    loss                 | 0.00521      |
|    n_updates            | 130          |
|    policy_gradient_loss | -0.0042      |
|    reward               | -0.027573008 |
|    std                  | 0.969        |
|    value_loss           | 0.00342      |
------------------------------------------
EPISODE:  30
EPISODE:  31
------------------------------------------
| time/                   |              |
|    fps                  | 127          |
|    iterations           | 15           |
|    time_elapsed         | 240          |
|    total_timesteps      | 30720        |
| train/                  |              |
|    approx_kl            | 0.0050200205 |
|    clip_fraction        | 0.0604       |
|    clip_range           | 0.2          |
|    entropy_loss         | -2.77        |
|    explained_variance   | 0.281        |
|    learning_rate        | 0.0003       |
|    loss                 | -0.0053      |
|    n_updates            | 140          |
|    policy_gradient_loss | -0.00264     |
|    reward               | -0.010369442 |
|    std                  | 0.968        |
|    value_loss           | 0.00349      |
------------------------------------------
EPISODE:  32
EPISODE:  33
EPISODE:  34
------------------------------------------
| time/                   |              |
|    fps                  | 125          |
|    iterations           | 16           |
|    time_elapsed         | 260          |
|    total_timesteps      | 32768        |
| train/                  |              |
|    approx_kl            | 0.0051217955 |
|    clip_fraction        | 0.0474       |
|    clip_range           | 0.2          |
|    entropy_loss         | -2.76        |
|    explained_variance   | 0.236        |
|    learning_rate        | 0.0003       |
|    loss                 | -0.00227     |
|    n_updates            | 150          |
|    policy_gradient_loss | -0.0038      |
|    reward               | 0.032819945  |
|    std                  | 0.959        |
|    value_loss           | 0.00348      |
------------------------------------------
EPISODE:  35
EPISODE:  36
------------------------------------------
| time/                   |              |
|    fps                  | 124          |
|    iterations           | 17           |
|    time_elapsed         | 279          |
|    total_timesteps      | 34816        |
| train/                  |              |
|    approx_kl            | 0.006435649  |
|    clip_fraction        | 0.0685       |
|    clip_range           | 0.2          |
|    entropy_loss         | -2.74        |
|    explained_variance   | 0.192        |
|    learning_rate        | 0.0003       |
|    loss                 | 0.0258       |
|    n_updates            | 160          |
|    policy_gradient_loss | -0.00378     |
|    reward               | -0.023340581 |
|    std                  | 0.952        |
|    value_loss           | 0.00348      |
------------------------------------------
EPISODE:  37
EPISODE:  38
------------------------------------------
| time/                   |              |
|    fps                  | 123          |
|    iterations           | 18           |
|    time_elapsed         | 298          |
|    total_timesteps      | 36864        |
| train/                  |              |
|    approx_kl            | 0.005341341  |
|    clip_fraction        | 0.0583       |
|    clip_range           | 0.2          |
|    entropy_loss         | -2.73        |
|    explained_variance   | 0.0818       |
|    learning_rate        | 0.0003       |
|    loss                 | 0.00768      |
|    n_updates            | 170          |
|    policy_gradient_loss | -0.00135     |
|    reward               | -0.017599784 |
|    std                  | 0.947        |
|    value_loss           | 0.00322      |
------------------------------------------
EPISODE:  39
EPISODE:  40
-----------------------------------------
| time/                   |             |
|    fps                  | 122         |
|    iterations           | 19          |
|    time_elapsed         | 317         |
|    total_timesteps      | 38912       |
| train/                  |             |
|    approx_kl            | 0.007699907 |
|    clip_fraction        | 0.061       |
|    clip_range           | 0.2         |
|    entropy_loss         | -2.71       |
|    explained_variance   | 0.145       |
|    learning_rate        | 0.0003      |
|    loss                 | -0.000426   |
|    n_updates            | 180         |
|    policy_gradient_loss | -0.00194    |
|    reward               | 0.027336644 |
|    std                  | 0.932       |
|    value_loss           | 0.00321     |
-----------------------------------------
EPISODE:  41
EPISODE:  42
------------------------------------------
| time/                   |              |
|    fps                  | 121          |
|    iterations           | 20           |
|    time_elapsed         | 335          |
|    total_timesteps      | 40960        |
| train/                  |              |
|    approx_kl            | 0.0061335545 |
|    clip_fraction        | 0.0654       |
|    clip_range           | 0.2          |
|    entropy_loss         | -2.69        |
|    explained_variance   | 0.0798       |
|    learning_rate        | 0.0003       |
|    loss                 | 0.00468      |
|    n_updates            | 190          |
|    policy_gradient_loss | -0.00421     |
|    reward               | 0.0054130135 |
|    std                  | 0.925        |
|    value_loss           | 0.00352      |
------------------------------------------
EPISODE:  43
EPISODE:  44
-------------------------------------------
| time/                   |               |
|    fps                  | 121           |
|    iterations           | 21            |
|    time_elapsed         | 355           |
|    total_timesteps      | 43008         |
| train/                  |               |
|    approx_kl            | 0.007588778   |
|    clip_fraction        | 0.0753        |
|    clip_range           | 0.2           |
|    entropy_loss         | -2.67         |
|    explained_variance   | 0.243         |
|    learning_rate        | 0.0003        |
|    loss                 | 0.00406       |
|    n_updates            | 200           |
|    policy_gradient_loss | -0.00366      |
|    reward               | -0.0019414942 |
|    std                  | 0.916         |
|    value_loss           | 0.0032        |
-------------------------------------------
EPISODE:  45
EPISODE:  46
------------------------------------------
| time/                   |              |
|    fps                  | 119          |
|    iterations           | 22           |
|    time_elapsed         | 376          |
|    total_timesteps      | 45056        |
| train/                  |              |
|    approx_kl            | 0.0059814397 |
|    clip_fraction        | 0.0677       |
|    clip_range           | 0.2          |
|    entropy_loss         | -2.66        |
|    explained_variance   | 0.168        |
|    learning_rate        | 0.0003       |
|    loss                 | 0.0446       |
|    n_updates            | 210          |
|    policy_gradient_loss | -0.00148     |
|    reward               | 0.0104612615 |
|    std                  | 0.912        |
|    value_loss           | 0.0027       |
------------------------------------------
EPISODE:  47
EPISODE:  48
------------------------------------------
| time/                   |              |
|    fps                  | 118          |
|    iterations           | 23           |
|    time_elapsed         | 397          |
|    total_timesteps      | 47104        |
| train/                  |              |
|    approx_kl            | 0.008554287  |
|    clip_fraction        | 0.101        |
|    clip_range           | 0.2          |
|    entropy_loss         | -2.65        |
|    explained_variance   | 0.109        |
|    learning_rate        | 0.0003       |
|    loss                 | 0.00379      |
|    n_updates            | 220          |
|    policy_gradient_loss | -0.00356     |
|    reward               | -0.001949872 |
|    std                  | 0.91         |
|    value_loss           | 0.00337      |
------------------------------------------
EPISODE:  49
EPISODE:  50
------------------------------------------
| time/                   |              |
|    fps                  | 118          |
|    iterations           | 24           |
|    time_elapsed         | 416          |
|    total_timesteps      | 49152        |
| train/                  |              |
|    approx_kl            | 0.006885102  |
|    clip_fraction        | 0.0572       |
|    clip_range           | 0.2          |
|    entropy_loss         | -2.65        |
|    explained_variance   | 0.244        |
|    learning_rate        | 0.0003       |
|    loss                 | -0.00465     |
|    n_updates            | 230          |
|    policy_gradient_loss | -0.00233     |
|    reward               | -0.017292053 |
|    std                  | 0.907        |
|    value_loss           | 0.00256      |
------------------------------------------
EPISODE:  51
EPISODE:  52
-----------------------------------------
| time/                   |             |
|    fps                  | 117         |
|    iterations           | 25          |
|    time_elapsed         | 437         |
|    total_timesteps      | 51200       |
| train/                  |             |
|    approx_kl            | 0.008106041 |
|    clip_fraction        | 0.0826      |
|    clip_range           | 0.2         |
|    entropy_loss         | -2.64       |
|    explained_variance   | 0.21        |
|    learning_rate        | 0.0003      |
|    loss                 | 0.00754     |
|    n_updates            | 240         |
|    policy_gradient_loss | -0.00133    |
|    reward               | 0.031567883 |
|    std                  | 0.902       |
|    value_loss           | 0.00365     |
-----------------------------------------
Saved episode log to Results\250619_hc_binary_udp_noise\ppo\upward_noise\training_logs\08.csv
