EPISODE:  0
{'n_steps': 5, 'ent_coef': 0.005, 'learning_rate': 0.0002}
Using cpu device
EPISODE:  1
---------------------------------------
| time/                 |             |
|    fps                | 152         |
|    iterations         | 100         |
|    time_elapsed       | 3           |
|    total_timesteps    | 500         |
| train/                |             |
|    entropy_loss       | -2.88       |
|    explained_variance | 0           |
|    learning_rate      | 0.0002      |
|    n_updates          | 99          |
|    policy_loss        | 0.0164      |
|    reward             | 0.010558802 |
|    std                | 1.02        |
|    value_loss         | 0.000291    |
---------------------------------------
EPISODE:  2
---------------------------------------
| time/                 |             |
|    fps                | 152         |
|    iterations         | 200         |
|    time_elapsed       | 6           |
|    total_timesteps    | 1000        |
| train/                |             |
|    entropy_loss       | -2.89       |
|    explained_variance | 0.000224    |
|    learning_rate      | 0.0002      |
|    n_updates          | 199         |
|    policy_loss        | -0.058      |
|    reward             | 0.011032727 |
|    std                | 1.03        |
|    value_loss         | 0.00377     |
---------------------------------------
----------------------------------------
| time/                 |              |
|    fps                | 151          |
|    iterations         | 300          |
|    time_elapsed       | 9            |
|    total_timesteps    | 1500         |
| train/                |              |
|    entropy_loss       | -2.91        |
|    explained_variance | 0.000434     |
|    learning_rate      | 0.0002       |
|    n_updates          | 299          |
|    policy_loss        | -0.0193      |
|    reward             | -0.006658222 |
|    std                | 1.03         |
|    value_loss         | 0.000121     |
----------------------------------------
EPISODE:  3
----------------------------------------
| time/                 |              |
|    fps                | 152          |
|    iterations         | 400          |
|    time_elapsed       | 13           |
|    total_timesteps    | 2000         |
| train/                |              |
|    entropy_loss       | -2.92        |
|    explained_variance | -1.6e-05     |
|    learning_rate      | 0.0002       |
|    n_updates          | 399          |
|    policy_loss        | -0.0976      |
|    reward             | -0.012324929 |
|    std                | 1.04         |
|    value_loss         | 0.0011       |
----------------------------------------
--------------------------------------
| time/                 |            |
|    fps                | 153        |
|    iterations         | 500        |
|    time_elapsed       | 16         |
|    total_timesteps    | 2500       |
| train/                |            |
|    entropy_loss       | -2.93      |
|    explained_variance | -0.000969  |
|    learning_rate      | 0.0002     |
|    n_updates          | 499        |
|    policy_loss        | 0.0312     |
|    reward             | 0.01468709 |
|    std                | 1.05       |
|    value_loss         | 0.000161   |
--------------------------------------
EPISODE:  4
----------------------------------------
| time/                 |              |
|    fps                | 152          |
|    iterations         | 600          |
|    time_elapsed       | 19           |
|    total_timesteps    | 3000         |
| train/                |              |
|    entropy_loss       | -2.95        |
|    explained_variance | -1.19e-07    |
|    learning_rate      | 0.0002       |
|    n_updates          | 599          |
|    policy_loss        | -0.0206      |
|    reward             | 0.0073703793 |
|    std                | 1.06         |
|    value_loss         | 8.65e-05     |
----------------------------------------
-----------------------------------------
| time/                 |               |
|    fps                | 151           |
|    iterations         | 700           |
|    time_elapsed       | 23            |
|    total_timesteps    | 3500          |
| train/                |               |
|    entropy_loss       | -2.96         |
|    explained_variance | 1.19e-07      |
|    learning_rate      | 0.0002        |
|    n_updates          | 699           |
|    policy_loss        | 0.021         |
|    reward             | -0.0010713692 |
|    std                | 1.06          |
|    value_loss         | 0.000216      |
-----------------------------------------
EPISODE:  5
---------------------------------------
| time/                 |             |
|    fps                | 150         |
|    iterations         | 800         |
|    time_elapsed       | 26          |
|    total_timesteps    | 4000        |
| train/                |             |
|    entropy_loss       | -2.97       |
|    explained_variance | 0           |
|    learning_rate      | 0.0002      |
|    n_updates          | 799         |
|    policy_loss        | -0.0125     |
|    reward             | 0.014312281 |
|    std                | 1.07        |
|    value_loss         | 7.11e-05    |
---------------------------------------
----------------------------------------
| time/                 |              |
|    fps                | 149          |
|    iterations         | 900          |
|    time_elapsed       | 30           |
|    total_timesteps    | 4500         |
| train/                |              |
|    entropy_loss       | -2.98        |
|    explained_variance | 1.19e-07     |
|    learning_rate      | 0.0002       |
|    n_updates          | 899          |
|    policy_loss        | 0.0266       |
|    reward             | -0.015150484 |
|    std                | 1.07         |
|    value_loss         | 0.000105     |
----------------------------------------
EPISODE:  6
----------------------------------------
| time/                 |              |
|    fps                | 149          |
|    iterations         | 1000         |
|    time_elapsed       | 33           |
|    total_timesteps    | 5000         |
| train/                |              |
|    entropy_loss       | -2.99        |
|    explained_variance | 0            |
|    learning_rate      | 0.0002       |
|    n_updates          | 999          |
|    policy_loss        | 0.0205       |
|    reward             | 0.0002863623 |
|    std                | 1.08         |
|    value_loss         | 0.000107     |
----------------------------------------
-----------------------------------------
| time/                 |               |
|    fps                | 148           |
|    iterations         | 1100          |
|    time_elapsed       | 37            |
|    total_timesteps    | 5500          |
| train/                |               |
|    entropy_loss       | -3            |
|    explained_variance | 0             |
|    learning_rate      | 0.0002        |
|    n_updates          | 1099          |
|    policy_loss        | -0.116        |
|    reward             | -0.0050641634 |
|    std                | 1.08          |
|    value_loss         | 0.00142       |
-----------------------------------------
EPISODE:  7
---------------------------------------
| time/                 |             |
|    fps                | 147         |
|    iterations         | 1200        |
|    time_elapsed       | 40          |
|    total_timesteps    | 6000        |
| train/                |             |
|    entropy_loss       | -3.01       |
|    explained_variance | -3.1e-05    |
|    learning_rate      | 0.0002      |
|    n_updates          | 1199        |
|    policy_loss        | 0.00424     |
|    reward             | 0.014299878 |
|    std                | 1.09        |
|    value_loss         | 1.1e-05     |
---------------------------------------
---------------------------------------
| time/                 |             |
|    fps                | 145         |
|    iterations         | 1300        |
|    time_elapsed       | 44          |
|    total_timesteps    | 6500        |
| train/                |             |
|    entropy_loss       | -3.02       |
|    explained_variance | 2.4e-05     |
|    learning_rate      | 0.0002      |
|    n_updates          | 1299        |
|    policy_loss        | -0.0495     |
|    reward             | 0.011658594 |
|    std                | 1.1         |
|    value_loss         | 0.000553    |
---------------------------------------
EPISODE:  8
----------------------------------------
| time/                 |              |
|    fps                | 145          |
|    iterations         | 1400         |
|    time_elapsed       | 48           |
|    total_timesteps    | 7000         |
| train/                |              |
|    entropy_loss       | -3.03        |
|    explained_variance | 5.96e-08     |
|    learning_rate      | 0.0002       |
|    n_updates          | 1399         |
|    policy_loss        | 0.101        |
|    reward             | 0.0067086923 |
|    std                | 1.1          |
|    value_loss         | 0.000982     |
----------------------------------------
---------------------------------------
| time/                 |             |
|    fps                | 145         |
|    iterations         | 1500        |
|    time_elapsed       | 51          |
|    total_timesteps    | 7500        |
| train/                |             |
|    entropy_loss       | -3.04       |
|    explained_variance | 0           |
|    learning_rate      | 0.0002      |
|    n_updates          | 1499        |
|    policy_loss        | 0.0682      |
|    reward             | 0.011676066 |
|    std                | 1.11        |
|    value_loss         | 0.000646    |
---------------------------------------
EPISODE:  9
---------------------------------------
| time/                 |             |
|    fps                | 144         |
|    iterations         | 1600        |
|    time_elapsed       | 55          |
|    total_timesteps    | 8000        |
| train/                |             |
|    entropy_loss       | -3.05       |
|    explained_variance | 0           |
|    learning_rate      | 0.0002      |
|    n_updates          | 1599        |
|    policy_loss        | -0.0586     |
|    reward             | 0.012851798 |
|    std                | 1.11        |
|    value_loss         | 0.000564    |
---------------------------------------
---------------------------------------
| time/                 |             |
|    fps                | 144         |
|    iterations         | 1700        |
|    time_elapsed       | 58          |
|    total_timesteps    | 8500        |
| train/                |             |
|    entropy_loss       | -3.06       |
|    explained_variance | -1.19e-07   |
|    learning_rate      | 0.0002      |
|    n_updates          | 1699        |
|    policy_loss        | -0.0855     |
|    reward             | 0.008340152 |
|    std                | 1.12        |
|    value_loss         | 0.000892    |
---------------------------------------
EPISODE:  10
----------------------------------------
| time/                 |              |
|    fps                | 144          |
|    iterations         | 1800         |
|    time_elapsed       | 62           |
|    total_timesteps    | 9000         |
| train/                |              |
|    entropy_loss       | -3.07        |
|    explained_variance | 0            |
|    learning_rate      | 0.0002       |
|    n_updates          | 1799         |
|    policy_loss        | -0.0436      |
|    reward             | -0.010742132 |
|    std                | 1.12         |
|    value_loss         | 0.000193     |
----------------------------------------
----------------------------------------
| time/                 |              |
|    fps                | 144          |
|    iterations         | 1900         |
|    time_elapsed       | 65           |
|    total_timesteps    | 9500         |
| train/                |              |
|    entropy_loss       | -3.08        |
|    explained_variance | 0            |
|    learning_rate      | 0.0002       |
|    n_updates          | 1899         |
|    policy_loss        | 0.0384       |
|    reward             | -0.013944521 |
|    std                | 1.13         |
|    value_loss         | 0.000291     |
----------------------------------------
EPISODE:  11
---------------------------------------
| time/                 |             |
|    fps                | 144         |
|    iterations         | 2000        |
|    time_elapsed       | 69          |
|    total_timesteps    | 10000       |
| train/                |             |
|    entropy_loss       | -3.08       |
|    explained_variance | 0           |
|    learning_rate      | 0.0002      |
|    n_updates          | 1999        |
|    policy_loss        | -0.0516     |
|    reward             | 0.006434693 |
|    std                | 1.13        |
|    value_loss         | 0.000291    |
---------------------------------------
-----------------------------------------
| time/                 |               |
|    fps                | 144           |
|    iterations         | 2100          |
|    time_elapsed       | 72            |
|    total_timesteps    | 10500         |
| train/                |               |
|    entropy_loss       | -3.1          |
|    explained_variance | 0             |
|    learning_rate      | 0.0002        |
|    n_updates          | 2099          |
|    policy_loss        | 0.051         |
|    reward             | -0.0012191794 |
|    std                | 1.14          |
|    value_loss         | 0.0005        |
-----------------------------------------
EPISODE:  12
---------------------------------------
| time/                 |             |
|    fps                | 143         |
|    iterations         | 2200        |
|    time_elapsed       | 76          |
|    total_timesteps    | 11000       |
| train/                |             |
|    entropy_loss       | -3.1        |
|    explained_variance | 1.02e-05    |
|    learning_rate      | 0.0002      |
|    n_updates          | 2199        |
|    policy_loss        | 0.0151      |
|    reward             | 0.014736046 |
|    std                | 1.14        |
|    value_loss         | 4.34e-05    |
---------------------------------------
---------------------------------------
| time/                 |             |
|    fps                | 143         |
|    iterations         | 2300        |
|    time_elapsed       | 80          |
|    total_timesteps    | 11500       |
| train/                |             |
|    entropy_loss       | -3.11       |
|    explained_variance | 1.31e-06    |
|    learning_rate      | 0.0002      |
|    n_updates          | 2299        |
|    policy_loss        | -0.0152     |
|    reward             | 0.014559105 |
|    std                | 1.15        |
|    value_loss         | 6.87e-05    |
---------------------------------------
EPISODE:  13
----------------------------------------
| time/                 |              |
|    fps                | 143          |
|    iterations         | 2400         |
|    time_elapsed       | 83           |
|    total_timesteps    | 12000        |
| train/                |              |
|    entropy_loss       | -3.13        |
|    explained_variance | 0            |
|    learning_rate      | 0.0002       |
|    n_updates          | 2399         |
|    policy_loss        | -0.158       |
|    reward             | 0.0007696414 |
|    std                | 1.16         |
|    value_loss         | 0.00263      |
----------------------------------------
-----------------------------------------
| time/                 |               |
|    fps                | 143           |
|    iterations         | 2500          |
|    time_elapsed       | 86            |
|    total_timesteps    | 12500         |
| train/                |               |
|    entropy_loss       | -3.14         |
|    explained_variance | 0             |
|    learning_rate      | 0.0002        |
|    n_updates          | 2499          |
|    policy_loss        | -0.00226      |
|    reward             | -0.0056839166 |
|    std                | 1.16          |
|    value_loss         | 0.000161      |
-----------------------------------------
EPISODE:  14
--------------------------------------
| time/                 |            |
|    fps                | 143        |
|    iterations         | 2600       |
|    time_elapsed       | 90         |
|    total_timesteps    | 13000      |
| train/                |            |
|    entropy_loss       | -3.15      |
|    explained_variance | 0          |
|    learning_rate      | 0.0002     |
|    n_updates          | 2599       |
|    policy_loss        | -0.0168    |
|    reward             | 0.01513193 |
|    std                | 1.17       |
|    value_loss         | 7.92e-05   |
--------------------------------------
---------------------------------------
| time/                 |             |
|    fps                | 143         |
|    iterations         | 2700        |
|    time_elapsed       | 94          |
|    total_timesteps    | 13500       |
| train/                |             |
|    entropy_loss       | -3.16       |
|    explained_variance | -1.19e-07   |
|    learning_rate      | 0.0002      |
|    n_updates          | 2699        |
|    policy_loss        | -0.0988     |
|    reward             | 0.013402906 |
|    std                | 1.17        |
|    value_loss         | 0.000901    |
---------------------------------------
EPISODE:  15
----------------------------------------
| time/                 |              |
|    fps                | 143          |
|    iterations         | 2800         |
|    time_elapsed       | 97           |
|    total_timesteps    | 14000        |
| train/                |              |
|    entropy_loss       | -3.17        |
|    explained_variance | 0            |
|    learning_rate      | 0.0002       |
|    n_updates          | 2799         |
|    policy_loss        | 0.0506       |
|    reward             | 0.0052992087 |
|    std                | 1.18         |
|    value_loss         | 0.000365     |
----------------------------------------
----------------------------------------
| time/                 |              |
|    fps                | 143          |
|    iterations         | 2900         |
|    time_elapsed       | 101          |
|    total_timesteps    | 14500        |
| train/                |              |
|    entropy_loss       | -3.18        |
|    explained_variance | 0            |
|    learning_rate      | 0.0002       |
|    n_updates          | 2899         |
|    policy_loss        | 0.0622       |
|    reward             | 0.0100348005 |
|    std                | 1.19         |
|    value_loss         | 0.000431     |
----------------------------------------
EPISODE:  16
---------------------------------------
| time/                 |             |
|    fps                | 143         |
|    iterations         | 3000        |
|    time_elapsed       | 104         |
|    total_timesteps    | 15000       |
| train/                |             |
|    entropy_loss       | -3.19       |
|    explained_variance | 0           |
|    learning_rate      | 0.0002      |
|    n_updates          | 2999        |
|    policy_loss        | -0.0816     |
|    reward             | 0.011497315 |
|    std                | 1.19        |
|    value_loss         | 0.000576    |
---------------------------------------
-----------------------------------------
| time/                 |               |
|    fps                | 143           |
|    iterations         | 3100          |
|    time_elapsed       | 108           |
|    total_timesteps    | 15500         |
| train/                |               |
|    entropy_loss       | -3.2          |
|    explained_variance | 0             |
|    learning_rate      | 0.0002        |
|    n_updates          | 3099          |
|    policy_loss        | -0.0602       |
|    reward             | -0.0072704633 |
|    std                | 1.2           |
|    value_loss         | 0.000234      |
-----------------------------------------
EPISODE:  17
---------------------------------------
| time/                 |             |
|    fps                | 143         |
|    iterations         | 3200        |
|    time_elapsed       | 111         |
|    total_timesteps    | 16000       |
| train/                |             |
|    entropy_loss       | -3.21       |
|    explained_variance | 0           |
|    learning_rate      | 0.0002      |
|    n_updates          | 3199        |
|    policy_loss        | 0.0427      |
|    reward             | 0.011854298 |
|    std                | 1.2         |
|    value_loss         | 0.000174    |
---------------------------------------
---------------------------------------
| time/                 |             |
|    fps                | 143         |
|    iterations         | 3300        |
|    time_elapsed       | 114         |
|    total_timesteps    | 16500       |
| train/                |             |
|    entropy_loss       | -3.22       |
|    explained_variance | 0           |
|    learning_rate      | 0.0002      |
|    n_updates          | 3299        |
|    policy_loss        | 0.0143      |
|    reward             | 0.014524048 |
|    std                | 1.21        |
|    value_loss         | 1.79e-05    |
---------------------------------------
EPISODE:  18
----------------------------------------
| time/                 |              |
|    fps                | 144          |
|    iterations         | 3400         |
|    time_elapsed       | 117          |
|    total_timesteps    | 17000        |
| train/                |              |
|    entropy_loss       | -3.24        |
|    explained_variance | 0            |
|    learning_rate      | 0.0002       |
|    n_updates          | 3399         |
|    policy_loss        | -0.0069      |
|    reward             | -0.008088166 |
|    std                | 1.22         |
|    value_loss         | 1.27e-05     |
----------------------------------------
-----------------------------------------
| time/                 |               |
|    fps                | 144           |
|    iterations         | 3500          |
|    time_elapsed       | 121           |
|    total_timesteps    | 17500         |
| train/                |               |
|    entropy_loss       | -3.25         |
|    explained_variance | 0             |
|    learning_rate      | 0.0002        |
|    n_updates          | 3499          |
|    policy_loss        | -0.0479       |
|    reward             | -0.0019076957 |
|    std                | 1.23          |
|    value_loss         | 0.000172      |
-----------------------------------------
EPISODE:  19
---------------------------------------
| time/                 |             |
|    fps                | 144         |
|    iterations         | 3600        |
|    time_elapsed       | 124         |
|    total_timesteps    | 18000       |
| train/                |             |
|    entropy_loss       | -3.26       |
|    explained_variance | 0           |
|    learning_rate      | 0.0002      |
|    n_updates          | 3599        |
|    policy_loss        | 0.0232      |
|    reward             | 0.014047668 |
|    std                | 1.24        |
|    value_loss         | 5.89e-05    |
---------------------------------------
---------------------------------------
| time/                 |             |
|    fps                | 145         |
|    iterations         | 3700        |
|    time_elapsed       | 127         |
|    total_timesteps    | 18500       |
| train/                |             |
|    entropy_loss       | -3.28       |
|    explained_variance | -1.19e-07   |
|    learning_rate      | 0.0002      |
|    n_updates          | 3699        |
|    policy_loss        | -0.0146     |
|    reward             | 0.015175003 |
|    std                | 1.25        |
|    value_loss         | 7.97e-05    |
---------------------------------------
EPISODE:  20
-----------------------------------------
| time/                 |               |
|    fps                | 145           |
|    iterations         | 3800          |
|    time_elapsed       | 130           |
|    total_timesteps    | 19000         |
| train/                |               |
|    entropy_loss       | -3.29         |
|    explained_variance | -1.19e-07     |
|    learning_rate      | 0.0002        |
|    n_updates          | 3799          |
|    policy_loss        | 0.00939       |
|    reward             | 0.00097274664 |
|    std                | 1.26          |
|    value_loss         | 2.01e-05      |
-----------------------------------------
----------------------------------------
| time/                 |              |
|    fps                | 146          |
|    iterations         | 3900         |
|    time_elapsed       | 133          |
|    total_timesteps    | 19500        |
| train/                |              |
|    entropy_loss       | -3.31        |
|    explained_variance | 1.19e-07     |
|    learning_rate      | 0.0002       |
|    n_updates          | 3899         |
|    policy_loss        | 0.0285       |
|    reward             | 0.0044047465 |
|    std                | 1.27         |
|    value_loss         | 0.000124     |
----------------------------------------
EPISODE:  21
---------------------------------------
| time/                 |             |
|    fps                | 146         |
|    iterations         | 4000        |
|    time_elapsed       | 136         |
|    total_timesteps    | 20000       |
| train/                |             |
|    entropy_loss       | -3.32       |
|    explained_variance | 0           |
|    learning_rate      | 0.0002      |
|    n_updates          | 3999        |
|    policy_loss        | -0.0311     |
|    reward             | 0.014496665 |
|    std                | 1.27        |
|    value_loss         | 0.000237    |
---------------------------------------
---------------------------------------
| time/                 |             |
|    fps                | 147         |
|    iterations         | 4100        |
|    time_elapsed       | 139         |
|    total_timesteps    | 20500       |
| train/                |             |
|    entropy_loss       | -3.33       |
|    explained_variance | 0           |
|    learning_rate      | 0.0002      |
|    n_updates          | 4099        |
|    policy_loss        | -0.078      |
|    reward             | 0.012089991 |
|    std                | 1.28        |
|    value_loss         | 0.00079     |
---------------------------------------
EPISODE:  22
-----------------------------------------
| time/                 |               |
|    fps                | 147           |
|    iterations         | 4200          |
|    time_elapsed       | 142           |
|    total_timesteps    | 21000         |
| train/                |               |
|    entropy_loss       | -3.35         |
|    explained_variance | 0             |
|    learning_rate      | 0.0002        |
|    n_updates          | 4199          |
|    policy_loss        | 0.0442        |
|    reward             | -0.0059587792 |
|    std                | 1.29          |
|    value_loss         | 0.000277      |
-----------------------------------------
---------------------------------------
| time/                 |             |
|    fps                | 147         |
|    iterations         | 4300        |
|    time_elapsed       | 145         |
|    total_timesteps    | 21500       |
| train/                |             |
|    entropy_loss       | -3.36       |
|    explained_variance | -1.19e-07   |
|    learning_rate      | 0.0002      |
|    n_updates          | 4299        |
|    policy_loss        | 0.0637      |
|    reward             | 0.011156375 |
|    std                | 1.3         |
|    value_loss         | 0.000389    |
---------------------------------------
EPISODE:  23
---------------------------------------
| time/                 |             |
|    fps                | 148         |
|    iterations         | 4400        |
|    time_elapsed       | 148         |
|    total_timesteps    | 22000       |
| train/                |             |
|    entropy_loss       | -3.37       |
|    explained_variance | 0           |
|    learning_rate      | 0.0002      |
|    n_updates          | 4399        |
|    policy_loss        | -0.0999     |
|    reward             | 0.013264141 |
|    std                | 1.31        |
|    value_loss         | 0.000961    |
---------------------------------------
---------------------------------------
| time/                 |             |
|    fps                | 148         |
|    iterations         | 4500        |
|    time_elapsed       | 151         |
|    total_timesteps    | 22500       |
| train/                |             |
|    entropy_loss       | -3.38       |
|    explained_variance | 0           |
|    learning_rate      | 0.0002      |
|    n_updates          | 4499        |
|    policy_loss        | -0.0415     |
|    reward             | 0.009022154 |
|    std                | 1.31        |
|    value_loss         | 0.000138    |
---------------------------------------
EPISODE:  24
---------------------------------------
| time/                 |             |
|    fps                | 148         |
|    iterations         | 4600        |
|    time_elapsed       | 154         |
|    total_timesteps    | 23000       |
| train/                |             |
|    entropy_loss       | -3.39       |
|    explained_variance | 0           |
|    learning_rate      | 0.0002      |
|    n_updates          | 4599        |
|    policy_loss        | 0.0594      |
|    reward             | 0.010225693 |
|    std                | 1.32        |
|    value_loss         | 0.000255    |
---------------------------------------
---------------------------------------
| time/                 |             |
|    fps                | 148         |
|    iterations         | 4700        |
|    time_elapsed       | 157         |
|    total_timesteps    | 23500       |
| train/                |             |
|    entropy_loss       | -3.41       |
|    explained_variance | -1.19e-07   |
|    learning_rate      | 0.0002      |
|    n_updates          | 4699        |
|    policy_loss        | 0.0318      |
|    reward             | 0.013636298 |
|    std                | 1.33        |
|    value_loss         | 7.05e-05    |
---------------------------------------
EPISODE:  25
---------------------------------------
| time/                 |             |
|    fps                | 148         |
|    iterations         | 4800        |
|    time_elapsed       | 161         |
|    total_timesteps    | 24000       |
| train/                |             |
|    entropy_loss       | -3.43       |
|    explained_variance | 0           |
|    learning_rate      | 0.0002      |
|    n_updates          | 4799        |
|    policy_loss        | -0.0739     |
|    reward             | 0.007051806 |
|    std                | 1.34        |
|    value_loss         | 0.000429    |
---------------------------------------
----------------------------------------
| time/                 |              |
|    fps                | 148          |
|    iterations         | 4900         |
|    time_elapsed       | 164          |
|    total_timesteps    | 24500        |
| train/                |              |
|    entropy_loss       | -3.44        |
|    explained_variance | 0            |
|    learning_rate      | 0.0002       |
|    n_updates          | 4899         |
|    policy_loss        | -0.132       |
|    reward             | 0.0019021641 |
|    std                | 1.35         |
|    value_loss         | 0.00198      |
----------------------------------------
EPISODE:  26
---------------------------------------
| time/                 |             |
|    fps                | 149         |
|    iterations         | 5000        |
|    time_elapsed       | 167         |
|    total_timesteps    | 25000       |
| train/                |             |
|    entropy_loss       | -3.46       |
|    explained_variance | 0           |
|    learning_rate      | 0.0002      |
|    n_updates          | 4999        |
|    policy_loss        | 0.0229      |
|    reward             | 0.014587274 |
|    std                | 1.36        |
|    value_loss         | 4.35e-05    |
---------------------------------------
---------------------------------------
| time/                 |             |
|    fps                | 149         |
|    iterations         | 5100        |
|    time_elapsed       | 170         |
|    total_timesteps    | 25500       |
| train/                |             |
|    entropy_loss       | -3.47       |
|    explained_variance | 0           |
|    learning_rate      | 0.0002      |
|    n_updates          | 5099        |
|    policy_loss        | -0.0311     |
|    reward             | 0.014708961 |
|    std                | 1.37        |
|    value_loss         | 0.000183    |
---------------------------------------
EPISODE:  27
-----------------------------------------
| time/                 |               |
|    fps                | 150           |
|    iterations         | 5200          |
|    time_elapsed       | 172           |
|    total_timesteps    | 26000         |
| train/                |               |
|    entropy_loss       | -3.48         |
|    explained_variance | 0             |
|    learning_rate      | 0.0002        |
|    n_updates          | 5199          |
|    policy_loss        | 0.0198        |
|    reward             | -0.0016073488 |
|    std                | 1.38          |
|    value_loss         | 5.08e-05      |
-----------------------------------------
----------------------------------------
| time/                 |              |
|    fps                | 150          |
|    iterations         | 5300         |
|    time_elapsed       | 175          |
|    total_timesteps    | 26500        |
| train/                |              |
|    entropy_loss       | -3.5         |
|    explained_variance | 0            |
|    learning_rate      | 0.0002       |
|    n_updates          | 5299         |
|    policy_loss        | 0.0423       |
|    reward             | 0.0049070027 |
|    std                | 1.39         |
|    value_loss         | 0.000231     |
----------------------------------------
EPISODE:  28
---------------------------------------
| time/                 |             |
|    fps                | 151         |
|    iterations         | 5400        |
|    time_elapsed       | 178         |
|    total_timesteps    | 27000       |
| train/                |             |
|    entropy_loss       | -3.51       |
|    explained_variance | 0           |
|    learning_rate      | 0.0002      |
|    n_updates          | 5399        |
|    policy_loss        | -0.0221     |
|    reward             | 0.015170746 |
|    std                | 1.4         |
|    value_loss         | 0.000142    |
---------------------------------------
---------------------------------------
| time/                 |             |
|    fps                | 151         |
|    iterations         | 5500        |
|    time_elapsed       | 181         |
|    total_timesteps    | 27500       |
| train/                |             |
|    entropy_loss       | -3.53       |
|    explained_variance | 0           |
|    learning_rate      | 0.0002      |
|    n_updates          | 5499        |
|    policy_loss        | -0.0825     |
|    reward             | 0.013761675 |
|    std                | 1.41        |
|    value_loss         | 0.000759    |
---------------------------------------
EPISODE:  29
-----------------------------------------
| time/                 |               |
|    fps                | 152           |
|    iterations         | 5600          |
|    time_elapsed       | 183           |
|    total_timesteps    | 28000         |
| train/                |               |
|    entropy_loss       | -3.54         |
|    explained_variance | -1.19e-07     |
|    learning_rate      | 0.0002        |
|    n_updates          | 5599          |
|    policy_loss        | 0.0422        |
|    reward             | -0.0046429415 |
|    std                | 1.42          |
|    value_loss         | 0.000212      |
-----------------------------------------
---------------------------------------
| time/                 |             |
|    fps                | 152         |
|    iterations         | 5700        |
|    time_elapsed       | 186         |
|    total_timesteps    | 28500       |
| train/                |             |
|    entropy_loss       | -3.55       |
|    explained_variance | 0           |
|    learning_rate      | 0.0002      |
|    n_updates          | 5699        |
|    policy_loss        | 0.0447      |
|    reward             | 0.009490679 |
|    std                | 1.43        |
|    value_loss         | 0.000221    |
---------------------------------------
EPISODE:  30
--------------------------------------
| time/                 |            |
|    fps                | 153        |
|    iterations         | 5800       |
|    time_elapsed       | 189        |
|    total_timesteps    | 29000      |
| train/                |            |
|    entropy_loss       | -3.57      |
|    explained_variance | 0          |
|    learning_rate      | 0.0002     |
|    n_updates          | 5799       |
|    policy_loss        | -0.0775    |
|    reward             | 0.01193771 |
|    std                | 1.45       |
|    value_loss         | 0.00101    |
--------------------------------------
---------------------------------------
| time/                 |             |
|    fps                | 153         |
|    iterations         | 5900        |
|    time_elapsed       | 192         |
|    total_timesteps    | 29500       |
| train/                |             |
|    entropy_loss       | -3.59       |
|    explained_variance | 5.96e-08    |
|    learning_rate      | 0.0002      |
|    n_updates          | 5899        |
|    policy_loss        | -0.0742     |
|    reward             | 0.007868308 |
|    std                | 1.46        |
|    value_loss         | 0.000494    |
---------------------------------------
EPISODE:  31
-----------------------------------------
| time/                 |               |
|    fps                | 153           |
|    iterations         | 6000          |
|    time_elapsed       | 195           |
|    total_timesteps    | 30000         |
| train/                |               |
|    entropy_loss       | -3.61         |
|    explained_variance | 0             |
|    learning_rate      | 0.0002        |
|    n_updates          | 5999          |
|    policy_loss        | 0.053         |
|    reward             | -0.0113473935 |
|    std                | 1.47          |
|    value_loss         | 0.000252      |
-----------------------------------------
---------------------------------------
| time/                 |             |
|    fps                | 153         |
|    iterations         | 6100        |
|    time_elapsed       | 198         |
|    total_timesteps    | 30500       |
| train/                |             |
|    entropy_loss       | -3.62       |
|    explained_variance | 0           |
|    learning_rate      | 0.0002      |
|    n_updates          | 6099        |
|    policy_loss        | 0.0319      |
|    reward             | 0.014321251 |
|    std                | 1.48        |
|    value_loss         | 0.000129    |
---------------------------------------
EPISODE:  32
---------------------------------------
| time/                 |             |
|    fps                | 154         |
|    iterations         | 6200        |
|    time_elapsed       | 201         |
|    total_timesteps    | 31000       |
| train/                |             |
|    entropy_loss       | -3.63       |
|    explained_variance | 0           |
|    learning_rate      | 0.0002      |
|    n_updates          | 6199        |
|    policy_loss        | -0.134      |
|    reward             | 0.008780014 |
|    std                | 1.49        |
|    value_loss         | 0.00163     |
---------------------------------------
---------------------------------------
| time/                 |             |
|    fps                | 154         |
|    iterations         | 6300        |
|    time_elapsed       | 204         |
|    total_timesteps    | 31500       |
| train/                |             |
|    entropy_loss       | -3.64       |
|    explained_variance | 1.19e-07    |
|    learning_rate      | 0.0002      |
|    n_updates          | 6299        |
|    policy_loss        | -0.0537     |
|    reward             | 0.002738259 |
|    std                | 1.5         |
|    value_loss         | 0.000217    |
---------------------------------------
EPISODE:  33
---------------------------------------
| time/                 |             |
|    fps                | 154         |
|    iterations         | 6400        |
|    time_elapsed       | 206         |
|    total_timesteps    | 32000       |
| train/                |             |
|    entropy_loss       | -3.66       |
|    explained_variance | 0           |
|    learning_rate      | 0.0002      |
|    n_updates          | 6399        |
|    policy_loss        | 0.0398      |
|    reward             | 0.013750776 |
|    std                | 1.51        |
|    value_loss         | 0.000136    |
---------------------------------------
--------------------------------------
| time/                 |            |
|    fps                | 154        |
|    iterations         | 6500       |
|    time_elapsed       | 209        |
|    total_timesteps    | 32500      |
| train/                |            |
|    entropy_loss       | -3.67      |
|    explained_variance | 0          |
|    learning_rate      | 0.0002     |
|    n_updates          | 6499       |
|    policy_loss        | 0.00743    |
|    reward             | 0.01516016 |
|    std                | 1.52       |
|    value_loss         | 1.31e-05   |
--------------------------------------
EPISODE:  34
-----------------------------------------
| time/                 |               |
|    fps                | 155           |
|    iterations         | 6600          |
|    time_elapsed       | 212           |
|    total_timesteps    | 33000         |
| train/                |               |
|    entropy_loss       | -3.68         |
|    explained_variance | -1.19e-07     |
|    learning_rate      | 0.0002        |
|    n_updates          | 6599          |
|    policy_loss        | 0.0168        |
|    reward             | -0.0016568588 |
|    std                | 1.52          |
|    value_loss         | 5.71e-05      |
-----------------------------------------
----------------------------------------
| time/                 |              |
|    fps                | 155          |
|    iterations         | 6700         |
|    time_elapsed       | 215          |
|    total_timesteps    | 33500        |
| train/                |              |
|    entropy_loss       | -3.69        |
|    explained_variance | 0            |
|    learning_rate      | 0.0002       |
|    n_updates          | 6699         |
|    policy_loss        | 0.0298       |
|    reward             | 0.0037374622 |
|    std                | 1.53         |
|    value_loss         | 0.000115     |
----------------------------------------
EPISODE:  35
---------------------------------------
| time/                 |             |
|    fps                | 155         |
|    iterations         | 6800        |
|    time_elapsed       | 218         |
|    total_timesteps    | 34000       |
| train/                |             |
|    entropy_loss       | -3.7        |
|    explained_variance | 0           |
|    learning_rate      | 0.0002      |
|    n_updates          | 6799        |
|    policy_loss        | -0.0387     |
|    reward             | 0.014659102 |
|    std                | 1.54        |
|    value_loss         | 0.00027     |
---------------------------------------
---------------------------------------
| time/                 |             |
|    fps                | 155         |
|    iterations         | 6900        |
|    time_elapsed       | 221         |
|    total_timesteps    | 34500       |
| train/                |             |
|    entropy_loss       | -3.72       |
|    explained_variance | 0           |
|    learning_rate      | 0.0002      |
|    n_updates          | 6899        |
|    policy_loss        | -0.101      |
|    reward             | 0.012495562 |
|    std                | 1.55        |
|    value_loss         | 0.000868    |
---------------------------------------
EPISODE:  36
----------------------------------------
| time/                 |              |
|    fps                | 155          |
|    iterations         | 7000         |
|    time_elapsed       | 224          |
|    total_timesteps    | 35000        |
| train/                |              |
|    entropy_loss       | -3.73        |
|    explained_variance | 0            |
|    learning_rate      | 0.0002       |
|    n_updates          | 6999         |
|    policy_loss        | 0.0466       |
|    reward             | 0.0051885773 |
|    std                | 1.56         |
|    value_loss         | 0.000196     |
----------------------------------------
---------------------------------------
| time/                 |             |
|    fps                | 156         |
|    iterations         | 7100        |
|    time_elapsed       | 227         |
|    total_timesteps    | 35500       |
| train/                |             |
|    entropy_loss       | -3.75       |
|    explained_variance | 0           |
|    learning_rate      | 0.0002      |
|    n_updates          | 7099        |
|    policy_loss        | 0.0567      |
|    reward             | 0.010601948 |
|    std                | 1.58        |
|    value_loss         | 0.000221    |
---------------------------------------
EPISODE:  37
---------------------------------------
| time/                 |             |
|    fps                | 156         |
|    iterations         | 7200        |
|    time_elapsed       | 230         |
|    total_timesteps    | 36000       |
| train/                |             |
|    entropy_loss       | -3.77       |
|    explained_variance | 0           |
|    learning_rate      | 0.0002      |
|    n_updates          | 7199        |
|    policy_loss        | -0.128      |
|    reward             | 0.013637201 |
|    std                | 1.59        |
|    value_loss         | 0.00121     |
---------------------------------------
---------------------------------------
| time/                 |             |
|    fps                | 156         |
|    iterations         | 7300        |
|    time_elapsed       | 233         |
|    total_timesteps    | 36500       |
| train/                |             |
|    entropy_loss       | -3.78       |
|    explained_variance | 0           |
|    learning_rate      | 0.0002      |
|    n_updates          | 7299        |
|    policy_loss        | -0.0621     |
|    reward             | 0.009675427 |
|    std                | 1.61        |
|    value_loss         | 0.000231    |
---------------------------------------
EPISODE:  38
---------------------------------------
| time/                 |             |
|    fps                | 156         |
|    iterations         | 7400        |
|    time_elapsed       | 236         |
|    total_timesteps    | 37000       |
| train/                |             |
|    entropy_loss       | -3.8        |
|    explained_variance | 1.19e-07    |
|    learning_rate      | 0.0002      |
|    n_updates          | 7399        |
|    policy_loss        | 0.0479      |
|    reward             | 0.009688657 |
|    std                | 1.62        |
|    value_loss         | 0.000217    |
---------------------------------------
----------------------------------------
| time/                 |              |
|    fps                | 156          |
|    iterations         | 7500         |
|    time_elapsed       | 239          |
|    total_timesteps    | 37500        |
| train/                |              |
|    entropy_loss       | -3.82        |
|    explained_variance | 0            |
|    learning_rate      | 0.0002       |
|    n_updates          | 7499         |
|    policy_loss        | 0.038        |
|    reward             | -0.013297377 |
|    std                | 1.63         |
|    value_loss         | 0.000112     |
----------------------------------------
EPISODE:  39
----------------------------------------
| time/                 |              |
|    fps                | 156          |
|    iterations         | 7600         |
|    time_elapsed       | 242          |
|    total_timesteps    | 38000        |
| train/                |              |
|    entropy_loss       | -3.83        |
|    explained_variance | 0            |
|    learning_rate      | 0.0002       |
|    n_updates          | 7599         |
|    policy_loss        | -0.0744      |
|    reward             | 0.0076549747 |
|    std                | 1.64         |
|    value_loss         | 0.000373     |
----------------------------------------
---------------------------------------
| time/                 |             |
|    fps                | 157         |
|    iterations         | 7700        |
|    time_elapsed       | 245         |
|    total_timesteps    | 38500       |
| train/                |             |
|    entropy_loss       | -3.85       |
|    explained_variance | -1.19e-07   |
|    learning_rate      | 0.0002      |
|    n_updates          | 7699        |
|    policy_loss        | -0.00416    |
|    reward             | 0.002581154 |
|    std                | 1.66        |
|    value_loss         | 6.94e-06    |
---------------------------------------
EPISODE:  40
---------------------------------------
| time/                 |             |
|    fps                | 157         |
|    iterations         | 7800        |
|    time_elapsed       | 248         |
|    total_timesteps    | 39000       |
| train/                |             |
|    entropy_loss       | -3.86       |
|    explained_variance | -1.19e-07   |
|    learning_rate      | 0.0002      |
|    n_updates          | 7799        |
|    policy_loss        | 0.0207      |
|    reward             | 0.014398789 |
|    std                | 1.67        |
|    value_loss         | 2.95e-05    |
---------------------------------------
---------------------------------------
| time/                 |             |
|    fps                | 157         |
|    iterations         | 7900        |
|    time_elapsed       | 251         |
|    total_timesteps    | 39500       |
| train/                |             |
|    entropy_loss       | -3.88       |
|    explained_variance | -1.19e-07   |
|    learning_rate      | 0.0002      |
|    n_updates          | 7899        |
|    policy_loss        | -0.0267     |
|    reward             | 0.014823264 |
|    std                | 1.68        |
|    value_loss         | 8.1e-05     |
---------------------------------------
EPISODE:  41
-----------------------------------------
| time/                 |               |
|    fps                | 157           |
|    iterations         | 8000          |
|    time_elapsed       | 254           |
|    total_timesteps    | 40000         |
| train/                |               |
|    entropy_loss       | -3.9          |
|    explained_variance | 0             |
|    learning_rate      | 0.0002        |
|    n_updates          | 7999          |
|    policy_loss        | 0.013         |
|    reward             | -0.0024403105 |
|    std                | 1.7           |
|    value_loss         | 2.8e-05       |
-----------------------------------------
---------------------------------------
| time/                 |             |
|    fps                | 157         |
|    iterations         | 8100        |
|    time_elapsed       | 256         |
|    total_timesteps    | 40500       |
| train/                |             |
|    entropy_loss       | -3.92       |
|    explained_variance | 0           |
|    learning_rate      | 0.0002      |
|    n_updates          | 8099        |
|    policy_loss        | 0.0486      |
|    reward             | 0.004113116 |
|    std                | 1.72        |
|    value_loss         | 0.000138    |
---------------------------------------
EPISODE:  42
---------------------------------------
| time/                 |             |
|    fps                | 157         |
|    iterations         | 8200        |
|    time_elapsed       | 259         |
|    total_timesteps    | 41000       |
| train/                |             |
|    entropy_loss       | -3.93       |
|    explained_variance | 0           |
|    learning_rate      | 0.0002      |
|    n_updates          | 8199        |
|    policy_loss        | -0.024      |
|    reward             | 0.015169995 |
|    std                | 1.73        |
|    value_loss         | 0.00012     |
---------------------------------------
---------------------------------------
| time/                 |             |
|    fps                | 157         |
|    iterations         | 8300        |
|    time_elapsed       | 262         |
|    total_timesteps    | 41500       |
| train/                |             |
|    entropy_loss       | -3.95       |
|    explained_variance | 0           |
|    learning_rate      | 0.0002      |
|    n_updates          | 8299        |
|    policy_loss        | -0.0796     |
|    reward             | 0.014080357 |
|    std                | 1.75        |
|    value_loss         | 0.000669    |
---------------------------------------
EPISODE:  43
----------------------------------------
| time/                 |              |
|    fps                | 157          |
|    iterations         | 8400         |
|    time_elapsed       | 265          |
|    total_timesteps    | 42000        |
| train/                |              |
|    entropy_loss       | -3.97        |
|    explained_variance | 0            |
|    learning_rate      | 0.0002       |
|    n_updates          | 8399         |
|    policy_loss        | -0.02        |
|    reward             | -0.003978337 |
|    std                | 1.76         |
|    value_loss         | 0.000143     |
----------------------------------------
---------------------------------------
| time/                 |             |
|    fps                | 158         |
|    iterations         | 8500        |
|    time_elapsed       | 268         |
|    total_timesteps    | 42500       |
| train/                |             |
|    entropy_loss       | -3.98       |
|    explained_variance | -1.19e-07   |
|    learning_rate      | 0.0002      |
|    n_updates          | 8499        |
|    policy_loss        | 0.0875      |
|    reward             | -0.00892777 |
|    std                | 1.77        |
|    value_loss         | 0.00058     |
---------------------------------------
EPISODE:  44
--------------------------------------
| time/                 |            |
|    fps                | 158        |
|    iterations         | 8600       |
|    time_elapsed       | 271        |
|    total_timesteps    | 43000      |
| train/                |            |
|    entropy_loss       | -3.99      |
|    explained_variance | 0          |
|    learning_rate      | 0.0002     |
|    n_updates          | 8599       |
|    policy_loss        | -0.0822    |
|    reward             | 0.01235271 |
|    std                | 1.78       |
|    value_loss         | 0.00077    |
--------------------------------------
-------------------------------------
| time/                 |           |
|    fps                | 158       |
|    iterations         | 8700      |
|    time_elapsed       | 274       |
|    total_timesteps    | 43500     |
| train/                |           |
|    entropy_loss       | -4.01     |
|    explained_variance | 0         |
|    learning_rate      | 0.0002    |
|    n_updates          | 8699      |
|    policy_loss        | -0.186    |
|    reward             | 0.0084505 |
|    std                | 1.8       |
|    value_loss         | 0.00225   |
-------------------------------------
EPISODE:  45
--------------------------------------
| time/                 |            |
|    fps                | 158        |
|    iterations         | 8800       |
|    time_elapsed       | 277        |
|    total_timesteps    | 44000      |
| train/                |            |
|    entropy_loss       | -4.02      |
|    explained_variance | 0          |
|    learning_rate      | 0.0002     |
|    n_updates          | 8799       |
|    policy_loss        | 0.0426     |
|    reward             | 0.01080532 |
|    std                | 1.81       |
|    value_loss         | 0.000131   |
--------------------------------------
---------------------------------------
| time/                 |             |
|    fps                | 158         |
|    iterations         | 8900        |
|    time_elapsed       | 280         |
|    total_timesteps    | 44500       |
| train/                |             |
|    entropy_loss       | -4.04       |
|    explained_variance | 0           |
|    learning_rate      | 0.0002      |
|    n_updates          | 8899        |
|    policy_loss        | 0.021       |
|    reward             | 0.014078665 |
|    std                | 1.82        |
|    value_loss         | 3.48e-05    |
---------------------------------------
EPISODE:  46
----------------------------------------
| time/                 |              |
|    fps                | 158          |
|    iterations         | 9000         |
|    time_elapsed       | 283          |
|    total_timesteps    | 45000        |
| train/                |              |
|    entropy_loss       | -4.05        |
|    explained_variance | 0            |
|    learning_rate      | 0.0002       |
|    n_updates          | 8999         |
|    policy_loss        | -0.0882      |
|    reward             | 0.0094438465 |
|    std                | 1.84         |
|    value_loss         | 0.000446     |
----------------------------------------
----------------------------------------
| time/                 |              |
|    fps                | 159          |
|    iterations         | 9100         |
|    time_elapsed       | 286          |
|    total_timesteps    | 45500        |
| train/                |              |
|    entropy_loss       | -4.07        |
|    explained_variance | -1.19e-07    |
|    learning_rate      | 0.0002       |
|    n_updates          | 9099         |
|    policy_loss        | 0.0166       |
|    reward             | 0.0035602525 |
|    std                | 1.86         |
|    value_loss         | 2.28e-05     |
----------------------------------------
EPISODE:  47
---------------------------------------
| time/                 |             |
|    fps                | 159         |
|    iterations         | 9200        |
|    time_elapsed       | 289         |
|    total_timesteps    | 46000       |
| train/                |             |
|    entropy_loss       | -4.09       |
|    explained_variance | 1.19e-07    |
|    learning_rate      | 0.0002      |
|    n_updates          | 9199        |
|    policy_loss        | 0.00995     |
|    reward             | 0.013422761 |
|    std                | 1.87        |
|    value_loss         | 6.91e-05    |
---------------------------------------
---------------------------------------
| time/                 |             |
|    fps                | 159         |
|    iterations         | 9300        |
|    time_elapsed       | 292         |
|    total_timesteps    | 46500       |
| train/                |             |
|    entropy_loss       | -4.11       |
|    explained_variance | -1.19e-07   |
|    learning_rate      | 0.0002      |
|    n_updates          | 9299        |
|    policy_loss        | -0.0106     |
|    reward             | 0.015106588 |
|    std                | 1.89        |
|    value_loss         | 3.01e-05    |
---------------------------------------
EPISODE:  48
----------------------------------------
| time/                 |              |
|    fps                | 159          |
|    iterations         | 9400         |
|    time_elapsed       | 295          |
|    total_timesteps    | 47000        |
| train/                |              |
|    entropy_loss       | -4.12        |
|    explained_variance | 0            |
|    learning_rate      | 0.0002       |
|    n_updates          | 9399         |
|    policy_loss        | -0.00882     |
|    reward             | 0.0023374315 |
|    std                | 1.9          |
|    value_loss         | 9.61e-06     |
----------------------------------------
----------------------------------------
| time/                 |              |
|    fps                | 159          |
|    iterations         | 9500         |
|    time_elapsed       | 298          |
|    total_timesteps    | 47500        |
| train/                |              |
|    entropy_loss       | -4.14        |
|    explained_variance | 5.96e-08     |
|    learning_rate      | 0.0002       |
|    n_updates          | 9499         |
|    policy_loss        | 0.041        |
|    reward             | 0.0030636129 |
|    std                | 1.91         |
|    value_loss         | 0.000179     |
----------------------------------------
EPISODE:  49
---------------------------------------
| time/                 |             |
|    fps                | 159         |
|    iterations         | 9600        |
|    time_elapsed       | 301         |
|    total_timesteps    | 48000       |
| train/                |             |
|    entropy_loss       | -4.15       |
|    explained_variance | 1.23e-05    |
|    learning_rate      | 0.0002      |
|    n_updates          | 9599        |
|    policy_loss        | -0.0404     |
|    reward             | 0.014786292 |
|    std                | 1.93        |
|    value_loss         | 0.000147    |
---------------------------------------
---------------------------------------
| time/                 |             |
|    fps                | 159         |
|    iterations         | 9700        |
|    time_elapsed       | 304         |
|    total_timesteps    | 48500       |
| train/                |             |
|    entropy_loss       | -4.17       |
|    explained_variance | 0           |
|    learning_rate      | 0.0002      |
|    n_updates          | 9699        |
|    policy_loss        | -0.121      |
|    reward             | 0.012874128 |
|    std                | 1.95        |
|    value_loss         | 0.00102     |
---------------------------------------
EPISODE:  50
----------------------------------------
| time/                 |              |
|    fps                | 159          |
|    iterations         | 9800         |
|    time_elapsed       | 306          |
|    total_timesteps    | 49000        |
| train/                |              |
|    entropy_loss       | -4.19        |
|    explained_variance | 0            |
|    learning_rate      | 0.0002       |
|    n_updates          | 9799         |
|    policy_loss        | 0.0419       |
|    reward             | -0.004400507 |
|    std                | 1.97         |
|    value_loss         | 0.000186     |
----------------------------------------
---------------------------------------
| time/                 |             |
|    fps                | 159         |
|    iterations         | 9900        |
|    time_elapsed       | 309         |
|    total_timesteps    | 49500       |
| train/                |             |
|    entropy_loss       | -4.21       |
|    explained_variance | 0           |
|    learning_rate      | 0.0002      |
|    n_updates          | 9899        |
|    policy_loss        | 0.0689      |
|    reward             | 0.010014105 |
|    std                | 1.99        |
|    value_loss         | 0.000358    |
---------------------------------------
EPISODE:  51
---------------------------------------
| time/                 |             |
|    fps                | 159         |
|    iterations         | 10000       |
|    time_elapsed       | 312         |
|    total_timesteps    | 50000       |
| train/                |             |
|    entropy_loss       | -4.23       |
|    explained_variance | 0           |
|    learning_rate      | 0.0002      |
|    n_updates          | 9999        |
|    policy_loss        | -0.102      |
|    reward             | 0.013970358 |
|    std                | 2           |
|    value_loss         | 0.000879    |
---------------------------------------
Saved episode log to Results\250619_hc_binary_udp\a2c\periodic\training_logs\08.csv
