EPISODE:  0
{'batch_size': 128, 'buffer_size': 1000000, 'learning_rate': 0.0001, 'learning_starts': 100, 'ent_coef': 'auto_0.1'}
Using cuda device
EPISODE:  1
EPISODE:  2
EPISODE:  3
EPISODE:  4
EPISODE:  5
----------------------------------
| time/              |           |
|    episodes        | 4         |
|    fps             | 12        |
|    time_elapsed    | 319       |
|    total_timesteps | 4000      |
| train/             |           |
|    actor_loss      | -1.74e+04 |
|    critic_loss     | 6.95e+04  |
|    ent_coef        | 0.151     |
|    ent_coef_loss   | 35.9      |
|    learning_rate   | 0.0001    |
|    n_updates       | 3899      |
|    reward          | 1060.9655 |
----------------------------------
EPISODE:  6
EPISODE:  7
EPISODE:  8
EPISODE:  9
----------------------------------
| time/              |           |
|    episodes        | 8         |
|    fps             | 12        |
|    time_elapsed    | 647       |
|    total_timesteps | 8000      |
| train/             |           |
|    actor_loss      | -3.27e+04 |
|    critic_loss     | 1.73e+05  |
|    ent_coef        | 0.225     |
|    ent_coef_loss   | 28.2      |
|    learning_rate   | 0.0001    |
|    n_updates       | 7899      |
|    reward          | 1060.9655 |
----------------------------------
EPISODE:  10
EPISODE:  11
EPISODE:  12
EPISODE:  13
----------------------------------
| time/              |           |
|    episodes        | 12        |
|    fps             | 12        |
|    time_elapsed    | 976       |
|    total_timesteps | 12000     |
| train/             |           |
|    actor_loss      | -4.51e+04 |
|    critic_loss     | 3.02e+05  |
|    ent_coef        | 0.336     |
|    ent_coef_loss   | 20.5      |
|    learning_rate   | 0.0001    |
|    n_updates       | 11899     |
|    reward          | 1060.9655 |
----------------------------------
EPISODE:  14
EPISODE:  15
EPISODE:  16
EPISODE:  17
----------------------------------
| time/              |           |
|    episodes        | 16        |
|    fps             | 12        |
|    time_elapsed    | 1305      |
|    total_timesteps | 16000     |
| train/             |           |
|    actor_loss      | -5.48e+04 |
|    critic_loss     | 5.38e+05  |
|    ent_coef        | 0.501     |
|    ent_coef_loss   | 12.9      |
|    learning_rate   | 0.0001    |
|    n_updates       | 15899     |
|    reward          | 1060.9655 |
----------------------------------
EPISODE:  18
EPISODE:  19
EPISODE:  20
EPISODE:  21
----------------------------------
| time/              |           |
|    episodes        | 20        |
|    fps             | 12        |
|    time_elapsed    | 1633      |
|    total_timesteps | 20000     |
| train/             |           |
|    actor_loss      | -6.28e+04 |
|    critic_loss     | 4.79e+05  |
|    ent_coef        | 0.748     |
|    ent_coef_loss   | 5.5       |
|    learning_rate   | 0.0001    |
|    n_updates       | 19899     |
|    reward          | 1060.9655 |
----------------------------------
EPISODE:  22
EPISODE:  23
EPISODE:  24
EPISODE:  25
----------------------------------
| time/              |           |
|    episodes        | 24        |
|    fps             | 12        |
|    time_elapsed    | 1962      |
|    total_timesteps | 24000     |
| train/             |           |
|    actor_loss      | -6.9e+04  |
|    critic_loss     | 4.85e+05  |
|    ent_coef        | 1.12      |
|    ent_coef_loss   | -2.04     |
|    learning_rate   | 0.0001    |
|    n_updates       | 23899     |
|    reward          | 1060.9655 |
----------------------------------
EPISODE:  26
EPISODE:  27
EPISODE:  28
EPISODE:  29
----------------------------------
| time/              |           |
|    episodes        | 28        |
|    fps             | 12        |
|    time_elapsed    | 2290      |
|    total_timesteps | 28000     |
| train/             |           |
|    actor_loss      | -7.39e+04 |
|    critic_loss     | 3.91e+07  |
|    ent_coef        | 1.66      |
|    ent_coef_loss   | -9.6      |
|    learning_rate   | 0.0001    |
|    n_updates       | 27899     |
|    reward          | 1060.9655 |
----------------------------------
EPISODE:  30
EPISODE:  31
EPISODE:  32
EPISODE:  33
----------------------------------
| time/              |           |
|    episodes        | 32        |
|    fps             | 12        |
|    time_elapsed    | 2619      |
|    total_timesteps | 32000     |
| train/             |           |
|    actor_loss      | -7.75e+04 |
|    critic_loss     | 5.21e+05  |
|    ent_coef        | 2.48      |
|    ent_coef_loss   | -17       |
|    learning_rate   | 0.0001    |
|    n_updates       | 31899     |
|    reward          | 1060.9655 |
----------------------------------
EPISODE:  34
EPISODE:  35
EPISODE:  36
EPISODE:  37
----------------------------------
| time/              |           |
|    episodes        | 36        |
|    fps             | 12        |
|    time_elapsed    | 2947      |
|    total_timesteps | 36000     |
| train/             |           |
|    actor_loss      | -7.99e+04 |
|    critic_loss     | 8.52e+05  |
|    ent_coef        | 3.7       |
|    ent_coef_loss   | -24.4     |
|    learning_rate   | 0.0001    |
|    n_updates       | 35899     |
|    reward          | 1060.9655 |
----------------------------------
EPISODE:  38
EPISODE:  39
EPISODE:  40
EPISODE:  41
----------------------------------
| time/              |           |
|    episodes        | 40        |
|    fps             | 12        |
|    time_elapsed    | 3275      |
|    total_timesteps | 40000     |
| train/             |           |
|    actor_loss      | -8.18e+04 |
|    critic_loss     | 6.4e+05   |
|    ent_coef        | 5.53      |
|    ent_coef_loss   | -32.2     |
|    learning_rate   | 0.0001    |
|    n_updates       | 39899     |
|    reward          | 1060.9655 |
----------------------------------
EPISODE:  42
EPISODE:  43
EPISODE:  44
EPISODE:  45
----------------------------------
| time/              |           |
|    episodes        | 44        |
|    fps             | 12        |
|    time_elapsed    | 3603      |
|    total_timesteps | 44000     |
| train/             |           |
|    actor_loss      | -8.16e+04 |
|    critic_loss     | 6.5e+05   |
|    ent_coef        | 8.24      |
|    ent_coef_loss   | -39.2     |
|    learning_rate   | 0.0001    |
|    n_updates       | 43899     |
|    reward          | 1060.9655 |
----------------------------------
EPISODE:  46
EPISODE:  47
EPISODE:  48
EPISODE:  49
----------------------------------
| time/              |           |
|    episodes        | 48        |
|    fps             | 12        |
|    time_elapsed    | 3931      |
|    total_timesteps | 48000     |
| train/             |           |
|    actor_loss      | -8.09e+04 |
|    critic_loss     | 4.99e+05  |
|    ent_coef        | 12.3      |
|    ent_coef_loss   | -47       |
|    learning_rate   | 0.0001    |
|    n_updates       | 47899     |
|    reward          | 1060.9655 |
----------------------------------
EPISODE:  50
EPISODE:  51
EPISODE:  52
EPISODE:  53
----------------------------------
| time/              |           |
|    episodes        | 52        |
|    fps             | 12        |
|    time_elapsed    | 4259      |
|    total_timesteps | 52000     |
| train/             |           |
|    actor_loss      | -7.78e+04 |
|    critic_loss     | 4.45e+05  |
|    ent_coef        | 18.3      |
|    ent_coef_loss   | -55       |
|    learning_rate   | 0.0001    |
|    n_updates       | 51899     |
|    reward          | 1060.9655 |
----------------------------------
EPISODE:  54
EPISODE:  55
EPISODE:  56
EPISODE:  57
----------------------------------
| time/              |           |
|    episodes        | 56        |
|    fps             | 12        |
|    time_elapsed    | 4587      |
|    total_timesteps | 56000     |
| train/             |           |
|    actor_loss      | -7.24e+04 |
|    critic_loss     | 3.86e+07  |
|    ent_coef        | 27.4      |
|    ent_coef_loss   | -61.9     |
|    learning_rate   | 0.0001    |
|    n_updates       | 55899     |
|    reward          | 1060.9655 |
----------------------------------
EPISODE:  58
EPISODE:  59
EPISODE:  60
EPISODE:  61
----------------------------------
| time/              |           |
|    episodes        | 60        |
|    fps             | 12        |
|    time_elapsed    | 4915      |
|    total_timesteps | 60000     |
| train/             |           |
|    actor_loss      | -6.41e+04 |
|    critic_loss     | 3.37e+05  |
|    ent_coef        | 40.8      |
|    ent_coef_loss   | -70       |
|    learning_rate   | 0.0001    |
|    n_updates       | 59899     |
|    reward          | 1060.9655 |
----------------------------------
EPISODE:  62
EPISODE:  63
EPISODE:  64
EPISODE:  65
----------------------------------
| time/              |           |
|    episodes        | 64        |
|    fps             | 12        |
|    time_elapsed    | 5243      |
|    total_timesteps | 64000     |
| train/             |           |
|    actor_loss      | -5.1e+04  |
|    critic_loss     | 1.97e+05  |
|    ent_coef        | 60.9      |
|    ent_coef_loss   | -77.4     |
|    learning_rate   | 0.0001    |
|    n_updates       | 63899     |
|    reward          | 1060.9655 |
----------------------------------
EPISODE:  66
EPISODE:  67
EPISODE:  68
EPISODE:  69
----------------------------------
| time/              |           |
|    episodes        | 68        |
|    fps             | 12        |
|    time_elapsed    | 5572      |
|    total_timesteps | 68000     |
| train/             |           |
|    actor_loss      | -3.06e+04 |
|    critic_loss     | 7.39e+06  |
|    ent_coef        | 90.9      |
|    ent_coef_loss   | -84       |
|    learning_rate   | 0.0001    |
|    n_updates       | 67899     |
|    reward          | 1060.9655 |
----------------------------------
EPISODE:  70
EPISODE:  71
EPISODE:  72
EPISODE:  73
----------------------------------
| time/              |           |
|    episodes        | 72        |
|    fps             | 12        |
|    time_elapsed    | 5901      |
|    total_timesteps | 72000     |
| train/             |           |
|    actor_loss      | 707       |
|    critic_loss     | 2.94e+04  |
|    ent_coef        | 136       |
|    ent_coef_loss   | -92.5     |
|    learning_rate   | 0.0001    |
|    n_updates       | 71899     |
|    reward          | 1060.9655 |
----------------------------------
EPISODE:  74
EPISODE:  75
EPISODE:  76
EPISODE:  77
----------------------------------
| time/              |           |
|    episodes        | 76        |
|    fps             | 12        |
|    time_elapsed    | 6229      |
|    total_timesteps | 76000     |
| train/             |           |
|    actor_loss      | 4.61e+04  |
|    critic_loss     | 3.15e+05  |
|    ent_coef        | 202       |
|    ent_coef_loss   | -100      |
|    learning_rate   | 0.0001    |
|    n_updates       | 75899     |
|    reward          | 1060.9655 |
----------------------------------
EPISODE:  78
EPISODE:  79
EPISODE:  80
EPISODE:  81
----------------------------------
| time/              |           |
|    episodes        | 80        |
|    fps             | 12        |
|    time_elapsed    | 6559      |
|    total_timesteps | 80000     |
| train/             |           |
|    actor_loss      | 1.14e+05  |
|    critic_loss     | 1.88e+06  |
|    ent_coef        | 302       |
|    ent_coef_loss   | -108      |
|    learning_rate   | 0.0001    |
|    n_updates       | 79899     |
|    reward          | 1060.9655 |
----------------------------------
EPISODE:  82
EPISODE:  83
EPISODE:  84
EPISODE:  85
----------------------------------
| time/              |           |
|    episodes        | 84        |
|    fps             | 12        |
|    time_elapsed    | 6888      |
|    total_timesteps | 84000     |
| train/             |           |
|    actor_loss      | 2.16e+05  |
|    critic_loss     | 7.26e+06  |
|    ent_coef        | 451       |
|    ent_coef_loss   | -115      |
|    learning_rate   | 0.0001    |
|    n_updates       | 83899     |
|    reward          | 1060.9655 |
----------------------------------
EPISODE:  86
EPISODE:  87
EPISODE:  88
EPISODE:  89
----------------------------------
| time/              |           |
|    episodes        | 88        |
|    fps             | 12        |
|    time_elapsed    | 7217      |
|    total_timesteps | 88000     |
| train/             |           |
|    actor_loss      | 3.67e+05  |
|    critic_loss     | 1.68e+07  |
|    ent_coef        | 672       |
|    ent_coef_loss   | -122      |
|    learning_rate   | 0.0001    |
|    n_updates       | 87899     |
|    reward          | 1060.9655 |
----------------------------------
EPISODE:  90
EPISODE:  91
EPISODE:  92
EPISODE:  93
----------------------------------
| time/              |           |
|    episodes        | 92        |
|    fps             | 12        |
|    time_elapsed    | 7547      |
|    total_timesteps | 92000     |
| train/             |           |
|    actor_loss      | 5.92e+05  |
|    critic_loss     | 5.14e+07  |
|    ent_coef        | 1e+03     |
|    ent_coef_loss   | -130      |
|    learning_rate   | 0.0001    |
|    n_updates       | 91899     |
|    reward          | 1060.9655 |
----------------------------------
EPISODE:  94
EPISODE:  95
EPISODE:  96
EPISODE:  97
----------------------------------
| time/              |           |
|    episodes        | 96        |
|    fps             | 12        |
|    time_elapsed    | 7876      |
|    total_timesteps | 96000     |
| train/             |           |
|    actor_loss      | 9.32e+05  |
|    critic_loss     | 1.39e+08  |
|    ent_coef        | 1.5e+03   |
|    ent_coef_loss   | -138      |
|    learning_rate   | 0.0001    |
|    n_updates       | 95899     |
|    reward          | 1060.9655 |
----------------------------------
EPISODE:  98
EPISODE:  99
EPISODE:  100
EPISODE:  101
----------------------------------
| time/              |           |
|    episodes        | 100       |
|    fps             | 12        |
|    time_elapsed    | 8205      |
|    total_timesteps | 100000    |
| train/             |           |
|    actor_loss      | 1.43e+06  |
|    critic_loss     | 3.25e+08  |
|    ent_coef        | 2.23e+03  |
|    ent_coef_loss   | -145      |
|    learning_rate   | 0.0001    |
|    n_updates       | 99899     |
|    reward          | 1060.9655 |
----------------------------------
EPISODE:  102
EPISODE:  103
EPISODE:  104
EPISODE:  105
----------------------------------
| time/              |           |
|    episodes        | 104       |
|    fps             | 12        |
|    time_elapsed    | 8534      |
|    total_timesteps | 104000    |
| train/             |           |
|    actor_loss      | 2.19e+06  |
|    critic_loss     | 8.43e+08  |
|    ent_coef        | 3.33e+03  |
|    ent_coef_loss   | -152      |
|    learning_rate   | 0.0001    |
|    n_updates       | 103899    |
|    reward          | 1060.9655 |
----------------------------------
EPISODE:  106
EPISODE:  107
EPISODE:  108
EPISODE:  109
----------------------------------
| time/              |           |
|    episodes        | 108       |
|    fps             | 12        |
|    time_elapsed    | 8863      |
|    total_timesteps | 108000    |
| train/             |           |
|    actor_loss      | 3.27e+06  |
|    critic_loss     | 1.7e+09   |
|    ent_coef        | 4.98e+03  |
|    ent_coef_loss   | -161      |
|    learning_rate   | 0.0001    |
|    n_updates       | 107899    |
|    reward          | 1060.9655 |
----------------------------------
EPISODE:  110
EPISODE:  111
EPISODE:  112
EPISODE:  113
----------------------------------
| time/              |           |
|    episodes        | 112       |
|    fps             | 12        |
|    time_elapsed    | 9192      |
|    total_timesteps | 112000    |
| train/             |           |
|    actor_loss      | 4.94e+06  |
|    critic_loss     | 4.88e+09  |
|    ent_coef        | 7.43e+03  |
|    ent_coef_loss   | -170      |
|    learning_rate   | 0.0001    |
|    n_updates       | 111899    |
|    reward          | 1060.9655 |
----------------------------------
EPISODE:  114
EPISODE:  115
EPISODE:  116
EPISODE:  117
----------------------------------
| time/              |           |
|    episodes        | 116       |
|    fps             | 12        |
|    time_elapsed    | 9522      |
|    total_timesteps | 116000    |
| train/             |           |
|    actor_loss      | 7.4e+06   |
|    critic_loss     | 1.06e+10  |
|    ent_coef        | 1.11e+04  |
|    ent_coef_loss   | -175      |
|    learning_rate   | 0.0001    |
|    n_updates       | 115899    |
|    reward          | 1060.9655 |
----------------------------------
EPISODE:  118
EPISODE:  119
EPISODE:  120
EPISODE:  121
----------------------------------
| time/              |           |
|    episodes        | 120       |
|    fps             | 12        |
|    time_elapsed    | 9851      |
|    total_timesteps | 120000    |
| train/             |           |
|    actor_loss      | 1.09e+07  |
|    critic_loss     | 8.28e+11  |
|    ent_coef        | 1.65e+04  |
|    ent_coef_loss   | -183      |
|    learning_rate   | 0.0001    |
|    n_updates       | 119899    |
|    reward          | 1060.9655 |
----------------------------------
EPISODE:  122
EPISODE:  123
EPISODE:  124
EPISODE:  125
----------------------------------
| time/              |           |
|    episodes        | 124       |
|    fps             | 12        |
|    time_elapsed    | 10180     |
|    total_timesteps | 124000    |
| train/             |           |
|    actor_loss      | 1.64e+07  |
|    critic_loss     | 5.11e+10  |
|    ent_coef        | 2.47e+04  |
|    ent_coef_loss   | -189      |
|    learning_rate   | 0.0001    |
|    n_updates       | 123899    |
|    reward          | 1060.9655 |
----------------------------------
EPISODE:  126
EPISODE:  127
EPISODE:  128
EPISODE:  129
----------------------------------
| time/              |           |
|    episodes        | 128       |
|    fps             | 12        |
|    time_elapsed    | 10509     |
|    total_timesteps | 128000    |
| train/             |           |
|    actor_loss      | 2.42e+07  |
|    critic_loss     | 1.01e+11  |
|    ent_coef        | 3.69e+04  |
|    ent_coef_loss   | -197      |
|    learning_rate   | 0.0001    |
|    n_updates       | 127899    |
|    reward          | 1060.9655 |
----------------------------------
EPISODE:  130
EPISODE:  131
EPISODE:  132
EPISODE:  133
----------------------------------
| time/              |           |
|    episodes        | 132       |
|    fps             | 12        |
|    time_elapsed    | 10838     |
|    total_timesteps | 132000    |
| train/             |           |
|    actor_loss      | 3.61e+07  |
|    critic_loss     | 2.53e+11  |
|    ent_coef        | 5.5e+04   |
|    ent_coef_loss   | -205      |
|    learning_rate   | 0.0001    |
|    n_updates       | 131899    |
|    reward          | 1060.9655 |
----------------------------------
EPISODE:  134
EPISODE:  135
EPISODE:  136
EPISODE:  137
----------------------------------
| time/              |           |
|    episodes        | 136       |
|    fps             | 12        |
|    time_elapsed    | 11167     |
|    total_timesteps | 136000    |
| train/             |           |
|    actor_loss      | 5.33e+07  |
|    critic_loss     | 1.93e+13  |
|    ent_coef        | 8.21e+04  |
|    ent_coef_loss   | -213      |
|    learning_rate   | 0.0001    |
|    n_updates       | 135899    |
|    reward          | 1060.9655 |
----------------------------------
EPISODE:  138
EPISODE:  139
EPISODE:  140
EPISODE:  141
----------------------------------
| time/              |           |
|    episodes        | 140       |
|    fps             | 12        |
|    time_elapsed    | 11496     |
|    total_timesteps | 140000    |
| train/             |           |
|    actor_loss      | 7.84e+07  |
|    critic_loss     | 1.05e+12  |
|    ent_coef        | 1.23e+05  |
|    ent_coef_loss   | -220      |
|    learning_rate   | 0.0001    |
|    n_updates       | 139899    |
|    reward          | 1060.9655 |
----------------------------------
EPISODE:  142
EPISODE:  143
EPISODE:  144
EPISODE:  145
----------------------------------
| time/              |           |
|    episodes        | 144       |
|    fps             | 12        |
|    time_elapsed    | 11825     |
|    total_timesteps | 144000    |
| train/             |           |
|    actor_loss      | 1.15e+08  |
|    critic_loss     | 3.69e+12  |
|    ent_coef        | 1.83e+05  |
|    ent_coef_loss   | -226      |
|    learning_rate   | 0.0001    |
|    n_updates       | 143899    |
|    reward          | 1060.9655 |
----------------------------------
EPISODE:  146
EPISODE:  147
EPISODE:  148
EPISODE:  149
----------------------------------
| time/              |           |
|    episodes        | 148       |
|    fps             | 12        |
|    time_elapsed    | 12153     |
|    total_timesteps | 148000    |
| train/             |           |
|    actor_loss      | 1.66e+08  |
|    critic_loss     | 1.88e+14  |
|    ent_coef        | 2.73e+05  |
|    ent_coef_loss   | -234      |
|    learning_rate   | 0.0001    |
|    n_updates       | 147899    |
|    reward          | 1060.9655 |
----------------------------------
EPISODE:  150
EPISODE:  151
EPISODE:  152
EPISODE:  153
----------------------------------
| time/              |           |
|    episodes        | 152       |
|    fps             | 12        |
|    time_elapsed    | 12482     |
|    total_timesteps | 152000    |
| train/             |           |
|    actor_loss      | 2.35e+08  |
|    critic_loss     | 3.02e+13  |
|    ent_coef        | 4.08e+05  |
|    ent_coef_loss   | -244      |
|    learning_rate   | 0.0001    |
|    n_updates       | 151899    |
|    reward          | 1060.9655 |
----------------------------------
EPISODE:  154
EPISODE:  155
EPISODE:  156
EPISODE:  157
----------------------------------
| time/              |           |
|    episodes        | 156       |
|    fps             | 12        |
|    time_elapsed    | 12811     |
|    total_timesteps | 156000    |
| train/             |           |
|    actor_loss      | 3.25e+08  |
|    critic_loss     | 1.53e+14  |
|    ent_coef        | 6.08e+05  |
|    ent_coef_loss   | -251      |
|    learning_rate   | 0.0001    |
|    n_updates       | 155899    |
|    reward          | 1060.9655 |
----------------------------------
EPISODE:  158
EPISODE:  159
EPISODE:  160
EPISODE:  161
----------------------------------
| time/              |           |
|    episodes        | 160       |
|    fps             | 12        |
|    time_elapsed    | 13140     |
|    total_timesteps | 160000    |
| train/             |           |
|    actor_loss      | 4.4e+08   |
|    critic_loss     | 5.74e+14  |
|    ent_coef        | 9.08e+05  |
|    ent_coef_loss   | -257      |
|    learning_rate   | 0.0001    |
|    n_updates       | 159899    |
|    reward          | 1060.9655 |
----------------------------------
EPISODE:  162
EPISODE:  163
EPISODE:  164
EPISODE:  165
----------------------------------
| time/              |           |
|    episodes        | 164       |
|    fps             | 12        |
|    time_elapsed    | 13469     |
|    total_timesteps | 164000    |
| train/             |           |
|    actor_loss      | 5.8e+08   |
|    critic_loss     | 1.92e+15  |
|    ent_coef        | 1.36e+06  |
|    ent_coef_loss   | -265      |
|    learning_rate   | 0.0001    |
|    n_updates       | 163899    |
|    reward          | 1060.9655 |
----------------------------------
EPISODE:  166
EPISODE:  167
EPISODE:  168
EPISODE:  169
----------------------------------
| time/              |           |
|    episodes        | 168       |
|    fps             | 12        |
|    time_elapsed    | 13798     |
|    total_timesteps | 168000    |
| train/             |           |
|    actor_loss      | 7.42e+08  |
|    critic_loss     | 5.49e+15  |
|    ent_coef        | 2.02e+06  |
|    ent_coef_loss   | -274      |
|    learning_rate   | 0.0001    |
|    n_updates       | 167899    |
|    reward          | 1060.9655 |
----------------------------------
EPISODE:  170
EPISODE:  171
EPISODE:  172
EPISODE:  173
----------------------------------
| time/              |           |
|    episodes        | 172       |
|    fps             | 12        |
|    time_elapsed    | 14128     |
|    total_timesteps | 172000    |
| train/             |           |
|    actor_loss      | 9.47e+08  |
|    critic_loss     | 1.29e+16  |
|    ent_coef        | 3.02e+06  |
|    ent_coef_loss   | -279      |
|    learning_rate   | 0.0001    |
|    n_updates       | 171899    |
|    reward          | 1060.9655 |
----------------------------------
EPISODE:  174
EPISODE:  175
EPISODE:  176
EPISODE:  177
----------------------------------
| time/              |           |
|    episodes        | 176       |
|    fps             | 12        |
|    time_elapsed    | 14457     |
|    total_timesteps | 176000    |
| train/             |           |
|    actor_loss      | 1.17e+09  |
|    critic_loss     | 2.88e+16  |
|    ent_coef        | 4.51e+06  |
|    ent_coef_loss   | -288      |
|    learning_rate   | 0.0001    |
|    n_updates       | 175899    |
|    reward          | 1060.9655 |
----------------------------------
EPISODE:  178
EPISODE:  179
EPISODE:  180
EPISODE:  181
----------------------------------
| time/              |           |
|    episodes        | 180       |
|    fps             | 12        |
|    time_elapsed    | 14786     |
|    total_timesteps | 180000    |
| train/             |           |
|    actor_loss      | 1.45e+09  |
|    critic_loss     | 5.83e+16  |
|    ent_coef        | 6.73e+06  |
|    ent_coef_loss   | -295      |
|    learning_rate   | 0.0001    |
|    n_updates       | 179899    |
|    reward          | 1060.9655 |
----------------------------------
EPISODE:  182
EPISODE:  183
EPISODE:  184
EPISODE:  185
----------------------------------
| time/              |           |
|    episodes        | 184       |
|    fps             | 12        |
|    time_elapsed    | 15116     |
|    total_timesteps | 184000    |
| train/             |           |
|    actor_loss      | 1.78e+09  |
|    critic_loss     | 1.16e+17  |
|    ent_coef        | 1e+07     |
|    ent_coef_loss   | -303      |
|    learning_rate   | 0.0001    |
|    n_updates       | 183899    |
|    reward          | 1060.9655 |
----------------------------------
EPISODE:  186
EPISODE:  187
EPISODE:  188
EPISODE:  189
----------------------------------
| time/              |           |
|    episodes        | 188       |
|    fps             | 12        |
|    time_elapsed    | 15445     |
|    total_timesteps | 188000    |
| train/             |           |
|    actor_loss      | 2.16e+09  |
|    critic_loss     | 2.29e+17  |
|    ent_coef        | 1.49e+07  |
|    ent_coef_loss   | -307      |
|    learning_rate   | 0.0001    |
|    n_updates       | 187899    |
|    reward          | 1060.9655 |
----------------------------------
EPISODE:  190
EPISODE:  191
EPISODE:  192
EPISODE:  193
----------------------------------
| time/              |           |
|    episodes        | 192       |
|    fps             | 12        |
|    time_elapsed    | 15774     |
|    total_timesteps | 192000    |
| train/             |           |
|    actor_loss      | 2.64e+09  |
|    critic_loss     | 4.78e+17  |
|    ent_coef        | 2.22e+07  |
|    ent_coef_loss   | -319      |
|    learning_rate   | 0.0001    |
|    n_updates       | 191899    |
|    reward          | 1060.9655 |
----------------------------------
EPISODE:  194
EPISODE:  195
EPISODE:  196
EPISODE:  197
----------------------------------
| time/              |           |
|    episodes        | 196       |
|    fps             | 12        |
|    time_elapsed    | 16104     |
|    total_timesteps | 196000    |
| train/             |           |
|    actor_loss      | 3.24e+09  |
|    critic_loss     | 8.77e+17  |
|    ent_coef        | 3.31e+07  |
|    ent_coef_loss   | -325      |
|    learning_rate   | 0.0001    |
|    n_updates       | 195899    |
|    reward          | 1060.9655 |
----------------------------------
EPISODE:  198
EPISODE:  199
EPISODE:  200
EPISODE:  201
----------------------------------
| time/              |           |
|    episodes        | 200       |
|    fps             | 12        |
|    time_elapsed    | 16433     |
|    total_timesteps | 200000    |
| train/             |           |
|    actor_loss      | 3.93e+09  |
|    critic_loss     | 1.74e+18  |
|    ent_coef        | 4.92e+07  |
|    ent_coef_loss   | -330      |
|    learning_rate   | 0.0001    |
|    n_updates       | 199899    |
|    reward          | 1060.9655 |
----------------------------------
EPISODE:  202
EPISODE:  203
EPISODE:  204
EPISODE:  205
----------------------------------
| time/              |           |
|    episodes        | 204       |
|    fps             | 12        |
|    time_elapsed    | 16763     |
|    total_timesteps | 204000    |
| train/             |           |
|    actor_loss      | 4.88e+09  |
|    critic_loss     | 3.48e+18  |
|    ent_coef        | 7.32e+07  |
|    ent_coef_loss   | -339      |
|    learning_rate   | 0.0001    |
|    n_updates       | 203899    |
|    reward          | 1060.9655 |
----------------------------------
EPISODE:  206
EPISODE:  207
EPISODE:  208
EPISODE:  209
----------------------------------
| time/              |           |
|    episodes        | 208       |
|    fps             | 12        |
|    time_elapsed    | 17092     |
|    total_timesteps | 208000    |
| train/             |           |
|    actor_loss      | 6.11e+09  |
|    critic_loss     | 7.14e+18  |
|    ent_coef        | 1.09e+08  |
|    ent_coef_loss   | -348      |
|    learning_rate   | 0.0001    |
|    n_updates       | 207899    |
|    reward          | 1060.9655 |
----------------------------------
EPISODE:  210
EPISODE:  211
EPISODE:  212
EPISODE:  213
----------------------------------
| time/              |           |
|    episodes        | 212       |
|    fps             | 12        |
|    time_elapsed    | 17421     |
|    total_timesteps | 212000    |
| train/             |           |
|    actor_loss      | 7.71e+09  |
|    critic_loss     | 1.45e+19  |
|    ent_coef        | 1.62e+08  |
|    ent_coef_loss   | -354      |
|    learning_rate   | 0.0001    |
|    n_updates       | 211899    |
|    reward          | 1060.9655 |
----------------------------------
EPISODE:  214
EPISODE:  215
EPISODE:  216
EPISODE:  217
----------------------------------
| time/              |           |
|    episodes        | 216       |
|    fps             | 12        |
|    time_elapsed    | 17751     |
|    total_timesteps | 216000    |
| train/             |           |
|    actor_loss      | 9.9e+09   |
|    critic_loss     | 3.06e+19  |
|    ent_coef        | 2.41e+08  |
|    ent_coef_loss   | -364      |
|    learning_rate   | 0.0001    |
|    n_updates       | 215899    |
|    reward          | 1060.9655 |
----------------------------------
EPISODE:  218
EPISODE:  219
EPISODE:  220
EPISODE:  221
----------------------------------
| time/              |           |
|    episodes        | 220       |
|    fps             | 12        |
|    time_elapsed    | 18080     |
|    total_timesteps | 220000    |
| train/             |           |
|    actor_loss      | 1.29e+10  |
|    critic_loss     | 6.46e+19  |
|    ent_coef        | 3.59e+08  |
|    ent_coef_loss   | -367      |
|    learning_rate   | 0.0001    |
|    n_updates       | 219899    |
|    reward          | 1060.9655 |
----------------------------------
EPISODE:  222
EPISODE:  223
EPISODE:  224
EPISODE:  225
----------------------------------
| time/              |           |
|    episodes        | 224       |
|    fps             | 12        |
|    time_elapsed    | 18410     |
|    total_timesteps | 224000    |
| train/             |           |
|    actor_loss      | 1.72e+10  |
|    critic_loss     | 1.37e+20  |
|    ent_coef        | 5.34e+08  |
|    ent_coef_loss   | -377      |
|    learning_rate   | 0.0001    |
|    n_updates       | 223899    |
|    reward          | 1060.9655 |
----------------------------------
EPISODE:  226
EPISODE:  227
EPISODE:  228
EPISODE:  229
----------------------------------
| time/              |           |
|    episodes        | 228       |
|    fps             | 12        |
|    time_elapsed    | 18739     |
|    total_timesteps | 228000    |
| train/             |           |
|    actor_loss      | 2.32e+10  |
|    critic_loss     | 2.92e+20  |
|    ent_coef        | 7.95e+08  |
|    ent_coef_loss   | -381      |
|    learning_rate   | 0.0001    |
|    n_updates       | 227899    |
|    reward          | 1060.9655 |
----------------------------------
EPISODE:  230
EPISODE:  231
EPISODE:  232
EPISODE:  233
----------------------------------
| time/              |           |
|    episodes        | 232       |
|    fps             | 12        |
|    time_elapsed    | 19069     |
|    total_timesteps | 232000    |
| train/             |           |
|    actor_loss      | 3.22e+10  |
|    critic_loss     | 6.38e+20  |
|    ent_coef        | 1.18e+09  |
|    ent_coef_loss   | -393      |
|    learning_rate   | 0.0001    |
|    n_updates       | 231899    |
|    reward          | 1060.9655 |
----------------------------------
EPISODE:  234
EPISODE:  235
EPISODE:  236
EPISODE:  237
----------------------------------
| time/              |           |
|    episodes        | 236       |
|    fps             | 12        |
|    time_elapsed    | 19398     |
|    total_timesteps | 236000    |
| train/             |           |
|    actor_loss      | 4.46e+10  |
|    critic_loss     | 1.39e+21  |
|    ent_coef        | 1.76e+09  |
|    ent_coef_loss   | -396      |
|    learning_rate   | 0.0001    |
|    n_updates       | 235899    |
|    reward          | 1060.9655 |
----------------------------------
EPISODE:  238
EPISODE:  239
EPISODE:  240
EPISODE:  241
----------------------------------
| time/              |           |
|    episodes        | 240       |
|    fps             | 12        |
|    time_elapsed    | 19727     |
|    total_timesteps | 240000    |
| train/             |           |
|    actor_loss      | 6.35e+10  |
|    critic_loss     | 3.04e+21  |
|    ent_coef        | 2.62e+09  |
|    ent_coef_loss   | -406      |
|    learning_rate   | 0.0001    |
|    n_updates       | 239899    |
|    reward          | 1060.9655 |
----------------------------------
EPISODE:  242
EPISODE:  243
EPISODE:  244
EPISODE:  245
----------------------------------
| time/              |           |
|    episodes        | 244       |
|    fps             | 12        |
|    time_elapsed    | 20056     |
|    total_timesteps | 244000    |
| train/             |           |
|    actor_loss      | 9.15e+10  |
|    critic_loss     | 6.66e+21  |
|    ent_coef        | 3.9e+09   |
|    ent_coef_loss   | -416      |
|    learning_rate   | 0.0001    |
|    n_updates       | 243899    |
|    reward          | 1060.9655 |
----------------------------------
EPISODE:  246
EPISODE:  247
EPISODE:  248
EPISODE:  249
----------------------------------
| time/              |           |
|    episodes        | 248       |
|    fps             | 12        |
|    time_elapsed    | 20385     |
|    total_timesteps | 248000    |
| train/             |           |
|    actor_loss      | 1.32e+11  |
|    critic_loss     | 1.45e+22  |
|    ent_coef        | 5.8e+09   |
|    ent_coef_loss   | -424      |
|    learning_rate   | 0.0001    |
|    n_updates       | 247899    |
|    reward          | 1060.9655 |
----------------------------------
EPISODE:  250
EPISODE:  251
EPISODE:  252
EPISODE:  253
----------------------------------
| time/              |           |
|    episodes        | 252       |
|    fps             | 12        |
|    time_elapsed    | 20715     |
|    total_timesteps | 252000    |
| train/             |           |
|    actor_loss      | 1.9e+11   |
|    critic_loss     | 3.19e+22  |
|    ent_coef        | 8.63e+09  |
|    ent_coef_loss   | -427      |
|    learning_rate   | 0.0001    |
|    n_updates       | 251899    |
|    reward          | 1060.9655 |
----------------------------------
EPISODE:  254
EPISODE:  255
EPISODE:  256
EPISODE:  257
----------------------------------
| time/              |           |
|    episodes        | 256       |
|    fps             | 12        |
|    time_elapsed    | 21044     |
|    total_timesteps | 256000    |
| train/             |           |
|    actor_loss      | 2.8e+11   |
|    critic_loss     | 7.12e+22  |
|    ent_coef        | 1.28e+10  |
|    ent_coef_loss   | -437      |
|    learning_rate   | 0.0001    |
|    n_updates       | 255899    |
|    reward          | 1060.9655 |
----------------------------------
EPISODE:  258
EPISODE:  259
EPISODE:  260
EPISODE:  261
----------------------------------
| time/              |           |
|    episodes        | 260       |
|    fps             | 12        |
|    time_elapsed    | 21373     |
|    total_timesteps | 260000    |
| train/             |           |
|    actor_loss      | 4.14e+11  |
|    critic_loss     | 1.57e+23  |
|    ent_coef        | 1.91e+10  |
|    ent_coef_loss   | -448      |
|    learning_rate   | 0.0001    |
|    n_updates       | 259899    |
|    reward          | 1060.9655 |
----------------------------------
EPISODE:  262
EPISODE:  263
EPISODE:  264
EPISODE:  265
----------------------------------
| time/              |           |
|    episodes        | 264       |
|    fps             | 12        |
|    time_elapsed    | 21702     |
|    total_timesteps | 264000    |
| train/             |           |
|    actor_loss      | 5.98e+11  |
|    critic_loss     | 3.45e+23  |
|    ent_coef        | 2.84e+10  |
|    ent_coef_loss   | -446      |
|    learning_rate   | 0.0001    |
|    n_updates       | 263899    |
|    reward          | 1060.9655 |
----------------------------------
EPISODE:  266
EPISODE:  267
EPISODE:  268
EPISODE:  269
----------------------------------
| time/              |           |
|    episodes        | 268       |
|    fps             | 12        |
|    time_elapsed    | 22032     |
|    total_timesteps | 268000    |
| train/             |           |
|    actor_loss      | 8.92e+11  |
|    critic_loss     | 7.74e+23  |
|    ent_coef        | 4.23e+10  |
|    ent_coef_loss   | -458      |
|    learning_rate   | 0.0001    |
|    n_updates       | 267899    |
|    reward          | 1060.9655 |
----------------------------------
EPISODE:  270
EPISODE:  271
EPISODE:  272
EPISODE:  273
----------------------------------
| time/              |           |
|    episodes        | 272       |
|    fps             | 12        |
|    time_elapsed    | 22361     |
|    total_timesteps | 272000    |
| train/             |           |
|    actor_loss      | 1.33e+12  |
|    critic_loss     | 1.69e+24  |
|    ent_coef        | 6.3e+10   |
|    ent_coef_loss   | -469      |
|    learning_rate   | 0.0001    |
|    n_updates       | 271899    |
|    reward          | 1060.9655 |
----------------------------------
EPISODE:  274
EPISODE:  275
EPISODE:  276
EPISODE:  277
----------------------------------
| time/              |           |
|    episodes        | 276       |
|    fps             | 12        |
|    time_elapsed    | 22690     |
|    total_timesteps | 276000    |
| train/             |           |
|    actor_loss      | 1.97e+12  |
|    critic_loss     | 3.68e+24  |
|    ent_coef        | 9.37e+10  |
|    ent_coef_loss   | -476      |
|    learning_rate   | 0.0001    |
|    n_updates       | 275899    |
|    reward          | 1060.9655 |
----------------------------------
EPISODE:  278
EPISODE:  279
EPISODE:  280
EPISODE:  281
----------------------------------
| time/              |           |
|    episodes        | 280       |
|    fps             | 12        |
|    time_elapsed    | 23019     |
|    total_timesteps | 280000    |
| train/             |           |
|    actor_loss      | 2.92e+12  |
|    critic_loss     | 8.2e+24   |
|    ent_coef        | 1.39e+11  |
|    ent_coef_loss   | -482      |
|    learning_rate   | 0.0001    |
|    n_updates       | 279899    |
|    reward          | 1060.9655 |
----------------------------------
EPISODE:  282
EPISODE:  283
EPISODE:  284
EPISODE:  285
----------------------------------
| time/              |           |
|    episodes        | 284       |
|    fps             | 12        |
|    time_elapsed    | 23349     |
|    total_timesteps | 284000    |
| train/             |           |
|    actor_loss      | 4.36e+12  |
|    critic_loss     | 1.82e+25  |
|    ent_coef        | 2.08e+11  |
|    ent_coef_loss   | -493      |
|    learning_rate   | 0.0001    |
|    n_updates       | 283899    |
|    reward          | 1060.9655 |
----------------------------------
EPISODE:  286
EPISODE:  287
EPISODE:  288
EPISODE:  289
----------------------------------
| time/              |           |
|    episodes        | 288       |
|    fps             | 12        |
|    time_elapsed    | 23678     |
|    total_timesteps | 288000    |
| train/             |           |
|    actor_loss      | 6.42e+12  |
|    critic_loss     | 4.07e+25  |
|    ent_coef        | 3.09e+11  |
|    ent_coef_loss   | -495      |
|    learning_rate   | 0.0001    |
|    n_updates       | 287899    |
|    reward          | 1060.9655 |
----------------------------------
EPISODE:  290
EPISODE:  291
EPISODE:  292
EPISODE:  293
----------------------------------
| time/              |           |
|    episodes        | 292       |
|    fps             | 12        |
|    time_elapsed    | 24007     |
|    total_timesteps | 292000    |
| train/             |           |
|    actor_loss      | 9.51e+12  |
|    critic_loss     | 8.9e+25   |
|    ent_coef        | 4.59e+11  |
|    ent_coef_loss   | -501      |
|    learning_rate   | 0.0001    |
|    n_updates       | 291899    |
|    reward          | 1060.9655 |
----------------------------------
EPISODE:  294
EPISODE:  295
EPISODE:  296
EPISODE:  297
----------------------------------
| time/              |           |
|    episodes        | 296       |
|    fps             | 12        |
|    time_elapsed    | 24336     |
|    total_timesteps | 296000    |
| train/             |           |
|    actor_loss      | 1.42e+13  |
|    critic_loss     | 1.98e+26  |
|    ent_coef        | 6.84e+11  |
|    ent_coef_loss   | -511      |
|    learning_rate   | 0.0001    |
|    n_updates       | 295899    |
|    reward          | 1060.9655 |
----------------------------------
EPISODE:  298
EPISODE:  299
EPISODE:  300
EPISODE:  301
----------------------------------
| time/              |           |
|    episodes        | 300       |
|    fps             | 12        |
|    time_elapsed    | 24666     |
|    total_timesteps | 300000    |
| train/             |           |
|    actor_loss      | 2.12e+13  |
|    critic_loss     | 4.41e+26  |
|    ent_coef        | 1.02e+12  |
|    ent_coef_loss   | -520      |
|    learning_rate   | 0.0001    |
|    n_updates       | 299899    |
|    reward          | 1060.9655 |
----------------------------------
EPISODE:  302
EPISODE:  303
EPISODE:  304
EPISODE:  305
----------------------------------
| time/              |           |
|    episodes        | 304       |
|    fps             | 12        |
|    time_elapsed    | 24995     |
|    total_timesteps | 304000    |
| train/             |           |
|    actor_loss      | 3.12e+13  |
|    critic_loss     | 9.69e+26  |
|    ent_coef        | 1.51e+12  |
|    ent_coef_loss   | -522      |
|    learning_rate   | 0.0001    |
|    n_updates       | 303899    |
|    reward          | 1060.9655 |
----------------------------------
EPISODE:  306
EPISODE:  307
EPISODE:  308
EPISODE:  309
----------------------------------
| time/              |           |
|    episodes        | 308       |
|    fps             | 12        |
|    time_elapsed    | 25324     |
|    total_timesteps | 308000    |
| train/             |           |
|    actor_loss      | 4.7e+13   |
|    critic_loss     | 2.16e+27  |
|    ent_coef        | 2.25e+12  |
|    ent_coef_loss   | -536      |
|    learning_rate   | 0.0001    |
|    n_updates       | 307899    |
|    reward          | 1060.9655 |
----------------------------------
EPISODE:  310
EPISODE:  311
EPISODE:  312
EPISODE:  313
----------------------------------
| time/              |           |
|    episodes        | 312       |
|    fps             | 12        |
|    time_elapsed    | 25654     |
|    total_timesteps | 312000    |
| train/             |           |
|    actor_loss      | 7e+13     |
|    critic_loss     | 4.76e+27  |
|    ent_coef        | 3.35e+12  |
|    ent_coef_loss   | -545      |
|    learning_rate   | 0.0001    |
|    n_updates       | 311899    |
|    reward          | 1060.9655 |
----------------------------------
EPISODE:  314
EPISODE:  315
EPISODE:  316
EPISODE:  317
----------------------------------
| time/              |           |
|    episodes        | 316       |
|    fps             | 12        |
|    time_elapsed    | 25983     |
|    total_timesteps | 316000    |
| train/             |           |
|    actor_loss      | 1.04e+14  |
|    critic_loss     | 1.05e+28  |
|    ent_coef        | 4.99e+12  |
|    ent_coef_loss   | -553      |
|    learning_rate   | 0.0001    |
|    n_updates       | 315899    |
|    reward          | 1060.9655 |
----------------------------------
EPISODE:  318
EPISODE:  319
EPISODE:  320
EPISODE:  321
----------------------------------
| time/              |           |
|    episodes        | 320       |
|    fps             | 12        |
|    time_elapsed    | 26313     |
|    total_timesteps | 320000    |
| train/             |           |
|    actor_loss      | 1.55e+14  |
|    critic_loss     | 2.34e+28  |
|    ent_coef        | 7.42e+12  |
|    ent_coef_loss   | -558      |
|    learning_rate   | 0.0001    |
|    n_updates       | 319899    |
|    reward          | 1060.9655 |
----------------------------------
EPISODE:  322
EPISODE:  323
EPISODE:  324
EPISODE:  325
----------------------------------
| time/              |           |
|    episodes        | 324       |
|    fps             | 12        |
|    time_elapsed    | 26642     |
|    total_timesteps | 324000    |
| train/             |           |
|    actor_loss      | 2.3e+14   |
|    critic_loss     | 5.21e+28  |
|    ent_coef        | 1.1e+13   |
|    ent_coef_loss   | -564      |
|    learning_rate   | 0.0001    |
|    n_updates       | 323899    |
|    reward          | 1060.9655 |
----------------------------------
EPISODE:  326
EPISODE:  327
EPISODE:  328
EPISODE:  329
----------------------------------
| time/              |           |
|    episodes        | 328       |
|    fps             | 12        |
|    time_elapsed    | 26972     |
|    total_timesteps | 328000    |
| train/             |           |
|    actor_loss      | 3.42e+14  |
|    critic_loss     | 1.15e+29  |
|    ent_coef        | 1.64e+13  |
|    ent_coef_loss   | -573      |
|    learning_rate   | 0.0001    |
|    n_updates       | 327899    |
|    reward          | 1060.9655 |
----------------------------------
EPISODE:  330
EPISODE:  331
EPISODE:  332
EPISODE:  333
----------------------------------
| time/              |           |
|    episodes        | 332       |
|    fps             | 12        |
|    time_elapsed    | 27301     |
|    total_timesteps | 332000    |
| train/             |           |
|    actor_loss      | 5.1e+14   |
|    critic_loss     | 2.54e+29  |
|    ent_coef        | 2.45e+13  |
|    ent_coef_loss   | -581      |
|    learning_rate   | 0.0001    |
|    n_updates       | 331899    |
|    reward          | 1060.9655 |
----------------------------------
EPISODE:  334
EPISODE:  335
EPISODE:  336
EPISODE:  337
----------------------------------
| time/              |           |
|    episodes        | 336       |
|    fps             | 12        |
|    time_elapsed    | 27630     |
|    total_timesteps | 336000    |
| train/             |           |
|    actor_loss      | 7.54e+14  |
|    critic_loss     | 5.67e+29  |
|    ent_coef        | 3.64e+13  |
|    ent_coef_loss   | -585      |
|    learning_rate   | 0.0001    |
|    n_updates       | 335899    |
|    reward          | 1060.9655 |
----------------------------------
EPISODE:  338
EPISODE:  339
EPISODE:  340
EPISODE:  341
----------------------------------
| time/              |           |
|    episodes        | 340       |
|    fps             | 12        |
|    time_elapsed    | 27960     |
|    total_timesteps | 340000    |
| train/             |           |
|    actor_loss      | 1.13e+15  |
|    critic_loss     | 1.25e+30  |
|    ent_coef        | 5.42e+13  |
|    ent_coef_loss   | -595      |
|    learning_rate   | 0.0001    |
|    n_updates       | 339899    |
|    reward          | 1060.9655 |
----------------------------------
EPISODE:  342
EPISODE:  343
EPISODE:  344
EPISODE:  345
----------------------------------
| time/              |           |
|    episodes        | 344       |
|    fps             | 12        |
|    time_elapsed    | 28289     |
|    total_timesteps | 344000    |
| train/             |           |
|    actor_loss      | 1.68e+15  |
|    critic_loss     | 2.77e+30  |
|    ent_coef        | 8.06e+13  |
|    ent_coef_loss   | -602      |
|    learning_rate   | 0.0001    |
|    n_updates       | 343899    |
|    reward          | 1060.9655 |
----------------------------------
EPISODE:  346
EPISODE:  347
EPISODE:  348
EPISODE:  349
----------------------------------
| time/              |           |
|    episodes        | 348       |
|    fps             | 12        |
|    time_elapsed    | 28618     |
|    total_timesteps | 348000    |
| train/             |           |
|    actor_loss      | 2.49e+15  |
|    critic_loss     | 6.12e+30  |
|    ent_coef        | 1.2e+14   |
|    ent_coef_loss   | -608      |
|    learning_rate   | 0.0001    |
|    n_updates       | 347899    |
|    reward          | 1060.9655 |
----------------------------------
EPISODE:  350
EPISODE:  351
EPISODE:  352
EPISODE:  353
----------------------------------
| time/              |           |
|    episodes        | 352       |
|    fps             | 12        |
|    time_elapsed    | 28948     |
|    total_timesteps | 352000    |
| train/             |           |
|    actor_loss      | 3.69e+15  |
|    critic_loss     | 1.35e+31  |
|    ent_coef        | 1.78e+14  |
|    ent_coef_loss   | -614      |
|    learning_rate   | 0.0001    |
|    n_updates       | 351899    |
|    reward          | 1060.9655 |
----------------------------------
EPISODE:  354
EPISODE:  355
EPISODE:  356
EPISODE:  357
----------------------------------
| time/              |           |
|    episodes        | 356       |
|    fps             | 12        |
|    time_elapsed    | 29277     |
|    total_timesteps | 356000    |
| train/             |           |
|    actor_loss      | 5.49e+15  |
|    critic_loss     | 3e+31     |
|    ent_coef        | 2.65e+14  |
|    ent_coef_loss   | -622      |
|    learning_rate   | 0.0001    |
|    n_updates       | 355899    |
|    reward          | 1060.9655 |
----------------------------------
EPISODE:  358
EPISODE:  359
EPISODE:  360
EPISODE:  361
----------------------------------
| time/              |           |
|    episodes        | 360       |
|    fps             | 12        |
|    time_elapsed    | 29606     |
|    total_timesteps | 360000    |
| train/             |           |
|    actor_loss      | 8.23e+15  |
|    critic_loss     | 6.68e+31  |
|    ent_coef        | 3.94e+14  |
|    ent_coef_loss   | -635      |
|    learning_rate   | 0.0001    |
|    n_updates       | 359899    |
|    reward          | 1060.9655 |
----------------------------------
EPISODE:  362
EPISODE:  363
EPISODE:  364
EPISODE:  365
----------------------------------
| time/              |           |
|    episodes        | 364       |
|    fps             | 12        |
|    time_elapsed    | 29935     |
|    total_timesteps | 364000    |
| train/             |           |
|    actor_loss      | 1.22e+16  |
|    critic_loss     | 1.44e+32  |
|    ent_coef        | 5.86e+14  |
|    ent_coef_loss   | -639      |
|    learning_rate   | 0.0001    |
|    n_updates       | 363899    |
|    reward          | 1060.9655 |
----------------------------------
EPISODE:  366
EPISODE:  367
EPISODE:  368
EPISODE:  369
----------------------------------
| time/              |           |
|    episodes        | 368       |
|    fps             | 12        |
|    time_elapsed    | 30265     |
|    total_timesteps | 368000    |
| train/             |           |
|    actor_loss      | 1.82e+16  |
|    critic_loss     | 3.21e+32  |
|    ent_coef        | 8.71e+14  |
|    ent_coef_loss   | -649      |
|    learning_rate   | 0.0001    |
|    n_updates       | 367899    |
|    reward          | 1060.9655 |
----------------------------------
EPISODE:  370
EPISODE:  371
EPISODE:  372
EPISODE:  373
----------------------------------
| time/              |           |
|    episodes        | 372       |
|    fps             | 12        |
|    time_elapsed    | 30594     |
|    total_timesteps | 372000    |
| train/             |           |
|    actor_loss      | 2.68e+16  |
|    critic_loss     | 7.07e+32  |
|    ent_coef        | 1.3e+15   |
|    ent_coef_loss   | -650      |
|    learning_rate   | 0.0001    |
|    n_updates       | 371899    |
|    reward          | 1060.9655 |
----------------------------------
EPISODE:  374
EPISODE:  375
EPISODE:  376
EPISODE:  377
----------------------------------
| time/              |           |
|    episodes        | 376       |
|    fps             | 12        |
|    time_elapsed    | 30923     |
|    total_timesteps | 376000    |
| train/             |           |
|    actor_loss      | 4.03e+16  |
|    critic_loss     | 1.59e+33  |
|    ent_coef        | 1.93e+15  |
|    ent_coef_loss   | -666      |
|    learning_rate   | 0.0001    |
|    n_updates       | 375899    |
|    reward          | 1060.9655 |
----------------------------------
EPISODE:  378
EPISODE:  379
EPISODE:  380
EPISODE:  381
----------------------------------
| time/              |           |
|    episodes        | 380       |
|    fps             | 12        |
|    time_elapsed    | 31252     |
|    total_timesteps | 380000    |
| train/             |           |
|    actor_loss      | 5.94e+16  |
|    critic_loss     | 3.46e+33  |
|    ent_coef        | 2.86e+15  |
|    ent_coef_loss   | -668      |
|    learning_rate   | 0.0001    |
|    n_updates       | 379899    |
|    reward          | 1060.9655 |
----------------------------------
EPISODE:  382
EPISODE:  383
EPISODE:  384
EPISODE:  385
----------------------------------
| time/              |           |
|    episodes        | 384       |
|    fps             | 12        |
|    time_elapsed    | 31582     |
|    total_timesteps | 384000    |
| train/             |           |
|    actor_loss      | 8.88e+16  |
|    critic_loss     | 7.7e+33   |
|    ent_coef        | 4.26e+15  |
|    ent_coef_loss   | -678      |
|    learning_rate   | 0.0001    |
|    n_updates       | 383899    |
|    reward          | 1060.9655 |
----------------------------------
EPISODE:  386
EPISODE:  387
EPISODE:  388
EPISODE:  389
----------------------------------
| time/              |           |
|    episodes        | 388       |
|    fps             | 12        |
|    time_elapsed    | 31911     |
|    total_timesteps | 388000    |
| train/             |           |
|    actor_loss      | 1.32e+17  |
|    critic_loss     | 1.71e+34  |
|    ent_coef        | 6.33e+15  |
|    ent_coef_loss   | -684      |
|    learning_rate   | 0.0001    |
|    n_updates       | 387899    |
|    reward          | 1060.9655 |
----------------------------------
EPISODE:  390
EPISODE:  391
EPISODE:  392
EPISODE:  393
----------------------------------
| time/              |           |
|    episodes        | 392       |
|    fps             | 12        |
|    time_elapsed    | 32240     |
|    total_timesteps | 392000    |
| train/             |           |
|    actor_loss      | 1.95e+17  |
|    critic_loss     | 3.77e+34  |
|    ent_coef        | 9.42e+15  |
|    ent_coef_loss   | -688      |
|    learning_rate   | 0.0001    |
|    n_updates       | 391899    |
|    reward          | 1060.9655 |
----------------------------------
EPISODE:  394
EPISODE:  395
EPISODE:  396
EPISODE:  397
----------------------------------
| time/              |           |
|    episodes        | 396       |
|    fps             | 12        |
|    time_elapsed    | 32569     |
|    total_timesteps | 396000    |
| train/             |           |
|    actor_loss      | 2.92e+17  |
|    critic_loss     | 8.39e+34  |
|    ent_coef        | 1.4e+16   |
|    ent_coef_loss   | -700      |
|    learning_rate   | 0.0001    |
|    n_updates       | 395899    |
|    reward          | 1060.9655 |
----------------------------------
EPISODE:  398
EPISODE:  399
EPISODE:  400
EPISODE:  401
----------------------------------
| time/              |           |
|    episodes        | 400       |
|    fps             | 12        |
|    time_elapsed    | 32899     |
|    total_timesteps | 400000    |
| train/             |           |
|    actor_loss      | 4.33e+17  |
|    critic_loss     | 1.85e+35  |
|    ent_coef        | 2.08e+16  |
|    ent_coef_loss   | -706      |
|    learning_rate   | 0.0001    |
|    n_updates       | 399899    |
|    reward          | 1060.9655 |
----------------------------------
EPISODE:  402
EPISODE:  403
EPISODE:  404
EPISODE:  405
----------------------------------
| time/              |           |
|    episodes        | 404       |
|    fps             | 12        |
|    time_elapsed    | 33228     |
|    total_timesteps | 404000    |
| train/             |           |
|    actor_loss      | 6.5e+17   |
|    critic_loss     | 4.09e+35  |
|    ent_coef        | 3.1e+16   |
|    ent_coef_loss   | -721      |
|    learning_rate   | 0.0001    |
|    n_updates       | 403899    |
|    reward          | 1060.9655 |
----------------------------------
EPISODE:  406
EPISODE:  407
EPISODE:  408
EPISODE:  409
----------------------------------
| time/              |           |
|    episodes        | 408       |
|    fps             | 12        |
|    time_elapsed    | 33557     |
|    total_timesteps | 408000    |
| train/             |           |
|    actor_loss      | 9.61e+17  |
|    critic_loss     | 9.1e+35   |
|    ent_coef        | 4.6e+16   |
|    ent_coef_loss   | -724      |
|    learning_rate   | 0.0001    |
|    n_updates       | 407899    |
|    reward          | 1060.9655 |
----------------------------------
EPISODE:  410
EPISODE:  411
EPISODE:  412
EPISODE:  413
----------------------------------
| time/              |           |
|    episodes        | 412       |
|    fps             | 12        |
|    time_elapsed    | 33887     |
|    total_timesteps | 412000    |
| train/             |           |
|    actor_loss      | 1.43e+18  |
|    critic_loss     | 2.01e+36  |
|    ent_coef        | 6.84e+16  |
|    ent_coef_loss   | -733      |
|    learning_rate   | 0.0001    |
|    n_updates       | 411899    |
|    reward          | 1060.9655 |
----------------------------------
EPISODE:  414
EPISODE:  415
EPISODE:  416
EPISODE:  417
----------------------------------
| time/              |           |
|    episodes        | 416       |
|    fps             | 12        |
|    time_elapsed    | 34216     |
|    total_timesteps | 416000    |
| train/             |           |
|    actor_loss      | 2.1e+18   |
|    critic_loss     | inf       |
|    ent_coef        | 1.02e+17  |
|    ent_coef_loss   | -731      |
|    learning_rate   | 0.0001    |
|    n_updates       | 415899    |
|    reward          | 1060.9655 |
----------------------------------
EPISODE:  418
EPISODE:  419
EPISODE:  420
EPISODE:  421
----------------------------------
| time/              |           |
|    episodes        | 420       |
|    fps             | 12        |
|    time_elapsed    | 34545     |
|    total_timesteps | 420000    |
| train/             |           |
|    actor_loss      | 3.16e+18  |
|    critic_loss     | inf       |
|    ent_coef        | 1.51e+17  |
|    ent_coef_loss   | -746      |
|    learning_rate   | 0.0001    |
|    n_updates       | 419899    |
|    reward          | 1060.9655 |
----------------------------------
EPISODE:  422
EPISODE:  423
EPISODE:  424
EPISODE:  425
----------------------------------
| time/              |           |
|    episodes        | 424       |
|    fps             | 12        |
|    time_elapsed    | 34874     |
|    total_timesteps | 424000    |
| train/             |           |
|    actor_loss      | 4.67e+18  |
|    critic_loss     | inf       |
|    ent_coef        | 2.25e+17  |
|    ent_coef_loss   | -750      |
|    learning_rate   | 0.0001    |
|    n_updates       | 423899    |
|    reward          | 1060.9655 |
----------------------------------
EPISODE:  426
EPISODE:  427
EPISODE:  428
EPISODE:  429
----------------------------------
| time/              |           |
|    episodes        | 428       |
|    fps             | 12        |
|    time_elapsed    | 35204     |
|    total_timesteps | 428000    |
| train/             |           |
|    actor_loss      | 6.92e+18  |
|    critic_loss     | inf       |
|    ent_coef        | 3.35e+17  |
|    ent_coef_loss   | -754      |
|    learning_rate   | 0.0001    |
|    n_updates       | 427899    |
|    reward          | 1060.9655 |
----------------------------------
EPISODE:  430
EPISODE:  431
EPISODE:  432
EPISODE:  433
----------------------------------
| time/              |           |
|    episodes        | 432       |
|    fps             | 12        |
|    time_elapsed    | 35533     |
|    total_timesteps | 432000    |
| train/             |           |
|    actor_loss      | 1.05e+19  |
|    critic_loss     | inf       |
|    ent_coef        | 4.98e+17  |
|    ent_coef_loss   | -775      |
|    learning_rate   | 0.0001    |
|    n_updates       | 431899    |
|    reward          | 1060.9655 |
----------------------------------
EPISODE:  434
EPISODE:  435
EPISODE:  436
EPISODE:  437
----------------------------------
| time/              |           |
|    episodes        | 436       |
|    fps             | 12        |
|    time_elapsed    | 35863     |
|    total_timesteps | 436000    |
| train/             |           |
|    actor_loss      | 1.55e+19  |
|    critic_loss     | inf       |
|    ent_coef        | 7.4e+17   |
|    ent_coef_loss   | -777      |
|    learning_rate   | 0.0001    |
|    n_updates       | 435899    |
|    reward          | 1060.9655 |
----------------------------------
EPISODE:  438
EPISODE:  439
EPISODE:  440
EPISODE:  441
----------------------------------
| time/              |           |
|    episodes        | 440       |
|    fps             | 12        |
|    time_elapsed    | 36192     |
|    total_timesteps | 440000    |
| train/             |           |
|    actor_loss      | 2.3e+19   |
|    critic_loss     | inf       |
|    ent_coef        | 1.1e+18   |
|    ent_coef_loss   | -786      |
|    learning_rate   | 0.0001    |
|    n_updates       | 439899    |
|    reward          | 1060.9655 |
----------------------------------
EPISODE:  442
EPISODE:  443
EPISODE:  444
EPISODE:  445
----------------------------------
| time/              |           |
|    episodes        | 444       |
|    fps             | 12        |
|    time_elapsed    | 36521     |
|    total_timesteps | 444000    |
| train/             |           |
|    actor_loss      | 3.39e+19  |
|    critic_loss     | inf       |
|    ent_coef        | 1.64e+18  |
|    ent_coef_loss   | -786      |
|    learning_rate   | 0.0001    |
|    n_updates       | 443899    |
|    reward          | 1060.9655 |
----------------------------------
EPISODE:  446
EPISODE:  447
EPISODE:  448
EPISODE:  449
----------------------------------
| time/              |           |
|    episodes        | 448       |
|    fps             | 12        |
|    time_elapsed    | 36851     |
|    total_timesteps | 448000    |
| train/             |           |
|    actor_loss      | 5e+19     |
|    critic_loss     | inf       |
|    ent_coef        | 2.43e+18  |
|    ent_coef_loss   | -786      |
|    learning_rate   | 0.0001    |
|    n_updates       | 447899    |
|    reward          | 1060.9655 |
----------------------------------
EPISODE:  450
EPISODE:  451
EPISODE:  452
EPISODE:  453
----------------------------------
| time/              |           |
|    episodes        | 452       |
|    fps             | 12        |
|    time_elapsed    | 37180     |
|    total_timesteps | 452000    |
| train/             |           |
|    actor_loss      | 7.53e+19  |
|    critic_loss     | inf       |
|    ent_coef        | 3.62e+18  |
|    ent_coef_loss   | -805      |
|    learning_rate   | 0.0001    |
|    n_updates       | 451899    |
|    reward          | 1060.9655 |
----------------------------------
EPISODE:  454
EPISODE:  455
EPISODE:  456
EPISODE:  457
----------------------------------
| time/              |           |
|    episodes        | 456       |
|    fps             | 12        |
|    time_elapsed    | 37510     |
|    total_timesteps | 456000    |
| train/             |           |
|    actor_loss      | 1.12e+20  |
|    critic_loss     | inf       |
|    ent_coef        | 5.38e+18  |
|    ent_coef_loss   | -816      |
|    learning_rate   | 0.0001    |
|    n_updates       | 455899    |
|    reward          | 1060.9655 |
----------------------------------
EPISODE:  458
EPISODE:  459
EPISODE:  460
EPISODE:  461
----------------------------------
| time/              |           |
|    episodes        | 460       |
|    fps             | 12        |
|    time_elapsed    | 37839     |
|    total_timesteps | 460000    |
| train/             |           |
|    actor_loss      | 1.66e+20  |
|    critic_loss     | inf       |
|    ent_coef        | 8e+18     |
|    ent_coef_loss   | -818      |
|    learning_rate   | 0.0001    |
|    n_updates       | 459899    |
|    reward          | 1060.9655 |
----------------------------------
EPISODE:  462
EPISODE:  463
EPISODE:  464
EPISODE:  465
----------------------------------
| time/              |           |
|    episodes        | 464       |
|    fps             | 12        |
|    time_elapsed    | 38168     |
|    total_timesteps | 464000    |
| train/             |           |
|    actor_loss      | 2.47e+20  |
|    critic_loss     | inf       |
|    ent_coef        | 1.19e+19  |
|    ent_coef_loss   | -826      |
|    learning_rate   | 0.0001    |
|    n_updates       | 463899    |
|    reward          | 1060.9655 |
----------------------------------
EPISODE:  466
EPISODE:  467
EPISODE:  468
EPISODE:  469
----------------------------------
| time/              |           |
|    episodes        | 468       |
|    fps             | 12        |
|    time_elapsed    | 38498     |
|    total_timesteps | 468000    |
| train/             |           |
|    actor_loss      | 3.69e+20  |
|    critic_loss     | inf       |
|    ent_coef        | 1.77e+19  |
|    ent_coef_loss   | -836      |
|    learning_rate   | 0.0001    |
|    n_updates       | 467899    |
|    reward          | 1060.9655 |
----------------------------------
EPISODE:  470
EPISODE:  471
EPISODE:  472
EPISODE:  473
----------------------------------
| time/              |           |
|    episodes        | 472       |
|    fps             | 12        |
|    time_elapsed    | 38827     |
|    total_timesteps | 472000    |
| train/             |           |
|    actor_loss      | 5.44e+20  |
|    critic_loss     | inf       |
|    ent_coef        | 2.63e+19  |
|    ent_coef_loss   | -836      |
|    learning_rate   | 0.0001    |
|    n_updates       | 471899    |
|    reward          | 1060.9655 |
----------------------------------
EPISODE:  474
EPISODE:  475
EPISODE:  476
EPISODE:  477
----------------------------------
| time/              |           |
|    episodes        | 476       |
|    fps             | 12        |
|    time_elapsed    | 39156     |
|    total_timesteps | 476000    |
| train/             |           |
|    actor_loss      | 8.15e+20  |
|    critic_loss     | inf       |
|    ent_coef        | 3.91e+19  |
|    ent_coef_loss   | -850      |
|    learning_rate   | 0.0001    |
|    n_updates       | 475899    |
|    reward          | 1060.9655 |
----------------------------------
EPISODE:  478
EPISODE:  479
EPISODE:  480
EPISODE:  481
----------------------------------
| time/              |           |
|    episodes        | 480       |
|    fps             | 12        |
|    time_elapsed    | 39485     |
|    total_timesteps | 480000    |
| train/             |           |
|    actor_loss      | 1.2e+21   |
|    critic_loss     | inf       |
|    ent_coef        | 5.81e+19  |
|    ent_coef_loss   | -851      |
|    learning_rate   | 0.0001    |
|    n_updates       | 479899    |
|    reward          | 1060.9655 |
----------------------------------
EPISODE:  482
EPISODE:  483
EPISODE:  484
EPISODE:  485
----------------------------------
| time/              |           |
|    episodes        | 484       |
|    fps             | 12        |
|    time_elapsed    | 39815     |
|    total_timesteps | 484000    |
| train/             |           |
|    actor_loss      | 1.8e+21   |
|    critic_loss     | inf       |
|    ent_coef        | 8.64e+19  |
|    ent_coef_loss   | -863      |
|    learning_rate   | 0.0001    |
|    n_updates       | 483899    |
|    reward          | 1060.9655 |
----------------------------------
EPISODE:  486
EPISODE:  487
EPISODE:  488
EPISODE:  489
----------------------------------
| time/              |           |
|    episodes        | 488       |
|    fps             | 12        |
|    time_elapsed    | 40144     |
|    total_timesteps | 488000    |
| train/             |           |
|    actor_loss      | 2.67e+21  |
|    critic_loss     | inf       |
|    ent_coef        | 1.29e+20  |
|    ent_coef_loss   | -870      |
|    learning_rate   | 0.0001    |
|    n_updates       | 487899    |
|    reward          | 1060.9655 |
----------------------------------
EPISODE:  490
EPISODE:  491
EPISODE:  492
EPISODE:  493
----------------------------------
| time/              |           |
|    episodes        | 492       |
|    fps             | 12        |
|    time_elapsed    | 40473     |
|    total_timesteps | 492000    |
| train/             |           |
|    actor_loss      | 3.98e+21  |
|    critic_loss     | inf       |
|    ent_coef        | 1.91e+20  |
|    ent_coef_loss   | -878      |
|    learning_rate   | 0.0001    |
|    n_updates       | 491899    |
|    reward          | 1060.9655 |
----------------------------------
EPISODE:  494
EPISODE:  495
EPISODE:  496
EPISODE:  497
----------------------------------
| time/              |           |
|    episodes        | 496       |
|    fps             | 12        |
|    time_elapsed    | 40803     |
|    total_timesteps | 496000    |
| train/             |           |
|    actor_loss      | 5.91e+21  |
|    critic_loss     | inf       |
|    ent_coef        | 2.84e+20  |
|    ent_coef_loss   | -885      |
|    learning_rate   | 0.0001    |
|    n_updates       | 495899    |
|    reward          | 1060.9655 |
----------------------------------
EPISODE:  498
EPISODE:  499
EPISODE:  500
EPISODE:  501
----------------------------------
| time/              |           |
|    episodes        | 500       |
|    fps             | 12        |
|    time_elapsed    | 41131     |
|    total_timesteps | 500000    |
| train/             |           |
|    actor_loss      | 8.82e+21  |
|    critic_loss     | inf       |
|    ent_coef        | 4.23e+20  |
|    ent_coef_loss   | -897      |
|    learning_rate   | 0.0001    |
|    n_updates       | 499899    |
|    reward          | 1060.9655 |
----------------------------------
Saved episode log to Results/4_2/sac/periodic_noise/training_logs/10.csv
