EPISODE:  0
{'batch_size': 128, 'buffer_size': 50000, 'learning_rate': 0.001}
Using cpu device
EPISODE:  1
EPISODE:  2
EPISODE:  3
EPISODE:  4
EPISODE:  5
------------------------------------
| time/              |             |
|    episodes        | 4           |
|    fps             | 29          |
|    time_elapsed    | 134         |
|    total_timesteps | 3964        |
| train/             |             |
|    actor_loss      | -108        |
|    critic_loss     | 3.03        |
|    learning_rate   | 0.001       |
|    n_updates       | 3863        |
|    reward          | 0.012346726 |
------------------------------------
EPISODE:  6
EPISODE:  7
EPISODE:  8
EPISODE:  9
------------------------------------
| time/              |             |
|    episodes        | 8           |
|    fps             | 24          |
|    time_elapsed    | 325         |
|    total_timesteps | 7928        |
| train/             |             |
|    actor_loss      | -90.5       |
|    critic_loss     | 0.457       |
|    learning_rate   | 0.001       |
|    n_updates       | 7827        |
|    reward          | 0.012346726 |
------------------------------------
EPISODE:  10
EPISODE:  11
EPISODE:  12
EPISODE:  13
------------------------------------
| time/              |             |
|    episodes        | 12          |
|    fps             | 22          |
|    time_elapsed    | 521         |
|    total_timesteps | 11892       |
| train/             |             |
|    actor_loss      | -72.3       |
|    critic_loss     | 1.45        |
|    learning_rate   | 0.001       |
|    n_updates       | 11791       |
|    reward          | 0.012346726 |
------------------------------------
EPISODE:  14
EPISODE:  15
EPISODE:  16
EPISODE:  17
------------------------------------
| time/              |             |
|    episodes        | 16          |
|    fps             | 21          |
|    time_elapsed    | 723         |
|    total_timesteps | 15856       |
| train/             |             |
|    actor_loss      | -59.1       |
|    critic_loss     | 1.62        |
|    learning_rate   | 0.001       |
|    n_updates       | 15755       |
|    reward          | 0.012346726 |
------------------------------------
EPISODE:  18
EPISODE:  19
EPISODE:  20
EPISODE:  21
------------------------------------
| time/              |             |
|    episodes        | 20          |
|    fps             | 20          |
|    time_elapsed    | 949         |
|    total_timesteps | 19820       |
| train/             |             |
|    actor_loss      | -47.4       |
|    critic_loss     | 0.547       |
|    learning_rate   | 0.001       |
|    n_updates       | 19719       |
|    reward          | 0.012346726 |
------------------------------------
EPISODE:  22
EPISODE:  23
EPISODE:  24
EPISODE:  25
------------------------------------
| time/              |             |
|    episodes        | 24          |
|    fps             | 20          |
|    time_elapsed    | 1175        |
|    total_timesteps | 23784       |
| train/             |             |
|    actor_loss      | -37.1       |
|    critic_loss     | 0.504       |
|    learning_rate   | 0.001       |
|    n_updates       | 23683       |
|    reward          | 0.012346726 |
------------------------------------
EPISODE:  26
EPISODE:  27
EPISODE:  28
EPISODE:  29
------------------------------------
| time/              |             |
|    episodes        | 28          |
|    fps             | 19          |
|    time_elapsed    | 1397        |
|    total_timesteps | 27748       |
| train/             |             |
|    actor_loss      | -29.9       |
|    critic_loss     | 0.269       |
|    learning_rate   | 0.001       |
|    n_updates       | 27647       |
|    reward          | 0.012346726 |
------------------------------------
EPISODE:  30
EPISODE:  31
EPISODE:  32
EPISODE:  33
------------------------------------
| time/              |             |
|    episodes        | 32          |
|    fps             | 19          |
|    time_elapsed    | 1607        |
|    total_timesteps | 31712       |
| train/             |             |
|    actor_loss      | -24.5       |
|    critic_loss     | 0.316       |
|    learning_rate   | 0.001       |
|    n_updates       | 31611       |
|    reward          | 0.012346726 |
------------------------------------
EPISODE:  34
EPISODE:  35
EPISODE:  36
EPISODE:  37
------------------------------------
| time/              |             |
|    episodes        | 36          |
|    fps             | 19          |
|    time_elapsed    | 1812        |
|    total_timesteps | 35676       |
| train/             |             |
|    actor_loss      | -19.4       |
|    critic_loss     | 0.256       |
|    learning_rate   | 0.001       |
|    n_updates       | 35575       |
|    reward          | 0.012346726 |
------------------------------------
EPISODE:  38
EPISODE:  39
EPISODE:  40
EPISODE:  41
------------------------------------
| time/              |             |
|    episodes        | 40          |
|    fps             | 19          |
|    time_elapsed    | 2017        |
|    total_timesteps | 39640       |
| train/             |             |
|    actor_loss      | -15.6       |
|    critic_loss     | 0.17        |
|    learning_rate   | 0.001       |
|    n_updates       | 39539       |
|    reward          | 0.012346726 |
------------------------------------
EPISODE:  42
EPISODE:  43
EPISODE:  44
EPISODE:  45
------------------------------------
| time/              |             |
|    episodes        | 44          |
|    fps             | 19          |
|    time_elapsed    | 2237        |
|    total_timesteps | 43604       |
| train/             |             |
|    actor_loss      | -12.8       |
|    critic_loss     | 0.0578      |
|    learning_rate   | 0.001       |
|    n_updates       | 43503       |
|    reward          | 0.012346726 |
------------------------------------
EPISODE:  46
EPISODE:  47
EPISODE:  48
EPISODE:  49
------------------------------------
| time/              |             |
|    episodes        | 48          |
|    fps             | 19          |
|    time_elapsed    | 2457        |
|    total_timesteps | 47568       |
| train/             |             |
|    actor_loss      | -10.2       |
|    critic_loss     | 0.0498      |
|    learning_rate   | 0.001       |
|    n_updates       | 47467       |
|    reward          | 0.012346726 |
------------------------------------
EPISODE:  50
EPISODE:  51
Saved episode log to Results\250619_hc_binary_udp_noise\ddpg\downward_noise\training_logs\01.csv
