EPISODE:  0
{'n_steps': 2048, 'batch_size': 64, 'learning_rate': 0.0003, 'ent_coef': 0.0}
Using cpu device
EPISODE:  1
EPISODE:  2
EPISODE:  3
-----------------------------------
| time/              |            |
|    fps             | 291        |
|    iterations      | 1          |
|    time_elapsed    | 7          |
|    total_timesteps | 2048       |
| train/             |            |
|    reward          | 0.08937853 |
-----------------------------------
EPISODE:  4
EPISODE:  5
------------------------------------------
| time/                   |              |
|    fps                  | 232          |
|    iterations           | 2            |
|    time_elapsed         | 17           |
|    total_timesteps      | 4096         |
| train/                  |              |
|    approx_kl            | 0.005393482  |
|    clip_fraction        | 0.0511       |
|    clip_range           | 0.2          |
|    entropy_loss         | -2.84        |
|    explained_variance   | -1.36        |
|    learning_rate        | 0.0003       |
|    loss                 | 0.00811      |
|    n_updates            | 10           |
|    policy_gradient_loss | -0.00317     |
|    reward               | -0.020557929 |
|    std                  | 1            |
|    value_loss           | 0.00627      |
------------------------------------------
EPISODE:  6
EPISODE:  7
-----------------------------------------
| time/                   |             |
|    fps                  | 224         |
|    iterations           | 3           |
|    time_elapsed         | 27          |
|    total_timesteps      | 6144        |
| train/                  |             |
|    approx_kl            | 0.005433983 |
|    clip_fraction        | 0.0379      |
|    clip_range           | 0.2         |
|    entropy_loss         | -2.82       |
|    explained_variance   | -5.01e-06   |
|    learning_rate        | 0.0003      |
|    loss                 | -0.018      |
|    n_updates            | 20          |
|    policy_gradient_loss | -0.00299    |
|    reward               | -0.04513703 |
|    std                  | 0.988       |
|    value_loss           | 0.00684     |
-----------------------------------------
EPISODE:  8
EPISODE:  9
------------------------------------------
| time/                   |              |
|    fps                  | 221          |
|    iterations           | 4            |
|    time_elapsed         | 36           |
|    total_timesteps      | 8192         |
| train/                  |              |
|    approx_kl            | 0.004021546  |
|    clip_fraction        | 0.0171       |
|    clip_range           | 0.2          |
|    entropy_loss         | -2.81        |
|    explained_variance   | 1.89e-05     |
|    learning_rate        | 0.0003       |
|    loss                 | -0.00218     |
|    n_updates            | 30           |
|    policy_gradient_loss | -0.00104     |
|    reward               | -0.037460472 |
|    std                  | 0.981        |
|    value_loss           | 0.0087       |
------------------------------------------
EPISODE:  10
EPISODE:  11
------------------------------------------
| time/                   |              |
|    fps                  | 220          |
|    iterations           | 5            |
|    time_elapsed         | 46           |
|    total_timesteps      | 10240        |
| train/                  |              |
|    approx_kl            | 0.0029643187 |
|    clip_fraction        | 0.0224       |
|    clip_range           | 0.2          |
|    entropy_loss         | -2.81        |
|    explained_variance   | -3.58e-07    |
|    learning_rate        | 0.0003       |
|    loss                 | -0.00811     |
|    n_updates            | 40           |
|    policy_gradient_loss | -0.00124     |
|    reward               | -0.028105926 |
|    std                  | 0.988        |
|    value_loss           | 0.00791      |
------------------------------------------
EPISODE:  12
EPISODE:  13
------------------------------------------
| time/                   |              |
|    fps                  | 219          |
|    iterations           | 6            |
|    time_elapsed         | 55           |
|    total_timesteps      | 12288        |
| train/                  |              |
|    approx_kl            | 0.004712438  |
|    clip_fraction        | 0.0302       |
|    clip_range           | 0.2          |
|    entropy_loss         | -2.81        |
|    explained_variance   | -3.58e-07    |
|    learning_rate        | 0.0003       |
|    loss                 | 0.00403      |
|    n_updates            | 50           |
|    policy_gradient_loss | -0.00112     |
|    reward               | -0.021459892 |
|    std                  | 0.981        |
|    value_loss           | 0.00845      |
------------------------------------------
EPISODE:  14
EPISODE:  15
------------------------------------------
| time/                   |              |
|    fps                  | 218          |
|    iterations           | 7            |
|    time_elapsed         | 65           |
|    total_timesteps      | 14336        |
| train/                  |              |
|    approx_kl            | 0.004890749  |
|    clip_fraction        | 0.056        |
|    clip_range           | 0.2          |
|    entropy_loss         | -2.8         |
|    explained_variance   | -3.58e-06    |
|    learning_rate        | 0.0003       |
|    loss                 | 0.015        |
|    n_updates            | 60           |
|    policy_gradient_loss | -0.00366     |
|    reward               | -0.009123684 |
|    std                  | 0.977        |
|    value_loss           | 0.00645      |
------------------------------------------
EPISODE:  16
EPISODE:  17
------------------------------------------
| time/                   |              |
|    fps                  | 218          |
|    iterations           | 8            |
|    time_elapsed         | 75           |
|    total_timesteps      | 16384        |
| train/                  |              |
|    approx_kl            | 0.0044942517 |
|    clip_fraction        | 0.0301       |
|    clip_range           | 0.2          |
|    entropy_loss         | -2.8         |
|    explained_variance   | -9.54e-07    |
|    learning_rate        | 0.0003       |
|    loss                 | 0.0123       |
|    n_updates            | 70           |
|    policy_gradient_loss | -0.00183     |
|    reward               | 0.016595745  |
|    std                  | 0.981        |
|    value_loss           | 0.00807      |
------------------------------------------
EPISODE:  18
EPISODE:  19
------------------------------------------
| time/                   |              |
|    fps                  | 217          |
|    iterations           | 9            |
|    time_elapsed         | 84           |
|    total_timesteps      | 18432        |
| train/                  |              |
|    approx_kl            | 0.0038651829 |
|    clip_fraction        | 0.0447       |
|    clip_range           | 0.2          |
|    entropy_loss         | -2.8         |
|    explained_variance   | 2.98e-07     |
|    learning_rate        | 0.0003       |
|    loss                 | 0.00586      |
|    n_updates            | 80           |
|    policy_gradient_loss | -0.00484     |
|    reward               | -0.02473611  |
|    std                  | 0.981        |
|    value_loss           | 0.00889      |
------------------------------------------
EPISODE:  20
EPISODE:  21
------------------------------------------
| time/                   |              |
|    fps                  | 216          |
|    iterations           | 10           |
|    time_elapsed         | 94           |
|    total_timesteps      | 20480        |
| train/                  |              |
|    approx_kl            | 0.0042979587 |
|    clip_fraction        | 0.0306       |
|    clip_range           | 0.2          |
|    entropy_loss         | -2.81        |
|    explained_variance   | -1.07e-06    |
|    learning_rate        | 0.0003       |
|    loss                 | 0.01         |
|    n_updates            | 90           |
|    policy_gradient_loss | -0.0025      |
|    reward               | 0.07047184   |
|    std                  | 0.989        |
|    value_loss           | 0.00659      |
------------------------------------------
EPISODE:  22
EPISODE:  23
------------------------------------------
| time/                   |              |
|    fps                  | 215          |
|    iterations           | 11           |
|    time_elapsed         | 104          |
|    total_timesteps      | 22528        |
| train/                  |              |
|    approx_kl            | 0.0044716233 |
|    clip_fraction        | 0.0169       |
|    clip_range           | 0.2          |
|    entropy_loss         | -2.8         |
|    explained_variance   | -4.77e-07    |
|    learning_rate        | 0.0003       |
|    loss                 | 0.00898      |
|    n_updates            | 100          |
|    policy_gradient_loss | -0.00216     |
|    reward               | -0.04105933  |
|    std                  | 0.974        |
|    value_loss           | 0.00634      |
------------------------------------------
EPISODE:  24
EPISODE:  25
------------------------------------------
| time/                   |              |
|    fps                  | 215          |
|    iterations           | 12           |
|    time_elapsed         | 114          |
|    total_timesteps      | 24576        |
| train/                  |              |
|    approx_kl            | 0.0034144027 |
|    clip_fraction        | 0.0183       |
|    clip_range           | 0.2          |
|    entropy_loss         | -2.77        |
|    explained_variance   | -1.07e-06    |
|    learning_rate        | 0.0003       |
|    loss                 | 0.0162       |
|    n_updates            | 110          |
|    policy_gradient_loss | -0.00158     |
|    reward               | 0.029631268  |
|    std                  | 0.962        |
|    value_loss           | 0.00694      |
------------------------------------------
EPISODE:  26
EPISODE:  27
------------------------------------------
| time/                   |              |
|    fps                  | 214          |
|    iterations           | 13           |
|    time_elapsed         | 123          |
|    total_timesteps      | 26624        |
| train/                  |              |
|    approx_kl            | 0.003183936  |
|    clip_fraction        | 0.00957      |
|    clip_range           | 0.2          |
|    entropy_loss         | -2.76        |
|    explained_variance   | -1.19e-07    |
|    learning_rate        | 0.0003       |
|    loss                 | 0.0139       |
|    n_updates            | 120          |
|    policy_gradient_loss | -0.000333    |
|    reward               | -0.006172418 |
|    std                  | 0.961        |
|    value_loss           | 0.00816      |
------------------------------------------
EPISODE:  28
EPISODE:  29
------------------------------------------
| time/                   |              |
|    fps                  | 214          |
|    iterations           | 14           |
|    time_elapsed         | 133          |
|    total_timesteps      | 28672        |
| train/                  |              |
|    approx_kl            | 0.0040640077 |
|    clip_fraction        | 0.0208       |
|    clip_range           | 0.2          |
|    entropy_loss         | -2.75        |
|    explained_variance   | -2.38e-07    |
|    learning_rate        | 0.0003       |
|    loss                 | 0.0139       |
|    n_updates            | 130          |
|    policy_gradient_loss | -0.00127     |
|    reward               | -0.057587523 |
|    std                  | 0.953        |
|    value_loss           | 0.00645      |
------------------------------------------
EPISODE:  30
EPISODE:  31
-----------------------------------------
| time/                   |             |
|    fps                  | 214         |
|    iterations           | 15          |
|    time_elapsed         | 143         |
|    total_timesteps      | 30720       |
| train/                  |             |
|    approx_kl            | 0.004902806 |
|    clip_fraction        | 0.0259      |
|    clip_range           | 0.2         |
|    entropy_loss         | -2.74       |
|    explained_variance   | -2.38e-07   |
|    learning_rate        | 0.0003      |
|    loss                 | 0.00345     |
|    n_updates            | 140         |
|    policy_gradient_loss | -0.000981   |
|    reward               | 0.020057736 |
|    std                  | 0.954       |
|    value_loss           | 0.00728     |
-----------------------------------------
EPISODE:  32
EPISODE:  33
EPISODE:  34
-----------------------------------------
| time/                   |             |
|    fps                  | 213         |
|    iterations           | 16          |
|    time_elapsed         | 153         |
|    total_timesteps      | 32768       |
| train/                  |             |
|    approx_kl            | 0.003645136 |
|    clip_fraction        | 0.0174      |
|    clip_range           | 0.2         |
|    entropy_loss         | -2.74       |
|    explained_variance   | -3.58e-07   |
|    learning_rate        | 0.0003      |
|    loss                 | 0.000384    |
|    n_updates            | 150         |
|    policy_gradient_loss | -0.00146    |
|    reward               | 0.03351885  |
|    std                  | 0.949       |
|    value_loss           | 0.00759     |
-----------------------------------------
EPISODE:  35
EPISODE:  36
------------------------------------------
| time/                   |              |
|    fps                  | 214          |
|    iterations           | 17           |
|    time_elapsed         | 162          |
|    total_timesteps      | 34816        |
| train/                  |              |
|    approx_kl            | 0.0034711936 |
|    clip_fraction        | 0.0203       |
|    clip_range           | 0.2          |
|    entropy_loss         | -2.75        |
|    explained_variance   | -1.19e-07    |
|    learning_rate        | 0.0003       |
|    loss                 | 0.00445      |
|    n_updates            | 160          |
|    policy_gradient_loss | -0.00221     |
|    reward               | 0.041434955  |
|    std                  | 0.963        |
|    value_loss           | 0.00617      |
------------------------------------------
EPISODE:  37
EPISODE:  38
-----------------------------------------
| time/                   |             |
|    fps                  | 214         |
|    iterations           | 18          |
|    time_elapsed         | 171         |
|    total_timesteps      | 36864       |
| train/                  |             |
|    approx_kl            | 0.003518462 |
|    clip_fraction        | 0.0213      |
|    clip_range           | 0.2         |
|    entropy_loss         | -2.75       |
|    explained_variance   | -1.19e-07   |
|    learning_rate        | 0.0003      |
|    loss                 | -0.00318    |
|    n_updates            | 170         |
|    policy_gradient_loss | -0.00154    |
|    reward               | 0.022069735 |
|    std                  | 0.95        |
|    value_loss           | 0.00775     |
-----------------------------------------
EPISODE:  39
EPISODE:  40
------------------------------------------
| time/                   |              |
|    fps                  | 214          |
|    iterations           | 19           |
|    time_elapsed         | 181          |
|    total_timesteps      | 38912        |
| train/                  |              |
|    approx_kl            | 0.0033359346 |
|    clip_fraction        | 0.00757      |
|    clip_range           | 0.2          |
|    entropy_loss         | -2.71        |
|    explained_variance   | 0            |
|    learning_rate        | 0.0003       |
|    loss                 | -0.00555     |
|    n_updates            | 180          |
|    policy_gradient_loss | -0.00112     |
|    reward               | 0.067783855  |
|    std                  | 0.927        |
|    value_loss           | 0.00627      |
------------------------------------------
EPISODE:  41
EPISODE:  42
-----------------------------------------
| time/                   |             |
|    fps                  | 214         |
|    iterations           | 20          |
|    time_elapsed         | 190         |
|    total_timesteps      | 40960       |
| train/                  |             |
|    approx_kl            | 0.005901292 |
|    clip_fraction        | 0.0484      |
|    clip_range           | 0.2         |
|    entropy_loss         | -2.68       |
|    explained_variance   | -1.19e-07   |
|    learning_rate        | 0.0003      |
|    loss                 | -0.00687    |
|    n_updates            | 190         |
|    policy_gradient_loss | -0.00339    |
|    reward               | -0.02481735 |
|    std                  | 0.918       |
|    value_loss           | 0.0069      |
-----------------------------------------
EPISODE:  43
EPISODE:  44
------------------------------------------
| time/                   |              |
|    fps                  | 214          |
|    iterations           | 21           |
|    time_elapsed         | 200          |
|    total_timesteps      | 43008        |
| train/                  |              |
|    approx_kl            | 0.0045531755 |
|    clip_fraction        | 0.0196       |
|    clip_range           | 0.2          |
|    entropy_loss         | -2.66        |
|    explained_variance   | -1.19e-07    |
|    learning_rate        | 0.0003       |
|    loss                 | 0.00189      |
|    n_updates            | 200          |
|    policy_gradient_loss | -0.00162     |
|    reward               | 0.011426261  |
|    std                  | 0.91         |
|    value_loss           | 0.00799      |
------------------------------------------
EPISODE:  45
EPISODE:  46
-------------------------------------------
| time/                   |               |
|    fps                  | 214           |
|    iterations           | 22            |
|    time_elapsed         | 210           |
|    total_timesteps      | 45056         |
| train/                  |               |
|    approx_kl            | 0.0027486354  |
|    clip_fraction        | 0.0157        |
|    clip_range           | 0.2           |
|    entropy_loss         | -2.65         |
|    explained_variance   | -1.19e-07     |
|    learning_rate        | 0.0003        |
|    loss                 | -0.0127       |
|    n_updates            | 210           |
|    policy_gradient_loss | -0.00161      |
|    reward               | -0.0047119847 |
|    std                  | 0.913         |
|    value_loss           | 0.00747       |
-------------------------------------------
EPISODE:  47
EPISODE:  48
------------------------------------------
| time/                   |              |
|    fps                  | 212          |
|    iterations           | 23           |
|    time_elapsed         | 221          |
|    total_timesteps      | 47104        |
| train/                  |              |
|    approx_kl            | 0.0051278723 |
|    clip_fraction        | 0.0562       |
|    clip_range           | 0.2          |
|    entropy_loss         | -2.65        |
|    explained_variance   | -1.19e-07    |
|    learning_rate        | 0.0003       |
|    loss                 | -0.00245     |
|    n_updates            | 220          |
|    policy_gradient_loss | -0.00457     |
|    reward               | 0.016853955  |
|    std                  | 0.908        |
|    value_loss           | 0.00746      |
------------------------------------------
EPISODE:  49
EPISODE:  50
-----------------------------------------
| time/                   |             |
|    fps                  | 211         |
|    iterations           | 24          |
|    time_elapsed         | 231         |
|    total_timesteps      | 49152       |
| train/                  |             |
|    approx_kl            | 0.00571097  |
|    clip_fraction        | 0.0408      |
|    clip_range           | 0.2         |
|    entropy_loss         | -2.64       |
|    explained_variance   | -1.19e-07   |
|    learning_rate        | 0.0003      |
|    loss                 | 0.000326    |
|    n_updates            | 230         |
|    policy_gradient_loss | -0.0031     |
|    reward               | -0.03737564 |
|    std                  | 0.899       |
|    value_loss           | 0.0071      |
-----------------------------------------
EPISODE:  51
EPISODE:  52
-----------------------------------------
| time/                   |             |
|    fps                  | 209         |
|    iterations           | 25          |
|    time_elapsed         | 243         |
|    total_timesteps      | 51200       |
| train/                  |             |
|    approx_kl            | 0.002039103 |
|    clip_fraction        | 0.017       |
|    clip_range           | 0.2         |
|    entropy_loss         | -2.62       |
|    explained_variance   | 0           |
|    learning_rate        | 0.0003      |
|    loss                 | -0.0031     |
|    n_updates            | 240         |
|    policy_gradient_loss | -0.000918   |
|    reward               | -0.05118915 |
|    std                  | 0.892       |
|    value_loss           | 0.00649     |
-----------------------------------------
Saved episode log to Results\250619_hc_binary_udp_noise\ppo\periodic_noise\training_logs\02.csv
