EPISODE:  0
{'n_steps': 5, 'ent_coef': 0.005, 'learning_rate': 0.0002}
Using cpu device
EPISODE:  1
----------------------------------------
| time/                 |              |
|    fps                | 58           |
|    iterations         | 100          |
|    time_elapsed       | 8            |
|    total_timesteps    | 500          |
| train/                |              |
|    entropy_loss       | -2.91        |
|    explained_variance | 0.0349       |
|    learning_rate      | 0.0002       |
|    n_updates          | 99           |
|    policy_loss        | 0.00803      |
|    reward             | 0.0020325202 |
|    std                | 1.04         |
|    value_loss         | 5.72e-06     |
----------------------------------------
EPISODE:  2
---------------------------------------
| time/                 |             |
|    fps                | 57          |
|    iterations         | 200         |
|    time_elapsed       | 17          |
|    total_timesteps    | 1000        |
| train/                |             |
|    entropy_loss       | -2.95       |
|    explained_variance | -5.86       |
|    learning_rate      | 0.0002      |
|    n_updates          | 199         |
|    policy_loss        | -1.33       |
|    reward             | 0.001017294 |
|    std                | 1.06        |
|    value_loss         | 0.875       |
---------------------------------------
----------------------------------------
| time/                 |              |
|    fps                | 56           |
|    iterations         | 300          |
|    time_elapsed       | 26           |
|    total_timesteps    | 1500         |
| train/                |              |
|    entropy_loss       | -2.97        |
|    explained_variance | 0.0136       |
|    learning_rate      | 0.0002       |
|    n_updates          | 299          |
|    policy_loss        | -0.0123      |
|    reward             | 0.0020703934 |
|    std                | 1.07         |
|    value_loss         | 2.19e-05     |
----------------------------------------
EPISODE:  3
----------------------------------------
| time/                 |              |
|    fps                | 57           |
|    iterations         | 400          |
|    time_elapsed       | 34           |
|    total_timesteps    | 2000         |
| train/                |              |
|    entropy_loss       | -2.99        |
|    explained_variance | 0            |
|    learning_rate      | 0.0002       |
|    n_updates          | 399          |
|    policy_loss        | 0.0141       |
|    reward             | 0.0010266941 |
|    std                | 1.08         |
|    value_loss         | 4.46e-05     |
----------------------------------------
----------------------------------------
| time/                 |              |
|    fps                | 62           |
|    iterations         | 500          |
|    time_elapsed       | 40           |
|    total_timesteps    | 2500         |
| train/                |              |
|    entropy_loss       | -3.01        |
|    explained_variance | 0.198        |
|    learning_rate      | 0.0002       |
|    n_updates          | 499          |
|    policy_loss        | -0.00635     |
|    reward             | 0.0021097045 |
|    std                | 1.09         |
|    value_loss         | 7.59e-06     |
----------------------------------------
EPISODE:  4
----------------------------------------
| time/                 |              |
|    fps                | 66           |
|    iterations         | 600          |
|    time_elapsed       | 45           |
|    total_timesteps    | 3000         |
| train/                |              |
|    entropy_loss       | -3.03        |
|    explained_variance | 0            |
|    learning_rate      | 0.0002       |
|    n_updates          | 599          |
|    policy_loss        | 0.0439       |
|    reward             | 0.0010362695 |
|    std                | 1.1          |
|    value_loss         | 0.000504     |
----------------------------------------
----------------------------------------
| time/                 |              |
|    fps                | 64           |
|    iterations         | 700          |
|    time_elapsed       | 54           |
|    total_timesteps    | 3500         |
| train/                |              |
|    entropy_loss       | -3.04        |
|    explained_variance | 0.00121      |
|    learning_rate      | 0.0002       |
|    n_updates          | 699          |
|    policy_loss        | -0.0129      |
|    reward             | 0.0021505377 |
|    std                | 1.11         |
|    value_loss         | 2.06e-05     |
----------------------------------------
EPISODE:  5
----------------------------------------
| time/                 |              |
|    fps                | 63           |
|    iterations         | 800          |
|    time_elapsed       | 63           |
|    total_timesteps    | 4000         |
| train/                |              |
|    entropy_loss       | -3.07        |
|    explained_variance | -1.19e-07    |
|    learning_rate      | 0.0002       |
|    n_updates          | 799          |
|    policy_loss        | 0.00868      |
|    reward             | 0.0010460251 |
|    std                | 1.12         |
|    value_loss         | 1.38e-05     |
----------------------------------------
----------------------------------------
| time/                 |              |
|    fps                | 62           |
|    iterations         | 900          |
|    time_elapsed       | 72           |
|    total_timesteps    | 4500         |
| train/                |              |
|    entropy_loss       | -3.09        |
|    explained_variance | -115         |
|    learning_rate      | 0.0002       |
|    n_updates          | 899          |
|    policy_loss        | 0.058        |
|    reward             | 0.0021929825 |
|    std                | 1.13         |
|    value_loss         | 0.000928     |
----------------------------------------
EPISODE:  6
----------------------------------------
| time/                 |              |
|    fps                | 61           |
|    iterations         | 1000         |
|    time_elapsed       | 81           |
|    total_timesteps    | 5000         |
| train/                |              |
|    entropy_loss       | -3.11        |
|    explained_variance | -5.23e-05    |
|    learning_rate      | 0.0002       |
|    n_updates          | 999          |
|    policy_loss        | 0.00557      |
|    reward             | 0.0010559662 |
|    std                | 1.15         |
|    value_loss         | 5.2e-06      |
----------------------------------------
----------------------------------------
| time/                 |              |
|    fps                | 61           |
|    iterations         | 1100         |
|    time_elapsed       | 90           |
|    total_timesteps    | 5500         |
| train/                |              |
|    entropy_loss       | -3.14        |
|    explained_variance | 0            |
|    learning_rate      | 0.0002       |
|    n_updates          | 1099         |
|    policy_loss        | -0.000533    |
|    reward             | 0.0022371365 |
|    std                | 1.16         |
|    value_loss         | 2.07e-08     |
----------------------------------------
EPISODE:  7
----------------------------------------
| time/                 |              |
|    fps                | 60           |
|    iterations         | 1200         |
|    time_elapsed       | 98           |
|    total_timesteps    | 6000         |
| train/                |              |
|    entropy_loss       | -3.17        |
|    explained_variance | 0            |
|    learning_rate      | 0.0002       |
|    n_updates          | 1199         |
|    policy_loss        | -0.00658     |
|    reward             | 0.0010660981 |
|    std                | 1.18         |
|    value_loss         | 5.31e-06     |
----------------------------------------
---------------------------------------
| time/                 |             |
|    fps                | 60          |
|    iterations         | 1300        |
|    time_elapsed       | 107         |
|    total_timesteps    | 6500        |
| train/                |             |
|    entropy_loss       | -3.19       |
|    explained_variance | 0           |
|    learning_rate      | 0.0002      |
|    n_updates          | 1299        |
|    policy_loss        | 0.002       |
|    reward             | 0.002283105 |
|    std                | 1.19        |
|    value_loss         | 3.73e-07    |
---------------------------------------
EPISODE:  8
----------------------------------------
| time/                 |              |
|    fps                | 60           |
|    iterations         | 1400         |
|    time_elapsed       | 115          |
|    total_timesteps    | 7000         |
| train/                |              |
|    entropy_loss       | -3.21        |
|    explained_variance | 0.000124     |
|    learning_rate      | 0.0002       |
|    n_updates          | 1399         |
|    policy_loss        | 0.00431      |
|    reward             | 0.0010764262 |
|    std                | 1.2          |
|    value_loss         | 1.69e-06     |
----------------------------------------
----------------------------------------
| time/                 |              |
|    fps                | 60           |
|    iterations         | 1500         |
|    time_elapsed       | 124          |
|    total_timesteps    | 7500         |
| train/                |              |
|    entropy_loss       | -3.23        |
|    explained_variance | 0            |
|    learning_rate      | 0.0002       |
|    n_updates          | 1499         |
|    policy_loss        | 0.00215      |
|    reward             | 0.0023310024 |
|    std                | 1.21         |
|    value_loss         | 6.15e-07     |
----------------------------------------
EPISODE:  9
----------------------------------------
| time/                 |              |
|    fps                | 60           |
|    iterations         | 1600         |
|    time_elapsed       | 131          |
|    total_timesteps    | 8000         |
| train/                |              |
|    entropy_loss       | -3.24        |
|    explained_variance | 0.582        |
|    learning_rate      | 0.0002       |
|    n_updates          | 1599         |
|    policy_loss        | 0.000139     |
|    reward             | 0.0010869565 |
|    std                | 1.22         |
|    value_loss         | 2.4e-09      |
----------------------------------------
----------------------------------------
| time/                 |              |
|    fps                | 61           |
|    iterations         | 1700         |
|    time_elapsed       | 137          |
|    total_timesteps    | 8500         |
| train/                |              |
|    entropy_loss       | -3.26        |
|    explained_variance | 0            |
|    learning_rate      | 0.0002       |
|    n_updates          | 1699         |
|    policy_loss        | 0.0025       |
|    reward             | 0.0023809525 |
|    std                | 1.23         |
|    value_loss         | 4.01e-07     |
----------------------------------------
EPISODE:  10
----------------------------------------
| time/                 |              |
|    fps                | 63           |
|    iterations         | 1800         |
|    time_elapsed       | 142          |
|    total_timesteps    | 9000         |
| train/                |              |
|    entropy_loss       | -3.28        |
|    explained_variance | -1.19e-07    |
|    learning_rate      | 0.0002       |
|    n_updates          | 1799         |
|    policy_loss        | 0.00328      |
|    reward             | 0.0010976949 |
|    std                | 1.25         |
|    value_loss         | 1.02e-06     |
----------------------------------------
--------------------------------------
| time/                 |            |
|    fps                | 64         |
|    iterations         | 1900       |
|    time_elapsed       | 147        |
|    total_timesteps    | 9500       |
| train/                |            |
|    entropy_loss       | -3.3       |
|    explained_variance | -0.00595   |
|    learning_rate      | 0.0002     |
|    n_updates          | 1899       |
|    policy_loss        | 0.00156    |
|    reward             | 0.00243309 |
|    std                | 1.26       |
|    value_loss         | 3.62e-07   |
--------------------------------------
EPISODE:  11
----------------------------------------
| time/                 |              |
|    fps                | 64           |
|    iterations         | 2000         |
|    time_elapsed       | 155          |
|    total_timesteps    | 10000        |
| train/                |              |
|    entropy_loss       | -3.32        |
|    explained_variance | -0.0991      |
|    learning_rate      | 0.0002       |
|    n_updates          | 1999         |
|    policy_loss        | -0.00664     |
|    reward             | 0.0011086474 |
|    std                | 1.27         |
|    value_loss         | 5.04e-06     |
----------------------------------------
----------------------------------------
| time/                 |              |
|    fps                | 63           |
|    iterations         | 2100         |
|    time_elapsed       | 164          |
|    total_timesteps    | 10500        |
| train/                |              |
|    entropy_loss       | -3.34        |
|    explained_variance | 0            |
|    learning_rate      | 0.0002       |
|    n_updates          | 2099         |
|    policy_loss        | -0.00749     |
|    reward             | 0.0024875621 |
|    std                | 1.29         |
|    value_loss         | 6.07e-06     |
----------------------------------------
EPISODE:  12
----------------------------------------
| time/                 |              |
|    fps                | 63           |
|    iterations         | 2200         |
|    time_elapsed       | 173          |
|    total_timesteps    | 11000        |
| train/                |              |
|    entropy_loss       | -3.36        |
|    explained_variance | 8.38e-05     |
|    learning_rate      | 0.0002       |
|    n_updates          | 2199         |
|    policy_loss        | -0.00126     |
|    reward             | 0.0011198209 |
|    std                | 1.3          |
|    value_loss         | 2.23e-07     |
----------------------------------------
----------------------------------------
| time/                 |              |
|    fps                | 63           |
|    iterations         | 2300         |
|    time_elapsed       | 182          |
|    total_timesteps    | 11500        |
| train/                |              |
|    entropy_loss       | -3.38        |
|    explained_variance | -0.000278    |
|    learning_rate      | 0.0002       |
|    n_updates          | 2299         |
|    policy_loss        | 0.0207       |
|    reward             | 0.0025445293 |
|    std                | 1.31         |
|    value_loss         | 5.63e-05     |
----------------------------------------
EPISODE:  13
----------------------------------------
| time/                 |              |
|    fps                | 62           |
|    iterations         | 2400         |
|    time_elapsed       | 191          |
|    total_timesteps    | 12000        |
| train/                |              |
|    entropy_loss       | -3.4         |
|    explained_variance | 0            |
|    learning_rate      | 0.0002       |
|    n_updates          | 2399         |
|    policy_loss        | -0.000379    |
|    reward             | 0.0011312218 |
|    std                | 1.32         |
|    value_loss         | 2.29e-08     |
----------------------------------------
----------------------------------------
| time/                 |              |
|    fps                | 62           |
|    iterations         | 2500         |
|    time_elapsed       | 200          |
|    total_timesteps    | 12500        |
| train/                |              |
|    entropy_loss       | -3.42        |
|    explained_variance | -9.19e+04    |
|    learning_rate      | 0.0002       |
|    n_updates          | 2499         |
|    policy_loss        | 0.0261       |
|    reward             | 0.0026041667 |
|    std                | 1.34         |
|    value_loss         | 5.33e-05     |
----------------------------------------
EPISODE:  14
----------------------------------------
| time/                 |              |
|    fps                | 62           |
|    iterations         | 2600         |
|    time_elapsed       | 209          |
|    total_timesteps    | 13000        |
| train/                |              |
|    entropy_loss       | -3.44        |
|    explained_variance | 0            |
|    learning_rate      | 0.0002       |
|    n_updates          | 2599         |
|    policy_loss        | 0.000474     |
|    reward             | 0.0011428571 |
|    std                | 1.35         |
|    value_loss         | 2.86e-08     |
----------------------------------------
----------------------------------------
| time/                 |              |
|    fps                | 61           |
|    iterations         | 2700         |
|    time_elapsed       | 218          |
|    total_timesteps    | 13500        |
| train/                |              |
|    entropy_loss       | -3.45        |
|    explained_variance | 0            |
|    learning_rate      | 0.0002       |
|    n_updates          | 2699         |
|    policy_loss        | -0.0089      |
|    reward             | 0.0026666666 |
|    std                | 1.36         |
|    value_loss         | 9.54e-06     |
----------------------------------------
EPISODE:  15
----------------------------------------
| time/                 |              |
|    fps                | 61           |
|    iterations         | 2800         |
|    time_elapsed       | 227          |
|    total_timesteps    | 14000        |
| train/                |              |
|    entropy_loss       | -3.47        |
|    explained_variance | 1.79e-07     |
|    learning_rate      | 0.0002       |
|    n_updates          | 2799         |
|    policy_loss        | 4.14e-05     |
|    reward             | 0.0011547344 |
|    std                | 1.37         |
|    value_loss         | 2.11e-10     |
----------------------------------------
----------------------------------------
| time/                 |              |
|    fps                | 61           |
|    iterations         | 2900         |
|    time_elapsed       | 236          |
|    total_timesteps    | 14500        |
| train/                |              |
|    entropy_loss       | -3.49        |
|    explained_variance | -222         |
|    learning_rate      | 0.0002       |
|    n_updates          | 2899         |
|    policy_loss        | 0.203        |
|    reward             | 0.0027322404 |
|    std                | 1.39         |
|    value_loss         | 0.00861      |
----------------------------------------
EPISODE:  16
----------------------------------------
| time/                 |              |
|    fps                | 61           |
|    iterations         | 3000         |
|    time_elapsed       | 245          |
|    total_timesteps    | 15000        |
| train/                |              |
|    entropy_loss       | -3.51        |
|    explained_variance | -2.33        |
|    learning_rate      | 0.0002       |
|    n_updates          | 2999         |
|    policy_loss        | -0.0122      |
|    reward             | 0.0011668612 |
|    std                | 1.4          |
|    value_loss         | 1.22e-05     |
----------------------------------------
----------------------------------------
| time/                 |              |
|    fps                | 60           |
|    iterations         | 3100         |
|    time_elapsed       | 254          |
|    total_timesteps    | 15500        |
| train/                |              |
|    entropy_loss       | -3.53        |
|    explained_variance | 0            |
|    learning_rate      | 0.0002       |
|    n_updates          | 3099         |
|    policy_loss        | -0.00607     |
|    reward             | 0.0028011205 |
|    std                | 1.41         |
|    value_loss         | 3e-06        |
----------------------------------------
EPISODE:  17
----------------------------------------
| time/                 |              |
|    fps                | 61           |
|    iterations         | 3200         |
|    time_elapsed       | 261          |
|    total_timesteps    | 16000        |
| train/                |              |
|    entropy_loss       | -3.54        |
|    explained_variance | 0.601        |
|    learning_rate      | 0.0002       |
|    n_updates          | 3199         |
|    policy_loss        | -0.0129      |
|    reward             | 0.0011792453 |
|    std                | 1.42         |
|    value_loss         | 1.23e-05     |
----------------------------------------
----------------------------------------
| time/                 |              |
|    fps                | 61           |
|    iterations         | 3300         |
|    time_elapsed       | 266          |
|    total_timesteps    | 16500        |
| train/                |              |
|    entropy_loss       | -3.56        |
|    explained_variance | 2.98e-07     |
|    learning_rate      | 0.0002       |
|    n_updates          | 3299         |
|    policy_loss        | 0.000265     |
|    reward             | 0.0028735632 |
|    std                | 1.44         |
|    value_loss         | 6.42e-09     |
----------------------------------------
EPISODE:  18
----------------------------------------
| time/                 |              |
|    fps                | 61           |
|    iterations         | 3400         |
|    time_elapsed       | 274          |
|    total_timesteps    | 17000        |
| train/                |              |
|    entropy_loss       | -3.58        |
|    explained_variance | -15.6        |
|    learning_rate      | 0.0002       |
|    n_updates          | 3399         |
|    policy_loss        | -0.00776     |
|    reward             | 0.0011918951 |
|    std                | 1.45         |
|    value_loss         | 8.15e-06     |
----------------------------------------
----------------------------------------
| time/                 |              |
|    fps                | 61           |
|    iterations         | 3500         |
|    time_elapsed       | 283          |
|    total_timesteps    | 17500        |
| train/                |              |
|    entropy_loss       | -3.6         |
|    explained_variance | 5.96e-08     |
|    learning_rate      | 0.0002       |
|    n_updates          | 3499         |
|    policy_loss        | 0.00158      |
|    reward             | 0.0029498525 |
|    std                | 1.46         |
|    value_loss         | 2.89e-07     |
----------------------------------------
EPISODE:  19
----------------------------------------
| time/                 |              |
|    fps                | 61           |
|    iterations         | 3600         |
|    time_elapsed       | 292          |
|    total_timesteps    | 18000        |
| train/                |              |
|    entropy_loss       | -3.61        |
|    explained_variance | 1.19e-07     |
|    learning_rate      | 0.0002       |
|    n_updates          | 3599         |
|    policy_loss        | 0.00214      |
|    reward             | 0.0012048193 |
|    std                | 1.47         |
|    value_loss         | 5.67e-07     |
----------------------------------------
---------------------------------------
| time/                 |             |
|    fps                | 61          |
|    iterations         | 3700        |
|    time_elapsed       | 301         |
|    total_timesteps    | 18500       |
| train/                |             |
|    entropy_loss       | -3.64       |
|    explained_variance | 1.4e-05     |
|    learning_rate      | 0.0002      |
|    n_updates          | 3699        |
|    policy_loss        | -0.0106     |
|    reward             | 0.003030303 |
|    std                | 1.49        |
|    value_loss         | 1.02e-05    |
---------------------------------------
EPISODE:  20
----------------------------------------
| time/                 |              |
|    fps                | 61           |
|    iterations         | 3800         |
|    time_elapsed       | 309          |
|    total_timesteps    | 19000        |
| train/                |              |
|    entropy_loss       | -3.65        |
|    explained_variance | 0            |
|    learning_rate      | 0.0002       |
|    n_updates          | 3799         |
|    policy_loss        | 0.00168      |
|    reward             | 0.0012180269 |
|    std                | 1.5          |
|    value_loss         | 2.37e-07     |
----------------------------------------
----------------------------------------
| time/                 |              |
|    fps                | 61           |
|    iterations         | 3900         |
|    time_elapsed       | 317          |
|    total_timesteps    | 19500        |
| train/                |              |
|    entropy_loss       | -3.67        |
|    explained_variance | 5.08e-05     |
|    learning_rate      | 0.0002       |
|    n_updates          | 3899         |
|    policy_loss        | -0.0442      |
|    reward             | 0.0031152647 |
|    std                | 1.52         |
|    value_loss         | 0.000201     |
----------------------------------------
EPISODE:  21
----------------------------------------
| time/                 |              |
|    fps                | 61           |
|    iterations         | 4000         |
|    time_elapsed       | 323          |
|    total_timesteps    | 20000        |
| train/                |              |
|    entropy_loss       | -3.69        |
|    explained_variance | 0            |
|    learning_rate      | 0.0002       |
|    n_updates          | 3999         |
|    policy_loss        | 0.000751     |
|    reward             | 0.0012315271 |
|    std                | 1.53         |
|    value_loss         | 7.53e-08     |
----------------------------------------
----------------------------------------
| time/                 |              |
|    fps                | 62           |
|    iterations         | 4100         |
|    time_elapsed       | 328          |
|    total_timesteps    | 20500        |
| train/                |              |
|    entropy_loss       | -3.71        |
|    explained_variance | 0            |
|    learning_rate      | 0.0002       |
|    n_updates          | 4099         |
|    policy_loss        | -0.253       |
|    reward             | 0.0032051282 |
|    std                | 1.55         |
|    value_loss         | 0.00385      |
----------------------------------------
EPISODE:  22
--------------------------------------
| time/                 |            |
|    fps                | 62         |
|    iterations         | 4200       |
|    time_elapsed       | 333        |
|    total_timesteps    | 21000      |
| train/                |            |
|    entropy_loss       | -3.73      |
|    explained_variance | 0          |
|    learning_rate      | 0.0002     |
|    n_updates          | 4199       |
|    policy_loss        | 0.00036    |
|    reward             | 0.00124533 |
|    std                | 1.56       |
|    value_loss         | 1.13e-08   |
--------------------------------------
----------------------------------------
| time/                 |              |
|    fps                | 63           |
|    iterations         | 4300         |
|    time_elapsed       | 338          |
|    total_timesteps    | 21500        |
| train/                |              |
|    entropy_loss       | -3.75        |
|    explained_variance | 0            |
|    learning_rate      | 0.0002       |
|    n_updates          | 4299         |
|    policy_loss        | -0.113       |
|    reward             | 0.0033003301 |
|    std                | 1.58         |
|    value_loss         | 0.00114      |
----------------------------------------
EPISODE:  23
----------------------------------------
| time/                 |              |
|    fps                | 63           |
|    iterations         | 4400         |
|    time_elapsed       | 346          |
|    total_timesteps    | 22000        |
| train/                |              |
|    entropy_loss       | -3.77        |
|    explained_variance | 1.19e-07     |
|    learning_rate      | 0.0002       |
|    n_updates          | 4399         |
|    policy_loss        | 0.000591     |
|    reward             | 0.0012594458 |
|    std                | 1.59         |
|    value_loss         | 2.85e-08     |
----------------------------------------
----------------------------------------
| time/                 |              |
|    fps                | 63           |
|    iterations         | 4500         |
|    time_elapsed       | 355          |
|    total_timesteps    | 22500        |
| train/                |              |
|    entropy_loss       | -3.78        |
|    explained_variance | 0            |
|    learning_rate      | 0.0002       |
|    n_updates          | 4499         |
|    policy_loss        | -0.0515      |
|    reward             | 0.0034013605 |
|    std                | 1.61         |
|    value_loss         | 0.000177     |
----------------------------------------
EPISODE:  24
----------------------------------------
| time/                 |              |
|    fps                | 63           |
|    iterations         | 4600         |
|    time_elapsed       | 364          |
|    total_timesteps    | 23000        |
| train/                |              |
|    entropy_loss       | -3.8         |
|    explained_variance | 0            |
|    learning_rate      | 0.0002       |
|    n_updates          | 4599         |
|    policy_loss        | 0.000756     |
|    reward             | 0.0012738854 |
|    std                | 1.62         |
|    value_loss         | 4.85e-08     |
----------------------------------------
---------------------------------------
| time/                 |             |
|    fps                | 62          |
|    iterations         | 4700        |
|    time_elapsed       | 373         |
|    total_timesteps    | 23500       |
| train/                |             |
|    entropy_loss       | -3.82       |
|    explained_variance | 0           |
|    learning_rate      | 0.0002      |
|    n_updates          | 4699        |
|    policy_loss        | -0.0176     |
|    reward             | 0.003508772 |
|    std                | 1.64        |
|    value_loss         | 3.31e-05    |
---------------------------------------
EPISODE:  25
----------------------------------------
| time/                 |              |
|    fps                | 62           |
|    iterations         | 4800         |
|    time_elapsed       | 382          |
|    total_timesteps    | 24000        |
| train/                |              |
|    entropy_loss       | -3.84        |
|    explained_variance | 0            |
|    learning_rate      | 0.0002       |
|    n_updates          | 4799         |
|    policy_loss        | 0.00128      |
|    reward             | 0.0012886598 |
|    std                | 1.65         |
|    value_loss         | 9.36e-08     |
----------------------------------------
----------------------------------------
| time/                 |              |
|    fps                | 62           |
|    iterations         | 4900         |
|    time_elapsed       | 391          |
|    total_timesteps    | 24500        |
| train/                |              |
|    entropy_loss       | -3.85        |
|    explained_variance | 0            |
|    learning_rate      | 0.0002       |
|    n_updates          | 4899         |
|    policy_loss        | -0.00145     |
|    reward             | 0.0036231885 |
|    std                | 1.66         |
|    value_loss         | 2.91e-07     |
----------------------------------------
EPISODE:  26
----------------------------------------
| time/                 |              |
|    fps                | 62           |
|    iterations         | 5000         |
|    time_elapsed       | 400          |
|    total_timesteps    | 25000        |
| train/                |              |
|    entropy_loss       | -3.87        |
|    explained_variance | -0.00381     |
|    learning_rate      | 0.0002       |
|    n_updates          | 4999         |
|    policy_loss        | 0.00253      |
|    reward             | 0.0013037809 |
|    std                | 1.68         |
|    value_loss         | 5.84e-07     |
----------------------------------------
----------------------------------------
| time/                 |              |
|    fps                | 62           |
|    iterations         | 5100         |
|    time_elapsed       | 409          |
|    total_timesteps    | 25500        |
| train/                |              |
|    entropy_loss       | -3.89        |
|    explained_variance | 0            |
|    learning_rate      | 0.0002       |
|    n_updates          | 5099         |
|    policy_loss        | 0.00162      |
|    reward             | 0.0037453184 |
|    std                | 1.7          |
|    value_loss         | 1.6e-07      |
----------------------------------------
EPISODE:  27
----------------------------------------
| time/                 |              |
|    fps                | 62           |
|    iterations         | 5200         |
|    time_elapsed       | 418          |
|    total_timesteps    | 26000        |
| train/                |              |
|    entropy_loss       | -3.91        |
|    explained_variance | 0.786        |
|    learning_rate      | 0.0002       |
|    n_updates          | 5199         |
|    policy_loss        | 0.00227      |
|    reward             | 0.0013192613 |
|    std                | 1.71         |
|    value_loss         | 7.36e-07     |
----------------------------------------
---------------------------------------
| time/                 |             |
|    fps                | 61          |
|    iterations         | 5300        |
|    time_elapsed       | 427         |
|    total_timesteps    | 26500       |
| train/                |             |
|    entropy_loss       | -3.93       |
|    explained_variance | 0           |
|    learning_rate      | 0.0002      |
|    n_updates          | 5299        |
|    policy_loss        | 0.00326     |
|    reward             | 0.003875969 |
|    std                | 1.72        |
|    value_loss         | 1.32e-06    |
---------------------------------------
EPISODE:  28
----------------------------------------
| time/                 |              |
|    fps                | 61           |
|    iterations         | 5400         |
|    time_elapsed       | 436          |
|    total_timesteps    | 27000        |
| train/                |              |
|    entropy_loss       | -3.94        |
|    explained_variance | -3.98e-05    |
|    learning_rate      | 0.0002       |
|    n_updates          | 5399         |
|    policy_loss        | -0.01        |
|    reward             | 0.0013351135 |
|    std                | 1.74         |
|    value_loss         | 6.3e-06      |
----------------------------------------
---------------------------------------
| time/                 |             |
|    fps                | 61          |
|    iterations         | 5500        |
|    time_elapsed       | 445         |
|    total_timesteps    | 27500       |
| train/                |             |
|    entropy_loss       | -3.96       |
|    explained_variance | 1.19e-07    |
|    learning_rate      | 0.0002      |
|    n_updates          | 5499        |
|    policy_loss        | 0.0059      |
|    reward             | 0.004016064 |
|    std                | 1.75        |
|    value_loss         | 3.26e-06    |
---------------------------------------
EPISODE:  29
----------------------------------------
| time/                 |              |
|    fps                | 61           |
|    iterations         | 5600         |
|    time_elapsed       | 454          |
|    total_timesteps    | 28000        |
| train/                |              |
|    entropy_loss       | -3.97        |
|    explained_variance | 0            |
|    learning_rate      | 0.0002       |
|    n_updates          | 5599         |
|    policy_loss        | -0.014       |
|    reward             | 0.0013513514 |
|    std                | 1.77         |
|    value_loss         | 1.41e-05     |
----------------------------------------
---------------------------------------
| time/                 |             |
|    fps                | 61          |
|    iterations         | 5700        |
|    time_elapsed       | 463         |
|    total_timesteps    | 28500       |
| train/                |             |
|    entropy_loss       | -3.99       |
|    explained_variance | 5.96e-08    |
|    learning_rate      | 0.0002      |
|    n_updates          | 5699        |
|    policy_loss        | 0.00498     |
|    reward             | 0.004166667 |
|    std                | 1.78        |
|    value_loss         | 2.02e-06    |
---------------------------------------
EPISODE:  30
----------------------------------------
| time/                 |              |
|    fps                | 61           |
|    iterations         | 5800         |
|    time_elapsed       | 472          |
|    total_timesteps    | 29000        |
| train/                |              |
|    entropy_loss       | -4           |
|    explained_variance | 0            |
|    learning_rate      | 0.0002       |
|    n_updates          | 5799         |
|    policy_loss        | -0.00184     |
|    reward             | 0.0013679891 |
|    std                | 1.79         |
|    value_loss         | 2.42e-07     |
----------------------------------------
----------------------------------------
| time/                 |              |
|    fps                | 61           |
|    iterations         | 5900         |
|    time_elapsed       | 480          |
|    total_timesteps    | 29500        |
| train/                |              |
|    entropy_loss       | -4.02        |
|    explained_variance | 0            |
|    learning_rate      | 0.0002       |
|    n_updates          | 5899         |
|    policy_loss        | 0.00737      |
|    reward             | 0.0043290043 |
|    std                | 1.81         |
|    value_loss         | 2.79e-06     |
----------------------------------------
EPISODE:  31
----------------------------------------
| time/                 |              |
|    fps                | 61           |
|    iterations         | 6000         |
|    time_elapsed       | 489          |
|    total_timesteps    | 30000        |
| train/                |              |
|    entropy_loss       | -4.03        |
|    explained_variance | 0            |
|    learning_rate      | 0.0002       |
|    n_updates          | 5999         |
|    policy_loss        | 0.00137      |
|    reward             | 0.0013850415 |
|    std                | 1.82         |
|    value_loss         | 1.74e-07     |
----------------------------------------
----------------------------------------
| time/                 |              |
|    fps                | 61           |
|    iterations         | 6100         |
|    time_elapsed       | 498          |
|    total_timesteps    | 30500        |
| train/                |              |
|    entropy_loss       | -4.05        |
|    explained_variance | -1.19e-07    |
|    learning_rate      | 0.0002       |
|    n_updates          | 6099         |
|    policy_loss        | 0.00529      |
|    reward             | 0.0045045046 |
|    std                | 1.83         |
|    value_loss         | 2.26e-06     |
----------------------------------------
EPISODE:  32
----------------------------------------
| time/                 |              |
|    fps                | 61           |
|    iterations         | 6200         |
|    time_elapsed       | 506          |
|    total_timesteps    | 31000        |
| train/                |              |
|    entropy_loss       | -4.07        |
|    explained_variance | 0            |
|    learning_rate      | 0.0002       |
|    n_updates          | 6199         |
|    policy_loss        | 0.00178      |
|    reward             | 0.0014025245 |
|    std                | 1.85         |
|    value_loss         | 3.04e-07     |
----------------------------------------
----------------------------------------
| time/                 |              |
|    fps                | 61           |
|    iterations         | 6300         |
|    time_elapsed       | 515          |
|    total_timesteps    | 31500        |
| train/                |              |
|    entropy_loss       | -4.08        |
|    explained_variance | 0            |
|    learning_rate      | 0.0002       |
|    n_updates          | 6299         |
|    policy_loss        | 0.00534      |
|    reward             | 0.0046948357 |
|    std                | 1.87         |
|    value_loss         | 2.42e-06     |
----------------------------------------
EPISODE:  33
----------------------------------------
| time/                 |              |
|    fps                | 60           |
|    iterations         | 6400         |
|    time_elapsed       | 524          |
|    total_timesteps    | 32000        |
| train/                |              |
|    entropy_loss       | -4.1         |
|    explained_variance | 0            |
|    learning_rate      | 0.0002       |
|    n_updates          | 6399         |
|    policy_loss        | 0.00112      |
|    reward             | 0.0014204546 |
|    std                | 1.88         |
|    value_loss         | 8.63e-08     |
----------------------------------------
---------------------------------------
| time/                 |             |
|    fps                | 60          |
|    iterations         | 6500        |
|    time_elapsed       | 533         |
|    total_timesteps    | 32500       |
| train/                |             |
|    entropy_loss       | -4.11       |
|    explained_variance | 0           |
|    learning_rate      | 0.0002      |
|    n_updates          | 6499        |
|    policy_loss        | 0.00664     |
|    reward             | 0.004901961 |
|    std                | 1.89        |
|    value_loss         | 2.69e-06    |
---------------------------------------
EPISODE:  34
----------------------------------------
| time/                 |              |
|    fps                | 60           |
|    iterations         | 6600         |
|    time_elapsed       | 542          |
|    total_timesteps    | 33000        |
| train/                |              |
|    entropy_loss       | -4.13        |
|    explained_variance | 0            |
|    learning_rate      | 0.0002       |
|    n_updates          | 6599         |
|    policy_loss        | 0.000953     |
|    reward             | 0.0014388489 |
|    std                | 1.91         |
|    value_loss         | 6.33e-08     |
----------------------------------------
----------------------------------------
| time/                 |              |
|    fps                | 60           |
|    iterations         | 6700         |
|    time_elapsed       | 551          |
|    total_timesteps    | 33500        |
| train/                |              |
|    entropy_loss       | -4.15        |
|    explained_variance | 0            |
|    learning_rate      | 0.0002       |
|    n_updates          | 6699         |
|    policy_loss        | 0.00662      |
|    reward             | 0.0051282053 |
|    std                | 1.92         |
|    value_loss         | 3.24e-06     |
----------------------------------------
EPISODE:  35
---------------------------------------
| time/                 |             |
|    fps                | 60          |
|    iterations         | 6800        |
|    time_elapsed       | 559         |
|    total_timesteps    | 34000       |
| train/                |             |
|    entropy_loss       | -4.17       |
|    explained_variance | 0           |
|    learning_rate      | 0.0002      |
|    n_updates          | 6799        |
|    policy_loss        | 0.000794    |
|    reward             | 0.001457726 |
|    std                | 1.94        |
|    value_loss         | 4.84e-08    |
---------------------------------------
---------------------------------------
| time/                 |             |
|    fps                | 60          |
|    iterations         | 6900        |
|    time_elapsed       | 568         |
|    total_timesteps    | 34500       |
| train/                |             |
|    entropy_loss       | -4.18       |
|    explained_variance | -1.19e-07   |
|    learning_rate      | 0.0002      |
|    n_updates          | 6899        |
|    policy_loss        | 0.00637     |
|    reward             | 0.005376344 |
|    std                | 1.96        |
|    value_loss         | 3.95e-06    |
---------------------------------------
EPISODE:  36
----------------------------------------
| time/                 |              |
|    fps                | 60           |
|    iterations         | 7000         |
|    time_elapsed       | 576          |
|    total_timesteps    | 35000        |
| train/                |              |
|    entropy_loss       | -4.2         |
|    explained_variance | 0.00507      |
|    learning_rate      | 0.0002       |
|    n_updates          | 6999         |
|    policy_loss        | -0.00106     |
|    reward             | 0.0014771048 |
|    std                | 1.98         |
|    value_loss         | 1.13e-07     |
----------------------------------------
----------------------------------------
| time/                 |              |
|    fps                | 60           |
|    iterations         | 7100         |
|    time_elapsed       | 585          |
|    total_timesteps    | 35500        |
| train/                |              |
|    entropy_loss       | -4.22        |
|    explained_variance | 0            |
|    learning_rate      | 0.0002       |
|    n_updates          | 7099         |
|    policy_loss        | 0.00822      |
|    reward             | 0.0056497175 |
|    std                | 2            |
|    value_loss         | 5.06e-06     |
----------------------------------------
EPISODE:  37
---------------------------------------
| time/                 |             |
|    fps                | 60          |
|    iterations         | 7200        |
|    time_elapsed       | 593         |
|    total_timesteps    | 36000       |
| train/                |             |
|    entropy_loss       | -4.24       |
|    explained_variance | 0           |
|    learning_rate      | 0.0002      |
|    n_updates          | 7199        |
|    policy_loss        | -0.116      |
|    reward             | 0.001497006 |
|    std                | 2.02        |
|    value_loss         | 0.00127     |
---------------------------------------
---------------------------------------
| time/                 |             |
|    fps                | 60          |
|    iterations         | 7300        |
|    time_elapsed       | 599         |
|    total_timesteps    | 36500       |
| train/                |             |
|    entropy_loss       | -4.26       |
|    explained_variance | 0           |
|    learning_rate      | 0.0002      |
|    n_updates          | 7299        |
|    policy_loss        | 0.00945     |
|    reward             | 0.005952381 |
|    std                | 2.04        |
|    value_loss         | 4.75e-06    |
---------------------------------------
EPISODE:  38
----------------------------------------
| time/                 |              |
|    fps                | 61           |
|    iterations         | 7400         |
|    time_elapsed       | 604          |
|    total_timesteps    | 37000        |
| train/                |              |
|    entropy_loss       | -4.28        |
|    explained_variance | -155         |
|    learning_rate      | 0.0002       |
|    n_updates          | 7399         |
|    policy_loss        | 5.01         |
|    reward             | 0.0015174507 |
|    std                | 2.06         |
|    value_loss         | 1.1          |
----------------------------------------
---------------------------------------
| time/                 |             |
|    fps                | 61          |
|    iterations         | 7500        |
|    time_elapsed       | 609         |
|    total_timesteps    | 37500       |
| train/                |             |
|    entropy_loss       | -4.3        |
|    explained_variance | 0           |
|    learning_rate      | 0.0002      |
|    n_updates          | 7499        |
|    policy_loss        | 0.0106      |
|    reward             | 0.006289308 |
|    std                | 2.08        |
|    value_loss         | 5.63e-06    |
---------------------------------------
EPISODE:  39
----------------------------------------
| time/                 |              |
|    fps                | 61           |
|    iterations         | 7600         |
|    time_elapsed       | 614          |
|    total_timesteps    | 38000        |
| train/                |              |
|    entropy_loss       | -4.32        |
|    explained_variance | 0            |
|    learning_rate      | 0.0002       |
|    n_updates          | 7599         |
|    policy_loss        | -0.135       |
|    reward             | 0.0015384615 |
|    std                | 2.1          |
|    value_loss         | 0.00123      |
----------------------------------------
---------------------------------------
| time/                 |             |
|    fps                | 62          |
|    iterations         | 7700        |
|    time_elapsed       | 619         |
|    total_timesteps    | 38500       |
| train/                |             |
|    entropy_loss       | -4.34       |
|    explained_variance | 0           |
|    learning_rate      | 0.0002      |
|    n_updates          | 7699        |
|    policy_loss        | 0.0123      |
|    reward             | 0.006666667 |
|    std                | 2.11        |
|    value_loss         | 8.33e-06    |
---------------------------------------
EPISODE:  40
----------------------------------------
| time/                 |              |
|    fps                | 62           |
|    iterations         | 7800         |
|    time_elapsed       | 624          |
|    total_timesteps    | 39000        |
| train/                |              |
|    entropy_loss       | -4.35        |
|    explained_variance | 0            |
|    learning_rate      | 0.0002       |
|    n_updates          | 7799         |
|    policy_loss        | -0.0468      |
|    reward             | 0.0015600624 |
|    std                | 2.14         |
|    value_loss         | 0.000174     |
----------------------------------------
----------------------------------------
| time/                 |              |
|    fps                | 62           |
|    iterations         | 7900         |
|    time_elapsed       | 629          |
|    total_timesteps    | 39500        |
| train/                |              |
|    entropy_loss       | -4.37        |
|    explained_variance | 0            |
|    learning_rate      | 0.0002       |
|    n_updates          | 7899         |
|    policy_loss        | 0.0109       |
|    reward             | 0.0070921984 |
|    std                | 2.15         |
|    value_loss         | 7.53e-06     |
----------------------------------------
EPISODE:  41
----------------------------------------
| time/                 |              |
|    fps                | 63           |
|    iterations         | 8000         |
|    time_elapsed       | 634          |
|    total_timesteps    | 40000        |
| train/                |              |
|    entropy_loss       | -4.39        |
|    explained_variance | 5.96e-08     |
|    learning_rate      | 0.0002       |
|    n_updates          | 7999         |
|    policy_loss        | -0.018       |
|    reward             | 0.0015822785 |
|    std                | 2.17         |
|    value_loss         | 2.12e-05     |
----------------------------------------
---------------------------------------
| time/                 |             |
|    fps                | 63          |
|    iterations         | 8100        |
|    time_elapsed       | 639         |
|    total_timesteps    | 40500       |
| train/                |             |
|    entropy_loss       | -4.41       |
|    explained_variance | 0           |
|    learning_rate      | 0.0002      |
|    n_updates          | 8099        |
|    policy_loss        | 0.0127      |
|    reward             | 0.007575758 |
|    std                | 2.19        |
|    value_loss         | 8.8e-06     |
---------------------------------------
EPISODE:  42
----------------------------------------
| time/                 |              |
|    fps                | 63           |
|    iterations         | 8200         |
|    time_elapsed       | 644          |
|    total_timesteps    | 41000        |
| train/                |              |
|    entropy_loss       | -4.42        |
|    explained_variance | 0            |
|    learning_rate      | 0.0002       |
|    n_updates          | 8199         |
|    policy_loss        | -0.00409     |
|    reward             | 0.0016051364 |
|    std                | 2.2          |
|    value_loss         | 7.98e-07     |
----------------------------------------
---------------------------------------
| time/                 |             |
|    fps                | 63          |
|    iterations         | 8300        |
|    time_elapsed       | 649         |
|    total_timesteps    | 41500       |
| train/                |             |
|    entropy_loss       | -4.43       |
|    explained_variance | 0           |
|    learning_rate      | 0.0002      |
|    n_updates          | 8299        |
|    policy_loss        | 0.0159      |
|    reward             | 0.008130081 |
|    std                | 2.22        |
|    value_loss         | 1.03e-05    |
---------------------------------------
EPISODE:  43
----------------------------------------
| time/                 |              |
|    fps                | 64           |
|    iterations         | 8400         |
|    time_elapsed       | 654          |
|    total_timesteps    | 42000        |
| train/                |              |
|    entropy_loss       | -4.45        |
|    explained_variance | 5.96e-08     |
|    learning_rate      | 0.0002       |
|    n_updates          | 8399         |
|    policy_loss        | -0.000875    |
|    reward             | 0.0016286644 |
|    std                | 2.24         |
|    value_loss         | 5.64e-08     |
----------------------------------------
--------------------------------------
| time/                 |            |
|    fps                | 64         |
|    iterations         | 8500       |
|    time_elapsed       | 659        |
|    total_timesteps    | 42500      |
| train/                |            |
|    entropy_loss       | -4.47      |
|    explained_variance | 0          |
|    learning_rate      | 0.0002     |
|    n_updates          | 8499       |
|    policy_loss        | 0.0146     |
|    reward             | 0.00877193 |
|    std                | 2.26       |
|    value_loss         | 1.3e-05    |
--------------------------------------
EPISODE:  44
----------------------------------------
| time/                 |              |
|    fps                | 64           |
|    iterations         | 8600         |
|    time_elapsed       | 664          |
|    total_timesteps    | 43000        |
| train/                |              |
|    entropy_loss       | -4.49        |
|    explained_variance | 0            |
|    learning_rate      | 0.0002       |
|    n_updates          | 8599         |
|    policy_loss        | 0.000567     |
|    reward             | 0.0016528926 |
|    std                | 2.28         |
|    value_loss         | 2.18e-08     |
----------------------------------------
--------------------------------------
| time/                 |            |
|    fps                | 64         |
|    iterations         | 8700       |
|    time_elapsed       | 669        |
|    total_timesteps    | 43500      |
| train/                |            |
|    entropy_loss       | -4.5       |
|    explained_variance | 0          |
|    learning_rate      | 0.0002     |
|    n_updates          | 8699       |
|    policy_loss        | 0.0259     |
|    reward             | 0.00952381 |
|    std                | 2.3        |
|    value_loss         | 4.72e-05   |
--------------------------------------
EPISODE:  45
----------------------------------------
| time/                 |              |
|    fps                | 65           |
|    iterations         | 8800         |
|    time_elapsed       | 674          |
|    total_timesteps    | 44000        |
| train/                |              |
|    entropy_loss       | -4.52        |
|    explained_variance | 1.19e-07     |
|    learning_rate      | 0.0002       |
|    n_updates          | 8799         |
|    policy_loss        | 0.00132      |
|    reward             | 0.0016778524 |
|    std                | 2.32         |
|    value_loss         | 5.87e-08     |
----------------------------------------
---------------------------------------
| time/                 |             |
|    fps                | 65          |
|    iterations         | 8900        |
|    time_elapsed       | 679         |
|    total_timesteps    | 44500       |
| train/                |             |
|    entropy_loss       | -4.54       |
|    explained_variance | 0           |
|    learning_rate      | 0.0002      |
|    n_updates          | 8899        |
|    policy_loss        | 0.0286      |
|    reward             | 0.010416667 |
|    std                | 2.34        |
|    value_loss         | 5.64e-05    |
---------------------------------------
EPISODE:  46
----------------------------------------
| time/                 |              |
|    fps                | 65           |
|    iterations         | 9000         |
|    time_elapsed       | 684          |
|    total_timesteps    | 45000        |
| train/                |              |
|    entropy_loss       | -4.56        |
|    explained_variance | 0            |
|    learning_rate      | 0.0002       |
|    n_updates          | 8999         |
|    policy_loss        | 0.000982     |
|    reward             | 0.0017035775 |
|    std                | 2.36         |
|    value_loss         | 5.48e-08     |
----------------------------------------
---------------------------------------
| time/                 |             |
|    fps                | 65          |
|    iterations         | 9100        |
|    time_elapsed       | 689         |
|    total_timesteps    | 45500       |
| train/                |             |
|    entropy_loss       | -4.58       |
|    explained_variance | 0           |
|    learning_rate      | 0.0002      |
|    n_updates          | 9099        |
|    policy_loss        | 0.0217      |
|    reward             | 0.011494253 |
|    std                | 2.39        |
|    value_loss         | 2.52e-05    |
---------------------------------------
EPISODE:  47
----------------------------------------
| time/                 |              |
|    fps                | 66           |
|    iterations         | 9200         |
|    time_elapsed       | 694          |
|    total_timesteps    | 46000        |
| train/                |              |
|    entropy_loss       | -4.59        |
|    explained_variance | 1.19e-07     |
|    learning_rate      | 0.0002       |
|    n_updates          | 9199         |
|    policy_loss        | 0.000861     |
|    reward             | 0.0017301039 |
|    std                | 2.41         |
|    value_loss         | 5.84e-08     |
----------------------------------------
---------------------------------------
| time/                 |             |
|    fps                | 66          |
|    iterations         | 9300        |
|    time_elapsed       | 699         |
|    total_timesteps    | 46500       |
| train/                |             |
|    entropy_loss       | -4.61       |
|    explained_variance | 0           |
|    learning_rate      | 0.0002      |
|    n_updates          | 9299        |
|    policy_loss        | 0.0298      |
|    reward             | 0.012820513 |
|    std                | 2.43        |
|    value_loss         | 6.09e-05    |
---------------------------------------
EPISODE:  48
----------------------------------------
| time/                 |              |
|    fps                | 66           |
|    iterations         | 9400         |
|    time_elapsed       | 704          |
|    total_timesteps    | 47000        |
| train/                |              |
|    entropy_loss       | -4.63        |
|    explained_variance | 0            |
|    learning_rate      | 0.0002       |
|    n_updates          | 9399         |
|    policy_loss        | 0.00251      |
|    reward             | 0.0017574693 |
|    std                | 2.45         |
|    value_loss         | 2.69e-07     |
----------------------------------------
---------------------------------------
| time/                 |             |
|    fps                | 66          |
|    iterations         | 9500        |
|    time_elapsed       | 709         |
|    total_timesteps    | 47500       |
| train/                |             |
|    entropy_loss       | -4.65       |
|    explained_variance | 0           |
|    learning_rate      | 0.0002      |
|    n_updates          | 9499        |
|    policy_loss        | 0.0305      |
|    reward             | 0.014492754 |
|    std                | 2.48        |
|    value_loss         | 5.2e-05     |
---------------------------------------
EPISODE:  49
----------------------------------------
| time/                 |              |
|    fps                | 67           |
|    iterations         | 9600         |
|    time_elapsed       | 715          |
|    total_timesteps    | 48000        |
| train/                |              |
|    entropy_loss       | -4.67        |
|    explained_variance | -1.19e-07    |
|    learning_rate      | 0.0002       |
|    n_updates          | 9599         |
|    policy_loss        | 0.0012       |
|    reward             | 0.0017857143 |
|    std                | 2.5          |
|    value_loss         | 7.41e-08     |
----------------------------------------
---------------------------------------
| time/                 |             |
|    fps                | 67          |
|    iterations         | 9700        |
|    time_elapsed       | 720         |
|    total_timesteps    | 48500       |
| train/                |             |
|    entropy_loss       | -4.69       |
|    explained_variance | 0           |
|    learning_rate      | 0.0002      |
|    n_updates          | 9699        |
|    policy_loss        | 0.0435      |
|    reward             | 0.016666668 |
|    std                | 2.53        |
|    value_loss         | 7.92e-05    |
---------------------------------------
EPISODE:  50
---------------------------------------
| time/                 |             |
|    fps                | 67          |
|    iterations         | 9800        |
|    time_elapsed       | 725         |
|    total_timesteps    | 49000       |
| train/                |             |
|    entropy_loss       | -4.71       |
|    explained_variance | 0           |
|    learning_rate      | 0.0002      |
|    n_updates          | 9799        |
|    policy_loss        | 0.00179     |
|    reward             | 0.001814882 |
|    std                | 2.55        |
|    value_loss         | 2.06e-07    |
---------------------------------------
---------------------------------------
| time/                 |             |
|    fps                | 67          |
|    iterations         | 9900        |
|    time_elapsed       | 730         |
|    total_timesteps    | 49500       |
| train/                |             |
|    entropy_loss       | -4.73       |
|    explained_variance | 0           |
|    learning_rate      | 0.0002      |
|    n_updates          | 9899        |
|    policy_loss        | 0.0451      |
|    reward             | 0.019607844 |
|    std                | 2.58        |
|    value_loss         | 0.000128    |
---------------------------------------
EPISODE:  51
----------------------------------------
| time/                 |              |
|    fps                | 67           |
|    iterations         | 10000        |
|    time_elapsed       | 735          |
|    total_timesteps    | 50000        |
| train/                |              |
|    entropy_loss       | -4.74        |
|    explained_variance | -1.19e-07    |
|    learning_rate      | 0.0002       |
|    n_updates          | 9999         |
|    policy_loss        | 0.00099      |
|    reward             | 0.0018450185 |
|    std                | 2.59         |
|    value_loss         | 5.33e-08     |
----------------------------------------
Saved episode log to Results\250619_hc_binary_udp\a2c\downward\training_logs\02.csv
