EPISODE:  0
{'n_steps': 2048, 'batch_size': 64, 'learning_rate': 0.0003, 'ent_coef': 0.0}
Using cpu device
EPISODE:  1
EPISODE:  2
EPISODE:  3
-----------------------------------
| time/              |            |
|    fps             | 274        |
|    iterations      | 1          |
|    time_elapsed    | 7          |
|    total_timesteps | 2048       |
| train/             |            |
|    reward          | 0.08937853 |
-----------------------------------
EPISODE:  4
EPISODE:  5
-----------------------------------------
| time/                   |             |
|    fps                  | 239         |
|    iterations           | 2           |
|    time_elapsed         | 17          |
|    total_timesteps      | 4096        |
| train/                  |             |
|    approx_kl            | 0.00241645  |
|    clip_fraction        | 0.00981     |
|    clip_range           | 0.2         |
|    entropy_loss         | -2.84       |
|    explained_variance   | -2.61       |
|    learning_rate        | 0.0003      |
|    loss                 | -0.00335    |
|    n_updates            | 10          |
|    policy_gradient_loss | -0.00018    |
|    reward               | 0.020557929 |
|    std                  | 0.998       |
|    value_loss           | 0.0127      |
-----------------------------------------
EPISODE:  6
EPISODE:  7
------------------------------------------
| time/                   |              |
|    fps                  | 229          |
|    iterations           | 3            |
|    time_elapsed         | 26           |
|    total_timesteps      | 6144         |
| train/                  |              |
|    approx_kl            | 0.0033113356 |
|    clip_fraction        | 0.0284       |
|    clip_range           | 0.2          |
|    entropy_loss         | -2.82        |
|    explained_variance   | -0.0942      |
|    learning_rate        | 0.0003       |
|    loss                 | 0.00238      |
|    n_updates            | 20           |
|    policy_gradient_loss | -0.00157     |
|    reward               | -0.04513703  |
|    std                  | 0.988        |
|    value_loss           | 0.00863      |
------------------------------------------
EPISODE:  8
EPISODE:  9
------------------------------------------
| time/                   |              |
|    fps                  | 224          |
|    iterations           | 4            |
|    time_elapsed         | 36           |
|    total_timesteps      | 8192         |
| train/                  |              |
|    approx_kl            | 0.0061670537 |
|    clip_fraction        | 0.0474       |
|    clip_range           | 0.2          |
|    entropy_loss         | -2.81        |
|    explained_variance   | -0.00734     |
|    learning_rate        | 0.0003       |
|    loss                 | 0.013        |
|    n_updates            | 30           |
|    policy_gradient_loss | -0.00237     |
|    reward               | -0.037460472 |
|    std                  | 0.984        |
|    value_loss           | 0.00704      |
------------------------------------------
EPISODE:  10
EPISODE:  11
------------------------------------------
| time/                   |              |
|    fps                  | 222          |
|    iterations           | 5            |
|    time_elapsed         | 45           |
|    total_timesteps      | 10240        |
| train/                  |              |
|    approx_kl            | 0.0073434655 |
|    clip_fraction        | 0.0608       |
|    clip_range           | 0.2          |
|    entropy_loss         | -2.81        |
|    explained_variance   | 0.00688      |
|    learning_rate        | 0.0003       |
|    loss                 | 0.00927      |
|    n_updates            | 40           |
|    policy_gradient_loss | -0.00241     |
|    reward               | 0.028105926  |
|    std                  | 0.984        |
|    value_loss           | 0.00715      |
------------------------------------------
EPISODE:  12
EPISODE:  13
-----------------------------------------
| time/                   |             |
|    fps                  | 220         |
|    iterations           | 6           |
|    time_elapsed         | 55          |
|    total_timesteps      | 12288       |
| train/                  |             |
|    approx_kl            | 0.007965818 |
|    clip_fraction        | 0.0698      |
|    clip_range           | 0.2         |
|    entropy_loss         | -2.81       |
|    explained_variance   | -0.0039     |
|    learning_rate        | 0.0003      |
|    loss                 | 0.0101      |
|    n_updates            | 50          |
|    policy_gradient_loss | 0.000306    |
|    reward               | 0.021459892 |
|    std                  | 0.988       |
|    value_loss           | 0.0104      |
-----------------------------------------
EPISODE:  14
EPISODE:  15
------------------------------------------
| time/                   |              |
|    fps                  | 219          |
|    iterations           | 7            |
|    time_elapsed         | 65           |
|    total_timesteps      | 14336        |
| train/                  |              |
|    approx_kl            | 0.0052638175 |
|    clip_fraction        | 0.0521       |
|    clip_range           | 0.2          |
|    entropy_loss         | -2.82        |
|    explained_variance   | 0.0109       |
|    learning_rate        | 0.0003       |
|    loss                 | 0.0208       |
|    n_updates            | 60           |
|    policy_gradient_loss | -0.00126     |
|    reward               | 0.009123684  |
|    std                  | 0.997        |
|    value_loss           | 0.00871      |
------------------------------------------
EPISODE:  16
EPISODE:  17
-----------------------------------------
| time/                   |             |
|    fps                  | 218         |
|    iterations           | 8           |
|    time_elapsed         | 74          |
|    total_timesteps      | 16384       |
| train/                  |             |
|    approx_kl            | 0.011807744 |
|    clip_fraction        | 0.0666      |
|    clip_range           | 0.2         |
|    entropy_loss         | -2.83       |
|    explained_variance   | 0.0445      |
|    learning_rate        | 0.0003      |
|    loss                 | 0.0136      |
|    n_updates            | 70          |
|    policy_gradient_loss | -0.00041    |
|    reward               | 0.016595745 |
|    std                  | 0.997       |
|    value_loss           | 0.00623     |
-----------------------------------------
EPISODE:  18
EPISODE:  19
------------------------------------------
| time/                   |              |
|    fps                  | 213          |
|    iterations           | 9            |
|    time_elapsed         | 86           |
|    total_timesteps      | 18432        |
| train/                  |              |
|    approx_kl            | 0.0066957497 |
|    clip_fraction        | 0.0768       |
|    clip_range           | 0.2          |
|    entropy_loss         | -2.83        |
|    explained_variance   | 0.027        |
|    learning_rate        | 0.0003       |
|    loss                 | 0.0211       |
|    n_updates            | 80           |
|    policy_gradient_loss | 0.00137      |
|    reward               | -0.02473611  |
|    std                  | 0.996        |
|    value_loss           | 0.00814      |
------------------------------------------
EPISODE:  20
EPISODE:  21
-----------------------------------------
| time/                   |             |
|    fps                  | 210         |
|    iterations           | 10          |
|    time_elapsed         | 97          |
|    total_timesteps      | 20480       |
| train/                  |             |
|    approx_kl            | 0.005343902 |
|    clip_fraction        | 0.0633      |
|    clip_range           | 0.2         |
|    entropy_loss         | -2.83       |
|    explained_variance   | 0.00346     |
|    learning_rate        | 0.0003      |
|    loss                 | 0.018       |
|    n_updates            | 90          |
|    policy_gradient_loss | 0.00131     |
|    reward               | -0.07047184 |
|    std                  | 1           |
|    value_loss           | 0.00867     |
-----------------------------------------
EPISODE:  22
EPISODE:  23
-----------------------------------------
| time/                   |             |
|    fps                  | 207         |
|    iterations           | 11          |
|    time_elapsed         | 108         |
|    total_timesteps      | 22528       |
| train/                  |             |
|    approx_kl            | 0.013035374 |
|    clip_fraction        | 0.0487      |
|    clip_range           | 0.2         |
|    entropy_loss         | -2.83       |
|    explained_variance   | 0.0253      |
|    learning_rate        | 0.0003      |
|    loss                 | -3.79e-05   |
|    n_updates            | 100         |
|    policy_gradient_loss | 0.00329     |
|    reward               | -0.04105933 |
|    std                  | 0.999       |
|    value_loss           | 0.0065      |
-----------------------------------------
EPISODE:  24
EPISODE:  25
------------------------------------------
| time/                   |              |
|    fps                  | 206          |
|    iterations           | 12           |
|    time_elapsed         | 119          |
|    total_timesteps      | 24576        |
| train/                  |              |
|    approx_kl            | 0.007548089  |
|    clip_fraction        | 0.0672       |
|    clip_range           | 0.2          |
|    entropy_loss         | -2.84        |
|    explained_variance   | 0.0338       |
|    learning_rate        | 0.0003       |
|    loss                 | -0.00853     |
|    n_updates            | 110          |
|    policy_gradient_loss | -5.43e-05    |
|    reward               | -0.029631268 |
|    std                  | 1            |
|    value_loss           | 0.00783      |
------------------------------------------
EPISODE:  26
EPISODE:  27
-----------------------------------------
| time/                   |             |
|    fps                  | 201         |
|    iterations           | 13          |
|    time_elapsed         | 132         |
|    total_timesteps      | 26624       |
| train/                  |             |
|    approx_kl            | 0.014819675 |
|    clip_fraction        | 0.0601      |
|    clip_range           | 0.2         |
|    entropy_loss         | -2.83       |
|    explained_variance   | 0.0609      |
|    learning_rate        | 0.0003      |
|    loss                 | -0.00868    |
|    n_updates            | 120         |
|    policy_gradient_loss | 0.00278     |
|    reward               | 0.006172418 |
|    std                  | 1           |
|    value_loss           | 0.00677     |
-----------------------------------------
EPISODE:  28
EPISODE:  29
------------------------------------------
| time/                   |              |
|    fps                  | 195          |
|    iterations           | 14           |
|    time_elapsed         | 146          |
|    total_timesteps      | 28672        |
| train/                  |              |
|    approx_kl            | 0.013192425  |
|    clip_fraction        | 0.0692       |
|    clip_range           | 0.2          |
|    entropy_loss         | -2.83        |
|    explained_variance   | 0.0648       |
|    learning_rate        | 0.0003       |
|    loss                 | 0.00505      |
|    n_updates            | 130          |
|    policy_gradient_loss | 0.00364      |
|    reward               | -0.057587523 |
|    std                  | 0.995        |
|    value_loss           | 0.00663      |
------------------------------------------
EPISODE:  30
EPISODE:  31
-----------------------------------------
| time/                   |             |
|    fps                  | 191         |
|    iterations           | 15          |
|    time_elapsed         | 160         |
|    total_timesteps      | 30720       |
| train/                  |             |
|    approx_kl            | 0.014415145 |
|    clip_fraction        | 0.0571      |
|    clip_range           | 0.2         |
|    entropy_loss         | -2.83       |
|    explained_variance   | 0.0771      |
|    learning_rate        | 0.0003      |
|    loss                 | -0.0252     |
|    n_updates            | 140         |
|    policy_gradient_loss | 0.00314     |
|    reward               | 0.020057736 |
|    std                  | 0.999       |
|    value_loss           | 0.00563     |
-----------------------------------------
EPISODE:  32
EPISODE:  33
EPISODE:  34
------------------------------------------
| time/                   |              |
|    fps                  | 188          |
|    iterations           | 16           |
|    time_elapsed         | 174          |
|    total_timesteps      | 32768        |
| train/                  |              |
|    approx_kl            | 0.0067765387 |
|    clip_fraction        | 0.0751       |
|    clip_range           | 0.2          |
|    entropy_loss         | -2.83        |
|    explained_variance   | 0.0674       |
|    learning_rate        | 0.0003       |
|    loss                 | 0.0144       |
|    n_updates            | 150          |
|    policy_gradient_loss | 0.00447      |
|    reward               | 0.03351885   |
|    std                  | 0.999        |
|    value_loss           | 0.0072       |
------------------------------------------
EPISODE:  35
EPISODE:  36
-----------------------------------------
| time/                   |             |
|    fps                  | 185         |
|    iterations           | 17          |
|    time_elapsed         | 188         |
|    total_timesteps      | 34816       |
| train/                  |             |
|    approx_kl            | 0.008391429 |
|    clip_fraction        | 0.0673      |
|    clip_range           | 0.2         |
|    entropy_loss         | -2.84       |
|    explained_variance   | 0.0966      |
|    learning_rate        | 0.0003      |
|    loss                 | -0.0171     |
|    n_updates            | 160         |
|    policy_gradient_loss | 0.00476     |
|    reward               | 0.041434955 |
|    std                  | 1           |
|    value_loss           | 0.00513     |
-----------------------------------------
EPISODE:  37
EPISODE:  38
------------------------------------------
| time/                   |              |
|    fps                  | 182          |
|    iterations           | 18           |
|    time_elapsed         | 201          |
|    total_timesteps      | 36864        |
| train/                  |              |
|    approx_kl            | 0.009412162  |
|    clip_fraction        | 0.0655       |
|    clip_range           | 0.2          |
|    entropy_loss         | -2.83        |
|    explained_variance   | 0.0609       |
|    learning_rate        | 0.0003       |
|    loss                 | 0.000896     |
|    n_updates            | 170          |
|    policy_gradient_loss | 0.00714      |
|    reward               | -0.022069735 |
|    std                  | 0.994        |
|    value_loss           | 0.00713      |
------------------------------------------
EPISODE:  39
EPISODE:  40
-----------------------------------------
| time/                   |             |
|    fps                  | 180         |
|    iterations           | 19          |
|    time_elapsed         | 216         |
|    total_timesteps      | 38912       |
| train/                  |             |
|    approx_kl            | 0.025663372 |
|    clip_fraction        | 0.0823      |
|    clip_range           | 0.2         |
|    entropy_loss         | -2.83       |
|    explained_variance   | 0.0496      |
|    learning_rate        | 0.0003      |
|    loss                 | 0.0202      |
|    n_updates            | 180         |
|    policy_gradient_loss | 0.00374     |
|    reward               | 0.067783855 |
|    std                  | 0.998       |
|    value_loss           | 0.00712     |
-----------------------------------------
EPISODE:  41
EPISODE:  42
-----------------------------------------
| time/                   |             |
|    fps                  | 176         |
|    iterations           | 20          |
|    time_elapsed         | 232         |
|    total_timesteps      | 40960       |
| train/                  |             |
|    approx_kl            | 0.008217193 |
|    clip_fraction        | 0.0847      |
|    clip_range           | 0.2         |
|    entropy_loss         | -2.83       |
|    explained_variance   | 0.0308      |
|    learning_rate        | 0.0003      |
|    loss                 | 0.00554     |
|    n_updates            | 190         |
|    policy_gradient_loss | 0.00528     |
|    reward               | -0.02481735 |
|    std                  | 0.993       |
|    value_loss           | 0.00805     |
-----------------------------------------
EPISODE:  43
EPISODE:  44
-----------------------------------------
| time/                   |             |
|    fps                  | 173         |
|    iterations           | 21          |
|    time_elapsed         | 247         |
|    total_timesteps      | 43008       |
| train/                  |             |
|    approx_kl            | 0.027250033 |
|    clip_fraction        | 0.0896      |
|    clip_range           | 0.2         |
|    entropy_loss         | -2.82       |
|    explained_variance   | 0.0634      |
|    learning_rate        | 0.0003      |
|    loss                 | -0.0132     |
|    n_updates            | 200         |
|    policy_gradient_loss | 0.00737     |
|    reward               | 0.011426261 |
|    std                  | 0.991       |
|    value_loss           | 0.00789     |
-----------------------------------------
EPISODE:  45
EPISODE:  46
-------------------------------------------
| time/                   |               |
|    fps                  | 170           |
|    iterations           | 22            |
|    time_elapsed         | 263           |
|    total_timesteps      | 45056         |
| train/                  |               |
|    approx_kl            | 0.008746613   |
|    clip_fraction        | 0.0791        |
|    clip_range           | 0.2           |
|    entropy_loss         | -2.8          |
|    explained_variance   | 0.1           |
|    learning_rate        | 0.0003        |
|    loss                 | 0.0175        |
|    n_updates            | 210           |
|    policy_gradient_loss | 0.000298      |
|    reward               | -0.0047119847 |
|    std                  | 0.978         |
|    value_loss           | 0.00579       |
-------------------------------------------
EPISODE:  47
EPISODE:  48
------------------------------------------
| time/                   |              |
|    fps                  | 167          |
|    iterations           | 23           |
|    time_elapsed         | 281          |
|    total_timesteps      | 47104        |
| train/                  |              |
|    approx_kl            | 0.0076186056 |
|    clip_fraction        | 0.0677       |
|    clip_range           | 0.2          |
|    entropy_loss         | -2.79        |
|    explained_variance   | 0.114        |
|    learning_rate        | 0.0003       |
|    loss                 | 0.0169       |
|    n_updates            | 220          |
|    policy_gradient_loss | 0.00602      |
|    reward               | 0.016853955  |
|    std                  | 0.973        |
|    value_loss           | 0.00586      |
------------------------------------------
EPISODE:  49
EPISODE:  50
----------------------------------------
| time/                   |            |
|    fps                  | 165        |
|    iterations           | 24         |
|    time_elapsed         | 296        |
|    total_timesteps      | 49152      |
| train/                  |            |
|    approx_kl            | 0.04479763 |
|    clip_fraction        | 0.0966     |
|    clip_range           | 0.2        |
|    entropy_loss         | -2.78      |
|    explained_variance   | 0.112      |
|    learning_rate        | 0.0003     |
|    loss                 | -0.00375   |
|    n_updates            | 230        |
|    policy_gradient_loss | 0.00532    |
|    reward               | 0.03737564 |
|    std                  | 0.975      |
|    value_loss           | 0.00648    |
----------------------------------------
EPISODE:  51
EPISODE:  52
-----------------------------------------
| time/                   |             |
|    fps                  | 163         |
|    iterations           | 25          |
|    time_elapsed         | 312         |
|    total_timesteps      | 51200       |
| train/                  |             |
|    approx_kl            | 0.009706797 |
|    clip_fraction        | 0.0854      |
|    clip_range           | 0.2         |
|    entropy_loss         | -2.79       |
|    explained_variance   | 0.0956      |
|    learning_rate        | 0.0003      |
|    loss                 | 2.69e-05    |
|    n_updates            | 240         |
|    policy_gradient_loss | 0.00435     |
|    reward               | 0.05118915  |
|    std                  | 0.973       |
|    value_loss           | 0.00616     |
-----------------------------------------
Saved episode log to Results\250619_hc_binary_udp_noise\ppo\periodic_noise\training_logs\06.csv
