EPISODE:  0
{'n_steps': 5, 'ent_coef': 0.005, 'learning_rate': 0.0002}
Using cpu device
EPISODE:  1
----------------------------------------
| time/                 |              |
|    fps                | 119          |
|    iterations         | 100          |
|    time_elapsed       | 4            |
|    total_timesteps    | 500          |
| train/                |              |
|    entropy_loss       | -2.87        |
|    explained_variance | -3.6         |
|    learning_rate      | 0.0002       |
|    n_updates          | 99           |
|    policy_loss        | -0.0203      |
|    reward             | -0.010558802 |
|    std                | 1.02         |
|    value_loss         | 0.000406     |
----------------------------------------
EPISODE:  2
---------------------------------------
| time/                 |             |
|    fps                | 127         |
|    iterations         | 200         |
|    time_elapsed       | 7           |
|    total_timesteps    | 1000        |
| train/                |             |
|    entropy_loss       | -2.88       |
|    explained_variance | 0.165       |
|    learning_rate      | 0.0002      |
|    n_updates          | 199         |
|    policy_loss        | -0.0875     |
|    reward             | 0.011032727 |
|    std                | 1.02        |
|    value_loss         | 0.000948    |
---------------------------------------
----------------------------------------
| time/                 |              |
|    fps                | 128          |
|    iterations         | 300          |
|    time_elapsed       | 11           |
|    total_timesteps    | 1500         |
| train/                |              |
|    entropy_loss       | -2.89        |
|    explained_variance | 2.56e-06     |
|    learning_rate      | 0.0002       |
|    n_updates          | 299          |
|    policy_loss        | -0.0199      |
|    reward             | -0.006658222 |
|    std                | 1.03         |
|    value_loss         | 0.000128     |
----------------------------------------
EPISODE:  3
---------------------------------------
| time/                 |             |
|    fps                | 128         |
|    iterations         | 400         |
|    time_elapsed       | 15          |
|    total_timesteps    | 2000        |
| train/                |             |
|    entropy_loss       | -2.9        |
|    explained_variance | 0.414       |
|    learning_rate      | 0.0002      |
|    n_updates          | 399         |
|    policy_loss        | -0.0499     |
|    reward             | 0.012324929 |
|    std                | 1.03        |
|    value_loss         | 0.000343    |
---------------------------------------
--------------------------------------
| time/                 |            |
|    fps                | 128        |
|    iterations         | 500        |
|    time_elapsed       | 19         |
|    total_timesteps    | 2500       |
| train/                |            |
|    entropy_loss       | -2.92      |
|    explained_variance | -6.85      |
|    learning_rate      | 0.0002     |
|    n_updates          | 499        |
|    policy_loss        | 0.00276    |
|    reward             | 0.01468709 |
|    std                | 1.04       |
|    value_loss         | 0.000252   |
--------------------------------------
EPISODE:  4
-----------------------------------------
| time/                 |               |
|    fps                | 128           |
|    iterations         | 600           |
|    time_elapsed       | 23            |
|    total_timesteps    | 3000          |
| train/                |               |
|    entropy_loss       | -2.93         |
|    explained_variance | 0.0851        |
|    learning_rate      | 0.0002        |
|    n_updates          | 599           |
|    policy_loss        | 0.081         |
|    reward             | -0.0073703793 |
|    std                | 1.05          |
|    value_loss         | 0.000688      |
-----------------------------------------
-----------------------------------------
| time/                 |               |
|    fps                | 128           |
|    iterations         | 700           |
|    time_elapsed       | 27            |
|    total_timesteps    | 3500          |
| train/                |               |
|    entropy_loss       | -2.95         |
|    explained_variance | 0.54          |
|    learning_rate      | 0.0002        |
|    n_updates          | 699           |
|    policy_loss        | 0.0597        |
|    reward             | -0.0010713692 |
|    std                | 1.06          |
|    value_loss         | 0.000569      |
-----------------------------------------
EPISODE:  5
----------------------------------------
| time/                 |              |
|    fps                | 129          |
|    iterations         | 800          |
|    time_elapsed       | 30           |
|    total_timesteps    | 4000         |
| train/                |              |
|    entropy_loss       | -2.96        |
|    explained_variance | 0.69         |
|    learning_rate      | 0.0002       |
|    n_updates          | 799          |
|    policy_loss        | 0.105        |
|    reward             | -0.014312281 |
|    std                | 1.06         |
|    value_loss         | 0.000822     |
----------------------------------------
----------------------------------------
| time/                 |              |
|    fps                | 129          |
|    iterations         | 900          |
|    time_elapsed       | 34           |
|    total_timesteps    | 4500         |
| train/                |              |
|    entropy_loss       | -2.98        |
|    explained_variance | -0.00173     |
|    learning_rate      | 0.0002       |
|    n_updates          | 899          |
|    policy_loss        | -0.0824      |
|    reward             | -0.015150484 |
|    std                | 1.07         |
|    value_loss         | 0.000556     |
----------------------------------------
EPISODE:  6
----------------------------------------
| time/                 |              |
|    fps                | 129          |
|    iterations         | 1000         |
|    time_elapsed       | 38           |
|    total_timesteps    | 5000         |
| train/                |              |
|    entropy_loss       | -2.99        |
|    explained_variance | 0.559        |
|    learning_rate      | 0.0002       |
|    n_updates          | 999          |
|    policy_loss        | -0.079       |
|    reward             | 0.0002863623 |
|    std                | 1.08         |
|    value_loss         | 0.000867     |
----------------------------------------
-----------------------------------------
| time/                 |               |
|    fps                | 129           |
|    iterations         | 1100          |
|    time_elapsed       | 42            |
|    total_timesteps    | 5500          |
| train/                |               |
|    entropy_loss       | -3.01         |
|    explained_variance | 0.582         |
|    learning_rate      | 0.0002        |
|    n_updates          | 1099          |
|    policy_loss        | -0.0837       |
|    reward             | -0.0050641634 |
|    std                | 1.09          |
|    value_loss         | 0.00118       |
-----------------------------------------
EPISODE:  7
---------------------------------------
| time/                 |             |
|    fps                | 129         |
|    iterations         | 1200        |
|    time_elapsed       | 46          |
|    total_timesteps    | 6000        |
| train/                |             |
|    entropy_loss       | -3.02       |
|    explained_variance | 0           |
|    learning_rate      | 0.0002      |
|    n_updates          | 1199        |
|    policy_loss        | 0.0453      |
|    reward             | 0.014299878 |
|    std                | 1.1         |
|    value_loss         | 0.000349    |
---------------------------------------
---------------------------------------
| time/                 |             |
|    fps                | 130         |
|    iterations         | 1300        |
|    time_elapsed       | 49          |
|    total_timesteps    | 6500        |
| train/                |             |
|    entropy_loss       | -3.03       |
|    explained_variance | 7.15e-07    |
|    learning_rate      | 0.0002      |
|    n_updates          | 1299        |
|    policy_loss        | 0.0118      |
|    reward             | 0.011658594 |
|    std                | 1.1         |
|    value_loss         | 2.5e-05     |
---------------------------------------
EPISODE:  8
----------------------------------------
| time/                 |              |
|    fps                | 130          |
|    iterations         | 1400         |
|    time_elapsed       | 53           |
|    total_timesteps    | 7000         |
| train/                |              |
|    entropy_loss       | -3.05        |
|    explained_variance | 0.00449      |
|    learning_rate      | 0.0002       |
|    n_updates          | 1399         |
|    policy_loss        | 0.059        |
|    reward             | 0.0067086923 |
|    std                | 1.11         |
|    value_loss         | 0.000683     |
----------------------------------------
---------------------------------------
| time/                 |             |
|    fps                | 130         |
|    iterations         | 1500        |
|    time_elapsed       | 57          |
|    total_timesteps    | 7500        |
| train/                |             |
|    entropy_loss       | -3.07       |
|    explained_variance | 0.736       |
|    learning_rate      | 0.0002      |
|    n_updates          | 1499        |
|    policy_loss        | 0.0802      |
|    reward             | 0.011676066 |
|    std                | 1.12        |
|    value_loss         | 0.000835    |
---------------------------------------
EPISODE:  9
----------------------------------------
| time/                 |              |
|    fps                | 131          |
|    iterations         | 1600         |
|    time_elapsed       | 60           |
|    total_timesteps    | 8000         |
| train/                |              |
|    entropy_loss       | -3.08        |
|    explained_variance | 0.000157     |
|    learning_rate      | 0.0002       |
|    n_updates          | 1599         |
|    policy_loss        | -0.0121      |
|    reward             | -0.012851798 |
|    std                | 1.13         |
|    value_loss         | 1.71e-05     |
----------------------------------------
----------------------------------------
| time/                 |              |
|    fps                | 131          |
|    iterations         | 1700         |
|    time_elapsed       | 64           |
|    total_timesteps    | 8500         |
| train/                |              |
|    entropy_loss       | -3.09        |
|    explained_variance | 0.000109     |
|    learning_rate      | 0.0002       |
|    n_updates          | 1699         |
|    policy_loss        | 0.0558       |
|    reward             | -0.008340152 |
|    std                | 1.13         |
|    value_loss         | 0.00058      |
----------------------------------------
EPISODE:  10
---------------------------------------
| time/                 |             |
|    fps                | 132         |
|    iterations         | 1800        |
|    time_elapsed       | 68          |
|    total_timesteps    | 9000        |
| train/                |             |
|    entropy_loss       | -3.1        |
|    explained_variance | 0.888       |
|    learning_rate      | 0.0002      |
|    n_updates          | 1799        |
|    policy_loss        | -0.0138     |
|    reward             | 0.010742132 |
|    std                | 1.14        |
|    value_loss         | 6.1e-05     |
---------------------------------------
----------------------------------------
| time/                 |              |
|    fps                | 132          |
|    iterations         | 1900         |
|    time_elapsed       | 71           |
|    total_timesteps    | 9500         |
| train/                |              |
|    entropy_loss       | -3.11        |
|    explained_variance | 0.648        |
|    learning_rate      | 0.0002       |
|    n_updates          | 1899         |
|    policy_loss        | -0.0786      |
|    reward             | -0.013944521 |
|    std                | 1.15         |
|    value_loss         | 0.000715     |
----------------------------------------
EPISODE:  11
---------------------------------------
| time/                 |             |
|    fps                | 131         |
|    iterations         | 2000        |
|    time_elapsed       | 75          |
|    total_timesteps    | 10000       |
| train/                |             |
|    entropy_loss       | -3.12       |
|    explained_variance | 0.00063     |
|    learning_rate      | 0.0002      |
|    n_updates          | 1999        |
|    policy_loss        | -0.0603     |
|    reward             | 0.006434693 |
|    std                | 1.15        |
|    value_loss         | 0.00058     |
---------------------------------------
----------------------------------------
| time/                 |              |
|    fps                | 131          |
|    iterations         | 2100         |
|    time_elapsed       | 79           |
|    total_timesteps    | 10500        |
| train/                |              |
|    entropy_loss       | -3.14        |
|    explained_variance | 0.765        |
|    learning_rate      | 0.0002       |
|    n_updates          | 2099         |
|    policy_loss        | -0.0682      |
|    reward             | 0.0012191794 |
|    std                | 1.16         |
|    value_loss         | 0.000592     |
----------------------------------------
EPISODE:  12
---------------------------------------
| time/                 |             |
|    fps                | 131         |
|    iterations         | 2200        |
|    time_elapsed       | 83          |
|    total_timesteps    | 11000       |
| train/                |             |
|    entropy_loss       | -3.15       |
|    explained_variance | 0.851       |
|    learning_rate      | 0.0002      |
|    n_updates          | 2199        |
|    policy_loss        | 0.0468      |
|    reward             | 0.014736046 |
|    std                | 1.17        |
|    value_loss         | 0.000224    |
---------------------------------------
---------------------------------------
| time/                 |             |
|    fps                | 131         |
|    iterations         | 2300        |
|    time_elapsed       | 87          |
|    total_timesteps    | 11500       |
| train/                |             |
|    entropy_loss       | -3.17       |
|    explained_variance | 0.00126     |
|    learning_rate      | 0.0002      |
|    n_updates          | 2299        |
|    policy_loss        | 0.0825      |
|    reward             | 0.014559105 |
|    std                | 1.18        |
|    value_loss         | 0.000431    |
---------------------------------------
EPISODE:  13
-----------------------------------------
| time/                 |               |
|    fps                | 131           |
|    iterations         | 2400          |
|    time_elapsed       | 91            |
|    total_timesteps    | 12000         |
| train/                |               |
|    entropy_loss       | -3.18         |
|    explained_variance | 0.662         |
|    learning_rate      | 0.0002        |
|    n_updates          | 2399          |
|    policy_loss        | -0.0703       |
|    reward             | -0.0007696414 |
|    std                | 1.19          |
|    value_loss         | 0.000363      |
-----------------------------------------
----------------------------------------
| time/                 |              |
|    fps                | 131          |
|    iterations         | 2500         |
|    time_elapsed       | 95           |
|    total_timesteps    | 12500        |
| train/                |              |
|    entropy_loss       | -3.2         |
|    explained_variance | 0.515        |
|    learning_rate      | 0.0002       |
|    n_updates          | 2499         |
|    policy_loss        | 0.00488      |
|    reward             | 0.0056839166 |
|    std                | 1.2          |
|    value_loss         | 0.000202     |
----------------------------------------
EPISODE:  14
---------------------------------------
| time/                 |             |
|    fps                | 130         |
|    iterations         | 2600        |
|    time_elapsed       | 99          |
|    total_timesteps    | 13000       |
| train/                |             |
|    entropy_loss       | -3.21       |
|    explained_variance | 0.0858      |
|    learning_rate      | 0.0002      |
|    n_updates          | 2599        |
|    policy_loss        | -0.041      |
|    reward             | -0.01513193 |
|    std                | 1.21        |
|    value_loss         | 0.000226    |
---------------------------------------
----------------------------------------
| time/                 |              |
|    fps                | 130          |
|    iterations         | 2700         |
|    time_elapsed       | 103          |
|    total_timesteps    | 13500        |
| train/                |              |
|    entropy_loss       | -3.23        |
|    explained_variance | -19.6        |
|    learning_rate      | 0.0002       |
|    n_updates          | 2699         |
|    policy_loss        | -0.0136      |
|    reward             | -0.013402906 |
|    std                | 1.22         |
|    value_loss         | 0.000116     |
----------------------------------------
EPISODE:  15
-----------------------------------------
| time/                 |               |
|    fps                | 130           |
|    iterations         | 2800          |
|    time_elapsed       | 107           |
|    total_timesteps    | 14000         |
| train/                |               |
|    entropy_loss       | -3.25         |
|    explained_variance | 0.808         |
|    learning_rate      | 0.0002        |
|    n_updates          | 2799          |
|    policy_loss        | -0.0357       |
|    reward             | -0.0052992087 |
|    std                | 1.23          |
|    value_loss         | 0.000246      |
-----------------------------------------
-----------------------------------------
| time/                 |               |
|    fps                | 130           |
|    iterations         | 2900          |
|    time_elapsed       | 111           |
|    total_timesteps    | 14500         |
| train/                |               |
|    entropy_loss       | -3.26         |
|    explained_variance | 0.539         |
|    learning_rate      | 0.0002        |
|    n_updates          | 2899          |
|    policy_loss        | -0.0241       |
|    reward             | -0.0100348005 |
|    std                | 1.24          |
|    value_loss         | 0.000235      |
-----------------------------------------
EPISODE:  16
---------------------------------------
| time/                 |             |
|    fps                | 130         |
|    iterations         | 3000        |
|    time_elapsed       | 115         |
|    total_timesteps    | 15000       |
| train/                |             |
|    entropy_loss       | -3.28       |
|    explained_variance | 0.000161    |
|    learning_rate      | 0.0002      |
|    n_updates          | 2999        |
|    policy_loss        | 0.0095      |
|    reward             | 0.011497315 |
|    std                | 1.25        |
|    value_loss         | 1.16e-05    |
---------------------------------------
----------------------------------------
| time/                 |              |
|    fps                | 130          |
|    iterations         | 3100         |
|    time_elapsed       | 118          |
|    total_timesteps    | 15500        |
| train/                |              |
|    entropy_loss       | -3.29        |
|    explained_variance | 0.401        |
|    learning_rate      | 0.0002       |
|    n_updates          | 3099         |
|    policy_loss        | 0.0761       |
|    reward             | 0.0072704633 |
|    std                | 1.25         |
|    value_loss         | 0.000511     |
----------------------------------------
EPISODE:  17
---------------------------------------
| time/                 |             |
|    fps                | 130         |
|    iterations         | 3200        |
|    time_elapsed       | 122         |
|    total_timesteps    | 16000       |
| train/                |             |
|    entropy_loss       | -3.3        |
|    explained_variance | -5.3        |
|    learning_rate      | 0.0002      |
|    n_updates          | 3199        |
|    policy_loss        | -0.133      |
|    reward             | 0.011854298 |
|    std                | 1.26        |
|    value_loss         | 0.00257     |
---------------------------------------
---------------------------------------
| time/                 |             |
|    fps                | 130         |
|    iterations         | 3300        |
|    time_elapsed       | 126         |
|    total_timesteps    | 16500       |
| train/                |             |
|    entropy_loss       | -3.31       |
|    explained_variance | -0.643      |
|    learning_rate      | 0.0002      |
|    n_updates          | 3299        |
|    policy_loss        | -0.0441     |
|    reward             | 0.014524048 |
|    std                | 1.27        |
|    value_loss         | 0.000467    |
---------------------------------------
EPISODE:  18
---------------------------------------
| time/                 |             |
|    fps                | 130         |
|    iterations         | 3400        |
|    time_elapsed       | 130         |
|    total_timesteps    | 17000       |
| train/                |             |
|    entropy_loss       | -3.32       |
|    explained_variance | 0.235       |
|    learning_rate      | 0.0002      |
|    n_updates          | 3399        |
|    policy_loss        | 0.0951      |
|    reward             | 0.008088166 |
|    std                | 1.28        |
|    value_loss         | 0.000645    |
---------------------------------------
-----------------------------------------
| time/                 |               |
|    fps                | 130           |
|    iterations         | 3500          |
|    time_elapsed       | 134           |
|    total_timesteps    | 17500         |
| train/                |               |
|    entropy_loss       | -3.34         |
|    explained_variance | -0.107        |
|    learning_rate      | 0.0002        |
|    n_updates          | 3499          |
|    policy_loss        | 0.017         |
|    reward             | -0.0019076957 |
|    std                | 1.28          |
|    value_loss         | 0.000257      |
-----------------------------------------
EPISODE:  19
---------------------------------------
| time/                 |             |
|    fps                | 129         |
|    iterations         | 3600        |
|    time_elapsed       | 138         |
|    total_timesteps    | 18000       |
| train/                |             |
|    entropy_loss       | -3.35       |
|    explained_variance | -6.38       |
|    learning_rate      | 0.0002      |
|    n_updates          | 3599        |
|    policy_loss        | 0.129       |
|    reward             | 0.014047668 |
|    std                | 1.29        |
|    value_loss         | 0.0013      |
---------------------------------------
----------------------------------------
| time/                 |              |
|    fps                | 129          |
|    iterations         | 3700         |
|    time_elapsed       | 142          |
|    total_timesteps    | 18500        |
| train/                |              |
|    entropy_loss       | -3.37        |
|    explained_variance | 9.83e-06     |
|    learning_rate      | 0.0002       |
|    n_updates          | 3699         |
|    policy_loss        | -0.0741      |
|    reward             | -0.015175003 |
|    std                | 1.3          |
|    value_loss         | 0.000459     |
----------------------------------------
EPISODE:  20
-----------------------------------------
| time/                 |               |
|    fps                | 129           |
|    iterations         | 3800          |
|    time_elapsed       | 146           |
|    total_timesteps    | 19000         |
| train/                |               |
|    entropy_loss       | -3.38         |
|    explained_variance | 0.515         |
|    learning_rate      | 0.0002        |
|    n_updates          | 3799          |
|    policy_loss        | 0.0373        |
|    reward             | 0.00097274664 |
|    std                | 1.31          |
|    value_loss         | 0.000339      |
-----------------------------------------
-----------------------------------------
| time/                 |               |
|    fps                | 129           |
|    iterations         | 3900          |
|    time_elapsed       | 150           |
|    total_timesteps    | 19500         |
| train/                |               |
|    entropy_loss       | -3.39         |
|    explained_variance | 0.169         |
|    learning_rate      | 0.0002        |
|    n_updates          | 3899          |
|    policy_loss        | -0.0389       |
|    reward             | -0.0044047465 |
|    std                | 1.32          |
|    value_loss         | 0.000385      |
-----------------------------------------
EPISODE:  21
---------------------------------------
| time/                 |             |
|    fps                | 129         |
|    iterations         | 4000        |
|    time_elapsed       | 154         |
|    total_timesteps    | 20000       |
| train/                |             |
|    entropy_loss       | -3.41       |
|    explained_variance | 0.0314      |
|    learning_rate      | 0.0002      |
|    n_updates          | 3999        |
|    policy_loss        | 0.0275      |
|    reward             | 0.014496665 |
|    std                | 1.33        |
|    value_loss         | 9.24e-05    |
---------------------------------------
---------------------------------------
| time/                 |             |
|    fps                | 129         |
|    iterations         | 4100        |
|    time_elapsed       | 158         |
|    total_timesteps    | 20500       |
| train/                |             |
|    entropy_loss       | -3.43       |
|    explained_variance | 0.00111     |
|    learning_rate      | 0.0002      |
|    n_updates          | 4099        |
|    policy_loss        | 0.00372     |
|    reward             | 0.012089991 |
|    std                | 1.34        |
|    value_loss         | 1.22e-05    |
---------------------------------------
EPISODE:  22
----------------------------------------
| time/                 |              |
|    fps                | 129          |
|    iterations         | 4200         |
|    time_elapsed       | 162          |
|    total_timesteps    | 21000        |
| train/                |              |
|    entropy_loss       | -3.44        |
|    explained_variance | 0.00191      |
|    learning_rate      | 0.0002       |
|    n_updates          | 4199         |
|    policy_loss        | 0.117        |
|    reward             | 0.0059587792 |
|    std                | 1.35         |
|    value_loss         | 0.00223      |
----------------------------------------
---------------------------------------
| time/                 |             |
|    fps                | 129         |
|    iterations         | 4300        |
|    time_elapsed       | 165         |
|    total_timesteps    | 21500       |
| train/                |             |
|    entropy_loss       | -3.45       |
|    explained_variance | -0.081      |
|    learning_rate      | 0.0002      |
|    n_updates          | 4299        |
|    policy_loss        | -0.132      |
|    reward             | 0.011156375 |
|    std                | 1.36        |
|    value_loss         | 0.00147     |
---------------------------------------
EPISODE:  23
----------------------------------------
| time/                 |              |
|    fps                | 129          |
|    iterations         | 4400         |
|    time_elapsed       | 170          |
|    total_timesteps    | 22000        |
| train/                |              |
|    entropy_loss       | -3.47        |
|    explained_variance | 6.84e-05     |
|    learning_rate      | 0.0002       |
|    n_updates          | 4399         |
|    policy_loss        | 0.0203       |
|    reward             | -0.013264141 |
|    std                | 1.37         |
|    value_loss         | 5.64e-05     |
----------------------------------------
----------------------------------------
| time/                 |              |
|    fps                | 129          |
|    iterations         | 4500         |
|    time_elapsed       | 174          |
|    total_timesteps    | 22500        |
| train/                |              |
|    entropy_loss       | -3.48        |
|    explained_variance | 0.0178       |
|    learning_rate      | 0.0002       |
|    n_updates          | 4499         |
|    policy_loss        | 0.0538       |
|    reward             | -0.009022154 |
|    std                | 1.38         |
|    value_loss         | 0.00053      |
----------------------------------------
EPISODE:  24
----------------------------------------
| time/                 |              |
|    fps                | 129          |
|    iterations         | 4600         |
|    time_elapsed       | 177          |
|    total_timesteps    | 23000        |
| train/                |              |
|    entropy_loss       | -3.49        |
|    explained_variance | 0.397        |
|    learning_rate      | 0.0002       |
|    n_updates          | 4599         |
|    policy_loss        | -0.0566      |
|    reward             | -0.010225693 |
|    std                | 1.39         |
|    value_loss         | 0.000247     |
----------------------------------------
----------------------------------------
| time/                 |              |
|    fps                | 129          |
|    iterations         | 4700         |
|    time_elapsed       | 181          |
|    total_timesteps    | 23500        |
| train/                |              |
|    entropy_loss       | -3.51        |
|    explained_variance | -2.79        |
|    learning_rate      | 0.0002       |
|    n_updates          | 4699         |
|    policy_loss        | 0.0899       |
|    reward             | -0.013636298 |
|    std                | 1.4          |
|    value_loss         | 0.001        |
----------------------------------------
EPISODE:  25
---------------------------------------
| time/                 |             |
|    fps                | 129         |
|    iterations         | 4800        |
|    time_elapsed       | 184         |
|    total_timesteps    | 24000       |
| train/                |             |
|    entropy_loss       | -3.52       |
|    explained_variance | 0.558       |
|    learning_rate      | 0.0002      |
|    n_updates          | 4799        |
|    policy_loss        | -0.0265     |
|    reward             | 0.007051806 |
|    std                | 1.41        |
|    value_loss         | 8.08e-05    |
---------------------------------------
----------------------------------------
| time/                 |              |
|    fps                | 130          |
|    iterations         | 4900         |
|    time_elapsed       | 187          |
|    total_timesteps    | 24500        |
| train/                |              |
|    entropy_loss       | -3.53        |
|    explained_variance | 0.838        |
|    learning_rate      | 0.0002       |
|    n_updates          | 4899         |
|    policy_loss        | -0.052       |
|    reward             | 0.0019021641 |
|    std                | 1.42         |
|    value_loss         | 0.000252     |
----------------------------------------
EPISODE:  26
---------------------------------------
| time/                 |             |
|    fps                | 131         |
|    iterations         | 5000        |
|    time_elapsed       | 190         |
|    total_timesteps    | 25000       |
| train/                |             |
|    entropy_loss       | -3.55       |
|    explained_variance | -0.118      |
|    learning_rate      | 0.0002      |
|    n_updates          | 4999        |
|    policy_loss        | -0.161      |
|    reward             | 0.014587274 |
|    std                | 1.42        |
|    value_loss         | 0.00105     |
---------------------------------------
---------------------------------------
| time/                 |             |
|    fps                | 131         |
|    iterations         | 5100        |
|    time_elapsed       | 193         |
|    total_timesteps    | 25500       |
| train/                |             |
|    entropy_loss       | -3.56       |
|    explained_variance | -0.000855   |
|    learning_rate      | 0.0002      |
|    n_updates          | 5099        |
|    policy_loss        | 0.0656      |
|    reward             | 0.014708961 |
|    std                | 1.43        |
|    value_loss         | 0.000388    |
---------------------------------------
EPISODE:  27
----------------------------------------
| time/                 |              |
|    fps                | 132          |
|    iterations         | 5200         |
|    time_elapsed       | 196          |
|    total_timesteps    | 26000        |
| train/                |              |
|    entropy_loss       | -3.57        |
|    explained_variance | 0.863        |
|    learning_rate      | 0.0002       |
|    n_updates          | 5199         |
|    policy_loss        | -0.0123      |
|    reward             | 0.0016073488 |
|    std                | 1.44         |
|    value_loss         | 5.5e-05      |
----------------------------------------
-----------------------------------------
| time/                 |               |
|    fps                | 132           |
|    iterations         | 5300          |
|    time_elapsed       | 199           |
|    total_timesteps    | 26500         |
| train/                |               |
|    entropy_loss       | -3.59         |
|    explained_variance | 0.0319        |
|    learning_rate      | 0.0002        |
|    n_updates          | 5299          |
|    policy_loss        | -0.0242       |
|    reward             | -0.0049070027 |
|    std                | 1.45          |
|    value_loss         | 0.000216      |
-----------------------------------------
EPISODE:  28
---------------------------------------
| time/                 |             |
|    fps                | 133         |
|    iterations         | 5400        |
|    time_elapsed       | 202         |
|    total_timesteps    | 27000       |
| train/                |             |
|    entropy_loss       | -3.6        |
|    explained_variance | 7.89e-05    |
|    learning_rate      | 0.0002      |
|    n_updates          | 5399        |
|    policy_loss        | -0.0762     |
|    reward             | 0.015170746 |
|    std                | 1.46        |
|    value_loss         | 0.000669    |
---------------------------------------
----------------------------------------
| time/                 |              |
|    fps                | 134          |
|    iterations         | 5500         |
|    time_elapsed       | 205          |
|    total_timesteps    | 27500        |
| train/                |              |
|    entropy_loss       | -3.62        |
|    explained_variance | -1.19e-07    |
|    learning_rate      | 0.0002       |
|    n_updates          | 5499         |
|    policy_loss        | 0.025        |
|    reward             | -0.013761675 |
|    std                | 1.48         |
|    value_loss         | 5.61e-05     |
----------------------------------------
EPISODE:  29
-----------------------------------------
| time/                 |               |
|    fps                | 134           |
|    iterations         | 5600          |
|    time_elapsed       | 207           |
|    total_timesteps    | 28000         |
| train/                |               |
|    entropy_loss       | -3.63         |
|    explained_variance | 0.169         |
|    learning_rate      | 0.0002        |
|    n_updates          | 5599          |
|    policy_loss        | -0.00894      |
|    reward             | -0.0046429415 |
|    std                | 1.48          |
|    value_loss         | 0.000212      |
-----------------------------------------
---------------------------------------
| time/                 |             |
|    fps                | 135         |
|    iterations         | 5700        |
|    time_elapsed       | 210         |
|    total_timesteps    | 28500       |
| train/                |             |
|    entropy_loss       | -3.64       |
|    explained_variance | -8.09       |
|    learning_rate      | 0.0002      |
|    n_updates          | 5699        |
|    policy_loss        | 0.0547      |
|    reward             | 0.009490679 |
|    std                | 1.49        |
|    value_loss         | 0.00134     |
---------------------------------------
EPISODE:  30
--------------------------------------
| time/                 |            |
|    fps                | 135        |
|    iterations         | 5800       |
|    time_elapsed       | 213        |
|    total_timesteps    | 29000      |
| train/                |            |
|    entropy_loss       | -3.65      |
|    explained_variance | -7.15e-07  |
|    learning_rate      | 0.0002     |
|    n_updates          | 5799       |
|    policy_loss        | 0.011      |
|    reward             | 0.01193771 |
|    std                | 1.5        |
|    value_loss         | 1.72e-05   |
--------------------------------------
---------------------------------------
| time/                 |             |
|    fps                | 136         |
|    iterations         | 5900        |
|    time_elapsed       | 216         |
|    total_timesteps    | 29500       |
| train/                |             |
|    entropy_loss       | -3.67       |
|    explained_variance | -2.26e-06   |
|    learning_rate      | 0.0002      |
|    n_updates          | 5899        |
|    policy_loss        | -0.0121     |
|    reward             | 0.007868308 |
|    std                | 1.51        |
|    value_loss         | 2.66e-05    |
---------------------------------------
EPISODE:  31
-----------------------------------------
| time/                 |               |
|    fps                | 136           |
|    iterations         | 6000          |
|    time_elapsed       | 219           |
|    total_timesteps    | 30000         |
| train/                |               |
|    entropy_loss       | -3.68         |
|    explained_variance | 3.64e-06      |
|    learning_rate      | 0.0002        |
|    n_updates          | 5999          |
|    policy_loss        | -0.000795     |
|    reward             | -0.0113473935 |
|    std                | 1.52          |
|    value_loss         | 0.000148      |
-----------------------------------------
----------------------------------------
| time/                 |              |
|    fps                | 137          |
|    iterations         | 6100         |
|    time_elapsed       | 221          |
|    total_timesteps    | 30500        |
| train/                |              |
|    entropy_loss       | -3.7         |
|    explained_variance | 0            |
|    learning_rate      | 0.0002       |
|    n_updates          | 6099         |
|    policy_loss        | 0.0983       |
|    reward             | -0.014321251 |
|    std                | 1.54         |
|    value_loss         | 0.0011       |
----------------------------------------
EPISODE:  32
----------------------------------------
| time/                 |              |
|    fps                | 137          |
|    iterations         | 6200         |
|    time_elapsed       | 224          |
|    total_timesteps    | 31000        |
| train/                |              |
|    entropy_loss       | -3.71        |
|    explained_variance | 0.81         |
|    learning_rate      | 0.0002       |
|    n_updates          | 6199         |
|    policy_loss        | -0.0146      |
|    reward             | -0.008780014 |
|    std                | 1.55         |
|    value_loss         | 3.13e-05     |
----------------------------------------
---------------------------------------
| time/                 |             |
|    fps                | 138         |
|    iterations         | 6300        |
|    time_elapsed       | 227         |
|    total_timesteps    | 31500       |
| train/                |             |
|    entropy_loss       | -3.72       |
|    explained_variance | 0.00112     |
|    learning_rate      | 0.0002      |
|    n_updates          | 6299        |
|    policy_loss        | 0.0689      |
|    reward             | 0.002738259 |
|    std                | 1.55        |
|    value_loss         | 0.000674    |
---------------------------------------
EPISODE:  33
----------------------------------------
| time/                 |              |
|    fps                | 138          |
|    iterations         | 6400         |
|    time_elapsed       | 230          |
|    total_timesteps    | 32000        |
| train/                |              |
|    entropy_loss       | -3.73        |
|    explained_variance | 0.0231       |
|    learning_rate      | 0.0002       |
|    n_updates          | 6399         |
|    policy_loss        | 0.00691      |
|    reward             | -0.013750776 |
|    std                | 1.56         |
|    value_loss         | 0.000137     |
----------------------------------------
---------------------------------------
| time/                 |             |
|    fps                | 139         |
|    iterations         | 6500        |
|    time_elapsed       | 233         |
|    total_timesteps    | 32500       |
| train/                |             |
|    entropy_loss       | -3.73       |
|    explained_variance | 0.00181     |
|    learning_rate      | 0.0002      |
|    n_updates          | 6499        |
|    policy_loss        | -0.0427     |
|    reward             | -0.01516016 |
|    std                | 1.57        |
|    value_loss         | 0.000159    |
---------------------------------------
EPISODE:  34
----------------------------------------
| time/                 |              |
|    fps                | 139          |
|    iterations         | 6600         |
|    time_elapsed       | 236          |
|    total_timesteps    | 33000        |
| train/                |              |
|    entropy_loss       | -3.74        |
|    explained_variance | 0.247        |
|    learning_rate      | 0.0002       |
|    n_updates          | 6599         |
|    policy_loss        | -0.0545      |
|    reward             | 0.0016568588 |
|    std                | 1.57         |
|    value_loss         | 0.000372     |
----------------------------------------
----------------------------------------
| time/                 |              |
|    fps                | 139          |
|    iterations         | 6700         |
|    time_elapsed       | 239          |
|    total_timesteps    | 33500        |
| train/                |              |
|    entropy_loss       | -3.76        |
|    explained_variance | 0.918        |
|    learning_rate      | 0.0002       |
|    n_updates          | 6699         |
|    policy_loss        | 0.0185       |
|    reward             | 0.0037374622 |
|    std                | 1.58         |
|    value_loss         | 8.21e-05     |
----------------------------------------
EPISODE:  35
----------------------------------------
| time/                 |              |
|    fps                | 140          |
|    iterations         | 6800         |
|    time_elapsed       | 242          |
|    total_timesteps    | 34000        |
| train/                |              |
|    entropy_loss       | -3.77        |
|    explained_variance | 0.00137      |
|    learning_rate      | 0.0002       |
|    n_updates          | 6799         |
|    policy_loss        | 0.0729       |
|    reward             | -0.014659102 |
|    std                | 1.59         |
|    value_loss         | 0.000334     |
----------------------------------------
----------------------------------------
| time/                 |              |
|    fps                | 140          |
|    iterations         | 6900         |
|    time_elapsed       | 245          |
|    total_timesteps    | 34500        |
| train/                |              |
|    entropy_loss       | -3.78        |
|    explained_variance | -95.1        |
|    learning_rate      | 0.0002       |
|    n_updates          | 6899         |
|    policy_loss        | 0.14         |
|    reward             | -0.012495562 |
|    std                | 1.6          |
|    value_loss         | 0.00103      |
----------------------------------------
EPISODE:  36
----------------------------------------
| time/                 |              |
|    fps                | 141          |
|    iterations         | 7000         |
|    time_elapsed       | 248          |
|    total_timesteps    | 35000        |
| train/                |              |
|    entropy_loss       | -3.79        |
|    explained_variance | -3.51        |
|    learning_rate      | 0.0002       |
|    n_updates          | 6999         |
|    policy_loss        | -0.0486      |
|    reward             | 0.0051885773 |
|    std                | 1.61         |
|    value_loss         | 0.000729     |
----------------------------------------
----------------------------------------
| time/                 |              |
|    fps                | 141          |
|    iterations         | 7100         |
|    time_elapsed       | 251          |
|    total_timesteps    | 35500        |
| train/                |              |
|    entropy_loss       | -3.81        |
|    explained_variance | 0.229        |
|    learning_rate      | 0.0002       |
|    n_updates          | 7099         |
|    policy_loss        | 0.107        |
|    reward             | -0.010601948 |
|    std                | 1.62         |
|    value_loss         | 0.00082      |
----------------------------------------
EPISODE:  37
---------------------------------------
| time/                 |             |
|    fps                | 141         |
|    iterations         | 7200        |
|    time_elapsed       | 253         |
|    total_timesteps    | 36000       |
| train/                |             |
|    entropy_loss       | -3.82       |
|    explained_variance | 0.000505    |
|    learning_rate      | 0.0002      |
|    n_updates          | 7199        |
|    policy_loss        | -0.033      |
|    reward             | 0.013637201 |
|    std                | 1.63        |
|    value_loss         | 6.69e-05    |
---------------------------------------
----------------------------------------
| time/                 |              |
|    fps                | 141          |
|    iterations         | 7300         |
|    time_elapsed       | 257          |
|    total_timesteps    | 36500        |
| train/                |              |
|    entropy_loss       | -3.83        |
|    explained_variance | 0.00715      |
|    learning_rate      | 0.0002       |
|    n_updates          | 7299         |
|    policy_loss        | -0.0367      |
|    reward             | -0.009675427 |
|    std                | 1.64         |
|    value_loss         | 0.000136     |
----------------------------------------
EPISODE:  38
---------------------------------------
| time/                 |             |
|    fps                | 142         |
|    iterations         | 7400        |
|    time_elapsed       | 259         |
|    total_timesteps    | 37000       |
| train/                |             |
|    entropy_loss       | -3.84       |
|    explained_variance | -1.53       |
|    learning_rate      | 0.0002      |
|    n_updates          | 7399        |
|    policy_loss        | 0.109       |
|    reward             | 0.009688657 |
|    std                | 1.65        |
|    value_loss         | 0.00125     |
---------------------------------------
---------------------------------------
| time/                 |             |
|    fps                | 142         |
|    iterations         | 7500        |
|    time_elapsed       | 262         |
|    total_timesteps    | 37500       |
| train/                |             |
|    entropy_loss       | -3.85       |
|    explained_variance | -0.0291     |
|    learning_rate      | 0.0002      |
|    n_updates          | 7499        |
|    policy_loss        | 0.117       |
|    reward             | 0.013297377 |
|    std                | 1.66        |
|    value_loss         | 0.00124     |
---------------------------------------
EPISODE:  39
----------------------------------------
| time/                 |              |
|    fps                | 143          |
|    iterations         | 7600         |
|    time_elapsed       | 265          |
|    total_timesteps    | 38000        |
| train/                |              |
|    entropy_loss       | -3.86        |
|    explained_variance | -0.00145     |
|    learning_rate      | 0.0002       |
|    n_updates          | 7599         |
|    policy_loss        | -0.042       |
|    reward             | 0.0076549747 |
|    std                | 1.67         |
|    value_loss         | 0.000213     |
----------------------------------------
----------------------------------------
| time/                 |              |
|    fps                | 143          |
|    iterations         | 7700         |
|    time_elapsed       | 268          |
|    total_timesteps    | 38500        |
| train/                |              |
|    entropy_loss       | -3.87        |
|    explained_variance | -7.15e-07    |
|    learning_rate      | 0.0002       |
|    n_updates          | 7699         |
|    policy_loss        | -0.0775      |
|    reward             | -0.002581154 |
|    std                | 1.67         |
|    value_loss         | 0.000976     |
----------------------------------------
EPISODE:  40
---------------------------------------
| time/                 |             |
|    fps                | 143         |
|    iterations         | 7800        |
|    time_elapsed       | 271         |
|    total_timesteps    | 39000       |
| train/                |             |
|    entropy_loss       | -3.88       |
|    explained_variance | 5.13e-06    |
|    learning_rate      | 0.0002      |
|    n_updates          | 7799        |
|    policy_loss        | -0.0172     |
|    reward             | 0.014398789 |
|    std                | 1.68        |
|    value_loss         | 7.36e-05    |
---------------------------------------
----------------------------------------
| time/                 |              |
|    fps                | 144          |
|    iterations         | 7900         |
|    time_elapsed       | 274          |
|    total_timesteps    | 39500        |
| train/                |              |
|    entropy_loss       | -3.88        |
|    explained_variance | 0.00207      |
|    learning_rate      | 0.0002       |
|    n_updates          | 7899         |
|    policy_loss        | 0.0586       |
|    reward             | -0.014823264 |
|    std                | 1.69         |
|    value_loss         | 0.000183     |
----------------------------------------
EPISODE:  41
----------------------------------------
| time/                 |              |
|    fps                | 144          |
|    iterations         | 8000         |
|    time_elapsed       | 277          |
|    total_timesteps    | 40000        |
| train/                |              |
|    entropy_loss       | -3.89        |
|    explained_variance | 0            |
|    learning_rate      | 0.0002       |
|    n_updates          | 7999         |
|    policy_loss        | -0.064       |
|    reward             | 0.0024403105 |
|    std                | 1.7          |
|    value_loss         | 0.000341     |
----------------------------------------
---------------------------------------
| time/                 |             |
|    fps                | 144         |
|    iterations         | 8100        |
|    time_elapsed       | 280         |
|    total_timesteps    | 40500       |
| train/                |             |
|    entropy_loss       | -3.9        |
|    explained_variance | -2.64       |
|    learning_rate      | 0.0002      |
|    n_updates          | 8099        |
|    policy_loss        | 0.088       |
|    reward             | 0.004113116 |
|    std                | 1.7         |
|    value_loss         | 0.000615    |
---------------------------------------
EPISODE:  42
---------------------------------------
| time/                 |             |
|    fps                | 144         |
|    iterations         | 8200        |
|    time_elapsed       | 283         |
|    total_timesteps    | 41000       |
| train/                |             |
|    entropy_loss       | -3.91       |
|    explained_variance | -1.19e-07   |
|    learning_rate      | 0.0002      |
|    n_updates          | 8199        |
|    policy_loss        | 0.0222      |
|    reward             | 0.015169995 |
|    std                | 1.71        |
|    value_loss         | 5.23e-05    |
---------------------------------------
---------------------------------------
| time/                 |             |
|    fps                | 145         |
|    iterations         | 8300        |
|    time_elapsed       | 285         |
|    total_timesteps    | 41500       |
| train/                |             |
|    entropy_loss       | -3.92       |
|    explained_variance | 0           |
|    learning_rate      | 0.0002      |
|    n_updates          | 8299        |
|    policy_loss        | -0.0541     |
|    reward             | 0.014080357 |
|    std                | 1.72        |
|    value_loss         | 0.000217    |
---------------------------------------
EPISODE:  43
----------------------------------------
| time/                 |              |
|    fps                | 145          |
|    iterations         | 8400         |
|    time_elapsed       | 289          |
|    total_timesteps    | 42000        |
| train/                |              |
|    entropy_loss       | -3.93        |
|    explained_variance | -0.000585    |
|    learning_rate      | 0.0002       |
|    n_updates          | 8399         |
|    policy_loss        | -0.0861      |
|    reward             | -0.003978337 |
|    std                | 1.73         |
|    value_loss         | 0.000661     |
----------------------------------------
---------------------------------------
| time/                 |             |
|    fps                | 145         |
|    iterations         | 8500        |
|    time_elapsed       | 292         |
|    total_timesteps    | 42500       |
| train/                |             |
|    entropy_loss       | -3.93       |
|    explained_variance | 0           |
|    learning_rate      | 0.0002      |
|    n_updates          | 8499        |
|    policy_loss        | 0.0662      |
|    reward             | -0.00892777 |
|    std                | 1.73        |
|    value_loss         | 0.00045     |
---------------------------------------
EPISODE:  44
---------------------------------------
| time/                 |             |
|    fps                | 145         |
|    iterations         | 8600        |
|    time_elapsed       | 295         |
|    total_timesteps    | 43000       |
| train/                |             |
|    entropy_loss       | -3.94       |
|    explained_variance | 0.0996      |
|    learning_rate      | 0.0002      |
|    n_updates          | 8599        |
|    policy_loss        | -0.00658    |
|    reward             | -0.01235271 |
|    std                | 1.74        |
|    value_loss         | 9.43e-05    |
---------------------------------------
-------------------------------------
| time/                 |           |
|    fps                | 145       |
|    iterations         | 8700      |
|    time_elapsed       | 298       |
|    total_timesteps    | 43500     |
| train/                |           |
|    entropy_loss       | -3.95     |
|    explained_variance | -0.962    |
|    learning_rate      | 0.0002    |
|    n_updates          | 8699      |
|    policy_loss        | -0.125    |
|    reward             | 0.0084505 |
|    std                | 1.75      |
|    value_loss         | 0.00186   |
-------------------------------------
EPISODE:  45
---------------------------------------
| time/                 |             |
|    fps                | 145         |
|    iterations         | 8800        |
|    time_elapsed       | 301         |
|    total_timesteps    | 44000       |
| train/                |             |
|    entropy_loss       | -3.97       |
|    explained_variance | 0           |
|    learning_rate      | 0.0002      |
|    n_updates          | 8799        |
|    policy_loss        | 0.095       |
|    reward             | -0.01080532 |
|    std                | 1.76        |
|    value_loss         | 0.000879    |
---------------------------------------
----------------------------------------
| time/                 |              |
|    fps                | 145          |
|    iterations         | 8900         |
|    time_elapsed       | 305          |
|    total_timesteps    | 44500        |
| train/                |              |
|    entropy_loss       | -3.98        |
|    explained_variance | -8.91        |
|    learning_rate      | 0.0002       |
|    n_updates          | 8899         |
|    policy_loss        | 0.151        |
|    reward             | -0.014078665 |
|    std                | 1.77         |
|    value_loss         | 0.00242      |
----------------------------------------
EPISODE:  46
----------------------------------------
| time/                 |              |
|    fps                | 145          |
|    iterations         | 9000         |
|    time_elapsed       | 308          |
|    total_timesteps    | 45000        |
| train/                |              |
|    entropy_loss       | -3.99        |
|    explained_variance | 0            |
|    learning_rate      | 0.0002       |
|    n_updates          | 8999         |
|    policy_loss        | -0.118       |
|    reward             | 0.0094438465 |
|    std                | 1.78         |
|    value_loss         | 0.00129      |
----------------------------------------
----------------------------------------
| time/                 |              |
|    fps                | 145          |
|    iterations         | 9100         |
|    time_elapsed       | 311          |
|    total_timesteps    | 45500        |
| train/                |              |
|    entropy_loss       | -4           |
|    explained_variance | 0            |
|    learning_rate      | 0.0002       |
|    n_updates          | 9099         |
|    policy_loss        | 0.0316       |
|    reward             | 0.0035602525 |
|    std                | 1.79         |
|    value_loss         | 9.49e-05     |
----------------------------------------
EPISODE:  47
----------------------------------------
| time/                 |              |
|    fps                | 145          |
|    iterations         | 9200         |
|    time_elapsed       | 315          |
|    total_timesteps    | 46000        |
| train/                |              |
|    entropy_loss       | -4.01        |
|    explained_variance | 0            |
|    learning_rate      | 0.0002       |
|    n_updates          | 9199         |
|    policy_loss        | 0.0555       |
|    reward             | -0.013422761 |
|    std                | 1.79         |
|    value_loss         | 0.000201     |
----------------------------------------
---------------------------------------
| time/                 |             |
|    fps                | 146         |
|    iterations         | 9300        |
|    time_elapsed       | 318         |
|    total_timesteps    | 46500       |
| train/                |             |
|    entropy_loss       | -4.01       |
|    explained_variance | -1.19e-07   |
|    learning_rate      | 0.0002      |
|    n_updates          | 9299        |
|    policy_loss        | 0.0148      |
|    reward             | 0.015106588 |
|    std                | 1.8         |
|    value_loss         | 3.9e-05     |
---------------------------------------
EPISODE:  48
-----------------------------------------
| time/                 |               |
|    fps                | 146           |
|    iterations         | 9400          |
|    time_elapsed       | 321           |
|    total_timesteps    | 47000         |
| train/                |               |
|    entropy_loss       | -4.02         |
|    explained_variance | 0.205         |
|    learning_rate      | 0.0002        |
|    n_updates          | 9399          |
|    policy_loss        | -0.0647       |
|    reward             | -0.0023374315 |
|    std                | 1.81          |
|    value_loss         | 0.000253      |
-----------------------------------------
----------------------------------------
| time/                 |              |
|    fps                | 146          |
|    iterations         | 9500         |
|    time_elapsed       | 324          |
|    total_timesteps    | 47500        |
| train/                |              |
|    entropy_loss       | -4.03        |
|    explained_variance | -1.91e-06    |
|    learning_rate      | 0.0002       |
|    n_updates          | 9499         |
|    policy_loss        | -0.0673      |
|    reward             | 0.0030636129 |
|    std                | 1.81         |
|    value_loss         | 0.000428     |
----------------------------------------
EPISODE:  49
---------------------------------------
| time/                 |             |
|    fps                | 146         |
|    iterations         | 9600        |
|    time_elapsed       | 327         |
|    total_timesteps    | 48000       |
| train/                |             |
|    entropy_loss       | -4.03       |
|    explained_variance | -0.0152     |
|    learning_rate      | 0.0002      |
|    n_updates          | 9599        |
|    policy_loss        | 0.0284      |
|    reward             | 0.014786292 |
|    std                | 1.82        |
|    value_loss         | 7.87e-05    |
---------------------------------------
---------------------------------------
| time/                 |             |
|    fps                | 146         |
|    iterations         | 9700        |
|    time_elapsed       | 330         |
|    total_timesteps    | 48500       |
| train/                |             |
|    entropy_loss       | -4.04       |
|    explained_variance | 0.0127      |
|    learning_rate      | 0.0002      |
|    n_updates          | 9699        |
|    policy_loss        | -0.0761     |
|    reward             | 0.012874128 |
|    std                | 1.82        |
|    value_loss         | 0.000519    |
---------------------------------------
EPISODE:  50
----------------------------------------
| time/                 |              |
|    fps                | 147          |
|    iterations         | 9800         |
|    time_elapsed       | 333          |
|    total_timesteps    | 49000        |
| train/                |              |
|    entropy_loss       | -4.05        |
|    explained_variance | 0            |
|    learning_rate      | 0.0002       |
|    n_updates          | 9799         |
|    policy_loss        | 0.0758       |
|    reward             | -0.004400507 |
|    std                | 1.83         |
|    value_loss         | 0.000473     |
----------------------------------------
----------------------------------------
| time/                 |              |
|    fps                | 147          |
|    iterations         | 9900         |
|    time_elapsed       | 336          |
|    total_timesteps    | 49500        |
| train/                |              |
|    entropy_loss       | -4.06        |
|    explained_variance | 0            |
|    learning_rate      | 0.0002       |
|    n_updates          | 9899         |
|    policy_loss        | 0.085        |
|    reward             | -0.010014105 |
|    std                | 1.84         |
|    value_loss         | 0.000628     |
----------------------------------------
EPISODE:  51
----------------------------------------
| time/                 |              |
|    fps                | 147          |
|    iterations         | 10000        |
|    time_elapsed       | 339          |
|    total_timesteps    | 50000        |
| train/                |              |
|    entropy_loss       | -4.06        |
|    explained_variance | 0            |
|    learning_rate      | 0.0002       |
|    n_updates          | 9999         |
|    policy_loss        | -0.112       |
|    reward             | -0.013970358 |
|    std                | 1.85         |
|    value_loss         | 0.000795     |
----------------------------------------
Saved episode log to Results\250619_hc_binary_udp\a2c\periodic\training_logs\10.csv
