EPISODE:  0
{'batch_size': 128, 'buffer_size': 50000, 'learning_rate': 0.001}
Using cpu device
EPISODE:  1
EPISODE:  2
EPISODE:  3
EPISODE:  4
EPISODE:  5
---------------------------------
| time/              |          |
|    episodes        | 4        |
|    fps             | 23       |
|    time_elapsed    | 171      |
|    total_timesteps | 3964     |
| train/             |          |
|    actor_loss      | -0.0526  |
|    critic_loss     | 0.189    |
|    learning_rate   | 0.001    |
|    n_updates       | 3863     |
|    reward          | 0.5      |
---------------------------------
EPISODE:  6
EPISODE:  7
EPISODE:  8
EPISODE:  9
---------------------------------
| time/              |          |
|    episodes        | 8        |
|    fps             | 20       |
|    time_elapsed    | 382      |
|    total_timesteps | 7928     |
| train/             |          |
|    actor_loss      | -1.01    |
|    critic_loss     | 0.107    |
|    learning_rate   | 0.001    |
|    n_updates       | 7827     |
|    reward          | 0.5      |
---------------------------------
EPISODE:  10
EPISODE:  11
EPISODE:  12
EPISODE:  13
---------------------------------
| time/              |          |
|    episodes        | 12       |
|    fps             | 20       |
|    time_elapsed    | 586      |
|    total_timesteps | 11892    |
| train/             |          |
|    actor_loss      | -3.1     |
|    critic_loss     | 0.00111  |
|    learning_rate   | 0.001    |
|    n_updates       | 11791    |
|    reward          | 0.5      |
---------------------------------
EPISODE:  14
EPISODE:  15
EPISODE:  16
EPISODE:  17
---------------------------------
| time/              |          |
|    episodes        | 16       |
|    fps             | 19       |
|    time_elapsed    | 802      |
|    total_timesteps | 15856    |
| train/             |          |
|    actor_loss      | -2.66    |
|    critic_loss     | 0.00551  |
|    learning_rate   | 0.001    |
|    n_updates       | 15755    |
|    reward          | 0.5      |
---------------------------------
EPISODE:  18
EPISODE:  19
EPISODE:  20
EPISODE:  21
---------------------------------
| time/              |          |
|    episodes        | 20       |
|    fps             | 19       |
|    time_elapsed    | 1015     |
|    total_timesteps | 19820    |
| train/             |          |
|    actor_loss      | -2.44    |
|    critic_loss     | 0.000258 |
|    learning_rate   | 0.001    |
|    n_updates       | 19719    |
|    reward          | 0.5      |
---------------------------------
EPISODE:  22
EPISODE:  23
EPISODE:  24
EPISODE:  25
---------------------------------
| time/              |          |
|    episodes        | 24       |
|    fps             | 19       |
|    time_elapsed    | 1237     |
|    total_timesteps | 23784    |
| train/             |          |
|    actor_loss      | -0.771   |
|    critic_loss     | 0.000398 |
|    learning_rate   | 0.001    |
|    n_updates       | 23683    |
|    reward          | 0.5      |
---------------------------------
EPISODE:  26
EPISODE:  27
EPISODE:  28
EPISODE:  29
---------------------------------
| time/              |          |
|    episodes        | 28       |
|    fps             | 19       |
|    time_elapsed    | 1447     |
|    total_timesteps | 27748    |
| train/             |          |
|    actor_loss      | -0.759   |
|    critic_loss     | 0.000601 |
|    learning_rate   | 0.001    |
|    n_updates       | 27647    |
|    reward          | 0.5      |
---------------------------------
EPISODE:  30
EPISODE:  31
EPISODE:  32
EPISODE:  33
---------------------------------
| time/              |          |
|    episodes        | 32       |
|    fps             | 19       |
|    time_elapsed    | 1648     |
|    total_timesteps | 31712    |
| train/             |          |
|    actor_loss      | -0.659   |
|    critic_loss     | 0.00183  |
|    learning_rate   | 0.001    |
|    n_updates       | 31611    |
|    reward          | 0.5      |
---------------------------------
EPISODE:  34
EPISODE:  35
EPISODE:  36
EPISODE:  37
---------------------------------
| time/              |          |
|    episodes        | 36       |
|    fps             | 19       |
|    time_elapsed    | 1851     |
|    total_timesteps | 35676    |
| train/             |          |
|    actor_loss      | -0.408   |
|    critic_loss     | 2.94e-05 |
|    learning_rate   | 0.001    |
|    n_updates       | 35575    |
|    reward          | 0.5      |
---------------------------------
EPISODE:  38
EPISODE:  39
EPISODE:  40
EPISODE:  41
---------------------------------
| time/              |          |
|    episodes        | 40       |
|    fps             | 19       |
|    time_elapsed    | 2064     |
|    total_timesteps | 39640    |
| train/             |          |
|    actor_loss      | -0.421   |
|    critic_loss     | 0.0221   |
|    learning_rate   | 0.001    |
|    n_updates       | 39539    |
|    reward          | 0.5      |
---------------------------------
EPISODE:  42
EPISODE:  43
EPISODE:  44
EPISODE:  45
---------------------------------
| time/              |          |
|    episodes        | 44       |
|    fps             | 19       |
|    time_elapsed    | 2283     |
|    total_timesteps | 43604    |
| train/             |          |
|    actor_loss      | -0.525   |
|    critic_loss     | 0.000919 |
|    learning_rate   | 0.001    |
|    n_updates       | 43503    |
|    reward          | 0.5      |
---------------------------------
EPISODE:  46
EPISODE:  47
EPISODE:  48
EPISODE:  49
---------------------------------
| time/              |          |
|    episodes        | 48       |
|    fps             | 19       |
|    time_elapsed    | 2503     |
|    total_timesteps | 47568    |
| train/             |          |
|    actor_loss      | -0.448   |
|    critic_loss     | 0.000263 |
|    learning_rate   | 0.001    |
|    n_updates       | 47467    |
|    reward          | 0.5      |
---------------------------------
EPISODE:  50
EPISODE:  51
Saved episode log to Results\250619_hc_binary_udp\ddpg\downward\training_logs\01.csv
