EPISODE:  0
{'n_steps': 2048, 'batch_size': 64, 'learning_rate': 0.0003, 'ent_coef': 0.0}
Using cpu device
EPISODE:  1
EPISODE:  2
EPISODE:  3
-------------------------------------
| time/              |              |
|    fps             | 253          |
|    iterations      | 1            |
|    time_elapsed    | 8            |
|    total_timesteps | 2048         |
| train/             |              |
|    reward          | 0.0004898417 |
-------------------------------------
EPISODE:  4
EPISODE:  5
------------------------------------------
| time/                   |              |
|    fps                  | 227          |
|    iterations           | 2            |
|    time_elapsed         | 18           |
|    total_timesteps      | 4096         |
| train/                  |              |
|    approx_kl            | 0.0034550084 |
|    clip_fraction        | 0.0207       |
|    clip_range           | 0.2          |
|    entropy_loss         | -2.85        |
|    explained_variance   | -1.25        |
|    learning_rate        | 0.0003       |
|    loss                 | -0.00801     |
|    n_updates            | 10           |
|    policy_gradient_loss | -0.000131    |
|    reward               | 0.006641869  |
|    std                  | 1.01         |
|    value_loss           | 0.0088       |
------------------------------------------
EPISODE:  6
EPISODE:  7
------------------------------------------
| time/                   |              |
|    fps                  | 221          |
|    iterations           | 3            |
|    time_elapsed         | 27           |
|    total_timesteps      | 6144         |
| train/                  |              |
|    approx_kl            | 0.0057922136 |
|    clip_fraction        | 0.0591       |
|    clip_range           | 0.2          |
|    entropy_loss         | -2.86        |
|    explained_variance   | 0.0783       |
|    learning_rate        | 0.0003       |
|    loss                 | 0.0332       |
|    n_updates            | 20           |
|    policy_gradient_loss | -0.00162     |
|    reward               | 0.013264141  |
|    std                  | 1.01         |
|    value_loss           | 0.00578      |
------------------------------------------
EPISODE:  8
EPISODE:  9
------------------------------------------
| time/                   |              |
|    fps                  | 218          |
|    iterations           | 4            |
|    time_elapsed         | 37           |
|    total_timesteps      | 8192         |
| train/                  |              |
|    approx_kl            | 0.0062334053 |
|    clip_fraction        | 0.0285       |
|    clip_range           | 0.2          |
|    entropy_loss         | -2.86        |
|    explained_variance   | 0.108        |
|    learning_rate        | 0.0003       |
|    loss                 | 0.0154       |
|    n_updates            | 30           |
|    policy_gradient_loss | -0.00108     |
|    reward               | -0.014608829 |
|    std                  | 1.01         |
|    value_loss           | 0.00389      |
------------------------------------------
EPISODE:  10
EPISODE:  11
------------------------------------------
| time/                   |              |
|    fps                  | 214          |
|    iterations           | 5            |
|    time_elapsed         | 47           |
|    total_timesteps      | 10240        |
| train/                  |              |
|    approx_kl            | 0.0042471346 |
|    clip_fraction        | 0.0175       |
|    clip_range           | 0.2          |
|    entropy_loss         | -2.87        |
|    explained_variance   | 0.0983       |
|    learning_rate        | 0.0003       |
|    loss                 | -0.0221      |
|    n_updates            | 40           |
|    policy_gradient_loss | -0.000845    |
|    reward               | 0.013644838  |
|    std                  | 1.01         |
|    value_loss           | 0.00351      |
------------------------------------------
EPISODE:  12
EPISODE:  13
------------------------------------------
| time/                   |              |
|    fps                  | 214          |
|    iterations           | 6            |
|    time_elapsed         | 57           |
|    total_timesteps      | 12288        |
| train/                  |              |
|    approx_kl            | 0.0044282046 |
|    clip_fraction        | 0.0243       |
|    clip_range           | 0.2          |
|    entropy_loss         | -2.86        |
|    explained_variance   | 0.164        |
|    learning_rate        | 0.0003       |
|    loss                 | -0.011       |
|    n_updates            | 50           |
|    policy_gradient_loss | -0.00155     |
|    reward               | 0.01080532   |
|    std                  | 1.01         |
|    value_loss           | 0.00214      |
------------------------------------------
EPISODE:  14
EPISODE:  15
-------------------------------------------
| time/                   |               |
|    fps                  | 213           |
|    iterations           | 7             |
|    time_elapsed         | 67            |
|    total_timesteps      | 14336         |
| train/                  |               |
|    approx_kl            | 0.002885473   |
|    clip_fraction        | 0.0147        |
|    clip_range           | 0.2           |
|    entropy_loss         | -2.86         |
|    explained_variance   | 0.208         |
|    learning_rate        | 0.0003        |
|    loss                 | 0.00291       |
|    n_updates            | 60            |
|    policy_gradient_loss | -0.000879     |
|    reward               | -0.0035312804 |
|    std                  | 1.01          |
|    value_loss           | 0.00153       |
-------------------------------------------
EPISODE:  16
EPISODE:  17
-------------------------------------------
| time/                   |               |
|    fps                  | 213           |
|    iterations           | 8             |
|    time_elapsed         | 76            |
|    total_timesteps      | 16384         |
| train/                  |               |
|    approx_kl            | 0.003465462   |
|    clip_fraction        | 0.0169        |
|    clip_range           | 0.2           |
|    entropy_loss         | -2.86         |
|    explained_variance   | 0.095         |
|    learning_rate        | 0.0003        |
|    loss                 | 0.0054        |
|    n_updates            | 70            |
|    policy_gradient_loss | -0.000866     |
|    reward               | -0.0035386772 |
|    std                  | 1.01          |
|    value_loss           | 0.00194       |
-------------------------------------------
EPISODE:  18
EPISODE:  19
-----------------------------------------
| time/                   |             |
|    fps                  | 213         |
|    iterations           | 9           |
|    time_elapsed         | 86          |
|    total_timesteps      | 18432       |
| train/                  |             |
|    approx_kl            | 0.006188958 |
|    clip_fraction        | 0.0534      |
|    clip_range           | 0.2         |
|    entropy_loss         | -2.86       |
|    explained_variance   | 0.0755      |
|    learning_rate        | 0.0003      |
|    loss                 | -0.0254     |
|    n_updates            | 80          |
|    policy_gradient_loss | -0.00373    |
|    reward               | 0.008814454 |
|    std                  | 1.01        |
|    value_loss           | 0.00156     |
-----------------------------------------
EPISODE:  20
EPISODE:  21
------------------------------------------
| time/                   |              |
|    fps                  | 213          |
|    iterations           | 10           |
|    time_elapsed         | 95           |
|    total_timesteps      | 20480        |
| train/                  |              |
|    approx_kl            | 0.0021465044 |
|    clip_fraction        | 0.0259       |
|    clip_range           | 0.2          |
|    entropy_loss         | -2.86        |
|    explained_variance   | 0.0163       |
|    learning_rate        | 0.0003       |
|    loss                 | -0.00708     |
|    n_updates            | 90           |
|    policy_gradient_loss | -0.00178     |
|    reward               | -0.014435759 |
|    std                  | 1.01         |
|    value_loss           | 0.00136      |
------------------------------------------
EPISODE:  22
EPISODE:  23
------------------------------------------
| time/                   |              |
|    fps                  | 213          |
|    iterations           | 11           |
|    time_elapsed         | 105          |
|    total_timesteps      | 22528        |
| train/                  |              |
|    approx_kl            | 0.0039343024 |
|    clip_fraction        | 0.00586      |
|    clip_range           | 0.2          |
|    entropy_loss         | -2.85        |
|    explained_variance   | -0.0277      |
|    learning_rate        | 0.0003       |
|    loss                 | -0.00265     |
|    n_updates            | 100          |
|    policy_gradient_loss | -0.000292    |
|    reward               | 0.014941434  |
|    std                  | 1.01         |
|    value_loss           | 0.00155      |
------------------------------------------
EPISODE:  24
EPISODE:  25
-------------------------------------------
| time/                   |               |
|    fps                  | 212           |
|    iterations           | 12            |
|    time_elapsed         | 115           |
|    total_timesteps      | 24576         |
| train/                  |               |
|    approx_kl            | 0.0031086293  |
|    clip_fraction        | 0.0214        |
|    clip_range           | 0.2           |
|    entropy_loss         | -2.87         |
|    explained_variance   | 0.0141        |
|    learning_rate        | 0.0003        |
|    loss                 | -0.0191       |
|    n_updates            | 110           |
|    policy_gradient_loss | -0.00253      |
|    reward               | -0.0122640785 |
|    std                  | 1.02          |
|    value_loss           | 0.00126       |
-------------------------------------------
EPISODE:  26
EPISODE:  27
------------------------------------------
| time/                   |              |
|    fps                  | 212          |
|    iterations           | 13           |
|    time_elapsed         | 125          |
|    total_timesteps      | 26624        |
| train/                  |              |
|    approx_kl            | 0.0041854456 |
|    clip_fraction        | 0.0162       |
|    clip_range           | 0.2          |
|    entropy_loss         | -2.88        |
|    explained_variance   | 0.0601       |
|    learning_rate        | 0.0003       |
|    loss                 | 0.0135       |
|    n_updates            | 120          |
|    policy_gradient_loss | -0.00175     |
|    reward               | -0.00853887  |
|    std                  | 1.02         |
|    value_loss           | 0.00117      |
------------------------------------------
EPISODE:  28
EPISODE:  29
-------------------------------------------
| time/                   |               |
|    fps                  | 212           |
|    iterations           | 14            |
|    time_elapsed         | 134           |
|    total_timesteps      | 28672         |
| train/                  |               |
|    approx_kl            | 0.0036996892  |
|    clip_fraction        | 0.0102        |
|    clip_range           | 0.2           |
|    entropy_loss         | -2.87         |
|    explained_variance   | 0.159         |
|    learning_rate        | 0.0003        |
|    loss                 | -0.00995      |
|    n_updates            | 130           |
|    policy_gradient_loss | -0.000656     |
|    reward               | -0.0010337393 |
|    std                  | 1.02          |
|    value_loss           | 0.000865      |
-------------------------------------------
EPISODE:  30
EPISODE:  31
------------------------------------------
| time/                   |              |
|    fps                  | 211          |
|    iterations           | 15           |
|    time_elapsed         | 145          |
|    total_timesteps      | 30720        |
| train/                  |              |
|    approx_kl            | 0.004614656  |
|    clip_fraction        | 0.0177       |
|    clip_range           | 0.2          |
|    entropy_loss         | -2.87        |
|    explained_variance   | 0.164        |
|    learning_rate        | 0.0003       |
|    loss                 | -0.00453     |
|    n_updates            | 140          |
|    policy_gradient_loss | -0.00158     |
|    reward               | -0.006436944 |
|    std                  | 1.01         |
|    value_loss           | 0.000847     |
------------------------------------------
EPISODE:  32
EPISODE:  33
EPISODE:  34
------------------------------------------
| time/                   |              |
|    fps                  | 210          |
|    iterations           | 16           |
|    time_elapsed         | 155          |
|    total_timesteps      | 32768        |
| train/                  |              |
|    approx_kl            | 0.004523078  |
|    clip_fraction        | 0.0342       |
|    clip_range           | 0.2          |
|    entropy_loss         | -2.86        |
|    explained_variance   | 0.0995       |
|    learning_rate        | 0.0003       |
|    loss                 | -0.00073     |
|    n_updates            | 150          |
|    policy_gradient_loss | -0.00243     |
|    reward               | 0.0019985936 |
|    std                  | 1.01         |
|    value_loss           | 0.00107      |
------------------------------------------
EPISODE:  35
EPISODE:  36
-----------------------------------------
| time/                   |             |
|    fps                  | 209         |
|    iterations           | 17          |
|    time_elapsed         | 166         |
|    total_timesteps      | 34816       |
| train/                  |             |
|    approx_kl            | 0.004059883 |
|    clip_fraction        | 0.0177      |
|    clip_range           | 0.2         |
|    entropy_loss         | -2.85       |
|    explained_variance   | 0.203       |
|    learning_rate        | 0.0003      |
|    loss                 | -0.00255    |
|    n_updates            | 160         |
|    policy_gradient_loss | -0.000844   |
|    reward               | 0.004747693 |
|    std                  | 1           |
|    value_loss           | 0.000904    |
-----------------------------------------
EPISODE:  37
EPISODE:  38
-----------------------------------------
| time/                   |             |
|    fps                  | 207         |
|    iterations           | 18          |
|    time_elapsed         | 177         |
|    total_timesteps      | 36864       |
| train/                  |             |
|    approx_kl            | 0.004980335 |
|    clip_fraction        | 0.0406      |
|    clip_range           | 0.2         |
|    entropy_loss         | -2.84       |
|    explained_variance   | 0.222       |
|    learning_rate        | 0.0003      |
|    loss                 | -0.0289     |
|    n_updates            | 170         |
|    policy_gradient_loss | -0.0032     |
|    reward               | 0.011925916 |
|    std                  | 1           |
|    value_loss           | 0.00128     |
-----------------------------------------
EPISODE:  39
EPISODE:  40
------------------------------------------
| time/                   |              |
|    fps                  | 206          |
|    iterations           | 19           |
|    time_elapsed         | 188          |
|    total_timesteps      | 38912        |
| train/                  |              |
|    approx_kl            | 0.0011435605 |
|    clip_fraction        | 0.00415      |
|    clip_range           | 0.2          |
|    entropy_loss         | -2.84        |
|    explained_variance   | 0.423        |
|    learning_rate        | 0.0003       |
|    loss                 | -0.000765    |
|    n_updates            | 180          |
|    policy_gradient_loss | -0.00021     |
|    reward               | -0.01399249  |
|    std                  | 0.997        |
|    value_loss           | 0.000909     |
------------------------------------------
EPISODE:  41
EPISODE:  42
------------------------------------------
| time/                   |              |
|    fps                  | 203          |
|    iterations           | 20           |
|    time_elapsed         | 201          |
|    total_timesteps      | 40960        |
| train/                  |              |
|    approx_kl            | 0.0047678174 |
|    clip_fraction        | 0.0193       |
|    clip_range           | 0.2          |
|    entropy_loss         | -2.82        |
|    explained_variance   | 0.416        |
|    learning_rate        | 0.0003       |
|    loss                 | 0.00899      |
|    n_updates            | 190          |
|    policy_gradient_loss | -0.00162     |
|    reward               | 0.014464237  |
|    std                  | 0.991        |
|    value_loss           | 0.000868     |
------------------------------------------
EPISODE:  43
EPISODE:  44
------------------------------------------
| time/                   |              |
|    fps                  | 199          |
|    iterations           | 21           |
|    time_elapsed         | 215          |
|    total_timesteps      | 43008        |
| train/                  |              |
|    approx_kl            | 0.0026193326 |
|    clip_fraction        | 0.0104       |
|    clip_range           | 0.2          |
|    entropy_loss         | -2.81        |
|    explained_variance   | 0.504        |
|    learning_rate        | 0.0003       |
|    loss                 | -0.00884     |
|    n_updates            | 200          |
|    policy_gradient_loss | -0.000407    |
|    reward               | 0.012312975  |
|    std                  | 0.986        |
|    value_loss           | 0.00101      |
------------------------------------------
EPISODE:  45
EPISODE:  46
------------------------------------------
| time/                   |              |
|    fps                  | 194          |
|    iterations           | 22           |
|    time_elapsed         | 231          |
|    total_timesteps      | 45056        |
| train/                  |              |
|    approx_kl            | 0.0037504272 |
|    clip_fraction        | 0.0102       |
|    clip_range           | 0.2          |
|    entropy_loss         | -2.81        |
|    explained_variance   | 0.516        |
|    learning_rate        | 0.0003       |
|    loss                 | -0.00822     |
|    n_updates            | 210          |
|    policy_gradient_loss | -0.000929    |
|    reward               | 0.005498759  |
|    std                  | 0.988        |
|    value_loss           | 0.00091      |
------------------------------------------
EPISODE:  47
EPISODE:  48
------------------------------------------
| time/                   |              |
|    fps                  | 190          |
|    iterations           | 23           |
|    time_elapsed         | 247          |
|    total_timesteps      | 47104        |
| train/                  |              |
|    approx_kl            | 0.0021618651 |
|    clip_fraction        | 0.0183       |
|    clip_range           | 0.2          |
|    entropy_loss         | -2.83        |
|    explained_variance   | 0.432        |
|    learning_rate        | 0.0003       |
|    loss                 | -0.00387     |
|    n_updates            | 220          |
|    policy_gradient_loss | -0.00137     |
|    reward               | 0.0010713692 |
|    std                  | 1            |
|    value_loss           | 0.00115      |
------------------------------------------
EPISODE:  49
EPISODE:  50
------------------------------------------
| time/                   |              |
|    fps                  | 186          |
|    iterations           | 24           |
|    time_elapsed         | 263          |
|    total_timesteps      | 49152        |
| train/                  |              |
|    approx_kl            | 0.0030875772 |
|    clip_fraction        | 0.0135       |
|    clip_range           | 0.2          |
|    entropy_loss         | -2.84        |
|    explained_variance   | 0.481        |
|    learning_rate        | 0.0003       |
|    loss                 | 0.00473      |
|    n_updates            | 230          |
|    policy_gradient_loss | -0.00255     |
|    reward               | 0.0070679206 |
|    std                  | 1            |
|    value_loss           | 0.00103      |
------------------------------------------
EPISODE:  51
EPISODE:  52
------------------------------------------
| time/                   |              |
|    fps                  | 183          |
|    iterations           | 25           |
|    time_elapsed         | 278          |
|    total_timesteps      | 51200        |
| train/                  |              |
|    approx_kl            | 0.0030253148 |
|    clip_fraction        | 0.0171       |
|    clip_range           | 0.2          |
|    entropy_loss         | -2.82        |
|    explained_variance   | 0.43         |
|    learning_rate        | 0.0003       |
|    loss                 | 0.0125       |
|    n_updates            | 240          |
|    policy_gradient_loss | -0.00167     |
|    reward               | 0.013526918  |
|    std                  | 0.988        |
|    value_loss           | 0.00101      |
------------------------------------------
Saved episode log to Results\250619_hc_binary_udp\ppo\periodic\training_logs\03.csv
