EPISODE:  0
{'n_steps': 2048, 'batch_size': 64, 'learning_rate': 0.0003, 'ent_coef': 0.0}
Using cpu device
EPISODE:  1
EPISODE:  2
EPISODE:  3
--------------------------------------
| time/              |               |
|    fps             | 201           |
|    iterations      | 1             |
|    time_elapsed    | 10            |
|    total_timesteps | 2048          |
| train/             |               |
|    reward          | -0.0004898417 |
--------------------------------------
EPISODE:  4
EPISODE:  5
------------------------------------------
| time/                   |              |
|    fps                  | 169          |
|    iterations           | 2            |
|    time_elapsed         | 24           |
|    total_timesteps      | 4096         |
| train/                  |              |
|    approx_kl            | 0.0035035983 |
|    clip_fraction        | 0.0266       |
|    clip_range           | 0.2          |
|    entropy_loss         | -2.84        |
|    explained_variance   | -1.53        |
|    learning_rate        | 0.0003       |
|    loss                 | -0.013       |
|    n_updates            | 10           |
|    policy_gradient_loss | -0.000805    |
|    reward               | 0.006641869  |
|    std                  | 1            |
|    value_loss           | 0.00979      |
------------------------------------------
EPISODE:  6
EPISODE:  7
------------------------------------------
| time/                   |              |
|    fps                  | 153          |
|    iterations           | 3            |
|    time_elapsed         | 39           |
|    total_timesteps      | 6144         |
| train/                  |              |
|    approx_kl            | 0.0020178987 |
|    clip_fraction        | 0.00962      |
|    clip_range           | 0.2          |
|    entropy_loss         | -2.83        |
|    explained_variance   | -0.0307      |
|    learning_rate        | 0.0003       |
|    loss                 | 0.0134       |
|    n_updates            | 20           |
|    policy_gradient_loss | 6.76e-05     |
|    reward               | -0.013264141 |
|    std                  | 0.991        |
|    value_loss           | 0.00584      |
------------------------------------------
EPISODE:  8
EPISODE:  9
------------------------------------------
| time/                   |              |
|    fps                  | 148          |
|    iterations           | 4            |
|    time_elapsed         | 55           |
|    total_timesteps      | 8192         |
| train/                  |              |
|    approx_kl            | 0.0041386513 |
|    clip_fraction        | 0.0231       |
|    clip_range           | 0.2          |
|    entropy_loss         | -2.82        |
|    explained_variance   | 0.139        |
|    learning_rate        | 0.0003       |
|    loss                 | 0.0288       |
|    n_updates            | 30           |
|    policy_gradient_loss | -0.000768    |
|    reward               | 0.014608829  |
|    std                  | 0.99         |
|    value_loss           | 0.00436      |
------------------------------------------
EPISODE:  10
EPISODE:  11
------------------------------------------
| time/                   |              |
|    fps                  | 145          |
|    iterations           | 5            |
|    time_elapsed         | 70           |
|    total_timesteps      | 10240        |
| train/                  |              |
|    approx_kl            | 0.007142069  |
|    clip_fraction        | 0.0501       |
|    clip_range           | 0.2          |
|    entropy_loss         | -2.81        |
|    explained_variance   | 0.165        |
|    learning_rate        | 0.0003       |
|    loss                 | -0.00714     |
|    n_updates            | 40           |
|    policy_gradient_loss | -0.0029      |
|    reward               | -0.013644838 |
|    std                  | 0.983        |
|    value_loss           | 0.00363      |
------------------------------------------
EPISODE:  12
EPISODE:  13
------------------------------------------
| time/                   |              |
|    fps                  | 141          |
|    iterations           | 6            |
|    time_elapsed         | 86           |
|    total_timesteps      | 12288        |
| train/                  |              |
|    approx_kl            | 0.0038427133 |
|    clip_fraction        | 0.0443       |
|    clip_range           | 0.2          |
|    entropy_loss         | -2.8         |
|    explained_variance   | 0.259        |
|    learning_rate        | 0.0003       |
|    loss                 | -0.0072      |
|    n_updates            | 50           |
|    policy_gradient_loss | -0.00294     |
|    reward               | -0.01080532  |
|    std                  | 0.982        |
|    value_loss           | 0.00263      |
------------------------------------------
EPISODE:  14
EPISODE:  15
-------------------------------------------
| time/                   |               |
|    fps                  | 139           |
|    iterations           | 7             |
|    time_elapsed         | 102           |
|    total_timesteps      | 14336         |
| train/                  |               |
|    approx_kl            | 0.0027981093  |
|    clip_fraction        | 0.0336        |
|    clip_range           | 0.2           |
|    entropy_loss         | -2.8          |
|    explained_variance   | 0.304         |
|    learning_rate        | 0.0003        |
|    loss                 | 0.0115        |
|    n_updates            | 60            |
|    policy_gradient_loss | -0.00218      |
|    reward               | -0.0035312804 |
|    std                  | 0.982         |
|    value_loss           | 0.00247       |
-------------------------------------------
EPISODE:  16
EPISODE:  17
-------------------------------------------
| time/                   |               |
|    fps                  | 137           |
|    iterations           | 8             |
|    time_elapsed         | 119           |
|    total_timesteps      | 16384         |
| train/                  |               |
|    approx_kl            | 0.0035427015  |
|    clip_fraction        | 0.00737       |
|    clip_range           | 0.2           |
|    entropy_loss         | -2.79         |
|    explained_variance   | 0.396         |
|    learning_rate        | 0.0003        |
|    loss                 | -0.0174       |
|    n_updates            | 70            |
|    policy_gradient_loss | 0.000156      |
|    reward               | -0.0035386772 |
|    std                  | 0.972         |
|    value_loss           | 0.00219       |
-------------------------------------------
EPISODE:  18
EPISODE:  19
------------------------------------------
| time/                   |              |
|    fps                  | 136          |
|    iterations           | 9            |
|    time_elapsed         | 135          |
|    total_timesteps      | 18432        |
| train/                  |              |
|    approx_kl            | 0.0037999216 |
|    clip_fraction        | 0.0175       |
|    clip_range           | 0.2          |
|    entropy_loss         | -2.77        |
|    explained_variance   | 0.421        |
|    learning_rate        | 0.0003       |
|    loss                 | 0.00573      |
|    n_updates            | 80           |
|    policy_gradient_loss | 5.32e-06     |
|    reward               | -0.008814454 |
|    std                  | 0.959        |
|    value_loss           | 0.00173      |
------------------------------------------
EPISODE:  20
EPISODE:  21
------------------------------------------
| time/                   |              |
|    fps                  | 133          |
|    iterations           | 10           |
|    time_elapsed         | 153          |
|    total_timesteps      | 20480        |
| train/                  |              |
|    approx_kl            | 0.0055275867 |
|    clip_fraction        | 0.0471       |
|    clip_range           | 0.2          |
|    entropy_loss         | -2.75        |
|    explained_variance   | 0.46         |
|    learning_rate        | 0.0003       |
|    loss                 | -0.00179     |
|    n_updates            | 90           |
|    policy_gradient_loss | -0.00299     |
|    reward               | -0.014435759 |
|    std                  | 0.957        |
|    value_loss           | 0.00174      |
------------------------------------------
EPISODE:  22
EPISODE:  23
------------------------------------------
| time/                   |              |
|    fps                  | 130          |
|    iterations           | 11           |
|    time_elapsed         | 172          |
|    total_timesteps      | 22528        |
| train/                  |              |
|    approx_kl            | 0.0022611343 |
|    clip_fraction        | 0.0102       |
|    clip_range           | 0.2          |
|    entropy_loss         | -2.75        |
|    explained_variance   | 0.498        |
|    learning_rate        | 0.0003       |
|    loss                 | -0.00761     |
|    n_updates            | 100          |
|    policy_gradient_loss | 0.00046      |
|    reward               | -0.014941434 |
|    std                  | 0.954        |
|    value_loss           | 0.00144      |
------------------------------------------
EPISODE:  24
EPISODE:  25
-------------------------------------------
| time/                   |               |
|    fps                  | 129           |
|    iterations           | 12            |
|    time_elapsed         | 189           |
|    total_timesteps      | 24576         |
| train/                  |               |
|    approx_kl            | 0.005159632   |
|    clip_fraction        | 0.0224        |
|    clip_range           | 0.2           |
|    entropy_loss         | -2.72         |
|    explained_variance   | 0.518         |
|    learning_rate        | 0.0003        |
|    loss                 | 0.00216       |
|    n_updates            | 110           |
|    policy_gradient_loss | -0.00157      |
|    reward               | -0.0122640785 |
|    std                  | 0.935         |
|    value_loss           | 0.00138       |
-------------------------------------------
EPISODE:  26
EPISODE:  27
------------------------------------------
| time/                   |              |
|    fps                  | 129          |
|    iterations           | 13           |
|    time_elapsed         | 205          |
|    total_timesteps      | 26624        |
| train/                  |              |
|    approx_kl            | 0.0011016238 |
|    clip_fraction        | 0.00576      |
|    clip_range           | 0.2          |
|    entropy_loss         | -2.7         |
|    explained_variance   | 0.519        |
|    learning_rate        | 0.0003       |
|    loss                 | 0.00335      |
|    n_updates            | 120          |
|    policy_gradient_loss | 0.000112     |
|    reward               | 0.00853887   |
|    std                  | 0.933        |
|    value_loss           | 0.00118      |
------------------------------------------
EPISODE:  28
EPISODE:  29
-------------------------------------------
| time/                   |               |
|    fps                  | 128           |
|    iterations           | 14            |
|    time_elapsed         | 223           |
|    total_timesteps      | 28672         |
| train/                  |               |
|    approx_kl            | 0.005484828   |
|    clip_fraction        | 0.0361        |
|    clip_range           | 0.2           |
|    entropy_loss         | -2.69         |
|    explained_variance   | 0.555         |
|    learning_rate        | 0.0003        |
|    loss                 | -0.00747      |
|    n_updates            | 130           |
|    policy_gradient_loss | -0.00191      |
|    reward               | -0.0010337393 |
|    std                  | 0.927         |
|    value_loss           | 0.0011        |
-------------------------------------------
EPISODE:  30
EPISODE:  31
------------------------------------------
| time/                   |              |
|    fps                  | 127          |
|    iterations           | 15           |
|    time_elapsed         | 241          |
|    total_timesteps      | 30720        |
| train/                  |              |
|    approx_kl            | 0.0046992023 |
|    clip_fraction        | 0.0468       |
|    clip_range           | 0.2          |
|    entropy_loss         | -2.67        |
|    explained_variance   | 0.549        |
|    learning_rate        | 0.0003       |
|    loss                 | 0.0147       |
|    n_updates            | 140          |
|    policy_gradient_loss | -0.0027      |
|    reward               | -0.006436944 |
|    std                  | 0.916        |
|    value_loss           | 0.00118      |
------------------------------------------
EPISODE:  32
EPISODE:  33
EPISODE:  34
------------------------------------------
| time/                   |              |
|    fps                  | 125          |
|    iterations           | 16           |
|    time_elapsed         | 260          |
|    total_timesteps      | 32768        |
| train/                  |              |
|    approx_kl            | 0.0023320974 |
|    clip_fraction        | 0.0149       |
|    clip_range           | 0.2          |
|    entropy_loss         | -2.66        |
|    explained_variance   | 0.57         |
|    learning_rate        | 0.0003       |
|    loss                 | -0.0128      |
|    n_updates            | 150          |
|    policy_gradient_loss | -0.000455    |
|    reward               | 0.0019985936 |
|    std                  | 0.911        |
|    value_loss           | 0.00127      |
------------------------------------------
EPISODE:  35
EPISODE:  36
-----------------------------------------
| time/                   |             |
|    fps                  | 124         |
|    iterations           | 17          |
|    time_elapsed         | 279         |
|    total_timesteps      | 34816       |
| train/                  |             |
|    approx_kl            | 0.004347867 |
|    clip_fraction        | 0.03        |
|    clip_range           | 0.2         |
|    entropy_loss         | -2.64       |
|    explained_variance   | 0.582       |
|    learning_rate        | 0.0003      |
|    loss                 | 0.00873     |
|    n_updates            | 160         |
|    policy_gradient_loss | -0.00205    |
|    reward               | 0.004747693 |
|    std                  | 0.899       |
|    value_loss           | 0.00122     |
-----------------------------------------
EPISODE:  37
EPISODE:  38
------------------------------------------
| time/                   |              |
|    fps                  | 123          |
|    iterations           | 18           |
|    time_elapsed         | 298          |
|    total_timesteps      | 36864        |
| train/                  |              |
|    approx_kl            | 0.0058974144 |
|    clip_fraction        | 0.0341       |
|    clip_range           | 0.2          |
|    entropy_loss         | -2.62        |
|    explained_variance   | 0.647        |
|    learning_rate        | 0.0003       |
|    loss                 | -0.00904     |
|    n_updates            | 170          |
|    policy_gradient_loss | -0.00252     |
|    reward               | -0.011925916 |
|    std                  | 0.897        |
|    value_loss           | 0.0011       |
------------------------------------------
EPISODE:  39
EPISODE:  40
-----------------------------------------
| time/                   |             |
|    fps                  | 122         |
|    iterations           | 19          |
|    time_elapsed         | 317         |
|    total_timesteps      | 38912       |
| train/                  |             |
|    approx_kl            | 0.005349085 |
|    clip_fraction        | 0.0388      |
|    clip_range           | 0.2         |
|    entropy_loss         | -2.61       |
|    explained_variance   | 0.682       |
|    learning_rate        | 0.0003      |
|    loss                 | 0.0219      |
|    n_updates            | 180         |
|    policy_gradient_loss | -0.0028     |
|    reward               | 0.01399249  |
|    std                  | 0.887       |
|    value_loss           | 0.000967    |
-----------------------------------------
EPISODE:  41
EPISODE:  42
------------------------------------------
| time/                   |              |
|    fps                  | 121          |
|    iterations           | 20           |
|    time_elapsed         | 336          |
|    total_timesteps      | 40960        |
| train/                  |              |
|    approx_kl            | 0.0033520637 |
|    clip_fraction        | 0.0199       |
|    clip_range           | 0.2          |
|    entropy_loss         | -2.6         |
|    explained_variance   | 0.6          |
|    learning_rate        | 0.0003       |
|    loss                 | 0.0171       |
|    n_updates            | 190          |
|    policy_gradient_loss | -0.00022     |
|    reward               | 0.014464237  |
|    std                  | 0.889        |
|    value_loss           | 0.0012       |
------------------------------------------
EPISODE:  43
EPISODE:  44
------------------------------------------
| time/                   |              |
|    fps                  | 120          |
|    iterations           | 21           |
|    time_elapsed         | 357          |
|    total_timesteps      | 43008        |
| train/                  |              |
|    approx_kl            | 0.0038219104 |
|    clip_fraction        | 0.0285       |
|    clip_range           | 0.2          |
|    entropy_loss         | -2.6         |
|    explained_variance   | 0.614        |
|    learning_rate        | 0.0003       |
|    loss                 | -0.0133      |
|    n_updates            | 200          |
|    policy_gradient_loss | -0.00234     |
|    reward               | 0.012312975  |
|    std                  | 0.887        |
|    value_loss           | 0.00103      |
------------------------------------------
EPISODE:  45
EPISODE:  46
------------------------------------------
| time/                   |              |
|    fps                  | 119          |
|    iterations           | 22           |
|    time_elapsed         | 376          |
|    total_timesteps      | 45056        |
| train/                  |              |
|    approx_kl            | 0.0077696443 |
|    clip_fraction        | 0.0606       |
|    clip_range           | 0.2          |
|    entropy_loss         | -2.58        |
|    explained_variance   | 0.601        |
|    learning_rate        | 0.0003       |
|    loss                 | 0.0168       |
|    n_updates            | 210          |
|    policy_gradient_loss | -0.00433     |
|    reward               | 0.005498759  |
|    std                  | 0.879        |
|    value_loss           | 0.00116      |
------------------------------------------
EPISODE:  47
EPISODE:  48
-------------------------------------------
| time/                   |               |
|    fps                  | 119           |
|    iterations           | 23            |
|    time_elapsed         | 395           |
|    total_timesteps      | 47104         |
| train/                  |               |
|    approx_kl            | 0.002354712   |
|    clip_fraction        | 0.00547       |
|    clip_range           | 0.2           |
|    entropy_loss         | -2.58         |
|    explained_variance   | 0.617         |
|    learning_rate        | 0.0003        |
|    loss                 | 0.00151       |
|    n_updates            | 220           |
|    policy_gradient_loss | 0.000433      |
|    reward               | -0.0010713692 |
|    std                  | 0.88          |
|    value_loss           | 0.00115       |
-------------------------------------------
EPISODE:  49
EPISODE:  50
------------------------------------------
| time/                   |              |
|    fps                  | 118          |
|    iterations           | 24           |
|    time_elapsed         | 414          |
|    total_timesteps      | 49152        |
| train/                  |              |
|    approx_kl            | 0.002904055  |
|    clip_fraction        | 0.0167       |
|    clip_range           | 0.2          |
|    entropy_loss         | -2.58        |
|    explained_variance   | 0.674        |
|    learning_rate        | 0.0003       |
|    loss                 | 0.00392      |
|    n_updates            | 230          |
|    policy_gradient_loss | -0.00078     |
|    reward               | 0.0070679206 |
|    std                  | 0.877        |
|    value_loss           | 0.000971     |
------------------------------------------
EPISODE:  51
EPISODE:  52
------------------------------------------
| time/                   |              |
|    fps                  | 118          |
|    iterations           | 25           |
|    time_elapsed         | 433          |
|    total_timesteps      | 51200        |
| train/                  |              |
|    approx_kl            | 0.003637999  |
|    clip_fraction        | 0.0164       |
|    clip_range           | 0.2          |
|    entropy_loss         | -2.57        |
|    explained_variance   | 0.659        |
|    learning_rate        | 0.0003       |
|    loss                 | 0.00755      |
|    n_updates            | 240          |
|    policy_gradient_loss | -6.81e-05    |
|    reward               | -0.013526918 |
|    std                  | 0.873        |
|    value_loss           | 0.00108      |
------------------------------------------
Saved episode log to Results\250619_hc_binary_udp\ppo\periodic\training_logs\10.csv
