EPISODE:  0
{'n_steps': 5, 'ent_coef': 0.005, 'learning_rate': 0.0002}
Using cpu device
EPISODE:  1
----------------------------------------
| time/                 |              |
|    fps                | 63           |
|    iterations         | 100          |
|    time_elapsed       | 7            |
|    total_timesteps    | 500          |
| train/                |              |
|    entropy_loss       | -2.86        |
|    explained_variance | -24.8        |
|    learning_rate      | 0.0002       |
|    n_updates          | 99           |
|    policy_loss        | -0.827       |
|    reward             | 0.0019723752 |
|    std                | 1.01         |
|    value_loss         | 0.116        |
----------------------------------------
EPISODE:  2
-----------------------------------------
| time/                 |               |
|    fps                | 65            |
|    iterations         | 200           |
|    time_elapsed       | 15            |
|    total_timesteps    | 1000          |
| train/                |               |
|    entropy_loss       | -2.87         |
|    explained_variance | 0.727         |
|    learning_rate      | 0.0002        |
|    n_updates          | 199           |
|    policy_loss        | 0.219         |
|    reward             | -0.0073115462 |
|    std                | 1.01          |
|    value_loss         | 0.0124        |
-----------------------------------------
---------------------------------------
| time/                 |             |
|    fps                | 65          |
|    iterations         | 300         |
|    time_elapsed       | 22          |
|    total_timesteps    | 1500        |
| train/                |             |
|    entropy_loss       | -2.88       |
|    explained_variance | -88         |
|    learning_rate      | 0.0002      |
|    n_updates          | 299         |
|    policy_loss        | -0.291      |
|    reward             | 0.018380092 |
|    std                | 1.02        |
|    value_loss         | 0.021       |
---------------------------------------
EPISODE:  3
---------------------------------------
| time/                 |             |
|    fps                | 65          |
|    iterations         | 400         |
|    time_elapsed       | 30          |
|    total_timesteps    | 2000        |
| train/                |             |
|    entropy_loss       | -2.89       |
|    explained_variance | 0.505       |
|    learning_rate      | 0.0002      |
|    n_updates          | 399         |
|    policy_loss        | -0.00224    |
|    reward             | 0.021779204 |
|    std                | 1.02        |
|    value_loss         | 9.42e-05    |
---------------------------------------
----------------------------------------
| time/                 |              |
|    fps                | 65           |
|    iterations         | 500          |
|    time_elapsed       | 38           |
|    total_timesteps    | 2500         |
| train/                |              |
|    entropy_loss       | -2.89        |
|    explained_variance | -0.0603      |
|    learning_rate      | 0.0002       |
|    n_updates          | 499          |
|    policy_loss        | 0.0785       |
|    reward             | -0.031058315 |
|    std                | 1.03         |
|    value_loss         | 0.00153      |
----------------------------------------
EPISODE:  4
----------------------------------------
| time/                 |              |
|    fps                | 65           |
|    iterations         | 600          |
|    time_elapsed       | 45           |
|    total_timesteps    | 3000         |
| train/                |              |
|    entropy_loss       | -2.9         |
|    explained_variance | 0.351        |
|    learning_rate      | 0.0002       |
|    n_updates          | 599          |
|    policy_loss        | 0.0399       |
|    reward             | -0.023144826 |
|    std                | 1.03         |
|    value_loss         | 0.000252     |
----------------------------------------
----------------------------------------
| time/                 |              |
|    fps                | 65           |
|    iterations         | 700          |
|    time_elapsed       | 53           |
|    total_timesteps    | 3500         |
| train/                |              |
|    entropy_loss       | -2.91        |
|    explained_variance | 4.91e-05     |
|    learning_rate      | 0.0002       |
|    n_updates          | 699          |
|    policy_loss        | 8.57e-05     |
|    reward             | -0.001949872 |
|    std                | 1.04         |
|    value_loss         | 0.000174     |
----------------------------------------
EPISODE:  5
---------------------------------------
| time/                 |             |
|    fps                | 65          |
|    iterations         | 800         |
|    time_elapsed       | 61          |
|    total_timesteps    | 4000        |
| train/                |             |
|    entropy_loss       | -2.91       |
|    explained_variance | 0.197       |
|    learning_rate      | 0.0002      |
|    n_updates          | 799         |
|    policy_loss        | 0.0685      |
|    reward             | 0.028166164 |
|    std                | 1.04        |
|    value_loss         | 0.00106     |
---------------------------------------
---------------------------------------
| time/                 |             |
|    fps                | 65          |
|    iterations         | 900         |
|    time_elapsed       | 69          |
|    total_timesteps    | 4500        |
| train/                |             |
|    entropy_loss       | -2.92       |
|    explained_variance | -0.0429     |
|    learning_rate      | 0.0002      |
|    n_updates          | 899         |
|    policy_loss        | -0.055      |
|    reward             | 0.047278725 |
|    std                | 1.04        |
|    value_loss         | 0.000653    |
---------------------------------------
EPISODE:  6
----------------------------------------
| time/                 |              |
|    fps                | 65           |
|    iterations         | 1000         |
|    time_elapsed       | 76           |
|    total_timesteps    | 5000         |
| train/                |              |
|    entropy_loss       | -2.93        |
|    explained_variance | -0.0319      |
|    learning_rate      | 0.0002       |
|    n_updates          | 999          |
|    policy_loss        | -0.0611      |
|    reward             | -0.013321476 |
|    std                | 1.05         |
|    value_loss         | 0.00105      |
----------------------------------------
----------------------------------------
| time/                 |              |
|    fps                | 65           |
|    iterations         | 1100         |
|    time_elapsed       | 84           |
|    total_timesteps    | 5500         |
| train/                |              |
|    entropy_loss       | -2.94        |
|    explained_variance | -0.44        |
|    learning_rate      | 0.0002       |
|    n_updates          | 1099         |
|    policy_loss        | 0.0403       |
|    reward             | -0.006106989 |
|    std                | 1.05         |
|    value_loss         | 0.000557     |
----------------------------------------
EPISODE:  7
---------------------------------------
| time/                 |             |
|    fps                | 65          |
|    iterations         | 1200        |
|    time_elapsed       | 92          |
|    total_timesteps    | 6000        |
| train/                |             |
|    entropy_loss       | -2.95       |
|    explained_variance | -0.00195    |
|    learning_rate      | 0.0002      |
|    n_updates          | 1199        |
|    policy_loss        | 0.0606      |
|    reward             | 0.020905094 |
|    std                | 1.06        |
|    value_loss         | 0.00061     |
---------------------------------------
----------------------------------------
| time/                 |              |
|    fps                | 65           |
|    iterations         | 1300         |
|    time_elapsed       | 99           |
|    total_timesteps    | 6500         |
| train/                |              |
|    entropy_loss       | -2.96        |
|    explained_variance | -0.00274     |
|    learning_rate      | 0.0002       |
|    n_updates          | 1299         |
|    policy_loss        | 0.0356       |
|    reward             | -0.018593235 |
|    std                | 1.06         |
|    value_loss         | 0.000113     |
----------------------------------------
EPISODE:  8
---------------------------------------
| time/                 |             |
|    fps                | 65          |
|    iterations         | 1400        |
|    time_elapsed       | 107         |
|    total_timesteps    | 7000        |
| train/                |             |
|    entropy_loss       | -2.97       |
|    explained_variance | 0.285       |
|    learning_rate      | 0.0002      |
|    n_updates          | 1399        |
|    policy_loss        | -0.0288     |
|    reward             | 0.032270487 |
|    std                | 1.07        |
|    value_loss         | 0.000224    |
---------------------------------------
---------------------------------------
| time/                 |             |
|    fps                | 65          |
|    iterations         | 1500        |
|    time_elapsed       | 114         |
|    total_timesteps    | 7500        |
| train/                |             |
|    entropy_loss       | -2.98       |
|    explained_variance | -0.00293    |
|    learning_rate      | 0.0002      |
|    n_updates          | 1499        |
|    policy_loss        | 0.0467      |
|    reward             | 0.035131782 |
|    std                | 1.07        |
|    value_loss         | 0.000494    |
---------------------------------------
EPISODE:  9
-----------------------------------------
| time/                 |               |
|    fps                | 65            |
|    iterations         | 1600          |
|    time_elapsed       | 122           |
|    total_timesteps    | 8000          |
| train/                |               |
|    entropy_loss       | -2.99         |
|    explained_variance | -0.327        |
|    learning_rate      | 0.0002        |
|    n_updates          | 1599          |
|    policy_loss        | 0.2           |
|    reward             | -0.0033876866 |
|    std                | 1.08          |
|    value_loss         | 0.00971       |
-----------------------------------------
----------------------------------------
| time/                 |              |
|    fps                | 65           |
|    iterations         | 1700         |
|    time_elapsed       | 130          |
|    total_timesteps    | 8500         |
| train/                |              |
|    entropy_loss       | -2.99        |
|    explained_variance | 0.628        |
|    learning_rate      | 0.0002       |
|    n_updates          | 1699         |
|    policy_loss        | -0.0682      |
|    reward             | 0.0078001926 |
|    std                | 1.08         |
|    value_loss         | 0.000707     |
----------------------------------------
EPISODE:  10
---------------------------------------
| time/                 |             |
|    fps                | 65          |
|    iterations         | 1800        |
|    time_elapsed       | 137         |
|    total_timesteps    | 9000        |
| train/                |             |
|    entropy_loss       | -3          |
|    explained_variance | 0.011       |
|    learning_rate      | 0.0002      |
|    n_updates          | 1799        |
|    policy_loss        | 0.00233     |
|    reward             | 0.011329042 |
|    std                | 1.08        |
|    value_loss         | 0.000327    |
---------------------------------------
----------------------------------------
| time/                 |              |
|    fps                | 65           |
|    iterations         | 1900         |
|    time_elapsed       | 145          |
|    total_timesteps    | 9500         |
| train/                |              |
|    entropy_loss       | -3           |
|    explained_variance | 0.00538      |
|    learning_rate      | 0.0002       |
|    n_updates          | 1899         |
|    policy_loss        | 0.174        |
|    reward             | -0.015992418 |
|    std                | 1.09         |
|    value_loss         | 0.00296      |
----------------------------------------
EPISODE:  11
----------------------------------------
| time/                 |              |
|    fps                | 65           |
|    iterations         | 2000         |
|    time_elapsed       | 152          |
|    total_timesteps    | 10000        |
| train/                |              |
|    entropy_loss       | -3.01        |
|    explained_variance | -0.0278      |
|    learning_rate      | 0.0002       |
|    n_updates          | 1999         |
|    policy_loss        | 0.0496       |
|    reward             | 0.0011028768 |
|    std                | 1.09         |
|    value_loss         | 0.000689     |
----------------------------------------
----------------------------------------
| time/                 |              |
|    fps                | 65           |
|    iterations         | 2100         |
|    time_elapsed       | 160          |
|    total_timesteps    | 10500        |
| train/                |              |
|    entropy_loss       | -3.02        |
|    explained_variance | 0.0856       |
|    learning_rate      | 0.0002       |
|    n_updates          | 2099         |
|    policy_loss        | -0.000503    |
|    reward             | -0.007854854 |
|    std                | 1.1          |
|    value_loss         | 0.000112     |
----------------------------------------
EPISODE:  12
-----------------------------------------
| time/                 |               |
|    fps                | 65            |
|    iterations         | 2200          |
|    time_elapsed       | 168           |
|    total_timesteps    | 11000         |
| train/                |               |
|    entropy_loss       | -3.03         |
|    explained_variance | -0.00985      |
|    learning_rate      | 0.0002        |
|    n_updates          | 2199          |
|    policy_loss        | -0.0608       |
|    reward             | -0.0045016585 |
|    std                | 1.1           |
|    value_loss         | 0.000812      |
-----------------------------------------
----------------------------------------
| time/                 |              |
|    fps                | 65           |
|    iterations         | 2300         |
|    time_elapsed       | 175          |
|    total_timesteps    | 11500        |
| train/                |              |
|    entropy_loss       | -3.04        |
|    explained_variance | 0.133        |
|    learning_rate      | 0.0002       |
|    n_updates          | 2299         |
|    policy_loss        | 0.0327       |
|    reward             | -0.023609914 |
|    std                | 1.11         |
|    value_loss         | 0.000218     |
----------------------------------------
EPISODE:  13
------------------------------------------
| time/                 |                |
|    fps                | 65             |
|    iterations         | 2400           |
|    time_elapsed       | 183            |
|    total_timesteps    | 12000          |
| train/                |                |
|    entropy_loss       | -3.05          |
|    explained_variance | -0.0136        |
|    learning_rate      | 0.0002         |
|    n_updates          | 2399           |
|    policy_loss        | 0.0687         |
|    reward             | -0.00030581135 |
|    std                | 1.11           |
|    value_loss         | 0.00088        |
------------------------------------------
----------------------------------------
| time/                 |              |
|    fps                | 65           |
|    iterations         | 2500         |
|    time_elapsed       | 191          |
|    total_timesteps    | 12500        |
| train/                |              |
|    entropy_loss       | -3.06        |
|    explained_variance | 0.427        |
|    learning_rate      | 0.0002       |
|    n_updates          | 2499         |
|    policy_loss        | 0.0313       |
|    reward             | 0.0031929826 |
|    std                | 1.12         |
|    value_loss         | 0.000328     |
----------------------------------------
EPISODE:  14
---------------------------------------
| time/                 |             |
|    fps                | 65          |
|    iterations         | 2600        |
|    time_elapsed       | 198         |
|    total_timesteps    | 13000       |
| train/                |             |
|    entropy_loss       | -3.07       |
|    explained_variance | -0.0227     |
|    learning_rate      | 0.0002      |
|    n_updates          | 2599        |
|    policy_loss        | 0.0881      |
|    reward             | 0.045828205 |
|    std                | 1.12        |
|    value_loss         | 0.00106     |
---------------------------------------
--------------------------------------
| time/                 |            |
|    fps                | 65         |
|    iterations         | 2700       |
|    time_elapsed       | 206        |
|    total_timesteps    | 13500      |
| train/                |            |
|    entropy_loss       | -3.08      |
|    explained_variance | 0.186      |
|    learning_rate      | 0.0002     |
|    n_updates          | 2699       |
|    policy_loss        | -0.0338    |
|    reward             | -0.0091819 |
|    std                | 1.13       |
|    value_loss         | 0.000163   |
--------------------------------------
EPISODE:  15
----------------------------------------
| time/                 |              |
|    fps                | 65           |
|    iterations         | 2800         |
|    time_elapsed       | 214          |
|    total_timesteps    | 14000        |
| train/                |              |
|    entropy_loss       | -3.09        |
|    explained_variance | 0.0538       |
|    learning_rate      | 0.0002       |
|    n_updates          | 2799         |
|    policy_loss        | 0.0195       |
|    reward             | -0.017238177 |
|    std                | 1.13         |
|    value_loss         | 0.000237     |
----------------------------------------
---------------------------------------
| time/                 |             |
|    fps                | 65          |
|    iterations         | 2900        |
|    time_elapsed       | 222         |
|    total_timesteps    | 14500       |
| train/                |             |
|    entropy_loss       | -3.1        |
|    explained_variance | -2.04       |
|    learning_rate      | 0.0002      |
|    n_updates          | 2899        |
|    policy_loss        | -0.0685     |
|    reward             | -0.01905814 |
|    std                | 1.14        |
|    value_loss         | 0.00162     |
---------------------------------------
EPISODE:  16
----------------------------------------
| time/                 |              |
|    fps                | 65           |
|    iterations         | 3000         |
|    time_elapsed       | 229          |
|    total_timesteps    | 15000        |
| train/                |              |
|    entropy_loss       | -3.11        |
|    explained_variance | 0.237        |
|    learning_rate      | 0.0002       |
|    n_updates          | 2999         |
|    policy_loss        | 0.0353       |
|    reward             | -0.004703705 |
|    std                | 1.15         |
|    value_loss         | 0.000198     |
----------------------------------------
----------------------------------------
| time/                 |              |
|    fps                | 65           |
|    iterations         | 3100         |
|    time_elapsed       | 237          |
|    total_timesteps    | 15500        |
| train/                |              |
|    entropy_loss       | -3.12        |
|    explained_variance | -0.133       |
|    learning_rate      | 0.0002       |
|    n_updates          | 3099         |
|    policy_loss        | -0.0127      |
|    reward             | -0.028644595 |
|    std                | 1.15         |
|    value_loss         | 0.000377     |
----------------------------------------
EPISODE:  17
---------------------------------------
| time/                 |             |
|    fps                | 65          |
|    iterations         | 3200        |
|    time_elapsed       | 244         |
|    total_timesteps    | 16000       |
| train/                |             |
|    entropy_loss       | -3.13       |
|    explained_variance | 0.067       |
|    learning_rate      | 0.0002      |
|    n_updates          | 3199        |
|    policy_loss        | -0.0507     |
|    reward             | -0.01252144 |
|    std                | 1.16        |
|    value_loss         | 0.000578    |
---------------------------------------
-----------------------------------------
| time/                 |               |
|    fps                | 65            |
|    iterations         | 3300          |
|    time_elapsed       | 252           |
|    total_timesteps    | 16500         |
| train/                |               |
|    entropy_loss       | -3.13         |
|    explained_variance | 0.452         |
|    learning_rate      | 0.0002        |
|    n_updates          | 3299          |
|    policy_loss        | -0.105        |
|    reward             | -0.0043682056 |
|    std                | 1.16          |
|    value_loss         | 0.00188       |
-----------------------------------------
EPISODE:  18
---------------------------------------
| time/                 |             |
|    fps                | 65          |
|    iterations         | 3400        |
|    time_elapsed       | 260         |
|    total_timesteps    | 17000       |
| train/                |             |
|    entropy_loss       | -3.14       |
|    explained_variance | -0.0845     |
|    learning_rate      | 0.0002      |
|    n_updates          | 3399        |
|    policy_loss        | 0.0956      |
|    reward             | 0.016882619 |
|    std                | 1.16        |
|    value_loss         | 0.000825    |
---------------------------------------
----------------------------------------
| time/                 |              |
|    fps                | 65           |
|    iterations         | 3500         |
|    time_elapsed       | 268          |
|    total_timesteps    | 17500        |
| train/                |              |
|    entropy_loss       | -3.15        |
|    explained_variance | -0.373       |
|    learning_rate      | 0.0002       |
|    n_updates          | 3499         |
|    policy_loss        | -0.235       |
|    reward             | -0.009887968 |
|    std                | 1.17         |
|    value_loss         | 0.00638      |
----------------------------------------
EPISODE:  19
----------------------------------------
| time/                 |              |
|    fps                | 65           |
|    iterations         | 3600         |
|    time_elapsed       | 275          |
|    total_timesteps    | 18000        |
| train/                |              |
|    entropy_loss       | -3.16        |
|    explained_variance | 0.0622       |
|    learning_rate      | 0.0002       |
|    n_updates          | 3599         |
|    policy_loss        | 0.0215       |
|    reward             | -0.016650118 |
|    std                | 1.18         |
|    value_loss         | 0.000364     |
----------------------------------------
---------------------------------------
| time/                 |             |
|    fps                | 65          |
|    iterations         | 3700        |
|    time_elapsed       | 283         |
|    total_timesteps    | 18500       |
| train/                |             |
|    entropy_loss       | -3.17       |
|    explained_variance | -0.0127     |
|    learning_rate      | 0.0002      |
|    n_updates          | 3699        |
|    policy_loss        | -0.0488     |
|    reward             | 0.026260594 |
|    std                | 1.18        |
|    value_loss         | 0.000287    |
---------------------------------------
EPISODE:  20
---------------------------------------
| time/                 |             |
|    fps                | 65          |
|    iterations         | 3800        |
|    time_elapsed       | 291         |
|    total_timesteps    | 19000       |
| train/                |             |
|    entropy_loss       | -3.17       |
|    explained_variance | -0.73       |
|    learning_rate      | 0.0002      |
|    n_updates          | 3799        |
|    policy_loss        | 0.0284      |
|    reward             | 0.056966893 |
|    std                | 1.18        |
|    value_loss         | 0.000344    |
---------------------------------------
----------------------------------------
| time/                 |              |
|    fps                | 65           |
|    iterations         | 3900         |
|    time_elapsed       | 298          |
|    total_timesteps    | 19500        |
| train/                |              |
|    entropy_loss       | -3.17        |
|    explained_variance | 0.467        |
|    learning_rate      | 0.0002       |
|    n_updates          | 3899         |
|    policy_loss        | -0.0967      |
|    reward             | -0.026783502 |
|    std                | 1.18         |
|    value_loss         | 0.00158      |
----------------------------------------
EPISODE:  21
---------------------------------------
| time/                 |             |
|    fps                | 65          |
|    iterations         | 4000        |
|    time_elapsed       | 306         |
|    total_timesteps    | 20000       |
| train/                |             |
|    entropy_loss       | -3.18       |
|    explained_variance | -0.256      |
|    learning_rate      | 0.0002      |
|    n_updates          | 3999        |
|    policy_loss        | 0.0167      |
|    reward             | -0.01580957 |
|    std                | 1.19        |
|    value_loss         | 0.000818    |
---------------------------------------
---------------------------------------
| time/                 |             |
|    fps                | 65          |
|    iterations         | 4100        |
|    time_elapsed       | 314         |
|    total_timesteps    | 20500       |
| train/                |             |
|    entropy_loss       | -3.19       |
|    explained_variance | 0.129       |
|    learning_rate      | 0.0002      |
|    n_updates          | 4099        |
|    policy_loss        | 0.013       |
|    reward             | 0.015335601 |
|    std                | 1.19        |
|    value_loss         | 0.000202    |
---------------------------------------
EPISODE:  22
----------------------------------------
| time/                 |              |
|    fps                | 65           |
|    iterations         | 4200         |
|    time_elapsed       | 322          |
|    total_timesteps    | 21000        |
| train/                |              |
|    entropy_loss       | -3.19        |
|    explained_variance | -0.408       |
|    learning_rate      | 0.0002       |
|    n_updates          | 4199         |
|    policy_loss        | 0.145        |
|    reward             | 0.0040828143 |
|    std                | 1.2          |
|    value_loss         | 0.00114      |
----------------------------------------
---------------------------------------
| time/                 |             |
|    fps                | 65          |
|    iterations         | 4300        |
|    time_elapsed       | 330         |
|    total_timesteps    | 21500       |
| train/                |             |
|    entropy_loss       | -3.2        |
|    explained_variance | 0.851       |
|    learning_rate      | 0.0002      |
|    n_updates          | 4299        |
|    policy_loss        | -0.0167     |
|    reward             | 0.023736034 |
|    std                | 1.2         |
|    value_loss         | 6.58e-05    |
---------------------------------------
EPISODE:  23
-------------------------------------
| time/                 |           |
|    fps                | 64        |
|    iterations         | 4400      |
|    time_elapsed       | 338       |
|    total_timesteps    | 22000     |
| train/                |           |
|    entropy_loss       | -3.22     |
|    explained_variance | 0.0188    |
|    learning_rate      | 0.0002    |
|    n_updates          | 4399      |
|    policy_loss        | 0.0311    |
|    reward             | 0.0113648 |
|    std                | 1.21      |
|    value_loss         | 0.000157  |
-------------------------------------
----------------------------------------
| time/                 |              |
|    fps                | 64           |
|    iterations         | 4500         |
|    time_elapsed       | 346          |
|    total_timesteps    | 22500        |
| train/                |              |
|    entropy_loss       | -3.23        |
|    explained_variance | 0.0448       |
|    learning_rate      | 0.0002       |
|    n_updates          | 4499         |
|    policy_loss        | -0.0967      |
|    reward             | -0.024308264 |
|    std                | 1.22         |
|    value_loss         | 0.000855     |
----------------------------------------
EPISODE:  24
---------------------------------------
| time/                 |             |
|    fps                | 64          |
|    iterations         | 4600        |
|    time_elapsed       | 354         |
|    total_timesteps    | 23000       |
| train/                |             |
|    entropy_loss       | -3.24       |
|    explained_variance | 0.688       |
|    learning_rate      | 0.0002      |
|    n_updates          | 4599        |
|    policy_loss        | 0.15        |
|    reward             | 0.016310979 |
|    std                | 1.22        |
|    value_loss         | 0.00198     |
---------------------------------------
---------------------------------------
| time/                 |             |
|    fps                | 64          |
|    iterations         | 4700        |
|    time_elapsed       | 361         |
|    total_timesteps    | 23500       |
| train/                |             |
|    entropy_loss       | -3.25       |
|    explained_variance | 0.0137      |
|    learning_rate      | 0.0002      |
|    n_updates          | 4699        |
|    policy_loss        | 0.211       |
|    reward             | 0.023334116 |
|    std                | 1.23        |
|    value_loss         | 0.00536     |
---------------------------------------
EPISODE:  25
----------------------------------------
| time/                 |              |
|    fps                | 64           |
|    iterations         | 4800         |
|    time_elapsed       | 369          |
|    total_timesteps    | 24000        |
| train/                |              |
|    entropy_loss       | -3.26        |
|    explained_variance | -1.03        |
|    learning_rate      | 0.0002       |
|    n_updates          | 4799         |
|    policy_loss        | -0.0644      |
|    reward             | -0.008403132 |
|    std                | 1.23         |
|    value_loss         | 0.000663     |
----------------------------------------
----------------------------------------
| time/                 |              |
|    fps                | 64           |
|    iterations         | 4900         |
|    time_elapsed       | 377          |
|    total_timesteps    | 24500        |
| train/                |              |
|    entropy_loss       | -3.26        |
|    explained_variance | 0.12         |
|    learning_rate      | 0.0002       |
|    n_updates          | 4899         |
|    policy_loss        | 0.0062       |
|    reward             | 0.0044270796 |
|    std                | 1.24         |
|    value_loss         | 8.94e-05     |
----------------------------------------
EPISODE:  26
----------------------------------------
| time/                 |              |
|    fps                | 64           |
|    iterations         | 5000         |
|    time_elapsed       | 385          |
|    total_timesteps    | 25000        |
| train/                |              |
|    entropy_loss       | -3.27        |
|    explained_variance | 0.422        |
|    learning_rate      | 0.0002       |
|    n_updates          | 4999         |
|    policy_loss        | -0.0686      |
|    reward             | -0.011959912 |
|    std                | 1.24         |
|    value_loss         | 0.000522     |
----------------------------------------
----------------------------------------
| time/                 |              |
|    fps                | 64           |
|    iterations         | 5100         |
|    time_elapsed       | 393          |
|    total_timesteps    | 25500        |
| train/                |              |
|    entropy_loss       | -3.28        |
|    explained_variance | -0.121       |
|    learning_rate      | 0.0002       |
|    n_updates          | 5099         |
|    policy_loss        | -0.0333      |
|    reward             | -0.032511435 |
|    std                | 1.25         |
|    value_loss         | 0.000106     |
----------------------------------------
EPISODE:  27
---------------------------------------
| time/                 |             |
|    fps                | 64          |
|    iterations         | 5200        |
|    time_elapsed       | 400         |
|    total_timesteps    | 26000       |
| train/                |             |
|    entropy_loss       | -3.29       |
|    explained_variance | 0.223       |
|    learning_rate      | 0.0002      |
|    n_updates          | 5199        |
|    policy_loss        | -0.00866    |
|    reward             | 0.011161576 |
|    std                | 1.25        |
|    value_loss         | 0.000336    |
---------------------------------------
----------------------------------------
| time/                 |              |
|    fps                | 64           |
|    iterations         | 5300         |
|    time_elapsed       | 408          |
|    total_timesteps    | 26500        |
| train/                |              |
|    entropy_loss       | -3.3         |
|    explained_variance | 0.137        |
|    learning_rate      | 0.0002       |
|    n_updates          | 5299         |
|    policy_loss        | 0.0611       |
|    reward             | -0.011430541 |
|    std                | 1.26         |
|    value_loss         | 0.000474     |
----------------------------------------
EPISODE:  28
---------------------------------------
| time/                 |             |
|    fps                | 64          |
|    iterations         | 5400        |
|    time_elapsed       | 416         |
|    total_timesteps    | 27000       |
| train/                |             |
|    entropy_loss       | -3.31       |
|    explained_variance | 0.115       |
|    learning_rate      | 0.0002      |
|    n_updates          | 5399        |
|    policy_loss        | -0.0644     |
|    reward             | 0.019545805 |
|    std                | 1.27        |
|    value_loss         | 0.000587    |
---------------------------------------
----------------------------------------
| time/                 |              |
|    fps                | 64           |
|    iterations         | 5500         |
|    time_elapsed       | 423          |
|    total_timesteps    | 27500        |
| train/                |              |
|    entropy_loss       | -3.32        |
|    explained_variance | 0.0901       |
|    learning_rate      | 0.0002       |
|    n_updates          | 5499         |
|    policy_loss        | -0.00606     |
|    reward             | -0.025697738 |
|    std                | 1.27         |
|    value_loss         | 3.54e-05     |
----------------------------------------
EPISODE:  29
----------------------------------------
| time/                 |              |
|    fps                | 64           |
|    iterations         | 5600         |
|    time_elapsed       | 431          |
|    total_timesteps    | 28000        |
| train/                |              |
|    entropy_loss       | -3.33        |
|    explained_variance | 0.767        |
|    learning_rate      | 0.0002       |
|    n_updates          | 5599         |
|    policy_loss        | -0.0469      |
|    reward             | -0.017385703 |
|    std                | 1.28         |
|    value_loss         | 0.000419     |
----------------------------------------
----------------------------------------
| time/                 |              |
|    fps                | 64           |
|    iterations         | 5700         |
|    time_elapsed       | 439          |
|    total_timesteps    | 28500        |
| train/                |              |
|    entropy_loss       | -3.33        |
|    explained_variance | 0.462        |
|    learning_rate      | 0.0002       |
|    n_updates          | 5699         |
|    policy_loss        | 0.09         |
|    reward             | -0.010457691 |
|    std                | 1.28         |
|    value_loss         | 0.000927     |
----------------------------------------
EPISODE:  30
----------------------------------------
| time/                 |              |
|    fps                | 64           |
|    iterations         | 5800         |
|    time_elapsed       | 447          |
|    total_timesteps    | 29000        |
| train/                |              |
|    entropy_loss       | -3.35        |
|    explained_variance | 0.0621       |
|    learning_rate      | 0.0002       |
|    n_updates          | 5799         |
|    policy_loss        | -0.226       |
|    reward             | 0.0036213528 |
|    std                | 1.29         |
|    value_loss         | 0.00854      |
----------------------------------------
--------------------------------------
| time/                 |            |
|    fps                | 64         |
|    iterations         | 5900       |
|    time_elapsed       | 454        |
|    total_timesteps    | 29500      |
| train/                |            |
|    entropy_loss       | -3.36      |
|    explained_variance | 0.000109   |
|    learning_rate      | 0.0002     |
|    n_updates          | 5899       |
|    policy_loss        | 0.188      |
|    reward             | 0.03795141 |
|    std                | 1.3        |
|    value_loss         | 0.00346    |
--------------------------------------
EPISODE:  31
----------------------------------------
| time/                 |              |
|    fps                | 64           |
|    iterations         | 6000         |
|    time_elapsed       | 462          |
|    total_timesteps    | 30000        |
| train/                |              |
|    entropy_loss       | -3.37        |
|    explained_variance | 0.0115       |
|    learning_rate      | 0.0002       |
|    n_updates          | 5999         |
|    policy_loss        | 0.0245       |
|    reward             | 0.0023989144 |
|    std                | 1.3          |
|    value_loss         | 0.00027      |
----------------------------------------
-----------------------------------------
| time/                 |               |
|    fps                | 64            |
|    iterations         | 6100          |
|    time_elapsed       | 470           |
|    total_timesteps    | 30500         |
| train/                |               |
|    entropy_loss       | -3.37         |
|    explained_variance | 0.000197      |
|    learning_rate      | 0.0002        |
|    n_updates          | 6099          |
|    policy_loss        | 0.108         |
|    reward             | -0.0004885492 |
|    std                | 1.31          |
|    value_loss         | 0.00173       |
-----------------------------------------
EPISODE:  32
----------------------------------------
| time/                 |              |
|    fps                | 64           |
|    iterations         | 6200         |
|    time_elapsed       | 477          |
|    total_timesteps    | 31000        |
| train/                |              |
|    entropy_loss       | -3.38        |
|    explained_variance | 0.814        |
|    learning_rate      | 0.0002       |
|    n_updates          | 6199         |
|    policy_loss        | 0.0885       |
|    reward             | -0.012848182 |
|    std                | 1.31         |
|    value_loss         | 0.000608     |
----------------------------------------
---------------------------------------
| time/                 |             |
|    fps                | 64          |
|    iterations         | 6300        |
|    time_elapsed       | 485         |
|    total_timesteps    | 31500       |
| train/                |             |
|    entropy_loss       | -3.38       |
|    explained_variance | 0.356       |
|    learning_rate      | 0.0002      |
|    n_updates          | 6299        |
|    policy_loss        | -0.0186     |
|    reward             | 0.010235631 |
|    std                | 1.31        |
|    value_loss         | 7.49e-05    |
---------------------------------------
EPISODE:  33
---------------------------------------
| time/                 |             |
|    fps                | 64          |
|    iterations         | 6400        |
|    time_elapsed       | 493         |
|    total_timesteps    | 32000       |
| train/                |             |
|    entropy_loss       | -3.4        |
|    explained_variance | 0.0674      |
|    learning_rate      | 0.0002      |
|    n_updates          | 6399        |
|    policy_loss        | -0.0832     |
|    reward             | 0.019173492 |
|    std                | 1.32        |
|    value_loss         | 0.000481    |
---------------------------------------
-----------------------------------------
| time/                 |               |
|    fps                | 64            |
|    iterations         | 6500          |
|    time_elapsed       | 500           |
|    total_timesteps    | 32500         |
| train/                |               |
|    entropy_loss       | -3.4          |
|    explained_variance | -0.199        |
|    learning_rate      | 0.0002        |
|    n_updates          | 6499          |
|    policy_loss        | 0.114         |
|    reward             | 0.00020891875 |
|    std                | 1.33          |
|    value_loss         | 0.00153       |
-----------------------------------------
EPISODE:  34
----------------------------------------
| time/                 |              |
|    fps                | 64           |
|    iterations         | 6600         |
|    time_elapsed       | 508          |
|    total_timesteps    | 33000        |
| train/                |              |
|    entropy_loss       | -3.41        |
|    explained_variance | 0.634        |
|    learning_rate      | 0.0002       |
|    n_updates          | 6599         |
|    policy_loss        | 0.00445      |
|    reward             | 0.0033521536 |
|    std                | 1.33         |
|    value_loss         | 0.000121     |
----------------------------------------
-----------------------------------------
| time/                 |               |
|    fps                | 64            |
|    iterations         | 6700          |
|    time_elapsed       | 516           |
|    total_timesteps    | 33500         |
| train/                |               |
|    entropy_loss       | -3.43         |
|    explained_variance | 0.053         |
|    learning_rate      | 0.0002        |
|    n_updates          | 6699          |
|    policy_loss        | 0.053         |
|    reward             | -0.0051700315 |
|    std                | 1.34          |
|    value_loss         | 0.000291      |
-----------------------------------------
EPISODE:  35
----------------------------------------
| time/                 |              |
|    fps                | 64           |
|    iterations         | 6800         |
|    time_elapsed       | 523          |
|    total_timesteps    | 34000        |
| train/                |              |
|    entropy_loss       | -3.44        |
|    explained_variance | 0.506        |
|    learning_rate      | 0.0002       |
|    n_updates          | 6799         |
|    policy_loss        | 0.0161       |
|    reward             | -0.027480384 |
|    std                | 1.35         |
|    value_loss         | 7.4e-05      |
----------------------------------------
----------------------------------------
| time/                 |              |
|    fps                | 65           |
|    iterations         | 6900         |
|    time_elapsed       | 530          |
|    total_timesteps    | 34500        |
| train/                |              |
|    entropy_loss       | -3.45        |
|    explained_variance | -0.0034      |
|    learning_rate      | 0.0002       |
|    n_updates          | 6899         |
|    policy_loss        | -0.0127      |
|    reward             | -0.021872666 |
|    std                | 1.36         |
|    value_loss         | 8.61e-05     |
----------------------------------------
EPISODE:  36
---------------------------------------
| time/                 |             |
|    fps                | 65          |
|    iterations         | 7000        |
|    time_elapsed       | 536         |
|    total_timesteps    | 35000       |
| train/                |             |
|    entropy_loss       | -3.45       |
|    explained_variance | 0.478       |
|    learning_rate      | 0.0002      |
|    n_updates          | 6999        |
|    policy_loss        | -0.0095     |
|    reward             | 0.043778963 |
|    std                | 1.36        |
|    value_loss         | 9.3e-05     |
---------------------------------------
----------------------------------------
| time/                 |              |
|    fps                | 65           |
|    iterations         | 7100         |
|    time_elapsed       | 541          |
|    total_timesteps    | 35500        |
| train/                |              |
|    entropy_loss       | -3.46        |
|    explained_variance | -0.233       |
|    learning_rate      | 0.0002       |
|    n_updates          | 7099         |
|    policy_loss        | 0.0735       |
|    reward             | -0.006237238 |
|    std                | 1.37         |
|    value_loss         | 0.000527     |
----------------------------------------
EPISODE:  37
----------------------------------------
| time/                 |              |
|    fps                | 65           |
|    iterations         | 7200         |
|    time_elapsed       | 546          |
|    total_timesteps    | 36000        |
| train/                |              |
|    entropy_loss       | -3.47        |
|    explained_variance | 0.432        |
|    learning_rate      | 0.0002       |
|    n_updates          | 7199         |
|    policy_loss        | 0.0448       |
|    reward             | 0.0025192592 |
|    std                | 1.37         |
|    value_loss         | 0.000456     |
----------------------------------------
----------------------------------------
| time/                 |              |
|    fps                | 66           |
|    iterations         | 7300         |
|    time_elapsed       | 552          |
|    total_timesteps    | 36500        |
| train/                |              |
|    entropy_loss       | -3.48        |
|    explained_variance | 0.201        |
|    learning_rate      | 0.0002       |
|    n_updates          | 7299         |
|    policy_loss        | 0.115        |
|    reward             | -0.018901892 |
|    std                | 1.38         |
|    value_loss         | 0.00149      |
----------------------------------------
EPISODE:  38
----------------------------------------
| time/                 |              |
|    fps                | 66           |
|    iterations         | 7400         |
|    time_elapsed       | 557          |
|    total_timesteps    | 37000        |
| train/                |              |
|    entropy_loss       | -3.48        |
|    explained_variance | 0.33         |
|    learning_rate      | 0.0002       |
|    n_updates          | 7399         |
|    policy_loss        | 0.0675       |
|    reward             | 0.0058910283 |
|    std                | 1.38         |
|    value_loss         | 0.000436     |
----------------------------------------
----------------------------------------
| time/                 |              |
|    fps                | 66           |
|    iterations         | 7500         |
|    time_elapsed       | 562          |
|    total_timesteps    | 37500        |
| train/                |              |
|    entropy_loss       | -3.5         |
|    explained_variance | -1.93        |
|    learning_rate      | 0.0002       |
|    n_updates          | 7499         |
|    policy_loss        | 0.115        |
|    reward             | -0.014601972 |
|    std                | 1.39         |
|    value_loss         | 0.00121      |
----------------------------------------
EPISODE:  39
---------------------------------------
| time/                 |             |
|    fps                | 66          |
|    iterations         | 7600        |
|    time_elapsed       | 567         |
|    total_timesteps    | 38000       |
| train/                |             |
|    entropy_loss       | -3.5        |
|    explained_variance | 0.0046      |
|    learning_rate      | 0.0002      |
|    n_updates          | 7599        |
|    policy_loss        | -0.0434     |
|    reward             | 0.007244265 |
|    std                | 1.39        |
|    value_loss         | 0.000198    |
---------------------------------------
----------------------------------------
| time/                 |              |
|    fps                | 67           |
|    iterations         | 7700         |
|    time_elapsed       | 572          |
|    total_timesteps    | 38500        |
| train/                |              |
|    entropy_loss       | -3.51        |
|    explained_variance | 0.73         |
|    learning_rate      | 0.0002       |
|    n_updates          | 7699         |
|    policy_loss        | 0.00435      |
|    reward             | -0.011397363 |
|    std                | 1.4          |
|    value_loss         | 2.08e-05     |
----------------------------------------
EPISODE:  40
----------------------------------------
| time/                 |              |
|    fps                | 67           |
|    iterations         | 7800         |
|    time_elapsed       | 577          |
|    total_timesteps    | 39000        |
| train/                |              |
|    entropy_loss       | -3.51        |
|    explained_variance | 0.149        |
|    learning_rate      | 0.0002       |
|    n_updates          | 7799         |
|    policy_loss        | 0.0331       |
|    reward             | -0.015424425 |
|    std                | 1.4          |
|    value_loss         | 0.000521     |
----------------------------------------
---------------------------------------
| time/                 |             |
|    fps                | 67          |
|    iterations         | 7900        |
|    time_elapsed       | 582         |
|    total_timesteps    | 39500       |
| train/                |             |
|    entropy_loss       | -3.52       |
|    explained_variance | 0.394       |
|    learning_rate      | 0.0002      |
|    n_updates          | 7899        |
|    policy_loss        | 0.09        |
|    reward             | 0.013752341 |
|    std                | 1.41        |
|    value_loss         | 0.000779    |
---------------------------------------
EPISODE:  41
---------------------------------------
| time/                 |             |
|    fps                | 67          |
|    iterations         | 8000        |
|    time_elapsed       | 588         |
|    total_timesteps    | 40000       |
| train/                |             |
|    entropy_loss       | -3.53       |
|    explained_variance | 0.146       |
|    learning_rate      | 0.0002      |
|    n_updates          | 7999        |
|    policy_loss        | 0.145       |
|    reward             | 0.002957888 |
|    std                | 1.42        |
|    value_loss         | 0.000927    |
---------------------------------------
----------------------------------------
| time/                 |              |
|    fps                | 68           |
|    iterations         | 8100         |
|    time_elapsed       | 594          |
|    total_timesteps    | 40500        |
| train/                |              |
|    entropy_loss       | -3.54        |
|    explained_variance | 0.0175       |
|    learning_rate      | 0.0002       |
|    n_updates          | 8099         |
|    policy_loss        | -0.00508     |
|    reward             | -0.014271769 |
|    std                | 1.42         |
|    value_loss         | 0.000556     |
----------------------------------------
EPISODE:  42
---------------------------------------
| time/                 |             |
|    fps                | 68          |
|    iterations         | 8200        |
|    time_elapsed       | 600         |
|    total_timesteps    | 41000       |
| train/                |             |
|    entropy_loss       | -3.55       |
|    explained_variance | 0.0131      |
|    learning_rate      | 0.0002      |
|    n_updates          | 8199        |
|    policy_loss        | 0.121       |
|    reward             | 0.004677747 |
|    std                | 1.43        |
|    value_loss         | 0.00119     |
---------------------------------------
----------------------------------------
| time/                 |              |
|    fps                | 68           |
|    iterations         | 8300         |
|    time_elapsed       | 605          |
|    total_timesteps    | 41500        |
| train/                |              |
|    entropy_loss       | -3.56        |
|    explained_variance | 0.00112      |
|    learning_rate      | 0.0002       |
|    n_updates          | 8299         |
|    policy_loss        | 0.0877       |
|    reward             | 0.0054907785 |
|    std                | 1.43         |
|    value_loss         | 0.00117      |
----------------------------------------
EPISODE:  43
---------------------------------------
| time/                 |             |
|    fps                | 68          |
|    iterations         | 8400        |
|    time_elapsed       | 611         |
|    total_timesteps    | 42000       |
| train/                |             |
|    entropy_loss       | -3.56       |
|    explained_variance | 0.0147      |
|    learning_rate      | 0.0002      |
|    n_updates          | 8399        |
|    policy_loss        | -0.053      |
|    reward             | 0.007865895 |
|    std                | 1.44        |
|    value_loss         | 0.000664    |
---------------------------------------
---------------------------------------
| time/                 |             |
|    fps                | 68          |
|    iterations         | 8500        |
|    time_elapsed       | 617         |
|    total_timesteps    | 42500       |
| train/                |             |
|    entropy_loss       | -3.56       |
|    explained_variance | 0.149       |
|    learning_rate      | 0.0002      |
|    n_updates          | 8499        |
|    policy_loss        | 0.175       |
|    reward             | 0.012759278 |
|    std                | 1.44        |
|    value_loss         | 0.00276     |
---------------------------------------
EPISODE:  44
---------------------------------------
| time/                 |             |
|    fps                | 68          |
|    iterations         | 8600        |
|    time_elapsed       | 623         |
|    total_timesteps    | 43000       |
| train/                |             |
|    entropy_loss       | -3.57       |
|    explained_variance | 0.637       |
|    learning_rate      | 0.0002      |
|    n_updates          | 8599        |
|    policy_loss        | -0.0449     |
|    reward             | -0.00834847 |
|    std                | 1.44        |
|    value_loss         | 0.000388    |
---------------------------------------
---------------------------------------
| time/                 |             |
|    fps                | 69          |
|    iterations         | 8700        |
|    time_elapsed       | 628         |
|    total_timesteps    | 43500       |
| train/                |             |
|    entropy_loss       | -3.58       |
|    explained_variance | -5.89       |
|    learning_rate      | 0.0002      |
|    n_updates          | 8699        |
|    policy_loss        | -0.0642     |
|    reward             | 0.014072293 |
|    std                | 1.45        |
|    value_loss         | 0.000975    |
---------------------------------------
EPISODE:  45
----------------------------------------
| time/                 |              |
|    fps                | 69           |
|    iterations         | 8800         |
|    time_elapsed       | 634          |
|    total_timesteps    | 44000        |
| train/                |              |
|    entropy_loss       | -3.59        |
|    explained_variance | 0.0116       |
|    learning_rate      | 0.0002       |
|    n_updates          | 8799         |
|    policy_loss        | -0.0865      |
|    reward             | -0.007969384 |
|    std                | 1.45         |
|    value_loss         | 0.000944     |
----------------------------------------
----------------------------------------
| time/                 |              |
|    fps                | 69           |
|    iterations         | 8900         |
|    time_elapsed       | 639          |
|    total_timesteps    | 44500        |
| train/                |              |
|    entropy_loss       | -3.59        |
|    explained_variance | 0.0242       |
|    learning_rate      | 0.0002       |
|    n_updates          | 8899         |
|    policy_loss        | -0.131       |
|    reward             | 0.0048336256 |
|    std                | 1.46         |
|    value_loss         | 0.00133      |
----------------------------------------
EPISODE:  46
---------------------------------------
| time/                 |             |
|    fps                | 69          |
|    iterations         | 9000        |
|    time_elapsed       | 644         |
|    total_timesteps    | 45000       |
| train/                |             |
|    entropy_loss       | -3.6        |
|    explained_variance | 0.123       |
|    learning_rate      | 0.0002      |
|    n_updates          | 8999        |
|    policy_loss        | -0.0358     |
|    reward             | 0.026909223 |
|    std                | 1.46        |
|    value_loss         | 0.000222    |
---------------------------------------
----------------------------------------
| time/                 |              |
|    fps                | 70           |
|    iterations         | 9100         |
|    time_elapsed       | 649          |
|    total_timesteps    | 45500        |
| train/                |              |
|    entropy_loss       | -3.6         |
|    explained_variance | 0.00854      |
|    learning_rate      | 0.0002       |
|    n_updates          | 9099         |
|    policy_loss        | 0.139        |
|    reward             | -0.033084583 |
|    std                | 1.46         |
|    value_loss         | 0.00192      |
----------------------------------------
EPISODE:  47
----------------------------------------
| time/                 |              |
|    fps                | 70           |
|    iterations         | 9200         |
|    time_elapsed       | 654          |
|    total_timesteps    | 46000        |
| train/                |              |
|    entropy_loss       | -3.61        |
|    explained_variance | 0.0162       |
|    learning_rate      | 0.0002       |
|    n_updates          | 9199         |
|    policy_loss        | 0.0822       |
|    reward             | -0.003971376 |
|    std                | 1.47         |
|    value_loss         | 0.000909     |
----------------------------------------
----------------------------------------
| time/                 |              |
|    fps                | 70           |
|    iterations         | 9300         |
|    time_elapsed       | 660          |
|    total_timesteps    | 46500        |
| train/                |              |
|    entropy_loss       | -3.62        |
|    explained_variance | -0.0072      |
|    learning_rate      | 0.0002       |
|    n_updates          | 9299         |
|    policy_loss        | 0.00472      |
|    reward             | 0.0036660973 |
|    std                | 1.48         |
|    value_loss         | 0.000202     |
----------------------------------------
EPISODE:  48
---------------------------------------
| time/                 |             |
|    fps                | 70          |
|    iterations         | 9400        |
|    time_elapsed       | 665         |
|    total_timesteps    | 47000       |
| train/                |             |
|    entropy_loss       | -3.62       |
|    explained_variance | -1.09       |
|    learning_rate      | 0.0002      |
|    n_updates          | 9399        |
|    policy_loss        | 0.125       |
|    reward             | 0.039003626 |
|    std                | 1.48        |
|    value_loss         | 0.00232     |
---------------------------------------
--------------------------------------
| time/                 |            |
|    fps                | 70         |
|    iterations         | 9500       |
|    time_elapsed       | 671        |
|    total_timesteps    | 47500      |
| train/                |            |
|    entropy_loss       | -3.63      |
|    explained_variance | -1.19e-07  |
|    learning_rate      | 0.0002     |
|    n_updates          | 9499       |
|    policy_loss        | 0.0233     |
|    reward             | 0.03937871 |
|    std                | 1.49       |
|    value_loss         | 0.000207   |
--------------------------------------
EPISODE:  49
---------------------------------------
| time/                 |             |
|    fps                | 70          |
|    iterations         | 9600        |
|    time_elapsed       | 677         |
|    total_timesteps    | 48000       |
| train/                |             |
|    entropy_loss       | -3.64       |
|    explained_variance | -0.184      |
|    learning_rate      | 0.0002      |
|    n_updates          | 9599        |
|    policy_loss        | -0.0428     |
|    reward             | 0.008719101 |
|    std                | 1.49        |
|    value_loss         | 0.000622    |
---------------------------------------
----------------------------------------
| time/                 |              |
|    fps                | 71           |
|    iterations         | 9700         |
|    time_elapsed       | 681          |
|    total_timesteps    | 48500        |
| train/                |              |
|    entropy_loss       | -3.65        |
|    explained_variance | -3.08e-05    |
|    learning_rate      | 0.0002       |
|    n_updates          | 9699         |
|    policy_loss        | 0.0485       |
|    reward             | -0.024305826 |
|    std                | 1.5          |
|    value_loss         | 0.000806     |
----------------------------------------
EPISODE:  50
----------------------------------------
| time/                 |              |
|    fps                | 71           |
|    iterations         | 9800         |
|    time_elapsed       | 686          |
|    total_timesteps    | 49000        |
| train/                |              |
|    entropy_loss       | -3.66        |
|    explained_variance | 0.228        |
|    learning_rate      | 0.0002       |
|    n_updates          | 9799         |
|    policy_loss        | -0.0671      |
|    reward             | -0.019981932 |
|    std                | 1.51         |
|    value_loss         | 0.000834     |
----------------------------------------
----------------------------------------
| time/                 |              |
|    fps                | 71           |
|    iterations         | 9900         |
|    time_elapsed       | 690          |
|    total_timesteps    | 49500        |
| train/                |              |
|    entropy_loss       | -3.66        |
|    explained_variance | 2.03e-06     |
|    learning_rate      | 0.0002       |
|    n_updates          | 9899         |
|    policy_loss        | 0.148        |
|    reward             | -0.005884032 |
|    std                | 1.51         |
|    value_loss         | 0.00224      |
----------------------------------------
EPISODE:  51
----------------------------------------
| time/                 |              |
|    fps                | 71           |
|    iterations         | 10000        |
|    time_elapsed       | 695          |
|    total_timesteps    | 50000        |
| train/                |              |
|    entropy_loss       | -3.67        |
|    explained_variance | -0.157       |
|    learning_rate      | 0.0002       |
|    n_updates          | 9999         |
|    policy_loss        | -0.019       |
|    reward             | -0.010022423 |
|    std                | 1.51         |
|    value_loss         | 0.00015      |
----------------------------------------
Saved episode log to Results\250619_hc_binary_udp_noise\a2c\upward_noise\training_logs\03.csv
