EPISODE:  0
{'n_steps': 5, 'ent_coef': 0.005, 'learning_rate': 0.0002}
Using cpu device
EPISODE:  1
----------------------------------------
| time/                 |              |
|    fps                | 134          |
|    iterations         | 100          |
|    time_elapsed       | 3            |
|    total_timesteps    | 500          |
| train/                |              |
|    entropy_loss       | -2.91        |
|    explained_variance | -0.000826    |
|    learning_rate      | 0.0002       |
|    n_updates          | 99           |
|    policy_loss        | 0.00111      |
|    reward             | 0.0020325202 |
|    std                | 1.04         |
|    value_loss         | 3.17e-06     |
----------------------------------------
EPISODE:  2
----------------------------------------
| time/                 |              |
|    fps                | 133          |
|    iterations         | 200          |
|    time_elapsed       | 7            |
|    total_timesteps    | 1000         |
| train/                |              |
|    entropy_loss       | -2.94        |
|    explained_variance | -4.14        |
|    learning_rate      | 0.0002       |
|    n_updates          | 199          |
|    policy_loss        | -1.2         |
|    reward             | -0.001017294 |
|    std                | 1.05         |
|    value_loss         | 1.37         |
----------------------------------------
----------------------------------------
| time/                 |              |
|    fps                | 133          |
|    iterations         | 300          |
|    time_elapsed       | 11           |
|    total_timesteps    | 1500         |
| train/                |              |
|    entropy_loss       | -2.96        |
|    explained_variance | 1.95e-05     |
|    learning_rate      | 0.0002       |
|    n_updates          | 299          |
|    policy_loss        | -0.00908     |
|    reward             | 0.0020703934 |
|    std                | 1.06         |
|    value_loss         | 1.68e-05     |
----------------------------------------
EPISODE:  3
----------------------------------------
| time/                 |              |
|    fps                | 132          |
|    iterations         | 400          |
|    time_elapsed       | 15           |
|    total_timesteps    | 2000         |
| train/                |              |
|    entropy_loss       | -2.98        |
|    explained_variance | 0            |
|    learning_rate      | 0.0002       |
|    n_updates          | 399          |
|    policy_loss        | -0.0184      |
|    reward             | 0.0010266941 |
|    std                | 1.07         |
|    value_loss         | 5.4e-05      |
----------------------------------------
----------------------------------------
| time/                 |              |
|    fps                | 131          |
|    iterations         | 500          |
|    time_elapsed       | 18           |
|    total_timesteps    | 2500         |
| train/                |              |
|    entropy_loss       | -3           |
|    explained_variance | 0.465        |
|    learning_rate      | 0.0002       |
|    n_updates          | 499          |
|    policy_loss        | 0.0058       |
|    reward             | 0.0021097045 |
|    std                | 1.08         |
|    value_loss         | 9.7e-06      |
----------------------------------------
EPISODE:  4
----------------------------------------
| time/                 |              |
|    fps                | 132          |
|    iterations         | 600          |
|    time_elapsed       | 22           |
|    total_timesteps    | 3000         |
| train/                |              |
|    entropy_loss       | -3.02        |
|    explained_variance | 0            |
|    learning_rate      | 0.0002       |
|    n_updates          | 599          |
|    policy_loss        | 0.0244       |
|    reward             | 0.0010362695 |
|    std                | 1.09         |
|    value_loss         | 8.12e-05     |
----------------------------------------
----------------------------------------
| time/                 |              |
|    fps                | 132          |
|    iterations         | 700          |
|    time_elapsed       | 26           |
|    total_timesteps    | 3500         |
| train/                |              |
|    entropy_loss       | -3.03        |
|    explained_variance | 0            |
|    learning_rate      | 0.0002       |
|    n_updates          | 699          |
|    policy_loss        | 0.00694      |
|    reward             | 0.0021505377 |
|    std                | 1.1          |
|    value_loss         | 5.74e-06     |
----------------------------------------
EPISODE:  5
----------------------------------------
| time/                 |              |
|    fps                | 131          |
|    iterations         | 800          |
|    time_elapsed       | 30           |
|    total_timesteps    | 4000         |
| train/                |              |
|    entropy_loss       | -3.05        |
|    explained_variance | 5.96e-08     |
|    learning_rate      | 0.0002       |
|    n_updates          | 799          |
|    policy_loss        | 0.00597      |
|    reward             | 0.0010460251 |
|    std                | 1.11         |
|    value_loss         | 8.12e-06     |
----------------------------------------
----------------------------------------
| time/                 |              |
|    fps                | 131          |
|    iterations         | 900          |
|    time_elapsed       | 34           |
|    total_timesteps    | 4500         |
| train/                |              |
|    entropy_loss       | -3.07        |
|    explained_variance | 0            |
|    learning_rate      | 0.0002       |
|    n_updates          | 899          |
|    policy_loss        | 0.0113       |
|    reward             | 0.0021929825 |
|    std                | 1.12         |
|    value_loss         | 1.69e-05     |
----------------------------------------
EPISODE:  6
----------------------------------------
| time/                 |              |
|    fps                | 131          |
|    iterations         | 1000         |
|    time_elapsed       | 38           |
|    total_timesteps    | 5000         |
| train/                |              |
|    entropy_loss       | -3.09        |
|    explained_variance | 0            |
|    learning_rate      | 0.0002       |
|    n_updates          | 999          |
|    policy_loss        | -0.00656     |
|    reward             | 0.0010559662 |
|    std                | 1.14         |
|    value_loss         | 8.21e-06     |
----------------------------------------
----------------------------------------
| time/                 |              |
|    fps                | 131          |
|    iterations         | 1100         |
|    time_elapsed       | 41           |
|    total_timesteps    | 5500         |
| train/                |              |
|    entropy_loss       | -3.12        |
|    explained_variance | 0            |
|    learning_rate      | 0.0002       |
|    n_updates          | 1099         |
|    policy_loss        | 0.00405      |
|    reward             | 0.0022371365 |
|    std                | 1.15         |
|    value_loss         | 1.25e-06     |
----------------------------------------
EPISODE:  7
----------------------------------------
| time/                 |              |
|    fps                | 131          |
|    iterations         | 1200         |
|    time_elapsed       | 45           |
|    total_timesteps    | 6000         |
| train/                |              |
|    entropy_loss       | -3.13        |
|    explained_variance | 0            |
|    learning_rate      | 0.0002       |
|    n_updates          | 1199         |
|    policy_loss        | -0.00395     |
|    reward             | 0.0010660981 |
|    std                | 1.16         |
|    value_loss         | 3.05e-06     |
----------------------------------------
---------------------------------------
| time/                 |             |
|    fps                | 131         |
|    iterations         | 1300        |
|    time_elapsed       | 49          |
|    total_timesteps    | 6500        |
| train/                |             |
|    entropy_loss       | -3.15       |
|    explained_variance | -0.000934   |
|    learning_rate      | 0.0002      |
|    n_updates          | 1299        |
|    policy_loss        | -0.00653    |
|    reward             | 0.002283105 |
|    std                | 1.17        |
|    value_loss         | 7.88e-06    |
---------------------------------------
EPISODE:  8
----------------------------------------
| time/                 |              |
|    fps                | 130          |
|    iterations         | 1400         |
|    time_elapsed       | 53           |
|    total_timesteps    | 7000         |
| train/                |              |
|    entropy_loss       | -3.17        |
|    explained_variance | 0            |
|    learning_rate      | 0.0002       |
|    n_updates          | 1399         |
|    policy_loss        | 0.00103      |
|    reward             | 0.0010764262 |
|    std                | 1.18         |
|    value_loss         | 2.13e-07     |
----------------------------------------
----------------------------------------
| time/                 |              |
|    fps                | 130          |
|    iterations         | 1500         |
|    time_elapsed       | 57           |
|    total_timesteps    | 7500         |
| train/                |              |
|    entropy_loss       | -3.19        |
|    explained_variance | -1.19e-07    |
|    learning_rate      | 0.0002       |
|    n_updates          | 1499         |
|    policy_loss        | 0.00541      |
|    reward             | 0.0023310024 |
|    std                | 1.19         |
|    value_loss         | 4.39e-06     |
----------------------------------------
EPISODE:  9
----------------------------------------
| time/                 |              |
|    fps                | 130          |
|    iterations         | 1600         |
|    time_elapsed       | 61           |
|    total_timesteps    | 8000         |
| train/                |              |
|    entropy_loss       | -3.21        |
|    explained_variance | -0.02        |
|    learning_rate      | 0.0002       |
|    n_updates          | 1599         |
|    policy_loss        | 0.000332     |
|    reward             | 0.0010869565 |
|    std                | 1.2          |
|    value_loss         | 9.03e-09     |
----------------------------------------
----------------------------------------
| time/                 |              |
|    fps                | 130          |
|    iterations         | 1700         |
|    time_elapsed       | 65           |
|    total_timesteps    | 8500         |
| train/                |              |
|    entropy_loss       | -3.23        |
|    explained_variance | -0.031       |
|    learning_rate      | 0.0002       |
|    n_updates          | 1699         |
|    policy_loss        | 0.00294      |
|    reward             | 0.0023809525 |
|    std                | 1.21         |
|    value_loss         | 1.15e-06     |
----------------------------------------
EPISODE:  10
----------------------------------------
| time/                 |              |
|    fps                | 130          |
|    iterations         | 1800         |
|    time_elapsed       | 69           |
|    total_timesteps    | 9000         |
| train/                |              |
|    entropy_loss       | -3.24        |
|    explained_variance | -0.000458    |
|    learning_rate      | 0.0002       |
|    n_updates          | 1799         |
|    policy_loss        | -0.000977    |
|    reward             | 0.0010976949 |
|    std                | 1.22         |
|    value_loss         | 1.19e-07     |
----------------------------------------
--------------------------------------
| time/                 |            |
|    fps                | 130        |
|    iterations         | 1900       |
|    time_elapsed       | 72         |
|    total_timesteps    | 9500       |
| train/                |            |
|    entropy_loss       | -3.26      |
|    explained_variance | 0          |
|    learning_rate      | 0.0002     |
|    n_updates          | 1899       |
|    policy_loss        | -0.00262   |
|    reward             | 0.00243309 |
|    std                | 1.23       |
|    value_loss         | 5.19e-07   |
--------------------------------------
EPISODE:  11
----------------------------------------
| time/                 |              |
|    fps                | 130          |
|    iterations         | 2000         |
|    time_elapsed       | 76           |
|    total_timesteps    | 10000        |
| train/                |              |
|    entropy_loss       | -3.28        |
|    explained_variance | 1.19e-07     |
|    learning_rate      | 0.0002       |
|    n_updates          | 1999         |
|    policy_loss        | 0.00311      |
|    reward             | 0.0011086474 |
|    std                | 1.25         |
|    value_loss         | 1.17e-06     |
----------------------------------------
----------------------------------------
| time/                 |              |
|    fps                | 130          |
|    iterations         | 2100         |
|    time_elapsed       | 80           |
|    total_timesteps    | 10500        |
| train/                |              |
|    entropy_loss       | -3.3         |
|    explained_variance | 0.122        |
|    learning_rate      | 0.0002       |
|    n_updates          | 2099         |
|    policy_loss        | 0.000774     |
|    reward             | 0.0024875621 |
|    std                | 1.26         |
|    value_loss         | 9.98e-08     |
----------------------------------------
EPISODE:  12
----------------------------------------
| time/                 |              |
|    fps                | 130          |
|    iterations         | 2200         |
|    time_elapsed       | 84           |
|    total_timesteps    | 11000        |
| train/                |              |
|    entropy_loss       | -3.32        |
|    explained_variance | 0            |
|    learning_rate      | 0.0002       |
|    n_updates          | 2199         |
|    policy_loss        | -0.00164     |
|    reward             | 0.0011198209 |
|    std                | 1.27         |
|    value_loss         | 3.96e-07     |
----------------------------------------
----------------------------------------
| time/                 |              |
|    fps                | 130          |
|    iterations         | 2300         |
|    time_elapsed       | 88           |
|    total_timesteps    | 11500        |
| train/                |              |
|    entropy_loss       | -3.34        |
|    explained_variance | -7.43e-05    |
|    learning_rate      | 0.0002       |
|    n_updates          | 2299         |
|    policy_loss        | 0.0221       |
|    reward             | 0.0025445293 |
|    std                | 1.28         |
|    value_loss         | 2.55e-05     |
----------------------------------------
EPISODE:  13
----------------------------------------
| time/                 |              |
|    fps                | 130          |
|    iterations         | 2400         |
|    time_elapsed       | 91           |
|    total_timesteps    | 12000        |
| train/                |              |
|    entropy_loss       | -3.35        |
|    explained_variance | 0            |
|    learning_rate      | 0.0002       |
|    n_updates          | 2399         |
|    policy_loss        | 0.00103      |
|    reward             | 0.0011312218 |
|    std                | 1.29         |
|    value_loss         | 1.6e-07      |
----------------------------------------
----------------------------------------
| time/                 |              |
|    fps                | 130          |
|    iterations         | 2500         |
|    time_elapsed       | 95           |
|    total_timesteps    | 12500        |
| train/                |              |
|    entropy_loss       | -3.37        |
|    explained_variance | -116         |
|    learning_rate      | 0.0002       |
|    n_updates          | 2499         |
|    policy_loss        | 0.0152       |
|    reward             | 0.0026041667 |
|    std                | 1.31         |
|    value_loss         | 2.28e-05     |
----------------------------------------
EPISODE:  14
----------------------------------------
| time/                 |              |
|    fps                | 130          |
|    iterations         | 2600         |
|    time_elapsed       | 99           |
|    total_timesteps    | 13000        |
| train/                |              |
|    entropy_loss       | -3.39        |
|    explained_variance | 0            |
|    learning_rate      | 0.0002       |
|    n_updates          | 2599         |
|    policy_loss        | -0.0041      |
|    reward             | 0.0011428571 |
|    std                | 1.32         |
|    value_loss         | 2.52e-06     |
----------------------------------------
----------------------------------------
| time/                 |              |
|    fps                | 130          |
|    iterations         | 2700         |
|    time_elapsed       | 103          |
|    total_timesteps    | 13500        |
| train/                |              |
|    entropy_loss       | -3.41        |
|    explained_variance | -0.00781     |
|    learning_rate      | 0.0002       |
|    n_updates          | 2699         |
|    policy_loss        | -0.0323      |
|    reward             | 0.0026666666 |
|    std                | 1.33         |
|    value_loss         | 0.000182     |
----------------------------------------
EPISODE:  15
----------------------------------------
| time/                 |              |
|    fps                | 129          |
|    iterations         | 2800         |
|    time_elapsed       | 107          |
|    total_timesteps    | 14000        |
| train/                |              |
|    entropy_loss       | -3.42        |
|    explained_variance | -1.19e-07    |
|    learning_rate      | 0.0002       |
|    n_updates          | 2799         |
|    policy_loss        | -0.00256     |
|    reward             | 0.0011547344 |
|    std                | 1.34         |
|    value_loss         | 6.5e-07      |
----------------------------------------
----------------------------------------
| time/                 |              |
|    fps                | 129          |
|    iterations         | 2900         |
|    time_elapsed       | 111          |
|    total_timesteps    | 14500        |
| train/                |              |
|    entropy_loss       | -3.44        |
|    explained_variance | 4.17e-06     |
|    learning_rate      | 0.0002       |
|    n_updates          | 2899         |
|    policy_loss        | -0.0167      |
|    reward             | 0.0027322404 |
|    std                | 1.35         |
|    value_loss         | 2.23e-05     |
----------------------------------------
EPISODE:  16
----------------------------------------
| time/                 |              |
|    fps                | 130          |
|    iterations         | 3000         |
|    time_elapsed       | 115          |
|    total_timesteps    | 15000        |
| train/                |              |
|    entropy_loss       | -3.46        |
|    explained_variance | 8.94e-07     |
|    learning_rate      | 0.0002       |
|    n_updates          | 2999         |
|    policy_loss        | 2.58e-05     |
|    reward             | 0.0011668612 |
|    std                | 1.36         |
|    value_loss         | 5.7e-11      |
----------------------------------------
----------------------------------------
| time/                 |              |
|    fps                | 130          |
|    iterations         | 3100         |
|    time_elapsed       | 119          |
|    total_timesteps    | 15500        |
| train/                |              |
|    entropy_loss       | -3.48        |
|    explained_variance | 0            |
|    learning_rate      | 0.0002       |
|    n_updates          | 3099         |
|    policy_loss        | -0.0647      |
|    reward             | 0.0028011205 |
|    std                | 1.38         |
|    value_loss         | 0.000548     |
----------------------------------------
EPISODE:  17
----------------------------------------
| time/                 |              |
|    fps                | 129          |
|    iterations         | 3200         |
|    time_elapsed       | 123          |
|    total_timesteps    | 16000        |
| train/                |              |
|    entropy_loss       | -3.5         |
|    explained_variance | 0            |
|    learning_rate      | 0.0002       |
|    n_updates          | 3199         |
|    policy_loss        | 0.000455     |
|    reward             | 0.0011792453 |
|    std                | 1.39         |
|    value_loss         | 1.94e-08     |
----------------------------------------
----------------------------------------
| time/                 |              |
|    fps                | 128          |
|    iterations         | 3300         |
|    time_elapsed       | 128          |
|    total_timesteps    | 16500        |
| train/                |              |
|    entropy_loss       | -3.51        |
|    explained_variance | 0            |
|    learning_rate      | 0.0002       |
|    n_updates          | 3299         |
|    policy_loss        | -0.0172      |
|    reward             | 0.0028735632 |
|    std                | 1.4          |
|    value_loss         | 2.95e-05     |
----------------------------------------
EPISODE:  18
----------------------------------------
| time/                 |              |
|    fps                | 128          |
|    iterations         | 3400         |
|    time_elapsed       | 132          |
|    total_timesteps    | 17000        |
| train/                |              |
|    entropy_loss       | -3.53        |
|    explained_variance | 0            |
|    learning_rate      | 0.0002       |
|    n_updates          | 3399         |
|    policy_loss        | 0.000343     |
|    reward             | 0.0011918951 |
|    std                | 1.41         |
|    value_loss         | 1.47e-08     |
----------------------------------------
----------------------------------------
| time/                 |              |
|    fps                | 128          |
|    iterations         | 3500         |
|    time_elapsed       | 136          |
|    total_timesteps    | 17500        |
| train/                |              |
|    entropy_loss       | -3.55        |
|    explained_variance | 0.00956      |
|    learning_rate      | 0.0002       |
|    n_updates          | 3499         |
|    policy_loss        | 7.68e-05     |
|    reward             | 0.0029498525 |
|    std                | 1.43         |
|    value_loss         | 7.01e-10     |
----------------------------------------
EPISODE:  19
----------------------------------------
| time/                 |              |
|    fps                | 128          |
|    iterations         | 3600         |
|    time_elapsed       | 139          |
|    total_timesteps    | 18000        |
| train/                |              |
|    entropy_loss       | -3.56        |
|    explained_variance | -33.6        |
|    learning_rate      | 0.0002       |
|    n_updates          | 3599         |
|    policy_loss        | -0.00475     |
|    reward             | 0.0012048193 |
|    std                | 1.44         |
|    value_loss         | 3.79e-06     |
----------------------------------------
---------------------------------------
| time/                 |             |
|    fps                | 129         |
|    iterations         | 3700        |
|    time_elapsed       | 143         |
|    total_timesteps    | 18500       |
| train/                |             |
|    entropy_loss       | -3.58       |
|    explained_variance | 0           |
|    learning_rate      | 0.0002      |
|    n_updates          | 3699        |
|    policy_loss        | -0.0629     |
|    reward             | 0.003030303 |
|    std                | 1.45        |
|    value_loss         | 0.000611    |
---------------------------------------
EPISODE:  20
----------------------------------------
| time/                 |              |
|    fps                | 129          |
|    iterations         | 3800         |
|    time_elapsed       | 147          |
|    total_timesteps    | 19000        |
| train/                |              |
|    entropy_loss       | -3.6         |
|    explained_variance | -8.3e-05     |
|    learning_rate      | 0.0002       |
|    n_updates          | 3799         |
|    policy_loss        | 0.00984      |
|    reward             | 0.0012180269 |
|    std                | 1.46         |
|    value_loss         | 1.23e-05     |
----------------------------------------
----------------------------------------
| time/                 |              |
|    fps                | 128          |
|    iterations         | 3900         |
|    time_elapsed       | 151          |
|    total_timesteps    | 19500        |
| train/                |              |
|    entropy_loss       | -3.61        |
|    explained_variance | 1.19e-07     |
|    learning_rate      | 0.0002       |
|    n_updates          | 3899         |
|    policy_loss        | -0.0211      |
|    reward             | 0.0031152647 |
|    std                | 1.47         |
|    value_loss         | 5.11e-05     |
----------------------------------------
EPISODE:  21
----------------------------------------
| time/                 |              |
|    fps                | 128          |
|    iterations         | 4000         |
|    time_elapsed       | 155          |
|    total_timesteps    | 20000        |
| train/                |              |
|    entropy_loss       | -3.63        |
|    explained_variance | -80.2        |
|    learning_rate      | 0.0002       |
|    n_updates          | 3999         |
|    policy_loss        | -0.0831      |
|    reward             | 0.0012315271 |
|    std                | 1.48         |
|    value_loss         | 0.000681     |
----------------------------------------
----------------------------------------
| time/                 |              |
|    fps                | 128          |
|    iterations         | 4100         |
|    time_elapsed       | 159          |
|    total_timesteps    | 20500        |
| train/                |              |
|    entropy_loss       | -3.65        |
|    explained_variance | 0            |
|    learning_rate      | 0.0002       |
|    n_updates          | 4099         |
|    policy_loss        | -0.00415     |
|    reward             | 0.0032051282 |
|    std                | 1.5          |
|    value_loss         | 1.54e-06     |
----------------------------------------
EPISODE:  22
--------------------------------------
| time/                 |            |
|    fps                | 128        |
|    iterations         | 4200       |
|    time_elapsed       | 163        |
|    total_timesteps    | 21000      |
| train/                |            |
|    entropy_loss       | -3.67      |
|    explained_variance | -53.9      |
|    learning_rate      | 0.0002     |
|    n_updates          | 4199       |
|    policy_loss        | 0.064      |
|    reward             | 0.00124533 |
|    std                | 1.51       |
|    value_loss         | 0.000399   |
--------------------------------------
----------------------------------------
| time/                 |              |
|    fps                | 128          |
|    iterations         | 4300         |
|    time_elapsed       | 167          |
|    total_timesteps    | 21500        |
| train/                |              |
|    entropy_loss       | -3.69        |
|    explained_variance | -1.19e-07    |
|    learning_rate      | 0.0002       |
|    n_updates          | 4299         |
|    policy_loss        | 0.00389      |
|    reward             | 0.0033003301 |
|    std                | 1.53         |
|    value_loss         | 9.41e-07     |
----------------------------------------
EPISODE:  23
----------------------------------------
| time/                 |              |
|    fps                | 128          |
|    iterations         | 4400         |
|    time_elapsed       | 171          |
|    total_timesteps    | 22000        |
| train/                |              |
|    entropy_loss       | -3.7         |
|    explained_variance | -8.61        |
|    learning_rate      | 0.0002       |
|    n_updates          | 4399         |
|    policy_loss        | -0.000867    |
|    reward             | 0.0012594458 |
|    std                | 1.54         |
|    value_loss         | 6.95e-08     |
----------------------------------------
----------------------------------------
| time/                 |              |
|    fps                | 128          |
|    iterations         | 4500         |
|    time_elapsed       | 174          |
|    total_timesteps    | 22500        |
| train/                |              |
|    entropy_loss       | -3.72        |
|    explained_variance | 0            |
|    learning_rate      | 0.0002       |
|    n_updates          | 4499         |
|    policy_loss        | 0.003        |
|    reward             | 0.0034013605 |
|    std                | 1.55         |
|    value_loss         | 6.98e-07     |
----------------------------------------
EPISODE:  24
----------------------------------------
| time/                 |              |
|    fps                | 128          |
|    iterations         | 4600         |
|    time_elapsed       | 178          |
|    total_timesteps    | 23000        |
| train/                |              |
|    entropy_loss       | -3.74        |
|    explained_variance | 0.807        |
|    learning_rate      | 0.0002       |
|    n_updates          | 4599         |
|    policy_loss        | -0.0119      |
|    reward             | 0.0012738854 |
|    std                | 1.57         |
|    value_loss         | 1.44e-05     |
----------------------------------------
---------------------------------------
| time/                 |             |
|    fps                | 128         |
|    iterations         | 4700        |
|    time_elapsed       | 182         |
|    total_timesteps    | 23500       |
| train/                |             |
|    entropy_loss       | -3.76       |
|    explained_variance | 0           |
|    learning_rate      | 0.0002      |
|    n_updates          | 4699        |
|    policy_loss        | 0.00311     |
|    reward             | 0.003508772 |
|    std                | 1.58        |
|    value_loss         | 9.61e-07    |
---------------------------------------
EPISODE:  25
----------------------------------------
| time/                 |              |
|    fps                | 128          |
|    iterations         | 4800         |
|    time_elapsed       | 186          |
|    total_timesteps    | 24000        |
| train/                |              |
|    entropy_loss       | -3.78        |
|    explained_variance | 0            |
|    learning_rate      | 0.0002       |
|    n_updates          | 4799         |
|    policy_loss        | -0.00442     |
|    reward             | 0.0012886598 |
|    std                | 1.6          |
|    value_loss         | 1.14e-06     |
----------------------------------------
----------------------------------------
| time/                 |              |
|    fps                | 128          |
|    iterations         | 4900         |
|    time_elapsed       | 190          |
|    total_timesteps    | 24500        |
| train/                |              |
|    entropy_loss       | -3.8         |
|    explained_variance | 0            |
|    learning_rate      | 0.0002       |
|    n_updates          | 4899         |
|    policy_loss        | 0.00479      |
|    reward             | 0.0036231885 |
|    std                | 1.62         |
|    value_loss         | 2.08e-06     |
----------------------------------------
EPISODE:  26
----------------------------------------
| time/                 |              |
|    fps                | 129          |
|    iterations         | 5000         |
|    time_elapsed       | 193          |
|    total_timesteps    | 25000        |
| train/                |              |
|    entropy_loss       | -3.81        |
|    explained_variance | -0.000156    |
|    learning_rate      | 0.0002       |
|    n_updates          | 4999         |
|    policy_loss        | 0.00899      |
|    reward             | 0.0013037809 |
|    std                | 1.63         |
|    value_loss         | 5.92e-06     |
----------------------------------------
----------------------------------------
| time/                 |              |
|    fps                | 129          |
|    iterations         | 5100         |
|    time_elapsed       | 197          |
|    total_timesteps    | 25500        |
| train/                |              |
|    entropy_loss       | -3.83        |
|    explained_variance | 0            |
|    learning_rate      | 0.0002       |
|    n_updates          | 5099         |
|    policy_loss        | 0.00365      |
|    reward             | 0.0037453184 |
|    std                | 1.64         |
|    value_loss         | 1.29e-06     |
----------------------------------------
EPISODE:  27
----------------------------------------
| time/                 |              |
|    fps                | 129          |
|    iterations         | 5200         |
|    time_elapsed       | 201          |
|    total_timesteps    | 26000        |
| train/                |              |
|    entropy_loss       | -3.84        |
|    explained_variance | 0            |
|    learning_rate      | 0.0002       |
|    n_updates          | 5199         |
|    policy_loss        | -0.0211      |
|    reward             | 0.0013192613 |
|    std                | 1.65         |
|    value_loss         | 3.71e-05     |
----------------------------------------
---------------------------------------
| time/                 |             |
|    fps                | 129         |
|    iterations         | 5300        |
|    time_elapsed       | 204         |
|    total_timesteps    | 26500       |
| train/                |             |
|    entropy_loss       | -3.86       |
|    explained_variance | 0           |
|    learning_rate      | 0.0002      |
|    n_updates          | 5299        |
|    policy_loss        | 0.00392     |
|    reward             | 0.003875969 |
|    std                | 1.66        |
|    value_loss         | 1.6e-06     |
---------------------------------------
EPISODE:  28
----------------------------------------
| time/                 |              |
|    fps                | 129          |
|    iterations         | 5400         |
|    time_elapsed       | 208          |
|    total_timesteps    | 27000        |
| train/                |              |
|    entropy_loss       | -3.87        |
|    explained_variance | 0            |
|    learning_rate      | 0.0002       |
|    n_updates          | 5399         |
|    policy_loss        | -0.0182      |
|    reward             | 0.0013351135 |
|    std                | 1.68         |
|    value_loss         | 2.14e-05     |
----------------------------------------
---------------------------------------
| time/                 |             |
|    fps                | 129         |
|    iterations         | 5500        |
|    time_elapsed       | 212         |
|    total_timesteps    | 27500       |
| train/                |             |
|    entropy_loss       | -3.89       |
|    explained_variance | 1.19e-07    |
|    learning_rate      | 0.0002      |
|    n_updates          | 5499        |
|    policy_loss        | 0.00415     |
|    reward             | 0.004016064 |
|    std                | 1.69        |
|    value_loss         | 1.57e-06    |
---------------------------------------
EPISODE:  29
----------------------------------------
| time/                 |              |
|    fps                | 129          |
|    iterations         | 5600         |
|    time_elapsed       | 216          |
|    total_timesteps    | 28000        |
| train/                |              |
|    entropy_loss       | -3.91        |
|    explained_variance | 0.00165      |
|    learning_rate      | 0.0002       |
|    n_updates          | 5599         |
|    policy_loss        | -0.00175     |
|    reward             | 0.0013513514 |
|    std                | 1.71         |
|    value_loss         | 3.07e-07     |
----------------------------------------
---------------------------------------
| time/                 |             |
|    fps                | 129         |
|    iterations         | 5700        |
|    time_elapsed       | 220         |
|    total_timesteps    | 28500       |
| train/                |             |
|    entropy_loss       | -3.92       |
|    explained_variance | 0           |
|    learning_rate      | 0.0002      |
|    n_updates          | 5699        |
|    policy_loss        | 0.00405     |
|    reward             | 0.004166667 |
|    std                | 1.72        |
|    value_loss         | 1.37e-06    |
---------------------------------------
EPISODE:  30
----------------------------------------
| time/                 |              |
|    fps                | 129          |
|    iterations         | 5800         |
|    time_elapsed       | 223          |
|    total_timesteps    | 29000        |
| train/                |              |
|    entropy_loss       | -3.93        |
|    explained_variance | 0            |
|    learning_rate      | 0.0002       |
|    n_updates          | 5799         |
|    policy_loss        | -0.138       |
|    reward             | 0.0013679891 |
|    std                | 1.73         |
|    value_loss         | 0.00111      |
----------------------------------------
----------------------------------------
| time/                 |              |
|    fps                | 129          |
|    iterations         | 5900         |
|    time_elapsed       | 227          |
|    total_timesteps    | 29500        |
| train/                |              |
|    entropy_loss       | -3.95        |
|    explained_variance | 1.19e-07     |
|    learning_rate      | 0.0002       |
|    n_updates          | 5899         |
|    policy_loss        | 0.00387      |
|    reward             | 0.0043290043 |
|    std                | 1.74         |
|    value_loss         | 1.39e-06     |
----------------------------------------
EPISODE:  31
----------------------------------------
| time/                 |              |
|    fps                | 129          |
|    iterations         | 6000         |
|    time_elapsed       | 231          |
|    total_timesteps    | 30000        |
| train/                |              |
|    entropy_loss       | -3.96        |
|    explained_variance | 1.19e-07     |
|    learning_rate      | 0.0002       |
|    n_updates          | 5999         |
|    policy_loss        | -0.0894      |
|    reward             | 0.0013850415 |
|    std                | 1.75         |
|    value_loss         | 0.000706     |
----------------------------------------
----------------------------------------
| time/                 |              |
|    fps                | 129          |
|    iterations         | 6100         |
|    time_elapsed       | 235          |
|    total_timesteps    | 30500        |
| train/                |              |
|    entropy_loss       | -3.97        |
|    explained_variance | 5.96e-08     |
|    learning_rate      | 0.0002       |
|    n_updates          | 6099         |
|    policy_loss        | 0.00466      |
|    reward             | 0.0045045046 |
|    std                | 1.76         |
|    value_loss         | 1.45e-06     |
----------------------------------------
EPISODE:  32
----------------------------------------
| time/                 |              |
|    fps                | 129          |
|    iterations         | 6200         |
|    time_elapsed       | 238          |
|    total_timesteps    | 31000        |
| train/                |              |
|    entropy_loss       | -3.99        |
|    explained_variance | -1.19e-07    |
|    learning_rate      | 0.0002       |
|    n_updates          | 6199         |
|    policy_loss        | -0.0467      |
|    reward             | 0.0014025245 |
|    std                | 1.78         |
|    value_loss         | 0.000158     |
----------------------------------------
----------------------------------------
| time/                 |              |
|    fps                | 129          |
|    iterations         | 6300         |
|    time_elapsed       | 242          |
|    total_timesteps    | 31500        |
| train/                |              |
|    entropy_loss       | -4.01        |
|    explained_variance | 0            |
|    learning_rate      | 0.0002       |
|    n_updates          | 6299         |
|    policy_loss        | 0.00467      |
|    reward             | 0.0046948357 |
|    std                | 1.8          |
|    value_loss         | 1.5e-06      |
----------------------------------------
EPISODE:  33
----------------------------------------
| time/                 |              |
|    fps                | 129          |
|    iterations         | 6400         |
|    time_elapsed       | 246          |
|    total_timesteps    | 32000        |
| train/                |              |
|    entropy_loss       | -4.03        |
|    explained_variance | 0            |
|    learning_rate      | 0.0002       |
|    n_updates          | 6399         |
|    policy_loss        | -0.0197      |
|    reward             | 0.0014204546 |
|    std                | 1.81         |
|    value_loss         | 1.95e-05     |
----------------------------------------
---------------------------------------
| time/                 |             |
|    fps                | 129         |
|    iterations         | 6500        |
|    time_elapsed       | 250         |
|    total_timesteps    | 32500       |
| train/                |             |
|    entropy_loss       | -4.05       |
|    explained_variance | 0           |
|    learning_rate      | 0.0002      |
|    n_updates          | 6499        |
|    policy_loss        | 0.00484     |
|    reward             | 0.004901961 |
|    std                | 1.83        |
|    value_loss         | 1.7e-06     |
---------------------------------------
EPISODE:  34
----------------------------------------
| time/                 |              |
|    fps                | 129          |
|    iterations         | 6600         |
|    time_elapsed       | 254          |
|    total_timesteps    | 33000        |
| train/                |              |
|    entropy_loss       | -4.07        |
|    explained_variance | 0            |
|    learning_rate      | 0.0002       |
|    n_updates          | 6599         |
|    policy_loss        | -0.0092      |
|    reward             | 0.0014388489 |
|    std                | 1.85         |
|    value_loss         | 5.21e-06     |
----------------------------------------
----------------------------------------
| time/                 |              |
|    fps                | 129          |
|    iterations         | 6700         |
|    time_elapsed       | 257          |
|    total_timesteps    | 33500        |
| train/                |              |
|    entropy_loss       | -4.09        |
|    explained_variance | 1.19e-07     |
|    learning_rate      | 0.0002       |
|    n_updates          | 6699         |
|    policy_loss        | 0.00471      |
|    reward             | 0.0051282053 |
|    std                | 1.87         |
|    value_loss         | 1.75e-06     |
----------------------------------------
EPISODE:  35
---------------------------------------
| time/                 |             |
|    fps                | 129         |
|    iterations         | 6800        |
|    time_elapsed       | 261         |
|    total_timesteps    | 34000       |
| train/                |             |
|    entropy_loss       | -4.1        |
|    explained_variance | -1.19e-07   |
|    learning_rate      | 0.0002      |
|    n_updates          | 6799        |
|    policy_loss        | -0.00185    |
|    reward             | 0.001457726 |
|    std                | 1.88        |
|    value_loss         | 2.11e-07    |
---------------------------------------
---------------------------------------
| time/                 |             |
|    fps                | 130         |
|    iterations         | 6900        |
|    time_elapsed       | 265         |
|    total_timesteps    | 34500       |
| train/                |             |
|    entropy_loss       | -4.12       |
|    explained_variance | -1.19e-07   |
|    learning_rate      | 0.0002      |
|    n_updates          | 6899        |
|    policy_loss        | 0.005       |
|    reward             | 0.005376344 |
|    std                | 1.9         |
|    value_loss         | 1.87e-06    |
---------------------------------------
EPISODE:  36
----------------------------------------
| time/                 |              |
|    fps                | 130          |
|    iterations         | 7000         |
|    time_elapsed       | 269          |
|    total_timesteps    | 35000        |
| train/                |              |
|    entropy_loss       | -4.14        |
|    explained_variance | 0            |
|    learning_rate      | 0.0002       |
|    n_updates          | 6999         |
|    policy_loss        | 0.000267     |
|    reward             | 0.0014771048 |
|    std                | 1.92         |
|    value_loss         | 4.66e-09     |
----------------------------------------
----------------------------------------
| time/                 |              |
|    fps                | 129          |
|    iterations         | 7100         |
|    time_elapsed       | 273          |
|    total_timesteps    | 35500        |
| train/                |              |
|    entropy_loss       | -4.16        |
|    explained_variance | -1.19e-07    |
|    learning_rate      | 0.0002       |
|    n_updates          | 7099         |
|    policy_loss        | 0.00431      |
|    reward             | 0.0056497175 |
|    std                | 1.93         |
|    value_loss         | 1.89e-06     |
----------------------------------------
EPISODE:  37
---------------------------------------
| time/                 |             |
|    fps                | 129         |
|    iterations         | 7200        |
|    time_elapsed       | 277         |
|    total_timesteps    | 36000       |
| train/                |             |
|    entropy_loss       | -4.17       |
|    explained_variance | 0           |
|    learning_rate      | 0.0002      |
|    n_updates          | 7199        |
|    policy_loss        | 0.00164     |
|    reward             | 0.001497006 |
|    std                | 1.95        |
|    value_loss         | 1.92e-07    |
---------------------------------------
---------------------------------------
| time/                 |             |
|    fps                | 129         |
|    iterations         | 7300        |
|    time_elapsed       | 280         |
|    total_timesteps    | 36500       |
| train/                |             |
|    entropy_loss       | -4.19       |
|    explained_variance | 0           |
|    learning_rate      | 0.0002      |
|    n_updates          | 7299        |
|    policy_loss        | 0.00541     |
|    reward             | 0.005952381 |
|    std                | 1.97        |
|    value_loss         | 2.37e-06    |
---------------------------------------
EPISODE:  38
----------------------------------------
| time/                 |              |
|    fps                | 129          |
|    iterations         | 7400         |
|    time_elapsed       | 284          |
|    total_timesteps    | 37000        |
| train/                |              |
|    entropy_loss       | -4.21        |
|    explained_variance | 0            |
|    learning_rate      | 0.0002       |
|    n_updates          | 7399         |
|    policy_loss        | 0.000505     |
|    reward             | 0.0015174507 |
|    std                | 1.98         |
|    value_loss         | 2.59e-08     |
----------------------------------------
---------------------------------------
| time/                 |             |
|    fps                | 129         |
|    iterations         | 7500        |
|    time_elapsed       | 288         |
|    total_timesteps    | 37500       |
| train/                |             |
|    entropy_loss       | -4.22       |
|    explained_variance | 1.19e-07    |
|    learning_rate      | 0.0002      |
|    n_updates          | 7499        |
|    policy_loss        | 0.00618     |
|    reward             | 0.006289308 |
|    std                | 2           |
|    value_loss         | 2.64e-06    |
---------------------------------------
EPISODE:  39
----------------------------------------
| time/                 |              |
|    fps                | 129          |
|    iterations         | 7600         |
|    time_elapsed       | 292          |
|    total_timesteps    | 38000        |
| train/                |              |
|    entropy_loss       | -4.24        |
|    explained_variance | -1.19e-07    |
|    learning_rate      | 0.0002       |
|    n_updates          | 7599         |
|    policy_loss        | 0.00161      |
|    reward             | 0.0015384615 |
|    std                | 2.01         |
|    value_loss         | 2.47e-07     |
----------------------------------------
---------------------------------------
| time/                 |             |
|    fps                | 129         |
|    iterations         | 7700        |
|    time_elapsed       | 296         |
|    total_timesteps    | 38500       |
| train/                |             |
|    entropy_loss       | -4.26       |
|    explained_variance | 0           |
|    learning_rate      | 0.0002      |
|    n_updates          | 7699        |
|    policy_loss        | 0.00689     |
|    reward             | 0.006666667 |
|    std                | 2.03        |
|    value_loss         | 3.24e-06    |
---------------------------------------
EPISODE:  40
----------------------------------------
| time/                 |              |
|    fps                | 130          |
|    iterations         | 7800         |
|    time_elapsed       | 299          |
|    total_timesteps    | 39000        |
| train/                |              |
|    entropy_loss       | -4.27        |
|    explained_variance | -1.19e-07    |
|    learning_rate      | 0.0002       |
|    n_updates          | 7799         |
|    policy_loss        | 0.000539     |
|    reward             | 0.0015600624 |
|    std                | 2.05         |
|    value_loss         | 2.57e-08     |
----------------------------------------
----------------------------------------
| time/                 |              |
|    fps                | 130          |
|    iterations         | 7900         |
|    time_elapsed       | 303          |
|    total_timesteps    | 39500        |
| train/                |              |
|    entropy_loss       | -4.29        |
|    explained_variance | 0            |
|    learning_rate      | 0.0002       |
|    n_updates          | 7899         |
|    policy_loss        | 0.00714      |
|    reward             | 0.0070921984 |
|    std                | 2.07         |
|    value_loss         | 3.81e-06     |
----------------------------------------
EPISODE:  41
----------------------------------------
| time/                 |              |
|    fps                | 130          |
|    iterations         | 8000         |
|    time_elapsed       | 307          |
|    total_timesteps    | 40000        |
| train/                |              |
|    entropy_loss       | -4.31        |
|    explained_variance | 0            |
|    learning_rate      | 0.0002       |
|    n_updates          | 7999         |
|    policy_loss        | 0.000631     |
|    reward             | 0.0015822785 |
|    std                | 2.09         |
|    value_loss         | 2.86e-08     |
----------------------------------------
---------------------------------------
| time/                 |             |
|    fps                | 129         |
|    iterations         | 8100        |
|    time_elapsed       | 311         |
|    total_timesteps    | 40500       |
| train/                |             |
|    entropy_loss       | -4.33       |
|    explained_variance | 0           |
|    learning_rate      | 0.0002      |
|    n_updates          | 8099        |
|    policy_loss        | 0.00826     |
|    reward             | 0.007575758 |
|    std                | 2.11        |
|    value_loss         | 4.07e-06    |
---------------------------------------
EPISODE:  42
----------------------------------------
| time/                 |              |
|    fps                | 129          |
|    iterations         | 8200         |
|    time_elapsed       | 315          |
|    total_timesteps    | 41000        |
| train/                |              |
|    entropy_loss       | -4.35        |
|    explained_variance | 0            |
|    learning_rate      | 0.0002       |
|    n_updates          | 8199         |
|    policy_loss        | 0.000673     |
|    reward             | 0.0016051364 |
|    std                | 2.13         |
|    value_loss         | 2.99e-08     |
----------------------------------------
---------------------------------------
| time/                 |             |
|    fps                | 129         |
|    iterations         | 8300        |
|    time_elapsed       | 319         |
|    total_timesteps    | 41500       |
| train/                |             |
|    entropy_loss       | -4.38       |
|    explained_variance | 0           |
|    learning_rate      | 0.0002      |
|    n_updates          | 8299        |
|    policy_loss        | -0.0652     |
|    reward             | 0.008130081 |
|    std                | 2.16        |
|    value_loss         | 0.000175    |
---------------------------------------
EPISODE:  43
----------------------------------------
| time/                 |              |
|    fps                | 129          |
|    iterations         | 8400         |
|    time_elapsed       | 324          |
|    total_timesteps    | 42000        |
| train/                |              |
|    entropy_loss       | -4.39        |
|    explained_variance | 1.19e-07     |
|    learning_rate      | 0.0002       |
|    n_updates          | 8399         |
|    policy_loss        | 0.000602     |
|    reward             | 0.0016286644 |
|    std                | 2.18         |
|    value_loss         | 2.91e-08     |
----------------------------------------
--------------------------------------
| time/                 |            |
|    fps                | 129        |
|    iterations         | 8500       |
|    time_elapsed       | 328        |
|    total_timesteps    | 42500      |
| train/                |            |
|    entropy_loss       | -4.42      |
|    explained_variance | 0          |
|    learning_rate      | 0.0002     |
|    n_updates          | 8499       |
|    policy_loss        | 0.00971    |
|    reward             | 0.00877193 |
|    std                | 2.2        |
|    value_loss         | 6.56e-06   |
--------------------------------------
EPISODE:  44
----------------------------------------
| time/                 |              |
|    fps                | 129          |
|    iterations         | 8600         |
|    time_elapsed       | 331          |
|    total_timesteps    | 43000        |
| train/                |              |
|    entropy_loss       | -4.43        |
|    explained_variance | 0            |
|    learning_rate      | 0.0002       |
|    n_updates          | 8599         |
|    policy_loss        | -0.0119      |
|    reward             | 0.0016528926 |
|    std                | 2.21         |
|    value_loss         | 7.16e-06     |
----------------------------------------
--------------------------------------
| time/                 |            |
|    fps                | 129        |
|    iterations         | 8700       |
|    time_elapsed       | 335        |
|    total_timesteps    | 43500      |
| train/                |            |
|    entropy_loss       | -4.44      |
|    explained_variance | 0          |
|    learning_rate      | 0.0002     |
|    n_updates          | 8699       |
|    policy_loss        | 0.0114     |
|    reward             | 0.00952381 |
|    std                | 2.23       |
|    value_loss         | 8.28e-06   |
--------------------------------------
EPISODE:  45
----------------------------------------
| time/                 |              |
|    fps                | 129          |
|    iterations         | 8800         |
|    time_elapsed       | 338          |
|    total_timesteps    | 44000        |
| train/                |              |
|    entropy_loss       | -4.46        |
|    explained_variance | 0            |
|    learning_rate      | 0.0002       |
|    n_updates          | 8799         |
|    policy_loss        | 0.000955     |
|    reward             | 0.0016778524 |
|    std                | 2.25         |
|    value_loss         | 2.7e-08      |
----------------------------------------
---------------------------------------
| time/                 |             |
|    fps                | 129         |
|    iterations         | 8900        |
|    time_elapsed       | 342         |
|    total_timesteps    | 44500       |
| train/                |             |
|    entropy_loss       | -4.48       |
|    explained_variance | -1.19e-07   |
|    learning_rate      | 0.0002      |
|    n_updates          | 8899        |
|    policy_loss        | 0.014       |
|    reward             | 0.010416667 |
|    std                | 2.28        |
|    value_loss         | 9.99e-06    |
---------------------------------------
EPISODE:  46
----------------------------------------
| time/                 |              |
|    fps                | 130          |
|    iterations         | 9000         |
|    time_elapsed       | 345          |
|    total_timesteps    | 45000        |
| train/                |              |
|    entropy_loss       | -4.49        |
|    explained_variance | 0            |
|    learning_rate      | 0.0002       |
|    n_updates          | 8999         |
|    policy_loss        | 0.000705     |
|    reward             | 0.0017035775 |
|    std                | 2.29         |
|    value_loss         | 2.89e-08     |
----------------------------------------
---------------------------------------
| time/                 |             |
|    fps                | 130         |
|    iterations         | 9100        |
|    time_elapsed       | 349         |
|    total_timesteps    | 45500       |
| train/                |             |
|    entropy_loss       | -4.51       |
|    explained_variance | 0           |
|    learning_rate      | 0.0002      |
|    n_updates          | 9099        |
|    policy_loss        | 0.0161      |
|    reward             | 0.011494253 |
|    std                | 2.31        |
|    value_loss         | 1.16e-05    |
---------------------------------------
EPISODE:  47
----------------------------------------
| time/                 |              |
|    fps                | 130          |
|    iterations         | 9200         |
|    time_elapsed       | 353          |
|    total_timesteps    | 46000        |
| train/                |              |
|    entropy_loss       | -4.53        |
|    explained_variance | 0            |
|    learning_rate      | 0.0002       |
|    n_updates          | 9199         |
|    policy_loss        | 0.000584     |
|    reward             | 0.0017301039 |
|    std                | 2.34         |
|    value_loss         | 2.75e-08     |
----------------------------------------
---------------------------------------
| time/                 |             |
|    fps                | 130         |
|    iterations         | 9300        |
|    time_elapsed       | 356         |
|    total_timesteps    | 46500       |
| train/                |             |
|    entropy_loss       | -4.56       |
|    explained_variance | 0           |
|    learning_rate      | 0.0002      |
|    n_updates          | 9299        |
|    policy_loss        | 0.0174      |
|    reward             | 0.012820513 |
|    std                | 2.36        |
|    value_loss         | 1.89e-05    |
---------------------------------------
EPISODE:  48
----------------------------------------
| time/                 |              |
|    fps                | 130          |
|    iterations         | 9400         |
|    time_elapsed       | 360          |
|    total_timesteps    | 47000        |
| train/                |              |
|    entropy_loss       | -4.58        |
|    explained_variance | 0            |
|    learning_rate      | 0.0002       |
|    n_updates          | 9399         |
|    policy_loss        | 0.000641     |
|    reward             | 0.0017574693 |
|    std                | 2.39         |
|    value_loss         | 2.78e-08     |
----------------------------------------
---------------------------------------
| time/                 |             |
|    fps                | 130         |
|    iterations         | 9500        |
|    time_elapsed       | 364         |
|    total_timesteps    | 47500       |
| train/                |             |
|    entropy_loss       | -4.6        |
|    explained_variance | 0           |
|    learning_rate      | 0.0002      |
|    n_updates          | 9499        |
|    policy_loss        | 0.0204      |
|    reward             | 0.014492754 |
|    std                | 2.42        |
|    value_loss         | 2.76e-05    |
---------------------------------------
EPISODE:  49
----------------------------------------
| time/                 |              |
|    fps                | 130          |
|    iterations         | 9600         |
|    time_elapsed       | 367          |
|    total_timesteps    | 48000        |
| train/                |              |
|    entropy_loss       | -4.62        |
|    explained_variance | 0            |
|    learning_rate      | 0.0002       |
|    n_updates          | 9599         |
|    policy_loss        | 0.000842     |
|    reward             | 0.0017857143 |
|    std                | 2.43         |
|    value_loss         | 3.84e-08     |
----------------------------------------
---------------------------------------
| time/                 |             |
|    fps                | 130         |
|    iterations         | 9700        |
|    time_elapsed       | 371         |
|    total_timesteps    | 48500       |
| train/                |             |
|    entropy_loss       | -4.64       |
|    explained_variance | 0           |
|    learning_rate      | 0.0002      |
|    n_updates          | 9699        |
|    policy_loss        | 0.0441      |
|    reward             | 0.016666668 |
|    std                | 2.46        |
|    value_loss         | 0.000117    |
---------------------------------------
EPISODE:  50
---------------------------------------
| time/                 |             |
|    fps                | 130         |
|    iterations         | 9800        |
|    time_elapsed       | 375         |
|    total_timesteps    | 49000       |
| train/                |             |
|    entropy_loss       | -4.66       |
|    explained_variance | 0           |
|    learning_rate      | 0.0002      |
|    n_updates          | 9799        |
|    policy_loss        | 0.000728    |
|    reward             | 0.001814882 |
|    std                | 2.48        |
|    value_loss         | 2.71e-08    |
---------------------------------------
---------------------------------------
| time/                 |             |
|    fps                | 130         |
|    iterations         | 9900        |
|    time_elapsed       | 379         |
|    total_timesteps    | 49500       |
| train/                |             |
|    entropy_loss       | -4.68       |
|    explained_variance | 0           |
|    learning_rate      | 0.0002      |
|    n_updates          | 9899        |
|    policy_loss        | 0.0335      |
|    reward             | 0.019607844 |
|    std                | 2.51        |
|    value_loss         | 6.81e-05    |
---------------------------------------
EPISODE:  51
----------------------------------------
| time/                 |              |
|    fps                | 130          |
|    iterations         | 10000        |
|    time_elapsed       | 382          |
|    total_timesteps    | 50000        |
| train/                |              |
|    entropy_loss       | -4.7         |
|    explained_variance | 1.19e-07     |
|    learning_rate      | 0.0002       |
|    n_updates          | 9999         |
|    policy_loss        | 0.000832     |
|    reward             | 0.0018450185 |
|    std                | 2.54         |
|    value_loss         | 3.02e-08     |
----------------------------------------
Saved episode log to Results\250619_hc_binary_udp\a2c\downward\training_logs\05.csv
