EPISODE:  0
{'batch_size': 128, 'buffer_size': 50000, 'learning_rate': 0.001}
Using cpu device
EPISODE:  1
EPISODE:  2
EPISODE:  3
EPISODE:  4
EPISODE:  5
---------------------------------
| time/              |          |
|    episodes        | 4        |
|    fps             | 27       |
|    time_elapsed    | 146      |
|    total_timesteps | 3964     |
| train/             |          |
|    actor_loss      | 9.28     |
|    critic_loss     | 0.539    |
|    learning_rate   | 0.001    |
|    n_updates       | 3863     |
|    reward          | -0.5     |
---------------------------------
EPISODE:  6
EPISODE:  7
EPISODE:  8
EPISODE:  9
---------------------------------
| time/              |          |
|    episodes        | 8        |
|    fps             | 24       |
|    time_elapsed    | 329      |
|    total_timesteps | 7928     |
| train/             |          |
|    actor_loss      | 5.85     |
|    critic_loss     | 0.543    |
|    learning_rate   | 0.001    |
|    n_updates       | 7827     |
|    reward          | -0.5     |
---------------------------------
EPISODE:  10
EPISODE:  11
EPISODE:  12
EPISODE:  13
---------------------------------
| time/              |          |
|    episodes        | 12       |
|    fps             | 23       |
|    time_elapsed    | 507      |
|    total_timesteps | 11892    |
| train/             |          |
|    actor_loss      | 16.1     |
|    critic_loss     | 0.00395  |
|    learning_rate   | 0.001    |
|    n_updates       | 11791    |
|    reward          | -0.5     |
---------------------------------
EPISODE:  14
EPISODE:  15
EPISODE:  16
EPISODE:  17
---------------------------------
| time/              |          |
|    episodes        | 16       |
|    fps             | 20       |
|    time_elapsed    | 764      |
|    total_timesteps | 15856    |
| train/             |          |
|    actor_loss      | 13.4     |
|    critic_loss     | 0.0533   |
|    learning_rate   | 0.001    |
|    n_updates       | 15755    |
|    reward          | -0.5     |
---------------------------------
EPISODE:  18
EPISODE:  19
EPISODE:  20
EPISODE:  21
---------------------------------
| time/              |          |
|    episodes        | 20       |
|    fps             | 19       |
|    time_elapsed    | 1012     |
|    total_timesteps | 19820    |
| train/             |          |
|    actor_loss      | 12.5     |
|    critic_loss     | 0.00228  |
|    learning_rate   | 0.001    |
|    n_updates       | 19719    |
|    reward          | -0.5     |
---------------------------------
EPISODE:  22
EPISODE:  23
EPISODE:  24
EPISODE:  25
---------------------------------
| time/              |          |
|    episodes        | 24       |
|    fps             | 20       |
|    time_elapsed    | 1187     |
|    total_timesteps | 23784    |
| train/             |          |
|    actor_loss      | 9.48     |
|    critic_loss     | 4.24e-05 |
|    learning_rate   | 0.001    |
|    n_updates       | 23683    |
|    reward          | -0.5     |
---------------------------------
EPISODE:  26
EPISODE:  27
EPISODE:  28
EPISODE:  29
---------------------------------
| time/              |          |
|    episodes        | 28       |
|    fps             | 20       |
|    time_elapsed    | 1352     |
|    total_timesteps | 27748    |
| train/             |          |
|    actor_loss      | 7.81     |
|    critic_loss     | 6.64e-05 |
|    learning_rate   | 0.001    |
|    n_updates       | 27647    |
|    reward          | -0.5     |
---------------------------------
EPISODE:  30
EPISODE:  31
EPISODE:  32
EPISODE:  33
---------------------------------
| time/              |          |
|    episodes        | 32       |
|    fps             | 20       |
|    time_elapsed    | 1525     |
|    total_timesteps | 31712    |
| train/             |          |
|    actor_loss      | 5.98     |
|    critic_loss     | 0.000514 |
|    learning_rate   | 0.001    |
|    n_updates       | 31611    |
|    reward          | -0.5     |
---------------------------------
EPISODE:  34
EPISODE:  35
EPISODE:  36
EPISODE:  37
---------------------------------
| time/              |          |
|    episodes        | 36       |
|    fps             | 20       |
|    time_elapsed    | 1711     |
|    total_timesteps | 35676    |
| train/             |          |
|    actor_loss      | 4.71     |
|    critic_loss     | 0.00042  |
|    learning_rate   | 0.001    |
|    n_updates       | 35575    |
|    reward          | -0.5     |
---------------------------------
EPISODE:  38
EPISODE:  39
EPISODE:  40
EPISODE:  41
---------------------------------
| time/              |          |
|    episodes        | 40       |
|    fps             | 20       |
|    time_elapsed    | 1913     |
|    total_timesteps | 39640    |
| train/             |          |
|    actor_loss      | 3.9      |
|    critic_loss     | 0.000117 |
|    learning_rate   | 0.001    |
|    n_updates       | 39539    |
|    reward          | -0.5     |
---------------------------------
EPISODE:  42
