EPISODE:  0
{'batch_size': 128, 'buffer_size': 50000, 'learning_rate': 0.001}
Using cpu device
EPISODE:  1
EPISODE:  2
EPISODE:  3
EPISODE:  4
EPISODE:  5
------------------------------------
| time/              |             |
|    episodes        | 4           |
|    fps             | 30          |
|    time_elapsed    | 130         |
|    total_timesteps | 3964        |
| train/             |             |
|    actor_loss      | 14.5        |
|    critic_loss     | 0.426       |
|    learning_rate   | 0.001       |
|    n_updates       | 3863        |
|    reward          | 0.012346726 |
------------------------------------
EPISODE:  6
EPISODE:  7
EPISODE:  8
EPISODE:  9
------------------------------------
| time/              |             |
|    episodes        | 8           |
|    fps             | 27          |
|    time_elapsed    | 286         |
|    total_timesteps | 7928        |
| train/             |             |
|    actor_loss      | 11.9        |
|    critic_loss     | 0.745       |
|    learning_rate   | 0.001       |
|    n_updates       | 7827        |
|    reward          | 0.012346726 |
------------------------------------
EPISODE:  10
EPISODE:  11
EPISODE:  12
EPISODE:  13
------------------------------------
| time/              |             |
|    episodes        | 12          |
|    fps             | 25          |
|    time_elapsed    | 474         |
|    total_timesteps | 11892       |
| train/             |             |
|    actor_loss      | 11.7        |
|    critic_loss     | 0.0647      |
|    learning_rate   | 0.001       |
|    n_updates       | 11791       |
|    reward          | 0.012346726 |
------------------------------------
EPISODE:  14
EPISODE:  15
EPISODE:  16
EPISODE:  17
------------------------------------
| time/              |             |
|    episodes        | 16          |
|    fps             | 23          |
|    time_elapsed    | 668         |
|    total_timesteps | 15856       |
| train/             |             |
|    actor_loss      | 11.2        |
|    critic_loss     | 0.0407      |
|    learning_rate   | 0.001       |
|    n_updates       | 15755       |
|    reward          | 0.012346726 |
------------------------------------
EPISODE:  18
EPISODE:  19
EPISODE:  20
EPISODE:  21
------------------------------------
| time/              |             |
|    episodes        | 20          |
|    fps             | 22          |
|    time_elapsed    | 868         |
|    total_timesteps | 19820       |
| train/             |             |
|    actor_loss      | 8.41        |
|    critic_loss     | 0.0232      |
|    learning_rate   | 0.001       |
|    n_updates       | 19719       |
|    reward          | 0.012346726 |
------------------------------------
EPISODE:  22
EPISODE:  23
EPISODE:  24
EPISODE:  25
------------------------------------
| time/              |             |
|    episodes        | 24          |
|    fps             | 22          |
|    time_elapsed    | 1072        |
|    total_timesteps | 23784       |
| train/             |             |
|    actor_loss      | 6.86        |
|    critic_loss     | 0.0274      |
|    learning_rate   | 0.001       |
|    n_updates       | 23683       |
|    reward          | 0.012346726 |
------------------------------------
EPISODE:  26
EPISODE:  27
EPISODE:  28
EPISODE:  29
------------------------------------
| time/              |             |
|    episodes        | 28          |
|    fps             | 21          |
|    time_elapsed    | 1273        |
|    total_timesteps | 27748       |
| train/             |             |
|    actor_loss      | 5.37        |
|    critic_loss     | 0.0148      |
|    learning_rate   | 0.001       |
|    n_updates       | 27647       |
|    reward          | 0.012346726 |
------------------------------------
EPISODE:  30
EPISODE:  31
EPISODE:  32
EPISODE:  33
------------------------------------
| time/              |             |
|    episodes        | 32          |
|    fps             | 21          |
|    time_elapsed    | 1467        |
|    total_timesteps | 31712       |
| train/             |             |
|    actor_loss      | 4.37        |
|    critic_loss     | 0.0103      |
|    learning_rate   | 0.001       |
|    n_updates       | 31611       |
|    reward          | 0.012346726 |
------------------------------------
EPISODE:  34
EPISODE:  35
EPISODE:  36
EPISODE:  37
------------------------------------
| time/              |             |
|    episodes        | 36          |
|    fps             | 21          |
|    time_elapsed    | 1661        |
|    total_timesteps | 35676       |
| train/             |             |
|    actor_loss      | 3.43        |
|    critic_loss     | 0.00714     |
|    learning_rate   | 0.001       |
|    n_updates       | 35575       |
|    reward          | 0.012346726 |
------------------------------------
EPISODE:  38
EPISODE:  39
EPISODE:  40
EPISODE:  41
------------------------------------
| time/              |             |
|    episodes        | 40          |
|    fps             | 21          |
|    time_elapsed    | 1849        |
|    total_timesteps | 39640       |
| train/             |             |
|    actor_loss      | 2.71        |
|    critic_loss     | 0.00691     |
|    learning_rate   | 0.001       |
|    n_updates       | 39539       |
|    reward          | 0.012346726 |
------------------------------------
EPISODE:  42
EPISODE:  43
EPISODE:  44
EPISODE:  45
------------------------------------
| time/              |             |
|    episodes        | 44          |
|    fps             | 21          |
|    time_elapsed    | 2036        |
|    total_timesteps | 43604       |
| train/             |             |
|    actor_loss      | 2.18        |
|    critic_loss     | 0.00263     |
|    learning_rate   | 0.001       |
|    n_updates       | 43503       |
|    reward          | 0.012346726 |
------------------------------------
EPISODE:  46
EPISODE:  47
EPISODE:  48
EPISODE:  49
------------------------------------
| time/              |             |
|    episodes        | 48          |
|    fps             | 21          |
|    time_elapsed    | 2222        |
|    total_timesteps | 47568       |
| train/             |             |
|    actor_loss      | 1.76        |
|    critic_loss     | 0.00115     |
|    learning_rate   | 0.001       |
|    n_updates       | 47467       |
|    reward          | 0.012346726 |
------------------------------------
EPISODE:  50
EPISODE:  51
Saved episode log to Results\250619_hc_binary_udp_noise\ddpg\downward_noise\training_logs\02.csv
