EPISODE:  0
{'n_steps': 5, 'ent_coef': 0.005, 'learning_rate': 0.0002}
Using cpu device
EPISODE:  1
---------------------------------------
| time/                 |             |
|    fps                | 65          |
|    iterations         | 100         |
|    time_elapsed       | 7           |
|    total_timesteps    | 500         |
| train/                |             |
|    entropy_loss       | -2.86       |
|    explained_variance | 0           |
|    learning_rate      | 0.0002      |
|    n_updates          | 99          |
|    policy_loss        | -0.0469     |
|    reward             | 0.010558802 |
|    std                | 1.01        |
|    value_loss         | 0.000527    |
---------------------------------------
EPISODE:  2
---------------------------------------
| time/                 |             |
|    fps                | 62          |
|    iterations         | 200         |
|    time_elapsed       | 15          |
|    total_timesteps    | 1000        |
| train/                |             |
|    entropy_loss       | -2.87       |
|    explained_variance | -0.355      |
|    learning_rate      | 0.0002      |
|    n_updates          | 199         |
|    policy_loss        | 0.0342      |
|    reward             | 0.011032727 |
|    std                | 1.02        |
|    value_loss         | 0.000665    |
---------------------------------------
---------------------------------------
| time/                 |             |
|    fps                | 62          |
|    iterations         | 300         |
|    time_elapsed       | 24          |
|    total_timesteps    | 1500        |
| train/                |             |
|    entropy_loss       | -2.89       |
|    explained_variance | -165        |
|    learning_rate      | 0.0002      |
|    n_updates          | 299         |
|    policy_loss        | 0.207       |
|    reward             | 0.006658222 |
|    std                | 1.02        |
|    value_loss         | 0.00873     |
---------------------------------------
EPISODE:  3
---------------------------------------
| time/                 |             |
|    fps                | 62          |
|    iterations         | 400         |
|    time_elapsed       | 32          |
|    total_timesteps    | 2000        |
| train/                |             |
|    entropy_loss       | -2.89       |
|    explained_variance | 0           |
|    learning_rate      | 0.0002      |
|    n_updates          | 399         |
|    policy_loss        | 0.014       |
|    reward             | 0.012324929 |
|    std                | 1.03        |
|    value_loss         | 6.84e-05    |
---------------------------------------
--------------------------------------
| time/                 |            |
|    fps                | 62         |
|    iterations         | 500        |
|    time_elapsed       | 39         |
|    total_timesteps    | 2500       |
| train/                |            |
|    entropy_loss       | -2.9       |
|    explained_variance | 1.19e-07   |
|    learning_rate      | 0.0002     |
|    n_updates          | 499        |
|    policy_loss        | 0.00223    |
|    reward             | 0.01468709 |
|    std                | 1.03       |
|    value_loss         | 0.000164   |
--------------------------------------
EPISODE:  4
----------------------------------------
| time/                 |              |
|    fps                | 62           |
|    iterations         | 600          |
|    time_elapsed       | 48           |
|    total_timesteps    | 3000         |
| train/                |              |
|    entropy_loss       | -2.9         |
|    explained_variance | -38.7        |
|    learning_rate      | 0.0002       |
|    n_updates          | 599          |
|    policy_loss        | -0.224       |
|    reward             | 0.0073703793 |
|    std                | 1.03         |
|    value_loss         | 0.0149       |
----------------------------------------
----------------------------------------
| time/                 |              |
|    fps                | 61           |
|    iterations         | 700          |
|    time_elapsed       | 56           |
|    total_timesteps    | 3500         |
| train/                |              |
|    entropy_loss       | -2.91        |
|    explained_variance | 4.86e-05     |
|    learning_rate      | 0.0002       |
|    n_updates          | 699          |
|    policy_loss        | 0.0694       |
|    reward             | 0.0010713692 |
|    std                | 1.04         |
|    value_loss         | 0.00144      |
----------------------------------------
EPISODE:  5
----------------------------------------
| time/                 |              |
|    fps                | 61           |
|    iterations         | 800          |
|    time_elapsed       | 65           |
|    total_timesteps    | 4000         |
| train/                |              |
|    entropy_loss       | -2.92        |
|    explained_variance | 0            |
|    learning_rate      | 0.0002       |
|    n_updates          | 799          |
|    policy_loss        | -0.0949      |
|    reward             | -0.014312281 |
|    std                | 1.04         |
|    value_loss         | 0.00132      |
----------------------------------------
----------------------------------------
| time/                 |              |
|    fps                | 61           |
|    iterations         | 900          |
|    time_elapsed       | 72           |
|    total_timesteps    | 4500         |
| train/                |              |
|    entropy_loss       | -2.93        |
|    explained_variance | 0            |
|    learning_rate      | 0.0002       |
|    n_updates          | 899          |
|    policy_loss        | -0.0358      |
|    reward             | -0.015150484 |
|    std                | 1.05         |
|    value_loss         | 0.000179     |
----------------------------------------
EPISODE:  6
----------------------------------------
| time/                 |              |
|    fps                | 61           |
|    iterations         | 1000         |
|    time_elapsed       | 81           |
|    total_timesteps    | 5000         |
| train/                |              |
|    entropy_loss       | -2.93        |
|    explained_variance | -11.7        |
|    learning_rate      | 0.0002       |
|    n_updates          | 999          |
|    policy_loss        | 1.34         |
|    reward             | 0.0002863623 |
|    std                | 1.05         |
|    value_loss         | 0.185        |
----------------------------------------
-----------------------------------------
| time/                 |               |
|    fps                | 61            |
|    iterations         | 1100          |
|    time_elapsed       | 89            |
|    total_timesteps    | 5500          |
| train/                |               |
|    entropy_loss       | -2.94         |
|    explained_variance | 4.49e-05      |
|    learning_rate      | 0.0002        |
|    n_updates          | 1099          |
|    policy_loss        | -0.11         |
|    reward             | -0.0050641634 |
|    std                | 1.05          |
|    value_loss         | 0.00137       |
-----------------------------------------
EPISODE:  7
---------------------------------------
| time/                 |             |
|    fps                | 61          |
|    iterations         | 1200        |
|    time_elapsed       | 97          |
|    total_timesteps    | 6000        |
| train/                |             |
|    entropy_loss       | -2.95       |
|    explained_variance | 1.19e-07    |
|    learning_rate      | 0.0002      |
|    n_updates          | 1199        |
|    policy_loss        | 0.00716     |
|    reward             | 0.014299878 |
|    std                | 1.06        |
|    value_loss         | 1.13e-05    |
---------------------------------------
---------------------------------------
| time/                 |             |
|    fps                | 61          |
|    iterations         | 1300        |
|    time_elapsed       | 106         |
|    total_timesteps    | 6500        |
| train/                |             |
|    entropy_loss       | -2.96       |
|    explained_variance | 5.34e-05    |
|    learning_rate      | 0.0002      |
|    n_updates          | 1299        |
|    policy_loss        | -0.0161     |
|    reward             | 0.011658594 |
|    std                | 1.06        |
|    value_loss         | 8.32e-05    |
---------------------------------------
EPISODE:  8
----------------------------------------
| time/                 |              |
|    fps                | 61           |
|    iterations         | 1400         |
|    time_elapsed       | 114          |
|    total_timesteps    | 7000         |
| train/                |              |
|    entropy_loss       | -2.97        |
|    explained_variance | 1.41e-05     |
|    learning_rate      | 0.0002       |
|    n_updates          | 1399         |
|    policy_loss        | 0.0293       |
|    reward             | 0.0067086923 |
|    std                | 1.07         |
|    value_loss         | 0.000164     |
----------------------------------------
---------------------------------------
| time/                 |             |
|    fps                | 61          |
|    iterations         | 1500        |
|    time_elapsed       | 122         |
|    total_timesteps    | 7500        |
| train/                |             |
|    entropy_loss       | -2.98       |
|    explained_variance | 0           |
|    learning_rate      | 0.0002      |
|    n_updates          | 1499        |
|    policy_loss        | 0.0886      |
|    reward             | 0.011676066 |
|    std                | 1.07        |
|    value_loss         | 0.00114     |
---------------------------------------
EPISODE:  9
----------------------------------------
| time/                 |              |
|    fps                | 61           |
|    iterations         | 1600         |
|    time_elapsed       | 130          |
|    total_timesteps    | 8000         |
| train/                |              |
|    entropy_loss       | -2.99        |
|    explained_variance | 0            |
|    learning_rate      | 0.0002       |
|    n_updates          | 1599         |
|    policy_loss        | 0.0248       |
|    reward             | -0.012851798 |
|    std                | 1.08         |
|    value_loss         | 0.000143     |
----------------------------------------
----------------------------------------
| time/                 |              |
|    fps                | 61           |
|    iterations         | 1700         |
|    time_elapsed       | 138          |
|    total_timesteps    | 8500         |
| train/                |              |
|    entropy_loss       | -3           |
|    explained_variance | 0.0159       |
|    learning_rate      | 0.0002       |
|    n_updates          | 1699         |
|    policy_loss        | 0.109        |
|    reward             | -0.008340152 |
|    std                | 1.08         |
|    value_loss         | 0.00121      |
----------------------------------------
EPISODE:  10
----------------------------------------
| time/                 |              |
|    fps                | 61           |
|    iterations         | 1800         |
|    time_elapsed       | 146          |
|    total_timesteps    | 9000         |
| train/                |              |
|    entropy_loss       | -3.01        |
|    explained_variance | 0            |
|    learning_rate      | 0.0002       |
|    n_updates          | 1799         |
|    policy_loss        | -0.0756      |
|    reward             | -0.010742132 |
|    std                | 1.09         |
|    value_loss         | 0.000955     |
----------------------------------------
----------------------------------------
| time/                 |              |
|    fps                | 61           |
|    iterations         | 1900         |
|    time_elapsed       | 154          |
|    total_timesteps    | 9500         |
| train/                |              |
|    entropy_loss       | -3.02        |
|    explained_variance | 1.19e-07     |
|    learning_rate      | 0.0002       |
|    n_updates          | 1899         |
|    policy_loss        | 0.0489       |
|    reward             | -0.013944521 |
|    std                | 1.09         |
|    value_loss         | 0.000279     |
----------------------------------------
EPISODE:  11
---------------------------------------
| time/                 |             |
|    fps                | 61          |
|    iterations         | 2000        |
|    time_elapsed       | 161         |
|    total_timesteps    | 10000       |
| train/                |             |
|    entropy_loss       | -3.03       |
|    explained_variance | -1.42e+03   |
|    learning_rate      | 0.0002      |
|    n_updates          | 1999        |
|    policy_loss        | 1.5         |
|    reward             | 0.006434693 |
|    std                | 1.1         |
|    value_loss         | 0.252       |
---------------------------------------
----------------------------------------
| time/                 |              |
|    fps                | 61           |
|    iterations         | 2100         |
|    time_elapsed       | 170          |
|    total_timesteps    | 10500        |
| train/                |              |
|    entropy_loss       | -3.04        |
|    explained_variance | -6.07        |
|    learning_rate      | 0.0002       |
|    n_updates          | 2099         |
|    policy_loss        | 2.51         |
|    reward             | 0.0012191794 |
|    std                | 1.11         |
|    value_loss         | 0.524        |
----------------------------------------
EPISODE:  12
---------------------------------------
| time/                 |             |
|    fps                | 61          |
|    iterations         | 2200        |
|    time_elapsed       | 178         |
|    total_timesteps    | 11000       |
| train/                |             |
|    entropy_loss       | -3.05       |
|    explained_variance | 0           |
|    learning_rate      | 0.0002      |
|    n_updates          | 2199        |
|    policy_loss        | 0.064       |
|    reward             | 0.014736046 |
|    std                | 1.11        |
|    value_loss         | 0.000497    |
---------------------------------------
---------------------------------------
| time/                 |             |
|    fps                | 61          |
|    iterations         | 2300        |
|    time_elapsed       | 187         |
|    total_timesteps    | 11500       |
| train/                |             |
|    entropy_loss       | -3.06       |
|    explained_variance | -1.19e-07   |
|    learning_rate      | 0.0002      |
|    n_updates          | 2299        |
|    policy_loss        | -0.0242     |
|    reward             | 0.014559105 |
|    std                | 1.12        |
|    value_loss         | 6.29e-05    |
---------------------------------------
EPISODE:  13
----------------------------------------
| time/                 |              |
|    fps                | 61           |
|    iterations         | 2400         |
|    time_elapsed       | 195          |
|    total_timesteps    | 12000        |
| train/                |              |
|    entropy_loss       | -3.07        |
|    explained_variance | 0.00171      |
|    learning_rate      | 0.0002       |
|    n_updates          | 2399         |
|    policy_loss        | 0.122        |
|    reward             | 0.0007696414 |
|    std                | 1.12         |
|    value_loss         | 0.00259      |
----------------------------------------
----------------------------------------
| time/                 |              |
|    fps                | 61           |
|    iterations         | 2500         |
|    time_elapsed       | 204          |
|    total_timesteps    | 12500        |
| train/                |              |
|    entropy_loss       | -3.08        |
|    explained_variance | -129         |
|    learning_rate      | 0.0002       |
|    n_updates          | 2499         |
|    policy_loss        | -1.07        |
|    reward             | 0.0056839166 |
|    std                | 1.13         |
|    value_loss         | 0.217        |
----------------------------------------
EPISODE:  14
---------------------------------------
| time/                 |             |
|    fps                | 61          |
|    iterations         | 2600        |
|    time_elapsed       | 212         |
|    total_timesteps    | 13000       |
| train/                |             |
|    entropy_loss       | -3.09       |
|    explained_variance | 0           |
|    learning_rate      | 0.0002      |
|    n_updates          | 2599        |
|    policy_loss        | -0.0537     |
|    reward             | -0.01513193 |
|    std                | 1.13        |
|    value_loss         | 0.000289    |
---------------------------------------
----------------------------------------
| time/                 |              |
|    fps                | 61           |
|    iterations         | 2700         |
|    time_elapsed       | 221          |
|    total_timesteps    | 13500        |
| train/                |              |
|    entropy_loss       | -3.1         |
|    explained_variance | 0            |
|    learning_rate      | 0.0002       |
|    n_updates          | 2699         |
|    policy_loss        | 0.00707      |
|    reward             | -0.013402906 |
|    std                | 1.14         |
|    value_loss         | 4.3e-05      |
----------------------------------------
EPISODE:  15
-----------------------------------------
| time/                 |               |
|    fps                | 61            |
|    iterations         | 2800          |
|    time_elapsed       | 229           |
|    total_timesteps    | 14000         |
| train/                |               |
|    entropy_loss       | -3.11         |
|    explained_variance | 0             |
|    learning_rate      | 0.0002        |
|    n_updates          | 2799          |
|    policy_loss        | -0.0974       |
|    reward             | -0.0052992087 |
|    std                | 1.15          |
|    value_loss         | 0.00147       |
-----------------------------------------
-----------------------------------------
| time/                 |               |
|    fps                | 61            |
|    iterations         | 2900          |
|    time_elapsed       | 237           |
|    total_timesteps    | 14500         |
| train/                |               |
|    entropy_loss       | -3.12         |
|    explained_variance | 0             |
|    learning_rate      | 0.0002        |
|    n_updates          | 2899          |
|    policy_loss        | -0.0815       |
|    reward             | -0.0100348005 |
|    std                | 1.15          |
|    value_loss         | 0.00118       |
-----------------------------------------
EPISODE:  16
---------------------------------------
| time/                 |             |
|    fps                | 61          |
|    iterations         | 3000        |
|    time_elapsed       | 245         |
|    total_timesteps    | 15000       |
| train/                |             |
|    entropy_loss       | -3.13       |
|    explained_variance | 0.0136      |
|    learning_rate      | 0.0002      |
|    n_updates          | 2999        |
|    policy_loss        | -0.0504     |
|    reward             | 0.011497315 |
|    std                | 1.16        |
|    value_loss         | 0.000193    |
---------------------------------------
----------------------------------------
| time/                 |              |
|    fps                | 61           |
|    iterations         | 3100         |
|    time_elapsed       | 254          |
|    total_timesteps    | 15500        |
| train/                |              |
|    entropy_loss       | -3.14        |
|    explained_variance | -150         |
|    learning_rate      | 0.0002       |
|    n_updates          | 3099         |
|    policy_loss        | 0.307        |
|    reward             | 0.0072704633 |
|    std                | 1.16         |
|    value_loss         | 0.0389       |
----------------------------------------
EPISODE:  17
---------------------------------------
| time/                 |             |
|    fps                | 60          |
|    iterations         | 3200        |
|    time_elapsed       | 262         |
|    total_timesteps    | 16000       |
| train/                |             |
|    entropy_loss       | -3.15       |
|    explained_variance | 0.359       |
|    learning_rate      | 0.0002      |
|    n_updates          | 3199        |
|    policy_loss        | -1.26       |
|    reward             | 0.011854298 |
|    std                | 1.17        |
|    value_loss         | 0.206       |
---------------------------------------
---------------------------------------
| time/                 |             |
|    fps                | 60          |
|    iterations         | 3300        |
|    time_elapsed       | 271         |
|    total_timesteps    | 16500       |
| train/                |             |
|    entropy_loss       | -3.16       |
|    explained_variance | 0           |
|    learning_rate      | 0.0002      |
|    n_updates          | 3299        |
|    policy_loss        | 0.113       |
|    reward             | 0.014524048 |
|    std                | 1.17        |
|    value_loss         | 0.000849    |
---------------------------------------
EPISODE:  18
----------------------------------------
| time/                 |              |
|    fps                | 60           |
|    iterations         | 3400         |
|    time_elapsed       | 279          |
|    total_timesteps    | 17000        |
| train/                |              |
|    entropy_loss       | -3.17        |
|    explained_variance | 0            |
|    learning_rate      | 0.0002       |
|    n_updates          | 3399         |
|    policy_loss        | 0.0764       |
|    reward             | -0.008088166 |
|    std                | 1.18         |
|    value_loss         | 0.000823     |
----------------------------------------
-----------------------------------------
| time/                 |               |
|    fps                | 60            |
|    iterations         | 3500          |
|    time_elapsed       | 288           |
|    total_timesteps    | 17500         |
| train/                |               |
|    entropy_loss       | -3.18         |
|    explained_variance | 3.16e-06      |
|    learning_rate      | 0.0002        |
|    n_updates          | 3499          |
|    policy_loss        | 0.174         |
|    reward             | -0.0019076957 |
|    std                | 1.19          |
|    value_loss         | 0.00225       |
-----------------------------------------
EPISODE:  19
----------------------------------------
| time/                 |              |
|    fps                | 60           |
|    iterations         | 3600         |
|    time_elapsed       | 297          |
|    total_timesteps    | 18000        |
| train/                |              |
|    entropy_loss       | -3.19        |
|    explained_variance | 0            |
|    learning_rate      | 0.0002       |
|    n_updates          | 3599         |
|    policy_loss        | -0.108       |
|    reward             | -0.014047668 |
|    std                | 1.19         |
|    value_loss         | 0.00117      |
----------------------------------------
----------------------------------------
| time/                 |              |
|    fps                | 60           |
|    iterations         | 3700         |
|    time_elapsed       | 305          |
|    total_timesteps    | 18500        |
| train/                |              |
|    entropy_loss       | -3.19        |
|    explained_variance | 0            |
|    learning_rate      | 0.0002       |
|    n_updates          | 3699         |
|    policy_loss        | -0.0492      |
|    reward             | -0.015175003 |
|    std                | 1.2          |
|    value_loss         | 0.000326     |
----------------------------------------
EPISODE:  20
-----------------------------------------
| time/                 |               |
|    fps                | 60            |
|    iterations         | 3800          |
|    time_elapsed       | 314           |
|    total_timesteps    | 19000         |
| train/                |               |
|    entropy_loss       | -3.21         |
|    explained_variance | -40.3         |
|    learning_rate      | 0.0002        |
|    n_updates          | 3799          |
|    policy_loss        | 0.123         |
|    reward             | 0.00097274664 |
|    std                | 1.2           |
|    value_loss         | 0.0174        |
-----------------------------------------
-----------------------------------------
| time/                 |               |
|    fps                | 60            |
|    iterations         | 3900          |
|    time_elapsed       | 322           |
|    total_timesteps    | 19500         |
| train/                |               |
|    entropy_loss       | -3.22         |
|    explained_variance | -1.93         |
|    learning_rate      | 0.0002        |
|    n_updates          | 3899          |
|    policy_loss        | 1.03          |
|    reward             | -0.0044047465 |
|    std                | 1.21          |
|    value_loss         | 0.0671        |
-----------------------------------------
EPISODE:  21
---------------------------------------
| time/                 |             |
|    fps                | 60          |
|    iterations         | 4000        |
|    time_elapsed       | 330         |
|    total_timesteps    | 20000       |
| train/                |             |
|    entropy_loss       | -3.22       |
|    explained_variance | 0           |
|    learning_rate      | 0.0002      |
|    n_updates          | 3999        |
|    policy_loss        | 0.045       |
|    reward             | 0.014496665 |
|    std                | 1.21        |
|    value_loss         | 0.000274    |
---------------------------------------
---------------------------------------
| time/                 |             |
|    fps                | 60          |
|    iterations         | 4100        |
|    time_elapsed       | 338         |
|    total_timesteps    | 20500       |
| train/                |             |
|    entropy_loss       | -3.23       |
|    explained_variance | 0           |
|    learning_rate      | 0.0002      |
|    n_updates          | 4099        |
|    policy_loss        | 0.000627    |
|    reward             | 0.012089991 |
|    std                | 1.22        |
|    value_loss         | 1.37e-05    |
---------------------------------------
EPISODE:  22
----------------------------------------
| time/                 |              |
|    fps                | 60           |
|    iterations         | 4200         |
|    time_elapsed       | 347          |
|    total_timesteps    | 21000        |
| train/                |              |
|    entropy_loss       | -3.24        |
|    explained_variance | -7.55        |
|    learning_rate      | 0.0002       |
|    n_updates          | 4199         |
|    policy_loss        | -0.179       |
|    reward             | 0.0059587792 |
|    std                | 1.22         |
|    value_loss         | 0.00708      |
----------------------------------------
---------------------------------------
| time/                 |             |
|    fps                | 60          |
|    iterations         | 4300        |
|    time_elapsed       | 355         |
|    total_timesteps    | 21500       |
| train/                |             |
|    entropy_loss       | -3.24       |
|    explained_variance | 0.0053      |
|    learning_rate      | 0.0002      |
|    n_updates          | 4299        |
|    policy_loss        | -0.0234     |
|    reward             | 0.011156375 |
|    std                | 1.23        |
|    value_loss         | 0.000436    |
---------------------------------------
EPISODE:  23
----------------------------------------
| time/                 |              |
|    fps                | 60           |
|    iterations         | 4400         |
|    time_elapsed       | 364          |
|    total_timesteps    | 22000        |
| train/                |              |
|    entropy_loss       | -3.25        |
|    explained_variance | 0            |
|    learning_rate      | 0.0002       |
|    n_updates          | 4399         |
|    policy_loss        | -0.00294     |
|    reward             | -0.013264141 |
|    std                | 1.23         |
|    value_loss         | 1.89e-05     |
----------------------------------------
----------------------------------------
| time/                 |              |
|    fps                | 60           |
|    iterations         | 4500         |
|    time_elapsed       | 372          |
|    total_timesteps    | 22500        |
| train/                |              |
|    entropy_loss       | -3.27        |
|    explained_variance | 0            |
|    learning_rate      | 0.0002       |
|    n_updates          | 4499         |
|    policy_loss        | 0.0649       |
|    reward             | -0.009022154 |
|    std                | 1.24         |
|    value_loss         | 0.000536     |
----------------------------------------
EPISODE:  24
----------------------------------------
| time/                 |              |
|    fps                | 60           |
|    iterations         | 4600         |
|    time_elapsed       | 380          |
|    total_timesteps    | 23000        |
| train/                |              |
|    entropy_loss       | -3.28        |
|    explained_variance | 0.002        |
|    learning_rate      | 0.0002       |
|    n_updates          | 4599         |
|    policy_loss        | -0.0519      |
|    reward             | -0.010225693 |
|    std                | 1.25         |
|    value_loss         | 0.000748     |
----------------------------------------
----------------------------------------
| time/                 |              |
|    fps                | 60           |
|    iterations         | 4700         |
|    time_elapsed       | 388          |
|    total_timesteps    | 23500        |
| train/                |              |
|    entropy_loss       | -3.29        |
|    explained_variance | 0            |
|    learning_rate      | 0.0002       |
|    n_updates          | 4699         |
|    policy_loss        | -0.122       |
|    reward             | -0.013636298 |
|    std                | 1.25         |
|    value_loss         | 0.00182      |
----------------------------------------
EPISODE:  25
---------------------------------------
| time/                 |             |
|    fps                | 60          |
|    iterations         | 4800        |
|    time_elapsed       | 397         |
|    total_timesteps    | 24000       |
| train/                |             |
|    entropy_loss       | -3.3        |
|    explained_variance | 0           |
|    learning_rate      | 0.0002      |
|    n_updates          | 4799        |
|    policy_loss        | -0.0545     |
|    reward             | 0.007051806 |
|    std                | 1.26        |
|    value_loss         | 0.000239    |
---------------------------------------
----------------------------------------
| time/                 |              |
|    fps                | 60           |
|    iterations         | 4900         |
|    time_elapsed       | 405          |
|    total_timesteps    | 24500        |
| train/                |              |
|    entropy_loss       | -3.31        |
|    explained_variance | 0.363        |
|    learning_rate      | 0.0002       |
|    n_updates          | 4899         |
|    policy_loss        | -0.0942      |
|    reward             | 0.0019021641 |
|    std                | 1.27         |
|    value_loss         | 0.00113      |
----------------------------------------
EPISODE:  26
---------------------------------------
| time/                 |             |
|    fps                | 60          |
|    iterations         | 5000        |
|    time_elapsed       | 413         |
|    total_timesteps    | 25000       |
| train/                |             |
|    entropy_loss       | -3.32       |
|    explained_variance | 0           |
|    learning_rate      | 0.0002      |
|    n_updates          | 4999        |
|    policy_loss        | 0.0941      |
|    reward             | 0.014587274 |
|    std                | 1.27        |
|    value_loss         | 0.00124     |
---------------------------------------
---------------------------------------
| time/                 |             |
|    fps                | 60          |
|    iterations         | 5100        |
|    time_elapsed       | 422         |
|    total_timesteps    | 25500       |
| train/                |             |
|    entropy_loss       | -3.33       |
|    explained_variance | 0           |
|    learning_rate      | 0.0002      |
|    n_updates          | 5099        |
|    policy_loss        | 0.0794      |
|    reward             | 0.014708961 |
|    std                | 1.28        |
|    value_loss         | 0.000543    |
---------------------------------------
EPISODE:  27
-----------------------------------------
| time/                 |               |
|    fps                | 60            |
|    iterations         | 5200          |
|    time_elapsed       | 430           |
|    total_timesteps    | 26000         |
| train/                |               |
|    entropy_loss       | -3.33         |
|    explained_variance | 0.00433       |
|    learning_rate      | 0.0002        |
|    n_updates          | 5199          |
|    policy_loss        | 0.107         |
|    reward             | -0.0016073488 |
|    std                | 1.28          |
|    value_loss         | 0.00162       |
-----------------------------------------
----------------------------------------
| time/                 |              |
|    fps                | 60           |
|    iterations         | 5300         |
|    time_elapsed       | 437          |
|    total_timesteps    | 26500        |
| train/                |              |
|    entropy_loss       | -3.34        |
|    explained_variance | 0.0275       |
|    learning_rate      | 0.0002       |
|    n_updates          | 5299         |
|    policy_loss        | -0.0651      |
|    reward             | 0.0049070027 |
|    std                | 1.28         |
|    value_loss         | 0.000563     |
----------------------------------------
EPISODE:  28
----------------------------------------
| time/                 |              |
|    fps                | 60           |
|    iterations         | 5400         |
|    time_elapsed       | 444          |
|    total_timesteps    | 27000        |
| train/                |              |
|    entropy_loss       | -3.35        |
|    explained_variance | 0            |
|    learning_rate      | 0.0002       |
|    n_updates          | 5399         |
|    policy_loss        | -0.0843      |
|    reward             | -0.015170746 |
|    std                | 1.29         |
|    value_loss         | 0.000679     |
----------------------------------------
----------------------------------------
| time/                 |              |
|    fps                | 60           |
|    iterations         | 5500         |
|    time_elapsed       | 452          |
|    total_timesteps    | 27500        |
| train/                |              |
|    entropy_loss       | -3.36        |
|    explained_variance | -1.19e-07    |
|    learning_rate      | 0.0002       |
|    n_updates          | 5499         |
|    policy_loss        | 0.0122       |
|    reward             | -0.013761675 |
|    std                | 1.3          |
|    value_loss         | 2e-05        |
----------------------------------------
EPISODE:  29
-----------------------------------------
| time/                 |               |
|    fps                | 60            |
|    iterations         | 5600          |
|    time_elapsed       | 459           |
|    total_timesteps    | 28000         |
| train/                |               |
|    entropy_loss       | -3.37         |
|    explained_variance | 0.542         |
|    learning_rate      | 0.0002        |
|    n_updates          | 5599          |
|    policy_loss        | -0.0308       |
|    reward             | -0.0046429415 |
|    std                | 1.31          |
|    value_loss         | 0.000229      |
-----------------------------------------
----------------------------------------
| time/                 |              |
|    fps                | 60           |
|    iterations         | 5700         |
|    time_elapsed       | 467          |
|    total_timesteps    | 28500        |
| train/                |              |
|    entropy_loss       | -3.38        |
|    explained_variance | 0.000775     |
|    learning_rate      | 0.0002       |
|    n_updates          | 5699         |
|    policy_loss        | -0.049       |
|    reward             | -0.009490679 |
|    std                | 1.31         |
|    value_loss         | 0.000417     |
----------------------------------------
EPISODE:  30
--------------------------------------
| time/                 |            |
|    fps                | 60         |
|    iterations         | 5800       |
|    time_elapsed       | 475        |
|    total_timesteps    | 29000      |
| train/                |            |
|    entropy_loss       | -3.4       |
|    explained_variance | 0          |
|    learning_rate      | 0.0002     |
|    n_updates          | 5799       |
|    policy_loss        | 0.00636    |
|    reward             | 0.01193771 |
|    std                | 1.32       |
|    value_loss         | 1.27e-05   |
--------------------------------------
---------------------------------------
| time/                 |             |
|    fps                | 61          |
|    iterations         | 5900        |
|    time_elapsed       | 483         |
|    total_timesteps    | 29500       |
| train/                |             |
|    entropy_loss       | -3.41       |
|    explained_variance | 1.97e-06    |
|    learning_rate      | 0.0002      |
|    n_updates          | 5899        |
|    policy_loss        | -0.0442     |
|    reward             | 0.007868308 |
|    std                | 1.33        |
|    value_loss         | 0.000295    |
---------------------------------------
EPISODE:  31
----------------------------------------
| time/                 |              |
|    fps                | 61           |
|    iterations         | 6000         |
|    time_elapsed       | 491          |
|    total_timesteps    | 30000        |
| train/                |              |
|    entropy_loss       | -3.42        |
|    explained_variance | 0.00996      |
|    learning_rate      | 0.0002       |
|    n_updates          | 5999         |
|    policy_loss        | -0.038       |
|    reward             | 0.0113473935 |
|    std                | 1.34         |
|    value_loss         | 0.000463     |
----------------------------------------
---------------------------------------
| time/                 |             |
|    fps                | 61          |
|    iterations         | 6100        |
|    time_elapsed       | 499         |
|    total_timesteps    | 30500       |
| train/                |             |
|    entropy_loss       | -3.44       |
|    explained_variance | 2.38e-07    |
|    learning_rate      | 0.0002      |
|    n_updates          | 6099        |
|    policy_loss        | 0.111       |
|    reward             | 0.014321251 |
|    std                | 1.35        |
|    value_loss         | 0.00142     |
---------------------------------------
EPISODE:  32
----------------------------------------
| time/                 |              |
|    fps                | 61           |
|    iterations         | 6200         |
|    time_elapsed       | 507          |
|    total_timesteps    | 31000        |
| train/                |              |
|    entropy_loss       | -3.45        |
|    explained_variance | 0.0023       |
|    learning_rate      | 0.0002       |
|    n_updates          | 6199         |
|    policy_loss        | 0.0457       |
|    reward             | -0.008780014 |
|    std                | 1.36         |
|    value_loss         | 0.000253     |
----------------------------------------
----------------------------------------
| time/                 |              |
|    fps                | 61           |
|    iterations         | 6300         |
|    time_elapsed       | 516          |
|    total_timesteps    | 31500        |
| train/                |              |
|    entropy_loss       | -3.46        |
|    explained_variance | 0.0395       |
|    learning_rate      | 0.0002       |
|    n_updates          | 6299         |
|    policy_loss        | 0.135        |
|    reward             | -0.002738259 |
|    std                | 1.36         |
|    value_loss         | 0.00143      |
----------------------------------------
EPISODE:  33
----------------------------------------
| time/                 |              |
|    fps                | 61           |
|    iterations         | 6400         |
|    time_elapsed       | 524          |
|    total_timesteps    | 32000        |
| train/                |              |
|    entropy_loss       | -3.47        |
|    explained_variance | 2.38e-07     |
|    learning_rate      | 0.0002       |
|    n_updates          | 6399         |
|    policy_loss        | -0.131       |
|    reward             | -0.013750776 |
|    std                | 1.37         |
|    value_loss         | 0.00177      |
----------------------------------------
---------------------------------------
| time/                 |             |
|    fps                | 61          |
|    iterations         | 6500        |
|    time_elapsed       | 532         |
|    total_timesteps    | 32500       |
| train/                |             |
|    entropy_loss       | -3.48       |
|    explained_variance | 0           |
|    learning_rate      | 0.0002      |
|    n_updates          | 6499        |
|    policy_loss        | -0.102      |
|    reward             | -0.01516016 |
|    std                | 1.38        |
|    value_loss         | 0.000894    |
---------------------------------------
EPISODE:  34
----------------------------------------
| time/                 |              |
|    fps                | 61           |
|    iterations         | 6600         |
|    time_elapsed       | 539          |
|    total_timesteps    | 33000        |
| train/                |              |
|    entropy_loss       | -3.5         |
|    explained_variance | 0.000106     |
|    learning_rate      | 0.0002       |
|    n_updates          | 6599         |
|    policy_loss        | -0.0468      |
|    reward             | 0.0016568588 |
|    std                | 1.39         |
|    value_loss         | 0.00048      |
----------------------------------------
-----------------------------------------
| time/                 |               |
|    fps                | 61            |
|    iterations         | 6700          |
|    time_elapsed       | 547           |
|    total_timesteps    | 33500         |
| train/                |               |
|    entropy_loss       | -3.51         |
|    explained_variance | 0.163         |
|    learning_rate      | 0.0002        |
|    n_updates          | 6699          |
|    policy_loss        | -0.0269       |
|    reward             | -0.0037374622 |
|    std                | 1.4           |
|    value_loss         | 0.000368      |
-----------------------------------------
EPISODE:  35
---------------------------------------
| time/                 |             |
|    fps                | 61          |
|    iterations         | 6800        |
|    time_elapsed       | 555         |
|    total_timesteps    | 34000       |
| train/                |             |
|    entropy_loss       | -3.52       |
|    explained_variance | 0           |
|    learning_rate      | 0.0002      |
|    n_updates          | 6799        |
|    policy_loss        | 0.0709      |
|    reward             | 0.014659102 |
|    std                | 1.41        |
|    value_loss         | 0.00031     |
---------------------------------------
---------------------------------------
| time/                 |             |
|    fps                | 61          |
|    iterations         | 6900        |
|    time_elapsed       | 563         |
|    total_timesteps    | 34500       |
| train/                |             |
|    entropy_loss       | -3.53       |
|    explained_variance | 0           |
|    learning_rate      | 0.0002      |
|    n_updates          | 6899        |
|    policy_loss        | 0.0281      |
|    reward             | 0.012495562 |
|    std                | 1.41        |
|    value_loss         | 5.03e-05    |
---------------------------------------
EPISODE:  36
----------------------------------------
| time/                 |              |
|    fps                | 61           |
|    iterations         | 7000         |
|    time_elapsed       | 571          |
|    total_timesteps    | 35000        |
| train/                |              |
|    entropy_loss       | -3.54        |
|    explained_variance | 0.329        |
|    learning_rate      | 0.0002       |
|    n_updates          | 6999         |
|    policy_loss        | -0.00642     |
|    reward             | 0.0051885773 |
|    std                | 1.42         |
|    value_loss         | 0.000293     |
----------------------------------------
----------------------------------------
| time/                 |              |
|    fps                | 61           |
|    iterations         | 7100         |
|    time_elapsed       | 579          |
|    total_timesteps    | 35500        |
| train/                |              |
|    entropy_loss       | -3.55        |
|    explained_variance | 0.00893      |
|    learning_rate      | 0.0002       |
|    n_updates          | 7099         |
|    policy_loss        | -0.0173      |
|    reward             | -0.010601948 |
|    std                | 1.43         |
|    value_loss         | 0.00037      |
----------------------------------------
EPISODE:  37
----------------------------------------
| time/                 |              |
|    fps                | 61           |
|    iterations         | 7200         |
|    time_elapsed       | 587          |
|    total_timesteps    | 36000        |
| train/                |              |
|    entropy_loss       | -3.57        |
|    explained_variance | -1.19e-07    |
|    learning_rate      | 0.0002       |
|    n_updates          | 7199         |
|    policy_loss        | -0.0214      |
|    reward             | -0.013637201 |
|    std                | 1.44         |
|    value_loss         | 3.5e-05      |
----------------------------------------
----------------------------------------
| time/                 |              |
|    fps                | 61           |
|    iterations         | 7300         |
|    time_elapsed       | 595          |
|    total_timesteps    | 36500        |
| train/                |              |
|    entropy_loss       | -3.58        |
|    explained_variance | 0            |
|    learning_rate      | 0.0002       |
|    n_updates          | 7299         |
|    policy_loss        | 0.0483       |
|    reward             | -0.009675427 |
|    std                | 1.45         |
|    value_loss         | 0.000389     |
----------------------------------------
EPISODE:  38
----------------------------------------
| time/                 |              |
|    fps                | 61           |
|    iterations         | 7400         |
|    time_elapsed       | 602          |
|    total_timesteps    | 37000        |
| train/                |              |
|    entropy_loss       | -3.59        |
|    explained_variance | 0.0179       |
|    learning_rate      | 0.0002       |
|    n_updates          | 7399         |
|    policy_loss        | 0.0526       |
|    reward             | -0.009688657 |
|    std                | 1.46         |
|    value_loss         | 0.000565     |
----------------------------------------
----------------------------------------
| time/                 |              |
|    fps                | 61           |
|    iterations         | 7500         |
|    time_elapsed       | 609          |
|    total_timesteps    | 37500        |
| train/                |              |
|    entropy_loss       | -3.6         |
|    explained_variance | 0            |
|    learning_rate      | 0.0002       |
|    n_updates          | 7499         |
|    policy_loss        | -0.0668      |
|    reward             | -0.013297377 |
|    std                | 1.47         |
|    value_loss         | 0.000529     |
----------------------------------------
EPISODE:  39
-----------------------------------------
| time/                 |               |
|    fps                | 61            |
|    iterations         | 7600          |
|    time_elapsed       | 616           |
|    total_timesteps    | 38000         |
| train/                |               |
|    entropy_loss       | -3.62         |
|    explained_variance | 0             |
|    learning_rate      | 0.0002        |
|    n_updates          | 7599          |
|    policy_loss        | -0.0313       |
|    reward             | -0.0076549747 |
|    std                | 1.48          |
|    value_loss         | 0.000102      |
-----------------------------------------
---------------------------------------
| time/                 |             |
|    fps                | 61          |
|    iterations         | 7700        |
|    time_elapsed       | 624         |
|    total_timesteps    | 38500       |
| train/                |             |
|    entropy_loss       | -3.63       |
|    explained_variance | 3.4e-06     |
|    learning_rate      | 0.0002      |
|    n_updates          | 7699        |
|    policy_loss        | -0.103      |
|    reward             | 0.002581154 |
|    std                | 1.49        |
|    value_loss         | 0.00105     |
---------------------------------------
EPISODE:  40
---------------------------------------
| time/                 |             |
|    fps                | 61          |
|    iterations         | 7800        |
|    time_elapsed       | 632         |
|    total_timesteps    | 39000       |
| train/                |             |
|    entropy_loss       | -3.64       |
|    explained_variance | -1.19e-07   |
|    learning_rate      | 0.0002      |
|    n_updates          | 7799        |
|    policy_loss        | 0.0259      |
|    reward             | 0.014398789 |
|    std                | 1.49        |
|    value_loss         | 0.000322    |
---------------------------------------
---------------------------------------
| time/                 |             |
|    fps                | 61          |
|    iterations         | 7900        |
|    time_elapsed       | 640         |
|    total_timesteps    | 39500       |
| train/                |             |
|    entropy_loss       | -3.65       |
|    explained_variance | 0           |
|    learning_rate      | 0.0002      |
|    n_updates          | 7899        |
|    policy_loss        | 0.0774      |
|    reward             | 0.014823264 |
|    std                | 1.5         |
|    value_loss         | 0.000605    |
---------------------------------------
EPISODE:  41
-----------------------------------------
| time/                 |               |
|    fps                | 61            |
|    iterations         | 8000          |
|    time_elapsed       | 648           |
|    total_timesteps    | 40000         |
| train/                |               |
|    entropy_loss       | -3.66         |
|    explained_variance | 0.304         |
|    learning_rate      | 0.0002        |
|    n_updates          | 7999          |
|    policy_loss        | 0.124         |
|    reward             | -0.0024403105 |
|    std                | 1.51          |
|    value_loss         | 0.00143       |
-----------------------------------------
----------------------------------------
| time/                 |              |
|    fps                | 61           |
|    iterations         | 8100         |
|    time_elapsed       | 656          |
|    total_timesteps    | 40500        |
| train/                |              |
|    entropy_loss       | -3.67        |
|    explained_variance | -3.64        |
|    learning_rate      | 0.0002       |
|    n_updates          | 8099         |
|    policy_loss        | 0.00603      |
|    reward             | -0.004113116 |
|    std                | 1.51         |
|    value_loss         | 0.000503     |
----------------------------------------
EPISODE:  42
----------------------------------------
| time/                 |              |
|    fps                | 61           |
|    iterations         | 8200         |
|    time_elapsed       | 664          |
|    total_timesteps    | 41000        |
| train/                |              |
|    entropy_loss       | -3.68        |
|    explained_variance | -1.19e-07    |
|    learning_rate      | 0.0002       |
|    n_updates          | 8199         |
|    policy_loss        | -0.0963      |
|    reward             | -0.015169995 |
|    std                | 1.52         |
|    value_loss         | 0.000662     |
----------------------------------------
----------------------------------------
| time/                 |              |
|    fps                | 61           |
|    iterations         | 8300         |
|    time_elapsed       | 672          |
|    total_timesteps    | 41500        |
| train/                |              |
|    entropy_loss       | -3.69        |
|    explained_variance | 0            |
|    learning_rate      | 0.0002       |
|    n_updates          | 8299         |
|    policy_loss        | -0.0257      |
|    reward             | -0.014080357 |
|    std                | 1.53         |
|    value_loss         | 6.62e-05     |
----------------------------------------
EPISODE:  43
----------------------------------------
| time/                 |              |
|    fps                | 61           |
|    iterations         | 8400         |
|    time_elapsed       | 680          |
|    total_timesteps    | 42000        |
| train/                |              |
|    entropy_loss       | -3.7         |
|    explained_variance | 0.52         |
|    learning_rate      | 0.0002       |
|    n_updates          | 8399         |
|    policy_loss        | -0.0556      |
|    reward             | -0.003978337 |
|    std                | 1.54         |
|    value_loss         | 0.000364     |
----------------------------------------
---------------------------------------
| time/                 |             |
|    fps                | 61          |
|    iterations         | 8500        |
|    time_elapsed       | 688         |
|    total_timesteps    | 42500       |
| train/                |             |
|    entropy_loss       | -3.71       |
|    explained_variance | 0.0269      |
|    learning_rate      | 0.0002      |
|    n_updates          | 8499        |
|    policy_loss        | 0.0919      |
|    reward             | -0.00892777 |
|    std                | 1.55        |
|    value_loss         | 0.000887    |
---------------------------------------
EPISODE:  44
--------------------------------------
| time/                 |            |
|    fps                | 61         |
|    iterations         | 8600       |
|    time_elapsed       | 696        |
|    total_timesteps    | 43000      |
| train/                |            |
|    entropy_loss       | -3.72      |
|    explained_variance | 0          |
|    learning_rate      | 0.0002     |
|    n_updates          | 8599       |
|    policy_loss        | 0.01       |
|    reward             | 0.01235271 |
|    std                | 1.56       |
|    value_loss         | 1.21e-05   |
--------------------------------------
-------------------------------------
| time/                 |           |
|    fps                | 61        |
|    iterations         | 8700      |
|    time_elapsed       | 703       |
|    total_timesteps    | 43500     |
| train/                |           |
|    entropy_loss       | -3.73     |
|    explained_variance | 0         |
|    learning_rate      | 0.0002    |
|    n_updates          | 8699      |
|    policy_loss        | -0.0182   |
|    reward             | 0.0084505 |
|    std                | 1.57      |
|    value_loss         | 3.61e-05  |
-------------------------------------
EPISODE:  45
--------------------------------------
| time/                 |            |
|    fps                | 61         |
|    iterations         | 8800       |
|    time_elapsed       | 712        |
|    total_timesteps    | 44000      |
| train/                |            |
|    entropy_loss       | -3.75      |
|    explained_variance | 0.00484    |
|    learning_rate      | 0.0002     |
|    n_updates          | 8799       |
|    policy_loss        | -0.151     |
|    reward             | 0.01080532 |
|    std                | 1.57       |
|    value_loss         | 0.00132    |
--------------------------------------
---------------------------------------
| time/                 |             |
|    fps                | 61          |
|    iterations         | 8900        |
|    time_elapsed       | 719         |
|    total_timesteps    | 44500       |
| train/                |             |
|    entropy_loss       | -3.76       |
|    explained_variance | 0           |
|    learning_rate      | 0.0002      |
|    n_updates          | 8899        |
|    policy_loss        | 0.032       |
|    reward             | 0.014078665 |
|    std                | 1.58        |
|    value_loss         | 0.000342    |
---------------------------------------
EPISODE:  46
-----------------------------------------
| time/                 |               |
|    fps                | 61            |
|    iterations         | 9000          |
|    time_elapsed       | 727           |
|    total_timesteps    | 45000         |
| train/                |               |
|    entropy_loss       | -3.77         |
|    explained_variance | 0             |
|    learning_rate      | 0.0002        |
|    n_updates          | 8999          |
|    policy_loss        | 0.0571        |
|    reward             | -0.0094438465 |
|    std                | 1.59          |
|    value_loss         | 0.000381      |
-----------------------------------------
-----------------------------------------
| time/                 |               |
|    fps                | 61            |
|    iterations         | 9100          |
|    time_elapsed       | 735           |
|    total_timesteps    | 45500         |
| train/                |               |
|    entropy_loss       | -3.78         |
|    explained_variance | 0.0308        |
|    learning_rate      | 0.0002        |
|    n_updates          | 9099          |
|    policy_loss        | 0.104         |
|    reward             | -0.0035602525 |
|    std                | 1.6           |
|    value_loss         | 0.00138       |
-----------------------------------------
EPISODE:  47
----------------------------------------
| time/                 |              |
|    fps                | 61           |
|    iterations         | 9200         |
|    time_elapsed       | 743          |
|    total_timesteps    | 46000        |
| train/                |              |
|    entropy_loss       | -3.79        |
|    explained_variance | 1.05e-05     |
|    learning_rate      | 0.0002       |
|    n_updates          | 9199         |
|    policy_loss        | -0.133       |
|    reward             | -0.013422761 |
|    std                | 1.61         |
|    value_loss         | 0.00176      |
----------------------------------------
----------------------------------------
| time/                 |              |
|    fps                | 61           |
|    iterations         | 9300         |
|    time_elapsed       | 750          |
|    total_timesteps    | 46500        |
| train/                |              |
|    entropy_loss       | -3.81        |
|    explained_variance | 0            |
|    learning_rate      | 0.0002       |
|    n_updates          | 9299         |
|    policy_loss        | -0.0611      |
|    reward             | -0.015106588 |
|    std                | 1.62         |
|    value_loss         | 0.000336     |
----------------------------------------
EPISODE:  48
----------------------------------------
| time/                 |              |
|    fps                | 61           |
|    iterations         | 9400         |
|    time_elapsed       | 758          |
|    total_timesteps    | 47000        |
| train/                |              |
|    entropy_loss       | -3.81        |
|    explained_variance | 0.000158     |
|    learning_rate      | 0.0002       |
|    n_updates          | 9399         |
|    policy_loss        | -0.102       |
|    reward             | 0.0023374315 |
|    std                | 1.63         |
|    value_loss         | 0.000802     |
----------------------------------------
-----------------------------------------
| time/                 |               |
|    fps                | 61            |
|    iterations         | 9500          |
|    time_elapsed       | 766           |
|    total_timesteps    | 47500         |
| train/                |               |
|    entropy_loss       | -3.83         |
|    explained_variance | 0.147         |
|    learning_rate      | 0.0002        |
|    n_updates          | 9499          |
|    policy_loss        | -0.0355       |
|    reward             | -0.0030636129 |
|    std                | 1.64          |
|    value_loss         | 0.00046       |
-----------------------------------------
EPISODE:  49
---------------------------------------
| time/                 |             |
|    fps                | 61          |
|    iterations         | 9600        |
|    time_elapsed       | 774         |
|    total_timesteps    | 48000       |
| train/                |             |
|    entropy_loss       | -3.84       |
|    explained_variance | 0           |
|    learning_rate      | 0.0002      |
|    n_updates          | 9599        |
|    policy_loss        | 0.0766      |
|    reward             | 0.014786292 |
|    std                | 1.65        |
|    value_loss         | 0.000528    |
---------------------------------------
---------------------------------------
| time/                 |             |
|    fps                | 62          |
|    iterations         | 9700        |
|    time_elapsed       | 781         |
|    total_timesteps    | 48500       |
| train/                |             |
|    entropy_loss       | -3.85       |
|    explained_variance | 0           |
|    learning_rate      | 0.0002      |
|    n_updates          | 9699        |
|    policy_loss        | 0.018       |
|    reward             | 0.012874128 |
|    std                | 1.66        |
|    value_loss         | 2.11e-05    |
---------------------------------------
EPISODE:  50
---------------------------------------
| time/                 |             |
|    fps                | 62          |
|    iterations         | 9800        |
|    time_elapsed       | 789         |
|    total_timesteps    | 49000       |
| train/                |             |
|    entropy_loss       | -3.87       |
|    explained_variance | 5.87e-05    |
|    learning_rate      | 0.0002      |
|    n_updates          | 9799        |
|    policy_loss        | 0.0727      |
|    reward             | 0.004400507 |
|    std                | 1.67        |
|    value_loss         | 0.000709    |
---------------------------------------
---------------------------------------
| time/                 |             |
|    fps                | 61          |
|    iterations         | 9900        |
|    time_elapsed       | 798         |
|    total_timesteps    | 49500       |
| train/                |             |
|    entropy_loss       | -3.88       |
|    explained_variance | 0.0176      |
|    learning_rate      | 0.0002      |
|    n_updates          | 9899        |
|    policy_loss        | -0.0331     |
|    reward             | 0.010014105 |
|    std                | 1.68        |
|    value_loss         | 0.000513    |
---------------------------------------
EPISODE:  51
----------------------------------------
| time/                 |              |
|    fps                | 61           |
|    iterations         | 10000        |
|    time_elapsed       | 806          |
|    total_timesteps    | 50000        |
| train/                |              |
|    entropy_loss       | -3.89        |
|    explained_variance | -1.19e-07    |
|    learning_rate      | 0.0002       |
|    n_updates          | 9999         |
|    policy_loss        | -0.0236      |
|    reward             | -0.013970358 |
|    std                | 1.69         |
|    value_loss         | 3.89e-05     |
----------------------------------------
Saved episode log to Results\250619_hc_binary_udp\a2c\periodic\training_logs\02.csv
