[2025-07-23 13:43:35] Starting experiment: exp_20250723_134335
[2025-07-23 13:43:35] Saved experiment config to ..\data\experiment\exp_20250723_134335\experiment_config.json
[2025-07-23 13:43:36] Running: python single_run.py --experiment ..\data\experiment\exp_20250723_134335\results --generator Real World Asset Price Generator --agent Always Up Agent --run 002 --steps 100 --start_value 0.0 --agent_params {} --generator_params {"ticker": "AAPL", "start": "1985-01-01", "end": "2025-01-01"}
[2025-07-23 13:43:36] Running: python single_run.py --experiment ..\data\experiment\exp_20250723_134335\results --generator Real World Asset Price Generator --agent Always Up Agent --run 001 --steps 100 --start_value 0.0 --agent_params {} --generator_params {"ticker": "AAPL", "start": "1985-01-01", "end": "2025-01-01"}
[2025-07-23 13:43:36] Running: python single_run.py --experiment ..\data\experiment\exp_20250723_134335\results --generator Real World Asset Price Generator --agent Always Up Agent --run 003 --steps 100 --start_value 0.0 --agent_params {} --generator_params {"ticker": "AAPL", "start": "1985-01-01", "end": "2025-01-01"}
[2025-07-23 13:43:36] Running: python single_run.py --experiment ..\data\experiment\exp_20250723_134335\results --generator Linear Trend Generator --agent Always Up Agent --run 001 --steps 100 --start_value 0.0 --agent_params {} --generator_params {"start_value": 10.0, "slope": 0.5}
[2025-07-23 13:43:36] Running: python single_run.py --experiment ..\data\experiment\exp_20250723_134335\results --generator Linear Trend Generator --agent Always Up Agent --run 002 --steps 100 --start_value 0.0 --agent_params {} --generator_params {"start_value": 10.0, "slope": 0.5}
[2025-07-23 13:43:36] Running: python single_run.py --experiment ..\data\experiment\exp_20250723_134335\results --generator Linear Trend Generator --agent Always Up Agent --run 003 --steps 100 --start_value 0.0 --agent_params {} --generator_params {"start_value": 10.0, "slope": 0.5}
[2025-07-23 13:43:36] Running: python single_run.py --experiment ..\data\experiment\exp_20250723_134335\results --generator Constant Generator --agent Always Up Agent --run 001 --steps 100 --start_value 0.0 --agent_params {} --generator_params {}
[2025-07-23 13:43:36] Running: python single_run.py --experiment ..\data\experiment\exp_20250723_134335\results --generator Constant Generator --agent Always Up Agent --run 002 --steps 100 --start_value 0.0 --agent_params {} --generator_params {}
[2025-07-23 13:43:48] Run completed: Always Up Agent x Linear Trend Generator | Run 003
[2025-07-23 13:43:48] Running: python single_run.py --experiment ..\data\experiment\exp_20250723_134335\results --generator Constant Generator --agent Always Up Agent --run 003 --steps 100 --start_value 0.0 --agent_params {} --generator_params {}
[2025-07-23 13:43:48] Run completed: Always Up Agent x Constant Generator | Run 002
01
[2025-07-23 13:43:48] Running: python single_run.py --experiment ..\data\experiment\exp_20250723_134335\results --generator Periodic Trend Generator --agent Always Up Agent --run 002 --steps 100 --start_value 0.0 --agent_params {} --generator_params {"start_value": 10.0, "amplitude": 2.0, "frequency": 0.1}
[2025-07-23 13:43:48] Run completed: Always Up Agent x Linear Trend Generator | Run 002
[2025-07-23 13:43:48] Running: python single_run.py --experiment ..\data\experiment\exp_20250723_134335\results --generator Periodic Trend Generator --agent Always Up Agent --run 003 --steps 100 --start_value 0.0 --agent_params {} --generator_params {"start_value": 10.0, "amplitude": 2.0, "frequency": 0.1}
[2025-07-23 13:43:48] Running: python single_run.py --experiment ..\data\experiment\exp_20250723_134335\results --generator Ornstein-Uhlenbeck Generator --agent Always Up Agent --run 001 --steps 100 --start_value 0.0 --agent_params {} --generator_params {"mu": 10.0, "theta": 0.15, "sigma": 0.2, "dt": 1.0, "start_value": 20.0}
[2025-07-23 13:43:54] Run failed: Command '['python', 'single_run.py', '--experiment', '..\\data\\experiment\\exp_20250723_134335\\results', '--generator', 'Real World Asset Price Generator', '--agent', 'Always Up Agent', '--run', '003', '--steps', '100', '--start_value', '0.0', '--agent_params', '{}', '--generator_params', '{"ticker": "AAPL", "start": "1985-01-01", "end": "2025-01-01"}']' returned non-zero exit status 1.
[2025-07-23 13:43:54] Running: python single_run.py --experiment ..\data\experiment\exp_20250723_134335\results --generator Ornstein-Uhlenbeck Generator --agent Always Up Agent --run 002 --steps 100 --start_value 0.0 --agent_params {} --generator_params {"mu": 10.0, "theta": 0.15, "sigma": 0.2, "dt": 1.0, "start_value": 20.0}
[2025-07-23 13:43:54] Run failed: Command '['python', 'single_run.py', '--experiment', '..\\data\\experiment\\exp_20250723_134335\\results', '--generator', 'Real World Asset Price Generator', '--agent', 'Always Up Agent', '--run', '001', '--steps', '100', '--start_value', '0.0', '--agent_params', '{}', '--generator_params', '{"ticker": "AAPL", "start": "1985-01-01", "end": "2025-01-01"}']' returned non-zero exit status 1.
[2025-07-23 13:43:54] Running: python single_run.py --experiment ..\data\experiment\exp_20250723_134335\results --generator Ornstein-Uhlenbeck Generator --agent Always Up Agent --run 003 --steps 100 --start_value 0.0 --agent_params {} --generator_params {"mu": 10.0, "theta": 0.15, "sigma": 0.2, "dt": 1.0, "start_value": 20.0}
[2025-07-23 13:43:54] Run failed: Command '['python', 'single_run.py', '--experiment', '..\\data\\experiment\\exp_20250723_134335\\results', '--generator', 'Real World Asset Price Generator', '--agent', 'Always Up Agent', '--run', '002', '--steps', '100', '--start_value', '0.0', '--agent_params', '{}', '--generator_params', '{"ticker": "AAPL", "start": "1985-01-01", "end": "2025-01-01"}']' returned non-zero exit status 1.
[2025-07-23 13:43:54] Running: python single_run.py --experiment ..\data\experiment\exp_20250723_134335\results --generator Random Walk Generator --agent Always Up Agent --run 001 --steps 100 --start_value 0.0 --agent_params {} --generator_params {"start_value": 0.0, "mu": 0.0, "sigma": 1.0}
[2025-07-23 13:43:55] Run completed: Always Up Agent x Periodic Trend Generator | Run 002
[2025-07-23 13:43:55] Running: python single_run.py --experiment ..\data\experiment\exp_20250723_134335\results --generator Random Walk Generator --agent Always Up Agent --run 002 --steps 100 --start_value 0.0 --agent_params {} --generator_params {"start_value": 0.0, "mu": 0.0, "sigma": 1.0}
[2025-07-23 13:43:55] Run completed: Always Up Agent x Periodic Trend Generator | Run 003
[2025-07-23 13:43:55] Running: python single_run.py --experiment ..\data\experiment\exp_20250723_134335\results --generator Random Walk Generator --agent Always Up Agent --run 003 --steps 100 --start_value 0.0 --agent_params {} --generator_params {"start_value": 0.0, "mu": 0.0, "sigma": 1.0}
[2025-07-23 13:43:55] Run completed: Always Up Agent x Ornstein-Uhlenbeck Generator | Run 001
[2025-07-23 13:43:55] Running: python single_run.py --experiment ..\data\experiment\exp_20250723_134335\results --generator Markov Regime-Switching Generator --agent Always Up Agent --run 001 --steps 100 --start_value 0.0 --agent_params {} --generator_params {"regimes": [{"generator": "Linear Trend Generator", "params": {"start_value": 0.0, "slope": 0.5}}, {"generator": "Random Walk Generator", "params": {"start_value": 0.0, "mu": 0.0, "sigma": 1.0}}], "transition_matrix": [[0.8, 0.2], [0.2, 0.8]]}
[2025-07-23 13:43:55] Run completed: Always Up Agent x Periodic Trend Generator | Run 001
[2025-07-23 13:43:55] Running: python single_run.py --experiment ..\data\experiment\exp_20250723_134335\results --generator Markov Regime-Switching Generator --agent Always Up Agent --run 002 --steps 100 --start_value 0.0 --agent_params {} --generator_params {"regimes": [{"generator": "Linear Trend Generator", "params": {"start_value": 0.0, "slope": 0.5}}, {"generator": "Random Walk Generator", "params": {"start_value": 0.0, "mu": 0.0, "sigma": 1.0}}], "transition_matrix": [[0.8, 0.2], [0.2, 0.8]]}
[2025-07-23 13:43:55] Run completed: Always Up Agent x Constant Generator | Run 003
[2025-07-23 13:43:55] Running: python single_run.py --experiment ..\data\experiment\exp_20250723_134335\results --generator Markov Regime-Switching Generator --agent Always Up Agent --run 003 --steps 100 --start_value 0.0 --agent_params {} --generator_params {"regimes": [{"generator": "Linear Trend Generator", "params": {"start_value": 0.0, "slope": 0.5}}, {"generator": "Random Walk Generator", "params": {"start_value": 0.0, "mu": 0.0, "sigma": 1.0}}], "transition_matrix": [[0.8, 0.2], [0.2, 0.8]]}
[2025-07-23 13:44:01] Run completed: Always Up Agent x Random Walk Generator | Run 001
[2025-07-23 13:44:01] Running: python single_run.py --experiment ..\data\experiment\exp_20250723_134335\results --generator Noisy Markov Regime-Switching Generator --agent Always Up Agent --run 001 --steps 100 --start_value 0.0 --agent_params {} --generator_params {"regimes": [{"generator": "Linear Trend Generator", "params": {"start_value": 0.0, "slope": 0.5}}, {"generator": "Ornstein-Uhlenbeck Generator", "params": {"mu": 0.0, "theta": 0.1, "sigma": 0.1, "dt": 1.0, "start_value": 0.0}}], "transition_matrix": [[0.8, 0.2], [0.2, 0.8]], "noise_mu": 0.0, "noise_sigma": 0.1}
[2025-07-23 13:44:01] Run completed: Always Up Agent x Ornstein-Uhlenbeck Generator | Run 003
[2025-07-23 13:44:01] Running: python single_run.py --experiment ..\data\experiment\exp_20250723_134335\results --generator Noisy Markov Regime-Switching Generator --agent Always Up Agent --run 002 --steps 100 --start_value 0.0 --agent_params {} --generator_params {"regimes": [{"generator": "Linear Trend Generator", "params": {"start_value": 0.0, "slope": 0.5}}, {"generator": "Ornstein-Uhlenbeck Generator", "params": {"mu": 0.0, "theta": 0.1, "sigma": 0.1, "dt": 1.0, "start_value": 0.0}}], "transition_matrix": [[0.8, 0.2], [0.2, 0.8]], "noise_mu": 0.0, "noise_sigma": 0.1}
[2025-07-23 13:44:01] Run completed: Always Up Agent x Ornstein-Uhlenbeck Generator | Run 002
[2025-07-23 13:44:01] Running: python single_run.py --experiment ..\data\experiment\exp_20250723_134335\results --generator Noisy Markov Regime-Switching Generator --agent Always Up Agent --run 003 --steps 100 --start_value 0.0 --agent_params {} --generator_params {"regimes": [{"generator": "Linear Trend Generator", "params": {"start_value": 0.0, "slope": 0.5}}, {"generator": "Ornstein-Uhlenbeck Generator", "params": {"mu": 0.0, "theta": 0.1, "sigma": 0.1, "dt": 1.0, "start_value": 0.0}}], "transition_matrix": [[0.8, 0.2], [0.2, 0.8]], "noise_mu": 0.0, "noise_sigma": 0.1}
[2025-07-23 13:44:03] Run completed: Always Up Agent x Random Walk Generator | Run 003
[2025-07-23 13:44:03] Running: python single_run.py --experiment ..\data\experiment\exp_20250723_134335\results --generator Real World Asset Price Generator --agent Repeat Last Movement Agent --run 001 --steps 100 --start_value 0.0 --agent_params {} --generator_params {"ticker": "AAPL", "start": "1985-01-01", "end": "2025-01-01"}
[2025-07-23 13:44:03] Run completed: Always Up Agent x Random Walk Generator | Run 002
[2025-07-23 13:44:03] Running: python single_run.py --experiment ..\data\experiment\exp_20250723_134335\results --generator Real World Asset Price Generator --agent Repeat Last Movement Agent --run 002 --steps 100 --start_value 0.0 --agent_params {} --generator_params {"ticker": "AAPL", "start": "1985-01-01", "end": "2025-01-01"}
[2025-07-23 13:44:03] Run completed: Always Up Agent x Markov Regime-Switching Generator | Run 001
[2025-07-23 13:44:03] Running: python single_run.py --experiment ..\data\experiment\exp_20250723_134335\results --generator Real World Asset Price Generator --agent Repeat Last Movement Agent --run 003 --steps 100 --start_value 0.0 --agent_params {} --generator_params {"ticker": "AAPL", "start": "1985-01-01", "end": "2025-01-01"}
[2025-07-23 13:44:03] Run completed: Always Up Agent x Markov Regime-Switching Generator | Run 002
[2025-07-23 13:44:03] Running: python single_run.py --experiment ..\data\experiment\exp_20250723_134335\results --generator Linear Trend Generator --agent Repeat Last Movement Agent --run 001 --steps 100 --start_value 0.0 --agent_params {} --generator_params {"start_value": 10.0, "slope": 0.5}
[2025-07-23 13:44:03] Run completed: Always Up Agent x Markov Regime-Switching Generator | Run 003
[2025-07-23 13:44:03] Running: python single_run.py --experiment ..\data\experiment\exp_20250723_134335\results --generator Linear Trend Generator --agent Repeat Last Movement Agent --run 002 --steps 100 --start_value 0.0 --agent_params {} --generator_params {"start_value": 10.0, "slope": 0.5}
[2025-07-23 13:44:09] Run completed: Always Up Agent x Noisy Markov Regime-Switching Generator | Run 001
[2025-07-23 13:44:09] Running: python single_run.py --experiment ..\data\experiment\exp_20250723_134335\results --generator Linear Trend Generator --agent Repeat Last Movement Agent --run 003 --steps 100 --start_value 0.0 --agent_params {} --generator_params {"start_value": 10.0, "slope": 0.5}
[2025-07-23 13:44:09] Run completed: Always Up Agent x Noisy Markov Regime-Switching Generator | Run 002
[2025-07-23 13:44:09] Running: python single_run.py --experiment ..\data\experiment\exp_20250723_134335\results --generator Constant Generator --agent Repeat Last Movement Agent --run 001 --steps 100 --start_value 0.0 --agent_params {} --generator_params {}
[2025-07-23 13:44:09] Run completed: Always Up Agent x Noisy Markov Regime-Switching Generator | Run 003
[2025-07-23 13:44:09] Running: python single_run.py --experiment ..\data\experiment\exp_20250723_134335\results --generator Constant Generator --agent Repeat Last Movement Agent --run 002 --steps 100 --start_value 0.0 --agent_params {} --generator_params {}
[2025-07-23 13:44:11] Run completed: Repeat Last Movement Agent x Linear Trend Generator | Run 002
[2025-07-23 13:44:11] Running: python single_run.py --experiment ..\data\experiment\exp_20250723_134335\results --generator Constant Generator --agent Repeat Last Movement Agent --run 003 --steps 100 --start_value 0.0 --agent_params {} --generator_params {}
[2025-07-23 13:44:11] Run completed: Repeat Last Movement Agent x Linear Trend Generator | Run 001
[2025-07-23 13:44:11] Running: python single_run.py --experiment ..\data\experiment\exp_20250723_134335\results --generator Periodic Trend Generator --agent Repeat Last Movement Agent --run 001 --steps 100 --start_value 0.0 --agent_params {} --generator_params {"start_value": 10.0, "amplitude": 2.0, "frequency": 0.1}
[2025-07-23 13:44:11] Run failed: Command '['python', 'single_run.py', '--experiment', '..\\data\\experiment\\exp_20250723_134335\\results', '--generator', 'Real World Asset Price Generator', '--agent', 'Repeat Last Movement Agent', '--run', '001', '--steps', '100', '--start_value', '0.0', '--agent_params', '{}', '--generator_params', '{"ticker": "AAPL", "start": "1985-01-01", "end": "2025-01-01"}']' returned non-zero exit status 1.
[2025-07-23 13:44:11] Running: python single_run.py --experiment ..\data\experiment\exp_20250723_134335\results --generator Periodic Trend Generator --agent Repeat Last Movement Agent --run 002 --steps 100 --start_value 0.0 --agent_params {} --generator_params {"start_value": 10.0, "amplitude": 2.0, "frequency": 0.1}
[2025-07-23 13:44:11] Run failed: Command '['python', 'single_run.py', '--experiment', '..\\data\\experiment\\exp_20250723_134335\\results', '--generator', 'Real World Asset Price Generator', '--agent', 'Repeat Last Movement Agent', '--run', '003', '--steps', '100', '--start_value', '0.0', '--agent_params', '{}', '--generator_params', '{"ticker": "AAPL", "start": "1985-01-01", "end": "2025-01-01"}']' returned non-zero exit status 1.
[2025-07-23 13:44:11] Running: python single_run.py --experiment ..\data\experiment\exp_20250723_134335\results --generator Periodic Trend Generator --agent Repeat Last Movement Agent --run 003 --steps 100 --start_value 0.0 --agent_params {} --generator_params {"start_value": 10.0, "amplitude": 2.0, "frequency": 0.1}
[2025-07-23 13:44:11] Run failed: Command '['python', 'single_run.py', '--experiment', '..\\data\\experiment\\exp_20250723_134335\\results', '--generator', 'Real World Asset Price Generator', '--agent', 'Repeat Last Movement Agent', '--run', '002', '--steps', '100', '--start_value', '0.0', '--agent_params', '{}', '--generator_params', '{"ticker": "AAPL", "start": "1985-01-01", "end": "2025-01-01"}']' returned non-zero exit status 1.
[2025-07-23 13:44:11] Running: python single_run.py --experiment ..\data\experiment\exp_20250723_134335\results --generator Ornstein-Uhlenbeck Generator --agent Repeat Last Movement Agent --run 001 --steps 100 --start_value 0.0 --agent_params {} --generator_params {"mu": 10.0, "theta": 0.15, "sigma": 0.2, "dt": 1.0, "start_value": 20.0}
[2025-07-23 13:44:17] Run completed: Repeat Last Movement Agent x Constant Generator | Run 001
[2025-07-23 13:44:17] Running: python single_run.py --experiment ..\data\experiment\exp_20250723_134335\results --generator Ornstein-Uhlenbeck Generator --agent Repeat Last Movement Agent --run 002 --steps 100 --start_value 0.0 --agent_params {} --generator_params {"mu": 10.0, "theta": 0.15, "sigma": 0.2, "dt": 1.0, "start_value": 20.0}
[2025-07-23 13:44:17] Run completed: Repeat Last Movement Agent x Linear Trend Generator | Run 003
[2025-07-23 13:44:17] Running: python single_run.py --experiment ..\data\experiment\exp_20250723_134335\results --generator Ornstein-Uhlenbeck Generator --agent Repeat Last Movement Agent --run 003 --steps 100 --start_value 0.0 --agent_params {} --generator_params {"mu": 10.0, "theta": 0.15, "sigma": 0.2, "dt": 1.0, "start_value": 20.0}
[2025-07-23 13:44:17] Run completed: Repeat Last Movement Agent x Constant Generator | Run 002
[2025-07-23 13:44:17] Running: python single_run.py --experiment ..\data\experiment\exp_20250723_134335\results --generator Random Walk Generator --agent Repeat Last Movement Agent --run 001 --steps 100 --start_value 0.0 --agent_params {} --generator_params {"start_value": 0.0, "mu": 0.0, "sigma": 1.0}
[2025-07-23 13:44:18] Run completed: Repeat Last Movement Agent x Periodic Trend Generator | Run 001
[2025-07-23 13:44:18] Running: python single_run.py --experiment ..\data\experiment\exp_20250723_134335\results --generator Random Walk Generator --agent Repeat Last Movement Agent --run 002 --steps 100 --start_value 0.0 --agent_params {} --generator_params {"start_value": 0.0, "mu": 0.0, "sigma": 1.0}
[2025-07-23 13:44:18] Run completed: Repeat Last Movement Agent x Constant Generator | Run 003
[2025-07-23 13:44:18] Running: python single_run.py --experiment ..\data\experiment\exp_20250723_134335\results --generator Random Walk Generator --agent Repeat Last Movement Agent --run 003 --steps 100 --start_value 0.0 --agent_params {} --generator_params {"start_value": 0.0, "mu": 0.0, "sigma": 1.0}
[2025-07-23 13:44:19] Run completed: Repeat Last Movement Agent x Periodic Trend Generator | Run 003
[2025-07-23 13:44:19] Running: python single_run.py --experiment ..\data\experiment\exp_20250723_134335\results --generator Markov Regime-Switching Generator --agent Repeat Last Movement Agent --run 001 --steps 100 --start_value 0.0 --agent_params {} --generator_params {"regimes": [{"generator": "Linear Trend Generator", "params": {"start_value": 0.0, "slope": 0.5}}, {"generator": "Random Walk Generator", "params": {"start_value": 0.0, "mu": 0.0, "sigma": 1.0}}], "transition_matrix": [[0.8, 0.2], [0.2, 0.8]]}
[2025-07-23 13:44:19] Run completed: Repeat Last Movement Agent x Periodic Trend Generator | Run 002
[2025-07-23 13:44:19] Running: python single_run.py --experiment ..\data\experiment\exp_20250723_134335\results --generator Markov Regime-Switching Generator --agent Repeat Last Movement Agent --run 002 --steps 100 --start_value 0.0 --agent_params {} --generator_params {"regimes": [{"generator": "Linear Trend Generator", "params": {"start_value": 0.0, "slope": 0.5}}, {"generator": "Random Walk Generator", "params": {"start_value": 0.0, "mu": 0.0, "sigma": 1.0}}], "transition_matrix": [[0.8, 0.2], [0.2, 0.8]]}
[2025-07-23 13:44:19] Run completed: Repeat Last Movement Agent x Ornstein-Uhlenbeck Generator | Run 001
[2025-07-23 13:44:19] Running: python single_run.py --experiment ..\data\experiment\exp_20250723_134335\results --generator Markov Regime-Switching Generator --agent Repeat Last Movement Agent --run 003 --steps 100 --start_value 0.0 --agent_params {} --generator_params {"regimes": [{"generator": "Linear Trend Generator", "params": {"start_value": 0.0, "slope": 0.5}}, {"generator": "Random Walk Generator", "params": {"start_value": 0.0, "mu": 0.0, "sigma": 1.0}}], "transition_matrix": [[0.8, 0.2], [0.2, 0.8]]}
[2025-07-23 13:44:25] Run completed: Repeat Last Movement Agent x Ornstein-Uhlenbeck Generator | Run 002
[2025-07-23 13:44:25] Running: python single_run.py --experiment ..\data\experiment\exp_20250723_134335\results --generator Noisy Markov Regime-Switching Generator --agent Repeat Last Movement Agent --run 001 --steps 100 --start_value 0.0 --agent_params {} --generator_params {"regimes": [{"generator": "Linear Trend Generator", "params": {"start_value": 0.0, "slope": 0.5}}, {"generator": "Ornstein-Uhlenbeck Generator", "params": {"mu": 0.0, "theta": 0.1, "sigma": 0.1, "dt": 1.0, "start_value": 0.0}}], "transition_matrix": [[0.8, 0.2], [0.2, 0.8]], "noise_mu": 0.0, "noise_sigma": 0.1}
[2025-07-23 13:44:25] Run completed: Repeat Last Movement Agent x Random Walk Generator | Run 001
[2025-07-23 13:44:25] Running: python single_run.py --experiment ..\data\experiment\exp_20250723_134335\results --generator Noisy Markov Regime-Switching Generator --agent Repeat Last Movement Agent --run 002 --steps 100 --start_value 0.0 --agent_params {} --generator_params {"regimes": [{"generator": "Linear Trend Generator", "params": {"start_value": 0.0, "slope": 0.5}}, {"generator": "Ornstein-Uhlenbeck Generator", "params": {"mu": 0.0, "theta": 0.1, "sigma": 0.1, "dt": 1.0, "start_value": 0.0}}], "transition_matrix": [[0.8, 0.2], [0.2, 0.8]], "noise_mu": 0.0, "noise_sigma": 0.1}
[2025-07-23 13:44:26] Run completed: Repeat Last Movement Agent x Ornstein-Uhlenbeck Generator | Run 003
[2025-07-23 13:44:26] Running: python single_run.py --experiment ..\data\experiment\exp_20250723_134335\results --generator Noisy Markov Regime-Switching Generator --agent Repeat Last Movement Agent --run 003 --steps 100 --start_value 0.0 --agent_params {} --generator_params {"regimes": [{"generator": "Linear Trend Generator", "params": {"start_value": 0.0, "slope": 0.5}}, {"generator": "Ornstein-Uhlenbeck Generator", "params": {"mu": 0.0, "theta": 0.1, "sigma": 0.1, "dt": 1.0, "start_value": 0.0}}], "transition_matrix": [[0.8, 0.2], [0.2, 0.8]], "noise_mu": 0.0, "noise_sigma": 0.1}
[2025-07-23 13:44:27] Run completed: Repeat Last Movement Agent x Random Walk Generator | Run 002
[2025-07-23 13:44:27] Running: python single_run.py --experiment ..\data\experiment\exp_20250723_134335\results --generator Real World Asset Price Generator --agent Frequency-Based Majority Agent --run 001 --steps 100 --start_value 0.0 --agent_params {} --generator_params {"ticker": "AAPL", "start": "1985-01-01", "end": "2025-01-01"}
[2025-07-23 13:44:27] Run completed: Repeat Last Movement Agent x Random Walk Generator | Run 003
[2025-07-23 13:44:27] Running: python single_run.py --experiment ..\data\experiment\exp_20250723_134335\results --generator Real World Asset Price Generator --agent Frequency-Based Majority Agent --run 002 --steps 100 --start_value 0.0 --agent_params {} --generator_params {"ticker": "AAPL", "start": "1985-01-01", "end": "2025-01-01"}
[2025-07-23 13:44:28] Run completed: Repeat Last Movement Agent x Markov Regime-Switching Generator | Run 001
[2025-07-23 13:44:28] Running: python single_run.py --experiment ..\data\experiment\exp_20250723_134335\results --generator Real World Asset Price Generator --agent Frequency-Based Majority Agent --run 003 --steps 100 --start_value 0.0 --agent_params {} --generator_params {"ticker": "AAPL", "start": "1985-01-01", "end": "2025-01-01"}
[2025-07-23 13:44:28] Run completed: Repeat Last Movement Agent x Markov Regime-Switching Generator | Run 002
[2025-07-23 13:44:28] Running: python single_run.py --experiment ..\data\experiment\exp_20250723_134335\results --generator Linear Trend Generator --agent Frequency-Based Majority Agent --run 001 --steps 100 --start_value 0.0 --agent_params {} --generator_params {"start_value": 10.0, "slope": 0.5}
[2025-07-23 13:44:28] Run completed: Repeat Last Movement Agent x Markov Regime-Switching Generator | Run 003
[2025-07-23 13:44:28] Running: python single_run.py --experiment ..\data\experiment\exp_20250723_134335\results --generator Linear Trend Generator --agent Frequency-Based Majority Agent --run 002 --steps 100 --start_value 0.0 --agent_params {} --generator_params {"start_value": 10.0, "slope": 0.5}
[2025-07-23 13:44:33] Run completed: Repeat Last Movement Agent x Noisy Markov Regime-Switching Generator | Run 001
[2025-07-23 13:44:33] Running: python single_run.py --experiment ..\data\experiment\exp_20250723_134335\results --generator Linear Trend Generator --agent Frequency-Based Majority Agent --run 003 --steps 100 --start_value 0.0 --agent_params {} --generator_params {"start_value": 10.0, "slope": 0.5}
[2025-07-23 13:44:33] Run completed: Repeat Last Movement Agent x Noisy Markov Regime-Switching Generator | Run 002
[2025-07-23 13:44:33] Running: python single_run.py --experiment ..\data\experiment\exp_20250723_134335\results --generator Constant Generator --agent Frequency-Based Majority Agent --run 001 --steps 100 --start_value 0.0 --agent_params {} --generator_params {}
[2025-07-23 13:44:33] Run completed: Repeat Last Movement Agent x Noisy Markov Regime-Switching Generator | Run 003
[2025-07-23 13:44:33] Running: python single_run.py --experiment ..\data\experiment\exp_20250723_134335\results --generator Constant Generator --agent Frequency-Based Majority Agent --run 002 --steps 100 --start_value 0.0 --agent_params {} --generator_params {}
[2025-07-23 13:44:35] Run completed: Frequency-Based Majority Agent x Linear Trend Generator | Run 001
[2025-07-23 13:44:35] Running: python single_run.py --experiment ..\data\experiment\exp_20250723_134335\results --generator Constant Generator --agent Frequency-Based Majority Agent --run 003 --steps 100 --start_value 0.0 --agent_params {} --generator_params {}
[2025-07-23 13:44:35] Run completed: Frequency-Based Majority Agent x Linear Trend Generator | Run 002
[2025-07-23 13:44:35] Running: python single_run.py --experiment ..\data\experiment\exp_20250723_134335\results --generator Periodic Trend Generator --agent Frequency-Based Majority Agent --run 001 --steps 100 --start_value 0.0 --agent_params {} --generator_params {"start_value": 10.0, "amplitude": 2.0, "frequency": 0.1}
[2025-07-23 13:44:35] Run failed: Command '['python', 'single_run.py', '--experiment', '..\\data\\experiment\\exp_20250723_134335\\results', '--generator', 'Real World Asset Price Generator', '--agent', 'Frequency-Based Majority Agent', '--run', '002', '--steps', '100', '--start_value', '0.0', '--agent_params', '{}', '--generator_params', '{"ticker": "AAPL", "start": "1985-01-01", "end": "2025-01-01"}']' returned non-zero exit status 1.
[2025-07-23 13:44:35] Running: python single_run.py --experiment ..\data\experiment\exp_20250723_134335\results --generator Periodic Trend Generator --agent Frequency-Based Majority Agent --run 002 --steps 100 --start_value 0.0 --agent_params {} --generator_params {"start_value": 10.0, "amplitude": 2.0, "frequency": 0.1}
[2025-07-23 13:44:38] Run failed: Command '['python', 'single_run.py', '--experiment', '..\\data\\experiment\\exp_20250723_134335\\results', '--generator', 'Real World Asset Price Generator', '--agent', 'Frequency-Based Majority Agent', '--run', '003', '--steps', '100', '--start_value', '0.0', '--agent_params', '{}', '--generator_params', '{"ticker": "AAPL", "start": "1985-01-01", "end": "2025-01-01"}']' returned non-zero exit status 1.
[2025-07-23 13:44:38] Running: python single_run.py --experiment ..\data\experiment\exp_20250723_134335\results --generator Periodic Trend Generator --agent Frequency-Based Majority Agent --run 003 --steps 100 --start_value 0.0 --agent_params {} --generator_params {"start_value": 10.0, "amplitude": 2.0, "frequency": 0.1}
[2025-07-23 13:44:38] Run failed: Command '['python', 'single_run.py', '--experiment', '..\\data\\experiment\\exp_20250723_134335\\results', '--generator', 'Real World Asset Price Generator', '--agent', 'Frequency-Based Majority Agent', '--run', '001', '--steps', '100', '--start_value', '0.0', '--agent_params', '{}', '--generator_params', '{"ticker": "AAPL", "start": "1985-01-01", "end": "2025-01-01"}']' returned non-zero exit status 1.
[2025-07-23 13:44:38] Running: python single_run.py --experiment ..\data\experiment\exp_20250723_134335\results --generator Ornstein-Uhlenbeck Generator --agent Frequency-Based Majority Agent --run 001 --steps 100 --start_value 0.0 --agent_params {} --generator_params {"mu": 10.0, "theta": 0.15, "sigma": 0.2, "dt": 1.0, "start_value": 20.0}
[2025-07-23 13:44:39] Run completed: Frequency-Based Majority Agent x Linear Trend Generator | Run 003
[2025-07-23 13:44:39] Running: python single_run.py --experiment ..\data\experiment\exp_20250723_134335\results --generator Ornstein-Uhlenbeck Generator --agent Frequency-Based Majority Agent --run 002 --steps 100 --start_value 0.0 --agent_params {} --generator_params {"mu": 10.0, "theta": 0.15, "sigma": 0.2, "dt": 1.0, "start_value": 20.0}
[2025-07-23 13:44:39] Run completed: Frequency-Based Majority Agent x Constant Generator | Run 001
[2025-07-23 13:44:39] Running: python single_run.py --experiment ..\data\experiment\exp_20250723_134335\results --generator Ornstein-Uhlenbeck Generator --agent Frequency-Based Majority Agent --run 003 --steps 100 --start_value 0.0 --agent_params {} --generator_params {"mu": 10.0, "theta": 0.15, "sigma": 0.2, "dt": 1.0, "start_value": 20.0}
[2025-07-23 13:44:40] Run completed: Frequency-Based Majority Agent x Constant Generator | Run 002
[2025-07-23 13:44:40] Running: python single_run.py --experiment ..\data\experiment\exp_20250723_134335\results --generator Random Walk Generator --agent Frequency-Based Majority Agent --run 001 --steps 100 --start_value 0.0 --agent_params {} --generator_params {"start_value": 0.0, "mu": 0.0, "sigma": 1.0}
[2025-07-23 13:44:42] Run completed: Frequency-Based Majority Agent x Constant Generator | Run 003
[2025-07-23 13:44:42] Running: python single_run.py --experiment ..\data\experiment\exp_20250723_134335\results --generator Random Walk Generator --agent Frequency-Based Majority Agent --run 002 --steps 100 --start_value 0.0 --agent_params {} --generator_params {"start_value": 0.0, "mu": 0.0, "sigma": 1.0}
[2025-07-23 13:44:42] Run completed: Frequency-Based Majority Agent x Periodic Trend Generator | Run 001
[2025-07-23 13:44:42] Running: python single_run.py --experiment ..\data\experiment\exp_20250723_134335\results --generator Random Walk Generator --agent Frequency-Based Majority Agent --run 003 --steps 100 --start_value 0.0 --agent_params {} --generator_params {"start_value": 0.0, "mu": 0.0, "sigma": 1.0}
[2025-07-23 13:44:42] Run completed: Frequency-Based Majority Agent x Periodic Trend Generator | Run 002
[2025-07-23 13:44:42] Running: python single_run.py --experiment ..\data\experiment\exp_20250723_134335\results --generator Markov Regime-Switching Generator --agent Frequency-Based Majority Agent --run 001 --steps 100 --start_value 0.0 --agent_params {} --generator_params {"regimes": [{"generator": "Linear Trend Generator", "params": {"start_value": 0.0, "slope": 0.5}}, {"generator": "Random Walk Generator", "params": {"start_value": 0.0, "mu": 0.0, "sigma": 1.0}}], "transition_matrix": [[0.8, 0.2], [0.2, 0.8]]}
[2025-07-23 13:44:45] Run completed: Frequency-Based Majority Agent x Periodic Trend Generator | Run 003
[2025-07-23 13:44:45] Running: python single_run.py --experiment ..\data\experiment\exp_20250723_134335\results --generator Markov Regime-Switching Generator --agent Frequency-Based Majority Agent --run 002 --steps 100 --start_value 0.0 --agent_params {} --generator_params {"regimes": [{"generator": "Linear Trend Generator", "params": {"start_value": 0.0, "slope": 0.5}}, {"generator": "Random Walk Generator", "params": {"start_value": 0.0, "mu": 0.0, "sigma": 1.0}}], "transition_matrix": [[0.8, 0.2], [0.2, 0.8]]}
[2025-07-23 13:44:46] Run completed: Frequency-Based Majority Agent x Ornstein-Uhlenbeck Generator | Run 001
[2025-07-23 13:44:46] Running: python single_run.py --experiment ..\data\experiment\exp_20250723_134335\results --generator Markov Regime-Switching Generator --agent Frequency-Based Majority Agent --run 003 --steps 100 --start_value 0.0 --agent_params {} --generator_params {"regimes": [{"generator": "Linear Trend Generator", "params": {"start_value": 0.0, "slope": 0.5}}, {"generator": "Random Walk Generator", "params": {"start_value": 0.0, "mu": 0.0, "sigma": 1.0}}], "transition_matrix": [[0.8, 0.2], [0.2, 0.8]]}
[2025-07-23 13:44:47] Run completed: Frequency-Based Majority Agent x Ornstein-Uhlenbeck Generator | Run 002
[2025-07-23 13:44:47] Running: python single_run.py --experiment ..\data\experiment\exp_20250723_134335\results --generator Noisy Markov Regime-Switching Generator --agent Frequency-Based Majority Agent --run 001 --steps 100 --start_value 0.0 --agent_params {} --generator_params {"regimes": [{"generator": "Linear Trend Generator", "params": {"start_value": 0.0, "slope": 0.5}}, {"generator": "Ornstein-Uhlenbeck Generator", "params": {"mu": 0.0, "theta": 0.1, "sigma": 0.1, "dt": 1.0, "start_value": 0.0}}], "transition_matrix": [[0.8, 0.2], [0.2, 0.8]], "noise_mu": 0.0, "noise_sigma": 0.1}
[2025-07-23 13:44:47] Run completed: Frequency-Based Majority Agent x Ornstein-Uhlenbeck Generator | Run 003
[2025-07-23 13:44:47] Running: python single_run.py --experiment ..\data\experiment\exp_20250723_134335\results --generator Noisy Markov Regime-Switching Generator --agent Frequency-Based Majority Agent --run 002 --steps 100 --start_value 0.0 --agent_params {} --generator_params {"regimes": [{"generator": "Linear Trend Generator", "params": {"start_value": 0.0, "slope": 0.5}}, {"generator": "Ornstein-Uhlenbeck Generator", "params": {"mu": 0.0, "theta": 0.1, "sigma": 0.1, "dt": 1.0, "start_value": 0.0}}], "transition_matrix": [[0.8, 0.2], [0.2, 0.8]], "noise_mu": 0.0, "noise_sigma": 0.1}
[2025-07-23 13:44:48] Run completed: Frequency-Based Majority Agent x Random Walk Generator | Run 001
[2025-07-23 13:44:48] Running: python single_run.py --experiment ..\data\experiment\exp_20250723_134335\results --generator Noisy Markov Regime-Switching Generator --agent Frequency-Based Majority Agent --run 003 --steps 100 --start_value 0.0 --agent_params {} --generator_params {"regimes": [{"generator": "Linear Trend Generator", "params": {"start_value": 0.0, "slope": 0.5}}, {"generator": "Ornstein-Uhlenbeck Generator", "params": {"mu": 0.0, "theta": 0.1, "sigma": 0.1, "dt": 1.0, "start_value": 0.0}}], "transition_matrix": [[0.8, 0.2], [0.2, 0.8]], "noise_mu": 0.0, "noise_sigma": 0.1}
[2025-07-23 13:44:49] Run completed: Frequency-Based Majority Agent x Random Walk Generator | Run 002
[2025-07-23 13:44:49] Running: python single_run.py --experiment ..\data\experiment\exp_20250723_134335\results --generator Real World Asset Price Generator --agent Static Mean Reversion Agent --run 001 --steps 100 --start_value 0.0 --agent_params {} --generator_params {"ticker": "AAPL", "start": "1985-01-01", "end": "2025-01-01"}
[2025-07-23 13:44:50] Run completed: Frequency-Based Majority Agent x Random Walk Generator | Run 003
[2025-07-23 13:44:50] Running: python single_run.py --experiment ..\data\experiment\exp_20250723_134335\results --generator Real World Asset Price Generator --agent Static Mean Reversion Agent --run 002 --steps 100 --start_value 0.0 --agent_params {} --generator_params {"ticker": "AAPL", "start": "1985-01-01", "end": "2025-01-01"}
[2025-07-23 13:44:50] Run completed: Frequency-Based Majority Agent x Markov Regime-Switching Generator | Run 001
[2025-07-23 13:44:50] Running: python single_run.py --experiment ..\data\experiment\exp_20250723_134335\results --generator Real World Asset Price Generator --agent Static Mean Reversion Agent --run 003 --steps 100 --start_value 0.0 --agent_params {} --generator_params {"ticker": "AAPL", "start": "1985-01-01", "end": "2025-01-01"}
[2025-07-23 13:44:53] Run completed: Frequency-Based Majority Agent x Markov Regime-Switching Generator | Run 002
[2025-07-23 13:44:53] Running: python single_run.py --experiment ..\data\experiment\exp_20250723_134335\results --generator Linear Trend Generator --agent Static Mean Reversion Agent --run 001 --steps 100 --start_value 0.0 --agent_params {} --generator_params {"start_value": 10.0, "slope": 0.5}
[2025-07-23 13:44:53] Run completed: Frequency-Based Majority Agent x Markov Regime-Switching Generator | Run 003
[2025-07-23 13:44:53] Running: python single_run.py --experiment ..\data\experiment\exp_20250723_134335\results --generator Linear Trend Generator --agent Static Mean Reversion Agent --run 002 --steps 100 --start_value 0.0 --agent_params {} --generator_params {"start_value": 10.0, "slope": 0.5}
[2025-07-23 13:44:54] Run completed: Frequency-Based Majority Agent x Noisy Markov Regime-Switching Generator | Run 001
[2025-07-23 13:44:54] Running: python single_run.py --experiment ..\data\experiment\exp_20250723_134335\results --generator Linear Trend Generator --agent Static Mean Reversion Agent --run 003 --steps 100 --start_value 0.0 --agent_params {} --generator_params {"start_value": 10.0, "slope": 0.5}
[2025-07-23 13:44:54] Run completed: Frequency-Based Majority Agent x Noisy Markov Regime-Switching Generator | Run 002
[2025-07-23 13:44:54] Running: python single_run.py --experiment ..\data\experiment\exp_20250723_134335\results --generator Constant Generator --agent Static Mean Reversion Agent --run 001 --steps 100 --start_value 0.0 --agent_params {} --generator_params {}
[2025-07-23 13:44:55] Run completed: Frequency-Based Majority Agent x Noisy Markov Regime-Switching Generator | Run 003
[2025-07-23 13:44:55] Running: python single_run.py --experiment ..\data\experiment\exp_20250723_134335\results --generator Constant Generator --agent Static Mean Reversion Agent --run 002 --steps 100 --start_value 0.0 --agent_params {} --generator_params {}
[2025-07-23 13:44:58] Run failed: Command '['python', 'single_run.py', '--experiment', '..\\data\\experiment\\exp_20250723_134335\\results', '--generator', 'Real World Asset Price Generator', '--agent', 'Static Mean Reversion Agent', '--run', '001', '--steps', '100', '--start_value', '0.0', '--agent_params', '{}', '--generator_params', '{"ticker": "AAPL", "start": "1985-01-01", "end": "2025-01-01"}']' returned non-zero exit status 1.
[2025-07-23 13:44:58] Running: python single_run.py --experiment ..\data\experiment\exp_20250723_134335\results --generator Constant Generator --agent Static Mean Reversion Agent --run 003 --steps 100 --start_value 0.0 --agent_params {} --generator_params {}
[2025-07-23 13:44:58] Run failed: Command '['python', 'single_run.py', '--experiment', '..\\data\\experiment\\exp_20250723_134335\\results', '--generator', 'Real World Asset Price Generator', '--agent', 'Static Mean Reversion Agent', '--run', '002', '--steps', '100', '--start_value', '0.0', '--agent_params', '{}', '--generator_params', '{"ticker": "AAPL", "start": "1985-01-01", "end": "2025-01-01"}']' returned non-zero exit status 1.
[2025-07-23 13:44:58] Running: python single_run.py --experiment ..\data\experiment\exp_20250723_134335\results --generator Periodic Trend Generator --agent Static Mean Reversion Agent --run 001 --steps 100 --start_value 0.0 --agent_params {} --generator_params {"start_value": 10.0, "amplitude": 2.0, "frequency": 0.1}
[2025-07-23 13:44:59] Run failed: Command '['python', 'single_run.py', '--experiment', '..\\data\\experiment\\exp_20250723_134335\\results', '--generator', 'Real World Asset Price Generator', '--agent', 'Static Mean Reversion Agent', '--run', '003', '--steps', '100', '--start_value', '0.0', '--agent_params', '{}', '--generator_params', '{"ticker": "AAPL", "start": "1985-01-01", "end": "2025-01-01"}']' returned non-zero exit status 1.
[2025-07-23 13:44:59] Running: python single_run.py --experiment ..\data\experiment\exp_20250723_134335\results --generator Periodic Trend Generator --agent Static Mean Reversion Agent --run 002 --steps 100 --start_value 0.0 --agent_params {} --generator_params {"start_value": 10.0, "amplitude": 2.0, "frequency": 0.1}
[2025-07-23 13:45:01] Run completed: Static Mean Reversion Agent x Linear Trend Generator | Run 001
[2025-07-23 13:45:01] Running: python single_run.py --experiment ..\data\experiment\exp_20250723_134335\results --generator Periodic Trend Generator --agent Static Mean Reversion Agent --run 003 --steps 100 --start_value 0.0 --agent_params {} --generator_params {"start_value": 10.0, "amplitude": 2.0, "frequency": 0.1}
[2025-07-23 13:45:01] Run completed: Static Mean Reversion Agent x Linear Trend Generator | Run 002
[2025-07-23 13:45:01] Running: python single_run.py --experiment ..\data\experiment\exp_20250723_134335\results --generator Ornstein-Uhlenbeck Generator --agent Static Mean Reversion Agent --run 001 --steps 100 --start_value 0.0 --agent_params {} --generator_params {"mu": 10.0, "theta": 0.15, "sigma": 0.2, "dt": 1.0, "start_value": 20.0}
[2025-07-23 13:45:02] Run completed: Static Mean Reversion Agent x Constant Generator | Run 001
[2025-07-23 13:45:02] Running: python single_run.py --experiment ..\data\experiment\exp_20250723_134335\results --generator Ornstein-Uhlenbeck Generator --agent Static Mean Reversion Agent --run 002 --steps 100 --start_value 0.0 --agent_params {} --generator_params {"mu": 10.0, "theta": 0.15, "sigma": 0.2, "dt": 1.0, "start_value": 20.0}
[2025-07-23 13:45:02] Run completed: Static Mean Reversion Agent x Linear Trend Generator | Run 003
[2025-07-23 13:45:02] Running: python single_run.py --experiment ..\data\experiment\exp_20250723_134335\results --generator Ornstein-Uhlenbeck Generator --agent Static Mean Reversion Agent --run 003 --steps 100 --start_value 0.0 --agent_params {} --generator_params {"mu": 10.0, "theta": 0.15, "sigma": 0.2, "dt": 1.0, "start_value": 20.0}
[2025-07-23 13:45:03] Run completed: Static Mean Reversion Agent x Constant Generator | Run 002
[2025-07-23 13:45:03] Running: python single_run.py --experiment ..\data\experiment\exp_20250723_134335\results --generator Random Walk Generator --agent Static Mean Reversion Agent --run 001 --steps 100 --start_value 0.0 --agent_params {} --generator_params {"start_value": 0.0, "mu": 0.0, "sigma": 1.0}
[2025-07-23 13:45:06] Run completed: Static Mean Reversion Agent x Constant Generator | Run 003
[2025-07-23 13:45:06] Running: python single_run.py --experiment ..\data\experiment\exp_20250723_134335\results --generator Random Walk Generator --agent Static Mean Reversion Agent --run 002 --steps 100 --start_value 0.0 --agent_params {} --generator_params {"start_value": 0.0, "mu": 0.0, "sigma": 1.0}
[2025-07-23 13:45:06] Run completed: Static Mean Reversion Agent x Periodic Trend Generator | Run 001
[2025-07-23 13:45:06] Running: python single_run.py --experiment ..\data\experiment\exp_20250723_134335\results --generator Random Walk Generator --agent Static Mean Reversion Agent --run 003 --steps 100 --start_value 0.0 --agent_params {} --generator_params {"start_value": 0.0, "mu": 0.0, "sigma": 1.0}
[2025-07-23 13:45:06] Run completed: Static Mean Reversion Agent x Periodic Trend Generator | Run 002
[2025-07-23 13:45:06] Running: python single_run.py --experiment ..\data\experiment\exp_20250723_134335\results --generator Markov Regime-Switching Generator --agent Static Mean Reversion Agent --run 001 --steps 100 --start_value 0.0 --agent_params {} --generator_params {"regimes": [{"generator": "Linear Trend Generator", "params": {"start_value": 0.0, "slope": 0.5}}, {"generator": "Random Walk Generator", "params": {"start_value": 0.0, "mu": 0.0, "sigma": 1.0}}], "transition_matrix": [[0.8, 0.2], [0.2, 0.8]]}
[2025-07-23 13:45:09] Run completed: Static Mean Reversion Agent x Periodic Trend Generator | Run 003
[2025-07-23 13:45:09] Running: python single_run.py --experiment ..\data\experiment\exp_20250723_134335\results --generator Markov Regime-Switching Generator --agent Static Mean Reversion Agent --run 002 --steps 100 --start_value 0.0 --agent_params {} --generator_params {"regimes": [{"generator": "Linear Trend Generator", "params": {"start_value": 0.0, "slope": 0.5}}, {"generator": "Random Walk Generator", "params": {"start_value": 0.0, "mu": 0.0, "sigma": 1.0}}], "transition_matrix": [[0.8, 0.2], [0.2, 0.8]]}
[2025-07-23 13:45:09] Run completed: Static Mean Reversion Agent x Ornstein-Uhlenbeck Generator | Run 001
[2025-07-23 13:45:09] Running: python single_run.py --experiment ..\data\experiment\exp_20250723_134335\results --generator Markov Regime-Switching Generator --agent Static Mean Reversion Agent --run 003 --steps 100 --start_value 0.0 --agent_params {} --generator_params {"regimes": [{"generator": "Linear Trend Generator", "params": {"start_value": 0.0, "slope": 0.5}}, {"generator": "Random Walk Generator", "params": {"start_value": 0.0, "mu": 0.0, "sigma": 1.0}}], "transition_matrix": [[0.8, 0.2], [0.2, 0.8]]}
[2025-07-23 13:45:10] Run completed: Static Mean Reversion Agent x Ornstein-Uhlenbeck Generator | Run 002
[2025-07-23 13:45:10] Running: python single_run.py --experiment ..\data\experiment\exp_20250723_134335\results --generator Noisy Markov Regime-Switching Generator --agent Static Mean Reversion Agent --run 001 --steps 100 --start_value 0.0 --agent_params {} --generator_params {"regimes": [{"generator": "Linear Trend Generator", "params": {"start_value": 0.0, "slope": 0.5}}, {"generator": "Ornstein-Uhlenbeck Generator", "params": {"mu": 0.0, "theta": 0.1, "sigma": 0.1, "dt": 1.0, "start_value": 0.0}}], "transition_matrix": [[0.8, 0.2], [0.2, 0.8]], "noise_mu": 0.0, "noise_sigma": 0.1}
[2025-07-23 13:45:10] Run completed: Static Mean Reversion Agent x Ornstein-Uhlenbeck Generator | Run 003
[2025-07-23 13:45:10] Running: python single_run.py --experiment ..\data\experiment\exp_20250723_134335\results --generator Noisy Markov Regime-Switching Generator --agent Static Mean Reversion Agent --run 002 --steps 100 --start_value 0.0 --agent_params {} --generator_params {"regimes": [{"generator": "Linear Trend Generator", "params": {"start_value": 0.0, "slope": 0.5}}, {"generator": "Ornstein-Uhlenbeck Generator", "params": {"mu": 0.0, "theta": 0.1, "sigma": 0.1, "dt": 1.0, "start_value": 0.0}}], "transition_matrix": [[0.8, 0.2], [0.2, 0.8]], "noise_mu": 0.0, "noise_sigma": 0.1}
[2025-07-23 13:45:11] Run completed: Static Mean Reversion Agent x Random Walk Generator | Run 001
[2025-07-23 13:45:11] Running: python single_run.py --experiment ..\data\experiment\exp_20250723_134335\results --generator Noisy Markov Regime-Switching Generator --agent Static Mean Reversion Agent --run 003 --steps 100 --start_value 0.0 --agent_params {} --generator_params {"regimes": [{"generator": "Linear Trend Generator", "params": {"start_value": 0.0, "slope": 0.5}}, {"generator": "Ornstein-Uhlenbeck Generator", "params": {"mu": 0.0, "theta": 0.1, "sigma": 0.1, "dt": 1.0, "start_value": 0.0}}], "transition_matrix": [[0.8, 0.2], [0.2, 0.8]], "noise_mu": 0.0, "noise_sigma": 0.1}
[2025-07-23 13:45:13] Run completed: Static Mean Reversion Agent x Random Walk Generator | Run 002
[2025-07-23 13:45:13] Running: python single_run.py --experiment ..\data\experiment\exp_20250723_134335\results --generator Real World Asset Price Generator --agent Dynamic Mean Reversion Agent --run 001 --steps 100 --start_value 0.0 --agent_params {"time_window": 5} --generator_params {"ticker": "AAPL", "start": "1985-01-01", "end": "2025-01-01"}
[2025-07-23 13:45:13] Run completed: Static Mean Reversion Agent x Random Walk Generator | Run 003
[2025-07-23 13:45:14] Running: python single_run.py --experiment ..\data\experiment\exp_20250723_134335\results --generator Real World Asset Price Generator --agent Dynamic Mean Reversion Agent --run 002 --steps 100 --start_value 0.0 --agent_params {"time_window": 5} --generator_params {"ticker": "AAPL", "start": "1985-01-01", "end": "2025-01-01"}
[2025-07-23 13:45:14] Run completed: Static Mean Reversion Agent x Markov Regime-Switching Generator | Run 001
[2025-07-23 13:45:14] Running: python single_run.py --experiment ..\data\experiment\exp_20250723_134335\results --generator Real World Asset Price Generator --agent Dynamic Mean Reversion Agent --run 003 --steps 100 --start_value 0.0 --agent_params {"time_window": 5} --generator_params {"ticker": "AAPL", "start": "1985-01-01", "end": "2025-01-01"}
[2025-07-23 13:45:16] Run completed: Static Mean Reversion Agent x Markov Regime-Switching Generator | Run 002
[2025-07-23 13:45:16] Running: python single_run.py --experiment ..\data\experiment\exp_20250723_134335\results --generator Linear Trend Generator --agent Dynamic Mean Reversion Agent --run 001 --steps 100 --start_value 0.0 --agent_params {"time_window": 5} --generator_params {"start_value": 10.0, "slope": 0.5}
[2025-07-23 13:45:17] Run completed: Static Mean Reversion Agent x Markov Regime-Switching Generator | Run 003
[2025-07-23 13:45:17] Running: python single_run.py --experiment ..\data\experiment\exp_20250723_134335\results --generator Linear Trend Generator --agent Dynamic Mean Reversion Agent --run 002 --steps 100 --start_value 0.0 --agent_params {"time_window": 5} --generator_params {"start_value": 10.0, "slope": 0.5}
[2025-07-23 13:45:17] Run completed: Static Mean Reversion Agent x Noisy Markov Regime-Switching Generator | Run 001
[2025-07-23 13:45:17] Running: python single_run.py --experiment ..\data\experiment\exp_20250723_134335\results --generator Linear Trend Generator --agent Dynamic Mean Reversion Agent --run 003 --steps 100 --start_value 0.0 --agent_params {"time_window": 5} --generator_params {"start_value": 10.0, "slope": 0.5}
[2025-07-23 13:45:18] Run completed: Static Mean Reversion Agent x Noisy Markov Regime-Switching Generator | Run 002
[2025-07-23 13:45:18] Running: python single_run.py --experiment ..\data\experiment\exp_20250723_134335\results --generator Constant Generator --agent Dynamic Mean Reversion Agent --run 001 --steps 100 --start_value 0.0 --agent_params {"time_window": 5} --generator_params {}
[2025-07-23 13:45:18] Run completed: Static Mean Reversion Agent x Noisy Markov Regime-Switching Generator | Run 003
[2025-07-23 13:45:18] Running: python single_run.py --experiment ..\data\experiment\exp_20250723_134335\results --generator Constant Generator --agent Dynamic Mean Reversion Agent --run 002 --steps 100 --start_value 0.0 --agent_params {"time_window": 5} --generator_params {}
[2025-07-23 13:45:22] Run failed: Command '['python', 'single_run.py', '--experiment', '..\\data\\experiment\\exp_20250723_134335\\results', '--generator', 'Real World Asset Price Generator', '--agent', 'Dynamic Mean Reversion Agent', '--run', '001', '--steps', '100', '--start_value', '0.0', '--agent_params', '{"time_window": 5}', '--generator_params', '{"ticker": "AAPL", "start": "1985-01-01", "end": "2025-01-01"}']' returned non-zero exit status 1.
[2025-07-23 13:45:22] Running: python single_run.py --experiment ..\data\experiment\exp_20250723_134335\results --generator Constant Generator --agent Dynamic Mean Reversion Agent --run 003 --steps 100 --start_value 0.0 --agent_params {"time_window": 5} --generator_params {}
[2025-07-23 13:45:22] Run failed: Command '['python', 'single_run.py', '--experiment', '..\\data\\experiment\\exp_20250723_134335\\results', '--generator', 'Real World Asset Price Generator', '--agent', 'Dynamic Mean Reversion Agent', '--run', '002', '--steps', '100', '--start_value', '0.0', '--agent_params', '{"time_window": 5}', '--generator_params', '{"ticker": "AAPL", "start": "1985-01-01", "end": "2025-01-01"}']' returned non-zero exit status 1.
[2025-07-23 13:45:22] Running: python single_run.py --experiment ..\data\experiment\exp_20250723_134335\results --generator Periodic Trend Generator --agent Dynamic Mean Reversion Agent --run 001 --steps 100 --start_value 0.0 --agent_params {"time_window": 5} --generator_params {"start_value": 10.0, "amplitude": 2.0, "frequency": 0.1}
[2025-07-23 13:45:22] Run failed: Command '['python', 'single_run.py', '--experiment', '..\\data\\experiment\\exp_20250723_134335\\results', '--generator', 'Real World Asset Price Generator', '--agent', 'Dynamic Mean Reversion Agent', '--run', '003', '--steps', '100', '--start_value', '0.0', '--agent_params', '{"time_window": 5}', '--generator_params', '{"ticker": "AAPL", "start": "1985-01-01", "end": "2025-01-01"}']' returned non-zero exit status 1.
[2025-07-23 13:45:22] Running: python single_run.py --experiment ..\data\experiment\exp_20250723_134335\results --generator Periodic Trend Generator --agent Dynamic Mean Reversion Agent --run 002 --steps 100 --start_value 0.0 --agent_params {"time_window": 5} --generator_params {"start_value": 10.0, "amplitude": 2.0, "frequency": 0.1}
[2025-07-23 13:45:24] Run completed: Dynamic Mean Reversion Agent x Linear Trend Generator | Run 001
[2025-07-23 13:45:24] Running: python single_run.py --experiment ..\data\experiment\exp_20250723_134335\results --generator Periodic Trend Generator --agent Dynamic Mean Reversion Agent --run 003 --steps 100 --start_value 0.0 --agent_params {"time_window": 5} --generator_params {"start_value": 10.0, "amplitude": 2.0, "frequency": 0.1}
[2025-07-23 13:45:25] Run completed: Dynamic Mean Reversion Agent x Linear Trend Generator | Run 002
[2025-07-23 13:45:25] Running: python single_run.py --experiment ..\data\experiment\exp_20250723_134335\results --generator Ornstein-Uhlenbeck Generator --agent Dynamic Mean Reversion Agent --run 001 --steps 100 --start_value 0.0 --agent_params {"time_window": 5} --generator_params {"mu": 10.0, "theta": 0.15, "sigma": 0.2, "dt": 1.0, "start_value": 20.0}
[2025-07-23 13:45:25] Run completed: Dynamic Mean Reversion Agent x Linear Trend Generator | Run 003
[2025-07-23 13:45:25] Running: python single_run.py --experiment ..\data\experiment\exp_20250723_134335\results --generator Ornstein-Uhlenbeck Generator --agent Dynamic Mean Reversion Agent --run 002 --steps 100 --start_value 0.0 --agent_params {"time_window": 5} --generator_params {"mu": 10.0, "theta": 0.15, "sigma": 0.2, "dt": 1.0, "start_value": 20.0}
[2025-07-23 13:45:25] Run completed: Dynamic Mean Reversion Agent x Constant Generator | Run 001
[2025-07-23 13:45:25] Running: python single_run.py --experiment ..\data\experiment\exp_20250723_134335\results --generator Ornstein-Uhlenbeck Generator --agent Dynamic Mean Reversion Agent --run 003 --steps 100 --start_value 0.0 --agent_params {"time_window": 5} --generator_params {"mu": 10.0, "theta": 0.15, "sigma": 0.2, "dt": 1.0, "start_value": 20.0}
[2025-07-23 13:45:26] Run completed: Dynamic Mean Reversion Agent x Constant Generator | Run 002
[2025-07-23 13:45:26] Running: python single_run.py --experiment ..\data\experiment\exp_20250723_134335\results --generator Random Walk Generator --agent Dynamic Mean Reversion Agent --run 001 --steps 100 --start_value 0.0 --agent_params {"time_window": 5} --generator_params {"start_value": 0.0, "mu": 0.0, "sigma": 1.0}
[2025-07-23 13:45:30] Run completed: Dynamic Mean Reversion Agent x Constant Generator | Run 003
[2025-07-23 13:45:30] Running: python single_run.py --experiment ..\data\experiment\exp_20250723_134335\results --generator Random Walk Generator --agent Dynamic Mean Reversion Agent --run 002 --steps 100 --start_value 0.0 --agent_params {"time_window": 5} --generator_params {"start_value": 0.0, "mu": 0.0, "sigma": 1.0}
[2025-07-23 13:45:30] Run completed: Dynamic Mean Reversion Agent x Periodic Trend Generator | Run 001
[2025-07-23 13:45:30] Running: python single_run.py --experiment ..\data\experiment\exp_20250723_134335\results --generator Random Walk Generator --agent Dynamic Mean Reversion Agent --run 003 --steps 100 --start_value 0.0 --agent_params {"time_window": 5} --generator_params {"start_value": 0.0, "mu": 0.0, "sigma": 1.0}
[2025-07-23 13:45:30] Run completed: Dynamic Mean Reversion Agent x Periodic Trend Generator | Run 002
[2025-07-23 13:45:30] Running: python single_run.py --experiment ..\data\experiment\exp_20250723_134335\results --generator Markov Regime-Switching Generator --agent Dynamic Mean Reversion Agent --run 001 --steps 100 --start_value 0.0 --agent_params {"time_window": 5} --generator_params {"regimes": [{"generator": "Linear Trend Generator", "params": {"start_value": 0.0, "slope": 0.5}}, {"generator": "Random Walk Generator", "params": {"start_value": 0.0, "mu": 0.0, "sigma": 1.0}}], "transition_matrix": [[0.8, 0.2], [0.2, 0.8]]}
[2025-07-23 13:45:32] Run completed: Dynamic Mean Reversion Agent x Periodic Trend Generator | Run 003
[2025-07-23 13:45:32] Running: python single_run.py --experiment ..\data\experiment\exp_20250723_134335\results --generator Markov Regime-Switching Generator --agent Dynamic Mean Reversion Agent --run 002 --steps 100 --start_value 0.0 --agent_params {"time_window": 5} --generator_params {"regimes": [{"generator": "Linear Trend Generator", "params": {"start_value": 0.0, "slope": 0.5}}, {"generator": "Random Walk Generator", "params": {"start_value": 0.0, "mu": 0.0, "sigma": 1.0}}], "transition_matrix": [[0.8, 0.2], [0.2, 0.8]]}
[2025-07-23 13:45:32] Run completed: Dynamic Mean Reversion Agent x Ornstein-Uhlenbeck Generator | Run 001
[2025-07-23 13:45:32] Running: python single_run.py --experiment ..\data\experiment\exp_20250723_134335\results --generator Markov Regime-Switching Generator --agent Dynamic Mean Reversion Agent --run 003 --steps 100 --start_value 0.0 --agent_params {"time_window": 5} --generator_params {"regimes": [{"generator": "Linear Trend Generator", "params": {"start_value": 0.0, "slope": 0.5}}, {"generator": "Random Walk Generator", "params": {"start_value": 0.0, "mu": 0.0, "sigma": 1.0}}], "transition_matrix": [[0.8, 0.2], [0.2, 0.8]]}
[2025-07-23 13:45:33] Run completed: Dynamic Mean Reversion Agent x Ornstein-Uhlenbeck Generator | Run 002
[2025-07-23 13:45:33] Running: python single_run.py --experiment ..\data\experiment\exp_20250723_134335\results --generator Noisy Markov Regime-Switching Generator --agent Dynamic Mean Reversion Agent --run 001 --steps 100 --start_value 0.0 --agent_params {"time_window": 5} --generator_params {"regimes": [{"generator": "Linear Trend Generator", "params": {"start_value": 0.0, "slope": 0.5}}, {"generator": "Ornstein-Uhlenbeck Generator", "params": {"mu": 0.0, "theta": 0.1, "sigma": 0.1, "dt": 1.0, "start_value": 0.0}}], "transition_matrix": [[0.8, 0.2], [0.2, 0.8]], "noise_mu": 0.0, "noise_sigma": 0.1}
[2025-07-23 13:45:33] Run completed: Dynamic Mean Reversion Agent x Ornstein-Uhlenbeck Generator | Run 003
[2025-07-23 13:45:33] Running: python single_run.py --experiment ..\data\experiment\exp_20250723_134335\results --generator Noisy Markov Regime-Switching Generator --agent Dynamic Mean Reversion Agent --run 002 --steps 100 --start_value 0.0 --agent_params {"time_window": 5} --generator_params {"regimes": [{"generator": "Linear Trend Generator", "params": {"start_value": 0.0, "slope": 0.5}}, {"generator": "Ornstein-Uhlenbeck Generator", "params": {"mu": 0.0, "theta": 0.1, "sigma": 0.1, "dt": 1.0, "start_value": 0.0}}], "transition_matrix": [[0.8, 0.2], [0.2, 0.8]], "noise_mu": 0.0, "noise_sigma": 0.1}
[2025-07-23 13:45:34] Run completed: Dynamic Mean Reversion Agent x Random Walk Generator | Run 001
[2025-07-23 13:45:34] Running: python single_run.py --experiment ..\data\experiment\exp_20250723_134335\results --generator Noisy Markov Regime-Switching Generator --agent Dynamic Mean Reversion Agent --run 003 --steps 100 --start_value 0.0 --agent_params {"time_window": 5} --generator_params {"regimes": [{"generator": "Linear Trend Generator", "params": {"start_value": 0.0, "slope": 0.5}}, {"generator": "Ornstein-Uhlenbeck Generator", "params": {"mu": 0.0, "theta": 0.1, "sigma": 0.1, "dt": 1.0, "start_value": 0.0}}], "transition_matrix": [[0.8, 0.2], [0.2, 0.8]], "noise_mu": 0.0, "noise_sigma": 0.1}
[2025-07-23 13:45:37] Run completed: Dynamic Mean Reversion Agent x Random Walk Generator | Run 002
[2025-07-23 13:45:38] Run completed: Dynamic Mean Reversion Agent x Random Walk Generator | Run 003
[2025-07-23 13:45:38] Run completed: Dynamic Mean Reversion Agent x Markov Regime-Switching Generator | Run 001
[2025-07-23 13:45:39] Run completed: Dynamic Mean Reversion Agent x Markov Regime-Switching Generator | Run 002
[2025-07-23 13:45:40] Run completed: Dynamic Mean Reversion Agent x Markov Regime-Switching Generator | Run 003
[2025-07-23 13:45:40] Run completed: Dynamic Mean Reversion Agent x Noisy Markov Regime-Switching Generator | Run 001
[2025-07-23 13:45:40] Run completed: Dynamic Mean Reversion Agent x Noisy Markov Regime-Switching Generator | Run 002
[2025-07-23 13:45:40] Run completed: Dynamic Mean Reversion Agent x Noisy Markov Regime-Switching Generator | Run 003
[2025-07-23 13:45:41] All runs completed. Aggregating results...
[2025-07-23 13:45:43] Aggregation completed. Summary and convergence data saved.
[2025-07-23 13:45:43] Experiment exp_20250723_134335 completed.
