EPISODE:  0
{'batch_size': 128, 'buffer_size': 50000, 'learning_rate': 0.001}
Using cpu device
EPISODE:  1
EPISODE:  2
EPISODE:  3
EPISODE:  4
EPISODE:  5
------------------------------------
| time/              |             |
|    episodes        | 4           |
|    fps             | 21          |
|    time_elapsed    | 186         |
|    total_timesteps | 3964        |
| train/             |             |
|    actor_loss      | 2.27        |
|    critic_loss     | 1.42        |
|    learning_rate   | 0.001       |
|    n_updates       | 3863        |
|    reward          | 0.012346726 |
------------------------------------
EPISODE:  6
EPISODE:  7
EPISODE:  8
EPISODE:  9
------------------------------------
| time/              |             |
|    episodes        | 8           |
|    fps             | 21          |
|    time_elapsed    | 376         |
|    total_timesteps | 7928        |
| train/             |             |
|    actor_loss      | 2.11        |
|    critic_loss     | 0.0669      |
|    learning_rate   | 0.001       |
|    n_updates       | 7827        |
|    reward          | 0.012346726 |
------------------------------------
EPISODE:  10
EPISODE:  11
EPISODE:  12
EPISODE:  13
------------------------------------
| time/              |             |
|    episodes        | 12          |
|    fps             | 20          |
|    time_elapsed    | 574         |
|    total_timesteps | 11892       |
| train/             |             |
|    actor_loss      | 1.76        |
|    critic_loss     | 0.00446     |
|    learning_rate   | 0.001       |
|    n_updates       | 11791       |
|    reward          | 0.012346726 |
------------------------------------
EPISODE:  14
EPISODE:  15
EPISODE:  16
EPISODE:  17
------------------------------------
| time/              |             |
|    episodes        | 16          |
|    fps             | 20          |
|    time_elapsed    | 773         |
|    total_timesteps | 15856       |
| train/             |             |
|    actor_loss      | -2.8        |
|    critic_loss     | 0.00772     |
|    learning_rate   | 0.001       |
|    n_updates       | 15755       |
|    reward          | 0.012346726 |
------------------------------------
EPISODE:  18
EPISODE:  19
EPISODE:  20
EPISODE:  21
------------------------------------
| time/              |             |
|    episodes        | 20          |
|    fps             | 20          |
|    time_elapsed    | 971         |
|    total_timesteps | 19820       |
| train/             |             |
|    actor_loss      | -2.4        |
|    critic_loss     | 0.00241     |
|    learning_rate   | 0.001       |
|    n_updates       | 19719       |
|    reward          | 0.012346726 |
------------------------------------
EPISODE:  22
EPISODE:  23
EPISODE:  24
EPISODE:  25
------------------------------------
| time/              |             |
|    episodes        | 24          |
|    fps             | 20          |
|    time_elapsed    | 1161        |
|    total_timesteps | 23784       |
| train/             |             |
|    actor_loss      | -1.65       |
|    critic_loss     | 0.00187     |
|    learning_rate   | 0.001       |
|    n_updates       | 23683       |
|    reward          | 0.012346726 |
------------------------------------
EPISODE:  26
EPISODE:  27
EPISODE:  28
EPISODE:  29
------------------------------------
| time/              |             |
|    episodes        | 28          |
|    fps             | 20          |
|    time_elapsed    | 1354        |
|    total_timesteps | 27748       |
| train/             |             |
|    actor_loss      | -1.28       |
|    critic_loss     | 0.00575     |
|    learning_rate   | 0.001       |
|    n_updates       | 27647       |
|    reward          | 0.012346726 |
------------------------------------
EPISODE:  30
EPISODE:  31
EPISODE:  32
EPISODE:  33
------------------------------------
| time/              |             |
|    episodes        | 32          |
|    fps             | 20          |
|    time_elapsed    | 1540        |
|    total_timesteps | 31712       |
| train/             |             |
|    actor_loss      | -1.14       |
|    critic_loss     | 0.000408    |
|    learning_rate   | 0.001       |
|    n_updates       | 31611       |
|    reward          | 0.012346726 |
------------------------------------
EPISODE:  34
EPISODE:  35
EPISODE:  36
EPISODE:  37
------------------------------------
| time/              |             |
|    episodes        | 36          |
|    fps             | 20          |
|    time_elapsed    | 1726        |
|    total_timesteps | 35676       |
| train/             |             |
|    actor_loss      | -0.767      |
|    critic_loss     | 8.83e-05    |
|    learning_rate   | 0.001       |
|    n_updates       | 35575       |
|    reward          | 0.012346726 |
------------------------------------
EPISODE:  38
EPISODE:  39
EPISODE:  40
EPISODE:  41
------------------------------------
| time/              |             |
|    episodes        | 40          |
|    fps             | 20          |
|    time_elapsed    | 1910        |
|    total_timesteps | 39640       |
| train/             |             |
|    actor_loss      | -0.644      |
|    critic_loss     | 0.000133    |
|    learning_rate   | 0.001       |
|    n_updates       | 39539       |
|    reward          | 0.012346726 |
------------------------------------
EPISODE:  42
EPISODE:  43
EPISODE:  44
EPISODE:  45
------------------------------------
| time/              |             |
|    episodes        | 44          |
|    fps             | 20          |
|    time_elapsed    | 2092        |
|    total_timesteps | 43604       |
| train/             |             |
|    actor_loss      | -0.481      |
|    critic_loss     | 0.000105    |
|    learning_rate   | 0.001       |
|    n_updates       | 43503       |
|    reward          | 0.012346726 |
------------------------------------
EPISODE:  46
EPISODE:  47
EPISODE:  48
EPISODE:  49
------------------------------------
| time/              |             |
|    episodes        | 48          |
|    fps             | 20          |
|    time_elapsed    | 2276        |
|    total_timesteps | 47568       |
| train/             |             |
|    actor_loss      | -0.306      |
|    critic_loss     | 0.00017     |
|    learning_rate   | 0.001       |
|    n_updates       | 47467       |
|    reward          | 0.012346726 |
------------------------------------
EPISODE:  50
EPISODE:  51
Saved episode log to Results\250619_hc_binary_udp_noise\ddpg\downward_noise\training_logs\09.csv
