EPISODE:  0
{'n_steps': 2048, 'batch_size': 64, 'learning_rate': 0.0003, 'ent_coef': 0.0}
Using cpu device
EPISODE:  1
EPISODE:  2
EPISODE:  3
------------------------------------
| time/              |             |
|    fps             | 268         |
|    iterations      | 1           |
|    time_elapsed    | 7           |
|    total_timesteps | 2048        |
| train/             |             |
|    reward          | -0.08937853 |
------------------------------------
EPISODE:  4
EPISODE:  5
------------------------------------------
| time/                   |              |
|    fps                  | 204          |
|    iterations           | 2            |
|    time_elapsed         | 20           |
|    total_timesteps      | 4096         |
| train/                  |              |
|    approx_kl            | 0.0029925248 |
|    clip_fraction        | 0.0242       |
|    clip_range           | 0.2          |
|    entropy_loss         | -2.83        |
|    explained_variance   | -0.119       |
|    learning_rate        | 0.0003       |
|    loss                 | 0.00588      |
|    n_updates            | 10           |
|    policy_gradient_loss | -0.00386     |
|    reward               | 0.020557929  |
|    std                  | 0.992        |
|    value_loss           | 0.0165       |
------------------------------------------
EPISODE:  6
EPISODE:  7
-----------------------------------------
| time/                   |             |
|    fps                  | 185         |
|    iterations           | 3           |
|    time_elapsed         | 33          |
|    total_timesteps      | 6144        |
| train/                  |             |
|    approx_kl            | 0.010192411 |
|    clip_fraction        | 0.0679      |
|    clip_range           | 0.2         |
|    entropy_loss         | -2.82       |
|    explained_variance   | 0.0155      |
|    learning_rate        | 0.0003      |
|    loss                 | 0.0155      |
|    n_updates            | 20          |
|    policy_gradient_loss | -0.00333    |
|    reward               | 0.04513703  |
|    std                  | 0.994       |
|    value_loss           | 0.0168      |
-----------------------------------------
EPISODE:  8
EPISODE:  9
------------------------------------------
| time/                   |              |
|    fps                  | 169          |
|    iterations           | 4            |
|    time_elapsed         | 48           |
|    total_timesteps      | 8192         |
| train/                  |              |
|    approx_kl            | 0.009033054  |
|    clip_fraction        | 0.0811       |
|    clip_range           | 0.2          |
|    entropy_loss         | -2.83        |
|    explained_variance   | 0.0238       |
|    learning_rate        | 0.0003       |
|    loss                 | -0.0101      |
|    n_updates            | 30           |
|    policy_gradient_loss | -0.00306     |
|    reward               | -0.037460472 |
|    std                  | 0.995        |
|    value_loss           | 0.0128       |
------------------------------------------
EPISODE:  10
EPISODE:  11
-----------------------------------------
| time/                   |             |
|    fps                  | 162         |
|    iterations           | 5           |
|    time_elapsed         | 62          |
|    total_timesteps      | 10240       |
| train/                  |             |
|    approx_kl            | 0.007581662 |
|    clip_fraction        | 0.0941      |
|    clip_range           | 0.2         |
|    entropy_loss         | -2.82       |
|    explained_variance   | 0.0138      |
|    learning_rate        | 0.0003      |
|    loss                 | -0.00492    |
|    n_updates            | 40          |
|    policy_gradient_loss | -0.00302    |
|    reward               | 0.028105926 |
|    std                  | 0.99        |
|    value_loss           | 0.0124      |
-----------------------------------------
EPISODE:  12
EPISODE:  13
-----------------------------------------
| time/                   |             |
|    fps                  | 158         |
|    iterations           | 6           |
|    time_elapsed         | 77          |
|    total_timesteps      | 12288       |
| train/                  |             |
|    approx_kl            | 0.00705273  |
|    clip_fraction        | 0.0725      |
|    clip_range           | 0.2         |
|    entropy_loss         | -2.82       |
|    explained_variance   | 0.0199      |
|    learning_rate        | 0.0003      |
|    loss                 | 0.0074      |
|    n_updates            | 50          |
|    policy_gradient_loss | 0.000303    |
|    reward               | 0.021459892 |
|    std                  | 0.989       |
|    value_loss           | 0.00893     |
-----------------------------------------
EPISODE:  14
EPISODE:  15
------------------------------------------
| time/                   |              |
|    fps                  | 155          |
|    iterations           | 7            |
|    time_elapsed         | 92           |
|    total_timesteps      | 14336        |
| train/                  |              |
|    approx_kl            | 0.008607427  |
|    clip_fraction        | 0.0939       |
|    clip_range           | 0.2          |
|    entropy_loss         | -2.82        |
|    explained_variance   | 0.00271      |
|    learning_rate        | 0.0003       |
|    loss                 | -0.00523     |
|    n_updates            | 60           |
|    policy_gradient_loss | -0.00394     |
|    reward               | -0.009123684 |
|    std                  | 0.992        |
|    value_loss           | 0.0105       |
------------------------------------------
EPISODE:  16
EPISODE:  17
------------------------------------------
| time/                   |              |
|    fps                  | 152          |
|    iterations           | 8            |
|    time_elapsed         | 107          |
|    total_timesteps      | 16384        |
| train/                  |              |
|    approx_kl            | 0.011525233  |
|    clip_fraction        | 0.105        |
|    clip_range           | 0.2          |
|    entropy_loss         | -2.82        |
|    explained_variance   | 0.0212       |
|    learning_rate        | 0.0003       |
|    loss                 | 0.0987       |
|    n_updates            | 70           |
|    policy_gradient_loss | 0.000243     |
|    reward               | -0.016595745 |
|    std                  | 0.987        |
|    value_loss           | 0.00701      |
------------------------------------------
EPISODE:  18
EPISODE:  19
-----------------------------------------
| time/                   |             |
|    fps                  | 148         |
|    iterations           | 9           |
|    time_elapsed         | 124         |
|    total_timesteps      | 18432       |
| train/                  |             |
|    approx_kl            | 0.012926158 |
|    clip_fraction        | 0.109       |
|    clip_range           | 0.2         |
|    entropy_loss         | -2.81       |
|    explained_variance   | 0.0556      |
|    learning_rate        | 0.0003      |
|    loss                 | -4.58e-05   |
|    n_updates            | 80          |
|    policy_gradient_loss | 0.0015      |
|    reward               | -0.02473611 |
|    std                  | 0.987       |
|    value_loss           | 0.0069      |
-----------------------------------------
EPISODE:  20
EPISODE:  21
-----------------------------------------
| time/                   |             |
|    fps                  | 146         |
|    iterations           | 10          |
|    time_elapsed         | 139         |
|    total_timesteps      | 20480       |
| train/                  |             |
|    approx_kl            | 0.008126358 |
|    clip_fraction        | 0.0822      |
|    clip_range           | 0.2         |
|    entropy_loss         | -2.8        |
|    explained_variance   | 0.0458      |
|    learning_rate        | 0.0003      |
|    loss                 | 0.0156      |
|    n_updates            | 90          |
|    policy_gradient_loss | 0.00424     |
|    reward               | -0.07047184 |
|    std                  | 0.978       |
|    value_loss           | 0.0071      |
-----------------------------------------
EPISODE:  22
EPISODE:  23
-----------------------------------------
| time/                   |             |
|    fps                  | 144         |
|    iterations           | 11          |
|    time_elapsed         | 155         |
|    total_timesteps      | 22528       |
| train/                  |             |
|    approx_kl            | 0.012669322 |
|    clip_fraction        | 0.103       |
|    clip_range           | 0.2         |
|    entropy_loss         | -2.79       |
|    explained_variance   | 0.025       |
|    learning_rate        | 0.0003      |
|    loss                 | 0.000463    |
|    n_updates            | 100         |
|    policy_gradient_loss | 0.000904    |
|    reward               | -0.04105933 |
|    std                  | 0.972       |
|    value_loss           | 0.00682     |
-----------------------------------------
EPISODE:  24
EPISODE:  25
-----------------------------------------
| time/                   |             |
|    fps                  | 141         |
|    iterations           | 12          |
|    time_elapsed         | 173         |
|    total_timesteps      | 24576       |
| train/                  |             |
|    approx_kl            | 0.012938712 |
|    clip_fraction        | 0.119       |
|    clip_range           | 0.2         |
|    entropy_loss         | -2.78       |
|    explained_variance   | 0.0116      |
|    learning_rate        | 0.0003      |
|    loss                 | 0.00279     |
|    n_updates            | 110         |
|    policy_gradient_loss | 0.00189     |
|    reward               | 0.029631268 |
|    std                  | 0.969       |
|    value_loss           | 0.00741     |
-----------------------------------------
EPISODE:  26
EPISODE:  27
------------------------------------------
| time/                   |              |
|    fps                  | 139          |
|    iterations           | 13           |
|    time_elapsed         | 190          |
|    total_timesteps      | 26624        |
| train/                  |              |
|    approx_kl            | 0.015571717  |
|    clip_fraction        | 0.114        |
|    clip_range           | 0.2          |
|    entropy_loss         | -2.77        |
|    explained_variance   | 0.0229       |
|    learning_rate        | 0.0003       |
|    loss                 | 0.0134       |
|    n_updates            | 120          |
|    policy_gradient_loss | 0.000433     |
|    reward               | -0.006172418 |
|    std                  | 0.967        |
|    value_loss           | 0.00779      |
------------------------------------------
EPISODE:  28
EPISODE:  29
-----------------------------------------
| time/                   |             |
|    fps                  | 138         |
|    iterations           | 14          |
|    time_elapsed         | 206         |
|    total_timesteps      | 28672       |
| train/                  |             |
|    approx_kl            | 0.012136899 |
|    clip_fraction        | 0.159       |
|    clip_range           | 0.2         |
|    entropy_loss         | -2.76       |
|    explained_variance   | -0.0164     |
|    learning_rate        | 0.0003      |
|    loss                 | 0.00341     |
|    n_updates            | 130         |
|    policy_gradient_loss | 0.00372     |
|    reward               | 0.057587523 |
|    std                  | 0.959       |
|    value_loss           | 0.00871     |
-----------------------------------------
EPISODE:  30
EPISODE:  31
------------------------------------------
| time/                   |              |
|    fps                  | 137          |
|    iterations           | 15           |
|    time_elapsed         | 222          |
|    total_timesteps      | 30720        |
| train/                  |              |
|    approx_kl            | 0.018866729  |
|    clip_fraction        | 0.121        |
|    clip_range           | 0.2          |
|    entropy_loss         | -2.76        |
|    explained_variance   | 0.0111       |
|    learning_rate        | 0.0003       |
|    loss                 | 0.00147      |
|    n_updates            | 140          |
|    policy_gradient_loss | 0.00365      |
|    reward               | -0.020057736 |
|    std                  | 0.962        |
|    value_loss           | 0.00559      |
------------------------------------------
EPISODE:  32
EPISODE:  33
EPISODE:  34
-----------------------------------------
| time/                   |             |
|    fps                  | 135         |
|    iterations           | 16          |
|    time_elapsed         | 241         |
|    total_timesteps      | 32768       |
| train/                  |             |
|    approx_kl            | 0.008243047 |
|    clip_fraction        | 0.119       |
|    clip_range           | 0.2         |
|    entropy_loss         | -2.76       |
|    explained_variance   | 0.00666     |
|    learning_rate        | 0.0003      |
|    loss                 | -0.00678    |
|    n_updates            | 150         |
|    policy_gradient_loss | 0.000681    |
|    reward               | -0.03351885 |
|    std                  | 0.959       |
|    value_loss           | 0.00712     |
-----------------------------------------
EPISODE:  35
EPISODE:  36
-----------------------------------------
| time/                   |             |
|    fps                  | 133         |
|    iterations           | 17          |
|    time_elapsed         | 260         |
|    total_timesteps      | 34816       |
| train/                  |             |
|    approx_kl            | 0.018233918 |
|    clip_fraction        | 0.091       |
|    clip_range           | 0.2         |
|    entropy_loss         | -2.73       |
|    explained_variance   | 0.0149      |
|    learning_rate        | 0.0003      |
|    loss                 | -0.0211     |
|    n_updates            | 160         |
|    policy_gradient_loss | 0.00503     |
|    reward               | 0.041434955 |
|    std                  | 0.94        |
|    value_loss           | 0.00702     |
-----------------------------------------
EPISODE:  37
EPISODE:  38
-----------------------------------------
| time/                   |             |
|    fps                  | 132         |
|    iterations           | 18          |
|    time_elapsed         | 277         |
|    total_timesteps      | 36864       |
| train/                  |             |
|    approx_kl            | 0.015369209 |
|    clip_fraction        | 0.123       |
|    clip_range           | 0.2         |
|    entropy_loss         | -2.71       |
|    explained_variance   | 0.0314      |
|    learning_rate        | 0.0003      |
|    loss                 | 0.000482    |
|    n_updates            | 170         |
|    policy_gradient_loss | 0.00507     |
|    reward               | 0.022069735 |
|    std                  | 0.937       |
|    value_loss           | 0.00582     |
-----------------------------------------
EPISODE:  39
EPISODE:  40
-----------------------------------------
| time/                   |             |
|    fps                  | 132         |
|    iterations           | 19          |
|    time_elapsed         | 294         |
|    total_timesteps      | 38912       |
| train/                  |             |
|    approx_kl            | 0.012174679 |
|    clip_fraction        | 0.145       |
|    clip_range           | 0.2         |
|    entropy_loss         | -2.71       |
|    explained_variance   | 0.0298      |
|    learning_rate        | 0.0003      |
|    loss                 | 0.0455      |
|    n_updates            | 180         |
|    policy_gradient_loss | 0.00228     |
|    reward               | 0.067783855 |
|    std                  | 0.936       |
|    value_loss           | 0.00637     |
-----------------------------------------
EPISODE:  41
EPISODE:  42
-----------------------------------------
| time/                   |             |
|    fps                  | 130         |
|    iterations           | 20          |
|    time_elapsed         | 314         |
|    total_timesteps      | 40960       |
| train/                  |             |
|    approx_kl            | 0.015524637 |
|    clip_fraction        | 0.156       |
|    clip_range           | 0.2         |
|    entropy_loss         | -2.7        |
|    explained_variance   | 0.00157     |
|    learning_rate        | 0.0003      |
|    loss                 | 0.035       |
|    n_updates            | 190         |
|    policy_gradient_loss | 0.00344     |
|    reward               | 0.02481735  |
|    std                  | 0.927       |
|    value_loss           | 0.00644     |
-----------------------------------------
EPISODE:  43
EPISODE:  44
-----------------------------------------
| time/                   |             |
|    fps                  | 128         |
|    iterations           | 21          |
|    time_elapsed         | 334         |
|    total_timesteps      | 43008       |
| train/                  |             |
|    approx_kl            | 0.018111482 |
|    clip_fraction        | 0.155       |
|    clip_range           | 0.2         |
|    entropy_loss         | -2.69       |
|    explained_variance   | 0.0246      |
|    learning_rate        | 0.0003      |
|    loss                 | 0.00176     |
|    n_updates            | 200         |
|    policy_gradient_loss | 0.00124     |
|    reward               | 0.011426261 |
|    std                  | 0.93        |
|    value_loss           | 0.00654     |
-----------------------------------------
EPISODE:  45
EPISODE:  46
------------------------------------------
| time/                   |              |
|    fps                  | 127          |
|    iterations           | 22           |
|    time_elapsed         | 352          |
|    total_timesteps      | 45056        |
| train/                  |              |
|    approx_kl            | 0.025710896  |
|    clip_fraction        | 0.154        |
|    clip_range           | 0.2          |
|    entropy_loss         | -2.69        |
|    explained_variance   | 0.0178       |
|    learning_rate        | 0.0003       |
|    loss                 | -0.00677     |
|    n_updates            | 210          |
|    policy_gradient_loss | 0.00355      |
|    reward               | 0.0047119847 |
|    std                  | 0.93         |
|    value_loss           | 0.00621      |
------------------------------------------
EPISODE:  47
EPISODE:  48
------------------------------------------
| time/                   |              |
|    fps                  | 126          |
|    iterations           | 23           |
|    time_elapsed         | 373          |
|    total_timesteps      | 47104        |
| train/                  |              |
|    approx_kl            | 0.03411205   |
|    clip_fraction        | 0.15         |
|    clip_range           | 0.2          |
|    entropy_loss         | -2.69        |
|    explained_variance   | -0.00162     |
|    learning_rate        | 0.0003       |
|    loss                 | 0.00285      |
|    n_updates            | 220          |
|    policy_gradient_loss | 0.00713      |
|    reward               | -0.016853955 |
|    std                  | 0.927        |
|    value_loss           | 0.00555      |
------------------------------------------
EPISODE:  49
EPISODE:  50
-----------------------------------------
| time/                   |             |
|    fps                  | 124         |
|    iterations           | 24          |
|    time_elapsed         | 393         |
|    total_timesteps      | 49152       |
| train/                  |             |
|    approx_kl            | 0.011612393 |
|    clip_fraction        | 0.132       |
|    clip_range           | 0.2         |
|    entropy_loss         | -2.68       |
|    explained_variance   | -0.00667    |
|    learning_rate        | 0.0003      |
|    loss                 | -0.0111     |
|    n_updates            | 230         |
|    policy_gradient_loss | 0.0106      |
|    reward               | 0.03737564  |
|    std                  | 0.921       |
|    value_loss           | 0.00705     |
-----------------------------------------
EPISODE:  51
EPISODE:  52
-----------------------------------------
| time/                   |             |
|    fps                  | 123         |
|    iterations           | 25          |
|    time_elapsed         | 414         |
|    total_timesteps      | 51200       |
| train/                  |             |
|    approx_kl            | 0.029106498 |
|    clip_fraction        | 0.167       |
|    clip_range           | 0.2         |
|    entropy_loss         | -2.66       |
|    explained_variance   | 0.00995     |
|    learning_rate        | 0.0003      |
|    loss                 | -0.00492    |
|    n_updates            | 240         |
|    policy_gradient_loss | 0.00983     |
|    reward               | 0.05118915  |
|    std                  | 0.913       |
|    value_loss           | 0.00754     |
-----------------------------------------
Saved episode log to Results\250619_hc_binary_udp_noise\ppo\periodic_noise\training_logs\09.csv
