EPISODE:  0
{'n_steps': 5, 'ent_coef': 0.005, 'learning_rate': 0.0002}
Using cpu device
EPISODE:  1
-----------------------------------------
| time/                 |               |
|    fps                | 64            |
|    iterations         | 100           |
|    time_elapsed       | 7             |
|    total_timesteps    | 500           |
| train/                |               |
|    entropy_loss       | -2.86         |
|    explained_variance | -0.662        |
|    learning_rate      | 0.0002        |
|    n_updates          | 99            |
|    policy_loss        | -0.0623       |
|    reward             | -0.0019723752 |
|    std                | 1.01          |
|    value_loss         | 0.00146       |
-----------------------------------------
EPISODE:  2
----------------------------------------
| time/                 |              |
|    fps                | 63           |
|    iterations         | 200          |
|    time_elapsed       | 15           |
|    total_timesteps    | 1000         |
| train/                |              |
|    entropy_loss       | -2.87        |
|    explained_variance | -0.0395      |
|    learning_rate      | 0.0002       |
|    n_updates          | 199          |
|    policy_loss        | 0.118        |
|    reward             | 0.0073115462 |
|    std                | 1.01         |
|    value_loss         | 0.00571      |
----------------------------------------
---------------------------------------
| time/                 |             |
|    fps                | 63          |
|    iterations         | 300         |
|    time_elapsed       | 23          |
|    total_timesteps    | 1500        |
| train/                |             |
|    entropy_loss       | -2.88       |
|    explained_variance | 0.0554      |
|    learning_rate      | 0.0002      |
|    n_updates          | 299         |
|    policy_loss        | 0.0475      |
|    reward             | 0.018380092 |
|    std                | 1.02        |
|    value_loss         | 0.000406    |
---------------------------------------
EPISODE:  3
---------------------------------------
| time/                 |             |
|    fps                | 59          |
|    iterations         | 400         |
|    time_elapsed       | 33          |
|    total_timesteps    | 2000        |
| train/                |             |
|    entropy_loss       | -2.89       |
|    explained_variance | 0.0713      |
|    learning_rate      | 0.0002      |
|    n_updates          | 399         |
|    policy_loss        | 0.0875      |
|    reward             | 0.021779204 |
|    std                | 1.02        |
|    value_loss         | 0.00163     |
---------------------------------------
----------------------------------------
| time/                 |              |
|    fps                | 60           |
|    iterations         | 500          |
|    time_elapsed       | 41           |
|    total_timesteps    | 2500         |
| train/                |              |
|    entropy_loss       | -2.89        |
|    explained_variance | 0.0322       |
|    learning_rate      | 0.0002       |
|    n_updates          | 499          |
|    policy_loss        | 0.0117       |
|    reward             | -0.031058315 |
|    std                | 1.03         |
|    value_loss         | 0.000147     |
----------------------------------------
EPISODE:  4
---------------------------------------
| time/                 |             |
|    fps                | 63          |
|    iterations         | 600         |
|    time_elapsed       | 47          |
|    total_timesteps    | 3000        |
| train/                |             |
|    entropy_loss       | -2.9        |
|    explained_variance | 0.000462    |
|    learning_rate      | 0.0002      |
|    n_updates          | 599         |
|    policy_loss        | 0.0501      |
|    reward             | 0.023144826 |
|    std                | 1.03        |
|    value_loss         | 0.00045     |
---------------------------------------
---------------------------------------
| time/                 |             |
|    fps                | 66          |
|    iterations         | 700         |
|    time_elapsed       | 52          |
|    total_timesteps    | 3500        |
| train/                |             |
|    entropy_loss       | -2.9        |
|    explained_variance | -7.41       |
|    learning_rate      | 0.0002      |
|    n_updates          | 699         |
|    policy_loss        | -0.0818     |
|    reward             | 0.001949872 |
|    std                | 1.03        |
|    value_loss         | 0.00227     |
---------------------------------------
EPISODE:  5
----------------------------------------
| time/                 |              |
|    fps                | 67           |
|    iterations         | 800          |
|    time_elapsed       | 59           |
|    total_timesteps    | 4000         |
| train/                |              |
|    entropy_loss       | -2.91        |
|    explained_variance | 0.000464     |
|    learning_rate      | 0.0002       |
|    n_updates          | 799          |
|    policy_loss        | 0.0142       |
|    reward             | -0.028166164 |
|    std                | 1.04         |
|    value_loss         | 0.000254     |
----------------------------------------
---------------------------------------
| time/                 |             |
|    fps                | 69          |
|    iterations         | 900         |
|    time_elapsed       | 65          |
|    total_timesteps    | 4500        |
| train/                |             |
|    entropy_loss       | -2.92       |
|    explained_variance | -2.68       |
|    learning_rate      | 0.0002      |
|    n_updates          | 899         |
|    policy_loss        | -0.0861     |
|    reward             | 0.047278725 |
|    std                | 1.04        |
|    value_loss         | 0.00211     |
---------------------------------------
EPISODE:  6
----------------------------------------
| time/                 |              |
|    fps                | 67           |
|    iterations         | 1000         |
|    time_elapsed       | 74           |
|    total_timesteps    | 5000         |
| train/                |              |
|    entropy_loss       | -2.93        |
|    explained_variance | 0.0135       |
|    learning_rate      | 0.0002       |
|    n_updates          | 999          |
|    policy_loss        | -0.0474      |
|    reward             | -0.013321476 |
|    std                | 1.05         |
|    value_loss         | 0.000476     |
----------------------------------------
---------------------------------------
| time/                 |             |
|    fps                | 66          |
|    iterations         | 1100        |
|    time_elapsed       | 82          |
|    total_timesteps    | 5500        |
| train/                |             |
|    entropy_loss       | -2.93       |
|    explained_variance | -2.58       |
|    learning_rate      | 0.0002      |
|    n_updates          | 1099        |
|    policy_loss        | -0.0254     |
|    reward             | 0.006106989 |
|    std                | 1.05        |
|    value_loss         | 0.00113     |
---------------------------------------
EPISODE:  7
---------------------------------------
| time/                 |             |
|    fps                | 67          |
|    iterations         | 1200        |
|    time_elapsed       | 88          |
|    total_timesteps    | 6000        |
| train/                |             |
|    entropy_loss       | -2.94       |
|    explained_variance | 0.0143      |
|    learning_rate      | 0.0002      |
|    n_updates          | 1199        |
|    policy_loss        | -0.0394     |
|    reward             | 0.020905094 |
|    std                | 1.05        |
|    value_loss         | 0.000365    |
---------------------------------------
---------------------------------------
| time/                 |             |
|    fps                | 68          |
|    iterations         | 1300        |
|    time_elapsed       | 94          |
|    total_timesteps    | 6500        |
| train/                |             |
|    entropy_loss       | -2.94       |
|    explained_variance | 0.121       |
|    learning_rate      | 0.0002      |
|    n_updates          | 1299        |
|    policy_loss        | 0.104       |
|    reward             | 0.018593235 |
|    std                | 1.05        |
|    value_loss         | 0.0015      |
---------------------------------------
EPISODE:  8
---------------------------------------
| time/                 |             |
|    fps                | 70          |
|    iterations         | 1400        |
|    time_elapsed       | 99          |
|    total_timesteps    | 7000        |
| train/                |             |
|    entropy_loss       | -2.95       |
|    explained_variance | 0.0286      |
|    learning_rate      | 0.0002      |
|    n_updates          | 1399        |
|    policy_loss        | 0.0941      |
|    reward             | 0.032270487 |
|    std                | 1.06        |
|    value_loss         | 0.00157     |
---------------------------------------
---------------------------------------
| time/                 |             |
|    fps                | 71          |
|    iterations         | 1500        |
|    time_elapsed       | 104         |
|    total_timesteps    | 7500        |
| train/                |             |
|    entropy_loss       | -2.96       |
|    explained_variance | -0.679      |
|    learning_rate      | 0.0002      |
|    n_updates          | 1499        |
|    policy_loss        | -0.0161     |
|    reward             | 0.035131782 |
|    std                | 1.06        |
|    value_loss         | 0.000378    |
---------------------------------------
EPISODE:  9
----------------------------------------
| time/                 |              |
|    fps                | 71           |
|    iterations         | 1600         |
|    time_elapsed       | 111          |
|    total_timesteps    | 8000         |
| train/                |              |
|    entropy_loss       | -2.97        |
|    explained_variance | -0.0017      |
|    learning_rate      | 0.0002       |
|    n_updates          | 1599         |
|    policy_loss        | 0.215        |
|    reward             | 0.0033876866 |
|    std                | 1.07         |
|    value_loss         | 0.00585      |
----------------------------------------
----------------------------------------
| time/                 |              |
|    fps                | 72           |
|    iterations         | 1700         |
|    time_elapsed       | 117          |
|    total_timesteps    | 8500         |
| train/                |              |
|    entropy_loss       | -2.98        |
|    explained_variance | 0.596        |
|    learning_rate      | 0.0002       |
|    n_updates          | 1699         |
|    policy_loss        | -0.0974      |
|    reward             | 0.0078001926 |
|    std                | 1.07         |
|    value_loss         | 0.00157      |
----------------------------------------
EPISODE:  10
---------------------------------------
| time/                 |             |
|    fps                | 72          |
|    iterations         | 1800        |
|    time_elapsed       | 123         |
|    total_timesteps    | 9000        |
| train/                |             |
|    entropy_loss       | -2.99       |
|    explained_variance | -0.0178     |
|    learning_rate      | 0.0002      |
|    n_updates          | 1799        |
|    policy_loss        | -0.0772     |
|    reward             | 0.011329042 |
|    std                | 1.08        |
|    value_loss         | 0.00137     |
---------------------------------------
---------------------------------------
| time/                 |             |
|    fps                | 73          |
|    iterations         | 1900        |
|    time_elapsed       | 128         |
|    total_timesteps    | 9500        |
| train/                |             |
|    entropy_loss       | -3          |
|    explained_variance | -2.23       |
|    learning_rate      | 0.0002      |
|    n_updates          | 1899        |
|    policy_loss        | -0.146      |
|    reward             | 0.015992418 |
|    std                | 1.08        |
|    value_loss         | 0.00338     |
---------------------------------------
EPISODE:  11
----------------------------------------
| time/                 |              |
|    fps                | 74           |
|    iterations         | 2000         |
|    time_elapsed       | 133          |
|    total_timesteps    | 10000        |
| train/                |              |
|    entropy_loss       | -3.01        |
|    explained_variance | 0.0032       |
|    learning_rate      | 0.0002       |
|    n_updates          | 1999         |
|    policy_loss        | 0.0121       |
|    reward             | 0.0011028768 |
|    std                | 1.09         |
|    value_loss         | 0.000107     |
----------------------------------------
----------------------------------------
| time/                 |              |
|    fps                | 75           |
|    iterations         | 2100         |
|    time_elapsed       | 139          |
|    total_timesteps    | 10500        |
| train/                |              |
|    entropy_loss       | -3.02        |
|    explained_variance | -1.02        |
|    learning_rate      | 0.0002       |
|    n_updates          | 2099         |
|    policy_loss        | -0.0196      |
|    reward             | -0.007854854 |
|    std                | 1.09         |
|    value_loss         | 0.000166     |
----------------------------------------
EPISODE:  12
----------------------------------------
| time/                 |              |
|    fps                | 76           |
|    iterations         | 2200         |
|    time_elapsed       | 144          |
|    total_timesteps    | 11000        |
| train/                |              |
|    entropy_loss       | -3.02        |
|    explained_variance | 0.0011       |
|    learning_rate      | 0.0002       |
|    n_updates          | 2199         |
|    policy_loss        | -0.0882      |
|    reward             | 0.0045016585 |
|    std                | 1.1          |
|    value_loss         | 0.00103      |
----------------------------------------
----------------------------------------
| time/                 |              |
|    fps                | 76           |
|    iterations         | 2300         |
|    time_elapsed       | 149          |
|    total_timesteps    | 11500        |
| train/                |              |
|    entropy_loss       | -3.03        |
|    explained_variance | 0.0187       |
|    learning_rate      | 0.0002       |
|    n_updates          | 2299         |
|    policy_loss        | 0.104        |
|    reward             | -0.023609914 |
|    std                | 1.1          |
|    value_loss         | 0.00123      |
----------------------------------------
EPISODE:  13
-----------------------------------------
| time/                 |               |
|    fps                | 77            |
|    iterations         | 2400          |
|    time_elapsed       | 154           |
|    total_timesteps    | 12000         |
| train/                |               |
|    entropy_loss       | -3.04         |
|    explained_variance | -0.00979      |
|    learning_rate      | 0.0002        |
|    n_updates          | 2399          |
|    policy_loss        | 0.0939        |
|    reward             | 0.00030581135 |
|    std                | 1.11          |
|    value_loss         | 0.000937      |
-----------------------------------------
----------------------------------------
| time/                 |              |
|    fps                | 77           |
|    iterations         | 2500         |
|    time_elapsed       | 160          |
|    total_timesteps    | 12500        |
| train/                |              |
|    entropy_loss       | -3.05        |
|    explained_variance | -0.486       |
|    learning_rate      | 0.0002       |
|    n_updates          | 2499         |
|    policy_loss        | 0.123        |
|    reward             | 0.0031929826 |
|    std                | 1.11         |
|    value_loss         | 0.00221      |
----------------------------------------
EPISODE:  14
---------------------------------------
| time/                 |             |
|    fps                | 78          |
|    iterations         | 2600        |
|    time_elapsed       | 166         |
|    total_timesteps    | 13000       |
| train/                |             |
|    entropy_loss       | -3.06       |
|    explained_variance | 0.0332      |
|    learning_rate      | 0.0002      |
|    n_updates          | 2599        |
|    policy_loss        | 0.114       |
|    reward             | 0.045828205 |
|    std                | 1.12        |
|    value_loss         | 0.00163     |
---------------------------------------
--------------------------------------
| time/                 |            |
|    fps                | 78         |
|    iterations         | 2700       |
|    time_elapsed       | 172        |
|    total_timesteps    | 13500      |
| train/                |            |
|    entropy_loss       | -3.06      |
|    explained_variance | -0.0694    |
|    learning_rate      | 0.0002     |
|    n_updates          | 2699       |
|    policy_loss        | -0.0646    |
|    reward             | -0.0091819 |
|    std                | 1.12       |
|    value_loss         | 0.00042    |
--------------------------------------
EPISODE:  15
----------------------------------------
| time/                 |              |
|    fps                | 78           |
|    iterations         | 2800         |
|    time_elapsed       | 177          |
|    total_timesteps    | 14000        |
| train/                |              |
|    entropy_loss       | -3.07        |
|    explained_variance | -0.45        |
|    learning_rate      | 0.0002       |
|    n_updates          | 2799         |
|    policy_loss        | -0.0473      |
|    reward             | -0.017238177 |
|    std                | 1.12         |
|    value_loss         | 0.000729     |
----------------------------------------
---------------------------------------
| time/                 |             |
|    fps                | 79          |
|    iterations         | 2900        |
|    time_elapsed       | 182         |
|    total_timesteps    | 14500       |
| train/                |             |
|    entropy_loss       | -3.07       |
|    explained_variance | -0.00052    |
|    learning_rate      | 0.0002      |
|    n_updates          | 2899        |
|    policy_loss        | 0.0211      |
|    reward             | -0.01905814 |
|    std                | 1.12        |
|    value_loss         | 0.00028     |
---------------------------------------
EPISODE:  16
----------------------------------------
| time/                 |              |
|    fps                | 78           |
|    iterations         | 3000         |
|    time_elapsed       | 190          |
|    total_timesteps    | 15000        |
| train/                |              |
|    entropy_loss       | -3.08        |
|    explained_variance | 0.0918       |
|    learning_rate      | 0.0002       |
|    n_updates          | 2999         |
|    policy_loss        | 0.0757       |
|    reward             | -0.004703705 |
|    std                | 1.13         |
|    value_loss         | 0.000901     |
----------------------------------------
----------------------------------------
| time/                 |              |
|    fps                | 78           |
|    iterations         | 3100         |
|    time_elapsed       | 197          |
|    total_timesteps    | 15500        |
| train/                |              |
|    entropy_loss       | -3.09        |
|    explained_variance | 0.0012       |
|    learning_rate      | 0.0002       |
|    n_updates          | 3099         |
|    policy_loss        | -0.00937     |
|    reward             | -0.028644595 |
|    std                | 1.13         |
|    value_loss         | 0.000375     |
----------------------------------------
EPISODE:  17
---------------------------------------
| time/                 |             |
|    fps                | 77          |
|    iterations         | 3200        |
|    time_elapsed       | 205         |
|    total_timesteps    | 16000       |
| train/                |             |
|    entropy_loss       | -3.1        |
|    explained_variance | -0.0257     |
|    learning_rate      | 0.0002      |
|    n_updates          | 3199        |
|    policy_loss        | 0.0614      |
|    reward             | -0.01252144 |
|    std                | 1.14        |
|    value_loss         | 0.000882    |
---------------------------------------
-----------------------------------------
| time/                 |               |
|    fps                | 76            |
|    iterations         | 3300          |
|    time_elapsed       | 215           |
|    total_timesteps    | 16500         |
| train/                |               |
|    entropy_loss       | -3.11         |
|    explained_variance | 0.446         |
|    learning_rate      | 0.0002        |
|    n_updates          | 3299          |
|    policy_loss        | -0.0994       |
|    reward             | -0.0043682056 |
|    std                | 1.14          |
|    value_loss         | 0.0016        |
-----------------------------------------
EPISODE:  18
---------------------------------------
| time/                 |             |
|    fps                | 76          |
|    iterations         | 3400        |
|    time_elapsed       | 222         |
|    total_timesteps    | 17000       |
| train/                |             |
|    entropy_loss       | -3.11       |
|    explained_variance | 0.361       |
|    learning_rate      | 0.0002      |
|    n_updates          | 3399        |
|    policy_loss        | 0.0634      |
|    reward             | 0.016882619 |
|    std                | 1.15        |
|    value_loss         | 0.000572    |
---------------------------------------
----------------------------------------
| time/                 |              |
|    fps                | 75           |
|    iterations         | 3500         |
|    time_elapsed       | 230          |
|    total_timesteps    | 17500        |
| train/                |              |
|    entropy_loss       | -3.12        |
|    explained_variance | -0.000475    |
|    learning_rate      | 0.0002       |
|    n_updates          | 3499         |
|    policy_loss        | 0.0819       |
|    reward             | -0.009887968 |
|    std                | 1.15         |
|    value_loss         | 0.00119      |
----------------------------------------
EPISODE:  19
----------------------------------------
| time/                 |              |
|    fps                | 75           |
|    iterations         | 3600         |
|    time_elapsed       | 238          |
|    total_timesteps    | 18000        |
| train/                |              |
|    entropy_loss       | -3.13        |
|    explained_variance | 0.163        |
|    learning_rate      | 0.0002       |
|    n_updates          | 3599         |
|    policy_loss        | 0.0785       |
|    reward             | -0.016650118 |
|    std                | 1.16         |
|    value_loss         | 0.00103      |
----------------------------------------
---------------------------------------
| time/                 |             |
|    fps                | 75          |
|    iterations         | 3700        |
|    time_elapsed       | 245         |
|    total_timesteps    | 18500       |
| train/                |             |
|    entropy_loss       | -3.14       |
|    explained_variance | 0.396       |
|    learning_rate      | 0.0002      |
|    n_updates          | 3699        |
|    policy_loss        | -0.044      |
|    reward             | 0.026260594 |
|    std                | 1.16        |
|    value_loss         | 0.000322    |
---------------------------------------
EPISODE:  20
---------------------------------------
| time/                 |             |
|    fps                | 75          |
|    iterations         | 3800        |
|    time_elapsed       | 252         |
|    total_timesteps    | 19000       |
| train/                |             |
|    entropy_loss       | -3.15       |
|    explained_variance | -1.13       |
|    learning_rate      | 0.0002      |
|    n_updates          | 3799        |
|    policy_loss        | -0.0303     |
|    reward             | 0.056966893 |
|    std                | 1.17        |
|    value_loss         | 0.000138    |
---------------------------------------
---------------------------------------
| time/                 |             |
|    fps                | 75          |
|    iterations         | 3900        |
|    time_elapsed       | 259         |
|    total_timesteps    | 19500       |
| train/                |             |
|    entropy_loss       | -3.16       |
|    explained_variance | 0.147       |
|    learning_rate      | 0.0002      |
|    n_updates          | 3899        |
|    policy_loss        | -0.129      |
|    reward             | 0.026783502 |
|    std                | 1.18        |
|    value_loss         | 0.00285     |
---------------------------------------
EPISODE:  21
---------------------------------------
| time/                 |             |
|    fps                | 74          |
|    iterations         | 4000        |
|    time_elapsed       | 267         |
|    total_timesteps    | 20000       |
| train/                |             |
|    entropy_loss       | -3.17       |
|    explained_variance | -0.147      |
|    learning_rate      | 0.0002      |
|    n_updates          | 3999        |
|    policy_loss        | -0.0815     |
|    reward             | -0.01580957 |
|    std                | 1.18        |
|    value_loss         | 0.00136     |
---------------------------------------
---------------------------------------
| time/                 |             |
|    fps                | 74          |
|    iterations         | 4100        |
|    time_elapsed       | 273         |
|    total_timesteps    | 20500       |
| train/                |             |
|    entropy_loss       | -3.18       |
|    explained_variance | -0.0823     |
|    learning_rate      | 0.0002      |
|    n_updates          | 4099        |
|    policy_loss        | 0.00123     |
|    reward             | 0.015335601 |
|    std                | 1.18        |
|    value_loss         | 0.000231    |
---------------------------------------
EPISODE:  22
----------------------------------------
| time/                 |              |
|    fps                | 75           |
|    iterations         | 4200         |
|    time_elapsed       | 279          |
|    total_timesteps    | 21000        |
| train/                |              |
|    entropy_loss       | -3.18        |
|    explained_variance | -0.166       |
|    learning_rate      | 0.0002       |
|    n_updates          | 4199         |
|    policy_loss        | 0.0985       |
|    reward             | 0.0040828143 |
|    std                | 1.19         |
|    value_loss         | 0.000765     |
----------------------------------------
----------------------------------------
| time/                 |              |
|    fps                | 75           |
|    iterations         | 4300         |
|    time_elapsed       | 286          |
|    total_timesteps    | 21500        |
| train/                |              |
|    entropy_loss       | -3.2         |
|    explained_variance | 0.0538       |
|    learning_rate      | 0.0002       |
|    n_updates          | 4299         |
|    policy_loss        | 0.122        |
|    reward             | -0.023736034 |
|    std                | 1.2          |
|    value_loss         | 0.00138      |
----------------------------------------
EPISODE:  23
-------------------------------------
| time/                 |           |
|    fps                | 74        |
|    iterations         | 4400      |
|    time_elapsed       | 293       |
|    total_timesteps    | 22000     |
| train/                |           |
|    entropy_loss       | -3.21     |
|    explained_variance | 0.217     |
|    learning_rate      | 0.0002    |
|    n_updates          | 4399      |
|    policy_loss        | 0.0539    |
|    reward             | 0.0113648 |
|    std                | 1.2       |
|    value_loss         | 0.000352  |
-------------------------------------
----------------------------------------
| time/                 |              |
|    fps                | 74           |
|    iterations         | 4500         |
|    time_elapsed       | 302          |
|    total_timesteps    | 22500        |
| train/                |              |
|    entropy_loss       | -3.22        |
|    explained_variance | -0.0221      |
|    learning_rate      | 0.0002       |
|    n_updates          | 4499         |
|    policy_loss        | 0.0443       |
|    reward             | -0.024308264 |
|    std                | 1.21         |
|    value_loss         | 0.000384     |
----------------------------------------
EPISODE:  24
---------------------------------------
| time/                 |             |
|    fps                | 74          |
|    iterations         | 4600        |
|    time_elapsed       | 310         |
|    total_timesteps    | 23000       |
| train/                |             |
|    entropy_loss       | -3.22       |
|    explained_variance | -0.378      |
|    learning_rate      | 0.0002      |
|    n_updates          | 4599        |
|    policy_loss        | -0.21       |
|    reward             | 0.016310979 |
|    std                | 1.21        |
|    value_loss         | 0.00373     |
---------------------------------------
---------------------------------------
| time/                 |             |
|    fps                | 74          |
|    iterations         | 4700        |
|    time_elapsed       | 317         |
|    total_timesteps    | 23500       |
| train/                |             |
|    entropy_loss       | -3.24       |
|    explained_variance | 0.378       |
|    learning_rate      | 0.0002      |
|    n_updates          | 4699        |
|    policy_loss        | -0.0121     |
|    reward             | 0.023334116 |
|    std                | 1.22        |
|    value_loss         | 0.000176    |
---------------------------------------
EPISODE:  25
----------------------------------------
| time/                 |              |
|    fps                | 73           |
|    iterations         | 4800         |
|    time_elapsed       | 324          |
|    total_timesteps    | 24000        |
| train/                |              |
|    entropy_loss       | -3.24        |
|    explained_variance | -5.13        |
|    learning_rate      | 0.0002       |
|    n_updates          | 4799         |
|    policy_loss        | -0.0921      |
|    reward             | -0.008403132 |
|    std                | 1.22         |
|    value_loss         | 0.0013       |
----------------------------------------
----------------------------------------
| time/                 |              |
|    fps                | 73           |
|    iterations         | 4900         |
|    time_elapsed       | 332          |
|    total_timesteps    | 24500        |
| train/                |              |
|    entropy_loss       | -3.25        |
|    explained_variance | 0.501        |
|    learning_rate      | 0.0002       |
|    n_updates          | 4899         |
|    policy_loss        | -0.000551    |
|    reward             | 0.0044270796 |
|    std                | 1.23         |
|    value_loss         | 6.44e-05     |
----------------------------------------
EPISODE:  26
----------------------------------------
| time/                 |              |
|    fps                | 73           |
|    iterations         | 5000         |
|    time_elapsed       | 340          |
|    total_timesteps    | 25000        |
| train/                |              |
|    entropy_loss       | -3.27        |
|    explained_variance | 0.345        |
|    learning_rate      | 0.0002       |
|    n_updates          | 4999         |
|    policy_loss        | -0.0507      |
|    reward             | -0.011959912 |
|    std                | 1.24         |
|    value_loss         | 0.000409     |
----------------------------------------
----------------------------------------
| time/                 |              |
|    fps                | 73           |
|    iterations         | 5100         |
|    time_elapsed       | 347          |
|    total_timesteps    | 25500        |
| train/                |              |
|    entropy_loss       | -3.28        |
|    explained_variance | -0.518       |
|    learning_rate      | 0.0002       |
|    n_updates          | 5099         |
|    policy_loss        | 0.0114       |
|    reward             | -0.032511435 |
|    std                | 1.24         |
|    value_loss         | 3.42e-05     |
----------------------------------------
EPISODE:  27
---------------------------------------
| time/                 |             |
|    fps                | 73          |
|    iterations         | 5200        |
|    time_elapsed       | 355         |
|    total_timesteps    | 26000       |
| train/                |             |
|    entropy_loss       | -3.28       |
|    explained_variance | -0.621      |
|    learning_rate      | 0.0002      |
|    n_updates          | 5199        |
|    policy_loss        | -0.0488     |
|    reward             | 0.011161576 |
|    std                | 1.25        |
|    value_loss         | 0.000832    |
---------------------------------------
----------------------------------------
| time/                 |              |
|    fps                | 72           |
|    iterations         | 5300         |
|    time_elapsed       | 363          |
|    total_timesteps    | 26500        |
| train/                |              |
|    entropy_loss       | -3.29        |
|    explained_variance | 0.517        |
|    learning_rate      | 0.0002       |
|    n_updates          | 5299         |
|    policy_loss        | 0.082        |
|    reward             | -0.011430541 |
|    std                | 1.25         |
|    value_loss         | 0.000614     |
----------------------------------------
EPISODE:  28
---------------------------------------
| time/                 |             |
|    fps                | 72          |
|    iterations         | 5400        |
|    time_elapsed       | 370         |
|    total_timesteps    | 27000       |
| train/                |             |
|    entropy_loss       | -3.3        |
|    explained_variance | -0.0225     |
|    learning_rate      | 0.0002      |
|    n_updates          | 5399        |
|    policy_loss        | 0.0131      |
|    reward             | 0.019545805 |
|    std                | 1.26        |
|    value_loss         | 0.000274    |
---------------------------------------
----------------------------------------
| time/                 |              |
|    fps                | 72           |
|    iterations         | 5500         |
|    time_elapsed       | 378          |
|    total_timesteps    | 27500        |
| train/                |              |
|    entropy_loss       | -3.31        |
|    explained_variance | -0.503       |
|    learning_rate      | 0.0002       |
|    n_updates          | 5499         |
|    policy_loss        | 0.0414       |
|    reward             | -0.025697738 |
|    std                | 1.27         |
|    value_loss         | 0.000216     |
----------------------------------------
EPISODE:  29
----------------------------------------
| time/                 |              |
|    fps                | 72           |
|    iterations         | 5600         |
|    time_elapsed       | 386          |
|    total_timesteps    | 28000        |
| train/                |              |
|    entropy_loss       | -3.32        |
|    explained_variance | 0.0952       |
|    learning_rate      | 0.0002       |
|    n_updates          | 5599         |
|    policy_loss        | 0.00991      |
|    reward             | -0.017385703 |
|    std                | 1.27         |
|    value_loss         | 0.000784     |
----------------------------------------
----------------------------------------
| time/                 |              |
|    fps                | 72           |
|    iterations         | 5700         |
|    time_elapsed       | 393          |
|    total_timesteps    | 28500        |
| train/                |              |
|    entropy_loss       | -3.33        |
|    explained_variance | 0.00399      |
|    learning_rate      | 0.0002       |
|    n_updates          | 5699         |
|    policy_loss        | 0.0752       |
|    reward             | -0.010457691 |
|    std                | 1.28         |
|    value_loss         | 0.00112      |
----------------------------------------
EPISODE:  30
----------------------------------------
| time/                 |              |
|    fps                | 72           |
|    iterations         | 5800         |
|    time_elapsed       | 400          |
|    total_timesteps    | 29000        |
| train/                |              |
|    entropy_loss       | -3.34        |
|    explained_variance | 0.761        |
|    learning_rate      | 0.0002       |
|    n_updates          | 5799         |
|    policy_loss        | -0.0872      |
|    reward             | 0.0036213528 |
|    std                | 1.29         |
|    value_loss         | 0.00129      |
----------------------------------------
--------------------------------------
| time/                 |            |
|    fps                | 72         |
|    iterations         | 5900       |
|    time_elapsed       | 408        |
|    total_timesteps    | 29500      |
| train/                |            |
|    entropy_loss       | -3.35      |
|    explained_variance | -0.0639    |
|    learning_rate      | 0.0002     |
|    n_updates          | 5899       |
|    policy_loss        | -0.0453    |
|    reward             | 0.03795141 |
|    std                | 1.29       |
|    value_loss         | 0.00113    |
--------------------------------------
EPISODE:  31
-----------------------------------------
| time/                 |               |
|    fps                | 72            |
|    iterations         | 6000          |
|    time_elapsed       | 414           |
|    total_timesteps    | 30000         |
| train/                |               |
|    entropy_loss       | -3.36         |
|    explained_variance | 0.0874        |
|    learning_rate      | 0.0002        |
|    n_updates          | 5999          |
|    policy_loss        | 0.0368        |
|    reward             | -0.0023989144 |
|    std                | 1.3           |
|    value_loss         | 0.000325      |
-----------------------------------------
-----------------------------------------
| time/                 |               |
|    fps                | 72            |
|    iterations         | 6100          |
|    time_elapsed       | 421           |
|    total_timesteps    | 30500         |
| train/                |               |
|    entropy_loss       | -3.37         |
|    explained_variance | 4.94e-05      |
|    learning_rate      | 0.0002        |
|    n_updates          | 6099          |
|    policy_loss        | 0.128         |
|    reward             | -0.0004885492 |
|    std                | 1.31          |
|    value_loss         | 0.00197       |
-----------------------------------------
EPISODE:  32
---------------------------------------
| time/                 |             |
|    fps                | 72          |
|    iterations         | 6200        |
|    time_elapsed       | 429         |
|    total_timesteps    | 31000       |
| train/                |             |
|    entropy_loss       | -3.38       |
|    explained_variance | 0.113       |
|    learning_rate      | 0.0002      |
|    n_updates          | 6199        |
|    policy_loss        | 0.0757      |
|    reward             | 0.012848182 |
|    std                | 1.31        |
|    value_loss         | 0.000584    |
---------------------------------------
---------------------------------------
| time/                 |             |
|    fps                | 72          |
|    iterations         | 6300        |
|    time_elapsed       | 437         |
|    total_timesteps    | 31500       |
| train/                |             |
|    entropy_loss       | -3.39       |
|    explained_variance | -0.837      |
|    learning_rate      | 0.0002      |
|    n_updates          | 6299        |
|    policy_loss        | -0.023      |
|    reward             | 0.010235631 |
|    std                | 1.32        |
|    value_loss         | 0.00027     |
---------------------------------------
EPISODE:  33
---------------------------------------
| time/                 |             |
|    fps                | 71          |
|    iterations         | 6400        |
|    time_elapsed       | 444         |
|    total_timesteps    | 32000       |
| train/                |             |
|    entropy_loss       | -3.4        |
|    explained_variance | -0.017      |
|    learning_rate      | 0.0002      |
|    n_updates          | 6399        |
|    policy_loss        | -0.0507     |
|    reward             | 0.019173492 |
|    std                | 1.33        |
|    value_loss         | 0.000383    |
---------------------------------------
------------------------------------------
| time/                 |                |
|    fps                | 71             |
|    iterations         | 6500           |
|    time_elapsed       | 452            |
|    total_timesteps    | 32500          |
| train/                |                |
|    entropy_loss       | -3.41          |
|    explained_variance | -0.727         |
|    learning_rate      | 0.0002         |
|    n_updates          | 6499           |
|    policy_loss        | -0.00241       |
|    reward             | -0.00020891875 |
|    std                | 1.33           |
|    value_loss         | 0.000247       |
------------------------------------------
EPISODE:  34
-----------------------------------------
| time/                 |               |
|    fps                | 71            |
|    iterations         | 6600          |
|    time_elapsed       | 459           |
|    total_timesteps    | 33000         |
| train/                |               |
|    entropy_loss       | -3.42         |
|    explained_variance | 0.1           |
|    learning_rate      | 0.0002        |
|    n_updates          | 6599          |
|    policy_loss        | 0.00165       |
|    reward             | -0.0033521536 |
|    std                | 1.34          |
|    value_loss         | 0.000139      |
-----------------------------------------
-----------------------------------------
| time/                 |               |
|    fps                | 71            |
|    iterations         | 6700          |
|    time_elapsed       | 467           |
|    total_timesteps    | 33500         |
| train/                |               |
|    entropy_loss       | -3.43         |
|    explained_variance | -0.371        |
|    learning_rate      | 0.0002        |
|    n_updates          | 6699          |
|    policy_loss        | 0.0632        |
|    reward             | -0.0051700315 |
|    std                | 1.34          |
|    value_loss         | 0.000478      |
-----------------------------------------
EPISODE:  35
---------------------------------------
| time/                 |             |
|    fps                | 71          |
|    iterations         | 6800        |
|    time_elapsed       | 475         |
|    total_timesteps    | 34000       |
| train/                |             |
|    entropy_loss       | -3.44       |
|    explained_variance | 0.456       |
|    learning_rate      | 0.0002      |
|    n_updates          | 6799        |
|    policy_loss        | -0.0064     |
|    reward             | 0.027480384 |
|    std                | 1.35        |
|    value_loss         | 4.41e-05    |
---------------------------------------
---------------------------------------
| time/                 |             |
|    fps                | 71          |
|    iterations         | 6900        |
|    time_elapsed       | 482         |
|    total_timesteps    | 34500       |
| train/                |             |
|    entropy_loss       | -3.45       |
|    explained_variance | 0.205       |
|    learning_rate      | 0.0002      |
|    n_updates          | 6899        |
|    policy_loss        | -0.000288   |
|    reward             | 0.021872666 |
|    std                | 1.36        |
|    value_loss         | 6.39e-05    |
---------------------------------------
EPISODE:  36
---------------------------------------
| time/                 |             |
|    fps                | 71          |
|    iterations         | 7000        |
|    time_elapsed       | 490         |
|    total_timesteps    | 35000       |
| train/                |             |
|    entropy_loss       | -3.46       |
|    explained_variance | 0.282       |
|    learning_rate      | 0.0002      |
|    n_updates          | 6999        |
|    policy_loss        | 0.0441      |
|    reward             | 0.043778963 |
|    std                | 1.36        |
|    value_loss         | 0.000362    |
---------------------------------------
----------------------------------------
| time/                 |              |
|    fps                | 71           |
|    iterations         | 7100         |
|    time_elapsed       | 498          |
|    total_timesteps    | 35500        |
| train/                |              |
|    entropy_loss       | -3.46        |
|    explained_variance | 0.0613       |
|    learning_rate      | 0.0002       |
|    n_updates          | 7099         |
|    policy_loss        | 0.0126       |
|    reward             | -0.006237238 |
|    std                | 1.37         |
|    value_loss         | 0.000158     |
----------------------------------------
EPISODE:  37
----------------------------------------
| time/                 |              |
|    fps                | 71           |
|    iterations         | 7200         |
|    time_elapsed       | 505          |
|    total_timesteps    | 36000        |
| train/                |              |
|    entropy_loss       | -3.48        |
|    explained_variance | 0.169        |
|    learning_rate      | 0.0002       |
|    n_updates          | 7199         |
|    policy_loss        | 0.0614       |
|    reward             | 0.0025192592 |
|    std                | 1.38         |
|    value_loss         | 0.000484     |
----------------------------------------
----------------------------------------
| time/                 |              |
|    fps                | 71           |
|    iterations         | 7300         |
|    time_elapsed       | 513          |
|    total_timesteps    | 36500        |
| train/                |              |
|    entropy_loss       | -3.48        |
|    explained_variance | 0.221        |
|    learning_rate      | 0.0002       |
|    n_updates          | 7299         |
|    policy_loss        | 0.0905       |
|    reward             | -0.018901892 |
|    std                | 1.38         |
|    value_loss         | 0.00107      |
----------------------------------------
EPISODE:  38
----------------------------------------
| time/                 |              |
|    fps                | 71           |
|    iterations         | 7400         |
|    time_elapsed       | 521          |
|    total_timesteps    | 37000        |
| train/                |              |
|    entropy_loss       | -3.49        |
|    explained_variance | 0.181        |
|    learning_rate      | 0.0002       |
|    n_updates          | 7399         |
|    policy_loss        | -0.0486      |
|    reward             | 0.0058910283 |
|    std                | 1.39         |
|    value_loss         | 0.000214     |
----------------------------------------
---------------------------------------
| time/                 |             |
|    fps                | 70          |
|    iterations         | 7500        |
|    time_elapsed       | 528         |
|    total_timesteps    | 37500       |
| train/                |             |
|    entropy_loss       | -3.5        |
|    explained_variance | -0.336      |
|    learning_rate      | 0.0002      |
|    n_updates          | 7499        |
|    policy_loss        | 0.0449      |
|    reward             | 0.014601972 |
|    std                | 1.39        |
|    value_loss         | 0.000406    |
---------------------------------------
EPISODE:  39
---------------------------------------
| time/                 |             |
|    fps                | 70          |
|    iterations         | 7600        |
|    time_elapsed       | 536         |
|    total_timesteps    | 38000       |
| train/                |             |
|    entropy_loss       | -3.51       |
|    explained_variance | 0.0282      |
|    learning_rate      | 0.0002      |
|    n_updates          | 7599        |
|    policy_loss        | -0.012      |
|    reward             | 0.007244265 |
|    std                | 1.4         |
|    value_loss         | 5e-05       |
---------------------------------------
----------------------------------------
| time/                 |              |
|    fps                | 70           |
|    iterations         | 7700         |
|    time_elapsed       | 543          |
|    total_timesteps    | 38500        |
| train/                |              |
|    entropy_loss       | -3.51        |
|    explained_variance | 0.00486      |
|    learning_rate      | 0.0002       |
|    n_updates          | 7699         |
|    policy_loss        | 0.0221       |
|    reward             | -0.011397363 |
|    std                | 1.4          |
|    value_loss         | 0.000119     |
----------------------------------------
EPISODE:  40
----------------------------------------
| time/                 |              |
|    fps                | 70           |
|    iterations         | 7800         |
|    time_elapsed       | 550          |
|    total_timesteps    | 39000        |
| train/                |              |
|    entropy_loss       | -3.52        |
|    explained_variance | 0.829        |
|    learning_rate      | 0.0002       |
|    n_updates          | 7799         |
|    policy_loss        | 0.0391       |
|    reward             | -0.015424425 |
|    std                | 1.41         |
|    value_loss         | 0.000171     |
----------------------------------------
---------------------------------------
| time/                 |             |
|    fps                | 70          |
|    iterations         | 7900        |
|    time_elapsed       | 558         |
|    total_timesteps    | 39500       |
| train/                |             |
|    entropy_loss       | -3.53       |
|    explained_variance | -0.199      |
|    learning_rate      | 0.0002      |
|    n_updates          | 7899        |
|    policy_loss        | 0.134       |
|    reward             | 0.013752341 |
|    std                | 1.41        |
|    value_loss         | 0.00128     |
---------------------------------------
EPISODE:  41
---------------------------------------
| time/                 |             |
|    fps                | 70          |
|    iterations         | 8000        |
|    time_elapsed       | 566         |
|    total_timesteps    | 40000       |
| train/                |             |
|    entropy_loss       | -3.54       |
|    explained_variance | 0.197       |
|    learning_rate      | 0.0002      |
|    n_updates          | 7999        |
|    policy_loss        | 0.0517      |
|    reward             | 0.002957888 |
|    std                | 1.42        |
|    value_loss         | 0.000446    |
---------------------------------------
---------------------------------------
| time/                 |             |
|    fps                | 70          |
|    iterations         | 8100        |
|    time_elapsed       | 573         |
|    total_timesteps    | 40500       |
| train/                |             |
|    entropy_loss       | -3.55       |
|    explained_variance | -5.47e-05   |
|    learning_rate      | 0.0002      |
|    n_updates          | 8099        |
|    policy_loss        | -0.024      |
|    reward             | 0.014271769 |
|    std                | 1.43        |
|    value_loss         | 0.000641    |
---------------------------------------
EPISODE:  42
---------------------------------------
| time/                 |             |
|    fps                | 70          |
|    iterations         | 8200        |
|    time_elapsed       | 581         |
|    total_timesteps    | 41000       |
| train/                |             |
|    entropy_loss       | -3.56       |
|    explained_variance | 0.654       |
|    learning_rate      | 0.0002      |
|    n_updates          | 8199        |
|    policy_loss        | 0.0808      |
|    reward             | 0.004677747 |
|    std                | 1.43        |
|    value_loss         | 0.00061     |
---------------------------------------
----------------------------------------
| time/                 |              |
|    fps                | 70           |
|    iterations         | 8300         |
|    time_elapsed       | 588          |
|    total_timesteps    | 41500        |
| train/                |              |
|    entropy_loss       | -3.57        |
|    explained_variance | 2.24e-05     |
|    learning_rate      | 0.0002       |
|    n_updates          | 8299         |
|    policy_loss        | -0.0632      |
|    reward             | 0.0054907785 |
|    std                | 1.44         |
|    value_loss         | 0.0009       |
----------------------------------------
EPISODE:  43
----------------------------------------
| time/                 |              |
|    fps                | 70           |
|    iterations         | 8400         |
|    time_elapsed       | 596          |
|    total_timesteps    | 42000        |
| train/                |              |
|    entropy_loss       | -3.58        |
|    explained_variance | -0.019       |
|    learning_rate      | 0.0002       |
|    n_updates          | 8399         |
|    policy_loss        | -0.00166     |
|    reward             | -0.007865895 |
|    std                | 1.45         |
|    value_loss         | 0.000548     |
----------------------------------------
---------------------------------------
| time/                 |             |
|    fps                | 70          |
|    iterations         | 8500        |
|    time_elapsed       | 604         |
|    total_timesteps    | 42500       |
| train/                |             |
|    entropy_loss       | -3.58       |
|    explained_variance | -4.07e-05   |
|    learning_rate      | 0.0002      |
|    n_updates          | 8499        |
|    policy_loss        | 0.15        |
|    reward             | 0.012759278 |
|    std                | 1.45        |
|    value_loss         | 0.00254     |
---------------------------------------
EPISODE:  44
---------------------------------------
| time/                 |             |
|    fps                | 70          |
|    iterations         | 8600        |
|    time_elapsed       | 611         |
|    total_timesteps    | 43000       |
| train/                |             |
|    entropy_loss       | -3.59       |
|    explained_variance | 0.21        |
|    learning_rate      | 0.0002      |
|    n_updates          | 8599        |
|    policy_loss        | 0.0921      |
|    reward             | -0.00834847 |
|    std                | 1.46        |
|    value_loss         | 0.00142     |
---------------------------------------
---------------------------------------
| time/                 |             |
|    fps                | 70          |
|    iterations         | 8700        |
|    time_elapsed       | 618         |
|    total_timesteps    | 43500       |
| train/                |             |
|    entropy_loss       | -3.6        |
|    explained_variance | 5.78e-06    |
|    learning_rate      | 0.0002      |
|    n_updates          | 8699        |
|    policy_loss        | 0.00638     |
|    reward             | 0.014072293 |
|    std                | 1.47        |
|    value_loss         | 0.000177    |
---------------------------------------
EPISODE:  45
----------------------------------------
| time/                 |              |
|    fps                | 70           |
|    iterations         | 8800         |
|    time_elapsed       | 626          |
|    total_timesteps    | 44000        |
| train/                |              |
|    entropy_loss       | -3.61        |
|    explained_variance | 0.0262       |
|    learning_rate      | 0.0002       |
|    n_updates          | 8799         |
|    policy_loss        | 0.0614       |
|    reward             | -0.007969384 |
|    std                | 1.47         |
|    value_loss         | 0.000646     |
----------------------------------------
----------------------------------------
| time/                 |              |
|    fps                | 70           |
|    iterations         | 8900         |
|    time_elapsed       | 633          |
|    total_timesteps    | 44500        |
| train/                |              |
|    entropy_loss       | -3.62        |
|    explained_variance | 3.21e-05     |
|    learning_rate      | 0.0002       |
|    n_updates          | 8899         |
|    policy_loss        | -0.000563    |
|    reward             | 0.0048336256 |
|    std                | 1.48         |
|    value_loss         | 9.01e-05     |
----------------------------------------
EPISODE:  46
---------------------------------------
| time/                 |             |
|    fps                | 70          |
|    iterations         | 9000        |
|    time_elapsed       | 640         |
|    total_timesteps    | 45000       |
| train/                |             |
|    entropy_loss       | -3.63       |
|    explained_variance | -0.409      |
|    learning_rate      | 0.0002      |
|    n_updates          | 8999        |
|    policy_loss        | -0.0545     |
|    reward             | 0.026909223 |
|    std                | 1.49        |
|    value_loss         | 0.00045     |
---------------------------------------
---------------------------------------
| time/                 |             |
|    fps                | 70          |
|    iterations         | 9100        |
|    time_elapsed       | 646         |
|    total_timesteps    | 45500       |
| train/                |             |
|    entropy_loss       | -3.64       |
|    explained_variance | -0.0848     |
|    learning_rate      | 0.0002      |
|    n_updates          | 9099        |
|    policy_loss        | 0.167       |
|    reward             | 0.033084583 |
|    std                | 1.49        |
|    value_loss         | 0.00185     |
---------------------------------------
EPISODE:  47
----------------------------------------
| time/                 |              |
|    fps                | 70           |
|    iterations         | 9200         |
|    time_elapsed       | 653          |
|    total_timesteps    | 46000        |
| train/                |              |
|    entropy_loss       | -3.65        |
|    explained_variance | 0.388        |
|    learning_rate      | 0.0002       |
|    n_updates          | 9199         |
|    policy_loss        | 0.0614       |
|    reward             | -0.003971376 |
|    std                | 1.5          |
|    value_loss         | 0.000576     |
----------------------------------------
----------------------------------------
| time/                 |              |
|    fps                | 70           |
|    iterations         | 9300         |
|    time_elapsed       | 661          |
|    total_timesteps    | 46500        |
| train/                |              |
|    entropy_loss       | -3.66        |
|    explained_variance | 0.213        |
|    learning_rate      | 0.0002       |
|    n_updates          | 9299         |
|    policy_loss        | 0.0412       |
|    reward             | 0.0036660973 |
|    std                | 1.51         |
|    value_loss         | 0.000309     |
----------------------------------------
EPISODE:  48
----------------------------------------
| time/                 |              |
|    fps                | 70           |
|    iterations         | 9400         |
|    time_elapsed       | 668          |
|    total_timesteps    | 47000        |
| train/                |              |
|    entropy_loss       | -3.67        |
|    explained_variance | 0.11         |
|    learning_rate      | 0.0002       |
|    n_updates          | 9399         |
|    policy_loss        | 0.0952       |
|    reward             | -0.039003626 |
|    std                | 1.52         |
|    value_loss         | 0.000848     |
----------------------------------------
--------------------------------------
| time/                 |            |
|    fps                | 70         |
|    iterations         | 9500       |
|    time_elapsed       | 676        |
|    total_timesteps    | 47500      |
| train/                |            |
|    entropy_loss       | -3.68      |
|    explained_variance | -0.23      |
|    learning_rate      | 0.0002     |
|    n_updates          | 9499       |
|    policy_loss        | -0.252     |
|    reward             | 0.03937871 |
|    std                | 1.52       |
|    value_loss         | 0.00375    |
--------------------------------------
EPISODE:  49
---------------------------------------
| time/                 |             |
|    fps                | 70          |
|    iterations         | 9600        |
|    time_elapsed       | 684         |
|    total_timesteps    | 48000       |
| train/                |             |
|    entropy_loss       | -3.69       |
|    explained_variance | 0.032       |
|    learning_rate      | 0.0002      |
|    n_updates          | 9599        |
|    policy_loss        | 0.0685      |
|    reward             | 0.008719101 |
|    std                | 1.53        |
|    value_loss         | 0.000617    |
---------------------------------------
----------------------------------------
| time/                 |              |
|    fps                | 69           |
|    iterations         | 9700         |
|    time_elapsed       | 693          |
|    total_timesteps    | 48500        |
| train/                |              |
|    entropy_loss       | -3.7         |
|    explained_variance | 0.334        |
|    learning_rate      | 0.0002       |
|    n_updates          | 9699         |
|    policy_loss        | -0.284       |
|    reward             | -0.024305826 |
|    std                | 1.54         |
|    value_loss         | 0.00257      |
----------------------------------------
EPISODE:  50
----------------------------------------
| time/                 |              |
|    fps                | 69           |
|    iterations         | 9800         |
|    time_elapsed       | 701          |
|    total_timesteps    | 49000        |
| train/                |              |
|    entropy_loss       | -3.71        |
|    explained_variance | -0.22        |
|    learning_rate      | 0.0002       |
|    n_updates          | 9799         |
|    policy_loss        | -0.218       |
|    reward             | -0.019981932 |
|    std                | 1.55         |
|    value_loss         | 0.0038       |
----------------------------------------
---------------------------------------
| time/                 |             |
|    fps                | 69          |
|    iterations         | 9900        |
|    time_elapsed       | 709         |
|    total_timesteps    | 49500       |
| train/                |             |
|    entropy_loss       | -3.72       |
|    explained_variance | 0.0117      |
|    learning_rate      | 0.0002      |
|    n_updates          | 9899        |
|    policy_loss        | 0.162       |
|    reward             | 0.005884032 |
|    std                | 1.56        |
|    value_loss         | 0.00181     |
---------------------------------------
EPISODE:  51
----------------------------------------
| time/                 |              |
|    fps                | 69           |
|    iterations         | 10000        |
|    time_elapsed       | 716          |
|    total_timesteps    | 50000        |
| train/                |              |
|    entropy_loss       | -3.73        |
|    explained_variance | 0.0121       |
|    learning_rate      | 0.0002       |
|    n_updates          | 9999         |
|    policy_loss        | 0.0405       |
|    reward             | -0.010022423 |
|    std                | 1.56         |
|    value_loss         | 0.000215     |
----------------------------------------
Saved episode log to Results\250619_hc_binary_udp_noise\a2c\upward_noise\training_logs\02.csv
