EPISODE:  0
{'n_steps': 5, 'ent_coef': 0.005, 'learning_rate': 0.0002}
Using cpu device
EPISODE:  1
----------------------------------------
| time/                 |              |
|    fps                | 149          |
|    iterations         | 100          |
|    time_elapsed       | 3            |
|    total_timesteps    | 500          |
| train/                |              |
|    entropy_loss       | -2.87        |
|    explained_variance | 0.000295     |
|    learning_rate      | 0.0002       |
|    n_updates          | 99           |
|    policy_loss        | -0.182       |
|    reward             | -0.010558802 |
|    std                | 1.01         |
|    value_loss         | 0.00389      |
----------------------------------------
EPISODE:  2
----------------------------------------
| time/                 |              |
|    fps                | 152          |
|    iterations         | 200          |
|    time_elapsed       | 6            |
|    total_timesteps    | 1000         |
| train/                |              |
|    entropy_loss       | -2.88        |
|    explained_variance | -3           |
|    learning_rate      | 0.0002       |
|    n_updates          | 199          |
|    policy_loss        | 0.0444       |
|    reward             | -0.011032727 |
|    std                | 1.02         |
|    value_loss         | 0.00274      |
----------------------------------------
---------------------------------------
| time/                 |             |
|    fps                | 150         |
|    iterations         | 300         |
|    time_elapsed       | 9           |
|    total_timesteps    | 1500        |
| train/                |             |
|    entropy_loss       | -2.89       |
|    explained_variance | 2.98e-07    |
|    learning_rate      | 0.0002      |
|    n_updates          | 299         |
|    policy_loss        | -0.0151     |
|    reward             | 0.006658222 |
|    std                | 1.03        |
|    value_loss         | 6.68e-05    |
---------------------------------------
EPISODE:  3
----------------------------------------
| time/                 |              |
|    fps                | 149          |
|    iterations         | 400          |
|    time_elapsed       | 13           |
|    total_timesteps    | 2000         |
| train/                |              |
|    entropy_loss       | -2.91        |
|    explained_variance | 1.01e-06     |
|    learning_rate      | 0.0002       |
|    n_updates          | 399          |
|    policy_loss        | 0.0262       |
|    reward             | -0.012324929 |
|    std                | 1.04         |
|    value_loss         | 0.000119     |
----------------------------------------
---------------------------------------
| time/                 |             |
|    fps                | 150         |
|    iterations         | 500         |
|    time_elapsed       | 16          |
|    total_timesteps    | 2500        |
| train/                |             |
|    entropy_loss       | -2.92       |
|    explained_variance | -1.79e-05   |
|    learning_rate      | 0.0002      |
|    n_updates          | 499         |
|    policy_loss        | 0.0115      |
|    reward             | -0.01468709 |
|    std                | 1.04        |
|    value_loss         | 0.000168    |
---------------------------------------
EPISODE:  4
----------------------------------------
| time/                 |              |
|    fps                | 150          |
|    iterations         | 600          |
|    time_elapsed       | 19           |
|    total_timesteps    | 3000         |
| train/                |              |
|    entropy_loss       | -2.94        |
|    explained_variance | 0            |
|    learning_rate      | 0.0002       |
|    n_updates          | 599          |
|    policy_loss        | 0.00711      |
|    reward             | 0.0073703793 |
|    std                | 1.05         |
|    value_loss         | 7.24e-05     |
----------------------------------------
----------------------------------------
| time/                 |              |
|    fps                | 151          |
|    iterations         | 700          |
|    time_elapsed       | 23           |
|    total_timesteps    | 3500         |
| train/                |              |
|    entropy_loss       | -2.95        |
|    explained_variance | 0            |
|    learning_rate      | 0.0002       |
|    n_updates          | 699          |
|    policy_loss        | 0.0618       |
|    reward             | 0.0010713692 |
|    std                | 1.06         |
|    value_loss         | 0.000714     |
----------------------------------------
EPISODE:  5
----------------------------------------
| time/                 |              |
|    fps                | 151          |
|    iterations         | 800          |
|    time_elapsed       | 26           |
|    total_timesteps    | 4000         |
| train/                |              |
|    entropy_loss       | -2.96        |
|    explained_variance | 0.000173     |
|    learning_rate      | 0.0002       |
|    n_updates          | 799          |
|    policy_loss        | -0.0209      |
|    reward             | -0.014312281 |
|    std                | 1.06         |
|    value_loss         | 0.00026      |
----------------------------------------
----------------------------------------
| time/                 |              |
|    fps                | 150          |
|    iterations         | 900          |
|    time_elapsed       | 29           |
|    total_timesteps    | 4500         |
| train/                |              |
|    entropy_loss       | -2.98        |
|    explained_variance | -6.35e-05    |
|    learning_rate      | 0.0002       |
|    n_updates          | 899          |
|    policy_loss        | -0.0219      |
|    reward             | -0.015150484 |
|    std                | 1.07         |
|    value_loss         | 7.23e-05     |
----------------------------------------
EPISODE:  6
-----------------------------------------
| time/                 |               |
|    fps                | 149           |
|    iterations         | 1000          |
|    time_elapsed       | 33            |
|    total_timesteps    | 5000          |
| train/                |               |
|    entropy_loss       | -2.99         |
|    explained_variance | 0.617         |
|    learning_rate      | 0.0002        |
|    n_updates          | 999           |
|    policy_loss        | -0.0544       |
|    reward             | -0.0002863623 |
|    std                | 1.08          |
|    value_loss         | 0.000509      |
-----------------------------------------
-----------------------------------------
| time/                 |               |
|    fps                | 148           |
|    iterations         | 1100          |
|    time_elapsed       | 36            |
|    total_timesteps    | 5500          |
| train/                |               |
|    entropy_loss       | -3.01         |
|    explained_variance | -5.79         |
|    learning_rate      | 0.0002        |
|    n_updates          | 1099          |
|    policy_loss        | 0.0199        |
|    reward             | -0.0050641634 |
|    std                | 1.09          |
|    value_loss         | 0.000461      |
-----------------------------------------
EPISODE:  7
----------------------------------------
| time/                 |              |
|    fps                | 147          |
|    iterations         | 1200         |
|    time_elapsed       | 40           |
|    total_timesteps    | 6000         |
| train/                |              |
|    entropy_loss       | -3.02        |
|    explained_variance | 3.64e-06     |
|    learning_rate      | 0.0002       |
|    n_updates          | 1199         |
|    policy_loss        | -0.00375     |
|    reward             | -0.014299878 |
|    std                | 1.1          |
|    value_loss         | 1.87e-05     |
----------------------------------------
----------------------------------------
| time/                 |              |
|    fps                | 147          |
|    iterations         | 1300         |
|    time_elapsed       | 44           |
|    total_timesteps    | 6500         |
| train/                |              |
|    entropy_loss       | -3.04        |
|    explained_variance | -2.71e-05    |
|    learning_rate      | 0.0002       |
|    n_updates          | 1299         |
|    policy_loss        | 0.000843     |
|    reward             | -0.011658594 |
|    std                | 1.1          |
|    value_loss         | 2.93e-06     |
----------------------------------------
EPISODE:  8
----------------------------------------
| time/                 |              |
|    fps                | 147          |
|    iterations         | 1400         |
|    time_elapsed       | 47           |
|    total_timesteps    | 7000         |
| train/                |              |
|    entropy_loss       | -3.05        |
|    explained_variance | -7.02e-05    |
|    learning_rate      | 0.0002       |
|    n_updates          | 1399         |
|    policy_loss        | 0.114        |
|    reward             | 0.0067086923 |
|    std                | 1.11         |
|    value_loss         | 0.00207      |
----------------------------------------
----------------------------------------
| time/                 |              |
|    fps                | 146          |
|    iterations         | 1500         |
|    time_elapsed       | 51           |
|    total_timesteps    | 7500         |
| train/                |              |
|    entropy_loss       | -3.07        |
|    explained_variance | 1.92e-05     |
|    learning_rate      | 0.0002       |
|    n_updates          | 1499         |
|    policy_loss        | 0.0343       |
|    reward             | -0.011676066 |
|    std                | 1.12         |
|    value_loss         | 0.000227     |
----------------------------------------
EPISODE:  9
----------------------------------------
| time/                 |              |
|    fps                | 145          |
|    iterations         | 1600         |
|    time_elapsed       | 54           |
|    total_timesteps    | 8000         |
| train/                |              |
|    entropy_loss       | -3.09        |
|    explained_variance | 3.34e-06     |
|    learning_rate      | 0.0002       |
|    n_updates          | 1599         |
|    policy_loss        | 0.0127       |
|    reward             | -0.012851798 |
|    std                | 1.13         |
|    value_loss         | 4.04e-05     |
----------------------------------------
----------------------------------------
| time/                 |              |
|    fps                | 145          |
|    iterations         | 1700         |
|    time_elapsed       | 58           |
|    total_timesteps    | 8500         |
| train/                |              |
|    entropy_loss       | -3.1         |
|    explained_variance | 0            |
|    learning_rate      | 0.0002       |
|    n_updates          | 1699         |
|    policy_loss        | 0.0661       |
|    reward             | -0.008340152 |
|    std                | 1.14         |
|    value_loss         | 0.000544     |
----------------------------------------
EPISODE:  10
----------------------------------------
| time/                 |              |
|    fps                | 145          |
|    iterations         | 1800         |
|    time_elapsed       | 61           |
|    total_timesteps    | 9000         |
| train/                |              |
|    entropy_loss       | -3.12        |
|    explained_variance | 5.42e-06     |
|    learning_rate      | 0.0002       |
|    n_updates          | 1799         |
|    policy_loss        | -0.0769      |
|    reward             | -0.010742132 |
|    std                | 1.15         |
|    value_loss         | 0.000884     |
----------------------------------------
----------------------------------------
| time/                 |              |
|    fps                | 145          |
|    iterations         | 1900         |
|    time_elapsed       | 65           |
|    total_timesteps    | 9500         |
| train/                |              |
|    entropy_loss       | -3.13        |
|    explained_variance | 9.07e-05     |
|    learning_rate      | 0.0002       |
|    n_updates          | 1899         |
|    policy_loss        | -0.00361     |
|    reward             | -0.013944521 |
|    std                | 1.16         |
|    value_loss         | 7.59e-05     |
----------------------------------------
EPISODE:  11
---------------------------------------
| time/                 |             |
|    fps                | 144         |
|    iterations         | 2000        |
|    time_elapsed       | 69          |
|    total_timesteps    | 10000       |
| train/                |             |
|    entropy_loss       | -3.14       |
|    explained_variance | -2.81       |
|    learning_rate      | 0.0002      |
|    n_updates          | 1999        |
|    policy_loss        | 0.0266      |
|    reward             | 0.006434693 |
|    std                | 1.17        |
|    value_loss         | 0.000139    |
---------------------------------------
-----------------------------------------
| time/                 |               |
|    fps                | 144           |
|    iterations         | 2100          |
|    time_elapsed       | 72            |
|    total_timesteps    | 10500         |
| train/                |               |
|    entropy_loss       | -3.16         |
|    explained_variance | -5.54e-05     |
|    learning_rate      | 0.0002        |
|    n_updates          | 2099          |
|    policy_loss        | -0.0833       |
|    reward             | -0.0012191794 |
|    std                | 1.18          |
|    value_loss         | 0.000837      |
-----------------------------------------
EPISODE:  12
----------------------------------------
| time/                 |              |
|    fps                | 144          |
|    iterations         | 2200         |
|    time_elapsed       | 75           |
|    total_timesteps    | 11000        |
| train/                |              |
|    entropy_loss       | -3.17        |
|    explained_variance | -1.43e-06    |
|    learning_rate      | 0.0002       |
|    n_updates          | 2199         |
|    policy_loss        | 0.0143       |
|    reward             | -0.014736046 |
|    std                | 1.18         |
|    value_loss         | 8.62e-05     |
----------------------------------------
---------------------------------------
| time/                 |             |
|    fps                | 144         |
|    iterations         | 2300        |
|    time_elapsed       | 79          |
|    total_timesteps    | 11500       |
| train/                |             |
|    entropy_loss       | -3.19       |
|    explained_variance | 5.54e-06    |
|    learning_rate      | 0.0002      |
|    n_updates          | 2299        |
|    policy_loss        | 0.000103    |
|    reward             | 0.014559105 |
|    std                | 1.19        |
|    value_loss         | 2.01e-05    |
---------------------------------------
EPISODE:  13
-----------------------------------------
| time/                 |               |
|    fps                | 144           |
|    iterations         | 2400          |
|    time_elapsed       | 82            |
|    total_timesteps    | 12000         |
| train/                |               |
|    entropy_loss       | -3.2          |
|    explained_variance | 0.334         |
|    learning_rate      | 0.0002        |
|    n_updates          | 2399          |
|    policy_loss        | 0.0189        |
|    reward             | -0.0007696414 |
|    std                | 1.2           |
|    value_loss         | 0.000121      |
-----------------------------------------
-----------------------------------------
| time/                 |               |
|    fps                | 144           |
|    iterations         | 2500          |
|    time_elapsed       | 86            |
|    total_timesteps    | 12500         |
| train/                |               |
|    entropy_loss       | -3.21         |
|    explained_variance | 0.27          |
|    learning_rate      | 0.0002        |
|    n_updates          | 2499          |
|    policy_loss        | 0.135         |
|    reward             | -0.0056839166 |
|    std                | 1.21          |
|    value_loss         | 0.00275       |
-----------------------------------------
EPISODE:  14
---------------------------------------
| time/                 |             |
|    fps                | 143         |
|    iterations         | 2600        |
|    time_elapsed       | 90          |
|    total_timesteps    | 13000       |
| train/                |             |
|    entropy_loss       | -3.23       |
|    explained_variance | -1.13e-05   |
|    learning_rate      | 0.0002      |
|    n_updates          | 2599        |
|    policy_loss        | 0.0149      |
|    reward             | -0.01513193 |
|    std                | 1.21        |
|    value_loss         | 3.15e-05    |
---------------------------------------
----------------------------------------
| time/                 |              |
|    fps                | 143          |
|    iterations         | 2700         |
|    time_elapsed       | 93           |
|    total_timesteps    | 13500        |
| train/                |              |
|    entropy_loss       | -3.24        |
|    explained_variance | -3.58e-07    |
|    learning_rate      | 0.0002       |
|    n_updates          | 2699         |
|    policy_loss        | -0.0171      |
|    reward             | -0.013402906 |
|    std                | 1.22         |
|    value_loss         | 2.39e-05     |
----------------------------------------
EPISODE:  15
-----------------------------------------
| time/                 |               |
|    fps                | 143           |
|    iterations         | 2800          |
|    time_elapsed       | 97            |
|    total_timesteps    | 14000         |
| train/                |               |
|    entropy_loss       | -3.24         |
|    explained_variance | 0.776         |
|    learning_rate      | 0.0002        |
|    n_updates          | 2799          |
|    policy_loss        | 0.0204        |
|    reward             | -0.0052992087 |
|    std                | 1.23          |
|    value_loss         | 0.000156      |
-----------------------------------------
-----------------------------------------
| time/                 |               |
|    fps                | 143           |
|    iterations         | 2900          |
|    time_elapsed       | 100           |
|    total_timesteps    | 14500         |
| train/                |               |
|    entropy_loss       | -3.25         |
|    explained_variance | 3.84e-05      |
|    learning_rate      | 0.0002        |
|    n_updates          | 2899          |
|    policy_loss        | -0.153        |
|    reward             | -0.0100348005 |
|    std                | 1.23          |
|    value_loss         | 0.00212       |
-----------------------------------------
EPISODE:  16
---------------------------------------
| time/                 |             |
|    fps                | 143         |
|    iterations         | 3000        |
|    time_elapsed       | 104         |
|    total_timesteps    | 15000       |
| train/                |             |
|    entropy_loss       | -3.27       |
|    explained_variance | -2.86e-06   |
|    learning_rate      | 0.0002      |
|    n_updates          | 2999        |
|    policy_loss        | -0.00712    |
|    reward             | 0.011497315 |
|    std                | 1.24        |
|    value_loss         | 9.13e-06    |
---------------------------------------
----------------------------------------
| time/                 |              |
|    fps                | 143          |
|    iterations         | 3100         |
|    time_elapsed       | 107          |
|    total_timesteps    | 15500        |
| train/                |              |
|    entropy_loss       | -3.28        |
|    explained_variance | 0            |
|    learning_rate      | 0.0002       |
|    n_updates          | 3099         |
|    policy_loss        | -0.00216     |
|    reward             | 0.0072704633 |
|    std                | 1.25         |
|    value_loss         | 7.86e-05     |
----------------------------------------
EPISODE:  17
---------------------------------------
| time/                 |             |
|    fps                | 144         |
|    iterations         | 3200        |
|    time_elapsed       | 111         |
|    total_timesteps    | 16000       |
| train/                |             |
|    entropy_loss       | -3.3        |
|    explained_variance | 0.00101     |
|    learning_rate      | 0.0002      |
|    n_updates          | 3199        |
|    policy_loss        | 0.0696      |
|    reward             | 0.011854298 |
|    std                | 1.26        |
|    value_loss         | 0.000578    |
---------------------------------------
---------------------------------------
| time/                 |             |
|    fps                | 144         |
|    iterations         | 3300        |
|    time_elapsed       | 114         |
|    total_timesteps    | 16500       |
| train/                |             |
|    entropy_loss       | -3.32       |
|    explained_variance | 6.08e-06    |
|    learning_rate      | 0.0002      |
|    n_updates          | 3299        |
|    policy_loss        | 0.0967      |
|    reward             | 0.014524048 |
|    std                | 1.27        |
|    value_loss         | 0.000626    |
---------------------------------------
EPISODE:  18
----------------------------------------
| time/                 |              |
|    fps                | 144          |
|    iterations         | 3400         |
|    time_elapsed       | 117          |
|    total_timesteps    | 17000        |
| train/                |              |
|    entropy_loss       | -3.33        |
|    explained_variance | 1.19e-07     |
|    learning_rate      | 0.0002       |
|    n_updates          | 3399         |
|    policy_loss        | 0.0162       |
|    reward             | -0.008088166 |
|    std                | 1.28         |
|    value_loss         | 8.79e-05     |
----------------------------------------
----------------------------------------
| time/                 |              |
|    fps                | 144          |
|    iterations         | 3500         |
|    time_elapsed       | 120          |
|    total_timesteps    | 17500        |
| train/                |              |
|    entropy_loss       | -3.34        |
|    explained_variance | 3.44e-05     |
|    learning_rate      | 0.0002       |
|    n_updates          | 3499         |
|    policy_loss        | 0.0327       |
|    reward             | 0.0019076957 |
|    std                | 1.29         |
|    value_loss         | 9.6e-05      |
----------------------------------------
EPISODE:  19
----------------------------------------
| time/                 |              |
|    fps                | 145          |
|    iterations         | 3600         |
|    time_elapsed       | 123          |
|    total_timesteps    | 18000        |
| train/                |              |
|    entropy_loss       | -3.36        |
|    explained_variance | -1.07e-06    |
|    learning_rate      | 0.0002       |
|    n_updates          | 3599         |
|    policy_loss        | -0.0214      |
|    reward             | -0.014047668 |
|    std                | 1.3          |
|    value_loss         | 0.000374     |
----------------------------------------
----------------------------------------
| time/                 |              |
|    fps                | 145          |
|    iterations         | 3700         |
|    time_elapsed       | 126          |
|    total_timesteps    | 18500        |
| train/                |              |
|    entropy_loss       | -3.37        |
|    explained_variance | 3.16e-06     |
|    learning_rate      | 0.0002       |
|    n_updates          | 3699         |
|    policy_loss        | -0.0928      |
|    reward             | -0.015175003 |
|    std                | 1.31         |
|    value_loss         | 0.000692     |
----------------------------------------
EPISODE:  20
-----------------------------------------
| time/                 |               |
|    fps                | 146           |
|    iterations         | 3800          |
|    time_elapsed       | 130           |
|    total_timesteps    | 19000         |
| train/                |               |
|    entropy_loss       | -3.39         |
|    explained_variance | 0.548         |
|    learning_rate      | 0.0002        |
|    n_updates          | 3799          |
|    policy_loss        | 0.0011        |
|    reward             | 0.00097274664 |
|    std                | 1.32          |
|    value_loss         | 0.00012       |
-----------------------------------------
-----------------------------------------
| time/                 |               |
|    fps                | 146           |
|    iterations         | 3900          |
|    time_elapsed       | 133           |
|    total_timesteps    | 19500         |
| train/                |               |
|    entropy_loss       | -3.4          |
|    explained_variance | 0.416         |
|    learning_rate      | 0.0002        |
|    n_updates          | 3899          |
|    policy_loss        | -0.0686       |
|    reward             | -0.0044047465 |
|    std                | 1.32          |
|    value_loss         | 0.000775      |
-----------------------------------------
EPISODE:  21
---------------------------------------
| time/                 |             |
|    fps                | 146         |
|    iterations         | 4000        |
|    time_elapsed       | 136         |
|    total_timesteps    | 20000       |
| train/                |             |
|    entropy_loss       | -3.41       |
|    explained_variance | 0           |
|    learning_rate      | 0.0002      |
|    n_updates          | 3999        |
|    policy_loss        | 0.0419      |
|    reward             | 0.014496665 |
|    std                | 1.33        |
|    value_loss         | 0.000146    |
---------------------------------------
---------------------------------------
| time/                 |             |
|    fps                | 147         |
|    iterations         | 4100        |
|    time_elapsed       | 139         |
|    total_timesteps    | 20500       |
| train/                |             |
|    entropy_loss       | -3.42       |
|    explained_variance | -1.19e-07   |
|    learning_rate      | 0.0002      |
|    n_updates          | 4099        |
|    policy_loss        | 0.0152      |
|    reward             | 0.012089991 |
|    std                | 1.34        |
|    value_loss         | 1.81e-05    |
---------------------------------------
EPISODE:  22
----------------------------------------
| time/                 |              |
|    fps                | 147          |
|    iterations         | 4200         |
|    time_elapsed       | 142          |
|    total_timesteps    | 21000        |
| train/                |              |
|    entropy_loss       | -3.43        |
|    explained_variance | -6.6         |
|    learning_rate      | 0.0002       |
|    n_updates          | 4199         |
|    policy_loss        | 0.00912      |
|    reward             | 0.0059587792 |
|    std                | 1.35         |
|    value_loss         | 0.000967     |
----------------------------------------
---------------------------------------
| time/                 |             |
|    fps                | 148         |
|    iterations         | 4300        |
|    time_elapsed       | 145         |
|    total_timesteps    | 21500       |
| train/                |             |
|    entropy_loss       | -3.45       |
|    explained_variance | 9.36e-06    |
|    learning_rate      | 0.0002      |
|    n_updates          | 4299        |
|    policy_loss        | 0.0484      |
|    reward             | 0.011156375 |
|    std                | 1.36        |
|    value_loss         | 0.000664    |
---------------------------------------
EPISODE:  23
----------------------------------------
| time/                 |              |
|    fps                | 148          |
|    iterations         | 4400         |
|    time_elapsed       | 148          |
|    total_timesteps    | 22000        |
| train/                |              |
|    entropy_loss       | -3.46        |
|    explained_variance | 0            |
|    learning_rate      | 0.0002       |
|    n_updates          | 4399         |
|    policy_loss        | -0.00205     |
|    reward             | -0.013264141 |
|    std                | 1.37         |
|    value_loss         | 1.66e-05     |
----------------------------------------
----------------------------------------
| time/                 |              |
|    fps                | 148          |
|    iterations         | 4500         |
|    time_elapsed       | 151          |
|    total_timesteps    | 22500        |
| train/                |              |
|    entropy_loss       | -3.48        |
|    explained_variance | 1.19e-07     |
|    learning_rate      | 0.0002       |
|    n_updates          | 4499         |
|    policy_loss        | 0.0489       |
|    reward             | -0.009022154 |
|    std                | 1.38         |
|    value_loss         | 0.000391     |
----------------------------------------
EPISODE:  24
----------------------------------------
| time/                 |              |
|    fps                | 148          |
|    iterations         | 4600         |
|    time_elapsed       | 154          |
|    total_timesteps    | 23000        |
| train/                |              |
|    entropy_loss       | -3.49        |
|    explained_variance | -0.401       |
|    learning_rate      | 0.0002       |
|    n_updates          | 4599         |
|    policy_loss        | -0.03        |
|    reward             | -0.010225693 |
|    std                | 1.39         |
|    value_loss         | 0.000191     |
----------------------------------------
---------------------------------------
| time/                 |             |
|    fps                | 148         |
|    iterations         | 4700        |
|    time_elapsed       | 157         |
|    total_timesteps    | 23500       |
| train/                |             |
|    entropy_loss       | -3.5        |
|    explained_variance | 0.356       |
|    learning_rate      | 0.0002      |
|    n_updates          | 4699        |
|    policy_loss        | -0.0338     |
|    reward             | 0.013636298 |
|    std                | 1.4         |
|    value_loss         | 0.000268    |
---------------------------------------
EPISODE:  25
---------------------------------------
| time/                 |             |
|    fps                | 148         |
|    iterations         | 4800        |
|    time_elapsed       | 161         |
|    total_timesteps    | 24000       |
| train/                |             |
|    entropy_loss       | -3.52       |
|    explained_variance | 5.96e-08    |
|    learning_rate      | 0.0002      |
|    n_updates          | 4799        |
|    policy_loss        | -0.0448     |
|    reward             | 0.007051806 |
|    std                | 1.4         |
|    value_loss         | 0.00027     |
---------------------------------------
----------------------------------------
| time/                 |              |
|    fps                | 148          |
|    iterations         | 4900         |
|    time_elapsed       | 164          |
|    total_timesteps    | 24500        |
| train/                |              |
|    entropy_loss       | -3.53        |
|    explained_variance | 6.56e-07     |
|    learning_rate      | 0.0002       |
|    n_updates          | 4899         |
|    policy_loss        | -0.0257      |
|    reward             | 0.0019021641 |
|    std                | 1.41         |
|    value_loss         | 0.000321     |
----------------------------------------
EPISODE:  26
----------------------------------------
| time/                 |              |
|    fps                | 149          |
|    iterations         | 5000         |
|    time_elapsed       | 167          |
|    total_timesteps    | 25000        |
| train/                |              |
|    entropy_loss       | -3.54        |
|    explained_variance | -1.31e-06    |
|    learning_rate      | 0.0002       |
|    n_updates          | 4999         |
|    policy_loss        | 0.0947       |
|    reward             | -0.014587274 |
|    std                | 1.42         |
|    value_loss         | 0.00122      |
----------------------------------------
----------------------------------------
| time/                 |              |
|    fps                | 150          |
|    iterations         | 5100         |
|    time_elapsed       | 169          |
|    total_timesteps    | 25500        |
| train/                |              |
|    entropy_loss       | -3.55        |
|    explained_variance | 1.31e-05     |
|    learning_rate      | 0.0002       |
|    n_updates          | 5099         |
|    policy_loss        | -0.0427      |
|    reward             | -0.014708961 |
|    std                | 1.43         |
|    value_loss         | 0.00016      |
----------------------------------------
EPISODE:  27
----------------------------------------
| time/                 |              |
|    fps                | 150          |
|    iterations         | 5200         |
|    time_elapsed       | 172          |
|    total_timesteps    | 26000        |
| train/                |              |
|    entropy_loss       | -3.57        |
|    explained_variance | 0.0903       |
|    learning_rate      | 0.0002       |
|    n_updates          | 5199         |
|    policy_loss        | -0.037       |
|    reward             | 0.0016073488 |
|    std                | 1.44         |
|    value_loss         | 0.000286     |
----------------------------------------
----------------------------------------
| time/                 |              |
|    fps                | 150          |
|    iterations         | 5300         |
|    time_elapsed       | 175          |
|    total_timesteps    | 26500        |
| train/                |              |
|    entropy_loss       | -3.58        |
|    explained_variance | -0.653       |
|    learning_rate      | 0.0002       |
|    n_updates          | 5299         |
|    policy_loss        | -0.0551      |
|    reward             | 0.0049070027 |
|    std                | 1.45         |
|    value_loss         | 0.000563     |
----------------------------------------
EPISODE:  28
----------------------------------------
| time/                 |              |
|    fps                | 151          |
|    iterations         | 5400         |
|    time_elapsed       | 178          |
|    total_timesteps    | 27000        |
| train/                |              |
|    entropy_loss       | -3.59        |
|    explained_variance | -3.46e-06    |
|    learning_rate      | 0.0002       |
|    n_updates          | 5399         |
|    policy_loss        | -0.0764      |
|    reward             | -0.015170746 |
|    std                | 1.46         |
|    value_loss         | 0.000593     |
----------------------------------------
----------------------------------------
| time/                 |              |
|    fps                | 151          |
|    iterations         | 5500         |
|    time_elapsed       | 180          |
|    total_timesteps    | 27500        |
| train/                |              |
|    entropy_loss       | -3.61        |
|    explained_variance | 0            |
|    learning_rate      | 0.0002       |
|    n_updates          | 5499         |
|    policy_loss        | -0.0194      |
|    reward             | -0.013761675 |
|    std                | 1.47         |
|    value_loss         | 5.37e-05     |
----------------------------------------
EPISODE:  29
----------------------------------------
| time/                 |              |
|    fps                | 152          |
|    iterations         | 5600         |
|    time_elapsed       | 183          |
|    total_timesteps    | 28000        |
| train/                |              |
|    entropy_loss       | -3.62        |
|    explained_variance | 0.182        |
|    learning_rate      | 0.0002       |
|    n_updates          | 5599         |
|    policy_loss        | 0.0203       |
|    reward             | 0.0046429415 |
|    std                | 1.48         |
|    value_loss         | 0.00021      |
----------------------------------------
----------------------------------------
| time/                 |              |
|    fps                | 152          |
|    iterations         | 5700         |
|    time_elapsed       | 186          |
|    total_timesteps    | 28500        |
| train/                |              |
|    entropy_loss       | -3.63        |
|    explained_variance | -3.32        |
|    learning_rate      | 0.0002       |
|    n_updates          | 5699         |
|    policy_loss        | 0.0392       |
|    reward             | -0.009490679 |
|    std                | 1.49         |
|    value_loss         | 0.000286     |
----------------------------------------
EPISODE:  30
--------------------------------------
| time/                 |            |
|    fps                | 153        |
|    iterations         | 5800       |
|    time_elapsed       | 189        |
|    total_timesteps    | 29000      |
| train/                |            |
|    entropy_loss       | -3.64      |
|    explained_variance | 0          |
|    learning_rate      | 0.0002     |
|    n_updates          | 5799       |
|    policy_loss        | -0.0078    |
|    reward             | 0.01193771 |
|    std                | 1.5        |
|    value_loss         | 8.02e-06   |
--------------------------------------
----------------------------------------
| time/                 |              |
|    fps                | 153          |
|    iterations         | 5900         |
|    time_elapsed       | 192          |
|    total_timesteps    | 29500        |
| train/                |              |
|    entropy_loss       | -3.66        |
|    explained_variance | 0            |
|    learning_rate      | 0.0002       |
|    n_updates          | 5899         |
|    policy_loss        | -0.0658      |
|    reward             | -0.007868308 |
|    std                | 1.5          |
|    value_loss         | 0.000377     |
----------------------------------------
EPISODE:  31
----------------------------------------
| time/                 |              |
|    fps                | 153          |
|    iterations         | 6000         |
|    time_elapsed       | 195          |
|    total_timesteps    | 30000        |
| train/                |              |
|    entropy_loss       | -3.67        |
|    explained_variance | 0            |
|    learning_rate      | 0.0002       |
|    n_updates          | 5999         |
|    policy_loss        | 0.17         |
|    reward             | 0.0113473935 |
|    std                | 1.52         |
|    value_loss         | 0.00238      |
----------------------------------------
----------------------------------------
| time/                 |              |
|    fps                | 154          |
|    iterations         | 6100         |
|    time_elapsed       | 197          |
|    total_timesteps    | 30500        |
| train/                |              |
|    entropy_loss       | -3.69        |
|    explained_variance | 0            |
|    learning_rate      | 0.0002       |
|    n_updates          | 6099         |
|    policy_loss        | 0.0115       |
|    reward             | -0.014321251 |
|    std                | 1.53         |
|    value_loss         | 6e-05        |
----------------------------------------
EPISODE:  32
----------------------------------------
| time/                 |              |
|    fps                | 154          |
|    iterations         | 6200         |
|    time_elapsed       | 200          |
|    total_timesteps    | 31000        |
| train/                |              |
|    entropy_loss       | -3.7         |
|    explained_variance | 8.36e-05     |
|    learning_rate      | 0.0002       |
|    n_updates          | 6199         |
|    policy_loss        | 0.039        |
|    reward             | -0.008780014 |
|    std                | 1.54         |
|    value_loss         | 0.000139     |
----------------------------------------
---------------------------------------
| time/                 |             |
|    fps                | 154         |
|    iterations         | 6300        |
|    time_elapsed       | 203         |
|    total_timesteps    | 31500       |
| train/                |             |
|    entropy_loss       | -3.71       |
|    explained_variance | -0.232      |
|    learning_rate      | 0.0002      |
|    n_updates          | 6299        |
|    policy_loss        | -0.0208     |
|    reward             | 0.002738259 |
|    std                | 1.55        |
|    value_loss         | 0.000161    |
---------------------------------------
EPISODE:  33
---------------------------------------
| time/                 |             |
|    fps                | 154         |
|    iterations         | 6400        |
|    time_elapsed       | 206         |
|    total_timesteps    | 32000       |
| train/                |             |
|    entropy_loss       | -3.73       |
|    explained_variance | 5.97e-05    |
|    learning_rate      | 0.0002      |
|    n_updates          | 6399        |
|    policy_loss        | -0.0283     |
|    reward             | 0.013750776 |
|    std                | 1.56        |
|    value_loss         | 0.000317    |
---------------------------------------
---------------------------------------
| time/                 |             |
|    fps                | 155         |
|    iterations         | 6500        |
|    time_elapsed       | 209         |
|    total_timesteps    | 32500       |
| train/                |             |
|    entropy_loss       | -3.74       |
|    explained_variance | -9.54e-07   |
|    learning_rate      | 0.0002      |
|    n_updates          | 6499        |
|    policy_loss        | -0.0307     |
|    reward             | -0.01516016 |
|    std                | 1.57        |
|    value_loss         | 0.000101    |
---------------------------------------
EPISODE:  34
----------------------------------------
| time/                 |              |
|    fps                | 155          |
|    iterations         | 6600         |
|    time_elapsed       | 212          |
|    total_timesteps    | 33000        |
| train/                |              |
|    entropy_loss       | -3.76        |
|    explained_variance | -1.19e-07    |
|    learning_rate      | 0.0002       |
|    n_updates          | 6599         |
|    policy_loss        | -0.0513      |
|    reward             | 0.0016568588 |
|    std                | 1.58         |
|    value_loss         | 0.000409     |
----------------------------------------
-----------------------------------------
| time/                 |               |
|    fps                | 155           |
|    iterations         | 6700          |
|    time_elapsed       | 215           |
|    total_timesteps    | 33500         |
| train/                |               |
|    entropy_loss       | -3.77         |
|    explained_variance | 0.868         |
|    learning_rate      | 0.0002        |
|    n_updates          | 6699          |
|    policy_loss        | -0.0421       |
|    reward             | -0.0037374622 |
|    std                | 1.6           |
|    value_loss         | 0.000137      |
-----------------------------------------
EPISODE:  35
---------------------------------------
| time/                 |             |
|    fps                | 155         |
|    iterations         | 6800        |
|    time_elapsed       | 218         |
|    total_timesteps    | 34000       |
| train/                |             |
|    entropy_loss       | -3.79       |
|    explained_variance | 1.79e-07    |
|    learning_rate      | 0.0002      |
|    n_updates          | 6799        |
|    policy_loss        | 0.0672      |
|    reward             | 0.014659102 |
|    std                | 1.61        |
|    value_loss         | 0.000415    |
---------------------------------------
---------------------------------------
| time/                 |             |
|    fps                | 155         |
|    iterations         | 6900        |
|    time_elapsed       | 221         |
|    total_timesteps    | 34500       |
| train/                |             |
|    entropy_loss       | -3.8        |
|    explained_variance | -1.44e-05   |
|    learning_rate      | 0.0002      |
|    n_updates          | 6899        |
|    policy_loss        | 0.0232      |
|    reward             | 0.012495562 |
|    std                | 1.62        |
|    value_loss         | 4.42e-05    |
---------------------------------------
EPISODE:  36
----------------------------------------
| time/                 |              |
|    fps                | 155          |
|    iterations         | 7000         |
|    time_elapsed       | 224          |
|    total_timesteps    | 35000        |
| train/                |              |
|    entropy_loss       | -3.81        |
|    explained_variance | 0.511        |
|    learning_rate      | 0.0002       |
|    n_updates          | 6999         |
|    policy_loss        | -0.0712      |
|    reward             | 0.0051885773 |
|    std                | 1.63         |
|    value_loss         | 0.000495     |
----------------------------------------
---------------------------------------
| time/                 |             |
|    fps                | 156         |
|    iterations         | 7100        |
|    time_elapsed       | 227         |
|    total_timesteps    | 35500       |
| train/                |             |
|    entropy_loss       | -3.83       |
|    explained_variance | 0           |
|    learning_rate      | 0.0002      |
|    n_updates          | 7099        |
|    policy_loss        | 0.167       |
|    reward             | 0.010601948 |
|    std                | 1.64        |
|    value_loss         | 0.00224     |
---------------------------------------
EPISODE:  37
----------------------------------------
| time/                 |              |
|    fps                | 156          |
|    iterations         | 7200         |
|    time_elapsed       | 230          |
|    total_timesteps    | 36000        |
| train/                |              |
|    entropy_loss       | -3.84        |
|    explained_variance | 5.96e-08     |
|    learning_rate      | 0.0002       |
|    n_updates          | 7199         |
|    policy_loss        | 0.0036       |
|    reward             | -0.013637201 |
|    std                | 1.65         |
|    value_loss         | 2.53e-05     |
----------------------------------------
----------------------------------------
| time/                 |              |
|    fps                | 156          |
|    iterations         | 7300         |
|    time_elapsed       | 233          |
|    total_timesteps    | 36500        |
| train/                |              |
|    entropy_loss       | -3.85        |
|    explained_variance | 1.79e-07     |
|    learning_rate      | 0.0002       |
|    n_updates          | 7299         |
|    policy_loss        | 0.067        |
|    reward             | -0.009675427 |
|    std                | 1.66         |
|    value_loss         | 0.000355     |
----------------------------------------
EPISODE:  38
---------------------------------------
| time/                 |             |
|    fps                | 156         |
|    iterations         | 7400        |
|    time_elapsed       | 235         |
|    total_timesteps    | 37000       |
| train/                |             |
|    entropy_loss       | -3.87       |
|    explained_variance | 0.779       |
|    learning_rate      | 0.0002      |
|    n_updates          | 7399        |
|    policy_loss        | -0.0508     |
|    reward             | 0.009688657 |
|    std                | 1.67        |
|    value_loss         | 0.000278    |
---------------------------------------
----------------------------------------
| time/                 |              |
|    fps                | 157          |
|    iterations         | 7500         |
|    time_elapsed       | 238          |
|    total_timesteps    | 37500        |
| train/                |              |
|    entropy_loss       | -3.88        |
|    explained_variance | 5.96e-07     |
|    learning_rate      | 0.0002       |
|    n_updates          | 7499         |
|    policy_loss        | -0.0438      |
|    reward             | -0.013297377 |
|    std                | 1.69         |
|    value_loss         | 0.000315     |
----------------------------------------
EPISODE:  39
----------------------------------------
| time/                 |              |
|    fps                | 157          |
|    iterations         | 7600         |
|    time_elapsed       | 241          |
|    total_timesteps    | 38000        |
| train/                |              |
|    entropy_loss       | -3.89        |
|    explained_variance | 0            |
|    learning_rate      | 0.0002       |
|    n_updates          | 7599         |
|    policy_loss        | -0.0505      |
|    reward             | 0.0076549747 |
|    std                | 1.7          |
|    value_loss         | 0.000328     |
----------------------------------------
---------------------------------------
| time/                 |             |
|    fps                | 157         |
|    iterations         | 7700        |
|    time_elapsed       | 244         |
|    total_timesteps    | 38500       |
| train/                |             |
|    entropy_loss       | -3.91       |
|    explained_variance | 0           |
|    learning_rate      | 0.0002      |
|    n_updates          | 7699        |
|    policy_loss        | -0.0603     |
|    reward             | 0.002581154 |
|    std                | 1.71        |
|    value_loss         | 0.000346    |
---------------------------------------
EPISODE:  40
---------------------------------------
| time/                 |             |
|    fps                | 157         |
|    iterations         | 7800        |
|    time_elapsed       | 247         |
|    total_timesteps    | 39000       |
| train/                |             |
|    entropy_loss       | -3.92       |
|    explained_variance | 0           |
|    learning_rate      | 0.0002      |
|    n_updates          | 7799        |
|    policy_loss        | 0.133       |
|    reward             | 0.014398789 |
|    std                | 1.72        |
|    value_loss         | 0.00111     |
---------------------------------------
---------------------------------------
| time/                 |             |
|    fps                | 157         |
|    iterations         | 7900        |
|    time_elapsed       | 250         |
|    total_timesteps    | 39500       |
| train/                |             |
|    entropy_loss       | -3.93       |
|    explained_variance | 0           |
|    learning_rate      | 0.0002      |
|    n_updates          | 7899        |
|    policy_loss        | 0.0101      |
|    reward             | 0.014823264 |
|    std                | 1.73        |
|    value_loss         | 7.47e-05    |
---------------------------------------
EPISODE:  41
-----------------------------------------
| time/                 |               |
|    fps                | 157           |
|    iterations         | 8000          |
|    time_elapsed       | 253           |
|    total_timesteps    | 40000         |
| train/                |               |
|    entropy_loss       | -3.94         |
|    explained_variance | -0.267        |
|    learning_rate      | 0.0002        |
|    n_updates          | 7999          |
|    policy_loss        | -0.0366       |
|    reward             | -0.0024403105 |
|    std                | 1.74          |
|    value_loss         | 0.000152      |
-----------------------------------------
----------------------------------------
| time/                 |              |
|    fps                | 157          |
|    iterations         | 8100         |
|    time_elapsed       | 256          |
|    total_timesteps    | 40500        |
| train/                |              |
|    entropy_loss       | -3.95        |
|    explained_variance | -2.66        |
|    learning_rate      | 0.0002       |
|    n_updates          | 8099         |
|    policy_loss        | -0.0477      |
|    reward             | -0.004113116 |
|    std                | 1.75         |
|    value_loss         | 0.000529     |
----------------------------------------
EPISODE:  42
----------------------------------------
| time/                 |              |
|    fps                | 157          |
|    iterations         | 8200         |
|    time_elapsed       | 259          |
|    total_timesteps    | 41000        |
| train/                |              |
|    entropy_loss       | -3.97        |
|    explained_variance | 2.74e-06     |
|    learning_rate      | 0.0002       |
|    n_updates          | 8199         |
|    policy_loss        | -0.00438     |
|    reward             | -0.015169995 |
|    std                | 1.76         |
|    value_loss         | 8.03e-05     |
----------------------------------------
----------------------------------------
| time/                 |              |
|    fps                | 158          |
|    iterations         | 8300         |
|    time_elapsed       | 262          |
|    total_timesteps    | 41500        |
| train/                |              |
|    entropy_loss       | -3.97        |
|    explained_variance | -1.19e-07    |
|    learning_rate      | 0.0002       |
|    n_updates          | 8299         |
|    policy_loss        | -0.0136      |
|    reward             | -0.014080357 |
|    std                | 1.77         |
|    value_loss         | 1.39e-05     |
----------------------------------------
EPISODE:  43
----------------------------------------
| time/                 |              |
|    fps                | 158          |
|    iterations         | 8400         |
|    time_elapsed       | 265          |
|    total_timesteps    | 42000        |
| train/                |              |
|    entropy_loss       | -3.99        |
|    explained_variance | 0.706        |
|    learning_rate      | 0.0002       |
|    n_updates          | 8399         |
|    policy_loss        | -0.0408      |
|    reward             | -0.003978337 |
|    std                | 1.78         |
|    value_loss         | 0.000151     |
----------------------------------------
--------------------------------------
| time/                 |            |
|    fps                | 158        |
|    iterations         | 8500       |
|    time_elapsed       | 268        |
|    total_timesteps    | 42500      |
| train/                |            |
|    entropy_loss       | -3.99      |
|    explained_variance | 0          |
|    learning_rate      | 0.0002     |
|    n_updates          | 8499       |
|    policy_loss        | 0.0149     |
|    reward             | 0.00892777 |
|    std                | 1.78       |
|    value_loss         | 0.00015    |
--------------------------------------
EPISODE:  44
--------------------------------------
| time/                 |            |
|    fps                | 158        |
|    iterations         | 8600       |
|    time_elapsed       | 271        |
|    total_timesteps    | 43000      |
| train/                |            |
|    entropy_loss       | -4.01      |
|    explained_variance | 1.19e-07   |
|    learning_rate      | 0.0002     |
|    n_updates          | 8599       |
|    policy_loss        | 0.0181     |
|    reward             | 0.01235271 |
|    std                | 1.79       |
|    value_loss         | 2.83e-05   |
--------------------------------------
-------------------------------------
| time/                 |           |
|    fps                | 158       |
|    iterations         | 8700      |
|    time_elapsed       | 274       |
|    total_timesteps    | 43500     |
| train/                |           |
|    entropy_loss       | -4.02     |
|    explained_variance | 0         |
|    learning_rate      | 0.0002    |
|    n_updates          | 8699      |
|    policy_loss        | -0.0183   |
|    reward             | 0.0084505 |
|    std                | 1.8       |
|    value_loss         | 7.83e-05  |
-------------------------------------
EPISODE:  45
---------------------------------------
| time/                 |             |
|    fps                | 158         |
|    iterations         | 8800        |
|    time_elapsed       | 276         |
|    total_timesteps    | 44000       |
| train/                |             |
|    entropy_loss       | -4.03       |
|    explained_variance | 0.0636      |
|    learning_rate      | 0.0002      |
|    n_updates          | 8799        |
|    policy_loss        | -0.0531     |
|    reward             | -0.01080532 |
|    std                | 1.82        |
|    value_loss         | 0.000197    |
---------------------------------------
---------------------------------------
| time/                 |             |
|    fps                | 159         |
|    iterations         | 8900        |
|    time_elapsed       | 279         |
|    total_timesteps    | 44500       |
| train/                |             |
|    entropy_loss       | -4.05       |
|    explained_variance | 0           |
|    learning_rate      | 0.0002      |
|    n_updates          | 8899        |
|    policy_loss        | 0.0678      |
|    reward             | 0.014078665 |
|    std                | 1.83        |
|    value_loss         | 0.000469    |
---------------------------------------
EPISODE:  46
-----------------------------------------
| time/                 |               |
|    fps                | 159           |
|    iterations         | 9000          |
|    time_elapsed       | 282           |
|    total_timesteps    | 45000         |
| train/                |               |
|    entropy_loss       | -4.06         |
|    explained_variance | -5.01e-06     |
|    learning_rate      | 0.0002        |
|    n_updates          | 8999          |
|    policy_loss        | 0.0409        |
|    reward             | -0.0094438465 |
|    std                | 1.84          |
|    value_loss         | 0.00025       |
-----------------------------------------
-----------------------------------------
| time/                 |               |
|    fps                | 159           |
|    iterations         | 9100          |
|    time_elapsed       | 285           |
|    total_timesteps    | 45500         |
| train/                |               |
|    entropy_loss       | -4.07         |
|    explained_variance | 0.754         |
|    learning_rate      | 0.0002        |
|    n_updates          | 9099          |
|    policy_loss        | 0.0866        |
|    reward             | -0.0035602525 |
|    std                | 1.85          |
|    value_loss         | 0.000611      |
-----------------------------------------
EPISODE:  47
----------------------------------------
| time/                 |              |
|    fps                | 159          |
|    iterations         | 9200         |
|    time_elapsed       | 288          |
|    total_timesteps    | 46000        |
| train/                |              |
|    entropy_loss       | -4.08        |
|    explained_variance | 0.57         |
|    learning_rate      | 0.0002       |
|    n_updates          | 9199         |
|    policy_loss        | 0.0106       |
|    reward             | -0.013422761 |
|    std                | 1.86         |
|    value_loss         | 0.00014      |
----------------------------------------
----------------------------------------
| time/                 |              |
|    fps                | 159          |
|    iterations         | 9300         |
|    time_elapsed       | 291          |
|    total_timesteps    | 46500        |
| train/                |              |
|    entropy_loss       | -4.1         |
|    explained_variance | 4.95e-06     |
|    learning_rate      | 0.0002       |
|    n_updates          | 9299         |
|    policy_loss        | -0.13        |
|    reward             | -0.015106588 |
|    std                | 1.88         |
|    value_loss         | 0.0009       |
----------------------------------------
EPISODE:  48
----------------------------------------
| time/                 |              |
|    fps                | 159          |
|    iterations         | 9400         |
|    time_elapsed       | 294          |
|    total_timesteps    | 47000        |
| train/                |              |
|    entropy_loss       | -4.11        |
|    explained_variance | -1.19e-07    |
|    learning_rate      | 0.0002       |
|    n_updates          | 9399         |
|    policy_loss        | -0.119       |
|    reward             | 0.0023374315 |
|    std                | 1.89         |
|    value_loss         | 0.00114      |
----------------------------------------
-----------------------------------------
| time/                 |               |
|    fps                | 159           |
|    iterations         | 9500          |
|    time_elapsed       | 297           |
|    total_timesteps    | 47500         |
| train/                |               |
|    entropy_loss       | -4.12         |
|    explained_variance | 1.02e-05      |
|    learning_rate      | 0.0002        |
|    n_updates          | 9499          |
|    policy_loss        | 0.0171        |
|    reward             | -0.0030636129 |
|    std                | 1.9           |
|    value_loss         | 6.52e-05      |
-----------------------------------------
EPISODE:  49
---------------------------------------
| time/                 |             |
|    fps                | 159         |
|    iterations         | 9600        |
|    time_elapsed       | 300         |
|    total_timesteps    | 48000       |
| train/                |             |
|    entropy_loss       | -4.13       |
|    explained_variance | 0           |
|    learning_rate      | 0.0002      |
|    n_updates          | 9599        |
|    policy_loss        | 0.019       |
|    reward             | 0.014786292 |
|    std                | 1.91        |
|    value_loss         | 8.03e-05    |
---------------------------------------
---------------------------------------
| time/                 |             |
|    fps                | 159         |
|    iterations         | 9700        |
|    time_elapsed       | 303         |
|    total_timesteps    | 48500       |
| train/                |             |
|    entropy_loss       | -4.14       |
|    explained_variance | 0           |
|    learning_rate      | 0.0002      |
|    n_updates          | 9699        |
|    policy_loss        | 0.0449      |
|    reward             | 0.012874128 |
|    std                | 1.92        |
|    value_loss         | 0.000101    |
---------------------------------------
EPISODE:  50
---------------------------------------
| time/                 |             |
|    fps                | 159         |
|    iterations         | 9800        |
|    time_elapsed       | 306         |
|    total_timesteps    | 49000       |
| train/                |             |
|    entropy_loss       | -4.16       |
|    explained_variance | 0.849       |
|    learning_rate      | 0.0002      |
|    n_updates          | 9799        |
|    policy_loss        | 0.0366      |
|    reward             | 0.004400507 |
|    std                | 1.93        |
|    value_loss         | 8.49e-05    |
---------------------------------------
---------------------------------------
| time/                 |             |
|    fps                | 160         |
|    iterations         | 9900        |
|    time_elapsed       | 309         |
|    total_timesteps    | 49500       |
| train/                |             |
|    entropy_loss       | -4.17       |
|    explained_variance | -0.175      |
|    learning_rate      | 0.0002      |
|    n_updates          | 9899        |
|    policy_loss        | -0.0923     |
|    reward             | 0.010014105 |
|    std                | 1.95        |
|    value_loss         | 0.000669    |
---------------------------------------
EPISODE:  51
----------------------------------------
| time/                 |              |
|    fps                | 160          |
|    iterations         | 10000        |
|    time_elapsed       | 312          |
|    total_timesteps    | 50000        |
| train/                |              |
|    entropy_loss       | -4.19        |
|    explained_variance | 0            |
|    learning_rate      | 0.0002       |
|    n_updates          | 9999         |
|    policy_loss        | -0.0269      |
|    reward             | -0.013970358 |
|    std                | 1.97         |
|    value_loss         | 5.31e-05     |
----------------------------------------
Saved episode log to Results\250619_hc_binary_udp\a2c\periodic\training_logs\05.csv
