EPISODE:  0
{'n_steps': 5, 'ent_coef': 0.005, 'learning_rate': 0.0002}
Using cpu device
EPISODE:  1
----------------------------------------
| time/                 |              |
|    fps                | 94           |
|    iterations         | 100          |
|    time_elapsed       | 5            |
|    total_timesteps    | 500          |
| train/                |              |
|    entropy_loss       | -2.91        |
|    explained_variance | 0            |
|    learning_rate      | 0.0002       |
|    n_updates          | 99           |
|    policy_loss        | -0.00514     |
|    reward             | 0.0020325202 |
|    std                | 1.04         |
|    value_loss         | 3.31e-06     |
----------------------------------------
EPISODE:  2
---------------------------------------
| time/                 |             |
|    fps                | 108         |
|    iterations         | 200         |
|    time_elapsed       | 9           |
|    total_timesteps    | 1000        |
| train/                |             |
|    entropy_loss       | -2.94       |
|    explained_variance | -5.25       |
|    learning_rate      | 0.0002      |
|    n_updates          | 199         |
|    policy_loss        | -1.03       |
|    reward             | 0.001017294 |
|    std                | 1.05        |
|    value_loss         | 1.13        |
---------------------------------------
----------------------------------------
| time/                 |              |
|    fps                | 112          |
|    iterations         | 300          |
|    time_elapsed       | 13           |
|    total_timesteps    | 1500         |
| train/                |              |
|    entropy_loss       | -2.96        |
|    explained_variance | 0            |
|    learning_rate      | 0.0002       |
|    n_updates          | 299          |
|    policy_loss        | 0.00038      |
|    reward             | 0.0020703934 |
|    std                | 1.06         |
|    value_loss         | 1.03e-08     |
----------------------------------------
EPISODE:  3
----------------------------------------
| time/                 |              |
|    fps                | 115          |
|    iterations         | 400          |
|    time_elapsed       | 17           |
|    total_timesteps    | 2000         |
| train/                |              |
|    entropy_loss       | -2.98        |
|    explained_variance | 0            |
|    learning_rate      | 0.0002       |
|    n_updates          | 399          |
|    policy_loss        | 0.0242       |
|    reward             | 0.0010266941 |
|    std                | 1.08         |
|    value_loss         | 0.000116     |
----------------------------------------
----------------------------------------
| time/                 |              |
|    fps                | 116          |
|    iterations         | 500          |
|    time_elapsed       | 21           |
|    total_timesteps    | 2500         |
| train/                |              |
|    entropy_loss       | -3           |
|    explained_variance | -215         |
|    learning_rate      | 0.0002       |
|    n_updates          | 499          |
|    policy_loss        | 0.167        |
|    reward             | 0.0021097045 |
|    std                | 1.09         |
|    value_loss         | 0.00203      |
----------------------------------------
EPISODE:  4
----------------------------------------
| time/                 |              |
|    fps                | 114          |
|    iterations         | 600          |
|    time_elapsed       | 26           |
|    total_timesteps    | 3000         |
| train/                |              |
|    entropy_loss       | -3.02        |
|    explained_variance | 0            |
|    learning_rate      | 0.0002       |
|    n_updates          | 599          |
|    policy_loss        | 0.0194       |
|    reward             | 0.0010362695 |
|    std                | 1.1          |
|    value_loss         | 5.57e-05     |
----------------------------------------
----------------------------------------
| time/                 |              |
|    fps                | 113          |
|    iterations         | 700          |
|    time_elapsed       | 30           |
|    total_timesteps    | 3500         |
| train/                |              |
|    entropy_loss       | -3.04        |
|    explained_variance | 0            |
|    learning_rate      | 0.0002       |
|    n_updates          | 699          |
|    policy_loss        | -0.0104      |
|    reward             | 0.0021505377 |
|    std                | 1.11         |
|    value_loss         | 1.95e-05     |
----------------------------------------
EPISODE:  5
----------------------------------------
| time/                 |              |
|    fps                | 110          |
|    iterations         | 800          |
|    time_elapsed       | 36           |
|    total_timesteps    | 4000         |
| train/                |              |
|    entropy_loss       | -3.06        |
|    explained_variance | 0            |
|    learning_rate      | 0.0002       |
|    n_updates          | 799          |
|    policy_loss        | 0.0165       |
|    reward             | 0.0010460251 |
|    std                | 1.12         |
|    value_loss         | 4.81e-05     |
----------------------------------------
----------------------------------------
| time/                 |              |
|    fps                | 111          |
|    iterations         | 900          |
|    time_elapsed       | 40           |
|    total_timesteps    | 4500         |
| train/                |              |
|    entropy_loss       | -3.07        |
|    explained_variance | -8.5         |
|    learning_rate      | 0.0002       |
|    n_updates          | 899          |
|    policy_loss        | -0.000334    |
|    reward             | 0.0021929825 |
|    std                | 1.13         |
|    value_loss         | 9.05e-08     |
----------------------------------------
EPISODE:  6
----------------------------------------
| time/                 |              |
|    fps                | 111          |
|    iterations         | 1000         |
|    time_elapsed       | 44           |
|    total_timesteps    | 5000         |
| train/                |              |
|    entropy_loss       | -3.09        |
|    explained_variance | 1.19e-07     |
|    learning_rate      | 0.0002       |
|    n_updates          | 999          |
|    policy_loss        | -0.0111      |
|    reward             | 0.0010559662 |
|    std                | 1.13         |
|    value_loss         | 1.23e-05     |
----------------------------------------
----------------------------------------
| time/                 |              |
|    fps                | 111          |
|    iterations         | 1100         |
|    time_elapsed       | 49           |
|    total_timesteps    | 5500         |
| train/                |              |
|    entropy_loss       | -3.11        |
|    explained_variance | 0.000471     |
|    learning_rate      | 0.0002       |
|    n_updates          | 1099         |
|    policy_loss        | 0.00495      |
|    reward             | 0.0022371365 |
|    std                | 1.15         |
|    value_loss         | 3.48e-06     |
----------------------------------------
EPISODE:  7
----------------------------------------
| time/                 |              |
|    fps                | 111          |
|    iterations         | 1200         |
|    time_elapsed       | 53           |
|    total_timesteps    | 6000         |
| train/                |              |
|    entropy_loss       | -3.13        |
|    explained_variance | -1.19e-07    |
|    learning_rate      | 0.0002       |
|    n_updates          | 1199         |
|    policy_loss        | -0.00239     |
|    reward             | 0.0010660981 |
|    std                | 1.16         |
|    value_loss         | 9.33e-07     |
----------------------------------------
---------------------------------------
| time/                 |             |
|    fps                | 112         |
|    iterations         | 1300        |
|    time_elapsed       | 58          |
|    total_timesteps    | 6500        |
| train/                |             |
|    entropy_loss       | -3.15       |
|    explained_variance | 0.00033     |
|    learning_rate      | 0.0002      |
|    n_updates          | 1299        |
|    policy_loss        | 0.0141      |
|    reward             | 0.002283105 |
|    std                | 1.17        |
|    value_loss         | 1.69e-05    |
---------------------------------------
EPISODE:  8
----------------------------------------
| time/                 |              |
|    fps                | 112          |
|    iterations         | 1400         |
|    time_elapsed       | 62           |
|    total_timesteps    | 7000         |
| train/                |              |
|    entropy_loss       | -3.17        |
|    explained_variance | 0            |
|    learning_rate      | 0.0002       |
|    n_updates          | 1399         |
|    policy_loss        | -0.0149      |
|    reward             | 0.0010764262 |
|    std                | 1.18         |
|    value_loss         | 2.12e-05     |
----------------------------------------
----------------------------------------
| time/                 |              |
|    fps                | 112          |
|    iterations         | 1500         |
|    time_elapsed       | 66           |
|    total_timesteps    | 7500         |
| train/                |              |
|    entropy_loss       | -3.19        |
|    explained_variance | 0            |
|    learning_rate      | 0.0002       |
|    n_updates          | 1499         |
|    policy_loss        | 0.0131       |
|    reward             | 0.0023310024 |
|    std                | 1.19         |
|    value_loss         | 1.38e-05     |
----------------------------------------
EPISODE:  9
----------------------------------------
| time/                 |              |
|    fps                | 112          |
|    iterations         | 1600         |
|    time_elapsed       | 70           |
|    total_timesteps    | 8000         |
| train/                |              |
|    entropy_loss       | -3.21        |
|    explained_variance | -0.0832      |
|    learning_rate      | 0.0002       |
|    n_updates          | 1599         |
|    policy_loss        | 0.0119       |
|    reward             | 0.0010869565 |
|    std                | 1.2          |
|    value_loss         | 1.55e-05     |
----------------------------------------
----------------------------------------
| time/                 |              |
|    fps                | 113          |
|    iterations         | 1700         |
|    time_elapsed       | 75           |
|    total_timesteps    | 8500         |
| train/                |              |
|    entropy_loss       | -3.23        |
|    explained_variance | -447         |
|    learning_rate      | 0.0002       |
|    n_updates          | 1699         |
|    policy_loss        | 0.565        |
|    reward             | 0.0023809525 |
|    std                | 1.21         |
|    value_loss         | 0.0259       |
----------------------------------------
EPISODE:  10
----------------------------------------
| time/                 |              |
|    fps                | 113          |
|    iterations         | 1800         |
|    time_elapsed       | 79           |
|    total_timesteps    | 9000         |
| train/                |              |
|    entropy_loss       | -3.25        |
|    explained_variance | -0.000491    |
|    learning_rate      | 0.0002       |
|    n_updates          | 1799         |
|    policy_loss        | -0.000281    |
|    reward             | 0.0010976949 |
|    std                | 1.23         |
|    value_loss         | 1.41e-08     |
----------------------------------------
--------------------------------------
| time/                 |            |
|    fps                | 113        |
|    iterations         | 1900       |
|    time_elapsed       | 83         |
|    total_timesteps    | 9500       |
| train/                |            |
|    entropy_loss       | -3.27      |
|    explained_variance | 0          |
|    learning_rate      | 0.0002     |
|    n_updates          | 1899       |
|    policy_loss        | -0.0114    |
|    reward             | 0.00243309 |
|    std                | 1.24       |
|    value_loss         | 8.28e-06   |
--------------------------------------
EPISODE:  11
----------------------------------------
| time/                 |              |
|    fps                | 114          |
|    iterations         | 2000         |
|    time_elapsed       | 87           |
|    total_timesteps    | 10000        |
| train/                |              |
|    entropy_loss       | -3.29        |
|    explained_variance | 0            |
|    learning_rate      | 0.0002       |
|    n_updates          | 1999         |
|    policy_loss        | 0.00646      |
|    reward             | 0.0011086474 |
|    std                | 1.25         |
|    value_loss         | 5.93e-06     |
----------------------------------------
----------------------------------------
| time/                 |              |
|    fps                | 115          |
|    iterations         | 2100         |
|    time_elapsed       | 91           |
|    total_timesteps    | 10500        |
| train/                |              |
|    entropy_loss       | -3.31        |
|    explained_variance | -1.19e-07    |
|    learning_rate      | 0.0002       |
|    n_updates          | 2099         |
|    policy_loss        | -0.00121     |
|    reward             | 0.0024875621 |
|    std                | 1.26         |
|    value_loss         | 2.33e-07     |
----------------------------------------
EPISODE:  12
----------------------------------------
| time/                 |              |
|    fps                | 115          |
|    iterations         | 2200         |
|    time_elapsed       | 94           |
|    total_timesteps    | 11000        |
| train/                |              |
|    entropy_loss       | -3.33        |
|    explained_variance | 0            |
|    learning_rate      | 0.0002       |
|    n_updates          | 2199         |
|    policy_loss        | -0.0216      |
|    reward             | 0.0011198209 |
|    std                | 1.28         |
|    value_loss         | 3.86e-05     |
----------------------------------------
----------------------------------------
| time/                 |              |
|    fps                | 116          |
|    iterations         | 2300         |
|    time_elapsed       | 98           |
|    total_timesteps    | 11500        |
| train/                |              |
|    entropy_loss       | -3.34        |
|    explained_variance | -382         |
|    learning_rate      | 0.0002       |
|    n_updates          | 2299         |
|    policy_loss        | 0.0422       |
|    reward             | 0.0025445293 |
|    std                | 1.29         |
|    value_loss         | 0.000192     |
----------------------------------------
EPISODE:  13
----------------------------------------
| time/                 |              |
|    fps                | 116          |
|    iterations         | 2400         |
|    time_elapsed       | 102          |
|    total_timesteps    | 12000        |
| train/                |              |
|    entropy_loss       | -3.36        |
|    explained_variance | 0            |
|    learning_rate      | 0.0002       |
|    n_updates          | 2399         |
|    policy_loss        | -0.00211     |
|    reward             | 0.0011312218 |
|    std                | 1.3          |
|    value_loss         | 4.34e-07     |
----------------------------------------
-----------------------------------------
| time/                 |               |
|    fps                | 117           |
|    iterations         | 2500          |
|    time_elapsed       | 106           |
|    total_timesteps    | 12500         |
| train/                |               |
|    entropy_loss       | -3.38         |
|    explained_variance | 0.0022        |
|    learning_rate      | 0.0002        |
|    n_updates          | 2499          |
|    policy_loss        | -0.000599     |
|    reward             | -0.0026041667 |
|    std                | 1.31          |
|    value_loss         | 5.27e-08      |
-----------------------------------------
EPISODE:  14
----------------------------------------
| time/                 |              |
|    fps                | 118          |
|    iterations         | 2600         |
|    time_elapsed       | 110          |
|    total_timesteps    | 13000        |
| train/                |              |
|    entropy_loss       | -3.4         |
|    explained_variance | 5.96e-08     |
|    learning_rate      | 0.0002       |
|    n_updates          | 2599         |
|    policy_loss        | -0.00011     |
|    reward             | 0.0011428571 |
|    std                | 1.33         |
|    value_loss         | 1.62e-09     |
----------------------------------------
----------------------------------------
| time/                 |              |
|    fps                | 118          |
|    iterations         | 2700         |
|    time_elapsed       | 114          |
|    total_timesteps    | 13500        |
| train/                |              |
|    entropy_loss       | -3.42        |
|    explained_variance | 5.25e-06     |
|    learning_rate      | 0.0002       |
|    n_updates          | 2699         |
|    policy_loss        | -0.0209      |
|    reward             | 0.0026666666 |
|    std                | 1.34         |
|    value_loss         | 5.79e-05     |
----------------------------------------
EPISODE:  15
----------------------------------------
| time/                 |              |
|    fps                | 118          |
|    iterations         | 2800         |
|    time_elapsed       | 117          |
|    total_timesteps    | 14000        |
| train/                |              |
|    entropy_loss       | -3.44        |
|    explained_variance | 0            |
|    learning_rate      | 0.0002       |
|    n_updates          | 2799         |
|    policy_loss        | 0.000519     |
|    reward             | 0.0011547344 |
|    std                | 1.35         |
|    value_loss         | 2.77e-08     |
----------------------------------------
----------------------------------------
| time/                 |              |
|    fps                | 119          |
|    iterations         | 2900         |
|    time_elapsed       | 121          |
|    total_timesteps    | 14500        |
| train/                |              |
|    entropy_loss       | -3.46        |
|    explained_variance | -1.19e-07    |
|    learning_rate      | 0.0002       |
|    n_updates          | 2899         |
|    policy_loss        | -0.0476      |
|    reward             | 0.0027322404 |
|    std                | 1.36         |
|    value_loss         | 0.00017      |
----------------------------------------
EPISODE:  16
----------------------------------------
| time/                 |              |
|    fps                | 119          |
|    iterations         | 3000         |
|    time_elapsed       | 125          |
|    total_timesteps    | 15000        |
| train/                |              |
|    entropy_loss       | -3.47        |
|    explained_variance | -1.19e-07    |
|    learning_rate      | 0.0002       |
|    n_updates          | 2999         |
|    policy_loss        | 0.00274      |
|    reward             | 0.0011668612 |
|    std                | 1.37         |
|    value_loss         | 1.11e-06     |
----------------------------------------
----------------------------------------
| time/                 |              |
|    fps                | 120          |
|    iterations         | 3100         |
|    time_elapsed       | 129          |
|    total_timesteps    | 15500        |
| train/                |              |
|    entropy_loss       | -3.49        |
|    explained_variance | 0            |
|    learning_rate      | 0.0002       |
|    n_updates          | 3099         |
|    policy_loss        | -0.00977     |
|    reward             | 0.0028011205 |
|    std                | 1.38         |
|    value_loss         | 1.01e-05     |
----------------------------------------
EPISODE:  17
----------------------------------------
| time/                 |              |
|    fps                | 120          |
|    iterations         | 3200         |
|    time_elapsed       | 133          |
|    total_timesteps    | 16000        |
| train/                |              |
|    entropy_loss       | -3.5         |
|    explained_variance | 0            |
|    learning_rate      | 0.0002       |
|    n_updates          | 3199         |
|    policy_loss        | 0.00122      |
|    reward             | 0.0011792453 |
|    std                | 1.39         |
|    value_loss         | 1.49e-07     |
----------------------------------------
----------------------------------------
| time/                 |              |
|    fps                | 120          |
|    iterations         | 3300         |
|    time_elapsed       | 137          |
|    total_timesteps    | 16500        |
| train/                |              |
|    entropy_loss       | -3.52        |
|    explained_variance | 0            |
|    learning_rate      | 0.0002       |
|    n_updates          | 3299         |
|    policy_loss        | -0.00333     |
|    reward             | 0.0028735632 |
|    std                | 1.41         |
|    value_loss         | 1.05e-06     |
----------------------------------------
EPISODE:  18
----------------------------------------
| time/                 |              |
|    fps                | 120          |
|    iterations         | 3400         |
|    time_elapsed       | 141          |
|    total_timesteps    | 17000        |
| train/                |              |
|    entropy_loss       | -3.53        |
|    explained_variance | 0            |
|    learning_rate      | 0.0002       |
|    n_updates          | 3399         |
|    policy_loss        | 0.000622     |
|    reward             | 0.0011918951 |
|    std                | 1.42         |
|    value_loss         | 5.17e-08     |
----------------------------------------
----------------------------------------
| time/                 |              |
|    fps                | 120          |
|    iterations         | 3500         |
|    time_elapsed       | 145          |
|    total_timesteps    | 17500        |
| train/                |              |
|    entropy_loss       | -3.55        |
|    explained_variance | -0.0825      |
|    learning_rate      | 0.0002       |
|    n_updates          | 3499         |
|    policy_loss        | 0.000693     |
|    reward             | 0.0029498525 |
|    std                | 1.43         |
|    value_loss         | 4.85e-08     |
----------------------------------------
EPISODE:  19
----------------------------------------
| time/                 |              |
|    fps                | 120          |
|    iterations         | 3600         |
|    time_elapsed       | 148          |
|    total_timesteps    | 18000        |
| train/                |              |
|    entropy_loss       | -3.57        |
|    explained_variance | 0            |
|    learning_rate      | 0.0002       |
|    n_updates          | 3599         |
|    policy_loss        | 0.000683     |
|    reward             | 0.0012048193 |
|    std                | 1.44         |
|    value_loss         | 3.89e-08     |
----------------------------------------
---------------------------------------
| time/                 |             |
|    fps                | 120         |
|    iterations         | 3700        |
|    time_elapsed       | 153         |
|    total_timesteps    | 18500       |
| train/                |             |
|    entropy_loss       | -3.59       |
|    explained_variance | 0           |
|    learning_rate      | 0.0002      |
|    n_updates          | 3699        |
|    policy_loss        | -0.131      |
|    reward             | 0.003030303 |
|    std                | 1.46        |
|    value_loss         | 0.00203     |
---------------------------------------
EPISODE:  20
----------------------------------------
| time/                 |              |
|    fps                | 121          |
|    iterations         | 3800         |
|    time_elapsed       | 156          |
|    total_timesteps    | 19000        |
| train/                |              |
|    entropy_loss       | -3.61        |
|    explained_variance | 0            |
|    learning_rate      | 0.0002       |
|    n_updates          | 3799         |
|    policy_loss        | 0.0154       |
|    reward             | 0.0012180269 |
|    std                | 1.47         |
|    value_loss         | 2.85e-05     |
----------------------------------------
----------------------------------------
| time/                 |              |
|    fps                | 121          |
|    iterations         | 3900         |
|    time_elapsed       | 160          |
|    total_timesteps    | 19500        |
| train/                |              |
|    entropy_loss       | -3.63        |
|    explained_variance | 1.19e-07     |
|    learning_rate      | 0.0002       |
|    n_updates          | 3899         |
|    policy_loss        | -0.0499      |
|    reward             | 0.0031152647 |
|    std                | 1.49         |
|    value_loss         | 0.000295     |
----------------------------------------
EPISODE:  21
----------------------------------------
| time/                 |              |
|    fps                | 121          |
|    iterations         | 4000         |
|    time_elapsed       | 164          |
|    total_timesteps    | 20000        |
| train/                |              |
|    entropy_loss       | -3.64        |
|    explained_variance | -8.11        |
|    learning_rate      | 0.0002       |
|    n_updates          | 3999         |
|    policy_loss        | -0.0584      |
|    reward             | 0.0012315271 |
|    std                | 1.5          |
|    value_loss         | 0.000212     |
----------------------------------------
----------------------------------------
| time/                 |              |
|    fps                | 121          |
|    iterations         | 4100         |
|    time_elapsed       | 168          |
|    total_timesteps    | 20500        |
| train/                |              |
|    entropy_loss       | -3.66        |
|    explained_variance | 0            |
|    learning_rate      | 0.0002       |
|    n_updates          | 4099         |
|    policy_loss        | -0.0166      |
|    reward             | 0.0032051282 |
|    std                | 1.51         |
|    value_loss         | 2.96e-05     |
----------------------------------------
EPISODE:  22
--------------------------------------
| time/                 |            |
|    fps                | 122        |
|    iterations         | 4200       |
|    time_elapsed       | 171        |
|    total_timesteps    | 21000      |
| train/                |            |
|    entropy_loss       | -3.67      |
|    explained_variance | -0.107     |
|    learning_rate      | 0.0002     |
|    n_updates          | 4199       |
|    policy_loss        | 0.00803    |
|    reward             | 0.00124533 |
|    std                | 1.52       |
|    value_loss         | 7.17e-06   |
--------------------------------------
----------------------------------------
| time/                 |              |
|    fps                | 122          |
|    iterations         | 4300         |
|    time_elapsed       | 175          |
|    total_timesteps    | 21500        |
| train/                |              |
|    entropy_loss       | -3.69        |
|    explained_variance | 0            |
|    learning_rate      | 0.0002       |
|    n_updates          | 4299         |
|    policy_loss        | -0.00794     |
|    reward             | 0.0033003301 |
|    std                | 1.54         |
|    value_loss         | 3.24e-06     |
----------------------------------------
EPISODE:  23
----------------------------------------
| time/                 |              |
|    fps                | 122          |
|    iterations         | 4400         |
|    time_elapsed       | 179          |
|    total_timesteps    | 22000        |
| train/                |              |
|    entropy_loss       | -3.71        |
|    explained_variance | 0            |
|    learning_rate      | 0.0002       |
|    n_updates          | 4399         |
|    policy_loss        | -0.00475     |
|    reward             | 0.0012594458 |
|    std                | 1.55         |
|    value_loss         | 1.8e-06      |
----------------------------------------
----------------------------------------
| time/                 |              |
|    fps                | 122          |
|    iterations         | 4500         |
|    time_elapsed       | 183          |
|    total_timesteps    | 22500        |
| train/                |              |
|    entropy_loss       | -3.73        |
|    explained_variance | 5.96e-07     |
|    learning_rate      | 0.0002       |
|    n_updates          | 4499         |
|    policy_loss        | 0.000336     |
|    reward             | 0.0034013605 |
|    std                | 1.56         |
|    value_loss         | 8.13e-09     |
----------------------------------------
EPISODE:  24
----------------------------------------
| time/                 |              |
|    fps                | 122          |
|    iterations         | 4600         |
|    time_elapsed       | 187          |
|    total_timesteps    | 23000        |
| train/                |              |
|    entropy_loss       | -3.75        |
|    explained_variance | -1.19e-07    |
|    learning_rate      | 0.0002       |
|    n_updates          | 4599         |
|    policy_loss        | -0.00762     |
|    reward             | 0.0012738854 |
|    std                | 1.58         |
|    value_loss         | 4.56e-06     |
----------------------------------------
---------------------------------------
| time/                 |             |
|    fps                | 122         |
|    iterations         | 4700        |
|    time_elapsed       | 191         |
|    total_timesteps    | 23500       |
| train/                |             |
|    entropy_loss       | -3.77       |
|    explained_variance | 0           |
|    learning_rate      | 0.0002      |
|    n_updates          | 4699        |
|    policy_loss        | 0.00228     |
|    reward             | 0.003508772 |
|    std                | 1.59        |
|    value_loss         | 5.54e-07    |
---------------------------------------
EPISODE:  25
----------------------------------------
| time/                 |              |
|    fps                | 122          |
|    iterations         | 4800         |
|    time_elapsed       | 195          |
|    total_timesteps    | 24000        |
| train/                |              |
|    entropy_loss       | -3.78        |
|    explained_variance | -1.19e-07    |
|    learning_rate      | 0.0002       |
|    n_updates          | 4799         |
|    policy_loss        | 0.00104      |
|    reward             | 0.0012886598 |
|    std                | 1.61         |
|    value_loss         | 1.17e-07     |
----------------------------------------
----------------------------------------
| time/                 |              |
|    fps                | 122          |
|    iterations         | 4900         |
|    time_elapsed       | 199          |
|    total_timesteps    | 24500        |
| train/                |              |
|    entropy_loss       | -3.8         |
|    explained_variance | 0            |
|    learning_rate      | 0.0002       |
|    n_updates          | 4899         |
|    policy_loss        | 0.0033       |
|    reward             | 0.0036231885 |
|    std                | 1.62         |
|    value_loss         | 8.87e-07     |
----------------------------------------
EPISODE:  26
----------------------------------------
| time/                 |              |
|    fps                | 122          |
|    iterations         | 5000         |
|    time_elapsed       | 203          |
|    total_timesteps    | 25000        |
| train/                |              |
|    entropy_loss       | -3.82        |
|    explained_variance | 0            |
|    learning_rate      | 0.0002       |
|    n_updates          | 4999         |
|    policy_loss        | 0.000973     |
|    reward             | 0.0013037809 |
|    std                | 1.64         |
|    value_loss         | 8.02e-08     |
----------------------------------------
----------------------------------------
| time/                 |              |
|    fps                | 122          |
|    iterations         | 5100         |
|    time_elapsed       | 207          |
|    total_timesteps    | 25500        |
| train/                |              |
|    entropy_loss       | -3.84        |
|    explained_variance | -1.19e-07    |
|    learning_rate      | 0.0002       |
|    n_updates          | 5099         |
|    policy_loss        | 0.00335      |
|    reward             | 0.0037453184 |
|    std                | 1.65         |
|    value_loss         | 1.06e-06     |
----------------------------------------
EPISODE:  27
----------------------------------------
| time/                 |              |
|    fps                | 122          |
|    iterations         | 5200         |
|    time_elapsed       | 212          |
|    total_timesteps    | 26000        |
| train/                |              |
|    entropy_loss       | -3.86        |
|    explained_variance | 1.19e-07     |
|    learning_rate      | 0.0002       |
|    n_updates          | 5199         |
|    policy_loss        | 0.000462     |
|    reward             | 0.0013192613 |
|    std                | 1.67         |
|    value_loss         | 2.16e-08     |
----------------------------------------
---------------------------------------
| time/                 |             |
|    fps                | 122         |
|    iterations         | 5300        |
|    time_elapsed       | 216         |
|    total_timesteps    | 26500       |
| train/                |             |
|    entropy_loss       | -3.88       |
|    explained_variance | 0           |
|    learning_rate      | 0.0002      |
|    n_updates          | 5299        |
|    policy_loss        | 0.00465     |
|    reward             | 0.003875969 |
|    std                | 1.69        |
|    value_loss         | 2.19e-06    |
---------------------------------------
EPISODE:  28
----------------------------------------
| time/                 |              |
|    fps                | 122          |
|    iterations         | 5400         |
|    time_elapsed       | 220          |
|    total_timesteps    | 27000        |
| train/                |              |
|    entropy_loss       | -3.9         |
|    explained_variance | 0            |
|    learning_rate      | 0.0002       |
|    n_updates          | 5399         |
|    policy_loss        | -0.00721     |
|    reward             | 0.0013351135 |
|    std                | 1.7          |
|    value_loss         | 6.04e-06     |
----------------------------------------
---------------------------------------
| time/                 |             |
|    fps                | 122         |
|    iterations         | 5500        |
|    time_elapsed       | 224         |
|    total_timesteps    | 27500       |
| train/                |             |
|    entropy_loss       | -3.92       |
|    explained_variance | 0           |
|    learning_rate      | 0.0002      |
|    n_updates          | 5499        |
|    policy_loss        | 0.00694     |
|    reward             | 0.004016064 |
|    std                | 1.72        |
|    value_loss         | 4.11e-06    |
---------------------------------------
EPISODE:  29
----------------------------------------
| time/                 |              |
|    fps                | 122          |
|    iterations         | 5600         |
|    time_elapsed       | 227          |
|    total_timesteps    | 28000        |
| train/                |              |
|    entropy_loss       | -3.94        |
|    explained_variance | -1.19e-07    |
|    learning_rate      | 0.0002       |
|    n_updates          | 5599         |
|    policy_loss        | 0.000791     |
|    reward             | 0.0013513514 |
|    std                | 1.73         |
|    value_loss         | 4.59e-08     |
----------------------------------------
---------------------------------------
| time/                 |             |
|    fps                | 122         |
|    iterations         | 5700        |
|    time_elapsed       | 231         |
|    total_timesteps    | 28500       |
| train/                |             |
|    entropy_loss       | -3.95       |
|    explained_variance | 0           |
|    learning_rate      | 0.0002      |
|    n_updates          | 5699        |
|    policy_loss        | 0.00595     |
|    reward             | 0.004166667 |
|    std                | 1.74        |
|    value_loss         | 1.6e-06     |
---------------------------------------
EPISODE:  30
----------------------------------------
| time/                 |              |
|    fps                | 122          |
|    iterations         | 5800         |
|    time_elapsed       | 235          |
|    total_timesteps    | 29000        |
| train/                |              |
|    entropy_loss       | -3.96        |
|    explained_variance | 0            |
|    learning_rate      | 0.0002       |
|    n_updates          | 5799         |
|    policy_loss        | -0.0206      |
|    reward             | 0.0013679891 |
|    std                | 1.75         |
|    value_loss         | 2.98e-05     |
----------------------------------------
----------------------------------------
| time/                 |              |
|    fps                | 122          |
|    iterations         | 5900         |
|    time_elapsed       | 240          |
|    total_timesteps    | 29500        |
| train/                |              |
|    entropy_loss       | -3.97        |
|    explained_variance | -1.19e-07    |
|    learning_rate      | 0.0002       |
|    n_updates          | 5899         |
|    policy_loss        | -0.0218      |
|    reward             | 0.0043290043 |
|    std                | 1.76         |
|    value_loss         | 3.83e-05     |
----------------------------------------
EPISODE:  31
----------------------------------------
| time/                 |              |
|    fps                | 122          |
|    iterations         | 6000         |
|    time_elapsed       | 244          |
|    total_timesteps    | 30000        |
| train/                |              |
|    entropy_loss       | -3.99        |
|    explained_variance | 0.000583     |
|    learning_rate      | 0.0002       |
|    n_updates          | 5999         |
|    policy_loss        | -0.00196     |
|    reward             | 0.0013850415 |
|    std                | 1.78         |
|    value_loss         | 3.93e-07     |
----------------------------------------
----------------------------------------
| time/                 |              |
|    fps                | 122          |
|    iterations         | 6100         |
|    time_elapsed       | 248          |
|    total_timesteps    | 30500        |
| train/                |              |
|    entropy_loss       | -4.01        |
|    explained_variance | 1.19e-07     |
|    learning_rate      | 0.0002       |
|    n_updates          | 6099         |
|    policy_loss        | 0.00564      |
|    reward             | 0.0045045046 |
|    std                | 1.8          |
|    value_loss         | 2.54e-06     |
----------------------------------------
EPISODE:  32
----------------------------------------
| time/                 |              |
|    fps                | 123          |
|    iterations         | 6200         |
|    time_elapsed       | 252          |
|    total_timesteps    | 31000        |
| train/                |              |
|    entropy_loss       | -4.03        |
|    explained_variance | 0            |
|    learning_rate      | 0.0002       |
|    n_updates          | 6199         |
|    policy_loss        | -0.00504     |
|    reward             | 0.0014025245 |
|    std                | 1.82         |
|    value_loss         | 2.49e-06     |
----------------------------------------
----------------------------------------
| time/                 |              |
|    fps                | 123          |
|    iterations         | 6300         |
|    time_elapsed       | 255          |
|    total_timesteps    | 31500        |
| train/                |              |
|    entropy_loss       | -4.05        |
|    explained_variance | 0            |
|    learning_rate      | 0.0002       |
|    n_updates          | 6299         |
|    policy_loss        | 0.00446      |
|    reward             | 0.0046948357 |
|    std                | 1.84         |
|    value_loss         | 1.99e-06     |
----------------------------------------
EPISODE:  33
----------------------------------------
| time/                 |              |
|    fps                | 123          |
|    iterations         | 6400         |
|    time_elapsed       | 259          |
|    total_timesteps    | 32000        |
| train/                |              |
|    entropy_loss       | -4.07        |
|    explained_variance | -345         |
|    learning_rate      | 0.0002       |
|    n_updates          | 6399         |
|    policy_loss        | 4.09         |
|    reward             | 0.0014204546 |
|    std                | 1.85         |
|    value_loss         | 1.4          |
----------------------------------------
---------------------------------------
| time/                 |             |
|    fps                | 123         |
|    iterations         | 6500        |
|    time_elapsed       | 263         |
|    total_timesteps    | 32500       |
| train/                |             |
|    entropy_loss       | -4.08       |
|    explained_variance | -1.19e-07   |
|    learning_rate      | 0.0002      |
|    n_updates          | 6499        |
|    policy_loss        | 0.00535     |
|    reward             | 0.004901961 |
|    std                | 1.86        |
|    value_loss         | 2.49e-06    |
---------------------------------------
EPISODE:  34
----------------------------------------
| time/                 |              |
|    fps                | 123          |
|    iterations         | 6600         |
|    time_elapsed       | 267          |
|    total_timesteps    | 33000        |
| train/                |              |
|    entropy_loss       | -4.1         |
|    explained_variance | 0            |
|    learning_rate      | 0.0002       |
|    n_updates          | 6599         |
|    policy_loss        | -0.0941      |
|    reward             | 0.0014388489 |
|    std                | 1.88         |
|    value_loss         | 0.000632     |
----------------------------------------
----------------------------------------
| time/                 |              |
|    fps                | 123          |
|    iterations         | 6700         |
|    time_elapsed       | 271          |
|    total_timesteps    | 33500        |
| train/                |              |
|    entropy_loss       | -4.12        |
|    explained_variance | 0            |
|    learning_rate      | 0.0002       |
|    n_updates          | 6699         |
|    policy_loss        | 0.00628      |
|    reward             | 0.0051282053 |
|    std                | 1.9          |
|    value_loss         | 2.41e-06     |
----------------------------------------
EPISODE:  35
---------------------------------------
| time/                 |             |
|    fps                | 123         |
|    iterations         | 6800        |
|    time_elapsed       | 274         |
|    total_timesteps    | 34000       |
| train/                |             |
|    entropy_loss       | -4.13       |
|    explained_variance | 0           |
|    learning_rate      | 0.0002      |
|    n_updates          | 6799        |
|    policy_loss        | -0.0365     |
|    reward             | 0.001457726 |
|    std                | 1.91        |
|    value_loss         | 0.000108    |
---------------------------------------
---------------------------------------
| time/                 |             |
|    fps                | 123         |
|    iterations         | 6900        |
|    time_elapsed       | 278         |
|    total_timesteps    | 34500       |
| train/                |             |
|    entropy_loss       | -4.15       |
|    explained_variance | 0           |
|    learning_rate      | 0.0002      |
|    n_updates          | 6899        |
|    policy_loss        | 0.00731     |
|    reward             | 0.005376344 |
|    std                | 1.93        |
|    value_loss         | 2.89e-06    |
---------------------------------------
EPISODE:  36
----------------------------------------
| time/                 |              |
|    fps                | 123          |
|    iterations         | 7000         |
|    time_elapsed       | 282          |
|    total_timesteps    | 35000        |
| train/                |              |
|    entropy_loss       | -4.17        |
|    explained_variance | 0            |
|    learning_rate      | 0.0002       |
|    n_updates          | 6999         |
|    policy_loss        | -0.205       |
|    reward             | 0.0014771048 |
|    std                | 1.95         |
|    value_loss         | 0.00159      |
----------------------------------------
----------------------------------------
| time/                 |              |
|    fps                | 124          |
|    iterations         | 7100         |
|    time_elapsed       | 286          |
|    total_timesteps    | 35500        |
| train/                |              |
|    entropy_loss       | -4.19        |
|    explained_variance | 0            |
|    learning_rate      | 0.0002       |
|    n_updates          | 7099         |
|    policy_loss        | 0.00787      |
|    reward             | 0.0056497175 |
|    std                | 1.97         |
|    value_loss         | 3.7e-06      |
----------------------------------------
EPISODE:  37
---------------------------------------
| time/                 |             |
|    fps                | 124         |
|    iterations         | 7200        |
|    time_elapsed       | 289         |
|    total_timesteps    | 36000       |
| train/                |             |
|    entropy_loss       | -4.21       |
|    explained_variance | 0           |
|    learning_rate      | 0.0002      |
|    n_updates          | 7199        |
|    policy_loss        | -0.0643     |
|    reward             | 0.001497006 |
|    std                | 1.99        |
|    value_loss         | 0.000281    |
---------------------------------------
---------------------------------------
| time/                 |             |
|    fps                | 124         |
|    iterations         | 7300        |
|    time_elapsed       | 293         |
|    total_timesteps    | 36500       |
| train/                |             |
|    entropy_loss       | -4.23       |
|    explained_variance | 0           |
|    learning_rate      | 0.0002      |
|    n_updates          | 7299        |
|    policy_loss        | 0.00828     |
|    reward             | 0.005952381 |
|    std                | 2.01        |
|    value_loss         | 3.89e-06    |
---------------------------------------
EPISODE:  38
----------------------------------------
| time/                 |              |
|    fps                | 124          |
|    iterations         | 7400         |
|    time_elapsed       | 297          |
|    total_timesteps    | 37000        |
| train/                |              |
|    entropy_loss       | -4.25        |
|    explained_variance | 0            |
|    learning_rate      | 0.0002       |
|    n_updates          | 7399         |
|    policy_loss        | -0.0215      |
|    reward             | 0.0015174507 |
|    std                | 2.03         |
|    value_loss         | 2.46e-05     |
----------------------------------------
---------------------------------------
| time/                 |             |
|    fps                | 124         |
|    iterations         | 7500        |
|    time_elapsed       | 301         |
|    total_timesteps    | 37500       |
| train/                |             |
|    entropy_loss       | -4.27       |
|    explained_variance | 5.96e-08    |
|    learning_rate      | 0.0002      |
|    n_updates          | 7499        |
|    policy_loss        | 0.00908     |
|    reward             | 0.006289308 |
|    std                | 2.05        |
|    value_loss         | 4.4e-06     |
---------------------------------------
EPISODE:  39
----------------------------------------
| time/                 |              |
|    fps                | 124          |
|    iterations         | 7600         |
|    time_elapsed       | 305          |
|    total_timesteps    | 38000        |
| train/                |              |
|    entropy_loss       | -4.29        |
|    explained_variance | 0            |
|    learning_rate      | 0.0002       |
|    n_updates          | 7599         |
|    policy_loss        | -0.00563     |
|    reward             | 0.0015384615 |
|    std                | 2.06         |
|    value_loss         | 2.48e-06     |
----------------------------------------
---------------------------------------
| time/                 |             |
|    fps                | 124         |
|    iterations         | 7700        |
|    time_elapsed       | 309         |
|    total_timesteps    | 38500       |
| train/                |             |
|    entropy_loss       | -4.31       |
|    explained_variance | 0           |
|    learning_rate      | 0.0002      |
|    n_updates          | 7699        |
|    policy_loss        | 0.00871     |
|    reward             | 0.006666667 |
|    std                | 2.08        |
|    value_loss         | 5.04e-06    |
---------------------------------------
EPISODE:  40
----------------------------------------
| time/                 |              |
|    fps                | 124          |
|    iterations         | 7800         |
|    time_elapsed       | 312          |
|    total_timesteps    | 39000        |
| train/                |              |
|    entropy_loss       | -4.32        |
|    explained_variance | 0            |
|    learning_rate      | 0.0002       |
|    n_updates          | 7799         |
|    policy_loss        | -0.00113     |
|    reward             | 0.0015600624 |
|    std                | 2.1          |
|    value_loss         | 1.02e-07     |
----------------------------------------
----------------------------------------
| time/                 |              |
|    fps                | 124          |
|    iterations         | 7900         |
|    time_elapsed       | 316          |
|    total_timesteps    | 39500        |
| train/                |              |
|    entropy_loss       | -4.34        |
|    explained_variance | 0            |
|    learning_rate      | 0.0002       |
|    n_updates          | 7899         |
|    policy_loss        | 0.00908      |
|    reward             | 0.0070921984 |
|    std                | 2.12         |
|    value_loss         | 5.73e-06     |
----------------------------------------
EPISODE:  41
----------------------------------------
| time/                 |              |
|    fps                | 124          |
|    iterations         | 8000         |
|    time_elapsed       | 320          |
|    total_timesteps    | 40000        |
| train/                |              |
|    entropy_loss       | -4.36        |
|    explained_variance | 0            |
|    learning_rate      | 0.0002       |
|    n_updates          | 7999         |
|    policy_loss        | 0.000352     |
|    reward             | 0.0015822785 |
|    std                | 2.14         |
|    value_loss         | 7.48e-09     |
----------------------------------------
---------------------------------------
| time/                 |             |
|    fps                | 124         |
|    iterations         | 8100        |
|    time_elapsed       | 324         |
|    total_timesteps    | 40500       |
| train/                |             |
|    entropy_loss       | -4.38       |
|    explained_variance | 0           |
|    learning_rate      | 0.0002      |
|    n_updates          | 8099        |
|    policy_loss        | 0.0102      |
|    reward             | 0.007575758 |
|    std                | 2.16        |
|    value_loss         | 6.17e-06    |
---------------------------------------
EPISODE:  42
----------------------------------------
| time/                 |              |
|    fps                | 124          |
|    iterations         | 8200         |
|    time_elapsed       | 328          |
|    total_timesteps    | 41000        |
| train/                |              |
|    entropy_loss       | -4.39        |
|    explained_variance | 0            |
|    learning_rate      | 0.0002       |
|    n_updates          | 8199         |
|    policy_loss        | 0.000888     |
|    reward             | 0.0016051364 |
|    std                | 2.17         |
|    value_loss         | 5.32e-08     |
----------------------------------------
---------------------------------------
| time/                 |             |
|    fps                | 124         |
|    iterations         | 8300        |
|    time_elapsed       | 332         |
|    total_timesteps    | 41500       |
| train/                |             |
|    entropy_loss       | -4.41       |
|    explained_variance | 0           |
|    learning_rate      | 0.0002      |
|    n_updates          | 8299        |
|    policy_loss        | 0.0134      |
|    reward             | 0.008130081 |
|    std                | 2.19        |
|    value_loss         | 9.57e-06    |
---------------------------------------
EPISODE:  43
----------------------------------------
| time/                 |              |
|    fps                | 124          |
|    iterations         | 8400         |
|    time_elapsed       | 336          |
|    total_timesteps    | 42000        |
| train/                |              |
|    entropy_loss       | -4.42        |
|    explained_variance | -1.19e-07    |
|    learning_rate      | 0.0002       |
|    n_updates          | 8399         |
|    policy_loss        | 0.000741     |
|    reward             | 0.0016286644 |
|    std                | 2.21         |
|    value_loss         | 4.1e-08      |
----------------------------------------
--------------------------------------
| time/                 |            |
|    fps                | 125        |
|    iterations         | 8500       |
|    time_elapsed       | 339        |
|    total_timesteps    | 42500      |
| train/                |            |
|    entropy_loss       | -4.43      |
|    explained_variance | 0          |
|    learning_rate      | 0.0002     |
|    n_updates          | 8499       |
|    policy_loss        | 0.0136     |
|    reward             | 0.00877193 |
|    std                | 2.22       |
|    value_loss         | 9.84e-06   |
--------------------------------------
EPISODE:  44
----------------------------------------
| time/                 |              |
|    fps                | 125          |
|    iterations         | 8600         |
|    time_elapsed       | 343          |
|    total_timesteps    | 43000        |
| train/                |              |
|    entropy_loss       | -4.44        |
|    explained_variance | 0            |
|    learning_rate      | 0.0002       |
|    n_updates          | 8599         |
|    policy_loss        | 0.00114      |
|    reward             | 0.0016528926 |
|    std                | 2.23         |
|    value_loss         | 8.77e-08     |
----------------------------------------
--------------------------------------
| time/                 |            |
|    fps                | 125        |
|    iterations         | 8700       |
|    time_elapsed       | 347        |
|    total_timesteps    | 43500      |
| train/                |            |
|    entropy_loss       | -4.46      |
|    explained_variance | 0          |
|    learning_rate      | 0.0002     |
|    n_updates          | 8699       |
|    policy_loss        | 0.0151     |
|    reward             | 0.00952381 |
|    std                | 2.25       |
|    value_loss         | 1.2e-05    |
--------------------------------------
EPISODE:  45
----------------------------------------
| time/                 |              |
|    fps                | 125          |
|    iterations         | 8800         |
|    time_elapsed       | 351          |
|    total_timesteps    | 44000        |
| train/                |              |
|    entropy_loss       | -4.48        |
|    explained_variance | 0            |
|    learning_rate      | 0.0002       |
|    n_updates          | 8799         |
|    policy_loss        | 0.000768     |
|    reward             | 0.0016778524 |
|    std                | 2.28         |
|    value_loss         | 4.29e-08     |
----------------------------------------
---------------------------------------
| time/                 |             |
|    fps                | 125         |
|    iterations         | 8900        |
|    time_elapsed       | 355         |
|    total_timesteps    | 44500       |
| train/                |             |
|    entropy_loss       | -4.5        |
|    explained_variance | 0           |
|    learning_rate      | 0.0002      |
|    n_updates          | 8899        |
|    policy_loss        | 0.0181      |
|    reward             | 0.010416667 |
|    std                | 2.3         |
|    value_loss         | 1.5e-05     |
---------------------------------------
EPISODE:  46
----------------------------------------
| time/                 |              |
|    fps                | 125          |
|    iterations         | 9000         |
|    time_elapsed       | 359          |
|    total_timesteps    | 45000        |
| train/                |              |
|    entropy_loss       | -4.52        |
|    explained_variance | 0            |
|    learning_rate      | 0.0002       |
|    n_updates          | 8999         |
|    policy_loss        | 0.00192      |
|    reward             | 0.0017035775 |
|    std                | 2.32         |
|    value_loss         | 2.52e-07     |
----------------------------------------
---------------------------------------
| time/                 |             |
|    fps                | 125         |
|    iterations         | 9100        |
|    time_elapsed       | 363         |
|    total_timesteps    | 45500       |
| train/                |             |
|    entropy_loss       | -4.54       |
|    explained_variance | 0           |
|    learning_rate      | 0.0002      |
|    n_updates          | 9099        |
|    policy_loss        | 0.0213      |
|    reward             | 0.011494253 |
|    std                | 2.35        |
|    value_loss         | 2.84e-05    |
---------------------------------------
EPISODE:  47
----------------------------------------
| time/                 |              |
|    fps                | 125          |
|    iterations         | 9200         |
|    time_elapsed       | 366          |
|    total_timesteps    | 46000        |
| train/                |              |
|    entropy_loss       | -4.56        |
|    explained_variance | 0            |
|    learning_rate      | 0.0002       |
|    n_updates          | 9199         |
|    policy_loss        | 0.000952     |
|    reward             | 0.0017301039 |
|    std                | 2.37         |
|    value_loss         | 6.09e-08     |
----------------------------------------
---------------------------------------
| time/                 |             |
|    fps                | 125         |
|    iterations         | 9300        |
|    time_elapsed       | 370         |
|    total_timesteps    | 46500       |
| train/                |             |
|    entropy_loss       | -4.58       |
|    explained_variance | 5.96e-08    |
|    learning_rate      | 0.0002      |
|    n_updates          | 9299        |
|    policy_loss        | 0.0428      |
|    reward             | 0.012820513 |
|    std                | 2.39        |
|    value_loss         | 7.18e-05    |
---------------------------------------
EPISODE:  48
----------------------------------------
| time/                 |              |
|    fps                | 125          |
|    iterations         | 9400         |
|    time_elapsed       | 374          |
|    total_timesteps    | 47000        |
| train/                |              |
|    entropy_loss       | -4.6         |
|    explained_variance | 0            |
|    learning_rate      | 0.0002       |
|    n_updates          | 9399         |
|    policy_loss        | 0.000933     |
|    reward             | 0.0017574693 |
|    std                | 2.41         |
|    value_loss         | 5.35e-08     |
----------------------------------------
---------------------------------------
| time/                 |             |
|    fps                | 125         |
|    iterations         | 9500        |
|    time_elapsed       | 378         |
|    total_timesteps    | 47500       |
| train/                |             |
|    entropy_loss       | -4.62       |
|    explained_variance | -1.19e-07   |
|    learning_rate      | 0.0002      |
|    n_updates          | 9499        |
|    policy_loss        | 0.0308      |
|    reward             | 0.014492754 |
|    std                | 2.44        |
|    value_loss         | 4.74e-05    |
---------------------------------------
EPISODE:  49
----------------------------------------
| time/                 |              |
|    fps                | 125          |
|    iterations         | 9600         |
|    time_elapsed       | 382          |
|    total_timesteps    | 48000        |
| train/                |              |
|    entropy_loss       | -4.63        |
|    explained_variance | -1.19e-07    |
|    learning_rate      | 0.0002       |
|    n_updates          | 9599         |
|    policy_loss        | 0.00273      |
|    reward             | 0.0017857143 |
|    std                | 2.46         |
|    value_loss         | 5.08e-07     |
----------------------------------------
---------------------------------------
| time/                 |             |
|    fps                | 125         |
|    iterations         | 9700        |
|    time_elapsed       | 386         |
|    total_timesteps    | 48500       |
| train/                |             |
|    entropy_loss       | -4.66       |
|    explained_variance | 0           |
|    learning_rate      | 0.0002      |
|    n_updates          | 9699        |
|    policy_loss        | 0.0301      |
|    reward             | 0.016666668 |
|    std                | 2.49        |
|    value_loss         | 6.81e-05    |
---------------------------------------
EPISODE:  50
---------------------------------------
| time/                 |             |
|    fps                | 125         |
|    iterations         | 9800        |
|    time_elapsed       | 390         |
|    total_timesteps    | 49000       |
| train/                |             |
|    entropy_loss       | -4.68       |
|    explained_variance | 5.96e-08    |
|    learning_rate      | 0.0002      |
|    n_updates          | 9799        |
|    policy_loss        | 0.00176     |
|    reward             | 0.001814882 |
|    std                | 2.51        |
|    value_loss         | 1.5e-07     |
---------------------------------------
---------------------------------------
| time/                 |             |
|    fps                | 125         |
|    iterations         | 9900        |
|    time_elapsed       | 394         |
|    total_timesteps    | 49500       |
| train/                |             |
|    entropy_loss       | -4.7        |
|    explained_variance | 0           |
|    learning_rate      | 0.0002      |
|    n_updates          | 9899        |
|    policy_loss        | 0.0534      |
|    reward             | 0.019607844 |
|    std                | 2.54        |
|    value_loss         | 0.000118    |
---------------------------------------
EPISODE:  51
----------------------------------------
| time/                 |              |
|    fps                | 125          |
|    iterations         | 10000        |
|    time_elapsed       | 398          |
|    total_timesteps    | 50000        |
| train/                |              |
|    entropy_loss       | -4.71        |
|    explained_variance | -1.19e-07    |
|    learning_rate      | 0.0002       |
|    n_updates          | 9999         |
|    policy_loss        | 0.000998     |
|    reward             | 0.0018450185 |
|    std                | 2.56         |
|    value_loss         | 5.32e-08     |
----------------------------------------
Saved episode log to Results\250619_hc_binary_udp\a2c\downward\training_logs\04.csv
