EPISODE:  0
{'n_steps': 2048, 'batch_size': 64, 'learning_rate': 0.0003, 'ent_coef': 0.0}
Using cpu device
EPISODE:  1
EPISODE:  2
EPISODE:  3
--------------------------------------
| time/              |               |
|    fps             | 127           |
|    iterations      | 1             |
|    time_elapsed    | 16            |
|    total_timesteps | 2048          |
| train/             |               |
|    reward          | -0.0057471264 |
--------------------------------------
EPISODE:  4
EPISODE:  5
------------------------------------------
| time/                   |              |
|    fps                  | 123          |
|    iterations           | 2            |
|    time_elapsed         | 33           |
|    total_timesteps      | 4096         |
| train/                  |              |
|    approx_kl            | 0.0048406348 |
|    clip_fraction        | 0.0404       |
|    clip_range           | 0.2          |
|    entropy_loss         | -2.83        |
|    explained_variance   | 0.875        |
|    learning_rate        | 0.0003       |
|    loss                 | -0.00598     |
|    n_updates            | 10           |
|    policy_gradient_loss | -0.00433     |
|    reward               | -0.004166667 |
|    std                  | 0.992        |
|    value_loss           | 0.000603     |
------------------------------------------
EPISODE:  6
EPISODE:  7
------------------------------------------
| time/                   |              |
|    fps                  | 120          |
|    iterations           | 3            |
|    time_elapsed         | 51           |
|    total_timesteps      | 6144         |
| train/                  |              |
|    approx_kl            | 0.0029825564 |
|    clip_fraction        | 0.0399       |
|    clip_range           | 0.2          |
|    entropy_loss         | -2.81        |
|    explained_variance   | 0.913        |
|    learning_rate        | 0.0003       |
|    loss                 | 0.000188     |
|    n_updates            | 20           |
|    policy_gradient_loss | -0.00386     |
|    reward               | -0.003267974 |
|    std                  | 0.982        |
|    value_loss           | 0.000422     |
------------------------------------------
EPISODE:  8
EPISODE:  9
-----------------------------------------
| time/                   |             |
|    fps                  | 118         |
|    iterations           | 4           |
|    time_elapsed         | 69          |
|    total_timesteps      | 8192        |
| train/                  |             |
|    approx_kl            | 0.005947329 |
|    clip_fraction        | 0.0597      |
|    clip_range           | 0.2         |
|    entropy_loss         | -2.79       |
|    explained_variance   | 0.904       |
|    learning_rate        | 0.0003      |
|    loss                 | -0.00403    |
|    n_updates            | 30          |
|    policy_gradient_loss | -0.00534    |
|    reward               | 0.002688172 |
|    std                  | 0.969       |
|    value_loss           | 0.000254    |
-----------------------------------------
EPISODE:  10
EPISODE:  11
------------------------------------------
| time/                   |              |
|    fps                  | 118          |
|    iterations           | 5            |
|    time_elapsed         | 86           |
|    total_timesteps      | 10240        |
| train/                  |              |
|    approx_kl            | 0.005803621  |
|    clip_fraction        | 0.0685       |
|    clip_range           | 0.2          |
|    entropy_loss         | -2.76        |
|    explained_variance   | 0.907        |
|    learning_rate        | 0.0003       |
|    loss                 | -0.0176      |
|    n_updates            | 40           |
|    policy_gradient_loss | -0.00571     |
|    reward               | -0.002283105 |
|    std                  | 0.96         |
|    value_loss           | 0.00026      |
------------------------------------------
EPISODE:  12
EPISODE:  13
------------------------------------------
| time/                   |              |
|    fps                  | 117          |
|    iterations           | 6            |
|    time_elapsed         | 104          |
|    total_timesteps      | 12288        |
| train/                  |              |
|    approx_kl            | 0.00733924   |
|    clip_fraction        | 0.0875       |
|    clip_range           | 0.2          |
|    entropy_loss         | -2.75        |
|    explained_variance   | 0.91         |
|    learning_rate        | 0.0003       |
|    loss                 | -0.00437     |
|    n_updates            | 50           |
|    policy_gradient_loss | -0.00663     |
|    reward               | -0.001984127 |
|    std                  | 0.956        |
|    value_loss           | 0.000164     |
------------------------------------------
EPISODE:  14
EPISODE:  15
-----------------------------------------
| time/                   |             |
|    fps                  | 118         |
|    iterations           | 7           |
|    time_elapsed         | 121         |
|    total_timesteps      | 14336       |
| train/                  |             |
|    approx_kl            | 0.006493956 |
|    clip_fraction        | 0.0591      |
|    clip_range           | 0.2         |
|    entropy_loss         | -2.72       |
|    explained_variance   | 0.916       |
|    learning_rate        | 0.0003      |
|    loss                 | -0.023      |
|    n_updates            | 60          |
|    policy_gradient_loss | -0.00553    |
|    reward               | 0.001754386 |
|    std                  | 0.937       |
|    value_loss           | 0.000136    |
-----------------------------------------
EPISODE:  16
EPISODE:  17
------------------------------------------
| time/                   |              |
|    fps                  | 118          |
|    iterations           | 8            |
|    time_elapsed         | 138          |
|    total_timesteps      | 16384        |
| train/                  |              |
|    approx_kl            | 0.0069263936 |
|    clip_fraction        | 0.0796       |
|    clip_range           | 0.2          |
|    entropy_loss         | -2.7         |
|    explained_variance   | 0.932        |
|    learning_rate        | 0.0003       |
|    loss                 | 0.0121       |
|    n_updates            | 70           |
|    policy_gradient_loss | -0.0045      |
|    reward               | -0.001572327 |
|    std                  | 0.932        |
|    value_loss           | 0.000106     |
------------------------------------------
EPISODE:  18
EPISODE:  19
------------------------------------------
| time/                   |              |
|    fps                  | 118          |
|    iterations           | 9            |
|    time_elapsed         | 154          |
|    total_timesteps      | 18432        |
| train/                  |              |
|    approx_kl            | 0.007852685  |
|    clip_fraction        | 0.101        |
|    clip_range           | 0.2          |
|    entropy_loss         | -2.69        |
|    explained_variance   | 0.953        |
|    learning_rate        | 0.0003       |
|    loss                 | -0.031       |
|    n_updates            | 80           |
|    policy_gradient_loss | -0.00829     |
|    reward               | 0.0014245014 |
|    std                  | 0.922        |
|    value_loss           | 7.42e-05     |
------------------------------------------
EPISODE:  20
EPISODE:  21
------------------------------------------
| time/                   |              |
|    fps                  | 119          |
|    iterations           | 10           |
|    time_elapsed         | 171          |
|    total_timesteps      | 20480        |
| train/                  |              |
|    approx_kl            | 0.013570847  |
|    clip_fraction        | 0.154        |
|    clip_range           | 0.2          |
|    entropy_loss         | -2.65        |
|    explained_variance   | 0.956        |
|    learning_rate        | 0.0003       |
|    loss                 | -0.00954     |
|    n_updates            | 90           |
|    policy_gradient_loss | -0.0105      |
|    reward               | 0.0013020834 |
|    std                  | 0.898        |
|    value_loss           | 6.88e-05     |
------------------------------------------
EPISODE:  22
EPISODE:  23
------------------------------------------
| time/                   |              |
|    fps                  | 120          |
|    iterations           | 11           |
|    time_elapsed         | 187          |
|    total_timesteps      | 22528        |
| train/                  |              |
|    approx_kl            | 0.015184481  |
|    clip_fraction        | 0.178        |
|    clip_range           | 0.2          |
|    entropy_loss         | -2.6         |
|    explained_variance   | 0.958        |
|    learning_rate        | 0.0003       |
|    loss                 | -0.00505     |
|    n_updates            | 100          |
|    policy_gradient_loss | -0.0135      |
|    reward               | 0.0011990408 |
|    std                  | 0.878        |
|    value_loss           | 0.000354     |
------------------------------------------
EPISODE:  24
EPISODE:  25
------------------------------------------
| time/                   |              |
|    fps                  | 120          |
|    iterations           | 12           |
|    time_elapsed         | 204          |
|    total_timesteps      | 24576        |
| train/                  |              |
|    approx_kl            | 0.015423957  |
|    clip_fraction        | 0.187        |
|    clip_range           | 0.2          |
|    entropy_loss         | -2.55        |
|    explained_variance   | 0.968        |
|    learning_rate        | 0.0003       |
|    loss                 | -0.0337      |
|    n_updates            | 110          |
|    policy_gradient_loss | -0.0147      |
|    reward               | 0.0011111111 |
|    std                  | 0.857        |
|    value_loss           | 0.000136     |
------------------------------------------
EPISODE:  26
EPISODE:  27
------------------------------------------
| time/                   |              |
|    fps                  | 120          |
|    iterations           | 13           |
|    time_elapsed         | 221          |
|    total_timesteps      | 26624        |
| train/                  |              |
|    approx_kl            | 0.014413505  |
|    clip_fraction        | 0.188        |
|    clip_range           | 0.2          |
|    entropy_loss         | -2.51        |
|    explained_variance   | 0.98         |
|    learning_rate        | 0.0003       |
|    loss                 | -0.0506      |
|    n_updates            | 120          |
|    policy_gradient_loss | -0.0149      |
|    reward               | 0.0010351967 |
|    std                  | 0.841        |
|    value_loss           | 4.61e-05     |
------------------------------------------
EPISODE:  28
EPISODE:  29
-------------------------------------------
| time/                   |               |
|    fps                  | 120           |
|    iterations           | 14            |
|    time_elapsed         | 238           |
|    total_timesteps      | 28672         |
| train/                  |               |
|    approx_kl            | 0.011750432   |
|    clip_fraction        | 0.159         |
|    clip_range           | 0.2           |
|    entropy_loss         | -2.46         |
|    explained_variance   | 0.978         |
|    learning_rate        | 0.0003        |
|    loss                 | -0.0249       |
|    n_updates            | 130           |
|    policy_gradient_loss | -0.0126       |
|    reward               | 0.00096899224 |
|    std                  | 0.818         |
|    value_loss           | 6.96e-05      |
-------------------------------------------
EPISODE:  30
EPISODE:  31
-------------------------------------------
| time/                   |               |
|    fps                  | 118           |
|    iterations           | 15            |
|    time_elapsed         | 260           |
|    total_timesteps      | 30720         |
| train/                  |               |
|    approx_kl            | 0.010366464   |
|    clip_fraction        | 0.111         |
|    clip_range           | 0.2           |
|    entropy_loss         | -2.4          |
|    explained_variance   | 0.983         |
|    learning_rate        | 0.0003        |
|    loss                 | -0.0381       |
|    n_updates            | 140           |
|    policy_gradient_loss | -0.00974      |
|    reward               | -0.0009107468 |
|    std                  | 0.794         |
|    value_loss           | 5.96e-05      |
-------------------------------------------
EPISODE:  32
EPISODE:  33
EPISODE:  34
------------------------------------------
| time/                   |              |
|    fps                  | 118          |
|    iterations           | 16           |
|    time_elapsed         | 276          |
|    total_timesteps      | 32768        |
| train/                  |              |
|    approx_kl            | 0.010080587  |
|    clip_fraction        | 0.104        |
|    clip_range           | 0.2          |
|    entropy_loss         | -2.35        |
|    explained_variance   | 0.982        |
|    learning_rate        | 0.0003       |
|    loss                 | 0.00983      |
|    n_updates            | 150          |
|    policy_gradient_loss | -0.00985     |
|    reward               | 0.0057803467 |
|    std                  | 0.775        |
|    value_loss           | 7.12e-05     |
------------------------------------------
EPISODE:  35
EPISODE:  36
------------------------------------------
| time/                   |              |
|    fps                  | 118          |
|    iterations           | 17           |
|    time_elapsed         | 294          |
|    total_timesteps      | 34816        |
| train/                  |              |
|    approx_kl            | 0.010146866  |
|    clip_fraction        | 0.117        |
|    clip_range           | 0.2          |
|    entropy_loss         | -2.3         |
|    explained_variance   | 0.989        |
|    learning_rate        | 0.0003       |
|    loss                 | 0.00585      |
|    n_updates            | 160          |
|    policy_gradient_loss | -0.00757     |
|    reward               | 0.0041841003 |
|    std                  | 0.757        |
|    value_loss           | 0.000181     |
------------------------------------------
EPISODE:  37
EPISODE:  38
------------------------------------------
| time/                   |              |
|    fps                  | 118          |
|    iterations           | 18           |
|    time_elapsed         | 311          |
|    total_timesteps      | 36864        |
| train/                  |              |
|    approx_kl            | 0.011434438  |
|    clip_fraction        | 0.144        |
|    clip_range           | 0.2          |
|    entropy_loss         | -2.27        |
|    explained_variance   | 0.985        |
|    learning_rate        | 0.0003       |
|    loss                 | -0.0322      |
|    n_updates            | 170          |
|    policy_gradient_loss | -0.00989     |
|    reward               | 0.0032786885 |
|    std                  | 0.749        |
|    value_loss           | 8.73e-05     |
------------------------------------------
EPISODE:  39
EPISODE:  40
-------------------------------------------
| time/                   |               |
|    fps                  | 118           |
|    iterations           | 19            |
|    time_elapsed         | 327           |
|    total_timesteps      | 38912         |
| train/                  |               |
|    approx_kl            | 0.008142157   |
|    clip_fraction        | 0.0875        |
|    clip_range           | 0.2           |
|    entropy_loss         | -2.24         |
|    explained_variance   | 0.986         |
|    learning_rate        | 0.0003        |
|    loss                 | -0.00275      |
|    n_updates            | 180           |
|    policy_gradient_loss | -0.00539      |
|    reward               | -0.0026954177 |
|    std                  | 0.734         |
|    value_loss           | 0.000103      |
-------------------------------------------
EPISODE:  41
EPISODE:  42
------------------------------------------
| time/                   |              |
|    fps                  | 118          |
|    iterations           | 20           |
|    time_elapsed         | 344          |
|    total_timesteps      | 40960        |
| train/                  |              |
|    approx_kl            | 0.011236431  |
|    clip_fraction        | 0.117        |
|    clip_range           | 0.2          |
|    entropy_loss         | -2.2         |
|    explained_variance   | 0.988        |
|    learning_rate        | 0.0003       |
|    loss                 | 0.0175       |
|    n_updates            | 190          |
|    policy_gradient_loss | -0.00698     |
|    reward               | 0.0022883294 |
|    std                  | 0.724        |
|    value_loss           | 0.00015      |
------------------------------------------
EPISODE:  43
EPISODE:  44
------------------------------------------
| time/                   |              |
|    fps                  | 118          |
|    iterations           | 21           |
|    time_elapsed         | 361          |
|    total_timesteps      | 43008        |
| train/                  |              |
|    approx_kl            | 0.0048412266 |
|    clip_fraction        | 0.0525       |
|    clip_range           | 0.2          |
|    entropy_loss         | -2.17        |
|    explained_variance   | 0.99         |
|    learning_rate        | 0.0003       |
|    loss                 | -0.00799     |
|    n_updates            | 200          |
|    policy_gradient_loss | -0.0025      |
|    reward               | 0.0019880715 |
|    std                  | 0.71         |
|    value_loss           | 8.4e-05      |
------------------------------------------
EPISODE:  45
EPISODE:  46
------------------------------------------
| time/                   |              |
|    fps                  | 119          |
|    iterations           | 22           |
|    time_elapsed         | 378          |
|    total_timesteps      | 45056        |
| train/                  |              |
|    approx_kl            | 0.0051600942 |
|    clip_fraction        | 0.0772       |
|    clip_range           | 0.2          |
|    entropy_loss         | -2.13        |
|    explained_variance   | 0.985        |
|    learning_rate        | 0.0003       |
|    loss                 | 0.0106       |
|    n_updates            | 210          |
|    policy_gradient_loss | -0.000841    |
|    reward               | 0.0017574693 |
|    std                  | 0.699        |
|    value_loss           | 0.000112     |
------------------------------------------
EPISODE:  47
EPISODE:  48
------------------------------------------
| time/                   |              |
|    fps                  | 119          |
|    iterations           | 23           |
|    time_elapsed         | 393          |
|    total_timesteps      | 47104        |
| train/                  |              |
|    approx_kl            | 0.008121109  |
|    clip_fraction        | 0.0959       |
|    clip_range           | 0.2          |
|    entropy_loss         | -2.12        |
|    explained_variance   | 0.988        |
|    learning_rate        | 0.0003       |
|    loss                 | 0.00801      |
|    n_updates            | 220          |
|    policy_gradient_loss | -0.00195     |
|    reward               | 0.0015748031 |
|    std                  | 0.697        |
|    value_loss           | 0.0002       |
------------------------------------------
EPISODE:  49
EPISODE:  50
------------------------------------------
| time/                   |              |
|    fps                  | 119          |
|    iterations           | 24           |
|    time_elapsed         | 411          |
|    total_timesteps      | 49152        |
| train/                  |              |
|    approx_kl            | 0.007847398  |
|    clip_fraction        | 0.0446       |
|    clip_range           | 0.2          |
|    entropy_loss         | -2.1         |
|    explained_variance   | 0.987        |
|    learning_rate        | 0.0003       |
|    loss                 | -0.00596     |
|    n_updates            | 230          |
|    policy_gradient_loss | 0.000212     |
|    reward               | 0.0014265336 |
|    std                  | 0.689        |
|    value_loss           | 0.00011      |
------------------------------------------
EPISODE:  51
EPISODE:  52
------------------------------------------
| time/                   |              |
|    fps                  | 120          |
|    iterations           | 25           |
|    time_elapsed         | 426          |
|    total_timesteps      | 51200        |
| train/                  |              |
|    approx_kl            | 0.005171097  |
|    clip_fraction        | 0.081        |
|    clip_range           | 0.2          |
|    entropy_loss         | -2.09        |
|    explained_variance   | 0.989        |
|    learning_rate        | 0.0003       |
|    loss                 | -0.0121      |
|    n_updates            | 240          |
|    policy_gradient_loss | -0.00282     |
|    reward               | 0.0013037809 |
|    std                  | 0.689        |
|    value_loss           | 0.000171     |
------------------------------------------
Saved episode log to Results\250619_hc_binary_udp\ppo\upward\training_logs\09.csv
