EPISODE:  0
{'batch_size': 128, 'buffer_size': 1000000, 'learning_rate': 0.0001, 'learning_starts': 100, 'ent_coef': 'auto_0.1'}
Using cuda device
EPISODE:  1
EPISODE:  2
EPISODE:  3
EPISODE:  4
EPISODE:  5
----------------------------------
| time/              |           |
|    episodes        | 4         |
|    fps             | 8         |
|    time_elapsed    | 478       |
|    total_timesteps | 4000      |
| train/             |           |
|    actor_loss      | -3.36e+04 |
|    critic_loss     | 9.1e+04   |
|    ent_coef        | 0.158     |
|    ent_coef_loss   | 34.7      |
|    learning_rate   | 0.0001    |
|    n_updates       | 3899      |
|    reward          | 1911.4169 |
----------------------------------
EPISODE:  6
EPISODE:  7
EPISODE:  8
EPISODE:  9
----------------------------------
| time/              |           |
|    episodes        | 8         |
|    fps             | 8         |
|    time_elapsed    | 978       |
|    total_timesteps | 8000      |
| train/             |           |
|    actor_loss      | -5.97e+04 |
|    critic_loss     | 5.19e+05  |
|    ent_coef        | 0.236     |
|    ent_coef_loss   | 27.2      |
|    learning_rate   | 0.0001    |
|    n_updates       | 7899      |
|    reward          | 3318.8857 |
----------------------------------
EPISODE:  10
EPISODE:  11
EPISODE:  12
EPISODE:  13
----------------------------------
| time/              |           |
|    episodes        | 12        |
|    fps             | 8         |
|    time_elapsed    | 1476      |
|    total_timesteps | 12000     |
| train/             |           |
|    actor_loss      | -8.26e+04 |
|    critic_loss     | 1.1e+05   |
|    ent_coef        | 0.352     |
|    ent_coef_loss   | 19.6      |
|    learning_rate   | 0.0001    |
|    n_updates       | 11899     |
|    reward          | 3318.8857 |
----------------------------------
EPISODE:  14
EPISODE:  15
EPISODE:  16
EPISODE:  17
----------------------------------
| time/              |           |
|    episodes        | 16        |
|    fps             | 8         |
|    time_elapsed    | 1975      |
|    total_timesteps | 16000     |
| train/             |           |
|    actor_loss      | -1.04e+05 |
|    critic_loss     | 1.36e+05  |
|    ent_coef        | 0.526     |
|    ent_coef_loss   | 12        |
|    learning_rate   | 0.0001    |
|    n_updates       | 15899     |
|    reward          | 3318.8857 |
----------------------------------
EPISODE:  18
EPISODE:  19
EPISODE:  20
EPISODE:  21
----------------------------------
| time/              |           |
|    episodes        | 20        |
|    fps             | 8         |
|    time_elapsed    | 2473      |
|    total_timesteps | 20000     |
| train/             |           |
|    actor_loss      | -1.26e+05 |
|    critic_loss     | 5.05e+05  |
|    ent_coef        | 0.784     |
|    ent_coef_loss   | 4.58      |
|    learning_rate   | 0.0001    |
|    n_updates       | 19899     |
|    reward          | 3318.8857 |
----------------------------------
EPISODE:  22
EPISODE:  23
EPISODE:  24
EPISODE:  25
----------------------------------
| time/              |           |
|    episodes        | 24        |
|    fps             | 8         |
|    time_elapsed    | 2972      |
|    total_timesteps | 24000     |
| train/             |           |
|    actor_loss      | -1.44e+05 |
|    critic_loss     | 2.31e+05  |
|    ent_coef        | 1.17      |
|    ent_coef_loss   | -2.95     |
|    learning_rate   | 0.0001    |
|    n_updates       | 23899     |
|    reward          | 3318.8857 |
----------------------------------
EPISODE:  26
EPISODE:  27
EPISODE:  28
EPISODE:  29
----------------------------------
| time/              |           |
|    episodes        | 28        |
|    fps             | 8         |
|    time_elapsed    | 3470      |
|    total_timesteps | 28000     |
| train/             |           |
|    actor_loss      | -1.57e+05 |
|    critic_loss     | 8.75e+04  |
|    ent_coef        | 1.75      |
|    ent_coef_loss   | -10.4     |
|    learning_rate   | 0.0001    |
|    n_updates       | 27899     |
|    reward          | 3318.8857 |
----------------------------------
EPISODE:  30
EPISODE:  31
EPISODE:  32
EPISODE:  33
----------------------------------
| time/              |           |
|    episodes        | 32        |
|    fps             | 8         |
|    time_elapsed    | 3969      |
|    total_timesteps | 32000     |
| train/             |           |
|    actor_loss      | -1.67e+05 |
|    critic_loss     | 9.98e+05  |
|    ent_coef        | 2.6       |
|    ent_coef_loss   | -17.9     |
|    learning_rate   | 0.0001    |
|    n_updates       | 31899     |
|    reward          | 3318.8857 |
----------------------------------
EPISODE:  34
EPISODE:  35
EPISODE:  36
EPISODE:  37
----------------------------------
| time/              |           |
|    episodes        | 36        |
|    fps             | 8         |
|    time_elapsed    | 4468      |
|    total_timesteps | 36000     |
| train/             |           |
|    actor_loss      | -1.74e+05 |
|    critic_loss     | 7.97e+05  |
|    ent_coef        | 3.88      |
|    ent_coef_loss   | -25.3     |
|    learning_rate   | 0.0001    |
|    n_updates       | 35899     |
|    reward          | 3318.8857 |
----------------------------------
EPISODE:  38
EPISODE:  39
EPISODE:  40
EPISODE:  41
----------------------------------
| time/              |           |
|    episodes        | 40        |
|    fps             | 8         |
|    time_elapsed    | 4968      |
|    total_timesteps | 40000     |
| train/             |           |
|    actor_loss      | -1.82e+05 |
|    critic_loss     | 1.12e+05  |
|    ent_coef        | 5.79      |
|    ent_coef_loss   | -33.1     |
|    learning_rate   | 0.0001    |
|    n_updates       | 39899     |
|    reward          | 3318.8857 |
----------------------------------
EPISODE:  42
EPISODE:  43
EPISODE:  44
EPISODE:  45
----------------------------------
| time/              |           |
|    episodes        | 44        |
|    fps             | 8         |
|    time_elapsed    | 5467      |
|    total_timesteps | 44000     |
| train/             |           |
|    actor_loss      | -1.87e+05 |
|    critic_loss     | 1.37e+05  |
|    ent_coef        | 8.64      |
|    ent_coef_loss   | -40.7     |
|    learning_rate   | 0.0001    |
|    n_updates       | 43899     |
|    reward          | 3318.8857 |
----------------------------------
EPISODE:  46
EPISODE:  47
EPISODE:  48
EPISODE:  49
----------------------------------
| time/              |           |
|    episodes        | 48        |
|    fps             | 8         |
|    time_elapsed    | 5967      |
|    total_timesteps | 48000     |
| train/             |           |
|    actor_loss      | -1.85e+05 |
|    critic_loss     | 7.18e+08  |
|    ent_coef        | 12.9      |
|    ent_coef_loss   | -47.6     |
|    learning_rate   | 0.0001    |
|    n_updates       | 47899     |
|    reward          | 3318.8857 |
----------------------------------
EPISODE:  50
EPISODE:  51
EPISODE:  52
EPISODE:  53
----------------------------------
| time/              |           |
|    episodes        | 52        |
|    fps             | 8         |
|    time_elapsed    | 6467      |
|    total_timesteps | 52000     |
| train/             |           |
|    actor_loss      | -1.89e+05 |
|    critic_loss     | 9.63e+04  |
|    ent_coef        | 19.2      |
|    ent_coef_loss   | -55.7     |
|    learning_rate   | 0.0001    |
|    n_updates       | 51899     |
|    reward          | 3318.8857 |
----------------------------------
EPISODE:  54
EPISODE:  55
EPISODE:  56
EPISODE:  57
----------------------------------
| time/              |           |
|    episodes        | 56        |
|    fps             | 8         |
|    time_elapsed    | 6967      |
|    total_timesteps | 56000     |
| train/             |           |
|    actor_loss      | -1.8e+05  |
|    critic_loss     | 6.51e+08  |
|    ent_coef        | 28.7      |
|    ent_coef_loss   | -63.4     |
|    learning_rate   | 0.0001    |
|    n_updates       | 55899     |
|    reward          | 3318.8857 |
----------------------------------
EPISODE:  58
EPISODE:  59
EPISODE:  60
EPISODE:  61
----------------------------------
| time/              |           |
|    episodes        | 60        |
|    fps             | 8         |
|    time_elapsed    | 7467      |
|    total_timesteps | 60000     |
| train/             |           |
|    actor_loss      | -1.75e+05 |
|    critic_loss     | 2.67e+05  |
|    ent_coef        | 42.8      |
|    ent_coef_loss   | -70.9     |
|    learning_rate   | 0.0001    |
|    n_updates       | 59899     |
|    reward          | 3318.8857 |
----------------------------------
EPISODE:  62
EPISODE:  63
EPISODE:  64
EPISODE:  65
----------------------------------
| time/              |           |
|    episodes        | 64        |
|    fps             | 8         |
|    time_elapsed    | 7966      |
|    total_timesteps | 64000     |
| train/             |           |
|    actor_loss      | -1.64e+05 |
|    critic_loss     | 2.48e+08  |
|    ent_coef        | 63.9      |
|    ent_coef_loss   | -78.3     |
|    learning_rate   | 0.0001    |
|    n_updates       | 63899     |
|    reward          | 3318.8857 |
----------------------------------
EPISODE:  66
EPISODE:  67
EPISODE:  68
EPISODE:  69
----------------------------------
| time/              |           |
|    episodes        | 68        |
|    fps             | 8         |
|    time_elapsed    | 8467      |
|    total_timesteps | 68000     |
| train/             |           |
|    actor_loss      | -1.39e+05 |
|    critic_loss     | 1.75e+05  |
|    ent_coef        | 95.3      |
|    ent_coef_loss   | -85.3     |
|    learning_rate   | 0.0001    |
|    n_updates       | 67899     |
|    reward          | 3318.8857 |
----------------------------------
EPISODE:  70
EPISODE:  71
EPISODE:  72
EPISODE:  73
----------------------------------
| time/              |           |
|    episodes        | 72        |
|    fps             | 8         |
|    time_elapsed    | 8967      |
|    total_timesteps | 72000     |
| train/             |           |
|    actor_loss      | -1.06e+05 |
|    critic_loss     | 4.83e+05  |
|    ent_coef        | 142       |
|    ent_coef_loss   | -93.5     |
|    learning_rate   | 0.0001    |
|    n_updates       | 71899     |
|    reward          | 3318.8857 |
----------------------------------
EPISODE:  74
EPISODE:  75
EPISODE:  76
EPISODE:  77
----------------------------------
| time/              |           |
|    episodes        | 76        |
|    fps             | 8         |
|    time_elapsed    | 9468      |
|    total_timesteps | 76000     |
| train/             |           |
|    actor_loss      | -5.66e+04 |
|    critic_loss     | 6.28e+05  |
|    ent_coef        | 212       |
|    ent_coef_loss   | -101      |
|    learning_rate   | 0.0001    |
|    n_updates       | 75899     |
|    reward          | 3318.8857 |
----------------------------------
EPISODE:  78
EPISODE:  79
EPISODE:  80
EPISODE:  81
----------------------------------
| time/              |           |
|    episodes        | 80        |
|    fps             | 8         |
|    time_elapsed    | 9968      |
|    total_timesteps | 80000     |
| train/             |           |
|    actor_loss      | 1.42e+04  |
|    critic_loss     | 6.38e+05  |
|    ent_coef        | 317       |
|    ent_coef_loss   | -108      |
|    learning_rate   | 0.0001    |
|    n_updates       | 79899     |
|    reward          | 3318.8857 |
----------------------------------
EPISODE:  82
EPISODE:  83
EPISODE:  84
EPISODE:  85
----------------------------------
| time/              |           |
|    episodes        | 84        |
|    fps             | 8         |
|    time_elapsed    | 10469     |
|    total_timesteps | 84000     |
| train/             |           |
|    actor_loss      | 1.25e+05  |
|    critic_loss     | 1.15e+06  |
|    ent_coef        | 472       |
|    ent_coef_loss   | -116      |
|    learning_rate   | 0.0001    |
|    n_updates       | 83899     |
|    reward          | 3318.8857 |
----------------------------------
EPISODE:  86
EPISODE:  87
EPISODE:  88
EPISODE:  89
----------------------------------
| time/              |           |
|    episodes        | 88        |
|    fps             | 8         |
|    time_elapsed    | 10969     |
|    total_timesteps | 88000     |
| train/             |           |
|    actor_loss      | 2.87e+05  |
|    critic_loss     | 2.14e+06  |
|    ent_coef        | 705       |
|    ent_coef_loss   | -124      |
|    learning_rate   | 0.0001    |
|    n_updates       | 87899     |
|    reward          | 3318.8857 |
----------------------------------
EPISODE:  90
EPISODE:  91
EPISODE:  92
EPISODE:  93
----------------------------------
| time/              |           |
|    episodes        | 92        |
|    fps             | 8         |
|    time_elapsed    | 11470     |
|    total_timesteps | 92000     |
| train/             |           |
|    actor_loss      | 5.24e+05  |
|    critic_loss     | 3.85e+06  |
|    ent_coef        | 1.05e+03  |
|    ent_coef_loss   | -131      |
|    learning_rate   | 0.0001    |
|    n_updates       | 91899     |
|    reward          | 3318.8857 |
----------------------------------
EPISODE:  94
EPISODE:  95
EPISODE:  96
EPISODE:  97
----------------------------------
| time/              |           |
|    episodes        | 96        |
|    fps             | 8         |
|    time_elapsed    | 11970     |
|    total_timesteps | 96000     |
| train/             |           |
|    actor_loss      | 8.7e+05   |
|    critic_loss     | 3.32e+07  |
|    ent_coef        | 1.57e+03  |
|    ent_coef_loss   | -140      |
|    learning_rate   | 0.0001    |
|    n_updates       | 95899     |
|    reward          | 3318.8857 |
----------------------------------
EPISODE:  98
EPISODE:  99
EPISODE:  100
EPISODE:  101
----------------------------------
| time/              |           |
|    episodes        | 100       |
|    fps             | 8         |
|    time_elapsed    | 12471     |
|    total_timesteps | 100000    |
| train/             |           |
|    actor_loss      | 1.4e+06   |
|    critic_loss     | 4.11e+07  |
|    ent_coef        | 2.34e+03  |
|    ent_coef_loss   | -148      |
|    learning_rate   | 0.0001    |
|    n_updates       | 99899     |
|    reward          | 3318.8857 |
----------------------------------
EPISODE:  102
EPISODE:  103
EPISODE:  104
EPISODE:  105
----------------------------------
| time/              |           |
|    episodes        | 104       |
|    fps             | 8         |
|    time_elapsed    | 12971     |
|    total_timesteps | 104000    |
| train/             |           |
|    actor_loss      | 2.18e+06  |
|    critic_loss     | 3.3e+10   |
|    ent_coef        | 3.5e+03   |
|    ent_coef_loss   | -153      |
|    learning_rate   | 0.0001    |
|    n_updates       | 103899    |
|    reward          | 3318.8857 |
----------------------------------
EPISODE:  106
EPISODE:  107
EPISODE:  108
EPISODE:  109
----------------------------------
| time/              |           |
|    episodes        | 108       |
|    fps             | 8         |
|    time_elapsed    | 13472     |
|    total_timesteps | 108000    |
| train/             |           |
|    actor_loss      | 3.31e+06  |
|    critic_loss     | 2.91e+08  |
|    ent_coef        | 5.22e+03  |
|    ent_coef_loss   | -160      |
|    learning_rate   | 0.0001    |
|    n_updates       | 107899    |
|    reward          | 3318.8857 |
----------------------------------
EPISODE:  110
EPISODE:  111
EPISODE:  112
EPISODE:  113
----------------------------------
| time/              |           |
|    episodes        | 112       |
|    fps             | 8         |
|    time_elapsed    | 13973     |
|    total_timesteps | 112000    |
| train/             |           |
|    actor_loss      | 5.04e+06  |
|    critic_loss     | 5.13e+08  |
|    ent_coef        | 7.79e+03  |
|    ent_coef_loss   | -168      |
|    learning_rate   | 0.0001    |
|    n_updates       | 111899    |
|    reward          | 3318.8857 |
----------------------------------
EPISODE:  114
EPISODE:  115
EPISODE:  116
EPISODE:  117
----------------------------------
| time/              |           |
|    episodes        | 116       |
|    fps             | 8         |
|    time_elapsed    | 14474     |
|    total_timesteps | 116000    |
| train/             |           |
|    actor_loss      | 7.52e+06  |
|    critic_loss     | 1.8e+09   |
|    ent_coef        | 1.16e+04  |
|    ent_coef_loss   | -177      |
|    learning_rate   | 0.0001    |
|    n_updates       | 115899    |
|    reward          | 3318.8857 |
----------------------------------
EPISODE:  118
EPISODE:  119
EPISODE:  120
EPISODE:  121
----------------------------------
| time/              |           |
|    episodes        | 120       |
|    fps             | 8         |
|    time_elapsed    | 14975     |
|    total_timesteps | 120000    |
| train/             |           |
|    actor_loss      | 1.13e+07  |
|    critic_loss     | 4.93e+09  |
|    ent_coef        | 1.73e+04  |
|    ent_coef_loss   | -182      |
|    learning_rate   | 0.0001    |
|    n_updates       | 119899    |
|    reward          | 3318.8857 |
----------------------------------
EPISODE:  122
EPISODE:  123
EPISODE:  124
EPISODE:  125
----------------------------------
| time/              |           |
|    episodes        | 124       |
|    fps             | 8         |
|    time_elapsed    | 15475     |
|    total_timesteps | 124000    |
| train/             |           |
|    actor_loss      | 1.63e+07  |
|    critic_loss     | 1.63e+10  |
|    ent_coef        | 2.59e+04  |
|    ent_coef_loss   | -191      |
|    learning_rate   | 0.0001    |
|    n_updates       | 123899    |
|    reward          | 3318.8857 |
----------------------------------
EPISODE:  126
EPISODE:  127
EPISODE:  128
EPISODE:  129
----------------------------------
| time/              |           |
|    episodes        | 128       |
|    fps             | 8         |
|    time_elapsed    | 15975     |
|    total_timesteps | 128000    |
| train/             |           |
|    actor_loss      | 2.46e+07  |
|    critic_loss     | 4.04e+10  |
|    ent_coef        | 3.87e+04  |
|    ent_coef_loss   | -198      |
|    learning_rate   | 0.0001    |
|    n_updates       | 127899    |
|    reward          | 3318.8857 |
----------------------------------
EPISODE:  130
EPISODE:  131
EPISODE:  132
EPISODE:  133
----------------------------------
| time/              |           |
|    episodes        | 132       |
|    fps             | 8         |
|    time_elapsed    | 16475     |
|    total_timesteps | 132000    |
| train/             |           |
|    actor_loss      | 3.65e+07  |
|    critic_loss     | 1.31e+11  |
|    ent_coef        | 5.77e+04  |
|    ent_coef_loss   | -205      |
|    learning_rate   | 0.0001    |
|    n_updates       | 131899    |
|    reward          | 3318.8857 |
----------------------------------
EPISODE:  134
EPISODE:  135
EPISODE:  136
EPISODE:  137
----------------------------------
| time/              |           |
|    episodes        | 136       |
|    fps             | 8         |
|    time_elapsed    | 16976     |
|    total_timesteps | 136000    |
| train/             |           |
|    actor_loss      | 5.39e+07  |
|    critic_loss     | 3.79e+11  |
|    ent_coef        | 8.61e+04  |
|    ent_coef_loss   | -215      |
|    learning_rate   | 0.0001    |
|    n_updates       | 135899    |
|    reward          | 3318.8857 |
----------------------------------
EPISODE:  138
EPISODE:  139
EPISODE:  140
EPISODE:  141
----------------------------------
| time/              |           |
|    episodes        | 140       |
|    fps             | 8         |
|    time_elapsed    | 17476     |
|    total_timesteps | 140000    |
| train/             |           |
|    actor_loss      | 7.75e+07  |
|    critic_loss     | 1.11e+12  |
|    ent_coef        | 1.29e+05  |
|    ent_coef_loss   | -222      |
|    learning_rate   | 0.0001    |
|    n_updates       | 139899    |
|    reward          | 3318.8857 |
----------------------------------
EPISODE:  142
EPISODE:  143
EPISODE:  144
EPISODE:  145
----------------------------------
| time/              |           |
|    episodes        | 144       |
|    fps             | 8         |
|    time_elapsed    | 17977     |
|    total_timesteps | 144000    |
| train/             |           |
|    actor_loss      | 1.11e+08  |
|    critic_loss     | 3.15e+12  |
|    ent_coef        | 1.92e+05  |
|    ent_coef_loss   | -229      |
|    learning_rate   | 0.0001    |
|    n_updates       | 143899    |
|    reward          | 3318.8857 |
----------------------------------
EPISODE:  146
EPISODE:  147
EPISODE:  148
EPISODE:  149
----------------------------------
| time/              |           |
|    episodes        | 148       |
|    fps             | 8         |
|    time_elapsed    | 18476     |
|    total_timesteps | 148000    |
| train/             |           |
|    actor_loss      | 1.63e+08  |
|    critic_loss     | 8.46e+12  |
|    ent_coef        | 2.86e+05  |
|    ent_coef_loss   | -237      |
|    learning_rate   | 0.0001    |
|    n_updates       | 147899    |
|    reward          | 3318.8857 |
----------------------------------
EPISODE:  150
EPISODE:  151
EPISODE:  152
EPISODE:  153
----------------------------------
| time/              |           |
|    episodes        | 152       |
|    fps             | 8         |
|    time_elapsed    | 18978     |
|    total_timesteps | 152000    |
| train/             |           |
|    actor_loss      | 2.27e+08  |
|    critic_loss     | 2.73e+13  |
|    ent_coef        | 4.27e+05  |
|    ent_coef_loss   | -243      |
|    learning_rate   | 0.0001    |
|    n_updates       | 151899    |
|    reward          | 3318.8857 |
----------------------------------
EPISODE:  154
EPISODE:  155
EPISODE:  156
EPISODE:  157
----------------------------------
| time/              |           |
|    episodes        | 156       |
|    fps             | 8         |
|    time_elapsed    | 19477     |
|    total_timesteps | 156000    |
| train/             |           |
|    actor_loss      | 3.34e+08  |
|    critic_loss     | 6.23e+13  |
|    ent_coef        | 6.38e+05  |
|    ent_coef_loss   | -250      |
|    learning_rate   | 0.0001    |
|    n_updates       | 155899    |
|    reward          | 3318.8857 |
----------------------------------
EPISODE:  158
EPISODE:  159
EPISODE:  160
EPISODE:  161
----------------------------------
| time/              |           |
|    episodes        | 160       |
|    fps             | 8         |
|    time_elapsed    | 19978     |
|    total_timesteps | 160000    |
| train/             |           |
|    actor_loss      | 4.44e+08  |
|    critic_loss     | 2.12e+14  |
|    ent_coef        | 9.52e+05  |
|    ent_coef_loss   | -257      |
|    learning_rate   | 0.0001    |
|    n_updates       | 159899    |
|    reward          | 3318.8857 |
----------------------------------
EPISODE:  162
EPISODE:  163
EPISODE:  164
EPISODE:  165
----------------------------------
| time/              |           |
|    episodes        | 164       |
|    fps             | 8         |
|    time_elapsed    | 20478     |
|    total_timesteps | 164000    |
| train/             |           |
|    actor_loss      | 6.11e+08  |
|    critic_loss     | 6.94e+14  |
|    ent_coef        | 1.42e+06  |
|    ent_coef_loss   | -266      |
|    learning_rate   | 0.0001    |
|    n_updates       | 163899    |
|    reward          | 3318.8857 |
----------------------------------
EPISODE:  166
EPISODE:  167
EPISODE:  168
EPISODE:  169
----------------------------------
| time/              |           |
|    episodes        | 168       |
|    fps             | 8         |
|    time_elapsed    | 20978     |
|    total_timesteps | 168000    |
| train/             |           |
|    actor_loss      | 8.5e+08   |
|    critic_loss     | 1.33e+16  |
|    ent_coef        | 2.12e+06  |
|    ent_coef_loss   | -274      |
|    learning_rate   | 0.0001    |
|    n_updates       | 167899    |
|    reward          | 3318.8857 |
----------------------------------
EPISODE:  170
EPISODE:  171
EPISODE:  172
EPISODE:  173
----------------------------------
| time/              |           |
|    episodes        | 172       |
|    fps             | 8         |
|    time_elapsed    | 21480     |
|    total_timesteps | 172000    |
| train/             |           |
|    actor_loss      | 1.06e+09  |
|    critic_loss     | 7.18e+15  |
|    ent_coef        | 3.17e+06  |
|    ent_coef_loss   | -281      |
|    learning_rate   | 0.0001    |
|    n_updates       | 171899    |
|    reward          | 3318.8857 |
----------------------------------
EPISODE:  174
EPISODE:  175
EPISODE:  176
EPISODE:  177
----------------------------------
| time/              |           |
|    episodes        | 176       |
|    fps             | 8         |
|    time_elapsed    | 21980     |
|    total_timesteps | 176000    |
| train/             |           |
|    actor_loss      | 1.37e+09  |
|    critic_loss     | 1.95e+16  |
|    ent_coef        | 4.73e+06  |
|    ent_coef_loss   | -291      |
|    learning_rate   | 0.0001    |
|    n_updates       | 175899    |
|    reward          | 3318.8857 |
----------------------------------
EPISODE:  178
EPISODE:  179
EPISODE:  180
EPISODE:  181
----------------------------------
| time/              |           |
|    episodes        | 180       |
|    fps             | 8         |
|    time_elapsed    | 22480     |
|    total_timesteps | 180000    |
| train/             |           |
|    actor_loss      | 1.74e+09  |
|    critic_loss     | 9.11e+16  |
|    ent_coef        | 7.06e+06  |
|    ent_coef_loss   | -297      |
|    learning_rate   | 0.0001    |
|    n_updates       | 179899    |
|    reward          | 3318.8857 |
----------------------------------
EPISODE:  182
EPISODE:  183
EPISODE:  184
EPISODE:  185
----------------------------------
| time/              |           |
|    episodes        | 184       |
|    fps             | 8         |
|    time_elapsed    | 22980     |
|    total_timesteps | 184000    |
| train/             |           |
|    actor_loss      | 2.14e+09  |
|    critic_loss     | 1.06e+17  |
|    ent_coef        | 1.05e+07  |
|    ent_coef_loss   | -305      |
|    learning_rate   | 0.0001    |
|    n_updates       | 183899    |
|    reward          | 3318.8857 |
----------------------------------
EPISODE:  186
EPISODE:  187
EPISODE:  188
EPISODE:  189
----------------------------------
| time/              |           |
|    episodes        | 188       |
|    fps             | 8         |
|    time_elapsed    | 23482     |
|    total_timesteps | 188000    |
| train/             |           |
|    actor_loss      | 2.4e+09   |
|    critic_loss     | 2.11e+17  |
|    ent_coef        | 1.57e+07  |
|    ent_coef_loss   | -311      |
|    learning_rate   | 0.0001    |
|    n_updates       | 187899    |
|    reward          | 3318.8857 |
----------------------------------
EPISODE:  190
EPISODE:  191
EPISODE:  192
EPISODE:  193
----------------------------------
| time/              |           |
|    episodes        | 192       |
|    fps             | 8         |
|    time_elapsed    | 23981     |
|    total_timesteps | 192000    |
| train/             |           |
|    actor_loss      | 3.14e+09  |
|    critic_loss     | 4.55e+17  |
|    ent_coef        | 2.33e+07  |
|    ent_coef_loss   | -322      |
|    learning_rate   | 0.0001    |
|    n_updates       | 191899    |
|    reward          | 3318.8857 |
----------------------------------
EPISODE:  194
EPISODE:  195
EPISODE:  196
EPISODE:  197
----------------------------------
| time/              |           |
|    episodes        | 196       |
|    fps             | 8         |
|    time_elapsed    | 24483     |
|    total_timesteps | 196000    |
| train/             |           |
|    actor_loss      | 4.05e+09  |
|    critic_loss     | 9.56e+17  |
|    ent_coef        | 3.47e+07  |
|    ent_coef_loss   | -328      |
|    learning_rate   | 0.0001    |
|    n_updates       | 195899    |
|    reward          | 3318.8857 |
----------------------------------
EPISODE:  198
EPISODE:  199
EPISODE:  200
EPISODE:  201
----------------------------------
| time/              |           |
|    episodes        | 200       |
|    fps             | 8         |
|    time_elapsed    | 24983     |
|    total_timesteps | 200000    |
| train/             |           |
|    actor_loss      | 5.14e+09  |
|    critic_loss     | 1.98e+18  |
|    ent_coef        | 5.16e+07  |
|    ent_coef_loss   | -333      |
|    learning_rate   | 0.0001    |
|    n_updates       | 199899    |
|    reward          | 3318.8857 |
----------------------------------
EPISODE:  202
EPISODE:  203
EPISODE:  204
EPISODE:  205
----------------------------------
| time/              |           |
|    episodes        | 204       |
|    fps             | 8         |
|    time_elapsed    | 25485     |
|    total_timesteps | 204000    |
| train/             |           |
|    actor_loss      | 5.88e+09  |
|    critic_loss     | 4.15e+18  |
|    ent_coef        | 7.67e+07  |
|    ent_coef_loss   | -343      |
|    learning_rate   | 0.0001    |
|    n_updates       | 203899    |
|    reward          | 3318.8857 |
----------------------------------
EPISODE:  206
EPISODE:  207
EPISODE:  208
EPISODE:  209
----------------------------------
| time/              |           |
|    episodes        | 208       |
|    fps             | 8         |
|    time_elapsed    | 25984     |
|    total_timesteps | 208000    |
| train/             |           |
|    actor_loss      | 7.11e+09  |
|    critic_loss     | 7.77e+18  |
|    ent_coef        | 1.14e+08  |
|    ent_coef_loss   | -348      |
|    learning_rate   | 0.0001    |
|    n_updates       | 207899    |
|    reward          | 3318.8857 |
----------------------------------
EPISODE:  210
EPISODE:  211
EPISODE:  212
EPISODE:  213
----------------------------------
| time/              |           |
|    episodes        | 212       |
|    fps             | 8         |
|    time_elapsed    | 26485     |
|    total_timesteps | 212000    |
| train/             |           |
|    actor_loss      | 9.11e+09  |
|    critic_loss     | 1.63e+19  |
|    ent_coef        | 1.7e+08   |
|    ent_coef_loss   | -359      |
|    learning_rate   | 0.0001    |
|    n_updates       | 211899    |
|    reward          | 3318.8857 |
----------------------------------
EPISODE:  214
EPISODE:  215
EPISODE:  216
EPISODE:  217
----------------------------------
| time/              |           |
|    episodes        | 216       |
|    fps             | 8         |
|    time_elapsed    | 26985     |
|    total_timesteps | 216000    |
| train/             |           |
|    actor_loss      | 1.16e+10  |
|    critic_loss     | 3.42e+19  |
|    ent_coef        | 2.53e+08  |
|    ent_coef_loss   | -363      |
|    learning_rate   | 0.0001    |
|    n_updates       | 215899    |
|    reward          | 3318.8857 |
----------------------------------
EPISODE:  218
EPISODE:  219
EPISODE:  220
EPISODE:  221
----------------------------------
| time/              |           |
|    episodes        | 220       |
|    fps             | 8         |
|    time_elapsed    | 27487     |
|    total_timesteps | 220000    |
| train/             |           |
|    actor_loss      | 1.55e+10  |
|    critic_loss     | 7.3e+19   |
|    ent_coef        | 3.76e+08  |
|    ent_coef_loss   | -370      |
|    learning_rate   | 0.0001    |
|    n_updates       | 219899    |
|    reward          | 3318.8857 |
----------------------------------
EPISODE:  222
EPISODE:  223
EPISODE:  224
EPISODE:  225
----------------------------------
| time/              |           |
|    episodes        | 224       |
|    fps             | 8         |
|    time_elapsed    | 27988     |
|    total_timesteps | 224000    |
| train/             |           |
|    actor_loss      | 2.02e+10  |
|    critic_loss     | 1.54e+20  |
|    ent_coef        | 5.6e+08   |
|    ent_coef_loss   | -379      |
|    learning_rate   | 0.0001    |
|    n_updates       | 223899    |
|    reward          | 3318.8857 |
----------------------------------
EPISODE:  226
EPISODE:  227
EPISODE:  228
EPISODE:  229
----------------------------------
| time/              |           |
|    episodes        | 228       |
|    fps             | 8         |
|    time_elapsed    | 28488     |
|    total_timesteps | 228000    |
| train/             |           |
|    actor_loss      | 2.71e+10  |
|    critic_loss     | 3.31e+20  |
|    ent_coef        | 8.33e+08  |
|    ent_coef_loss   | -386      |
|    learning_rate   | 0.0001    |
|    n_updates       | 227899    |
|    reward          | 3318.8857 |
----------------------------------
EPISODE:  230
EPISODE:  231
EPISODE:  232
EPISODE:  233
----------------------------------
| time/              |           |
|    episodes        | 232       |
|    fps             | 8         |
|    time_elapsed    | 28989     |
|    total_timesteps | 232000    |
| train/             |           |
|    actor_loss      | 3.58e+10  |
|    critic_loss     | 7.05e+20  |
|    ent_coef        | 1.24e+09  |
|    ent_coef_loss   | -390      |
|    learning_rate   | 0.0001    |
|    n_updates       | 231899    |
|    reward          | 3318.8857 |
----------------------------------
EPISODE:  234
EPISODE:  235
EPISODE:  236
EPISODE:  237
----------------------------------
| time/              |           |
|    episodes        | 236       |
|    fps             | 8         |
|    time_elapsed    | 29489     |
|    total_timesteps | 236000    |
| train/             |           |
|    actor_loss      | 4.94e+10  |
|    critic_loss     | 1.52e+21  |
|    ent_coef        | 1.85e+09  |
|    ent_coef_loss   | -401      |
|    learning_rate   | 0.0001    |
|    n_updates       | 235899    |
|    reward          | 3318.8857 |
----------------------------------
EPISODE:  238
EPISODE:  239
EPISODE:  240
EPISODE:  241
----------------------------------
| time/              |           |
|    episodes        | 240       |
|    fps             | 8         |
|    time_elapsed    | 29991     |
|    total_timesteps | 240000    |
| train/             |           |
|    actor_loss      | 7.03e+10  |
|    critic_loss     | 3.37e+21  |
|    ent_coef        | 2.75e+09  |
|    ent_coef_loss   | -411      |
|    learning_rate   | 0.0001    |
|    n_updates       | 239899    |
|    reward          | 3318.8857 |
----------------------------------
EPISODE:  242
EPISODE:  243
EPISODE:  244
EPISODE:  245
----------------------------------
| time/              |           |
|    episodes        | 244       |
|    fps             | 8         |
|    time_elapsed    | 30491     |
|    total_timesteps | 244000    |
| train/             |           |
|    actor_loss      | 9.87e+10  |
|    critic_loss     | 7.37e+21  |
|    ent_coef        | 4.09e+09  |
|    ent_coef_loss   | -418      |
|    learning_rate   | 0.0001    |
|    n_updates       | 243899    |
|    reward          | 3318.8857 |
----------------------------------
EPISODE:  246
EPISODE:  247
EPISODE:  248
EPISODE:  249
----------------------------------
| time/              |           |
|    episodes        | 248       |
|    fps             | 8         |
|    time_elapsed    | 30992     |
|    total_timesteps | 248000    |
| train/             |           |
|    actor_loss      | 1.42e+11  |
|    critic_loss     | 1.59e+22  |
|    ent_coef        | 6.08e+09  |
|    ent_coef_loss   | -421      |
|    learning_rate   | 0.0001    |
|    n_updates       | 247899    |
|    reward          | 3318.8857 |
----------------------------------
EPISODE:  250
EPISODE:  251
EPISODE:  252
EPISODE:  253
----------------------------------
| time/              |           |
|    episodes        | 252       |
|    fps             | 8         |
|    time_elapsed    | 31480     |
|    total_timesteps | 252000    |
| train/             |           |
|    actor_loss      | 2.06e+11  |
|    critic_loss     | 3.54e+22  |
|    ent_coef        | 9.05e+09  |
|    ent_coef_loss   | -431      |
|    learning_rate   | 0.0001    |
|    n_updates       | 251899    |
|    reward          | 3318.8857 |
----------------------------------
EPISODE:  254
EPISODE:  255
EPISODE:  256
EPISODE:  257
----------------------------------
| time/              |           |
|    episodes        | 256       |
|    fps             | 8         |
|    time_elapsed    | 31974     |
|    total_timesteps | 256000    |
| train/             |           |
|    actor_loss      | 3.01e+11  |
|    critic_loss     | 7.82e+22  |
|    ent_coef        | 1.35e+10  |
|    ent_coef_loss   | -442      |
|    learning_rate   | 0.0001    |
|    n_updates       | 255899    |
|    reward          | 3318.8857 |
----------------------------------
EPISODE:  258
EPISODE:  259
EPISODE:  260
EPISODE:  261
----------------------------------
| time/              |           |
|    episodes        | 260       |
|    fps             | 8         |
|    time_elapsed    | 32466     |
|    total_timesteps | 260000    |
| train/             |           |
|    actor_loss      | 4.35e+11  |
|    critic_loss     | 1.69e+23  |
|    ent_coef        | 2e+10     |
|    ent_coef_loss   | -443      |
|    learning_rate   | 0.0001    |
|    n_updates       | 259899    |
|    reward          | 3318.8857 |
----------------------------------
EPISODE:  262
EPISODE:  263
EPISODE:  264
EPISODE:  265
----------------------------------
| time/              |           |
|    episodes        | 264       |
|    fps             | 8         |
|    time_elapsed    | 32959     |
|    total_timesteps | 264000    |
| train/             |           |
|    actor_loss      | 6.42e+11  |
|    critic_loss     | 3.81e+23  |
|    ent_coef        | 2.98e+10  |
|    ent_coef_loss   | -453      |
|    learning_rate   | 0.0001    |
|    n_updates       | 263899    |
|    reward          | 3318.8857 |
----------------------------------
EPISODE:  266
EPISODE:  267
EPISODE:  268
EPISODE:  269
----------------------------------
| time/              |           |
|    episodes        | 268       |
|    fps             | 8         |
|    time_elapsed    | 33458     |
|    total_timesteps | 268000    |
| train/             |           |
|    actor_loss      | 9.48e+11  |
|    critic_loss     | 8.44e+23  |
|    ent_coef        | 4.44e+10  |
|    ent_coef_loss   | -462      |
|    learning_rate   | 0.0001    |
|    n_updates       | 267899    |
|    reward          | 3318.8857 |
----------------------------------
EPISODE:  270
EPISODE:  271
EPISODE:  272
EPISODE:  273
----------------------------------
| time/              |           |
|    episodes        | 272       |
|    fps             | 8         |
|    time_elapsed    | 33982     |
|    total_timesteps | 272000    |
| train/             |           |
|    actor_loss      | 1.4e+12   |
|    critic_loss     | 1.88e+24  |
|    ent_coef        | 6.6e+10   |
|    ent_coef_loss   | -470      |
|    learning_rate   | 0.0001    |
|    n_updates       | 271899    |
|    reward          | 3318.8857 |
----------------------------------
EPISODE:  274
EPISODE:  275
EPISODE:  276
EPISODE:  277
----------------------------------
| time/              |           |
|    episodes        | 276       |
|    fps             | 7         |
|    time_elapsed    | 34507     |
|    total_timesteps | 276000    |
| train/             |           |
|    actor_loss      | 2.07e+12  |
|    critic_loss     | 4.08e+24  |
|    ent_coef        | 9.82e+10  |
|    ent_coef_loss   | -477      |
|    learning_rate   | 0.0001    |
|    n_updates       | 275899    |
|    reward          | 3318.8857 |
----------------------------------
EPISODE:  278
EPISODE:  279
EPISODE:  280
EPISODE:  281
----------------------------------
| time/              |           |
|    episodes        | 280       |
|    fps             | 7         |
|    time_elapsed    | 35030     |
|    total_timesteps | 280000    |
| train/             |           |
|    actor_loss      | 3.08e+12  |
|    critic_loss     | 9.15e+24  |
|    ent_coef        | 1.46e+11  |
|    ent_coef_loss   | -486      |
|    learning_rate   | 0.0001    |
|    n_updates       | 279899    |
|    reward          | 3318.8857 |
----------------------------------
EPISODE:  282
EPISODE:  283
EPISODE:  284
EPISODE:  285
----------------------------------
| time/              |           |
|    episodes        | 284       |
|    fps             | 7         |
|    time_elapsed    | 35555     |
|    total_timesteps | 284000    |
| train/             |           |
|    actor_loss      | 4.55e+12  |
|    critic_loss     | 2.05e+25  |
|    ent_coef        | 2.17e+11  |
|    ent_coef_loss   | -491      |
|    learning_rate   | 0.0001    |
|    n_updates       | 283899    |
|    reward          | 3318.8857 |
----------------------------------
EPISODE:  286
EPISODE:  287
EPISODE:  288
EPISODE:  289
----------------------------------
| time/              |           |
|    episodes        | 288       |
|    fps             | 7         |
|    time_elapsed    | 36079     |
|    total_timesteps | 288000    |
| train/             |           |
|    actor_loss      | 6.81e+12  |
|    critic_loss     | 4.45e+25  |
|    ent_coef        | 3.24e+11  |
|    ent_coef_loss   | -502      |
|    learning_rate   | 0.0001    |
|    n_updates       | 287899    |
|    reward          | 3318.8857 |
----------------------------------
EPISODE:  290
EPISODE:  291
EPISODE:  292
EPISODE:  293
----------------------------------
| time/              |           |
|    episodes        | 292       |
|    fps             | 7         |
|    time_elapsed    | 36604     |
|    total_timesteps | 292000    |
| train/             |           |
|    actor_loss      | 1e+13     |
|    critic_loss     | 9.83e+25  |
|    ent_coef        | 4.82e+11  |
|    ent_coef_loss   | -504      |
|    learning_rate   | 0.0001    |
|    n_updates       | 291899    |
|    reward          | 3318.8857 |
----------------------------------
EPISODE:  294
EPISODE:  295
EPISODE:  296
EPISODE:  297
----------------------------------
| time/              |           |
|    episodes        | 296       |
|    fps             | 7         |
|    time_elapsed    | 37127     |
|    total_timesteps | 296000    |
| train/             |           |
|    actor_loss      | 1.5e+13   |
|    critic_loss     | 2.19e+26  |
|    ent_coef        | 7.17e+11  |
|    ent_coef_loss   | -516      |
|    learning_rate   | 0.0001    |
|    n_updates       | 295899    |
|    reward          | 3318.8857 |
----------------------------------
EPISODE:  298
EPISODE:  299
EPISODE:  300
EPISODE:  301
----------------------------------
| time/              |           |
|    episodes        | 300       |
|    fps             | 7         |
|    time_elapsed    | 37652     |
|    total_timesteps | 300000    |
| train/             |           |
|    actor_loss      | 2.21e+13  |
|    critic_loss     | 4.88e+26  |
|    ent_coef        | 1.07e+12  |
|    ent_coef_loss   | -518      |
|    learning_rate   | 0.0001    |
|    n_updates       | 299899    |
|    reward          | 3318.8857 |
----------------------------------
EPISODE:  302
EPISODE:  303
EPISODE:  304
EPISODE:  305
----------------------------------
| time/              |           |
|    episodes        | 304       |
|    fps             | 7         |
|    time_elapsed    | 38175     |
|    total_timesteps | 304000    |
| train/             |           |
|    actor_loss      | 3.3e+13   |
|    critic_loss     | 1.07e+27  |
|    ent_coef        | 1.59e+12  |
|    ent_coef_loss   | -528      |
|    learning_rate   | 0.0001    |
|    n_updates       | 303899    |
|    reward          | 3318.8857 |
----------------------------------
EPISODE:  306
EPISODE:  307
EPISODE:  308
EPISODE:  309
----------------------------------
| time/              |           |
|    episodes        | 308       |
|    fps             | 7         |
|    time_elapsed    | 38700     |
|    total_timesteps | 308000    |
| train/             |           |
|    actor_loss      | 4.91e+13  |
|    critic_loss     | 2.37e+27  |
|    ent_coef        | 2.36e+12  |
|    ent_coef_loss   | -535      |
|    learning_rate   | 0.0001    |
|    n_updates       | 307899    |
|    reward          | 3318.8857 |
----------------------------------
EPISODE:  310
EPISODE:  311
EPISODE:  312
EPISODE:  313
----------------------------------
| time/              |           |
|    episodes        | 312       |
|    fps             | 7         |
|    time_elapsed    | 39225     |
|    total_timesteps | 312000    |
| train/             |           |
|    actor_loss      | 7.31e+13  |
|    critic_loss     | 5.2e+27   |
|    ent_coef        | 3.51e+12  |
|    ent_coef_loss   | -543      |
|    learning_rate   | 0.0001    |
|    n_updates       | 311899    |
|    reward          | 3318.8857 |
----------------------------------
EPISODE:  314
EPISODE:  315
EPISODE:  316
EPISODE:  317
----------------------------------
| time/              |           |
|    episodes        | 316       |
|    fps             | 7         |
|    time_elapsed    | 39749     |
|    total_timesteps | 316000    |
| train/             |           |
|    actor_loss      | 1.08e+14  |
|    critic_loss     | 1.15e+28  |
|    ent_coef        | 5.23e+12  |
|    ent_coef_loss   | -546      |
|    learning_rate   | 0.0001    |
|    n_updates       | 315899    |
|    reward          | 3318.8857 |
----------------------------------
EPISODE:  318
EPISODE:  319
EPISODE:  320
EPISODE:  321
----------------------------------
| time/              |           |
|    episodes        | 320       |
|    fps             | 7         |
|    time_elapsed    | 40274     |
|    total_timesteps | 320000    |
| train/             |           |
|    actor_loss      | 1.62e+14  |
|    critic_loss     | 2.57e+28  |
|    ent_coef        | 7.78e+12  |
|    ent_coef_loss   | -560      |
|    learning_rate   | 0.0001    |
|    n_updates       | 319899    |
|    reward          | 3318.8857 |
----------------------------------
EPISODE:  322
EPISODE:  323
EPISODE:  324
EPISODE:  325
----------------------------------
| time/              |           |
|    episodes        | 324       |
|    fps             | 7         |
|    time_elapsed    | 40797     |
|    total_timesteps | 324000    |
| train/             |           |
|    actor_loss      | 2.42e+14  |
|    critic_loss     | 5.73e+28  |
|    ent_coef        | 1.16e+13  |
|    ent_coef_loss   | -569      |
|    learning_rate   | 0.0001    |
|    n_updates       | 323899    |
|    reward          | 3318.8857 |
----------------------------------
EPISODE:  326
EPISODE:  327
EPISODE:  328
EPISODE:  329
----------------------------------
| time/              |           |
|    episodes        | 328       |
|    fps             | 7         |
|    time_elapsed    | 41323     |
|    total_timesteps | 328000    |
| train/             |           |
|    actor_loss      | 3.57e+14  |
|    critic_loss     | 1.26e+29  |
|    ent_coef        | 1.72e+13  |
|    ent_coef_loss   | -570      |
|    learning_rate   | 0.0001    |
|    n_updates       | 327899    |
|    reward          | 3318.8857 |
----------------------------------
EPISODE:  330
EPISODE:  331
EPISODE:  332
EPISODE:  333
----------------------------------
| time/              |           |
|    episodes        | 332       |
|    fps             | 7         |
|    time_elapsed    | 41847     |
|    total_timesteps | 332000    |
| train/             |           |
|    actor_loss      | 5.33e+14  |
|    critic_loss     | 2.77e+29  |
|    ent_coef        | 2.56e+13  |
|    ent_coef_loss   | -580      |
|    learning_rate   | 0.0001    |
|    n_updates       | 331899    |
|    reward          | 3318.8857 |
----------------------------------
EPISODE:  334
EPISODE:  335
EPISODE:  336
EPISODE:  337
----------------------------------
| time/              |           |
|    episodes        | 336       |
|    fps             | 7         |
|    time_elapsed    | 42372     |
|    total_timesteps | 336000    |
| train/             |           |
|    actor_loss      | 7.92e+14  |
|    critic_loss     | 6.12e+29  |
|    ent_coef        | 3.81e+13  |
|    ent_coef_loss   | -586      |
|    learning_rate   | 0.0001    |
|    n_updates       | 335899    |
|    reward          | 3318.8857 |
----------------------------------
EPISODE:  338
EPISODE:  339
EPISODE:  340
EPISODE:  341
----------------------------------
| time/              |           |
|    episodes        | 340       |
|    fps             | 7         |
|    time_elapsed    | 42897     |
|    total_timesteps | 340000    |
| train/             |           |
|    actor_loss      | 1.18e+15  |
|    critic_loss     | 1.36e+30  |
|    ent_coef        | 5.68e+13  |
|    ent_coef_loss   | -593      |
|    learning_rate   | 0.0001    |
|    n_updates       | 339899    |
|    reward          | 3318.8857 |
----------------------------------
EPISODE:  342
EPISODE:  343
EPISODE:  344
EPISODE:  345
----------------------------------
| time/              |           |
|    episodes        | 344       |
|    fps             | 7         |
|    time_elapsed    | 43420     |
|    total_timesteps | 344000    |
| train/             |           |
|    actor_loss      | 1.76e+15  |
|    critic_loss     | 3.05e+30  |
|    ent_coef        | 8.44e+13  |
|    ent_coef_loss   | -604      |
|    learning_rate   | 0.0001    |
|    n_updates       | 343899    |
|    reward          | 3318.8857 |
----------------------------------
EPISODE:  346
EPISODE:  347
EPISODE:  348
EPISODE:  349
----------------------------------
| time/              |           |
|    episodes        | 348       |
|    fps             | 7         |
|    time_elapsed    | 43946     |
|    total_timesteps | 348000    |
| train/             |           |
|    actor_loss      | 2.6e+15   |
|    critic_loss     | 6.79e+30  |
|    ent_coef        | 1.26e+14  |
|    ent_coef_loss   | -607      |
|    learning_rate   | 0.0001    |
|    n_updates       | 347899    |
|    reward          | 3318.8857 |
----------------------------------
EPISODE:  350
EPISODE:  351
EPISODE:  352
EPISODE:  353
----------------------------------
| time/              |           |
|    episodes        | 352       |
|    fps             | 7         |
|    time_elapsed    | 44470     |
|    total_timesteps | 352000    |
| train/             |           |
|    actor_loss      | 3.89e+15  |
|    critic_loss     | 1.48e+31  |
|    ent_coef        | 1.87e+14  |
|    ent_coef_loss   | -619      |
|    learning_rate   | 0.0001    |
|    n_updates       | 351899    |
|    reward          | 3318.8857 |
----------------------------------
EPISODE:  354
EPISODE:  355
EPISODE:  356
EPISODE:  357
----------------------------------
| time/              |           |
|    episodes        | 356       |
|    fps             | 7         |
|    time_elapsed    | 44996     |
|    total_timesteps | 356000    |
| train/             |           |
|    actor_loss      | 5.77e+15  |
|    critic_loss     | 3.26e+31  |
|    ent_coef        | 2.78e+14  |
|    ent_coef_loss   | -624      |
|    learning_rate   | 0.0001    |
|    n_updates       | 355899    |
|    reward          | 3318.8857 |
----------------------------------
EPISODE:  358
EPISODE:  359
EPISODE:  360
EPISODE:  361
----------------------------------
| time/              |           |
|    episodes        | 360       |
|    fps             | 7         |
|    time_elapsed    | 45519     |
|    total_timesteps | 360000    |
| train/             |           |
|    actor_loss      | 8.57e+15  |
|    critic_loss     | 7.26e+31  |
|    ent_coef        | 4.13e+14  |
|    ent_coef_loss   | -631      |
|    learning_rate   | 0.0001    |
|    n_updates       | 359899    |
|    reward          | 3318.8857 |
----------------------------------
EPISODE:  362
EPISODE:  363
EPISODE:  364
EPISODE:  365
----------------------------------
| time/              |           |
|    episodes        | 364       |
|    fps             | 7         |
|    time_elapsed    | 46045     |
|    total_timesteps | 364000    |
| train/             |           |
|    actor_loss      | 1.28e+16  |
|    critic_loss     | 1.59e+32  |
|    ent_coef        | 6.14e+14  |
|    ent_coef_loss   | -642      |
|    learning_rate   | 0.0001    |
|    n_updates       | 363899    |
|    reward          | 3318.8857 |
----------------------------------
EPISODE:  366
EPISODE:  367
EPISODE:  368
EPISODE:  369
----------------------------------
| time/              |           |
|    episodes        | 368       |
|    fps             | 7         |
|    time_elapsed    | 46569     |
|    total_timesteps | 368000    |
| train/             |           |
|    actor_loss      | 1.9e+16   |
|    critic_loss     | 3.56e+32  |
|    ent_coef        | 9.13e+14  |
|    ent_coef_loss   | -648      |
|    learning_rate   | 0.0001    |
|    n_updates       | 367899    |
|    reward          | 3318.8857 |
----------------------------------
EPISODE:  370
EPISODE:  371
EPISODE:  372
EPISODE:  373
----------------------------------
| time/              |           |
|    episodes        | 372       |
|    fps             | 7         |
|    time_elapsed    | 47095     |
|    total_timesteps | 372000    |
| train/             |           |
|    actor_loss      | 2.82e+16  |
|    critic_loss     | 7.92e+32  |
|    ent_coef        | 1.36e+15  |
|    ent_coef_loss   | -654      |
|    learning_rate   | 0.0001    |
|    n_updates       | 371899    |
|    reward          | 3318.8857 |
----------------------------------
EPISODE:  374
EPISODE:  375
EPISODE:  376
EPISODE:  377
----------------------------------
| time/              |           |
|    episodes        | 376       |
|    fps             | 7         |
|    time_elapsed    | 47620     |
|    total_timesteps | 376000    |
| train/             |           |
|    actor_loss      | 4.2e+16   |
|    critic_loss     | 1.72e+33  |
|    ent_coef        | 2.02e+15  |
|    ent_coef_loss   | -662      |
|    learning_rate   | 0.0001    |
|    n_updates       | 375899    |
|    reward          | 3318.8857 |
----------------------------------
EPISODE:  378
EPISODE:  379
EPISODE:  380
EPISODE:  381
----------------------------------
| time/              |           |
|    episodes        | 380       |
|    fps             | 7         |
|    time_elapsed    | 48144     |
|    total_timesteps | 380000    |
| train/             |           |
|    actor_loss      | 6.24e+16  |
|    critic_loss     | 3.86e+33  |
|    ent_coef        | 3e+15     |
|    ent_coef_loss   | -670      |
|    learning_rate   | 0.0001    |
|    n_updates       | 379899    |
|    reward          | 3318.8857 |
----------------------------------
EPISODE:  382
EPISODE:  383
EPISODE:  384
EPISODE:  385
----------------------------------
| time/              |           |
|    episodes        | 384       |
|    fps             | 7         |
|    time_elapsed    | 48670     |
|    total_timesteps | 384000    |
| train/             |           |
|    actor_loss      | 9.21e+16  |
|    critic_loss     | 8.41e+33  |
|    ent_coef        | 4.46e+15  |
|    ent_coef_loss   | -672      |
|    learning_rate   | 0.0001    |
|    n_updates       | 383899    |
|    reward          | 3318.8857 |
----------------------------------
EPISODE:  386
EPISODE:  387
EPISODE:  388
EPISODE:  389
----------------------------------
| time/              |           |
|    episodes        | 388       |
|    fps             | 7         |
|    time_elapsed    | 49194     |
|    total_timesteps | 388000    |
| train/             |           |
|    actor_loss      | 1.38e+17  |
|    critic_loss     | 1.85e+34  |
|    ent_coef        | 6.63e+15  |
|    ent_coef_loss   | -686      |
|    learning_rate   | 0.0001    |
|    n_updates       | 387899    |
|    reward          | 3318.8857 |
----------------------------------
EPISODE:  390
EPISODE:  391
EPISODE:  392
EPISODE:  393
----------------------------------
| time/              |           |
|    episodes        | 392       |
|    fps             | 7         |
|    time_elapsed    | 49720     |
|    total_timesteps | 392000    |
| train/             |           |
|    actor_loss      | 2.04e+17  |
|    critic_loss     | 4.17e+34  |
|    ent_coef        | 9.87e+15  |
|    ent_coef_loss   | -689      |
|    learning_rate   | 0.0001    |
|    n_updates       | 391899    |
|    reward          | 3318.8857 |
----------------------------------
EPISODE:  394
EPISODE:  395
EPISODE:  396
EPISODE:  397
----------------------------------
| time/              |           |
|    episodes        | 396       |
|    fps             | 7         |
|    time_elapsed    | 50244     |
|    total_timesteps | 396000    |
| train/             |           |
|    actor_loss      | 3.04e+17  |
|    critic_loss     | 9.17e+34  |
|    ent_coef        | 1.47e+16  |
|    ent_coef_loss   | -696      |
|    learning_rate   | 0.0001    |
|    n_updates       | 395899    |
|    reward          | 3318.8857 |
----------------------------------
EPISODE:  398
EPISODE:  399
EPISODE:  400
EPISODE:  401
----------------------------------
| time/              |           |
|    episodes        | 400       |
|    fps             | 7         |
|    time_elapsed    | 50770     |
|    total_timesteps | 400000    |
| train/             |           |
|    actor_loss      | 4.54e+17  |
|    critic_loss     | 2.04e+35  |
|    ent_coef        | 2.18e+16  |
|    ent_coef_loss   | -709      |
|    learning_rate   | 0.0001    |
|    n_updates       | 399899    |
|    reward          | 3318.8857 |
----------------------------------
EPISODE:  402
EPISODE:  403
EPISODE:  404
EPISODE:  405
----------------------------------
| time/              |           |
|    episodes        | 404       |
|    fps             | 7         |
|    time_elapsed    | 51295     |
|    total_timesteps | 404000    |
| train/             |           |
|    actor_loss      | 6.79e+17  |
|    critic_loss     | 4.46e+35  |
|    ent_coef        | 3.24e+16  |
|    ent_coef_loss   | -720      |
|    learning_rate   | 0.0001    |
|    n_updates       | 403899    |
|    reward          | 3318.8857 |
----------------------------------
EPISODE:  406
EPISODE:  407
EPISODE:  408
EPISODE:  409
----------------------------------
| time/              |           |
|    episodes        | 408       |
|    fps             | 7         |
|    time_elapsed    | 51820     |
|    total_timesteps | 408000    |
| train/             |           |
|    actor_loss      | 1e+18     |
|    critic_loss     | 9.82e+35  |
|    ent_coef        | 4.82e+16  |
|    ent_coef_loss   | -720      |
|    learning_rate   | 0.0001    |
|    n_updates       | 407899    |
|    reward          | 3318.8857 |
----------------------------------
EPISODE:  410
EPISODE:  411
EPISODE:  412
EPISODE:  413
----------------------------------
| time/              |           |
|    episodes        | 412       |
|    fps             | 7         |
|    time_elapsed    | 52345     |
|    total_timesteps | 412000    |
| train/             |           |
|    actor_loss      | 1.49e+18  |
|    critic_loss     | 2.17e+36  |
|    ent_coef        | 7.17e+16  |
|    ent_coef_loss   | -729      |
|    learning_rate   | 0.0001    |
|    n_updates       | 411899    |
|    reward          | 3318.8857 |
----------------------------------
EPISODE:  414
EPISODE:  415
EPISODE:  416
EPISODE:  417
----------------------------------
| time/              |           |
|    episodes        | 416       |
|    fps             | 7         |
|    time_elapsed    | 52869     |
|    total_timesteps | 416000    |
| train/             |           |
|    actor_loss      | 2.21e+18  |
|    critic_loss     | inf       |
|    ent_coef        | 1.07e+17  |
|    ent_coef_loss   | -735      |
|    learning_rate   | 0.0001    |
|    n_updates       | 415899    |
|    reward          | 3318.8857 |
----------------------------------
EPISODE:  418
EPISODE:  419
EPISODE:  420
EPISODE:  421
----------------------------------
| time/              |           |
|    episodes        | 420       |
|    fps             | 7         |
|    time_elapsed    | 53395     |
|    total_timesteps | 420000    |
| train/             |           |
|    actor_loss      | 3.32e+18  |
|    critic_loss     | inf       |
|    ent_coef        | 1.59e+17  |
|    ent_coef_loss   | -749      |
|    learning_rate   | 0.0001    |
|    n_updates       | 419899    |
|    reward          | 3318.8857 |
----------------------------------
EPISODE:  422
EPISODE:  423
EPISODE:  424
EPISODE:  425
----------------------------------
| time/              |           |
|    episodes        | 424       |
|    fps             | 7         |
|    time_elapsed    | 53920     |
|    total_timesteps | 424000    |
| train/             |           |
|    actor_loss      | 4.87e+18  |
|    critic_loss     | inf       |
|    ent_coef        | 2.36e+17  |
|    ent_coef_loss   | -746      |
|    learning_rate   | 0.0001    |
|    n_updates       | 423899    |
|    reward          | 3318.8857 |
----------------------------------
EPISODE:  426
EPISODE:  427
EPISODE:  428
EPISODE:  429
----------------------------------
| time/              |           |
|    episodes        | 428       |
|    fps             | 7         |
|    time_elapsed    | 54445     |
|    total_timesteps | 428000    |
| train/             |           |
|    actor_loss      | 7.3e+18   |
|    critic_loss     | inf       |
|    ent_coef        | 3.51e+17  |
|    ent_coef_loss   | -761      |
|    learning_rate   | 0.0001    |
|    n_updates       | 427899    |
|    reward          | 3318.8857 |
----------------------------------
EPISODE:  430
EPISODE:  431
EPISODE:  432
EPISODE:  433
----------------------------------
| time/              |           |
|    episodes        | 432       |
|    fps             | 7         |
|    time_elapsed    | 54971     |
|    total_timesteps | 432000    |
| train/             |           |
|    actor_loss      | 1.08e+19  |
|    critic_loss     | inf       |
|    ent_coef        | 5.21e+17  |
|    ent_coef_loss   | -762      |
|    learning_rate   | 0.0001    |
|    n_updates       | 431899    |
|    reward          | 3318.8857 |
----------------------------------
EPISODE:  434
EPISODE:  435
EPISODE:  436
EPISODE:  437
----------------------------------
| time/              |           |
|    episodes        | 436       |
|    fps             | 7         |
|    time_elapsed    | 55495     |
|    total_timesteps | 436000    |
| train/             |           |
|    actor_loss      | 1.61e+19  |
|    critic_loss     | inf       |
|    ent_coef        | 7.75e+17  |
|    ent_coef_loss   | -775      |
|    learning_rate   | 0.0001    |
|    n_updates       | 435899    |
|    reward          | 3318.8857 |
----------------------------------
EPISODE:  438
EPISODE:  439
EPISODE:  440
EPISODE:  441
----------------------------------
| time/              |           |
|    episodes        | 440       |
|    fps             | 7         |
|    time_elapsed    | 56021     |
|    total_timesteps | 440000    |
| train/             |           |
|    actor_loss      | 2.4e+19   |
|    critic_loss     | inf       |
|    ent_coef        | 1.15e+18  |
|    ent_coef_loss   | -781      |
|    learning_rate   | 0.0001    |
|    n_updates       | 439899    |
|    reward          | 3318.8857 |
----------------------------------
EPISODE:  442
EPISODE:  443
EPISODE:  444
EPISODE:  445
----------------------------------
| time/              |           |
|    episodes        | 444       |
|    fps             | 7         |
|    time_elapsed    | 56546     |
|    total_timesteps | 444000    |
| train/             |           |
|    actor_loss      | 3.57e+19  |
|    critic_loss     | inf       |
|    ent_coef        | 1.71e+18  |
|    ent_coef_loss   | -791      |
|    learning_rate   | 0.0001    |
|    n_updates       | 443899    |
|    reward          | 3318.8857 |
----------------------------------
EPISODE:  446
EPISODE:  447
EPISODE:  448
EPISODE:  449
----------------------------------
| time/              |           |
|    episodes        | 448       |
|    fps             | 7         |
|    time_elapsed    | 57073     |
|    total_timesteps | 448000    |
| train/             |           |
|    actor_loss      | 5.26e+19  |
|    critic_loss     | inf       |
|    ent_coef        | 2.55e+18  |
|    ent_coef_loss   | -789      |
|    learning_rate   | 0.0001    |
|    n_updates       | 447899    |
|    reward          | 3318.8857 |
----------------------------------
EPISODE:  450
EPISODE:  451
EPISODE:  452
EPISODE:  453
----------------------------------
| time/              |           |
|    episodes        | 452       |
|    fps             | 7         |
|    time_elapsed    | 57597     |
|    total_timesteps | 452000    |
| train/             |           |
|    actor_loss      | 7.88e+19  |
|    critic_loss     | inf       |
|    ent_coef        | 3.79e+18  |
|    ent_coef_loss   | -804      |
|    learning_rate   | 0.0001    |
|    n_updates       | 451899    |
|    reward          | 3318.8857 |
----------------------------------
EPISODE:  454
EPISODE:  455
EPISODE:  456
EPISODE:  457
----------------------------------
| time/              |           |
|    episodes        | 456       |
|    fps             | 7         |
|    time_elapsed    | 58123     |
|    total_timesteps | 456000    |
| train/             |           |
|    actor_loss      | 1.18e+20  |
|    critic_loss     | inf       |
|    ent_coef        | 5.63e+18  |
|    ent_coef_loss   | -816      |
|    learning_rate   | 0.0001    |
|    n_updates       | 455899    |
|    reward          | 3318.8857 |
----------------------------------
EPISODE:  458
EPISODE:  459
EPISODE:  460
EPISODE:  461
----------------------------------
| time/              |           |
|    episodes        | 460       |
|    fps             | 7         |
|    time_elapsed    | 58648     |
|    total_timesteps | 460000    |
| train/             |           |
|    actor_loss      | 1.73e+20  |
|    critic_loss     | inf       |
|    ent_coef        | 8.38e+18  |
|    ent_coef_loss   | -811      |
|    learning_rate   | 0.0001    |
|    n_updates       | 459899    |
|    reward          | 3318.8857 |
----------------------------------
EPISODE:  462
EPISODE:  463
EPISODE:  464
EPISODE:  465
----------------------------------
| time/              |           |
|    episodes        | 464       |
|    fps             | 7         |
|    time_elapsed    | 59173     |
|    total_timesteps | 464000    |
| train/             |           |
|    actor_loss      | 2.6e+20   |
|    critic_loss     | inf       |
|    ent_coef        | 1.25e+19  |
|    ent_coef_loss   | -829      |
|    learning_rate   | 0.0001    |
|    n_updates       | 463899    |
|    reward          | 3318.8857 |
----------------------------------
EPISODE:  466
EPISODE:  467
EPISODE:  468
EPISODE:  469
----------------------------------
| time/              |           |
|    episodes        | 468       |
|    fps             | 7         |
|    time_elapsed    | 59699     |
|    total_timesteps | 468000    |
| train/             |           |
|    actor_loss      | 3.84e+20  |
|    critic_loss     | inf       |
|    ent_coef        | 1.85e+19  |
|    ent_coef_loss   | -832      |
|    learning_rate   | 0.0001    |
|    n_updates       | 467899    |
|    reward          | 3318.8857 |
----------------------------------
EPISODE:  470
EPISODE:  471
EPISODE:  472
EPISODE:  473
----------------------------------
| time/              |           |
|    episodes        | 472       |
|    fps             | 7         |
|    time_elapsed    | 60224     |
|    total_timesteps | 472000    |
| train/             |           |
|    actor_loss      | 5.74e+20  |
|    critic_loss     | inf       |
|    ent_coef        | 2.75e+19  |
|    ent_coef_loss   | -843      |
|    learning_rate   | 0.0001    |
|    n_updates       | 471899    |
|    reward          | 3318.8857 |
----------------------------------
EPISODE:  474
EPISODE:  475
EPISODE:  476
EPISODE:  477
----------------------------------
| time/              |           |
|    episodes        | 476       |
|    fps             | 7         |
|    time_elapsed    | 60749     |
|    total_timesteps | 476000    |
| train/             |           |
|    actor_loss      | 8.57e+20  |
|    critic_loss     | inf       |
|    ent_coef        | 4.1e+19   |
|    ent_coef_loss   | -855      |
|    learning_rate   | 0.0001    |
|    n_updates       | 475899    |
|    reward          | 3318.8857 |
----------------------------------
EPISODE:  478
EPISODE:  479
EPISODE:  480
EPISODE:  481
----------------------------------
| time/              |           |
|    episodes        | 480       |
|    fps             | 7         |
|    time_elapsed    | 61274     |
|    total_timesteps | 480000    |
| train/             |           |
|    actor_loss      | 1.27e+21  |
|    critic_loss     | inf       |
|    ent_coef        | 6.09e+19  |
|    ent_coef_loss   | -859      |
|    learning_rate   | 0.0001    |
|    n_updates       | 479899    |
|    reward          | 3318.8857 |
----------------------------------
EPISODE:  482
EPISODE:  483
EPISODE:  484
EPISODE:  485
----------------------------------
| time/              |           |
|    episodes        | 484       |
|    fps             | 7         |
|    time_elapsed    | 61800     |
|    total_timesteps | 484000    |
| train/             |           |
|    actor_loss      | 1.88e+21  |
|    critic_loss     | inf       |
|    ent_coef        | 9.06e+19  |
|    ent_coef_loss   | -865      |
|    learning_rate   | 0.0001    |
|    n_updates       | 483899    |
|    reward          | 3318.8857 |
----------------------------------
EPISODE:  486
EPISODE:  487
EPISODE:  488
EPISODE:  489
----------------------------------
| time/              |           |
|    episodes        | 488       |
|    fps             | 7         |
|    time_elapsed    | 62324     |
|    total_timesteps | 488000    |
| train/             |           |
|    actor_loss      | 2.78e+21  |
|    critic_loss     | inf       |
|    ent_coef        | 1.35e+20  |
|    ent_coef_loss   | -865      |
|    learning_rate   | 0.0001    |
|    n_updates       | 487899    |
|    reward          | 3318.8857 |
----------------------------------
EPISODE:  490
EPISODE:  491
EPISODE:  492
EPISODE:  493
----------------------------------
| time/              |           |
|    episodes        | 492       |
|    fps             | 7         |
|    time_elapsed    | 62850     |
|    total_timesteps | 492000    |
| train/             |           |
|    actor_loss      | 4.16e+21  |
|    critic_loss     | inf       |
|    ent_coef        | 2e+20     |
|    ent_coef_loss   | -878      |
|    learning_rate   | 0.0001    |
|    n_updates       | 491899    |
|    reward          | 3318.8857 |
----------------------------------
EPISODE:  494
EPISODE:  495
EPISODE:  496
EPISODE:  497
----------------------------------
| time/              |           |
|    episodes        | 496       |
|    fps             | 7         |
|    time_elapsed    | 63375     |
|    total_timesteps | 496000    |
| train/             |           |
|    actor_loss      | 6.18e+21  |
|    critic_loss     | inf       |
|    ent_coef        | 2.98e+20  |
|    ent_coef_loss   | -884      |
|    learning_rate   | 0.0001    |
|    n_updates       | 495899    |
|    reward          | 3318.8857 |
----------------------------------
EPISODE:  498
EPISODE:  499
EPISODE:  500
EPISODE:  501
----------------------------------
| time/              |           |
|    episodes        | 500       |
|    fps             | 7         |
|    time_elapsed    | 63899     |
|    total_timesteps | 500000    |
| train/             |           |
|    actor_loss      | 9.25e+21  |
|    critic_loss     | inf       |
|    ent_coef        | 4.43e+20  |
|    ent_coef_loss   | -898      |
|    learning_rate   | 0.0001    |
|    n_updates       | 499899    |
|    reward          | 3318.8857 |
----------------------------------
Saved episode log to Results/4_1/sac/upward/training_logs/10.csv
