EPISODE:  0
{'batch_size': 128, 'buffer_size': 1000000, 'learning_rate': 0.0001, 'learning_starts': 100, 'ent_coef': 'auto_0.1'}
Using cuda device
EPISODE:  1
EPISODE:  2
EPISODE:  3
EPISODE:  4
EPISODE:  5
----------------------------------
| time/              |           |
|    episodes        | 4         |
|    fps             | 23        |
|    time_elapsed    | 173       |
|    total_timesteps | 4000      |
| train/             |           |
|    actor_loss      | -2.25e+04 |
|    critic_loss     | 8.64e+04  |
|    ent_coef        | 0.152     |
|    ent_coef_loss   | 35.4      |
|    learning_rate   | 0.0001    |
|    n_updates       | 3899      |
|    reward          | 2085.917  |
----------------------------------
EPISODE:  6
EPISODE:  7
EPISODE:  8
EPISODE:  9
---------------------------------
| time/              |          |
|    episodes        | 8        |
|    fps             | 23       |
|    time_elapsed    | 345      |
|    total_timesteps | 8000     |
| train/             |          |
|    actor_loss      | -4.2e+04 |
|    critic_loss     | 2.88e+07 |
|    ent_coef        | 0.227    |
|    ent_coef_loss   | 27.8     |
|    learning_rate   | 0.0001   |
|    n_updates       | 7899     |
|    reward          | 2085.917 |
---------------------------------
EPISODE:  10
EPISODE:  11
EPISODE:  12
EPISODE:  13
----------------------------------
| time/              |           |
|    episodes        | 12        |
|    fps             | 23        |
|    time_elapsed    | 519       |
|    total_timesteps | 12000     |
| train/             |           |
|    actor_loss      | -5.72e+04 |
|    critic_loss     | 3.62e+05  |
|    ent_coef        | 0.339     |
|    ent_coef_loss   | 20.4      |
|    learning_rate   | 0.0001    |
|    n_updates       | 11899     |
|    reward          | 2085.917  |
----------------------------------
EPISODE:  14
EPISODE:  15
EPISODE:  16
EPISODE:  17
----------------------------------
| time/              |           |
|    episodes        | 16        |
|    fps             | 23        |
|    time_elapsed    | 693       |
|    total_timesteps | 16000     |
| train/             |           |
|    actor_loss      | -7.03e+04 |
|    critic_loss     | 3.81e+05  |
|    ent_coef        | 0.506     |
|    ent_coef_loss   | 12.8      |
|    learning_rate   | 0.0001    |
|    n_updates       | 15899     |
|    reward          | 2085.917  |
----------------------------------
EPISODE:  18
EPISODE:  19
EPISODE:  20
EPISODE:  21
----------------------------------
| time/              |           |
|    episodes        | 20        |
|    fps             | 23        |
|    time_elapsed    | 860       |
|    total_timesteps | 20000     |
| train/             |           |
|    actor_loss      | -7.81e+04 |
|    critic_loss     | 3.2e+05   |
|    ent_coef        | 0.754     |
|    ent_coef_loss   | 5.34      |
|    learning_rate   | 0.0001    |
|    n_updates       | 19899     |
|    reward          | 2085.917  |
----------------------------------
EPISODE:  22
EPISODE:  23
EPISODE:  24
EPISODE:  25
----------------------------------
| time/              |           |
|    episodes        | 24        |
|    fps             | 23        |
|    time_elapsed    | 1032      |
|    total_timesteps | 24000     |
| train/             |           |
|    actor_loss      | -8.61e+04 |
|    critic_loss     | 4.65e+05  |
|    ent_coef        | 1.13      |
|    ent_coef_loss   | -2.23     |
|    learning_rate   | 0.0001    |
|    n_updates       | 23899     |
|    reward          | 2085.917  |
----------------------------------
EPISODE:  26
EPISODE:  27
EPISODE:  28
EPISODE:  29
----------------------------------
| time/              |           |
|    episodes        | 28        |
|    fps             | 23        |
|    time_elapsed    | 1202      |
|    total_timesteps | 28000     |
| train/             |           |
|    actor_loss      | -9.21e+04 |
|    critic_loss     | 8.67e+05  |
|    ent_coef        | 1.68      |
|    ent_coef_loss   | -9.64     |
|    learning_rate   | 0.0001    |
|    n_updates       | 27899     |
|    reward          | 2085.917  |
----------------------------------
EPISODE:  30
EPISODE:  31
EPISODE:  32
EPISODE:  33
----------------------------------
| time/              |           |
|    episodes        | 32        |
|    fps             | 23        |
|    time_elapsed    | 1378      |
|    total_timesteps | 32000     |
| train/             |           |
|    actor_loss      | -9.58e+04 |
|    critic_loss     | 3.73e+05  |
|    ent_coef        | 2.5       |
|    ent_coef_loss   | -17.2     |
|    learning_rate   | 0.0001    |
|    n_updates       | 31899     |
|    reward          | 2085.917  |
----------------------------------
EPISODE:  34
EPISODE:  35
EPISODE:  36
EPISODE:  37
----------------------------------
| time/              |           |
|    episodes        | 36        |
|    fps             | 23        |
|    time_elapsed    | 1555      |
|    total_timesteps | 36000     |
| train/             |           |
|    actor_loss      | -1.02e+05 |
|    critic_loss     | 4.24e+05  |
|    ent_coef        | 3.74      |
|    ent_coef_loss   | -24.8     |
|    learning_rate   | 0.0001    |
|    n_updates       | 35899     |
|    reward          | 2085.917  |
----------------------------------
EPISODE:  38
EPISODE:  39
EPISODE:  40
EPISODE:  41
----------------------------------
| time/              |           |
|    episodes        | 40        |
|    fps             | 23        |
|    time_elapsed    | 1731      |
|    total_timesteps | 40000     |
| train/             |           |
|    actor_loss      | -1.01e+05 |
|    critic_loss     | 5.19e+05  |
|    ent_coef        | 5.57      |
|    ent_coef_loss   | -32.1     |
|    learning_rate   | 0.0001    |
|    n_updates       | 39899     |
|    reward          | 2085.917  |
----------------------------------
EPISODE:  42
EPISODE:  43
EPISODE:  44
EPISODE:  45
----------------------------------
| time/              |           |
|    episodes        | 44        |
|    fps             | 23        |
|    time_elapsed    | 1900      |
|    total_timesteps | 44000     |
| train/             |           |
|    actor_loss      | -9.98e+04 |
|    critic_loss     | 1.08e+08  |
|    ent_coef        | 8.31      |
|    ent_coef_loss   | -40.1     |
|    learning_rate   | 0.0001    |
|    n_updates       | 43899     |
|    reward          | 2085.917  |
----------------------------------
EPISODE:  46
EPISODE:  47
EPISODE:  48
EPISODE:  49
----------------------------------
| time/              |           |
|    episodes        | 48        |
|    fps             | 23        |
|    time_elapsed    | 2076      |
|    total_timesteps | 48000     |
| train/             |           |
|    actor_loss      | -1.01e+05 |
|    critic_loss     | 6.24e+05  |
|    ent_coef        | 12.4      |
|    ent_coef_loss   | -47       |
|    learning_rate   | 0.0001    |
|    n_updates       | 47899     |
|    reward          | 2085.917  |
----------------------------------
EPISODE:  50
EPISODE:  51
EPISODE:  52
EPISODE:  53
----------------------------------
| time/              |           |
|    episodes        | 52        |
|    fps             | 23        |
|    time_elapsed    | 2249      |
|    total_timesteps | 52000     |
| train/             |           |
|    actor_loss      | -9.78e+04 |
|    critic_loss     | 2.67e+05  |
|    ent_coef        | 18.5      |
|    ent_coef_loss   | -54.2     |
|    learning_rate   | 0.0001    |
|    n_updates       | 51899     |
|    reward          | 2085.917  |
----------------------------------
EPISODE:  54
EPISODE:  55
EPISODE:  56
EPISODE:  57
---------------------------------
| time/              |          |
|    episodes        | 56       |
|    fps             | 23       |
|    time_elapsed    | 2422     |
|    total_timesteps | 56000    |
| train/             |          |
|    actor_loss      | -9.3e+04 |
|    critic_loss     | 3.73e+05 |
|    ent_coef        | 27.6     |
|    ent_coef_loss   | -62.4    |
|    learning_rate   | 0.0001   |
|    n_updates       | 55899    |
|    reward          | 2085.917 |
---------------------------------
EPISODE:  58
EPISODE:  59
EPISODE:  60
EPISODE:  61
----------------------------------
| time/              |           |
|    episodes        | 60        |
|    fps             | 23        |
|    time_elapsed    | 2588      |
|    total_timesteps | 60000     |
| train/             |           |
|    actor_loss      | -8.43e+04 |
|    critic_loss     | 6.63e+07  |
|    ent_coef        | 41.2      |
|    ent_coef_loss   | -70.2     |
|    learning_rate   | 0.0001    |
|    n_updates       | 59899     |
|    reward          | 2085.917  |
----------------------------------
EPISODE:  62
EPISODE:  63
EPISODE:  64
EPISODE:  65
----------------------------------
| time/              |           |
|    episodes        | 64        |
|    fps             | 23        |
|    time_elapsed    | 2762      |
|    total_timesteps | 64000     |
| train/             |           |
|    actor_loss      | -6.98e+04 |
|    critic_loss     | 2.67e+05  |
|    ent_coef        | 61.4      |
|    ent_coef_loss   | -77.4     |
|    learning_rate   | 0.0001    |
|    n_updates       | 63899     |
|    reward          | 2085.917  |
----------------------------------
EPISODE:  66
EPISODE:  67
EPISODE:  68
EPISODE:  69
----------------------------------
| time/              |           |
|    episodes        | 68        |
|    fps             | 23        |
|    time_elapsed    | 2937      |
|    total_timesteps | 68000     |
| train/             |           |
|    actor_loss      | -5.04e+04 |
|    critic_loss     | 2.88e+05  |
|    ent_coef        | 91.7      |
|    ent_coef_loss   | -84.7     |
|    learning_rate   | 0.0001    |
|    n_updates       | 67899     |
|    reward          | 2085.917  |
----------------------------------
EPISODE:  70
EPISODE:  71
EPISODE:  72
EPISODE:  73
----------------------------------
| time/              |           |
|    episodes        | 72        |
|    fps             | 23        |
|    time_elapsed    | 3113      |
|    total_timesteps | 72000     |
| train/             |           |
|    actor_loss      | -1.89e+04 |
|    critic_loss     | 3.54e+05  |
|    ent_coef        | 137       |
|    ent_coef_loss   | -91.6     |
|    learning_rate   | 0.0001    |
|    n_updates       | 71899     |
|    reward          | 2085.917  |
----------------------------------
EPISODE:  74
EPISODE:  75
EPISODE:  76
EPISODE:  77
---------------------------------
| time/              |          |
|    episodes        | 76       |
|    fps             | 23       |
|    time_elapsed    | 3288     |
|    total_timesteps | 76000    |
| train/             |          |
|    actor_loss      | 2.52e+04 |
|    critic_loss     | 3e+05    |
|    ent_coef        | 204      |
|    ent_coef_loss   | -99.4    |
|    learning_rate   | 0.0001   |
|    n_updates       | 75899    |
|    reward          | 2085.917 |
---------------------------------
EPISODE:  78
EPISODE:  79
EPISODE:  80
EPISODE:  81
---------------------------------
| time/              |          |
|    episodes        | 80       |
|    fps             | 23       |
|    time_elapsed    | 3464     |
|    total_timesteps | 80000    |
| train/             |          |
|    actor_loss      | 9.34e+04 |
|    critic_loss     | 4.1e+05  |
|    ent_coef        | 305      |
|    ent_coef_loss   | -107     |
|    learning_rate   | 0.0001   |
|    n_updates       | 79899    |
|    reward          | 2085.917 |
---------------------------------
EPISODE:  82
EPISODE:  83
EPISODE:  84
EPISODE:  85
---------------------------------
| time/              |          |
|    episodes        | 84       |
|    fps             | 23       |
|    time_elapsed    | 3640     |
|    total_timesteps | 84000    |
| train/             |          |
|    actor_loss      | 1.93e+05 |
|    critic_loss     | 9.54e+05 |
|    ent_coef        | 454      |
|    ent_coef_loss   | -115     |
|    learning_rate   | 0.0001   |
|    n_updates       | 83899    |
|    reward          | 2085.917 |
---------------------------------
EPISODE:  86
EPISODE:  87
EPISODE:  88
EPISODE:  89
---------------------------------
| time/              |          |
|    episodes        | 88       |
|    fps             | 23       |
|    time_elapsed    | 3814     |
|    total_timesteps | 88000    |
| train/             |          |
|    actor_loss      | 3.48e+05 |
|    critic_loss     | 5.98e+08 |
|    ent_coef        | 678      |
|    ent_coef_loss   | -123     |
|    learning_rate   | 0.0001   |
|    n_updates       | 87899    |
|    reward          | 2085.917 |
---------------------------------
EPISODE:  90
EPISODE:  91
EPISODE:  92
EPISODE:  93
---------------------------------
| time/              |          |
|    episodes        | 92       |
|    fps             | 23       |
|    time_elapsed    | 3990     |
|    total_timesteps | 92000    |
| train/             |          |
|    actor_loss      | 5.71e+05 |
|    critic_loss     | 7.98e+06 |
|    ent_coef        | 1.01e+03 |
|    ent_coef_loss   | -130     |
|    learning_rate   | 0.0001   |
|    n_updates       | 91899    |
|    reward          | 2085.917 |
---------------------------------
EPISODE:  94
EPISODE:  95
EPISODE:  96
EPISODE:  97
---------------------------------
| time/              |          |
|    episodes        | 96       |
|    fps             | 23       |
|    time_elapsed    | 4165     |
|    total_timesteps | 96000    |
| train/             |          |
|    actor_loss      | 9.09e+05 |
|    critic_loss     | 1.73e+07 |
|    ent_coef        | 1.51e+03 |
|    ent_coef_loss   | -137     |
|    learning_rate   | 0.0001   |
|    n_updates       | 95899    |
|    reward          | 2085.917 |
---------------------------------
EPISODE:  98
EPISODE:  99
EPISODE:  100
EPISODE:  101
---------------------------------
| time/              |          |
|    episodes        | 100      |
|    fps             | 23       |
|    time_elapsed    | 4340     |
|    total_timesteps | 100000   |
| train/             |          |
|    actor_loss      | 1.4e+06  |
|    critic_loss     | 3.31e+07 |
|    ent_coef        | 2.25e+03 |
|    ent_coef_loss   | -146     |
|    learning_rate   | 0.0001   |
|    n_updates       | 99899    |
|    reward          | 2085.917 |
---------------------------------
EPISODE:  102
EPISODE:  103
EPISODE:  104
EPISODE:  105
---------------------------------
| time/              |          |
|    episodes        | 104      |
|    fps             | 23       |
|    time_elapsed    | 4507     |
|    total_timesteps | 104000   |
| train/             |          |
|    actor_loss      | 2.14e+06 |
|    critic_loss     | 7.28e+07 |
|    ent_coef        | 3.36e+03 |
|    ent_coef_loss   | -153     |
|    learning_rate   | 0.0001   |
|    n_updates       | 103899   |
|    reward          | 2085.917 |
---------------------------------
EPISODE:  106
EPISODE:  107
EPISODE:  108
EPISODE:  109
---------------------------------
| time/              |          |
|    episodes        | 108      |
|    fps             | 23       |
|    time_elapsed    | 4682     |
|    total_timesteps | 108000   |
| train/             |          |
|    actor_loss      | 3.21e+06 |
|    critic_loss     | 2.61e+08 |
|    ent_coef        | 5.02e+03 |
|    ent_coef_loss   | -159     |
|    learning_rate   | 0.0001   |
|    n_updates       | 107899   |
|    reward          | 2085.917 |
---------------------------------
EPISODE:  110
EPISODE:  111
EPISODE:  112
EPISODE:  113
---------------------------------
| time/              |          |
|    episodes        | 112      |
|    fps             | 23       |
|    time_elapsed    | 4858     |
|    total_timesteps | 112000   |
| train/             |          |
|    actor_loss      | 4.84e+06 |
|    critic_loss     | 1.83e+11 |
|    ent_coef        | 7.49e+03 |
|    ent_coef_loss   | -168     |
|    learning_rate   | 0.0001   |
|    n_updates       | 111899   |
|    reward          | 2085.917 |
---------------------------------
EPISODE:  114
EPISODE:  115
EPISODE:  116
EPISODE:  117
---------------------------------
| time/              |          |
|    episodes        | 116      |
|    fps             | 23       |
|    time_elapsed    | 5034     |
|    total_timesteps | 116000   |
| train/             |          |
|    actor_loss      | 7.23e+06 |
|    critic_loss     | 1.86e+09 |
|    ent_coef        | 1.12e+04 |
|    ent_coef_loss   | -176     |
|    learning_rate   | 0.0001   |
|    n_updates       | 115899   |
|    reward          | 2085.917 |
---------------------------------
EPISODE:  118
EPISODE:  119
EPISODE:  120
EPISODE:  121
---------------------------------
| time/              |          |
|    episodes        | 120      |
|    fps             | 23       |
|    time_elapsed    | 5210     |
|    total_timesteps | 120000   |
| train/             |          |
|    actor_loss      | 1.07e+07 |
|    critic_loss     | 5.85e+09 |
|    ent_coef        | 1.67e+04 |
|    ent_coef_loss   | -184     |
|    learning_rate   | 0.0001   |
|    n_updates       | 119899   |
|    reward          | 2085.917 |
---------------------------------
EPISODE:  122
EPISODE:  123
EPISODE:  124
EPISODE:  125
---------------------------------
| time/              |          |
|    episodes        | 124      |
|    fps             | 23       |
|    time_elapsed    | 5383     |
|    total_timesteps | 124000   |
| train/             |          |
|    actor_loss      | 1.58e+07 |
|    critic_loss     | 1.36e+10 |
|    ent_coef        | 2.49e+04 |
|    ent_coef_loss   | -191     |
|    learning_rate   | 0.0001   |
|    n_updates       | 123899   |
|    reward          | 2085.917 |
---------------------------------
EPISODE:  126
EPISODE:  127
EPISODE:  128
EPISODE:  129
---------------------------------
| time/              |          |
|    episodes        | 128      |
|    fps             | 23       |
|    time_elapsed    | 5558     |
|    total_timesteps | 128000   |
| train/             |          |
|    actor_loss      | 2.31e+07 |
|    critic_loss     | 5.44e+10 |
|    ent_coef        | 3.72e+04 |
|    ent_coef_loss   | -198     |
|    learning_rate   | 0.0001   |
|    n_updates       | 127899   |
|    reward          | 2085.917 |
---------------------------------
EPISODE:  130
EPISODE:  131
EPISODE:  132
EPISODE:  133
---------------------------------
| time/              |          |
|    episodes        | 132      |
|    fps             | 23       |
|    time_elapsed    | 5735     |
|    total_timesteps | 132000   |
| train/             |          |
|    actor_loss      | 3.36e+07 |
|    critic_loss     | 1.54e+11 |
|    ent_coef        | 5.55e+04 |
|    ent_coef_loss   | -205     |
|    learning_rate   | 0.0001   |
|    n_updates       | 131899   |
|    reward          | 2085.917 |
---------------------------------
EPISODE:  134
EPISODE:  135
EPISODE:  136
EPISODE:  137
---------------------------------
| time/              |          |
|    episodes        | 136      |
|    fps             | 23       |
|    time_elapsed    | 5911     |
|    total_timesteps | 136000   |
| train/             |          |
|    actor_loss      | 4.82e+07 |
|    critic_loss     | 2.93e+13 |
|    ent_coef        | 8.28e+04 |
|    ent_coef_loss   | -214     |
|    learning_rate   | 0.0001   |
|    n_updates       | 135899   |
|    reward          | 2085.917 |
---------------------------------
EPISODE:  138
EPISODE:  139
EPISODE:  140
EPISODE:  141
---------------------------------
| time/              |          |
|    episodes        | 140      |
|    fps             | 23       |
|    time_elapsed    | 6086     |
|    total_timesteps | 140000   |
| train/             |          |
|    actor_loss      | 6.83e+07 |
|    critic_loss     | 1.71e+12 |
|    ent_coef        | 1.24e+05 |
|    ent_coef_loss   | -221     |
|    learning_rate   | 0.0001   |
|    n_updates       | 139899   |
|    reward          | 2085.917 |
---------------------------------
EPISODE:  142
EPISODE:  143
EPISODE:  144
EPISODE:  145
---------------------------------
| time/              |          |
|    episodes        | 144      |
|    fps             | 23       |
|    time_elapsed    | 6258     |
|    total_timesteps | 144000   |
| train/             |          |
|    actor_loss      | 9.45e+07 |
|    critic_loss     | 5.63e+12 |
|    ent_coef        | 1.85e+05 |
|    ent_coef_loss   | -228     |
|    learning_rate   | 0.0001   |
|    n_updates       | 143899   |
|    reward          | 2085.917 |
---------------------------------
EPISODE:  146
EPISODE:  147
EPISODE:  148
EPISODE:  149
---------------------------------
| time/              |          |
|    episodes        | 148      |
|    fps             | 23       |
|    time_elapsed    | 6431     |
|    total_timesteps | 148000   |
| train/             |          |
|    actor_loss      | 1.3e+08  |
|    critic_loss     | 1.9e+13  |
|    ent_coef        | 2.75e+05 |
|    ent_coef_loss   | -238     |
|    learning_rate   | 0.0001   |
|    n_updates       | 147899   |
|    reward          | 2085.917 |
---------------------------------
EPISODE:  150
EPISODE:  151
EPISODE:  152
EPISODE:  153
---------------------------------
| time/              |          |
|    episodes        | 152      |
|    fps             | 23       |
|    time_elapsed    | 6608     |
|    total_timesteps | 152000   |
| train/             |          |
|    actor_loss      | 1.76e+08 |
|    critic_loss     | 5.99e+13 |
|    ent_coef        | 4.11e+05 |
|    ent_coef_loss   | -243     |
|    learning_rate   | 0.0001   |
|    n_updates       | 151899   |
|    reward          | 2085.917 |
---------------------------------
EPISODE:  154
EPISODE:  155
EPISODE:  156
EPISODE:  157
---------------------------------
| time/              |          |
|    episodes        | 156      |
|    fps             | 23       |
|    time_elapsed    | 6782     |
|    total_timesteps | 156000   |
| train/             |          |
|    actor_loss      | 2.31e+08 |
|    critic_loss     | 1.82e+14 |
|    ent_coef        | 6.14e+05 |
|    ent_coef_loss   | -251     |
|    learning_rate   | 0.0001   |
|    n_updates       | 155899   |
|    reward          | 2085.917 |
---------------------------------
EPISODE:  158
EPISODE:  159
EPISODE:  160
EPISODE:  161
---------------------------------
| time/              |          |
|    episodes        | 160      |
|    fps             | 22       |
|    time_elapsed    | 6959     |
|    total_timesteps | 160000   |
| train/             |          |
|    actor_loss      | 2.84e+08 |
|    critic_loss     | 5.24e+14 |
|    ent_coef        | 9.16e+05 |
|    ent_coef_loss   | -257     |
|    learning_rate   | 0.0001   |
|    n_updates       | 159899   |
|    reward          | 2085.917 |
---------------------------------
EPISODE:  162
EPISODE:  163
EPISODE:  164
EPISODE:  165
---------------------------------
| time/              |          |
|    episodes        | 164      |
|    fps             | 22       |
|    time_elapsed    | 7136     |
|    total_timesteps | 164000   |
| train/             |          |
|    actor_loss      | 3.74e+08 |
|    critic_loss     | 1.34e+15 |
|    ent_coef        | 1.37e+06 |
|    ent_coef_loss   | -266     |
|    learning_rate   | 0.0001   |
|    n_updates       | 163899   |
|    reward          | 2085.917 |
---------------------------------
EPISODE:  166
EPISODE:  167
EPISODE:  168
EPISODE:  169
---------------------------------
| time/              |          |
|    episodes        | 168      |
|    fps             | 22       |
|    time_elapsed    | 7314     |
|    total_timesteps | 168000   |
| train/             |          |
|    actor_loss      | 4.64e+08 |
|    critic_loss     | 3.21e+15 |
|    ent_coef        | 2.04e+06 |
|    ent_coef_loss   | -272     |
|    learning_rate   | 0.0001   |
|    n_updates       | 167899   |
|    reward          | 2085.917 |
---------------------------------
EPISODE:  170
EPISODE:  171
EPISODE:  172
EPISODE:  173
---------------------------------
| time/              |          |
|    episodes        | 172      |
|    fps             | 22       |
|    time_elapsed    | 7490     |
|    total_timesteps | 172000   |
| train/             |          |
|    actor_loss      | 6.02e+08 |
|    critic_loss     | 7.35e+15 |
|    ent_coef        | 3.05e+06 |
|    ent_coef_loss   | -280     |
|    learning_rate   | 0.0001   |
|    n_updates       | 171899   |
|    reward          | 2085.917 |
---------------------------------
EPISODE:  174
EPISODE:  175
EPISODE:  176
EPISODE:  177
---------------------------------
| time/              |          |
|    episodes        | 176      |
|    fps             | 22       |
|    time_elapsed    | 7665     |
|    total_timesteps | 176000   |
| train/             |          |
|    actor_loss      | 7.5e+08  |
|    critic_loss     | 1.62e+16 |
|    ent_coef        | 4.55e+06 |
|    ent_coef_loss   | -286     |
|    learning_rate   | 0.0001   |
|    n_updates       | 175899   |
|    reward          | 2085.917 |
---------------------------------
EPISODE:  178
EPISODE:  179
EPISODE:  180
EPISODE:  181
---------------------------------
| time/              |          |
|    episodes        | 180      |
|    fps             | 22       |
|    time_elapsed    | 7836     |
|    total_timesteps | 180000   |
| train/             |          |
|    actor_loss      | 9.07e+08 |
|    critic_loss     | 3.38e+16 |
|    ent_coef        | 6.79e+06 |
|    ent_coef_loss   | -296     |
|    learning_rate   | 0.0001   |
|    n_updates       | 179899   |
|    reward          | 2085.917 |
---------------------------------
EPISODE:  182
EPISODE:  183
EPISODE:  184
EPISODE:  185
---------------------------------
| time/              |          |
|    episodes        | 184      |
|    fps             | 22       |
|    time_elapsed    | 8013     |
|    total_timesteps | 184000   |
| train/             |          |
|    actor_loss      | 1.07e+09 |
|    critic_loss     | 6.88e+16 |
|    ent_coef        | 1.01e+07 |
|    ent_coef_loss   | -302     |
|    learning_rate   | 0.0001   |
|    n_updates       | 183899   |
|    reward          | 2085.917 |
---------------------------------
EPISODE:  186
EPISODE:  187
EPISODE:  188
EPISODE:  189
---------------------------------
| time/              |          |
|    episodes        | 188      |
|    fps             | 22       |
|    time_elapsed    | 8190     |
|    total_timesteps | 188000   |
| train/             |          |
|    actor_loss      | 1.41e+09 |
|    critic_loss     | 1.49e+17 |
|    ent_coef        | 1.51e+07 |
|    ent_coef_loss   | -312     |
|    learning_rate   | 0.0001   |
|    n_updates       | 187899   |
|    reward          | 2085.917 |
---------------------------------
EPISODE:  190
EPISODE:  191
EPISODE:  192
EPISODE:  193
---------------------------------
| time/              |          |
|    episodes        | 192      |
|    fps             | 22       |
|    time_elapsed    | 8367     |
|    total_timesteps | 192000   |
| train/             |          |
|    actor_loss      | 1.68e+09 |
|    critic_loss     | 2.99e+17 |
|    ent_coef        | 2.24e+07 |
|    ent_coef_loss   | -320     |
|    learning_rate   | 0.0001   |
|    n_updates       | 191899   |
|    reward          | 2085.917 |
---------------------------------
EPISODE:  194
EPISODE:  195
EPISODE:  196
EPISODE:  197
---------------------------------
| time/              |          |
|    episodes        | 196      |
|    fps             | 22       |
|    time_elapsed    | 8542     |
|    total_timesteps | 196000   |
| train/             |          |
|    actor_loss      | 2.05e+09 |
|    critic_loss     | 6.57e+17 |
|    ent_coef        | 3.34e+07 |
|    ent_coef_loss   | -324     |
|    learning_rate   | 0.0001   |
|    n_updates       | 195899   |
|    reward          | 2085.917 |
---------------------------------
EPISODE:  198
EPISODE:  199
EPISODE:  200
EPISODE:  201
---------------------------------
| time/              |          |
|    episodes        | 200      |
|    fps             | 22       |
|    time_elapsed    | 8718     |
|    total_timesteps | 200000   |
| train/             |          |
|    actor_loss      | 2.61e+09 |
|    critic_loss     | 1.31e+18 |
|    ent_coef        | 4.96e+07 |
|    ent_coef_loss   | -333     |
|    learning_rate   | 0.0001   |
|    n_updates       | 199899   |
|    reward          | 2085.917 |
---------------------------------
EPISODE:  202
EPISODE:  203
EPISODE:  204
EPISODE:  205
---------------------------------
| time/              |          |
|    episodes        | 204      |
|    fps             | 22       |
|    time_elapsed    | 8893     |
|    total_timesteps | 204000   |
| train/             |          |
|    actor_loss      | 3.43e+09 |
|    critic_loss     | 2.78e+18 |
|    ent_coef        | 7.39e+07 |
|    ent_coef_loss   | -344     |
|    learning_rate   | 0.0001   |
|    n_updates       | 203899   |
|    reward          | 2085.917 |
---------------------------------
EPISODE:  206
EPISODE:  207
EPISODE:  208
EPISODE:  209
---------------------------------
| time/              |          |
|    episodes        | 208      |
|    fps             | 22       |
|    time_elapsed    | 9069     |
|    total_timesteps | 208000   |
| train/             |          |
|    actor_loss      | 4.42e+09 |
|    critic_loss     | 6.05e+18 |
|    ent_coef        | 1.1e+08  |
|    ent_coef_loss   | -346     |
|    learning_rate   | 0.0001   |
|    n_updates       | 207899   |
|    reward          | 2085.917 |
---------------------------------
EPISODE:  210
EPISODE:  211
EPISODE:  212
EPISODE:  213
---------------------------------
| time/              |          |
|    episodes        | 212      |
|    fps             | 22       |
|    time_elapsed    | 9242     |
|    total_timesteps | 212000   |
| train/             |          |
|    actor_loss      | 5.76e+09 |
|    critic_loss     | 1.27e+19 |
|    ent_coef        | 1.64e+08 |
|    ent_coef_loss   | -355     |
|    learning_rate   | 0.0001   |
|    n_updates       | 211899   |
|    reward          | 2085.917 |
---------------------------------
EPISODE:  214
EPISODE:  215
EPISODE:  216
EPISODE:  217
---------------------------------
| time/              |          |
|    episodes        | 216      |
|    fps             | 22       |
|    time_elapsed    | 9412     |
|    total_timesteps | 216000   |
| train/             |          |
|    actor_loss      | 7.64e+09 |
|    critic_loss     | 2.72e+19 |
|    ent_coef        | 2.43e+08 |
|    ent_coef_loss   | -363     |
|    learning_rate   | 0.0001   |
|    n_updates       | 215899   |
|    reward          | 2085.917 |
---------------------------------
EPISODE:  218
EPISODE:  219
EPISODE:  220
EPISODE:  221
---------------------------------
| time/              |          |
|    episodes        | 220      |
|    fps             | 22       |
|    time_elapsed    | 9587     |
|    total_timesteps | 220000   |
| train/             |          |
|    actor_loss      | 1.04e+10 |
|    critic_loss     | 5.99e+19 |
|    ent_coef        | 3.62e+08 |
|    ent_coef_loss   | -372     |
|    learning_rate   | 0.0001   |
|    n_updates       | 219899   |
|    reward          | 2085.917 |
---------------------------------
EPISODE:  222
EPISODE:  223
EPISODE:  224
EPISODE:  225
---------------------------------
| time/              |          |
|    episodes        | 224      |
|    fps             | 22       |
|    time_elapsed    | 9760     |
|    total_timesteps | 224000   |
| train/             |          |
|    actor_loss      | 1.44e+10 |
|    critic_loss     | 1.29e+20 |
|    ent_coef        | 5.39e+08 |
|    ent_coef_loss   | -378     |
|    learning_rate   | 0.0001   |
|    n_updates       | 223899   |
|    reward          | 2085.917 |
---------------------------------
EPISODE:  226
EPISODE:  227
EPISODE:  228
EPISODE:  229
---------------------------------
| time/              |          |
|    episodes        | 228      |
|    fps             | 22       |
|    time_elapsed    | 9936     |
|    total_timesteps | 228000   |
| train/             |          |
|    actor_loss      | 2.03e+10 |
|    critic_loss     | 2.82e+20 |
|    ent_coef        | 8.02e+08 |
|    ent_coef_loss   | -385     |
|    learning_rate   | 0.0001   |
|    n_updates       | 227899   |
|    reward          | 2085.917 |
---------------------------------
EPISODE:  230
EPISODE:  231
EPISODE:  232
EPISODE:  233
---------------------------------
| time/              |          |
|    episodes        | 232      |
|    fps             | 22       |
|    time_elapsed    | 10110    |
|    total_timesteps | 232000   |
| train/             |          |
|    actor_loss      | 2.89e+10 |
|    critic_loss     | 6.3e+20  |
|    ent_coef        | 1.19e+09 |
|    ent_coef_loss   | -392     |
|    learning_rate   | 0.0001   |
|    n_updates       | 231899   |
|    reward          | 2085.917 |
---------------------------------
EPISODE:  234
EPISODE:  235
EPISODE:  236
EPISODE:  237
---------------------------------
| time/              |          |
|    episodes        | 236      |
|    fps             | 22       |
|    time_elapsed    | 10286    |
|    total_timesteps | 236000   |
| train/             |          |
|    actor_loss      | 4.15e+10 |
|    critic_loss     | 1.36e+21 |
|    ent_coef        | 1.78e+09 |
|    ent_coef_loss   | -403     |
|    learning_rate   | 0.0001   |
|    n_updates       | 235899   |
|    reward          | 2085.917 |
---------------------------------
EPISODE:  238
EPISODE:  239
EPISODE:  240
EPISODE:  241
---------------------------------
| time/              |          |
|    episodes        | 240      |
|    fps             | 22       |
|    time_elapsed    | 10461    |
|    total_timesteps | 240000   |
| train/             |          |
|    actor_loss      | 5.98e+10 |
|    critic_loss     | 2.98e+21 |
|    ent_coef        | 2.64e+09 |
|    ent_coef_loss   | -410     |
|    learning_rate   | 0.0001   |
|    n_updates       | 239899   |
|    reward          | 2085.917 |
---------------------------------
EPISODE:  242
EPISODE:  243
EPISODE:  244
EPISODE:  245
---------------------------------
| time/              |          |
|    episodes        | 244      |
|    fps             | 22       |
|    time_elapsed    | 10635    |
|    total_timesteps | 244000   |
| train/             |          |
|    actor_loss      | 8.71e+10 |
|    critic_loss     | 6.62e+21 |
|    ent_coef        | 3.93e+09 |
|    ent_coef_loss   | -415     |
|    learning_rate   | 0.0001   |
|    n_updates       | 243899   |
|    reward          | 2085.917 |
---------------------------------
EPISODE:  246
EPISODE:  247
EPISODE:  248
EPISODE:  249
---------------------------------
| time/              |          |
|    episodes        | 248      |
|    fps             | 22       |
|    time_elapsed    | 10813    |
|    total_timesteps | 248000   |
| train/             |          |
|    actor_loss      | 1.26e+11 |
|    critic_loss     | 1.48e+22 |
|    ent_coef        | 5.85e+09 |
|    ent_coef_loss   | -419     |
|    learning_rate   | 0.0001   |
|    n_updates       | 247899   |
|    reward          | 2085.917 |
---------------------------------
EPISODE:  250
EPISODE:  251
EPISODE:  252
EPISODE:  253
---------------------------------
| time/              |          |
|    episodes        | 252      |
|    fps             | 22       |
|    time_elapsed    | 10987    |
|    total_timesteps | 252000   |
| train/             |          |
|    actor_loss      | 1.87e+11 |
|    critic_loss     | 3.26e+22 |
|    ent_coef        | 8.71e+09 |
|    ent_coef_loss   | -430     |
|    learning_rate   | 0.0001   |
|    n_updates       | 251899   |
|    reward          | 2085.917 |
---------------------------------
EPISODE:  254
EPISODE:  255
EPISODE:  256
EPISODE:  257
---------------------------------
| time/              |          |
|    episodes        | 256      |
|    fps             | 22       |
|    time_elapsed    | 11162    |
|    total_timesteps | 256000   |
| train/             |          |
|    actor_loss      | 2.76e+11 |
|    critic_loss     | 7.11e+22 |
|    ent_coef        | 1.3e+10  |
|    ent_coef_loss   | -436     |
|    learning_rate   | 0.0001   |
|    n_updates       | 255899   |
|    reward          | 2085.917 |
---------------------------------
EPISODE:  258
EPISODE:  259
EPISODE:  260
EPISODE:  261
---------------------------------
| time/              |          |
|    episodes        | 260      |
|    fps             | 22       |
|    time_elapsed    | 11338    |
|    total_timesteps | 260000   |
| train/             |          |
|    actor_loss      | 4.08e+11 |
|    critic_loss     | 1.59e+23 |
|    ent_coef        | 1.93e+10 |
|    ent_coef_loss   | -444     |
|    learning_rate   | 0.0001   |
|    n_updates       | 259899   |
|    reward          | 2085.917 |
---------------------------------
EPISODE:  262
EPISODE:  263
EPISODE:  264
EPISODE:  265
---------------------------------
| time/              |          |
|    episodes        | 264      |
|    fps             | 22       |
|    time_elapsed    | 11513    |
|    total_timesteps | 264000   |
| train/             |          |
|    actor_loss      | 6.03e+11 |
|    critic_loss     | 3.54e+23 |
|    ent_coef        | 2.87e+10 |
|    ent_coef_loss   | -452     |
|    learning_rate   | 0.0001   |
|    n_updates       | 263899   |
|    reward          | 2085.917 |
---------------------------------
EPISODE:  266
EPISODE:  267
EPISODE:  268
EPISODE:  269
---------------------------------
| time/              |          |
|    episodes        | 268      |
|    fps             | 22       |
|    time_elapsed    | 11679    |
|    total_timesteps | 268000   |
| train/             |          |
|    actor_loss      | 8.95e+11 |
|    critic_loss     | 7.75e+23 |
|    ent_coef        | 4.27e+10 |
|    ent_coef_loss   | -459     |
|    learning_rate   | 0.0001   |
|    n_updates       | 267899   |
|    reward          | 2085.917 |
---------------------------------
EPISODE:  270
EPISODE:  271
EPISODE:  272
EPISODE:  273
---------------------------------
| time/              |          |
|    episodes        | 272      |
|    fps             | 22       |
|    time_elapsed    | 11855    |
|    total_timesteps | 272000   |
| train/             |          |
|    actor_loss      | 1.33e+12 |
|    critic_loss     | 1.7e+24  |
|    ent_coef        | 6.35e+10 |
|    ent_coef_loss   | -468     |
|    learning_rate   | 0.0001   |
|    n_updates       | 271899   |
|    reward          | 2085.917 |
---------------------------------
EPISODE:  274
EPISODE:  275
EPISODE:  276
EPISODE:  277
---------------------------------
| time/              |          |
|    episodes        | 276      |
|    fps             | 22       |
|    time_elapsed    | 12029    |
|    total_timesteps | 276000   |
| train/             |          |
|    actor_loss      | 1.97e+12 |
|    critic_loss     | 3.83e+24 |
|    ent_coef        | 9.45e+10 |
|    ent_coef_loss   | -473     |
|    learning_rate   | 0.0001   |
|    n_updates       | 275899   |
|    reward          | 2085.917 |
---------------------------------
EPISODE:  278
EPISODE:  279
EPISODE:  280
EPISODE:  281
---------------------------------
| time/              |          |
|    episodes        | 280      |
|    fps             | 22       |
|    time_elapsed    | 12205    |
|    total_timesteps | 280000   |
| train/             |          |
|    actor_loss      | 2.96e+12 |
|    critic_loss     | 8.4e+24  |
|    ent_coef        | 1.41e+11 |
|    ent_coef_loss   | -487     |
|    learning_rate   | 0.0001   |
|    n_updates       | 279899   |
|    reward          | 2085.917 |
---------------------------------
EPISODE:  282
EPISODE:  283
EPISODE:  284
EPISODE:  285
---------------------------------
| time/              |          |
|    episodes        | 284      |
|    fps             | 22       |
|    time_elapsed    | 12376    |
|    total_timesteps | 284000   |
| train/             |          |
|    actor_loss      | 4.37e+12 |
|    critic_loss     | 1.83e+25 |
|    ent_coef        | 2.09e+11 |
|    ent_coef_loss   | -491     |
|    learning_rate   | 0.0001   |
|    n_updates       | 283899   |
|    reward          | 2085.917 |
---------------------------------
EPISODE:  286
EPISODE:  287
EPISODE:  288
EPISODE:  289
---------------------------------
| time/              |          |
|    episodes        | 288      |
|    fps             | 22       |
|    time_elapsed    | 12552    |
|    total_timesteps | 288000   |
| train/             |          |
|    actor_loss      | 6.5e+12  |
|    critic_loss     | 4.12e+25 |
|    ent_coef        | 3.11e+11 |
|    ent_coef_loss   | -498     |
|    learning_rate   | 0.0001   |
|    n_updates       | 287899   |
|    reward          | 2085.917 |
---------------------------------
EPISODE:  290
EPISODE:  291
EPISODE:  292
EPISODE:  293
---------------------------------
| time/              |          |
|    episodes        | 292      |
|    fps             | 22       |
|    time_elapsed    | 12727    |
|    total_timesteps | 292000   |
| train/             |          |
|    actor_loss      | 9.65e+12 |
|    critic_loss     | 8.97e+25 |
|    ent_coef        | 4.64e+11 |
|    ent_coef_loss   | -505     |
|    learning_rate   | 0.0001   |
|    n_updates       | 291899   |
|    reward          | 2085.917 |
---------------------------------
EPISODE:  294
EPISODE:  295
EPISODE:  296
EPISODE:  297
---------------------------------
| time/              |          |
|    episodes        | 296      |
|    fps             | 22       |
|    time_elapsed    | 12900    |
|    total_timesteps | 296000   |
| train/             |          |
|    actor_loss      | 1.43e+13 |
|    critic_loss     | 2.01e+26 |
|    ent_coef        | 6.9e+11  |
|    ent_coef_loss   | -512     |
|    learning_rate   | 0.0001   |
|    n_updates       | 295899   |
|    reward          | 2085.917 |
---------------------------------
EPISODE:  298
EPISODE:  299
EPISODE:  300
EPISODE:  301
---------------------------------
| time/              |          |
|    episodes        | 300      |
|    fps             | 22       |
|    time_elapsed    | 13079    |
|    total_timesteps | 300000   |
| train/             |          |
|    actor_loss      | 2.14e+13 |
|    critic_loss     | 4.44e+26 |
|    ent_coef        | 1.03e+12 |
|    ent_coef_loss   | -520     |
|    learning_rate   | 0.0001   |
|    n_updates       | 299899   |
|    reward          | 2085.917 |
---------------------------------
EPISODE:  302
EPISODE:  303
EPISODE:  304
EPISODE:  305
---------------------------------
| time/              |          |
|    episodes        | 304      |
|    fps             | 22       |
|    time_elapsed    | 13258    |
|    total_timesteps | 304000   |
| train/             |          |
|    actor_loss      | 3.18e+13 |
|    critic_loss     | 9.84e+26 |
|    ent_coef        | 1.53e+12 |
|    ent_coef_loss   | -527     |
|    learning_rate   | 0.0001   |
|    n_updates       | 303899   |
|    reward          | 2085.917 |
---------------------------------
EPISODE:  306
EPISODE:  307
EPISODE:  308
EPISODE:  309
---------------------------------
| time/              |          |
|    episodes        | 308      |
|    fps             | 22       |
|    time_elapsed    | 13434    |
|    total_timesteps | 308000   |
| train/             |          |
|    actor_loss      | 4.74e+13 |
|    critic_loss     | 2.19e+27 |
|    ent_coef        | 2.27e+12 |
|    ent_coef_loss   | -536     |
|    learning_rate   | 0.0001   |
|    n_updates       | 307899   |
|    reward          | 2085.917 |
---------------------------------
EPISODE:  310
EPISODE:  311
EPISODE:  312
EPISODE:  313
---------------------------------
| time/              |          |
|    episodes        | 312      |
|    fps             | 22       |
|    time_elapsed    | 13603    |
|    total_timesteps | 312000   |
| train/             |          |
|    actor_loss      | 7.04e+13 |
|    critic_loss     | 4.85e+27 |
|    ent_coef        | 3.38e+12 |
|    ent_coef_loss   | -543     |
|    learning_rate   | 0.0001   |
|    n_updates       | 311899   |
|    reward          | 2085.917 |
---------------------------------
EPISODE:  314
EPISODE:  315
EPISODE:  316
EPISODE:  317
---------------------------------
| time/              |          |
|    episodes        | 316      |
|    fps             | 22       |
|    time_elapsed    | 13777    |
|    total_timesteps | 316000   |
| train/             |          |
|    actor_loss      | 1.05e+14 |
|    critic_loss     | 1.07e+28 |
|    ent_coef        | 5.03e+12 |
|    ent_coef_loss   | -551     |
|    learning_rate   | 0.0001   |
|    n_updates       | 315899   |
|    reward          | 2085.917 |
---------------------------------
EPISODE:  318
EPISODE:  319
EPISODE:  320
EPISODE:  321
---------------------------------
| time/              |          |
|    episodes        | 320      |
|    fps             | 22       |
|    time_elapsed    | 13949    |
|    total_timesteps | 320000   |
| train/             |          |
|    actor_loss      | 1.56e+14 |
|    critic_loss     | 2.39e+28 |
|    ent_coef        | 7.49e+12 |
|    ent_coef_loss   | -558     |
|    learning_rate   | 0.0001   |
|    n_updates       | 319899   |
|    reward          | 2085.917 |
---------------------------------
EPISODE:  322
EPISODE:  323
EPISODE:  324
EPISODE:  325
---------------------------------
| time/              |          |
|    episodes        | 324      |
|    fps             | 22       |
|    time_elapsed    | 14123    |
|    total_timesteps | 324000   |
| train/             |          |
|    actor_loss      | 2.33e+14 |
|    critic_loss     | 5.26e+28 |
|    ent_coef        | 1.11e+13 |
|    ent_coef_loss   | -569     |
|    learning_rate   | 0.0001   |
|    n_updates       | 323899   |
|    reward          | 2085.917 |
---------------------------------
EPISODE:  326
EPISODE:  327
EPISODE:  328
EPISODE:  329
---------------------------------
| time/              |          |
|    episodes        | 328      |
|    fps             | 22       |
|    time_elapsed    | 14299    |
|    total_timesteps | 328000   |
| train/             |          |
|    actor_loss      | 3.44e+14 |
|    critic_loss     | 1.16e+29 |
|    ent_coef        | 1.66e+13 |
|    ent_coef_loss   | -571     |
|    learning_rate   | 0.0001   |
|    n_updates       | 327899   |
|    reward          | 2085.917 |
---------------------------------
EPISODE:  330
EPISODE:  331
EPISODE:  332
EPISODE:  333
---------------------------------
| time/              |          |
|    episodes        | 332      |
|    fps             | 22       |
|    time_elapsed    | 14472    |
|    total_timesteps | 332000   |
| train/             |          |
|    actor_loss      | 5.14e+14 |
|    critic_loss     | 2.54e+29 |
|    ent_coef        | 2.47e+13 |
|    ent_coef_loss   | -581     |
|    learning_rate   | 0.0001   |
|    n_updates       | 331899   |
|    reward          | 2085.917 |
---------------------------------
EPISODE:  334
EPISODE:  335
EPISODE:  336
EPISODE:  337
---------------------------------
| time/              |          |
|    episodes        | 336      |
|    fps             | 22       |
|    time_elapsed    | 14645    |
|    total_timesteps | 336000   |
| train/             |          |
|    actor_loss      | 7.66e+14 |
|    critic_loss     | 5.73e+29 |
|    ent_coef        | 3.67e+13 |
|    ent_coef_loss   | -589     |
|    learning_rate   | 0.0001   |
|    n_updates       | 335899   |
|    reward          | 2085.917 |
---------------------------------
EPISODE:  338
EPISODE:  339
EPISODE:  340
EPISODE:  341
---------------------------------
| time/              |          |
|    episodes        | 340      |
|    fps             | 22       |
|    time_elapsed    | 14820    |
|    total_timesteps | 340000   |
| train/             |          |
|    actor_loss      | 1.13e+15 |
|    critic_loss     | 1.28e+30 |
|    ent_coef        | 5.46e+13 |
|    ent_coef_loss   | -592     |
|    learning_rate   | 0.0001   |
|    n_updates       | 339899   |
|    reward          | 2085.917 |
---------------------------------
EPISODE:  342
EPISODE:  343
EPISODE:  344
EPISODE:  345
---------------------------------
| time/              |          |
|    episodes        | 344      |
|    fps             | 22       |
|    time_elapsed    | 14997    |
|    total_timesteps | 344000   |
| train/             |          |
|    actor_loss      | 1.69e+15 |
|    critic_loss     | 2.79e+30 |
|    ent_coef        | 8.13e+13 |
|    ent_coef_loss   | -600     |
|    learning_rate   | 0.0001   |
|    n_updates       | 343899   |
|    reward          | 2085.917 |
---------------------------------
EPISODE:  346
EPISODE:  347
EPISODE:  348
EPISODE:  349
---------------------------------
| time/              |          |
|    episodes        | 348      |
|    fps             | 22       |
|    time_elapsed    | 15171    |
|    total_timesteps | 348000   |
| train/             |          |
|    actor_loss      | 2.53e+15 |
|    critic_loss     | 6.13e+30 |
|    ent_coef        | 1.21e+14 |
|    ent_coef_loss   | -613     |
|    learning_rate   | 0.0001   |
|    n_updates       | 347899   |
|    reward          | 2085.917 |
---------------------------------
EPISODE:  350
EPISODE:  351
EPISODE:  352
EPISODE:  353
---------------------------------
| time/              |          |
|    episodes        | 352      |
|    fps             | 22       |
|    time_elapsed    | 15347    |
|    total_timesteps | 352000   |
| train/             |          |
|    actor_loss      | 3.75e+15 |
|    critic_loss     | 1.35e+31 |
|    ent_coef        | 1.8e+14  |
|    ent_coef_loss   | -620     |
|    learning_rate   | 0.0001   |
|    n_updates       | 351899   |
|    reward          | 2085.917 |
---------------------------------
EPISODE:  354
EPISODE:  355
EPISODE:  356
EPISODE:  357
---------------------------------
| time/              |          |
|    episodes        | 356      |
|    fps             | 22       |
|    time_elapsed    | 15523    |
|    total_timesteps | 356000   |
| train/             |          |
|    actor_loss      | 5.5e+15  |
|    critic_loss     | 2.98e+31 |
|    ent_coef        | 2.67e+14 |
|    ent_coef_loss   | -617     |
|    learning_rate   | 0.0001   |
|    n_updates       | 355899   |
|    reward          | 2085.917 |
---------------------------------
EPISODE:  358
EPISODE:  359
EPISODE:  360
EPISODE:  361
---------------------------------
| time/              |          |
|    episodes        | 360      |
|    fps             | 22       |
|    time_elapsed    | 15698    |
|    total_timesteps | 360000   |
| train/             |          |
|    actor_loss      | 8.2e+15  |
|    critic_loss     | 6.66e+31 |
|    ent_coef        | 3.97e+14 |
|    ent_coef_loss   | -626     |
|    learning_rate   | 0.0001   |
|    n_updates       | 359899   |
|    reward          | 2085.917 |
---------------------------------
EPISODE:  362
EPISODE:  363
EPISODE:  364
EPISODE:  365
---------------------------------
| time/              |          |
|    episodes        | 364      |
|    fps             | 22       |
|    time_elapsed    | 15872    |
|    total_timesteps | 364000   |
| train/             |          |
|    actor_loss      | 1.23e+16 |
|    critic_loss     | 1.47e+32 |
|    ent_coef        | 5.91e+14 |
|    ent_coef_loss   | -639     |
|    learning_rate   | 0.0001   |
|    n_updates       | 363899   |
|    reward          | 2085.917 |
---------------------------------
EPISODE:  366
EPISODE:  367
EPISODE:  368
EPISODE:  369
---------------------------------
| time/              |          |
|    episodes        | 368      |
|    fps             | 22       |
|    time_elapsed    | 16049    |
|    total_timesteps | 368000   |
| train/             |          |
|    actor_loss      | 1.83e+16 |
|    critic_loss     | 3.25e+32 |
|    ent_coef        | 8.79e+14 |
|    ent_coef_loss   | -646     |
|    learning_rate   | 0.0001   |
|    n_updates       | 367899   |
|    reward          | 2085.917 |
---------------------------------
EPISODE:  370
EPISODE:  371
EPISODE:  372
EPISODE:  373
---------------------------------
| time/              |          |
|    episodes        | 372      |
|    fps             | 22       |
|    time_elapsed    | 16227    |
|    total_timesteps | 372000   |
| train/             |          |
|    actor_loss      | 2.72e+16 |
|    critic_loss     | 7.26e+32 |
|    ent_coef        | 1.31e+15 |
|    ent_coef_loss   | -656     |
|    learning_rate   | 0.0001   |
|    n_updates       | 371899   |
|    reward          | 2085.917 |
---------------------------------
EPISODE:  374
EPISODE:  375
EPISODE:  376
EPISODE:  377
---------------------------------
| time/              |          |
|    episodes        | 376      |
|    fps             | 22       |
|    time_elapsed    | 16403    |
|    total_timesteps | 376000   |
| train/             |          |
|    actor_loss      | 3.99e+16 |
|    critic_loss     | 1.57e+33 |
|    ent_coef        | 1.94e+15 |
|    ent_coef_loss   | -652     |
|    learning_rate   | 0.0001   |
|    n_updates       | 375899   |
|    reward          | 2085.917 |
---------------------------------
EPISODE:  378
EPISODE:  379
EPISODE:  380
EPISODE:  381
---------------------------------
| time/              |          |
|    episodes        | 380      |
|    fps             | 22       |
|    time_elapsed    | 16577    |
|    total_timesteps | 380000   |
| train/             |          |
|    actor_loss      | 6.02e+16 |
|    critic_loss     | 3.56e+33 |
|    ent_coef        | 2.89e+15 |
|    ent_coef_loss   | -670     |
|    learning_rate   | 0.0001   |
|    n_updates       | 379899   |
|    reward          | 2085.917 |
---------------------------------
EPISODE:  382
EPISODE:  383
EPISODE:  384
EPISODE:  385
---------------------------------
| time/              |          |
|    episodes        | 384      |
|    fps             | 22       |
|    time_elapsed    | 16754    |
|    total_timesteps | 384000   |
| train/             |          |
|    actor_loss      | 8.95e+16 |
|    critic_loss     | 7.93e+33 |
|    ent_coef        | 4.3e+15  |
|    ent_coef_loss   | -678     |
|    learning_rate   | 0.0001   |
|    n_updates       | 383899   |
|    reward          | 2085.917 |
---------------------------------
EPISODE:  386
EPISODE:  387
EPISODE:  388
EPISODE:  389
---------------------------------
| time/              |          |
|    episodes        | 388      |
|    fps             | 22       |
|    time_elapsed    | 16929    |
|    total_timesteps | 388000   |
| train/             |          |
|    actor_loss      | 1.32e+17 |
|    critic_loss     | 1.75e+34 |
|    ent_coef        | 6.39e+15 |
|    ent_coef_loss   | -678     |
|    learning_rate   | 0.0001   |
|    n_updates       | 387899   |
|    reward          | 2085.917 |
---------------------------------
EPISODE:  390
EPISODE:  391
EPISODE:  392
EPISODE:  393
---------------------------------
| time/              |          |
|    episodes        | 392      |
|    fps             | 22       |
|    time_elapsed    | 17104    |
|    total_timesteps | 392000   |
| train/             |          |
|    actor_loss      | 1.97e+17 |
|    critic_loss     | 3.86e+34 |
|    ent_coef        | 9.5e+15  |
|    ent_coef_loss   | -691     |
|    learning_rate   | 0.0001   |
|    n_updates       | 391899   |
|    reward          | 2085.917 |
---------------------------------
EPISODE:  394
EPISODE:  395
EPISODE:  396
EPISODE:  397
---------------------------------
| time/              |          |
|    episodes        | 396      |
|    fps             | 22       |
|    time_elapsed    | 17278    |
|    total_timesteps | 396000   |
| train/             |          |
|    actor_loss      | 2.95e+17 |
|    critic_loss     | 8.35e+34 |
|    ent_coef        | 1.41e+16 |
|    ent_coef_loss   | -701     |
|    learning_rate   | 0.0001   |
|    n_updates       | 395899   |
|    reward          | 2085.917 |
---------------------------------
EPISODE:  398
EPISODE:  399
EPISODE:  400
EPISODE:  401
---------------------------------
| time/              |          |
|    episodes        | 400      |
|    fps             | 22       |
|    time_elapsed    | 17455    |
|    total_timesteps | 400000   |
| train/             |          |
|    actor_loss      | 4.39e+17 |
|    critic_loss     | 1.86e+35 |
|    ent_coef        | 2.1e+16  |
|    ent_coef_loss   | -710     |
|    learning_rate   | 0.0001   |
|    n_updates       | 399899   |
|    reward          | 2085.917 |
---------------------------------
EPISODE:  402
EPISODE:  403
EPISODE:  404
EPISODE:  405
---------------------------------
| time/              |          |
|    episodes        | 404      |
|    fps             | 22       |
|    time_elapsed    | 17631    |
|    total_timesteps | 404000   |
| train/             |          |
|    actor_loss      | 6.5e+17  |
|    critic_loss     | 4.2e+35  |
|    ent_coef        | 3.12e+16 |
|    ent_coef_loss   | -715     |
|    learning_rate   | 0.0001   |
|    n_updates       | 403899   |
|    reward          | 2085.917 |
---------------------------------
EPISODE:  406
EPISODE:  407
EPISODE:  408
EPISODE:  409
---------------------------------
| time/              |          |
|    episodes        | 408      |
|    fps             | 22       |
|    time_elapsed    | 17808    |
|    total_timesteps | 408000   |
| train/             |          |
|    actor_loss      | 9.67e+17 |
|    critic_loss     | 9.02e+35 |
|    ent_coef        | 4.64e+16 |
|    ent_coef_loss   | -722     |
|    learning_rate   | 0.0001   |
|    n_updates       | 407899   |
|    reward          | 2085.917 |
---------------------------------
EPISODE:  410
EPISODE:  411
EPISODE:  412
EPISODE:  413
---------------------------------
| time/              |          |
|    episodes        | 412      |
|    fps             | 22       |
|    time_elapsed    | 17983    |
|    total_timesteps | 412000   |
| train/             |          |
|    actor_loss      | 1.43e+18 |
|    critic_loss     | 2.02e+36 |
|    ent_coef        | 6.9e+16  |
|    ent_coef_loss   | -727     |
|    learning_rate   | 0.0001   |
|    n_updates       | 411899   |
|    reward          | 2085.917 |
---------------------------------
EPISODE:  414
EPISODE:  415
EPISODE:  416
EPISODE:  417
---------------------------------
| time/              |          |
|    episodes        | 416      |
|    fps             | 22       |
|    time_elapsed    | 18156    |
|    total_timesteps | 416000   |
| train/             |          |
|    actor_loss      | 2.13e+18 |
|    critic_loss     | inf      |
|    ent_coef        | 1.03e+17 |
|    ent_coef_loss   | -734     |
|    learning_rate   | 0.0001   |
|    n_updates       | 415899   |
|    reward          | 2085.917 |
---------------------------------
EPISODE:  418
EPISODE:  419
EPISODE:  420
EPISODE:  421
---------------------------------
| time/              |          |
|    episodes        | 420      |
|    fps             | 22       |
|    time_elapsed    | 18333    |
|    total_timesteps | 420000   |
| train/             |          |
|    actor_loss      | 3.16e+18 |
|    critic_loss     | inf      |
|    ent_coef        | 1.53e+17 |
|    ent_coef_loss   | -739     |
|    learning_rate   | 0.0001   |
|    n_updates       | 419899   |
|    reward          | 2085.917 |
---------------------------------
EPISODE:  422
EPISODE:  423
EPISODE:  424
EPISODE:  425
---------------------------------
| time/              |          |
|    episodes        | 424      |
|    fps             | 22       |
|    time_elapsed    | 18510    |
|    total_timesteps | 424000   |
| train/             |          |
|    actor_loss      | 4.73e+18 |
|    critic_loss     | inf      |
|    ent_coef        | 2.27e+17 |
|    ent_coef_loss   | -752     |
|    learning_rate   | 0.0001   |
|    n_updates       | 423899   |
|    reward          | 2085.917 |
---------------------------------
EPISODE:  426
EPISODE:  427
EPISODE:  428
EPISODE:  429
---------------------------------
| time/              |          |
|    episodes        | 428      |
|    fps             | 22       |
|    time_elapsed    | 18683    |
|    total_timesteps | 428000   |
| train/             |          |
|    actor_loss      | 6.99e+18 |
|    critic_loss     | inf      |
|    ent_coef        | 3.38e+17 |
|    ent_coef_loss   | -755     |
|    learning_rate   | 0.0001   |
|    n_updates       | 427899   |
|    reward          | 2085.917 |
---------------------------------
EPISODE:  430
EPISODE:  431
EPISODE:  432
EPISODE:  433
---------------------------------
| time/              |          |
|    episodes        | 432      |
|    fps             | 22       |
|    time_elapsed    | 18859    |
|    total_timesteps | 432000   |
| train/             |          |
|    actor_loss      | 1.05e+19 |
|    critic_loss     | inf      |
|    ent_coef        | 5.02e+17 |
|    ent_coef_loss   | -770     |
|    learning_rate   | 0.0001   |
|    n_updates       | 431899   |
|    reward          | 2085.917 |
---------------------------------
EPISODE:  434
EPISODE:  435
EPISODE:  436
EPISODE:  437
---------------------------------
| time/              |          |
|    episodes        | 436      |
|    fps             | 22       |
|    time_elapsed    | 19035    |
|    total_timesteps | 436000   |
| train/             |          |
|    actor_loss      | 1.54e+19 |
|    critic_loss     | inf      |
|    ent_coef        | 7.46e+17 |
|    ent_coef_loss   | -769     |
|    learning_rate   | 0.0001   |
|    n_updates       | 435899   |
|    reward          | 2085.917 |
---------------------------------
EPISODE:  438
EPISODE:  439
EPISODE:  440
EPISODE:  441
---------------------------------
| time/              |          |
|    episodes        | 440      |
|    fps             | 22       |
|    time_elapsed    | 19212    |
|    total_timesteps | 440000   |
| train/             |          |
|    actor_loss      | 2.29e+19 |
|    critic_loss     | inf      |
|    ent_coef        | 1.11e+18 |
|    ent_coef_loss   | -773     |
|    learning_rate   | 0.0001   |
|    n_updates       | 439899   |
|    reward          | 2085.917 |
---------------------------------
EPISODE:  442
EPISODE:  443
EPISODE:  444
EPISODE:  445
---------------------------------
| time/              |          |
|    episodes        | 444      |
|    fps             | 22       |
|    time_elapsed    | 19387    |
|    total_timesteps | 444000   |
| train/             |          |
|    actor_loss      | 3.45e+19 |
|    critic_loss     | inf      |
|    ent_coef        | 1.65e+18 |
|    ent_coef_loss   | -794     |
|    learning_rate   | 0.0001   |
|    n_updates       | 443899   |
|    reward          | 2085.917 |
---------------------------------
EPISODE:  446
EPISODE:  447
EPISODE:  448
EPISODE:  449
---------------------------------
| time/              |          |
|    episodes        | 448      |
|    fps             | 22       |
|    time_elapsed    | 19564    |
|    total_timesteps | 448000   |
| train/             |          |
|    actor_loss      | 5.16e+19 |
|    critic_loss     | inf      |
|    ent_coef        | 2.45e+18 |
|    ent_coef_loss   | -806     |
|    learning_rate   | 0.0001   |
|    n_updates       | 447899   |
|    reward          | 2085.917 |
---------------------------------
EPISODE:  450
EPISODE:  451
EPISODE:  452
EPISODE:  453
---------------------------------
| time/              |          |
|    episodes        | 452      |
|    fps             | 22       |
|    time_elapsed    | 19741    |
|    total_timesteps | 452000   |
| train/             |          |
|    actor_loss      | 7.55e+19 |
|    critic_loss     | inf      |
|    ent_coef        | 3.65e+18 |
|    ent_coef_loss   | -799     |
|    learning_rate   | 0.0001   |
|    n_updates       | 451899   |
|    reward          | 2085.917 |
---------------------------------
EPISODE:  454
EPISODE:  455
EPISODE:  456
EPISODE:  457
---------------------------------
| time/              |          |
|    episodes        | 456      |
|    fps             | 22       |
|    time_elapsed    | 19915    |
|    total_timesteps | 456000   |
| train/             |          |
|    actor_loss      | 1.12e+20 |
|    critic_loss     | inf      |
|    ent_coef        | 5.43e+18 |
|    ent_coef_loss   | -803     |
|    learning_rate   | 0.0001   |
|    n_updates       | 455899   |
|    reward          | 2085.917 |
---------------------------------
EPISODE:  458
EPISODE:  459
EPISODE:  460
EPISODE:  461
---------------------------------
| time/              |          |
|    episodes        | 460      |
|    fps             | 22       |
|    time_elapsed    | 20090    |
|    total_timesteps | 460000   |
| train/             |          |
|    actor_loss      | 1.68e+20 |
|    critic_loss     | inf      |
|    ent_coef        | 8.07e+18 |
|    ent_coef_loss   | -822     |
|    learning_rate   | 0.0001   |
|    n_updates       | 459899   |
|    reward          | 2085.917 |
---------------------------------
EPISODE:  462
EPISODE:  463
EPISODE:  464
EPISODE:  465
---------------------------------
| time/              |          |
|    episodes        | 464      |
|    fps             | 22       |
|    time_elapsed    | 20261    |
|    total_timesteps | 464000   |
| train/             |          |
|    actor_loss      | 2.51e+20 |
|    critic_loss     | inf      |
|    ent_coef        | 1.2e+19  |
|    ent_coef_loss   | -830     |
|    learning_rate   | 0.0001   |
|    n_updates       | 463899   |
|    reward          | 2085.917 |
---------------------------------
EPISODE:  466
EPISODE:  467
EPISODE:  468
EPISODE:  469
---------------------------------
| time/              |          |
|    episodes        | 468      |
|    fps             | 22       |
|    time_elapsed    | 20434    |
|    total_timesteps | 468000   |
| train/             |          |
|    actor_loss      | 3.71e+20 |
|    critic_loss     | inf      |
|    ent_coef        | 1.78e+19 |
|    ent_coef_loss   | -833     |
|    learning_rate   | 0.0001   |
|    n_updates       | 467899   |
|    reward          | 2085.917 |
---------------------------------
EPISODE:  470
EPISODE:  471
EPISODE:  472
EPISODE:  473
---------------------------------
| time/              |          |
|    episodes        | 472      |
|    fps             | 22       |
|    time_elapsed    | 20612    |
|    total_timesteps | 472000   |
| train/             |          |
|    actor_loss      | 5.51e+20 |
|    critic_loss     | inf      |
|    ent_coef        | 2.65e+19 |
|    ent_coef_loss   | -839     |
|    learning_rate   | 0.0001   |
|    n_updates       | 471899   |
|    reward          | 2085.917 |
---------------------------------
EPISODE:  474
EPISODE:  475
EPISODE:  476
EPISODE:  477
---------------------------------
| time/              |          |
|    episodes        | 476      |
|    fps             | 22       |
|    time_elapsed    | 20783    |
|    total_timesteps | 476000   |
| train/             |          |
|    actor_loss      | 8.16e+20 |
|    critic_loss     | inf      |
|    ent_coef        | 3.94e+19 |
|    ent_coef_loss   | -843     |
|    learning_rate   | 0.0001   |
|    n_updates       | 475899   |
|    reward          | 2085.917 |
---------------------------------
EPISODE:  478
EPISODE:  479
EPISODE:  480
EPISODE:  481
---------------------------------
| time/              |          |
|    episodes        | 480      |
|    fps             | 22       |
|    time_elapsed    | 20960    |
|    total_timesteps | 480000   |
| train/             |          |
|    actor_loss      | 1.22e+21 |
|    critic_loss     | inf      |
|    ent_coef        | 5.86e+19 |
|    ent_coef_loss   | -853     |
|    learning_rate   | 0.0001   |
|    n_updates       | 479899   |
|    reward          | 2085.917 |
---------------------------------
EPISODE:  482
EPISODE:  483
EPISODE:  484
EPISODE:  485
---------------------------------
| time/              |          |
|    episodes        | 484      |
|    fps             | 22       |
|    time_elapsed    | 21133    |
|    total_timesteps | 484000   |
| train/             |          |
|    actor_loss      | 1.82e+21 |
|    critic_loss     | inf      |
|    ent_coef        | 8.72e+19 |
|    ent_coef_loss   | -864     |
|    learning_rate   | 0.0001   |
|    n_updates       | 483899   |
|    reward          | 2085.917 |
---------------------------------
EPISODE:  486
EPISODE:  487
EPISODE:  488
EPISODE:  489
---------------------------------
| time/              |          |
|    episodes        | 488      |
|    fps             | 22       |
|    time_elapsed    | 21309    |
|    total_timesteps | 488000   |
| train/             |          |
|    actor_loss      | 2.69e+21 |
|    critic_loss     | inf      |
|    ent_coef        | 1.3e+20  |
|    ent_coef_loss   | -867     |
|    learning_rate   | 0.0001   |
|    n_updates       | 487899   |
|    reward          | 2085.917 |
---------------------------------
EPISODE:  490
EPISODE:  491
EPISODE:  492
EPISODE:  493
---------------------------------
| time/              |          |
|    episodes        | 492      |
|    fps             | 22       |
|    time_elapsed    | 21487    |
|    total_timesteps | 492000   |
| train/             |          |
|    actor_loss      | 3.99e+21 |
|    critic_loss     | inf      |
|    ent_coef        | 1.93e+20 |
|    ent_coef_loss   | -874     |
|    learning_rate   | 0.0001   |
|    n_updates       | 491899   |
|    reward          | 2085.917 |
---------------------------------
EPISODE:  494
EPISODE:  495
EPISODE:  496
EPISODE:  497
---------------------------------
| time/              |          |
|    episodes        | 496      |
|    fps             | 22       |
|    time_elapsed    | 21660    |
|    total_timesteps | 496000   |
| train/             |          |
|    actor_loss      | 5.98e+21 |
|    critic_loss     | inf      |
|    ent_coef        | 2.87e+20 |
|    ent_coef_loss   | -889     |
|    learning_rate   | 0.0001   |
|    n_updates       | 495899   |
|    reward          | 2085.917 |
---------------------------------
EPISODE:  498
EPISODE:  499
EPISODE:  500
EPISODE:  501
---------------------------------
| time/              |          |
|    episodes        | 500      |
|    fps             | 22       |
|    time_elapsed    | 21836    |
|    total_timesteps | 500000   |
| train/             |          |
|    actor_loss      | 8.83e+21 |
|    critic_loss     | inf      |
|    ent_coef        | 4.26e+20 |
|    ent_coef_loss   | -889     |
|    learning_rate   | 0.0001   |
|    n_updates       | 499899   |
|    reward          | 2085.917 |
---------------------------------
Saved episode log to Results/4_2/sac/upward_noise/training_logs/05.csv
