[2025-07-23 14:11:31] Starting experiment: exp_20250723_141131
[2025-07-23 14:11:31] Saved experiment config to ..\data\experiment\exp_20250723_141131\experiment_config.json
[2025-07-23 14:11:32] Running: python single_run.py --experiment ..\data\experiment\exp_20250723_141131\results --generator Real World Asset Price Generator --agent Always Up Agent --run 001 --steps 10 --start_value 0.0 --agent_params {} --generator_params {"ticker": "AAPL", "start": "1985-01-01", "end": "2025-01-01"}
[2025-07-23 14:11:32] Running: python single_run.py --experiment ..\data\experiment\exp_20250723_141131\results --generator Real World Asset Price Generator --agent Always Up Agent --run 002 --steps 10 --start_value 0.0 --agent_params {} --generator_params {"ticker": "AAPL", "start": "1985-01-01", "end": "2025-01-01"}
[2025-07-23 14:11:32] Running: python single_run.py --experiment ..\data\experiment\exp_20250723_141131\results --generator Linear Trend Generator --agent Always Up Agent --run 001 --steps 10 --start_value 0.0 --agent_params {} --generator_params {"start_value": 10.0, "slope": 0.5}
[2025-07-23 14:11:32] Running: python single_run.py --experiment ..\data\experiment\exp_20250723_141131\results --generator Linear Trend Generator --agent Always Up Agent --run 002 --steps 10 --start_value 0.0 --agent_params {} --generator_params {"start_value": 10.0, "slope": 0.5}
[2025-07-23 14:11:32] Running: python single_run.py --experiment ..\data\experiment\exp_20250723_141131\results --generator Constant Generator --agent Always Up Agent --run 001 --steps 10 --start_value 0.0 --agent_params {} --generator_params {}
[2025-07-23 14:11:32] Running: python single_run.py --experiment ..\data\experiment\exp_20250723_141131\results --generator Constant Generator --agent Always Up Agent --run 002 --steps 10 --start_value 0.0 --agent_params {} --generator_params {}
[2025-07-23 14:11:32] Running: python single_run.py --experiment ..\data\experiment\exp_20250723_141131\results --generator Periodic Trend Generator --agent Always Up Agent --run 001 --steps 10 --start_value 0.0 --agent_params {} --generator_params {"start_value": 10.0, "amplitude": 2.0, "frequency": 0.1}
[2025-07-23 14:11:32] Running: python single_run.py --experiment ..\data\experiment\exp_20250723_141131\results --generator Periodic Trend Generator --agent Always Up Agent --run 002 --steps 10 --start_value 0.0 --agent_params {} --generator_params {"start_value": 10.0, "amplitude": 2.0, "frequency": 0.1}
[2025-07-23 14:11:40] Run completed: Always Up Agent x Constant Generator | Run 002
[2025-07-23 14:11:40] Running: python single_run.py --experiment ..\data\experiment\exp_20250723_141131\results --generator Ornstein-Uhlenbeck Generator --agent Always Up Agent --run 001 --steps 10 --start_value 0.0 --agent_params {} --generator_params {"mu": 10.0, "theta": 0.15, "sigma": 0.2, "dt": 1.0, "start_value": 20.0}
[2025-07-23 14:11:40] Run completed: Always Up Agent x Constant Generator | Run 001
[2025-07-23 14:11:40] Running: python single_run.py --experiment ..\data\experiment\exp_20250723_141131\results --generator Ornstein-Uhlenbeck Generator --agent Always Up Agent --run 002 --steps 10 --start_value 0.0 --agent_params {} --generator_params {"mu": 10.0, "theta": 0.15, "sigma": 0.2, "dt": 1.0, "start_value": 20.0}
[2025-07-23 14:11:40] Run completed: Always Up Agent x Periodic Trend Generator | Run 002
[2025-07-23 14:11:40] Running: python single_run.py --experiment ..\data\experiment\exp_20250723_141131\results --generator Random Walk Generator --agent Always Up Agent --run 001 --steps 10 --start_value 0.0 --agent_params {} --generator_params {"start_value": 0.0, "mu": 0.0, "sigma": 1.0}
[2025-07-23 14:11:40] Run completed: Always Up Agent x Linear Trend Generator | Run 002
[2025-07-23 14:11:40] Running: python single_run.py --experiment ..\data\experiment\exp_20250723_141131\results --generator Random Walk Generator --agent Always Up Agent --run 002 --steps 10 --start_value 0.0 --agent_params {} --generator_params {"start_value": 0.0, "mu": 0.0, "sigma": 1.0}
[2025-07-23 14:11:40] Run completed: Always Up Agent x Linear Trend Generator | Run 001
[2025-07-23 14:11:40] Running: python single_run.py --experiment ..\data\experiment\exp_20250723_141131\results --generator Markov Regime-Switching Generator --agent Always Up Agent --run 001 --steps 10 --start_value 0.0 --agent_params {} --generator_params {"regimes": [{"generator": "Linear Trend Generator", "params": {"start_value": 0.0, "slope": 0.5}}, {"generator": "Random Walk Generator", "params": {"start_value": 0.0, "mu": 0.0, "sigma": 1.0}}], "transition_matrix": [[0.8, 0.2], [0.2, 0.8]]}
[2025-07-23 14:11:40] Run completed: Always Up Agent x Periodic Trend Generator | Run 001
[2025-07-23 14:11:40] Running: python single_run.py --experiment ..\data\experiment\exp_20250723_141131\results --generator Markov Regime-Switching Generator --agent Always Up Agent --run 002 --steps 10 --start_value 0.0 --agent_params {} --generator_params {"regimes": [{"generator": "Linear Trend Generator", "params": {"start_value": 0.0, "slope": 0.5}}, {"generator": "Random Walk Generator", "params": {"start_value": 0.0, "mu": 0.0, "sigma": 1.0}}], "transition_matrix": [[0.8, 0.2], [0.2, 0.8]]}
[2025-07-23 14:11:41] Run completed: Always Up Agent x Real World Asset Price Generator | Run 002
[2025-07-23 14:11:41] Running: python single_run.py --experiment ..\data\experiment\exp_20250723_141131\results --generator Noisy Markov Regime-Switching Generator --agent Always Up Agent --run 001 --steps 10 --start_value 0.0 --agent_params {} --generator_params {"regimes": [{"generator": "Linear Trend Generator", "params": {"start_value": 0.0, "slope": 0.5}}, {"generator": "Ornstein-Uhlenbeck Generator", "params": {"mu": 0.0, "theta": 0.1, "sigma": 0.1, "dt": 1.0, "start_value": 0.0}}], "transition_matrix": [[0.8, 0.2], [0.2, 0.8]], "noise_mu": 0.0, "noise_sigma": 0.1}
[2025-07-23 14:11:41] Run completed: Always Up Agent x Real World Asset Price Generator | Run 001
[2025-07-23 14:11:41] Running: python single_run.py --experiment ..\data\experiment\exp_20250723_141131\results --generator Noisy Markov Regime-Switching Generator --agent Always Up Agent --run 002 --steps 10 --start_value 0.0 --agent_params {} --generator_params {"regimes": [{"generator": "Linear Trend Generator", "params": {"start_value": 0.0, "slope": 0.5}}, {"generator": "Ornstein-Uhlenbeck Generator", "params": {"mu": 0.0, "theta": 0.1, "sigma": 0.1, "dt": 1.0, "start_value": 0.0}}], "transition_matrix": [[0.8, 0.2], [0.2, 0.8]], "noise_mu": 0.0, "noise_sigma": 0.1}
[2025-07-23 14:11:49] Run completed: Always Up Agent x Markov Regime-Switching Generator | Run 001
[2025-07-23 14:11:49] Running: python single_run.py --experiment ..\data\experiment\exp_20250723_141131\results --generator Real World Asset Price Generator --agent Repeat Last Movement Agent --run 001 --steps 10 --start_value 0.0 --agent_params {} --generator_params {"ticker": "AAPL", "start": "1985-01-01", "end": "2025-01-01"}
[2025-07-23 14:11:49] Run completed: Always Up Agent x Random Walk Generator | Run 001
[2025-07-23 14:11:49] Running: python single_run.py --experiment ..\data\experiment\exp_20250723_141131\results --generator Real World Asset Price Generator --agent Repeat Last Movement Agent --run 002 --steps 10 --start_value 0.0 --agent_params {} --generator_params {"ticker": "AAPL", "start": "1985-01-01", "end": "2025-01-01"}
[2025-07-23 14:11:49] Run completed: Always Up Agent x Ornstein-Uhlenbeck Generator | Run 001
[2025-07-23 14:11:49] Running: python single_run.py --experiment ..\data\experiment\exp_20250723_141131\results --generator Linear Trend Generator --agent Repeat Last Movement Agent --run 001 --steps 10 --start_value 0.0 --agent_params {} --generator_params {"start_value": 10.0, "slope": 0.5}
[2025-07-23 14:11:49] Run completed: Always Up Agent x Ornstein-Uhlenbeck Generator | Run 002
[2025-07-23 14:11:49] Running: python single_run.py --experiment ..\data\experiment\exp_20250723_141131\results --generator Linear Trend Generator --agent Repeat Last Movement Agent --run 002 --steps 10 --start_value 0.0 --agent_params {} --generator_params {"start_value": 10.0, "slope": 0.5}
[2025-07-23 14:11:49] Run completed: Always Up Agent x Random Walk Generator | Run 002
[2025-07-23 14:11:49] Running: python single_run.py --experiment ..\data\experiment\exp_20250723_141131\results --generator Constant Generator --agent Repeat Last Movement Agent --run 001 --steps 10 --start_value 0.0 --agent_params {} --generator_params {}
[2025-07-23 14:11:49] Run completed: Always Up Agent x Markov Regime-Switching Generator | Run 002
[2025-07-23 14:11:49] Running: python single_run.py --experiment ..\data\experiment\exp_20250723_141131\results --generator Constant Generator --agent Repeat Last Movement Agent --run 002 --steps 10 --start_value 0.0 --agent_params {} --generator_params {}
[2025-07-23 14:11:49] Run completed: Always Up Agent x Noisy Markov Regime-Switching Generator | Run 001
[2025-07-23 14:11:49] Running: python single_run.py --experiment ..\data\experiment\exp_20250723_141131\results --generator Periodic Trend Generator --agent Repeat Last Movement Agent --run 001 --steps 10 --start_value 0.0 --agent_params {} --generator_params {"start_value": 10.0, "amplitude": 2.0, "frequency": 0.1}
[2025-07-23 14:11:49] Run completed: Always Up Agent x Noisy Markov Regime-Switching Generator | Run 002
[2025-07-23 14:11:49] Running: python single_run.py --experiment ..\data\experiment\exp_20250723_141131\results --generator Periodic Trend Generator --agent Repeat Last Movement Agent --run 002 --steps 10 --start_value 0.0 --agent_params {} --generator_params {"start_value": 10.0, "amplitude": 2.0, "frequency": 0.1}
[2025-07-23 14:11:57] Run completed: Repeat Last Movement Agent x Real World Asset Price Generator | Run 001
[2025-07-23 14:11:57] Running: python single_run.py --experiment ..\data\experiment\exp_20250723_141131\results --generator Ornstein-Uhlenbeck Generator --agent Repeat Last Movement Agent --run 001 --steps 10 --start_value 0.0 --agent_params {} --generator_params {"mu": 10.0, "theta": 0.15, "sigma": 0.2, "dt": 1.0, "start_value": 20.0}
[2025-07-23 14:11:57] Run completed: Repeat Last Movement Agent x Real World Asset Price Generator | Run 002
[2025-07-23 14:11:57] Running: python single_run.py --experiment ..\data\experiment\exp_20250723_141131\results --generator Ornstein-Uhlenbeck Generator --agent Repeat Last Movement Agent --run 002 --steps 10 --start_value 0.0 --agent_params {} --generator_params {"mu": 10.0, "theta": 0.15, "sigma": 0.2, "dt": 1.0, "start_value": 20.0}
[2025-07-23 14:11:57] Run completed: Repeat Last Movement Agent x Linear Trend Generator | Run 002
[2025-07-23 14:11:57] Running: python single_run.py --experiment ..\data\experiment\exp_20250723_141131\results --generator Random Walk Generator --agent Repeat Last Movement Agent --run 001 --steps 10 --start_value 0.0 --agent_params {} --generator_params {"start_value": 0.0, "mu": 0.0, "sigma": 1.0}
[2025-07-23 14:11:57] Run completed: Repeat Last Movement Agent x Constant Generator | Run 001
[2025-07-23 14:11:57] Running: python single_run.py --experiment ..\data\experiment\exp_20250723_141131\results --generator Random Walk Generator --agent Repeat Last Movement Agent --run 002 --steps 10 --start_value 0.0 --agent_params {} --generator_params {"start_value": 0.0, "mu": 0.0, "sigma": 1.0}
[2025-07-23 14:11:57] Run completed: Repeat Last Movement Agent x Constant Generator | Run 002
[2025-07-23 14:11:57] Running: python single_run.py --experiment ..\data\experiment\exp_20250723_141131\results --generator Markov Regime-Switching Generator --agent Repeat Last Movement Agent --run 001 --steps 10 --start_value 0.0 --agent_params {} --generator_params {"regimes": [{"generator": "Linear Trend Generator", "params": {"start_value": 0.0, "slope": 0.5}}, {"generator": "Random Walk Generator", "params": {"start_value": 0.0, "mu": 0.0, "sigma": 1.0}}], "transition_matrix": [[0.8, 0.2], [0.2, 0.8]]}
[2025-07-23 14:11:57] Run completed: Repeat Last Movement Agent x Linear Trend Generator | Run 001
[2025-07-23 14:11:57] Running: python single_run.py --experiment ..\data\experiment\exp_20250723_141131\results --generator Markov Regime-Switching Generator --agent Repeat Last Movement Agent --run 002 --steps 10 --start_value 0.0 --agent_params {} --generator_params {"regimes": [{"generator": "Linear Trend Generator", "params": {"start_value": 0.0, "slope": 0.5}}, {"generator": "Random Walk Generator", "params": {"start_value": 0.0, "mu": 0.0, "sigma": 1.0}}], "transition_matrix": [[0.8, 0.2], [0.2, 0.8]]}
[2025-07-23 14:11:57] Run completed: Repeat Last Movement Agent x Periodic Trend Generator | Run 001
[2025-07-23 14:11:57] Running: python single_run.py --experiment ..\data\experiment\exp_20250723_141131\results --generator Noisy Markov Regime-Switching Generator --agent Repeat Last Movement Agent --run 001 --steps 10 --start_value 0.0 --agent_params {} --generator_params {"regimes": [{"generator": "Linear Trend Generator", "params": {"start_value": 0.0, "slope": 0.5}}, {"generator": "Ornstein-Uhlenbeck Generator", "params": {"mu": 0.0, "theta": 0.1, "sigma": 0.1, "dt": 1.0, "start_value": 0.0}}], "transition_matrix": [[0.8, 0.2], [0.2, 0.8]], "noise_mu": 0.0, "noise_sigma": 0.1}
[2025-07-23 14:11:57] Run completed: Repeat Last Movement Agent x Periodic Trend Generator | Run 002
[2025-07-23 14:11:57] Running: python single_run.py --experiment ..\data\experiment\exp_20250723_141131\results --generator Noisy Markov Regime-Switching Generator --agent Repeat Last Movement Agent --run 002 --steps 10 --start_value 0.0 --agent_params {} --generator_params {"regimes": [{"generator": "Linear Trend Generator", "params": {"start_value": 0.0, "slope": 0.5}}, {"generator": "Ornstein-Uhlenbeck Generator", "params": {"mu": 0.0, "theta": 0.1, "sigma": 0.1, "dt": 1.0, "start_value": 0.0}}], "transition_matrix": [[0.8, 0.2], [0.2, 0.8]], "noise_mu": 0.0, "noise_sigma": 0.1}
[2025-07-23 14:12:06] Run completed: Repeat Last Movement Agent x Ornstein-Uhlenbeck Generator | Run 002
[2025-07-23 14:12:06] Running: python single_run.py --experiment ..\data\experiment\exp_20250723_141131\results --generator Real World Asset Price Generator --agent Frequency-Based Majority Agent --run 001 --steps 10 --start_value 0.0 --agent_params {} --generator_params {"ticker": "AAPL", "start": "1985-01-01", "end": "2025-01-01"}
[2025-07-23 14:12:06] Run completed: Repeat Last Movement Agent x Ornstein-Uhlenbeck Generator | Run 001
[2025-07-23 14:12:06] Running: python single_run.py --experiment ..\data\experiment\exp_20250723_141131\results --generator Real World Asset Price Generator --agent Frequency-Based Majority Agent --run 002 --steps 10 --start_value 0.0 --agent_params {} --generator_params {"ticker": "AAPL", "start": "1985-01-01", "end": "2025-01-01"}
[2025-07-23 14:12:07] Run completed: Repeat Last Movement Agent x Random Walk Generator | Run 002
[2025-07-23 14:12:07] Running: python single_run.py --experiment ..\data\experiment\exp_20250723_141131\results --generator Linear Trend Generator --agent Frequency-Based Majority Agent --run 001 --steps 10 --start_value 0.0 --agent_params {} --generator_params {"start_value": 10.0, "slope": 0.5}
[2025-07-23 14:12:07] Run completed: Repeat Last Movement Agent x Random Walk Generator | Run 001
[2025-07-23 14:12:07] Running: python single_run.py --experiment ..\data\experiment\exp_20250723_141131\results --generator Linear Trend Generator --agent Frequency-Based Majority Agent --run 002 --steps 10 --start_value 0.0 --agent_params {} --generator_params {"start_value": 10.0, "slope": 0.5}
[2025-07-23 14:12:07] Run completed: Repeat Last Movement Agent x Markov Regime-Switching Generator | Run 001
[2025-07-23 14:12:07] Running: python single_run.py --experiment ..\data\experiment\exp_20250723_141131\results --generator Constant Generator --agent Frequency-Based Majority Agent --run 001 --steps 10 --start_value 0.0 --agent_params {} --generator_params {}
[2025-07-23 14:12:07] Run completed: Repeat Last Movement Agent x Markov Regime-Switching Generator | Run 002
[2025-07-23 14:12:07] Running: python single_run.py --experiment ..\data\experiment\exp_20250723_141131\results --generator Constant Generator --agent Frequency-Based Majority Agent --run 002 --steps 10 --start_value 0.0 --agent_params {} --generator_params {}
[2025-07-23 14:12:07] Run completed: Repeat Last Movement Agent x Noisy Markov Regime-Switching Generator | Run 002
[2025-07-23 14:12:07] Running: python single_run.py --experiment ..\data\experiment\exp_20250723_141131\results --generator Periodic Trend Generator --agent Frequency-Based Majority Agent --run 001 --steps 10 --start_value 0.0 --agent_params {} --generator_params {"start_value": 10.0, "amplitude": 2.0, "frequency": 0.1}
[2025-07-23 14:12:07] Run completed: Repeat Last Movement Agent x Noisy Markov Regime-Switching Generator | Run 001
[2025-07-23 14:12:07] Running: python single_run.py --experiment ..\data\experiment\exp_20250723_141131\results --generator Periodic Trend Generator --agent Frequency-Based Majority Agent --run 002 --steps 10 --start_value 0.0 --agent_params {} --generator_params {"start_value": 10.0, "amplitude": 2.0, "frequency": 0.1}
[2025-07-23 14:12:15] Run completed: Frequency-Based Majority Agent x Real World Asset Price Generator | Run 001
[2025-07-23 14:12:15] Running: python single_run.py --experiment ..\data\experiment\exp_20250723_141131\results --generator Ornstein-Uhlenbeck Generator --agent Frequency-Based Majority Agent --run 001 --steps 10 --start_value 0.0 --agent_params {} --generator_params {"mu": 10.0, "theta": 0.15, "sigma": 0.2, "dt": 1.0, "start_value": 20.0}
[2025-07-23 14:12:15] Run completed: Frequency-Based Majority Agent x Linear Trend Generator | Run 001
[2025-07-23 14:12:15] Running: python single_run.py --experiment ..\data\experiment\exp_20250723_141131\results --generator Ornstein-Uhlenbeck Generator --agent Frequency-Based Majority Agent --run 002 --steps 10 --start_value 0.0 --agent_params {} --generator_params {"mu": 10.0, "theta": 0.15, "sigma": 0.2, "dt": 1.0, "start_value": 20.0}
[2025-07-23 14:12:15] Run completed: Frequency-Based Majority Agent x Linear Trend Generator | Run 002
[2025-07-23 14:12:15] Running: python single_run.py --experiment ..\data\experiment\exp_20250723_141131\results --generator Random Walk Generator --agent Frequency-Based Majority Agent --run 001 --steps 10 --start_value 0.0 --agent_params {} --generator_params {"start_value": 0.0, "mu": 0.0, "sigma": 1.0}
[2025-07-23 14:12:15] Run completed: Frequency-Based Majority Agent x Constant Generator | Run 002
[2025-07-23 14:12:15] Running: python single_run.py --experiment ..\data\experiment\exp_20250723_141131\results --generator Random Walk Generator --agent Frequency-Based Majority Agent --run 002 --steps 10 --start_value 0.0 --agent_params {} --generator_params {"start_value": 0.0, "mu": 0.0, "sigma": 1.0}
[2025-07-23 14:12:15] Run completed: Frequency-Based Majority Agent x Constant Generator | Run 001
[2025-07-23 14:12:15] Run completed: Frequency-Based Majority Agent x Periodic Trend Generator | Run 001
[2025-07-23 14:12:15] Running: python single_run.py --experiment ..\data\experiment\exp_20250723_141131\results --generator Markov Regime-Switching Generator --agent Frequency-Based Majority Agent --run 001 --steps 10 --start_value 0.0 --agent_params {} --generator_params {"regimes": [{"generator": "Linear Trend Generator", "params": {"start_value": 0.0, "slope": 0.5}}, {"generator": "Random Walk Generator", "params": {"start_value": 0.0, "mu": 0.0, "sigma": 1.0}}], "transition_matrix": [[0.8, 0.2], [0.2, 0.8]]}
[2025-07-23 14:12:15] Running: python single_run.py --experiment ..\data\experiment\exp_20250723_141131\results --generator Markov Regime-Switching Generator --agent Frequency-Based Majority Agent --run 002 --steps 10 --start_value 0.0 --agent_params {} --generator_params {"regimes": [{"generator": "Linear Trend Generator", "params": {"start_value": 0.0, "slope": 0.5}}, {"generator": "Random Walk Generator", "params": {"start_value": 0.0, "mu": 0.0, "sigma": 1.0}}], "transition_matrix": [[0.8, 0.2], [0.2, 0.8]]}
[2025-07-23 14:12:15] Run completed: Frequency-Based Majority Agent x Periodic Trend Generator | Run 002
[2025-07-23 14:12:15] Running: python single_run.py --experiment ..\data\experiment\exp_20250723_141131\results --generator Noisy Markov Regime-Switching Generator --agent Frequency-Based Majority Agent --run 001 --steps 10 --start_value 0.0 --agent_params {} --generator_params {"regimes": [{"generator": "Linear Trend Generator", "params": {"start_value": 0.0, "slope": 0.5}}, {"generator": "Ornstein-Uhlenbeck Generator", "params": {"mu": 0.0, "theta": 0.1, "sigma": 0.1, "dt": 1.0, "start_value": 0.0}}], "transition_matrix": [[0.8, 0.2], [0.2, 0.8]], "noise_mu": 0.0, "noise_sigma": 0.1}
[2025-07-23 14:12:15] Run completed: Frequency-Based Majority Agent x Real World Asset Price Generator | Run 002
[2025-07-23 14:12:15] Running: python single_run.py --experiment ..\data\experiment\exp_20250723_141131\results --generator Noisy Markov Regime-Switching Generator --agent Frequency-Based Majority Agent --run 002 --steps 10 --start_value 0.0 --agent_params {} --generator_params {"regimes": [{"generator": "Linear Trend Generator", "params": {"start_value": 0.0, "slope": 0.5}}, {"generator": "Ornstein-Uhlenbeck Generator", "params": {"mu": 0.0, "theta": 0.1, "sigma": 0.1, "dt": 1.0, "start_value": 0.0}}], "transition_matrix": [[0.8, 0.2], [0.2, 0.8]], "noise_mu": 0.0, "noise_sigma": 0.1}
[2025-07-23 14:12:22] Run completed: Frequency-Based Majority Agent x Ornstein-Uhlenbeck Generator | Run 002
[2025-07-23 14:12:22] Running: python single_run.py --experiment ..\data\experiment\exp_20250723_141131\results --generator Real World Asset Price Generator --agent Static Mean Reversion Agent --run 001 --steps 10 --start_value 0.0 --agent_params {} --generator_params {"ticker": "AAPL", "start": "1985-01-01", "end": "2025-01-01"}
[2025-07-23 14:12:22] Run completed: Frequency-Based Majority Agent x Ornstein-Uhlenbeck Generator | Run 001
[2025-07-23 14:12:22] Running: python single_run.py --experiment ..\data\experiment\exp_20250723_141131\results --generator Real World Asset Price Generator --agent Static Mean Reversion Agent --run 002 --steps 10 --start_value 0.0 --agent_params {} --generator_params {"ticker": "AAPL", "start": "1985-01-01", "end": "2025-01-01"}
[2025-07-23 14:12:23] Run completed: Frequency-Based Majority Agent x Random Walk Generator | Run 001
[2025-07-23 14:12:23] Running: python single_run.py --experiment ..\data\experiment\exp_20250723_141131\results --generator Linear Trend Generator --agent Static Mean Reversion Agent --run 001 --steps 10 --start_value 0.0 --agent_params {} --generator_params {"start_value": 10.0, "slope": 0.5}
[2025-07-23 14:12:23] Run completed: Frequency-Based Majority Agent x Random Walk Generator | Run 002
[2025-07-23 14:12:23] Running: python single_run.py --experiment ..\data\experiment\exp_20250723_141131\results --generator Linear Trend Generator --agent Static Mean Reversion Agent --run 002 --steps 10 --start_value 0.0 --agent_params {} --generator_params {"start_value": 10.0, "slope": 0.5}
[2025-07-23 14:12:23] Run completed: Frequency-Based Majority Agent x Markov Regime-Switching Generator | Run 001
[2025-07-23 14:12:23] Run completed: Frequency-Based Majority Agent x Markov Regime-Switching Generator | Run 002
[2025-07-23 14:12:23] Running: python single_run.py --experiment ..\data\experiment\exp_20250723_141131\results --generator Constant Generator --agent Static Mean Reversion Agent --run 001 --steps 10 --start_value 0.0 --agent_params {} --generator_params {}
[2025-07-23 14:12:23] Run completed: Frequency-Based Majority Agent x Noisy Markov Regime-Switching Generator | Run 001
[2025-07-23 14:12:23] Running: python single_run.py --experiment ..\data\experiment\exp_20250723_141131\results --generator Constant Generator --agent Static Mean Reversion Agent --run 002 --steps 10 --start_value 0.0 --agent_params {} --generator_params {}
[2025-07-23 14:12:23] Running: python single_run.py --experiment ..\data\experiment\exp_20250723_141131\results --generator Periodic Trend Generator --agent Static Mean Reversion Agent --run 001 --steps 10 --start_value 0.0 --agent_params {} --generator_params {"start_value": 10.0, "amplitude": 2.0, "frequency": 0.1}
[2025-07-23 14:12:23] Run completed: Frequency-Based Majority Agent x Noisy Markov Regime-Switching Generator | Run 002
[2025-07-23 14:12:23] Running: python single_run.py --experiment ..\data\experiment\exp_20250723_141131\results --generator Periodic Trend Generator --agent Static Mean Reversion Agent --run 002 --steps 10 --start_value 0.0 --agent_params {} --generator_params {"start_value": 10.0, "amplitude": 2.0, "frequency": 0.1}
[2025-07-23 14:12:34] Run completed: Static Mean Reversion Agent x Linear Trend Generator | Run 001
[2025-07-23 14:12:34] Running: python single_run.py --experiment ..\data\experiment\exp_20250723_141131\results --generator Ornstein-Uhlenbeck Generator --agent Static Mean Reversion Agent --run 001 --steps 10 --start_value 0.0 --agent_params {} --generator_params {"mu": 10.0, "theta": 0.15, "sigma": 0.2, "dt": 1.0, "start_value": 20.0}
[2025-07-23 14:12:34] Run completed: Static Mean Reversion Agent x Linear Trend Generator | Run 002
[2025-07-23 14:12:34] Running: python single_run.py --experiment ..\data\experiment\exp_20250723_141131\results --generator Ornstein-Uhlenbeck Generator --agent Static Mean Reversion Agent --run 002 --steps 10 --start_value 0.0 --agent_params {} --generator_params {"mu": 10.0, "theta": 0.15, "sigma": 0.2, "dt": 1.0, "start_value": 20.0}
[2025-07-23 14:12:34] Run completed: Static Mean Reversion Agent x Real World Asset Price Generator | Run 001
[2025-07-23 14:12:34] Running: python single_run.py --experiment ..\data\experiment\exp_20250723_141131\results --generator Random Walk Generator --agent Static Mean Reversion Agent --run 001 --steps 10 --start_value 0.0 --agent_params {} --generator_params {"start_value": 0.0, "mu": 0.0, "sigma": 1.0}
[2025-07-23 14:12:34] Run completed: Static Mean Reversion Agent x Constant Generator | Run 002
[2025-07-23 14:12:34] Running: python single_run.py --experiment ..\data\experiment\exp_20250723_141131\results --generator Random Walk Generator --agent Static Mean Reversion Agent --run 002 --steps 10 --start_value 0.0 --agent_params {} --generator_params {"start_value": 0.0, "mu": 0.0, "sigma": 1.0}
[2025-07-23 14:12:34] Run completed: Static Mean Reversion Agent x Periodic Trend Generator | Run 001
[2025-07-23 14:12:34] Running: python single_run.py --experiment ..\data\experiment\exp_20250723_141131\results --generator Markov Regime-Switching Generator --agent Static Mean Reversion Agent --run 001 --steps 10 --start_value 0.0 --agent_params {} --generator_params {"regimes": [{"generator": "Linear Trend Generator", "params": {"start_value": 0.0, "slope": 0.5}}, {"generator": "Random Walk Generator", "params": {"start_value": 0.0, "mu": 0.0, "sigma": 1.0}}], "transition_matrix": [[0.8, 0.2], [0.2, 0.8]]}
[2025-07-23 14:12:34] Run completed: Static Mean Reversion Agent x Constant Generator | Run 001
[2025-07-23 14:12:34] Running: python single_run.py --experiment ..\data\experiment\exp_20250723_141131\results --generator Markov Regime-Switching Generator --agent Static Mean Reversion Agent --run 002 --steps 10 --start_value 0.0 --agent_params {} --generator_params {"regimes": [{"generator": "Linear Trend Generator", "params": {"start_value": 0.0, "slope": 0.5}}, {"generator": "Random Walk Generator", "params": {"start_value": 0.0, "mu": 0.0, "sigma": 1.0}}], "transition_matrix": [[0.8, 0.2], [0.2, 0.8]]}
[2025-07-23 14:12:34] Run completed: Static Mean Reversion Agent x Periodic Trend Generator | Run 002
[2025-07-23 14:12:34] Running: python single_run.py --experiment ..\data\experiment\exp_20250723_141131\results --generator Noisy Markov Regime-Switching Generator --agent Static Mean Reversion Agent --run 001 --steps 10 --start_value 0.0 --agent_params {} --generator_params {"regimes": [{"generator": "Linear Trend Generator", "params": {"start_value": 0.0, "slope": 0.5}}, {"generator": "Ornstein-Uhlenbeck Generator", "params": {"mu": 0.0, "theta": 0.1, "sigma": 0.1, "dt": 1.0, "start_value": 0.0}}], "transition_matrix": [[0.8, 0.2], [0.2, 0.8]], "noise_mu": 0.0, "noise_sigma": 0.1}
[2025-07-23 14:12:35] Run completed: Static Mean Reversion Agent x Real World Asset Price Generator | Run 002
[2025-07-23 14:12:35] Running: python single_run.py --experiment ..\data\experiment\exp_20250723_141131\results --generator Noisy Markov Regime-Switching Generator --agent Static Mean Reversion Agent --run 002 --steps 10 --start_value 0.0 --agent_params {} --generator_params {"regimes": [{"generator": "Linear Trend Generator", "params": {"start_value": 0.0, "slope": 0.5}}, {"generator": "Ornstein-Uhlenbeck Generator", "params": {"mu": 0.0, "theta": 0.1, "sigma": 0.1, "dt": 1.0, "start_value": 0.0}}], "transition_matrix": [[0.8, 0.2], [0.2, 0.8]], "noise_mu": 0.0, "noise_sigma": 0.1}
[2025-07-23 14:12:43] Run completed: Static Mean Reversion Agent x Ornstein-Uhlenbeck Generator | Run 001
[2025-07-23 14:12:43] Running: python single_run.py --experiment ..\data\experiment\exp_20250723_141131\results --generator Real World Asset Price Generator --agent Dynamic Mean Reversion Agent --run 001 --steps 10 --start_value 0.0 --agent_params {"time_window": 5} --generator_params {"ticker": "AAPL", "start": "1985-01-01", "end": "2025-01-01"}
[2025-07-23 14:12:43] Run completed: Static Mean Reversion Agent x Ornstein-Uhlenbeck Generator | Run 002
[2025-07-23 14:12:43] Running: python single_run.py --experiment ..\data\experiment\exp_20250723_141131\results --generator Real World Asset Price Generator --agent Dynamic Mean Reversion Agent --run 002 --steps 10 --start_value 0.0 --agent_params {"time_window": 5} --generator_params {"ticker": "AAPL", "start": "1985-01-01", "end": "2025-01-01"}
[2025-07-23 14:12:43] Run completed: Static Mean Reversion Agent x Markov Regime-Switching Generator | Run 001
[2025-07-23 14:12:43] Running: python single_run.py --experiment ..\data\experiment\exp_20250723_141131\results --generator Linear Trend Generator --agent Dynamic Mean Reversion Agent --run 001 --steps 10 --start_value 0.0 --agent_params {"time_window": 5} --generator_params {"start_value": 10.0, "slope": 0.5}
[2025-07-23 14:12:43] Run completed: Static Mean Reversion Agent x Markov Regime-Switching Generator | Run 002
[2025-07-23 14:12:43] Running: python single_run.py --experiment ..\data\experiment\exp_20250723_141131\results --generator Linear Trend Generator --agent Dynamic Mean Reversion Agent --run 002 --steps 10 --start_value 0.0 --agent_params {"time_window": 5} --generator_params {"start_value": 10.0, "slope": 0.5}
[2025-07-23 14:12:43] Run completed: Static Mean Reversion Agent x Random Walk Generator | Run 001
[2025-07-23 14:12:43] Running: python single_run.py --experiment ..\data\experiment\exp_20250723_141131\results --generator Constant Generator --agent Dynamic Mean Reversion Agent --run 001 --steps 10 --start_value 0.0 --agent_params {"time_window": 5} --generator_params {}
[2025-07-23 14:12:43] Run completed: Static Mean Reversion Agent x Noisy Markov Regime-Switching Generator | Run 002
[2025-07-23 14:12:43] Running: python single_run.py --experiment ..\data\experiment\exp_20250723_141131\results --generator Constant Generator --agent Dynamic Mean Reversion Agent --run 002 --steps 10 --start_value 0.0 --agent_params {"time_window": 5} --generator_params {}
[2025-07-23 14:12:43] Run completed: Static Mean Reversion Agent x Noisy Markov Regime-Switching Generator | Run 001
[2025-07-23 14:12:43] Running: python single_run.py --experiment ..\data\experiment\exp_20250723_141131\results --generator Periodic Trend Generator --agent Dynamic Mean Reversion Agent --run 001 --steps 10 --start_value 0.0 --agent_params {"time_window": 5} --generator_params {"start_value": 10.0, "amplitude": 2.0, "frequency": 0.1}
[2025-07-23 14:12:43] Run completed: Static Mean Reversion Agent x Random Walk Generator | Run 002
[2025-07-23 14:12:43] Running: python single_run.py --experiment ..\data\experiment\exp_20250723_141131\results --generator Periodic Trend Generator --agent Dynamic Mean Reversion Agent --run 002 --steps 10 --start_value 0.0 --agent_params {"time_window": 5} --generator_params {"start_value": 10.0, "amplitude": 2.0, "frequency": 0.1}
[2025-07-23 14:12:53] Run completed: Dynamic Mean Reversion Agent x Real World Asset Price Generator | Run 002
[2025-07-23 14:12:53] Running: python single_run.py --experiment ..\data\experiment\exp_20250723_141131\results --generator Ornstein-Uhlenbeck Generator --agent Dynamic Mean Reversion Agent --run 001 --steps 10 --start_value 0.0 --agent_params {"time_window": 5} --generator_params {"mu": 10.0, "theta": 0.15, "sigma": 0.2, "dt": 1.0, "start_value": 20.0}
[2025-07-23 14:12:53] Run completed: Dynamic Mean Reversion Agent x Linear Trend Generator | Run 001
[2025-07-23 14:12:53] Run completed: Dynamic Mean Reversion Agent x Periodic Trend Generator | Run 001
[2025-07-23 14:12:53] Running: python single_run.py --experiment ..\data\experiment\exp_20250723_141131\results --generator Ornstein-Uhlenbeck Generator --agent Dynamic Mean Reversion Agent --run 002 --steps 10 --start_value 0.0 --agent_params {"time_window": 5} --generator_params {"mu": 10.0, "theta": 0.15, "sigma": 0.2, "dt": 1.0, "start_value": 20.0}
[2025-07-23 14:12:53] Running: python single_run.py --experiment ..\data\experiment\exp_20250723_141131\results --generator Random Walk Generator --agent Dynamic Mean Reversion Agent --run 001 --steps 10 --start_value 0.0 --agent_params {"time_window": 5} --generator_params {"start_value": 0.0, "mu": 0.0, "sigma": 1.0}
[2025-07-23 14:12:53] Run completed: Dynamic Mean Reversion Agent x Constant Generator | Run 002
[2025-07-23 14:12:53] Running: python single_run.py --experiment ..\data\experiment\exp_20250723_141131\results --generator Random Walk Generator --agent Dynamic Mean Reversion Agent --run 002 --steps 10 --start_value 0.0 --agent_params {"time_window": 5} --generator_params {"start_value": 0.0, "mu": 0.0, "sigma": 1.0}
[2025-07-23 14:12:53] Run completed: Dynamic Mean Reversion Agent x Periodic Trend Generator | Run 002
[2025-07-23 14:12:53] Running: python single_run.py --experiment ..\data\experiment\exp_20250723_141131\results --generator Markov Regime-Switching Generator --agent Dynamic Mean Reversion Agent --run 001 --steps 10 --start_value 0.0 --agent_params {"time_window": 5} --generator_params {"regimes": [{"generator": "Linear Trend Generator", "params": {"start_value": 0.0, "slope": 0.5}}, {"generator": "Random Walk Generator", "params": {"start_value": 0.0, "mu": 0.0, "sigma": 1.0}}], "transition_matrix": [[0.8, 0.2], [0.2, 0.8]]}
[2025-07-23 14:12:53] Run completed: Dynamic Mean Reversion Agent x Linear Trend Generator | Run 002
[2025-07-23 14:12:53] Running: python single_run.py --experiment ..\data\experiment\exp_20250723_141131\results --generator Markov Regime-Switching Generator --agent Dynamic Mean Reversion Agent --run 002 --steps 10 --start_value 0.0 --agent_params {"time_window": 5} --generator_params {"regimes": [{"generator": "Linear Trend Generator", "params": {"start_value": 0.0, "slope": 0.5}}, {"generator": "Random Walk Generator", "params": {"start_value": 0.0, "mu": 0.0, "sigma": 1.0}}], "transition_matrix": [[0.8, 0.2], [0.2, 0.8]]}
[2025-07-23 14:12:53] Run completed: Dynamic Mean Reversion Agent x Constant Generator | Run 001
[2025-07-23 14:12:53] Running: python single_run.py --experiment ..\data\experiment\exp_20250723_141131\results --generator Noisy Markov Regime-Switching Generator --agent Dynamic Mean Reversion Agent --run 001 --steps 10 --start_value 0.0 --agent_params {"time_window": 5} --generator_params {"regimes": [{"generator": "Linear Trend Generator", "params": {"start_value": 0.0, "slope": 0.5}}, {"generator": "Ornstein-Uhlenbeck Generator", "params": {"mu": 0.0, "theta": 0.1, "sigma": 0.1, "dt": 1.0, "start_value": 0.0}}], "transition_matrix": [[0.8, 0.2], [0.2, 0.8]], "noise_mu": 0.0, "noise_sigma": 0.1}
[2025-07-23 14:12:53] Run completed: Dynamic Mean Reversion Agent x Real World Asset Price Generator | Run 001
[2025-07-23 14:12:53] Running: python single_run.py --experiment ..\data\experiment\exp_20250723_141131\results --generator Noisy Markov Regime-Switching Generator --agent Dynamic Mean Reversion Agent --run 002 --steps 10 --start_value 0.0 --agent_params {"time_window": 5} --generator_params {"regimes": [{"generator": "Linear Trend Generator", "params": {"start_value": 0.0, "slope": 0.5}}, {"generator": "Ornstein-Uhlenbeck Generator", "params": {"mu": 0.0, "theta": 0.1, "sigma": 0.1, "dt": 1.0, "start_value": 0.0}}], "transition_matrix": [[0.8, 0.2], [0.2, 0.8]], "noise_mu": 0.0, "noise_sigma": 0.1}
[2025-07-23 14:13:01] Run completed: Dynamic Mean Reversion Agent x Markov Regime-Switching Generator | Run 001
[2025-07-23 14:13:01] Run completed: Dynamic Mean Reversion Agent x Ornstein-Uhlenbeck Generator | Run 001
[2025-07-23 14:13:01] Run completed: Dynamic Mean Reversion Agent x Noisy Markov Regime-Switching Generator | Run 001
[2025-07-23 14:13:02] Run completed: Dynamic Mean Reversion Agent x Markov Regime-Switching Generator | Run 002
[2025-07-23 14:13:02] Run completed: Dynamic Mean Reversion Agent x Ornstein-Uhlenbeck Generator | Run 002
[2025-07-23 14:13:02] Run completed: Dynamic Mean Reversion Agent x Random Walk Generator | Run 002
[2025-07-23 14:13:02] Run completed: Dynamic Mean Reversion Agent x Random Walk Generator | Run 001
[2025-07-23 14:13:02] Run completed: Dynamic Mean Reversion Agent x Noisy Markov Regime-Switching Generator | Run 002
[2025-07-23 14:13:02] All runs completed. Aggregating results...
[2025-07-23 14:13:04] Aggregation completed. Summary and convergence data saved.
[2025-07-23 14:13:04] Experiment exp_20250723_141131 completed.
