EPISODE:  0
{'n_steps': 2048, 'batch_size': 64, 'learning_rate': 0.0003, 'ent_coef': 0.0}
Using cpu device
EPISODE:  1
EPISODE:  2
EPISODE:  3
------------------------------------
| time/              |             |
|    fps             | 295         |
|    iterations      | 1           |
|    time_elapsed    | 6           |
|    total_timesteps | 2048        |
| train/             |             |
|    reward          | -0.05199443 |
------------------------------------
EPISODE:  4
EPISODE:  5
------------------------------------------
| time/                   |              |
|    fps                  | 253          |
|    iterations           | 2            |
|    time_elapsed         | 16           |
|    total_timesteps      | 4096         |
| train/                  |              |
|    approx_kl            | 0.0046607787 |
|    clip_fraction        | 0.0366       |
|    clip_range           | 0.2          |
|    entropy_loss         | -2.83        |
|    explained_variance   | -0.408       |
|    learning_rate        | 0.0003       |
|    loss                 | 0.00863      |
|    n_updates            | 10           |
|    policy_gradient_loss | -0.0021      |
|    reward               | 0.0035555046 |
|    std                  | 0.996        |
|    value_loss           | 0.0161       |
------------------------------------------
EPISODE:  6
EPISODE:  7
-----------------------------------------
| time/                   |             |
|    fps                  | 242         |
|    iterations           | 3           |
|    time_elapsed         | 25          |
|    total_timesteps      | 6144        |
| train/                  |             |
|    approx_kl            | 0.006900503 |
|    clip_fraction        | 0.0714      |
|    clip_range           | 0.2         |
|    entropy_loss         | -2.82       |
|    explained_variance   | 0.0972      |
|    learning_rate        | 0.0003      |
|    loss                 | -0.01       |
|    n_updates            | 20          |
|    policy_gradient_loss | -0.00558    |
|    reward               | 0.009344092 |
|    std                  | 0.992       |
|    value_loss           | 0.00843     |
-----------------------------------------
EPISODE:  8
EPISODE:  9
-----------------------------------------
| time/                   |             |
|    fps                  | 234         |
|    iterations           | 4           |
|    time_elapsed         | 34          |
|    total_timesteps      | 8192        |
| train/                  |             |
|    approx_kl            | 0.008122807 |
|    clip_fraction        | 0.0539      |
|    clip_range           | 0.2         |
|    entropy_loss         | -2.81       |
|    explained_variance   | 0.357       |
|    learning_rate        | 0.0003      |
|    loss                 | -0.0182     |
|    n_updates            | 30          |
|    policy_gradient_loss | -0.00373    |
|    reward               | 0.022512952 |
|    std                  | 0.982       |
|    value_loss           | 0.00656     |
-----------------------------------------
EPISODE:  10
EPISODE:  11
-------------------------------------------
| time/                   |               |
|    fps                  | 230           |
|    iterations           | 5             |
|    time_elapsed         | 44            |
|    total_timesteps      | 10240         |
| train/                  |               |
|    approx_kl            | 0.0034257334  |
|    clip_fraction        | 0.0165        |
|    clip_range           | 0.2           |
|    entropy_loss         | -2.8          |
|    explained_variance   | 0.497         |
|    learning_rate        | 0.0003        |
|    loss                 | -0.00879      |
|    n_updates            | 40            |
|    policy_gradient_loss | -0.00195      |
|    reward               | -0.0072850366 |
|    std                  | 0.978         |
|    value_loss           | 0.00504       |
-------------------------------------------
EPISODE:  12
EPISODE:  13
------------------------------------------
| time/                   |              |
|    fps                  | 227          |
|    iterations           | 6            |
|    time_elapsed         | 54           |
|    total_timesteps      | 12288        |
| train/                  |              |
|    approx_kl            | 0.0051787067 |
|    clip_fraction        | 0.0373       |
|    clip_range           | 0.2          |
|    entropy_loss         | -2.79        |
|    explained_variance   | 0.468        |
|    learning_rate        | 0.0003       |
|    loss                 | 0.00765      |
|    n_updates            | 50           |
|    policy_gradient_loss | -0.00366     |
|    reward               | -0.009951463 |
|    std                  | 0.97         |
|    value_loss           | 0.00394      |
------------------------------------------
EPISODE:  14
EPISODE:  15
------------------------------------------
| time/                   |              |
|    fps                  | 225          |
|    iterations           | 7            |
|    time_elapsed         | 63           |
|    total_timesteps      | 14336        |
| train/                  |              |
|    approx_kl            | 0.0039526755 |
|    clip_fraction        | 0.0333       |
|    clip_range           | 0.2          |
|    entropy_loss         | -2.78        |
|    explained_variance   | 0.449        |
|    learning_rate        | 0.0003       |
|    loss                 | 0.00373      |
|    n_updates            | 60           |
|    policy_gradient_loss | -0.00171     |
|    reward               | -0.006479948 |
|    std                  | 0.968        |
|    value_loss           | 0.00369      |
------------------------------------------
EPISODE:  16
EPISODE:  17
------------------------------------------
| time/                   |              |
|    fps                  | 223          |
|    iterations           | 8            |
|    time_elapsed         | 73           |
|    total_timesteps      | 16384        |
| train/                  |              |
|    approx_kl            | 0.0033905357 |
|    clip_fraction        | 0.0257       |
|    clip_range           | 0.2          |
|    entropy_loss         | -2.76        |
|    explained_variance   | 0.524        |
|    learning_rate        | 0.0003       |
|    loss                 | -0.00462     |
|    n_updates            | 70           |
|    policy_gradient_loss | -0.00109     |
|    reward               | 0.018043498  |
|    std                  | 0.959        |
|    value_loss           | 0.0026       |
------------------------------------------
EPISODE:  18
EPISODE:  19
------------------------------------------
| time/                   |              |
|    fps                  | 222          |
|    iterations           | 9            |
|    time_elapsed         | 82           |
|    total_timesteps      | 18432        |
| train/                  |              |
|    approx_kl            | 0.0041427007 |
|    clip_fraction        | 0.0204       |
|    clip_range           | 0.2          |
|    entropy_loss         | -2.74        |
|    explained_variance   | 0.517        |
|    learning_rate        | 0.0003       |
|    loss                 | -0.0108      |
|    n_updates            | 80           |
|    policy_gradient_loss | -0.000229    |
|    reward               | -0.016527206 |
|    std                  | 0.952        |
|    value_loss           | 0.00354      |
------------------------------------------
EPISODE:  20
EPISODE:  21
-----------------------------------------
| time/                   |             |
|    fps                  | 222         |
|    iterations           | 10          |
|    time_elapsed         | 92          |
|    total_timesteps      | 20480       |
| train/                  |             |
|    approx_kl            | 0.005557483 |
|    clip_fraction        | 0.0269      |
|    clip_range           | 0.2         |
|    entropy_loss         | -2.73       |
|    explained_variance   | 0.421       |
|    learning_rate        | 0.0003      |
|    loss                 | 0.00224     |
|    n_updates            | 90          |
|    policy_gradient_loss | -0.0011     |
|    reward               | 0.05258627  |
|    std                  | 0.942       |
|    value_loss           | 0.00312     |
-----------------------------------------
EPISODE:  22
EPISODE:  23
------------------------------------------
| time/                   |              |
|    fps                  | 221          |
|    iterations           | 11           |
|    time_elapsed         | 101          |
|    total_timesteps      | 22528        |
| train/                  |              |
|    approx_kl            | 0.0052208947 |
|    clip_fraction        | 0.0463       |
|    clip_range           | 0.2          |
|    entropy_loss         | -2.71        |
|    explained_variance   | 0.423        |
|    learning_rate        | 0.0003       |
|    loss                 | -0.0325      |
|    n_updates            | 100          |
|    policy_gradient_loss | -0.00386     |
|    reward               | -0.019776119 |
|    std                  | 0.938        |
|    value_loss           | 0.00314      |
------------------------------------------
EPISODE:  24
EPISODE:  25
------------------------------------------
| time/                   |              |
|    fps                  | 220          |
|    iterations           | 12           |
|    time_elapsed         | 111          |
|    total_timesteps      | 24576        |
| train/                  |              |
|    approx_kl            | 0.0053750435 |
|    clip_fraction        | 0.054        |
|    clip_range           | 0.2          |
|    entropy_loss         | -2.71        |
|    explained_variance   | 0.485        |
|    learning_rate        | 0.0003       |
|    loss                 | 0.00163      |
|    n_updates            | 110          |
|    policy_gradient_loss | -0.00146     |
|    reward               | 0.017924424  |
|    std                  | 0.936        |
|    value_loss           | 0.00302      |
------------------------------------------
EPISODE:  26
EPISODE:  27
-----------------------------------------
| time/                   |             |
|    fps                  | 218         |
|    iterations           | 13          |
|    time_elapsed         | 121         |
|    total_timesteps      | 26624       |
| train/                  |             |
|    approx_kl            | 0.002837992 |
|    clip_fraction        | 0.0365      |
|    clip_range           | 0.2         |
|    entropy_loss         | -2.7        |
|    explained_variance   | 0.349       |
|    learning_rate        | 0.0003      |
|    loss                 | -0.004      |
|    n_updates            | 120         |
|    policy_gradient_loss | -0.000349   |
|    reward               | 0.004728452 |
|    std                  | 0.932       |
|    value_loss           | 0.00356     |
-----------------------------------------
EPISODE:  28
EPISODE:  29
------------------------------------------
| time/                   |              |
|    fps                  | 215          |
|    iterations           | 14           |
|    time_elapsed         | 133          |
|    total_timesteps      | 28672        |
| train/                  |              |
|    approx_kl            | 0.005418982  |
|    clip_fraction        | 0.0509       |
|    clip_range           | 0.2          |
|    entropy_loss         | -2.7         |
|    explained_variance   | 0.374        |
|    learning_rate        | 0.0003       |
|    loss                 | -0.000176    |
|    n_updates            | 130          |
|    policy_gradient_loss | 0.000217     |
|    reward               | -0.029515918 |
|    std                  | 0.934        |
|    value_loss           | 0.00345      |
------------------------------------------
EPISODE:  30
EPISODE:  31
------------------------------------------
| time/                   |              |
|    fps                  | 213          |
|    iterations           | 15           |
|    time_elapsed         | 143          |
|    total_timesteps      | 30720        |
| train/                  |              |
|    approx_kl            | 0.0064415564 |
|    clip_fraction        | 0.0859       |
|    clip_range           | 0.2          |
|    entropy_loss         | -2.69        |
|    explained_variance   | 0.405        |
|    learning_rate        | 0.0003       |
|    loss                 | -0.0109      |
|    n_updates            | 140          |
|    policy_gradient_loss | 0.00137      |
|    reward               | 0.012346726  |
|    std                  | 0.921        |
|    value_loss           | 0.00342      |
------------------------------------------
EPISODE:  32
EPISODE:  33
EPISODE:  34
------------------------------------------
| time/                   |              |
|    fps                  | 212          |
|    iterations           | 16           |
|    time_elapsed         | 153          |
|    total_timesteps      | 32768        |
| train/                  |              |
|    approx_kl            | 0.004234109  |
|    clip_fraction        | 0.0469       |
|    clip_range           | 0.2          |
|    entropy_loss         | -2.67        |
|    explained_variance   | 0.187        |
|    learning_rate        | 0.0003       |
|    loss                 | -0.0141      |
|    n_updates            | 150          |
|    policy_gradient_loss | -0.00157     |
|    reward               | -0.030756371 |
|    std                  | 0.919        |
|    value_loss           | 0.0034       |
------------------------------------------
EPISODE:  35
EPISODE:  36
-----------------------------------------
| time/                   |             |
|    fps                  | 211         |
|    iterations           | 17          |
|    time_elapsed         | 164         |
|    total_timesteps      | 34816       |
| train/                  |             |
|    approx_kl            | 0.006519027 |
|    clip_fraction        | 0.0713      |
|    clip_range           | 0.2         |
|    entropy_loss         | -2.67       |
|    explained_variance   | 0.318       |
|    learning_rate        | 0.0003      |
|    loss                 | -0.00677    |
|    n_updates            | 160         |
|    policy_gradient_loss | -0.00171    |
|    reward               | 0.025291948 |
|    std                  | 0.917       |
|    value_loss           | 0.0035      |
-----------------------------------------
EPISODE:  37
EPISODE:  38
-----------------------------------------
| time/                   |             |
|    fps                  | 208         |
|    iterations           | 18          |
|    time_elapsed         | 176         |
|    total_timesteps      | 36864       |
| train/                  |             |
|    approx_kl            | 0.007020814 |
|    clip_fraction        | 0.0523      |
|    clip_range           | 0.2         |
|    entropy_loss         | -2.66       |
|    explained_variance   | 0.395       |
|    learning_rate        | 0.0003      |
|    loss                 | 0.000651    |
|    n_updates            | 170         |
|    policy_gradient_loss | 0.000636    |
|    reward               | -0.01956262 |
|    std                  | 0.916       |
|    value_loss           | 0.00302     |
-----------------------------------------
EPISODE:  39
EPISODE:  40
------------------------------------------
| time/                   |              |
|    fps                  | 205          |
|    iterations           | 19           |
|    time_elapsed         | 189          |
|    total_timesteps      | 38912        |
| train/                  |              |
|    approx_kl            | 0.0049099172 |
|    clip_fraction        | 0.0475       |
|    clip_range           | 0.2          |
|    entropy_loss         | -2.65        |
|    explained_variance   | 0.476        |
|    learning_rate        | 0.0003       |
|    loss                 | 0.00256      |
|    n_updates            | 180          |
|    policy_gradient_loss | -0.000221    |
|    reward               | 0.029280027  |
|    std                  | 0.904        |
|    value_loss           | 0.00265      |
------------------------------------------
EPISODE:  41
EPISODE:  42
------------------------------------------
| time/                   |              |
|    fps                  | 203          |
|    iterations           | 20           |
|    time_elapsed         | 201          |
|    total_timesteps      | 40960        |
| train/                  |              |
|    approx_kl            | 0.0065919138 |
|    clip_fraction        | 0.0677       |
|    clip_range           | 0.2          |
|    entropy_loss         | -2.63        |
|    explained_variance   | 0.281        |
|    learning_rate        | 0.0003       |
|    loss                 | 0.0154       |
|    n_updates            | 190          |
|    policy_gradient_loss | -0.000215    |
|    reward               | 0.0074001993 |
|    std                  | 0.897        |
|    value_loss           | 0.00288      |
------------------------------------------
EPISODE:  43
EPISODE:  44
------------------------------------------
| time/                   |              |
|    fps                  | 202          |
|    iterations           | 21           |
|    time_elapsed         | 212          |
|    total_timesteps      | 43008        |
| train/                  |              |
|    approx_kl            | 0.0037692694 |
|    clip_fraction        | 0.0495       |
|    clip_range           | 0.2          |
|    entropy_loss         | -2.61        |
|    explained_variance   | 0.194        |
|    learning_rate        | 0.0003       |
|    loss                 | -0.00616     |
|    n_updates            | 200          |
|    policy_gradient_loss | 0.00203      |
|    reward               | 6.03863e-05  |
|    std                  | 0.894        |
|    value_loss           | 0.00348      |
------------------------------------------
EPISODE:  45
EPISODE:  46
------------------------------------------
| time/                   |              |
|    fps                  | 196          |
|    iterations           | 22           |
|    time_elapsed         | 229          |
|    total_timesteps      | 45056        |
| train/                  |              |
|    approx_kl            | 0.0036013767 |
|    clip_fraction        | 0.0296       |
|    clip_range           | 0.2          |
|    entropy_loss         | -2.6         |
|    explained_variance   | 0.218        |
|    learning_rate        | 0.0003       |
|    loss                 | -0.00864     |
|    n_updates            | 210          |
|    policy_gradient_loss | 0.00174      |
|    reward               | 0.012438361  |
|    std                  | 0.881        |
|    value_loss           | 0.00332      |
------------------------------------------
EPISODE:  47
EPISODE:  48
------------------------------------------
| time/                   |              |
|    fps                  | 190          |
|    iterations           | 23           |
|    time_elapsed         | 247          |
|    total_timesteps      | 47104        |
| train/                  |              |
|    approx_kl            | 0.008139186  |
|    clip_fraction        | 0.0753       |
|    clip_range           | 0.2          |
|    entropy_loss         | -2.58        |
|    explained_variance   | 0.123        |
|    learning_rate        | 0.0003       |
|    loss                 | 0.00662      |
|    n_updates            | 220          |
|    policy_gradient_loss | -0.00278     |
|    reward               | 5.202522e-05 |
|    std                  | 0.88         |
|    value_loss           | 0.00285      |
------------------------------------------
EPISODE:  49
EPISODE:  50
------------------------------------------
| time/                   |              |
|    fps                  | 185          |
|    iterations           | 24           |
|    time_elapsed         | 264          |
|    total_timesteps      | 49152        |
| train/                  |              |
|    approx_kl            | 0.008959693  |
|    clip_fraction        | 0.0807       |
|    clip_range           | 0.2          |
|    entropy_loss         | -2.58        |
|    explained_variance   | 0.0217       |
|    learning_rate        | 0.0003       |
|    loss                 | -0.00493     |
|    n_updates            | 230          |
|    policy_gradient_loss | -0.00441     |
|    reward               | -0.019255504 |
|    std                  | 0.876        |
|    value_loss           | 0.00289      |
------------------------------------------
EPISODE:  51
EPISODE:  52
------------------------------------------
| time/                   |              |
|    fps                  | 182          |
|    iterations           | 25           |
|    time_elapsed         | 281          |
|    total_timesteps      | 51200        |
| train/                  |              |
|    approx_kl            | 0.0021069536 |
|    clip_fraction        | 0.0184       |
|    clip_range           | 0.2          |
|    entropy_loss         | -2.57        |
|    explained_variance   | 0.128        |
|    learning_rate        | 0.0003       |
|    loss                 | 0.000597     |
|    n_updates            | 240          |
|    policy_gradient_loss | -3.86e-05    |
|    reward               | -0.029506808 |
|    std                  | 0.876        |
|    value_loss           | 0.00293      |
------------------------------------------
Saved episode log to Results\250619_hc_binary_udp_noise\ppo\downward_noise\training_logs\05.csv
