EPISODE:  0
{'batch_size': 128, 'buffer_size': 50000, 'learning_rate': 0.001}
Using cpu device
EPISODE:  1
EPISODE:  2
EPISODE:  3
EPISODE:  4
EPISODE:  5
------------------------------------
| time/              |             |
|    episodes        | 4           |
|    fps             | 14          |
|    time_elapsed    | 266         |
|    total_timesteps | 3964        |
| train/             |             |
|    actor_loss      | 8.78        |
|    critic_loss     | 0.0256      |
|    learning_rate   | 0.001       |
|    n_updates       | 3863        |
|    reward          | 0.010369442 |
------------------------------------
EPISODE:  6
EPISODE:  7
EPISODE:  8
EPISODE:  9
------------------------------------
| time/              |             |
|    episodes        | 8           |
|    fps             | 14          |
|    time_elapsed    | 556         |
|    total_timesteps | 7928        |
| train/             |             |
|    actor_loss      | 7.16        |
|    critic_loss     | 0.0131      |
|    learning_rate   | 0.001       |
|    n_updates       | 7827        |
|    reward          | 0.010369442 |
------------------------------------
EPISODE:  10
EPISODE:  11
EPISODE:  12
EPISODE:  13
------------------------------------
| time/              |             |
|    episodes        | 12          |
|    fps             | 13          |
|    time_elapsed    | 860         |
|    total_timesteps | 11892       |
| train/             |             |
|    actor_loss      | 5.67        |
|    critic_loss     | 0.00895     |
|    learning_rate   | 0.001       |
|    n_updates       | 11791       |
|    reward          | 0.010369442 |
------------------------------------
EPISODE:  14
EPISODE:  15
EPISODE:  16
EPISODE:  17
------------------------------------
| time/              |             |
|    episodes        | 16          |
|    fps             | 13          |
|    time_elapsed    | 1167        |
|    total_timesteps | 15856       |
| train/             |             |
|    actor_loss      | 4.55        |
|    critic_loss     | 0.00987     |
|    learning_rate   | 0.001       |
|    n_updates       | 15755       |
|    reward          | 0.010369442 |
------------------------------------
EPISODE:  18
EPISODE:  19
EPISODE:  20
EPISODE:  21
------------------------------------
| time/              |             |
|    episodes        | 20          |
|    fps             | 13          |
|    time_elapsed    | 1432        |
|    total_timesteps | 19820       |
| train/             |             |
|    actor_loss      | 3.58        |
|    critic_loss     | 0.00247     |
|    learning_rate   | 0.001       |
|    n_updates       | 19719       |
|    reward          | 0.010369442 |
------------------------------------
EPISODE:  22
EPISODE:  23
EPISODE:  24
EPISODE:  25
------------------------------------
| time/              |             |
|    episodes        | 24          |
|    fps             | 14          |
|    time_elapsed    | 1633        |
|    total_timesteps | 23784       |
| train/             |             |
|    actor_loss      | 2.9         |
|    critic_loss     | 0.00126     |
|    learning_rate   | 0.001       |
|    n_updates       | 23683       |
|    reward          | 0.010369442 |
------------------------------------
EPISODE:  26
EPISODE:  27
EPISODE:  28
EPISODE:  29
------------------------------------
| time/              |             |
|    episodes        | 28          |
|    fps             | 14          |
|    time_elapsed    | 1850        |
|    total_timesteps | 27748       |
| train/             |             |
|    actor_loss      | 2.31        |
|    critic_loss     | 0.00131     |
|    learning_rate   | 0.001       |
|    n_updates       | 27647       |
|    reward          | 0.010369442 |
------------------------------------
EPISODE:  30
EPISODE:  31
EPISODE:  32
EPISODE:  33
------------------------------------
| time/              |             |
|    episodes        | 32          |
|    fps             | 15          |
|    time_elapsed    | 2058        |
|    total_timesteps | 31712       |
| train/             |             |
|    actor_loss      | 1.81        |
|    critic_loss     | 0.000825    |
|    learning_rate   | 0.001       |
|    n_updates       | 31611       |
|    reward          | 0.010369442 |
------------------------------------
EPISODE:  34
EPISODE:  35
EPISODE:  36
EPISODE:  37
------------------------------------
| time/              |             |
|    episodes        | 36          |
|    fps             | 15          |
|    time_elapsed    | 2230        |
|    total_timesteps | 35676       |
| train/             |             |
|    actor_loss      | 1.58        |
|    critic_loss     | 0.000769    |
|    learning_rate   | 0.001       |
|    n_updates       | 35575       |
|    reward          | 0.010369442 |
------------------------------------
EPISODE:  38
EPISODE:  39
EPISODE:  40
EPISODE:  41
------------------------------------
| time/              |             |
|    episodes        | 40          |
|    fps             | 16          |
|    time_elapsed    | 2397        |
|    total_timesteps | 39640       |
| train/             |             |
|    actor_loss      | 1.25        |
|    critic_loss     | 0.000303    |
|    learning_rate   | 0.001       |
|    n_updates       | 39539       |
|    reward          | 0.010369442 |
------------------------------------
EPISODE:  42
EPISODE:  43
EPISODE:  44
EPISODE:  45
------------------------------------
| time/              |             |
|    episodes        | 44          |
|    fps             | 17          |
|    time_elapsed    | 2563        |
|    total_timesteps | 43604       |
| train/             |             |
|    actor_loss      | 0.998       |
|    critic_loss     | 0.000152    |
|    learning_rate   | 0.001       |
|    n_updates       | 43503       |
|    reward          | 0.010369442 |
------------------------------------
EPISODE:  46
EPISODE:  47
EPISODE:  48
EPISODE:  49
------------------------------------
| time/              |             |
|    episodes        | 48          |
|    fps             | 12          |
|    time_elapsed    | 3883        |
|    total_timesteps | 47568       |
| train/             |             |
|    actor_loss      | 0.904       |
|    critic_loss     | 0.00019     |
|    learning_rate   | 0.001       |
|    n_updates       | 47467       |
|    reward          | 0.010369442 |
------------------------------------
EPISODE:  50
EPISODE:  51
Saved episode log to Results\250619_hc_binary_udp_noise\ddpg\upward_noise\training_logs\01.csv
