EPISODE:  0
{'n_steps': 2048, 'batch_size': 64, 'learning_rate': 0.0003, 'ent_coef': 0.0}
Using cpu device
EPISODE:  1
EPISODE:  2
EPISODE:  3
-------------------------------------
| time/              |              |
|    fps             | 254          |
|    iterations      | 1            |
|    time_elapsed    | 8            |
|    total_timesteps | 2048         |
| train/             |              |
|    reward          | 0.0010799136 |
-------------------------------------
EPISODE:  4
EPISODE:  5
------------------------------------------
| time/                   |              |
|    fps                  | 211          |
|    iterations           | 2            |
|    time_elapsed         | 19           |
|    total_timesteps      | 4096         |
| train/                  |              |
|    approx_kl            | 0.007361447  |
|    clip_fraction        | 0.0841       |
|    clip_range           | 0.2          |
|    entropy_loss         | -2.84        |
|    explained_variance   | 0.653        |
|    learning_rate        | 0.0003       |
|    loss                 | 0.0239       |
|    n_updates            | 10           |
|    policy_gradient_loss | -0.00564     |
|    reward               | 0.0011627907 |
|    std                  | 1            |
|    value_loss           | 0.00449      |
------------------------------------------
EPISODE:  6
EPISODE:  7
-------------------------------------------
| time/                   |               |
|    fps                  | 205           |
|    iterations           | 3             |
|    time_elapsed         | 29            |
|    total_timesteps      | 6144          |
| train/                  |               |
|    approx_kl            | 0.0041728327  |
|    clip_fraction        | 0.0449        |
|    clip_range           | 0.2           |
|    entropy_loss         | -2.83         |
|    explained_variance   | 0.592         |
|    learning_rate        | 0.0003        |
|    loss                 | 0.00816       |
|    n_updates            | 20            |
|    policy_gradient_loss | -0.00547      |
|    reward               | -0.0012594458 |
|    std                  | 0.986         |
|    value_loss           | 0.00813       |
-------------------------------------------
EPISODE:  8
EPISODE:  9
------------------------------------------
| time/                   |              |
|    fps                  | 202          |
|    iterations           | 4            |
|    time_elapsed         | 40           |
|    total_timesteps      | 8192         |
| train/                  |              |
|    approx_kl            | 0.0036799076 |
|    clip_fraction        | 0.0334       |
|    clip_range           | 0.2          |
|    entropy_loss         | -2.82        |
|    explained_variance   | 0.79         |
|    learning_rate        | 0.0003       |
|    loss                 | 0.00706      |
|    n_updates            | 30           |
|    policy_gradient_loss | -0.00264     |
|    reward               | 0.0013736264 |
|    std                  | 1            |
|    value_loss           | 0.0129       |
------------------------------------------
EPISODE:  10
EPISODE:  11
------------------------------------------
| time/                   |              |
|    fps                  | 199          |
|    iterations           | 5            |
|    time_elapsed         | 51           |
|    total_timesteps      | 10240        |
| train/                  |              |
|    approx_kl            | 0.008704044  |
|    clip_fraction        | 0.074        |
|    clip_range           | 0.2          |
|    entropy_loss         | -2.84        |
|    explained_variance   | 0.742        |
|    learning_rate        | 0.0003       |
|    loss                 | 0.0096       |
|    n_updates            | 40           |
|    policy_gradient_loss | -0.00221     |
|    reward               | -0.001510574 |
|    std                  | 0.999        |
|    value_loss           | 0.0218       |
------------------------------------------
EPISODE:  12
EPISODE:  13
------------------------------------------
| time/                   |              |
|    fps                  | 198          |
|    iterations           | 6            |
|    time_elapsed         | 61           |
|    total_timesteps      | 12288        |
| train/                  |              |
|    approx_kl            | 0.0074164425 |
|    clip_fraction        | 0.0532       |
|    clip_range           | 0.2          |
|    entropy_loss         | -2.81        |
|    explained_variance   | 0.783        |
|    learning_rate        | 0.0003       |
|    loss                 | 0.00799      |
|    n_updates            | 50           |
|    policy_gradient_loss | -0.00212     |
|    reward               | 0.0016778524 |
|    std                  | 0.979        |
|    value_loss           | 0.0213       |
------------------------------------------
EPISODE:  14
EPISODE:  15
------------------------------------------
| time/                   |              |
|    fps                  | 198          |
|    iterations           | 7            |
|    time_elapsed         | 72           |
|    total_timesteps      | 14336        |
| train/                  |              |
|    approx_kl            | 0.006504976  |
|    clip_fraction        | 0.0843       |
|    clip_range           | 0.2          |
|    entropy_loss         | -2.77        |
|    explained_variance   | 0.861        |
|    learning_rate        | 0.0003       |
|    loss                 | -0.00373     |
|    n_updates            | 60           |
|    policy_gradient_loss | -0.00641     |
|    reward               | 0.0018867925 |
|    std                  | 0.96         |
|    value_loss           | 0.00795      |
------------------------------------------
EPISODE:  16
EPISODE:  17
------------------------------------------
| time/                   |              |
|    fps                  | 198          |
|    iterations           | 8            |
|    time_elapsed         | 82           |
|    total_timesteps      | 16384        |
| train/                  |              |
|    approx_kl            | 0.007945084  |
|    clip_fraction        | 0.0815       |
|    clip_range           | 0.2          |
|    entropy_loss         | -2.75        |
|    explained_variance   | 0.882        |
|    learning_rate        | 0.0003       |
|    loss                 | 0.0122       |
|    n_updates            | 70           |
|    policy_gradient_loss | -0.00369     |
|    reward               | 0.0021551724 |
|    std                  | 0.958        |
|    value_loss           | 0.0171       |
------------------------------------------
EPISODE:  18
EPISODE:  19
------------------------------------------
| time/                   |              |
|    fps                  | 196          |
|    iterations           | 9            |
|    time_elapsed         | 93           |
|    total_timesteps      | 18432        |
| train/                  |              |
|    approx_kl            | 0.0053161737 |
|    clip_fraction        | 0.0413       |
|    clip_range           | 0.2          |
|    entropy_loss         | -2.72        |
|    explained_variance   | 0.927        |
|    learning_rate        | 0.0003       |
|    loss                 | -0.0186      |
|    n_updates            | 80           |
|    policy_gradient_loss | -0.00119     |
|    reward               | 0.0025125628 |
|    std                  | 0.935        |
|    value_loss           | 0.00744      |
------------------------------------------
EPISODE:  20
EPISODE:  21
-----------------------------------------
| time/                   |             |
|    fps                  | 195         |
|    iterations           | 10          |
|    time_elapsed         | 104         |
|    total_timesteps      | 20480       |
| train/                  |             |
|    approx_kl            | 0.009339479 |
|    clip_fraction        | 0.102       |
|    clip_range           | 0.2         |
|    entropy_loss         | -2.69       |
|    explained_variance   | 0.91        |
|    learning_rate        | 0.0003      |
|    loss                 | -0.0232     |
|    n_updates            | 90          |
|    policy_gradient_loss | -0.00426    |
|    reward               | 0.003012048 |
|    std                  | 0.928       |
|    value_loss           | 0.0196      |
-----------------------------------------
EPISODE:  22
EPISODE:  23
------------------------------------------
| time/                   |              |
|    fps                  | 196          |
|    iterations           | 11           |
|    time_elapsed         | 114          |
|    total_timesteps      | 22528        |
| train/                  |              |
|    approx_kl            | 0.0048731063 |
|    clip_fraction        | 0.0247       |
|    clip_range           | 0.2          |
|    entropy_loss         | -2.69        |
|    explained_variance   | 0.972        |
|    learning_rate        | 0.0003       |
|    loss                 | 0.0106       |
|    n_updates            | 100          |
|    policy_gradient_loss | -0.000645    |
|    reward               | 0.0037593986 |
|    std                  | 0.932        |
|    value_loss           | 0.00614      |
------------------------------------------
EPISODE:  24
EPISODE:  25
-----------------------------------------
| time/                   |             |
|    fps                  | 195         |
|    iterations           | 12          |
|    time_elapsed         | 125         |
|    total_timesteps      | 24576       |
| train/                  |             |
|    approx_kl            | 0.005400126 |
|    clip_fraction        | 0.0452      |
|    clip_range           | 0.2         |
|    entropy_loss         | -2.68       |
|    explained_variance   | 0.923       |
|    learning_rate        | 0.0003      |
|    loss                 | 0.0106      |
|    n_updates            | 110         |
|    policy_gradient_loss | -7.06e-05   |
|    reward               | 0.005       |
|    std                  | 0.921       |
|    value_loss           | 0.0177      |
-----------------------------------------
EPISODE:  26
EPISODE:  27
------------------------------------------
| time/                   |              |
|    fps                  | 195          |
|    iterations           | 13           |
|    time_elapsed         | 136          |
|    total_timesteps      | 26624        |
| train/                  |              |
|    approx_kl            | 0.0062482352 |
|    clip_fraction        | 0.0503       |
|    clip_range           | 0.2          |
|    entropy_loss         | -2.67        |
|    explained_variance   | 0.906        |
|    learning_rate        | 0.0003       |
|    loss                 | 0.0125       |
|    n_updates            | 120          |
|    policy_gradient_loss | -0.00126     |
|    reward               | 0.0074626864 |
|    std                  | 0.925        |
|    value_loss           | 0.0161       |
------------------------------------------
EPISODE:  28
EPISODE:  29
------------------------------------------
| time/                   |              |
|    fps                  | 195          |
|    iterations           | 14           |
|    time_elapsed         | 146          |
|    total_timesteps      | 28672        |
| train/                  |              |
|    approx_kl            | 0.006175219  |
|    clip_fraction        | 0.053        |
|    clip_range           | 0.2          |
|    entropy_loss         | -2.65        |
|    explained_variance   | 0.97         |
|    learning_rate        | 0.0003       |
|    loss                 | -0.00077     |
|    n_updates            | 130          |
|    policy_gradient_loss | -0.00182     |
|    reward               | -0.014705882 |
|    std                  | 0.909        |
|    value_loss           | 0.00476      |
------------------------------------------
EPISODE:  30
EPISODE:  31
------------------------------------------
| time/                   |              |
|    fps                  | 194          |
|    iterations           | 15           |
|    time_elapsed         | 158          |
|    total_timesteps      | 30720        |
| train/                  |              |
|    approx_kl            | 0.0037320019 |
|    clip_fraction        | 0.0528       |
|    clip_range           | 0.2          |
|    entropy_loss         | -2.63        |
|    explained_variance   | 0.97         |
|    learning_rate        | 0.0003       |
|    loss                 | -0.00102     |
|    n_updates            | 140          |
|    policy_gradient_loss | -0.00299     |
|    reward               | 0.5          |
|    std                  | 0.899        |
|    value_loss           | 0.00749      |
------------------------------------------
EPISODE:  32
EPISODE:  33
EPISODE:  34
------------------------------------------
| time/                   |              |
|    fps                  | 193          |
|    iterations           | 16           |
|    time_elapsed         | 169          |
|    total_timesteps      | 32768        |
| train/                  |              |
|    approx_kl            | 0.006823618  |
|    clip_fraction        | 0.0547       |
|    clip_range           | 0.2          |
|    entropy_loss         | -2.59        |
|    explained_variance   | 0.958        |
|    learning_rate        | 0.0003       |
|    loss                 | 0.0252       |
|    n_updates            | 150          |
|    policy_gradient_loss | -0.00373     |
|    reward               | 0.0010787486 |
|    std                  | 0.879        |
|    value_loss           | 0.0147       |
------------------------------------------
EPISODE:  35
EPISODE:  36
------------------------------------------
| time/                   |              |
|    fps                  | 193          |
|    iterations           | 17           |
|    time_elapsed         | 180          |
|    total_timesteps      | 34816        |
| train/                  |              |
|    approx_kl            | 0.005474642  |
|    clip_fraction        | 0.0386       |
|    clip_range           | 0.2          |
|    entropy_loss         | -2.56        |
|    explained_variance   | 0.913        |
|    learning_rate        | 0.0003       |
|    loss                 | 0.018        |
|    n_updates            | 160          |
|    policy_gradient_loss | 0.00134      |
|    reward               | 0.0011614402 |
|    std                  | 0.869        |
|    value_loss           | 0.0188       |
------------------------------------------
EPISODE:  37
EPISODE:  38
------------------------------------------
| time/                   |              |
|    fps                  | 193          |
|    iterations           | 18           |
|    time_elapsed         | 190          |
|    total_timesteps      | 36864        |
| train/                  |              |
|    approx_kl            | 0.005988518  |
|    clip_fraction        | 0.0677       |
|    clip_range           | 0.2          |
|    entropy_loss         | -2.53        |
|    explained_variance   | 0.973        |
|    learning_rate        | 0.0003       |
|    loss                 | -0.0232      |
|    n_updates            | 170          |
|    policy_gradient_loss | -0.00311     |
|    reward               | 0.0012578616 |
|    std                  | 0.854        |
|    value_loss           | 0.00641      |
------------------------------------------
EPISODE:  39
EPISODE:  40
------------------------------------------
| time/                   |              |
|    fps                  | 193          |
|    iterations           | 19           |
|    time_elapsed         | 201          |
|    total_timesteps      | 38912        |
| train/                  |              |
|    approx_kl            | 0.004321879  |
|    clip_fraction        | 0.0676       |
|    clip_range           | 0.2          |
|    entropy_loss         | -2.5         |
|    explained_variance   | 0.912        |
|    learning_rate        | 0.0003       |
|    loss                 | 0.0216       |
|    n_updates            | 180          |
|    policy_gradient_loss | -0.0015      |
|    reward               | 0.0013717421 |
|    std                  | 0.85         |
|    value_loss           | 0.0208       |
------------------------------------------
EPISODE:  41
EPISODE:  42
-------------------------------------------
| time/                   |               |
|    fps                  | 192           |
|    iterations           | 20            |
|    time_elapsed         | 212           |
|    total_timesteps      | 40960         |
| train/                  |               |
|    approx_kl            | 0.0076923817  |
|    clip_fraction        | 0.0425        |
|    clip_range           | 0.2           |
|    entropy_loss         | -2.48         |
|    explained_variance   | 0.962         |
|    learning_rate        | 0.0003        |
|    loss                 | 0.0244        |
|    n_updates            | 190           |
|    policy_gradient_loss | -0.00102      |
|    reward               | -0.0015082957 |
|    std                  | 0.836         |
|    value_loss           | 0.00858       |
-------------------------------------------
EPISODE:  43
EPISODE:  44
------------------------------------------
| time/                   |              |
|    fps                  | 191          |
|    iterations           | 21           |
|    time_elapsed         | 224          |
|    total_timesteps      | 43008        |
| train/                  |              |
|    approx_kl            | 0.006488354  |
|    clip_fraction        | 0.0521       |
|    clip_range           | 0.2          |
|    entropy_loss         | -2.46        |
|    explained_variance   | 0.965        |
|    learning_rate        | 0.0003       |
|    loss                 | -0.000435    |
|    n_updates            | 200          |
|    policy_gradient_loss | 0.000161     |
|    reward               | 0.0016750419 |
|    std                  | 0.83         |
|    value_loss           | 0.0102       |
------------------------------------------
EPISODE:  45
EPISODE:  46
------------------------------------------
| time/                   |              |
|    fps                  | 192          |
|    iterations           | 22           |
|    time_elapsed         | 234          |
|    total_timesteps      | 45056        |
| train/                  |              |
|    approx_kl            | 0.008440071  |
|    clip_fraction        | 0.0843       |
|    clip_range           | 0.2          |
|    entropy_loss         | -2.45        |
|    explained_variance   | 0.978        |
|    learning_rate        | 0.0003       |
|    loss                 | -0.00587     |
|    n_updates            | 210          |
|    policy_gradient_loss | -0.00383     |
|    reward               | 0.0018832391 |
|    std                  | 0.824        |
|    value_loss           | 0.00674      |
------------------------------------------
EPISODE:  47
EPISODE:  48
------------------------------------------
| time/                   |              |
|    fps                  | 192          |
|    iterations           | 23           |
|    time_elapsed         | 245          |
|    total_timesteps      | 47104        |
| train/                  |              |
|    approx_kl            | 0.00573588   |
|    clip_fraction        | 0.0422       |
|    clip_range           | 0.2          |
|    entropy_loss         | -2.44        |
|    explained_variance   | 0.932        |
|    learning_rate        | 0.0003       |
|    loss                 | -0.00763     |
|    n_updates            | 220          |
|    policy_gradient_loss | -0.00238     |
|    reward               | 0.0021505377 |
|    std                  | 0.824        |
|    value_loss           | 0.0212       |
------------------------------------------
EPISODE:  49
EPISODE:  50
------------------------------------------
| time/                   |              |
|    fps                  | 191          |
|    iterations           | 24           |
|    time_elapsed         | 256          |
|    total_timesteps      | 49152        |
| train/                  |              |
|    approx_kl            | 0.0066363234 |
|    clip_fraction        | 0.0474       |
|    clip_range           | 0.2          |
|    entropy_loss         | -2.44        |
|    explained_variance   | 0.971        |
|    learning_rate        | 0.0003       |
|    loss                 | 0.0081       |
|    n_updates            | 230          |
|    policy_gradient_loss | -0.00183     |
|    reward               | 0.0025062656 |
|    std                  | 0.825        |
|    value_loss           | 0.00936      |
------------------------------------------
EPISODE:  51
EPISODE:  52
-----------------------------------------
| time/                   |             |
|    fps                  | 190         |
|    iterations           | 25          |
|    time_elapsed         | 268         |
|    total_timesteps      | 51200       |
| train/                  |             |
|    approx_kl            | 0.006049219 |
|    clip_fraction        | 0.068       |
|    clip_range           | 0.2         |
|    entropy_loss         | -2.43       |
|    explained_variance   | 0.969       |
|    learning_rate        | 0.0003      |
|    loss                 | 0.00431     |
|    n_updates            | 240         |
|    policy_gradient_loss | -0.00288    |
|    reward               | 0.003003003 |
|    std                  | 0.816       |
|    value_loss           | 0.00999     |
-----------------------------------------
Saved episode log to Results\250619_hc_binary_udp\ppo\downward\training_logs\02.csv
