EPISODE:  0
{'n_steps': 5, 'ent_coef': 0.005, 'learning_rate': 0.0002}
Using cpu device
EPISODE:  1
----------------------------------------
| time/                 |              |
|    fps                | 59           |
|    iterations         | 100          |
|    time_elapsed       | 8            |
|    total_timesteps    | 500          |
| train/                |              |
|    entropy_loss       | -2.85        |
|    explained_variance | 0.0851       |
|    learning_rate      | 0.0002       |
|    n_updates          | 99           |
|    policy_loss        | 0.0311       |
|    reward             | -0.010558802 |
|    std                | 1            |
|    value_loss         | 0.000296     |
----------------------------------------
EPISODE:  2
---------------------------------------
| time/                 |             |
|    fps                | 61          |
|    iterations         | 200         |
|    time_elapsed       | 16          |
|    total_timesteps    | 1000        |
| train/                |             |
|    entropy_loss       | -2.86       |
|    explained_variance | -1.63       |
|    learning_rate      | 0.0002      |
|    n_updates          | 199         |
|    policy_loss        | 0.0721      |
|    reward             | 0.011032727 |
|    std                | 1.01        |
|    value_loss         | 0.00598     |
---------------------------------------
----------------------------------------
| time/                 |              |
|    fps                | 63           |
|    iterations         | 300          |
|    time_elapsed       | 23           |
|    total_timesteps    | 1500         |
| train/                |              |
|    entropy_loss       | -2.88        |
|    explained_variance | -0.00141     |
|    learning_rate      | 0.0002       |
|    n_updates          | 299          |
|    policy_loss        | 0.0341       |
|    reward             | -0.006658222 |
|    std                | 1.02         |
|    value_loss         | 0.000225     |
----------------------------------------
EPISODE:  3
----------------------------------------
| time/                 |              |
|    fps                | 63           |
|    iterations         | 400          |
|    time_elapsed       | 31           |
|    total_timesteps    | 2000         |
| train/                |              |
|    entropy_loss       | -2.89        |
|    explained_variance | -0.0664      |
|    learning_rate      | 0.0002       |
|    n_updates          | 399          |
|    policy_loss        | -0.0707      |
|    reward             | -0.012324929 |
|    std                | 1.03         |
|    value_loss         | 0.000785     |
----------------------------------------
---------------------------------------
| time/                 |             |
|    fps                | 63          |
|    iterations         | 500         |
|    time_elapsed       | 39          |
|    total_timesteps    | 2500        |
| train/                |             |
|    entropy_loss       | -2.9        |
|    explained_variance | 0.175       |
|    learning_rate      | 0.0002      |
|    n_updates          | 499         |
|    policy_loss        | -0.00501    |
|    reward             | -0.01468709 |
|    std                | 1.03        |
|    value_loss         | 6.17e-05    |
---------------------------------------
EPISODE:  4
-----------------------------------------
| time/                 |               |
|    fps                | 63            |
|    iterations         | 600           |
|    time_elapsed       | 47            |
|    total_timesteps    | 3000          |
| train/                |               |
|    entropy_loss       | -2.91         |
|    explained_variance | 6.85e-06      |
|    learning_rate      | 0.0002        |
|    n_updates          | 599           |
|    policy_loss        | -0.0356       |
|    reward             | -0.0073703793 |
|    std                | 1.04          |
|    value_loss         | 0.000183      |
-----------------------------------------
----------------------------------------
| time/                 |              |
|    fps                | 63           |
|    iterations         | 700          |
|    time_elapsed       | 55           |
|    total_timesteps    | 3500         |
| train/                |              |
|    entropy_loss       | -2.92        |
|    explained_variance | -1.23e-05    |
|    learning_rate      | 0.0002       |
|    n_updates          | 699          |
|    policy_loss        | 0.0553       |
|    reward             | 0.0010713692 |
|    std                | 1.04         |
|    value_loss         | 0.0005       |
----------------------------------------
EPISODE:  5
---------------------------------------
| time/                 |             |
|    fps                | 63          |
|    iterations         | 800         |
|    time_elapsed       | 63          |
|    total_timesteps    | 4000        |
| train/                |             |
|    entropy_loss       | -2.93       |
|    explained_variance | -5.77e-05   |
|    learning_rate      | 0.0002      |
|    n_updates          | 799         |
|    policy_loss        | 0.02        |
|    reward             | 0.014312281 |
|    std                | 1.05        |
|    value_loss         | 0.000123    |
---------------------------------------
---------------------------------------
| time/                 |             |
|    fps                | 63          |
|    iterations         | 900         |
|    time_elapsed       | 70          |
|    total_timesteps    | 4500        |
| train/                |             |
|    entropy_loss       | -2.94       |
|    explained_variance | -1.19e-07   |
|    learning_rate      | 0.0002      |
|    n_updates          | 899         |
|    policy_loss        | 0.0276      |
|    reward             | 0.015150484 |
|    std                | 1.05        |
|    value_loss         | 9.77e-05    |
---------------------------------------
EPISODE:  6
-----------------------------------------
| time/                 |               |
|    fps                | 63            |
|    iterations         | 1000          |
|    time_elapsed       | 78            |
|    total_timesteps    | 5000          |
| train/                |               |
|    entropy_loss       | -2.95         |
|    explained_variance | -4.74         |
|    learning_rate      | 0.0002        |
|    n_updates          | 999           |
|    policy_loss        | -0.0564       |
|    reward             | -0.0002863623 |
|    std                | 1.06          |
|    value_loss         | 0.000699      |
-----------------------------------------
----------------------------------------
| time/                 |              |
|    fps                | 63           |
|    iterations         | 1100         |
|    time_elapsed       | 86           |
|    total_timesteps    | 5500         |
| train/                |              |
|    entropy_loss       | -2.96        |
|    explained_variance | -0.000321    |
|    learning_rate      | 0.0002       |
|    n_updates          | 1099         |
|    policy_loss        | 0.0819       |
|    reward             | 0.0050641634 |
|    std                | 1.06         |
|    value_loss         | 0.000671     |
----------------------------------------
EPISODE:  7
---------------------------------------
| time/                 |             |
|    fps                | 64          |
|    iterations         | 1200        |
|    time_elapsed       | 93          |
|    total_timesteps    | 6000        |
| train/                |             |
|    entropy_loss       | -2.96       |
|    explained_variance | -16.2       |
|    learning_rate      | 0.0002      |
|    n_updates          | 1199        |
|    policy_loss        | 0.0783      |
|    reward             | 0.014299878 |
|    std                | 1.07        |
|    value_loss         | 0.000815    |
---------------------------------------
---------------------------------------
| time/                 |             |
|    fps                | 63          |
|    iterations         | 1300        |
|    time_elapsed       | 101         |
|    total_timesteps    | 6500        |
| train/                |             |
|    entropy_loss       | -2.97       |
|    explained_variance | 0.00143     |
|    learning_rate      | 0.0002      |
|    n_updates          | 1299        |
|    policy_loss        | -0.0518     |
|    reward             | 0.011658594 |
|    std                | 1.07        |
|    value_loss         | 0.000374    |
---------------------------------------
EPISODE:  8
----------------------------------------
| time/                 |              |
|    fps                | 63           |
|    iterations         | 1400         |
|    time_elapsed       | 109          |
|    total_timesteps    | 7000         |
| train/                |              |
|    entropy_loss       | -2.98        |
|    explained_variance | 0            |
|    learning_rate      | 0.0002       |
|    n_updates          | 1399         |
|    policy_loss        | 0.0255       |
|    reward             | 0.0067086923 |
|    std                | 1.07         |
|    value_loss         | 0.000154     |
----------------------------------------
---------------------------------------
| time/                 |             |
|    fps                | 63          |
|    iterations         | 1500        |
|    time_elapsed       | 118         |
|    total_timesteps    | 7500        |
| train/                |             |
|    entropy_loss       | -2.99       |
|    explained_variance | 0           |
|    learning_rate      | 0.0002      |
|    n_updates          | 1499        |
|    policy_loss        | 0.101       |
|    reward             | 0.011676066 |
|    std                | 1.08        |
|    value_loss         | 0.000531    |
---------------------------------------
EPISODE:  9
---------------------------------------
| time/                 |             |
|    fps                | 63          |
|    iterations         | 1600        |
|    time_elapsed       | 126         |
|    total_timesteps    | 8000        |
| train/                |             |
|    entropy_loss       | -2.99       |
|    explained_variance | 0           |
|    learning_rate      | 0.0002      |
|    n_updates          | 1599        |
|    policy_loss        | -0.0795     |
|    reward             | 0.012851798 |
|    std                | 1.08        |
|    value_loss         | 0.000682    |
---------------------------------------
---------------------------------------
| time/                 |             |
|    fps                | 63          |
|    iterations         | 1700        |
|    time_elapsed       | 133         |
|    total_timesteps    | 8500        |
| train/                |             |
|    entropy_loss       | -3          |
|    explained_variance | 2.62e-06    |
|    learning_rate      | 0.0002      |
|    n_updates          | 1699        |
|    policy_loss        | -0.0433     |
|    reward             | 0.008340152 |
|    std                | 1.09        |
|    value_loss         | 0.000611    |
---------------------------------------
EPISODE:  10
---------------------------------------
| time/                 |             |
|    fps                | 63          |
|    iterations         | 1800        |
|    time_elapsed       | 140         |
|    total_timesteps    | 9000        |
| train/                |             |
|    entropy_loss       | -3.01       |
|    explained_variance | 0.114       |
|    learning_rate      | 0.0002      |
|    n_updates          | 1799        |
|    policy_loss        | -0.0194     |
|    reward             | 0.010742132 |
|    std                | 1.09        |
|    value_loss         | 0.000103    |
---------------------------------------
---------------------------------------
| time/                 |             |
|    fps                | 64          |
|    iterations         | 1900        |
|    time_elapsed       | 148         |
|    total_timesteps    | 9500        |
| train/                |             |
|    entropy_loss       | -3.02       |
|    explained_variance | 0.0104      |
|    learning_rate      | 0.0002      |
|    n_updates          | 1899        |
|    policy_loss        | 0.012       |
|    reward             | 0.013944521 |
|    std                | 1.1         |
|    value_loss         | 4.16e-05    |
---------------------------------------
EPISODE:  11
---------------------------------------
| time/                 |             |
|    fps                | 63          |
|    iterations         | 2000        |
|    time_elapsed       | 156         |
|    total_timesteps    | 10000       |
| train/                |             |
|    entropy_loss       | -3.03       |
|    explained_variance | 0.000467    |
|    learning_rate      | 0.0002      |
|    n_updates          | 1999        |
|    policy_loss        | -0.0668     |
|    reward             | 0.006434693 |
|    std                | 1.1         |
|    value_loss         | 0.000531    |
---------------------------------------
----------------------------------------
| time/                 |              |
|    fps                | 64           |
|    iterations         | 2100         |
|    time_elapsed       | 163          |
|    total_timesteps    | 10500        |
| train/                |              |
|    entropy_loss       | -3.04        |
|    explained_variance | 0            |
|    learning_rate      | 0.0002       |
|    n_updates          | 2099         |
|    policy_loss        | 0.0353       |
|    reward             | 0.0012191794 |
|    std                | 1.11         |
|    value_loss         | 0.000261     |
----------------------------------------
EPISODE:  12
---------------------------------------
| time/                 |             |
|    fps                | 64          |
|    iterations         | 2200        |
|    time_elapsed       | 170         |
|    total_timesteps    | 11000       |
| train/                |             |
|    entropy_loss       | -3.05       |
|    explained_variance | -0.0627     |
|    learning_rate      | 0.0002      |
|    n_updates          | 2199        |
|    policy_loss        | 0.0205      |
|    reward             | 0.014736046 |
|    std                | 1.11        |
|    value_loss         | 5.43e-05    |
---------------------------------------
---------------------------------------
| time/                 |             |
|    fps                | 64          |
|    iterations         | 2300        |
|    time_elapsed       | 178         |
|    total_timesteps    | 11500       |
| train/                |             |
|    entropy_loss       | -3.06       |
|    explained_variance | -1.96       |
|    learning_rate      | 0.0002      |
|    n_updates          | 2299        |
|    policy_loss        | 0.0162      |
|    reward             | 0.014559105 |
|    std                | 1.12        |
|    value_loss         | 5.57e-05    |
---------------------------------------
EPISODE:  13
----------------------------------------
| time/                 |              |
|    fps                | 64           |
|    iterations         | 2400         |
|    time_elapsed       | 185          |
|    total_timesteps    | 12000        |
| train/                |              |
|    entropy_loss       | -3.07        |
|    explained_variance | 1.91e-06     |
|    learning_rate      | 0.0002       |
|    n_updates          | 2399         |
|    policy_loss        | 0.0436       |
|    reward             | 0.0007696414 |
|    std                | 1.12         |
|    value_loss         | 0.000381     |
----------------------------------------
-----------------------------------------
| time/                 |               |
|    fps                | 64            |
|    iterations         | 2500          |
|    time_elapsed       | 193           |
|    total_timesteps    | 12500         |
| train/                |               |
|    entropy_loss       | -3.08         |
|    explained_variance | 0             |
|    learning_rate      | 0.0002        |
|    n_updates          | 2499          |
|    policy_loss        | 0.0515        |
|    reward             | -0.0056839166 |
|    std                | 1.13          |
|    value_loss         | 0.000364      |
-----------------------------------------
EPISODE:  14
---------------------------------------
| time/                 |             |
|    fps                | 64          |
|    iterations         | 2600        |
|    time_elapsed       | 201         |
|    total_timesteps    | 13000       |
| train/                |             |
|    entropy_loss       | -3.09       |
|    explained_variance | -1.19e-07   |
|    learning_rate      | 0.0002      |
|    n_updates          | 2599        |
|    policy_loss        | -0.0451     |
|    reward             | -0.01513193 |
|    std                | 1.13        |
|    value_loss         | 0.000248    |
---------------------------------------
---------------------------------------
| time/                 |             |
|    fps                | 64          |
|    iterations         | 2700        |
|    time_elapsed       | 209         |
|    total_timesteps    | 13500       |
| train/                |             |
|    entropy_loss       | -3.1        |
|    explained_variance | 0           |
|    learning_rate      | 0.0002      |
|    n_updates          | 2699        |
|    policy_loss        | -0.0859     |
|    reward             | 0.013402906 |
|    std                | 1.14        |
|    value_loss         | 0.000462    |
---------------------------------------
EPISODE:  15
-----------------------------------------
| time/                 |               |
|    fps                | 64            |
|    iterations         | 2800          |
|    time_elapsed       | 217           |
|    total_timesteps    | 14000         |
| train/                |               |
|    entropy_loss       | -3.11         |
|    explained_variance | 0.846         |
|    learning_rate      | 0.0002        |
|    n_updates          | 2799          |
|    policy_loss        | 0.0344        |
|    reward             | -0.0052992087 |
|    std                | 1.15          |
|    value_loss         | 9.8e-05       |
-----------------------------------------
-----------------------------------------
| time/                 |               |
|    fps                | 64            |
|    iterations         | 2900          |
|    time_elapsed       | 225           |
|    total_timesteps    | 14500         |
| train/                |               |
|    entropy_loss       | -3.12         |
|    explained_variance | -0.0114       |
|    learning_rate      | 0.0002        |
|    n_updates          | 2899          |
|    policy_loss        | -0.0313       |
|    reward             | -0.0100348005 |
|    std                | 1.15          |
|    value_loss         | 0.000171      |
-----------------------------------------
EPISODE:  16
----------------------------------------
| time/                 |              |
|    fps                | 64           |
|    iterations         | 3000         |
|    time_elapsed       | 233          |
|    total_timesteps    | 15000        |
| train/                |              |
|    entropy_loss       | -3.13        |
|    explained_variance | 0.843        |
|    learning_rate      | 0.0002       |
|    n_updates          | 2999         |
|    policy_loss        | -0.0127      |
|    reward             | -0.011497315 |
|    std                | 1.16         |
|    value_loss         | 3.38e-05     |
----------------------------------------
----------------------------------------
| time/                 |              |
|    fps                | 64           |
|    iterations         | 3100         |
|    time_elapsed       | 241          |
|    total_timesteps    | 15500        |
| train/                |              |
|    entropy_loss       | -3.14        |
|    explained_variance | 0.00788      |
|    learning_rate      | 0.0002       |
|    n_updates          | 3099         |
|    policy_loss        | -0.0864      |
|    reward             | 0.0072704633 |
|    std                | 1.17         |
|    value_loss         | 0.000794     |
----------------------------------------
EPISODE:  17
---------------------------------------
| time/                 |             |
|    fps                | 64          |
|    iterations         | 3200        |
|    time_elapsed       | 249         |
|    total_timesteps    | 16000       |
| train/                |             |
|    entropy_loss       | -3.15       |
|    explained_variance | -2.04e-05   |
|    learning_rate      | 0.0002      |
|    n_updates          | 3199        |
|    policy_loss        | 0.0633      |
|    reward             | 0.011854298 |
|    std                | 1.17        |
|    value_loss         | 0.00039     |
---------------------------------------
---------------------------------------
| time/                 |             |
|    fps                | 64          |
|    iterations         | 3300        |
|    time_elapsed       | 256         |
|    total_timesteps    | 16500       |
| train/                |             |
|    entropy_loss       | -3.16       |
|    explained_variance | 0           |
|    learning_rate      | 0.0002      |
|    n_updates          | 3299        |
|    policy_loss        | -0.0112     |
|    reward             | 0.014524048 |
|    std                | 1.17        |
|    value_loss         | 0.000101    |
---------------------------------------
EPISODE:  18
---------------------------------------
| time/                 |             |
|    fps                | 64          |
|    iterations         | 3400        |
|    time_elapsed       | 265         |
|    total_timesteps    | 17000       |
| train/                |             |
|    entropy_loss       | -3.17       |
|    explained_variance | 2.09e-06    |
|    learning_rate      | 0.0002      |
|    n_updates          | 3399        |
|    policy_loss        | -0.121      |
|    reward             | 0.008088166 |
|    std                | 1.18        |
|    value_loss         | 0.00153     |
---------------------------------------
-----------------------------------------
| time/                 |               |
|    fps                | 64            |
|    iterations         | 3500          |
|    time_elapsed       | 272           |
|    total_timesteps    | 17500         |
| train/                |               |
|    entropy_loss       | -3.19         |
|    explained_variance | 0             |
|    learning_rate      | 0.0002        |
|    n_updates          | 3499          |
|    policy_loss        | 0.0239        |
|    reward             | -0.0019076957 |
|    std                | 1.19          |
|    value_loss         | 7.27e-05      |
-----------------------------------------
EPISODE:  19
---------------------------------------
| time/                 |             |
|    fps                | 64          |
|    iterations         | 3600        |
|    time_elapsed       | 281         |
|    total_timesteps    | 18000       |
| train/                |             |
|    entropy_loss       | -3.2        |
|    explained_variance | -3.58e-07   |
|    learning_rate      | 0.0002      |
|    n_updates          | 3599        |
|    policy_loss        | 0.0131      |
|    reward             | 0.014047668 |
|    std                | 1.2         |
|    value_loss         | 6.24e-05    |
---------------------------------------
---------------------------------------
| time/                 |             |
|    fps                | 64          |
|    iterations         | 3700        |
|    time_elapsed       | 289         |
|    total_timesteps    | 18500       |
| train/                |             |
|    entropy_loss       | -3.22       |
|    explained_variance | 0           |
|    learning_rate      | 0.0002      |
|    n_updates          | 3699        |
|    policy_loss        | -0.023      |
|    reward             | 0.015175003 |
|    std                | 1.21        |
|    value_loss         | 0.000156    |
---------------------------------------
EPISODE:  20
------------------------------------------
| time/                 |                |
|    fps                | 63             |
|    iterations         | 3800           |
|    time_elapsed       | 297            |
|    total_timesteps    | 19000          |
| train/                |                |
|    entropy_loss       | -3.24          |
|    explained_variance | -2.46e-05      |
|    learning_rate      | 0.0002         |
|    n_updates          | 3799           |
|    policy_loss        | 0.00799        |
|    reward             | -0.00097274664 |
|    std                | 1.22           |
|    value_loss         | 1.44e-05       |
------------------------------------------
----------------------------------------
| time/                 |              |
|    fps                | 63           |
|    iterations         | 3900         |
|    time_elapsed       | 305          |
|    total_timesteps    | 19500        |
| train/                |              |
|    entropy_loss       | -3.26        |
|    explained_variance | 0            |
|    learning_rate      | 0.0002       |
|    n_updates          | 3899         |
|    policy_loss        | 0.0612       |
|    reward             | 0.0044047465 |
|    std                | 1.23         |
|    value_loss         | 0.000268     |
----------------------------------------
EPISODE:  21
---------------------------------------
| time/                 |             |
|    fps                | 63          |
|    iterations         | 4000        |
|    time_elapsed       | 312         |
|    total_timesteps    | 20000       |
| train/                |             |
|    entropy_loss       | -3.28       |
|    explained_variance | 0.712       |
|    learning_rate      | 0.0002      |
|    n_updates          | 3999        |
|    policy_loss        | -0.0236     |
|    reward             | 0.014496665 |
|    std                | 1.25        |
|    value_loss         | 5.83e-05    |
---------------------------------------
---------------------------------------
| time/                 |             |
|    fps                | 63          |
|    iterations         | 4100        |
|    time_elapsed       | 320         |
|    total_timesteps    | 20500       |
| train/                |             |
|    entropy_loss       | -3.3        |
|    explained_variance | 0.261       |
|    learning_rate      | 0.0002      |
|    n_updates          | 4099        |
|    policy_loss        | -0.0242     |
|    reward             | 0.012089991 |
|    std                | 1.26        |
|    value_loss         | 0.000278    |
---------------------------------------
EPISODE:  22
----------------------------------------
| time/                 |              |
|    fps                | 63           |
|    iterations         | 4200         |
|    time_elapsed       | 328          |
|    total_timesteps    | 21000        |
| train/                |              |
|    entropy_loss       | -3.31        |
|    explained_variance | 0            |
|    learning_rate      | 0.0002       |
|    n_updates          | 4199         |
|    policy_loss        | 0.0563       |
|    reward             | 0.0059587792 |
|    std                | 1.27         |
|    value_loss         | 0.0004       |
----------------------------------------
----------------------------------------
| time/                 |              |
|    fps                | 64           |
|    iterations         | 4300         |
|    time_elapsed       | 334          |
|    total_timesteps    | 21500        |
| train/                |              |
|    entropy_loss       | -3.33        |
|    explained_variance | -1.82e-05    |
|    learning_rate      | 0.0002       |
|    n_updates          | 4299         |
|    policy_loss        | 0.0484       |
|    reward             | -0.011156375 |
|    std                | 1.28         |
|    value_loss         | 0.000307     |
----------------------------------------
EPISODE:  23
---------------------------------------
| time/                 |             |
|    fps                | 64          |
|    iterations         | 4400        |
|    time_elapsed       | 339         |
|    total_timesteps    | 22000       |
| train/                |             |
|    entropy_loss       | -3.35       |
|    explained_variance | 1.19e-07    |
|    learning_rate      | 0.0002      |
|    n_updates          | 4399        |
|    policy_loss        | -0.0747     |
|    reward             | 0.013264141 |
|    std                | 1.29        |
|    value_loss         | 0.000726    |
---------------------------------------
---------------------------------------
| time/                 |             |
|    fps                | 65          |
|    iterations         | 4500        |
|    time_elapsed       | 345         |
|    total_timesteps    | 22500       |
| train/                |             |
|    entropy_loss       | -3.36       |
|    explained_variance | 1.19e-07    |
|    learning_rate      | 0.0002      |
|    n_updates          | 4499        |
|    policy_loss        | -0.0718     |
|    reward             | 0.009022154 |
|    std                | 1.3         |
|    value_loss         | 0.000389    |
---------------------------------------
EPISODE:  24
---------------------------------------
| time/                 |             |
|    fps                | 65          |
|    iterations         | 4600        |
|    time_elapsed       | 351         |
|    total_timesteps    | 23000       |
| train/                |             |
|    entropy_loss       | -3.37       |
|    explained_variance | -0.886      |
|    learning_rate      | 0.0002      |
|    n_updates          | 4599        |
|    policy_loss        | -0.0419     |
|    reward             | 0.010225693 |
|    std                | 1.31        |
|    value_loss         | 0.000303    |
---------------------------------------
---------------------------------------
| time/                 |             |
|    fps                | 65          |
|    iterations         | 4700        |
|    time_elapsed       | 356         |
|    total_timesteps    | 23500       |
| train/                |             |
|    entropy_loss       | -3.38       |
|    explained_variance | 0.184       |
|    learning_rate      | 0.0002      |
|    n_updates          | 4699        |
|    policy_loss        | 0.0641      |
|    reward             | 0.013636298 |
|    std                | 1.31        |
|    value_loss         | 0.000508    |
---------------------------------------
EPISODE:  25
---------------------------------------
| time/                 |             |
|    fps                | 66          |
|    iterations         | 4800        |
|    time_elapsed       | 361         |
|    total_timesteps    | 24000       |
| train/                |             |
|    entropy_loss       | -3.38       |
|    explained_variance | 0           |
|    learning_rate      | 0.0002      |
|    n_updates          | 4799        |
|    policy_loss        | -0.0434     |
|    reward             | 0.007051806 |
|    std                | 1.31        |
|    value_loss         | 0.000173    |
---------------------------------------
----------------------------------------
| time/                 |              |
|    fps                | 67           |
|    iterations         | 4900         |
|    time_elapsed       | 364          |
|    total_timesteps    | 24500        |
| train/                |              |
|    entropy_loss       | -3.39        |
|    explained_variance | 0.000345     |
|    learning_rate      | 0.0002       |
|    n_updates          | 4899         |
|    policy_loss        | 0.00736      |
|    reward             | 0.0019021641 |
|    std                | 1.32         |
|    value_loss         | 2.21e-05     |
----------------------------------------
EPISODE:  26
---------------------------------------
| time/                 |             |
|    fps                | 67          |
|    iterations         | 5000        |
|    time_elapsed       | 368         |
|    total_timesteps    | 25000       |
| train/                |             |
|    entropy_loss       | -3.4        |
|    explained_variance | 6.41e-05    |
|    learning_rate      | 0.0002      |
|    n_updates          | 4999        |
|    policy_loss        | 0.0159      |
|    reward             | 0.014587274 |
|    std                | 1.33        |
|    value_loss         | 2.79e-05    |
---------------------------------------
---------------------------------------
| time/                 |             |
|    fps                | 68          |
|    iterations         | 5100        |
|    time_elapsed       | 372         |
|    total_timesteps    | 25500       |
| train/                |             |
|    entropy_loss       | -3.42       |
|    explained_variance | -1.74       |
|    learning_rate      | 0.0002      |
|    n_updates          | 5099        |
|    policy_loss        | 0.0554      |
|    reward             | 0.014708961 |
|    std                | 1.34        |
|    value_loss         | 0.000385    |
---------------------------------------
EPISODE:  27
-----------------------------------------
| time/                 |               |
|    fps                | 69            |
|    iterations         | 5200          |
|    time_elapsed       | 376           |
|    total_timesteps    | 26000         |
| train/                |               |
|    entropy_loss       | -3.43         |
|    explained_variance | -1.28e-05     |
|    learning_rate      | 0.0002        |
|    n_updates          | 5199          |
|    policy_loss        | -0.025        |
|    reward             | -0.0016073488 |
|    std                | 1.34          |
|    value_loss         | 0.000135      |
-----------------------------------------
-----------------------------------------
| time/                 |               |
|    fps                | 69            |
|    iterations         | 5300          |
|    time_elapsed       | 380           |
|    total_timesteps    | 26500         |
| train/                |               |
|    entropy_loss       | -3.44         |
|    explained_variance | 0             |
|    learning_rate      | 0.0002        |
|    n_updates          | 5299          |
|    policy_loss        | 0.0622        |
|    reward             | -0.0049070027 |
|    std                | 1.35          |
|    value_loss         | 0.000336      |
-----------------------------------------
EPISODE:  28
---------------------------------------
| time/                 |             |
|    fps                | 70          |
|    iterations         | 5400        |
|    time_elapsed       | 383         |
|    total_timesteps    | 27000       |
| train/                |             |
|    entropy_loss       | -3.45       |
|    explained_variance | -1.19e-07   |
|    learning_rate      | 0.0002      |
|    n_updates          | 5399        |
|    policy_loss        | -0.0182     |
|    reward             | 0.015170746 |
|    std                | 1.36        |
|    value_loss         | 6.58e-05    |
---------------------------------------
---------------------------------------
| time/                 |             |
|    fps                | 71          |
|    iterations         | 5500        |
|    time_elapsed       | 386         |
|    total_timesteps    | 27500       |
| train/                |             |
|    entropy_loss       | -3.46       |
|    explained_variance | 0           |
|    learning_rate      | 0.0002      |
|    n_updates          | 5499        |
|    policy_loss        | -0.118      |
|    reward             | 0.013761675 |
|    std                | 1.36        |
|    value_loss         | 0.00128     |
---------------------------------------
EPISODE:  29
----------------------------------------
| time/                 |              |
|    fps                | 71           |
|    iterations         | 5600         |
|    time_elapsed       | 390          |
|    total_timesteps    | 28000        |
| train/                |              |
|    entropy_loss       | -3.47        |
|    explained_variance | 0.542        |
|    learning_rate      | 0.0002       |
|    n_updates          | 5599         |
|    policy_loss        | 0.0248       |
|    reward             | 0.0046429415 |
|    std                | 1.37         |
|    value_loss         | 7.73e-05     |
----------------------------------------
---------------------------------------
| time/                 |             |
|    fps                | 72          |
|    iterations         | 5700        |
|    time_elapsed       | 393         |
|    total_timesteps    | 28500       |
| train/                |             |
|    entropy_loss       | -3.48       |
|    explained_variance | 0           |
|    learning_rate      | 0.0002      |
|    n_updates          | 5699        |
|    policy_loss        | 0.0695      |
|    reward             | 0.009490679 |
|    std                | 1.38        |
|    value_loss         | 0.000677    |
---------------------------------------
EPISODE:  30
--------------------------------------
| time/                 |            |
|    fps                | 73         |
|    iterations         | 5800       |
|    time_elapsed       | 396        |
|    total_timesteps    | 29000      |
| train/                |            |
|    entropy_loss       | -3.49      |
|    explained_variance | 0          |
|    learning_rate      | 0.0002     |
|    n_updates          | 5799       |
|    policy_loss        | -0.0894    |
|    reward             | 0.01193771 |
|    std                | 1.39       |
|    value_loss         | 0.000625   |
--------------------------------------
---------------------------------------
| time/                 |             |
|    fps                | 73          |
|    iterations         | 5900        |
|    time_elapsed       | 400         |
|    total_timesteps    | 29500       |
| train/                |             |
|    entropy_loss       | -3.51       |
|    explained_variance | -1.32e-05   |
|    learning_rate      | 0.0002      |
|    n_updates          | 5899        |
|    policy_loss        | -0.0465     |
|    reward             | 0.007868308 |
|    std                | 1.4         |
|    value_loss         | 0.000226    |
---------------------------------------
EPISODE:  31
----------------------------------------
| time/                 |              |
|    fps                | 74           |
|    iterations         | 6000         |
|    time_elapsed       | 403          |
|    total_timesteps    | 30000        |
| train/                |              |
|    entropy_loss       | -3.52        |
|    explained_variance | 0.317        |
|    learning_rate      | 0.0002       |
|    n_updates          | 5999         |
|    policy_loss        | 0.0466       |
|    reward             | 0.0113473935 |
|    std                | 1.41         |
|    value_loss         | 0.000254     |
----------------------------------------
----------------------------------------
| time/                 |              |
|    fps                | 75           |
|    iterations         | 6100         |
|    time_elapsed       | 406          |
|    total_timesteps    | 30500        |
| train/                |              |
|    entropy_loss       | -3.54        |
|    explained_variance | -0.00145     |
|    learning_rate      | 0.0002       |
|    n_updates          | 6099         |
|    policy_loss        | -0.0916      |
|    reward             | -0.014321251 |
|    std                | 1.42         |
|    value_loss         | 0.00115      |
----------------------------------------
EPISODE:  32
----------------------------------------
| time/                 |              |
|    fps                | 75           |
|    iterations         | 6200         |
|    time_elapsed       | 409          |
|    total_timesteps    | 31000        |
| train/                |              |
|    entropy_loss       | -3.55        |
|    explained_variance | 0            |
|    learning_rate      | 0.0002       |
|    n_updates          | 6199         |
|    policy_loss        | -0.0176      |
|    reward             | -0.008780014 |
|    std                | 1.43         |
|    value_loss         | 3.23e-05     |
----------------------------------------
---------------------------------------
| time/                 |             |
|    fps                | 76          |
|    iterations         | 6300        |
|    time_elapsed       | 413         |
|    total_timesteps    | 31500       |
| train/                |             |
|    entropy_loss       | -3.57       |
|    explained_variance | 4.95e-06    |
|    learning_rate      | 0.0002      |
|    n_updates          | 6299        |
|    policy_loss        | -0.0918     |
|    reward             | 0.002738259 |
|    std                | 1.44        |
|    value_loss         | 0.000841    |
---------------------------------------
EPISODE:  33
---------------------------------------
| time/                 |             |
|    fps                | 76          |
|    iterations         | 6400        |
|    time_elapsed       | 416         |
|    total_timesteps    | 32000       |
| train/                |             |
|    entropy_loss       | -3.58       |
|    explained_variance | -0.0012     |
|    learning_rate      | 0.0002      |
|    n_updates          | 6399        |
|    policy_loss        | 0.0318      |
|    reward             | 0.013750776 |
|    std                | 1.45        |
|    value_loss         | 0.000119    |
---------------------------------------
--------------------------------------
| time/                 |            |
|    fps                | 77         |
|    iterations         | 6500       |
|    time_elapsed       | 420        |
|    total_timesteps    | 32500      |
| train/                |            |
|    entropy_loss       | -3.59      |
|    explained_variance | 0.751      |
|    learning_rate      | 0.0002     |
|    n_updates          | 6499       |
|    policy_loss        | 0.006      |
|    reward             | 0.01516016 |
|    std                | 1.46       |
|    value_loss         | 5.21e-06   |
--------------------------------------
EPISODE:  34
-----------------------------------------
| time/                 |               |
|    fps                | 77            |
|    iterations         | 6600          |
|    time_elapsed       | 423           |
|    total_timesteps    | 33000         |
| train/                |               |
|    entropy_loss       | -3.6          |
|    explained_variance | 5.96e-08      |
|    learning_rate      | 0.0002        |
|    n_updates          | 6599          |
|    policy_loss        | 0.00698       |
|    reward             | -0.0016568588 |
|    std                | 1.47          |
|    value_loss         | 1.49e-05      |
-----------------------------------------
----------------------------------------
| time/                 |              |
|    fps                | 78           |
|    iterations         | 6700         |
|    time_elapsed       | 427          |
|    total_timesteps    | 33500        |
| train/                |              |
|    entropy_loss       | -3.61        |
|    explained_variance | 5.96e-08     |
|    learning_rate      | 0.0002       |
|    n_updates          | 6699         |
|    policy_loss        | 0.046        |
|    reward             | 0.0037374622 |
|    std                | 1.47         |
|    value_loss         | 0.000192     |
----------------------------------------
EPISODE:  35
---------------------------------------
| time/                 |             |
|    fps                | 78          |
|    iterations         | 6800        |
|    time_elapsed       | 431         |
|    total_timesteps    | 34000       |
| train/                |             |
|    entropy_loss       | -3.63       |
|    explained_variance | 0           |
|    learning_rate      | 0.0002      |
|    n_updates          | 6799        |
|    policy_loss        | -0.114      |
|    reward             | 0.014659102 |
|    std                | 1.49        |
|    value_loss         | 0.00144     |
---------------------------------------
---------------------------------------
| time/                 |             |
|    fps                | 79          |
|    iterations         | 6900        |
|    time_elapsed       | 434         |
|    total_timesteps    | 34500       |
| train/                |             |
|    entropy_loss       | -3.64       |
|    explained_variance | 0           |
|    learning_rate      | 0.0002      |
|    n_updates          | 6899        |
|    policy_loss        | -0.102      |
|    reward             | 0.012495562 |
|    std                | 1.49        |
|    value_loss         | 0.00109     |
---------------------------------------
EPISODE:  36
-----------------------------------------
| time/                 |               |
|    fps                | 79            |
|    iterations         | 7000          |
|    time_elapsed       | 438           |
|    total_timesteps    | 35000         |
| train/                |               |
|    entropy_loss       | -3.65         |
|    explained_variance | 0.0113        |
|    learning_rate      | 0.0002        |
|    n_updates          | 6999          |
|    policy_loss        | 0.0697        |
|    reward             | -0.0051885773 |
|    std                | 1.5           |
|    value_loss         | 0.00043       |
-----------------------------------------
---------------------------------------
| time/                 |             |
|    fps                | 80          |
|    iterations         | 7100        |
|    time_elapsed       | 441         |
|    total_timesteps    | 35500       |
| train/                |             |
|    entropy_loss       | -3.66       |
|    explained_variance | -0.0969     |
|    learning_rate      | 0.0002      |
|    n_updates          | 7099        |
|    policy_loss        | 0.0555      |
|    reward             | 0.010601948 |
|    std                | 1.51        |
|    value_loss         | 0.00022     |
---------------------------------------
EPISODE:  37
---------------------------------------
| time/                 |             |
|    fps                | 80          |
|    iterations         | 7200        |
|    time_elapsed       | 445         |
|    total_timesteps    | 36000       |
| train/                |             |
|    entropy_loss       | -3.66       |
|    explained_variance | 0.848       |
|    learning_rate      | 0.0002      |
|    n_updates          | 7199        |
|    policy_loss        | -0.106      |
|    reward             | 0.013637201 |
|    std                | 1.51        |
|    value_loss         | 0.000563    |
---------------------------------------
---------------------------------------
| time/                 |             |
|    fps                | 81          |
|    iterations         | 7300        |
|    time_elapsed       | 448         |
|    total_timesteps    | 36500       |
| train/                |             |
|    entropy_loss       | -3.67       |
|    explained_variance | -1.19e-07   |
|    learning_rate      | 0.0002      |
|    n_updates          | 7299        |
|    policy_loss        | -0.0274     |
|    reward             | 0.009675427 |
|    std                | 1.52        |
|    value_loss         | 8.75e-05    |
---------------------------------------
EPISODE:  38
---------------------------------------
| time/                 |             |
|    fps                | 81          |
|    iterations         | 7400        |
|    time_elapsed       | 452         |
|    total_timesteps    | 37000       |
| train/                |             |
|    entropy_loss       | -3.69       |
|    explained_variance | 0.138       |
|    learning_rate      | 0.0002      |
|    n_updates          | 7399        |
|    policy_loss        | 0.0744      |
|    reward             | 0.009688657 |
|    std                | 1.53        |
|    value_loss         | 0.000511    |
---------------------------------------
---------------------------------------
| time/                 |             |
|    fps                | 82          |
|    iterations         | 7500        |
|    time_elapsed       | 456         |
|    total_timesteps    | 37500       |
| train/                |             |
|    entropy_loss       | -3.7        |
|    explained_variance | 3.64e-05    |
|    learning_rate      | 0.0002      |
|    n_updates          | 7499        |
|    policy_loss        | 0.0336      |
|    reward             | 0.013297377 |
|    std                | 1.54        |
|    value_loss         | 7.73e-05    |
---------------------------------------
EPISODE:  39
-----------------------------------------
| time/                 |               |
|    fps                | 82            |
|    iterations         | 7600          |
|    time_elapsed       | 459           |
|    total_timesteps    | 38000         |
| train/                |               |
|    entropy_loss       | -3.71         |
|    explained_variance | 0.0302        |
|    learning_rate      | 0.0002        |
|    n_updates          | 7599          |
|    policy_loss        | -0.04         |
|    reward             | -0.0076549747 |
|    std                | 1.55          |
|    value_loss         | 0.000113      |
-----------------------------------------
---------------------------------------
| time/                 |             |
|    fps                | 83          |
|    iterations         | 7700        |
|    time_elapsed       | 462         |
|    total_timesteps    | 38500       |
| train/                |             |
|    entropy_loss       | -3.73       |
|    explained_variance | 0.000416    |
|    learning_rate      | 0.0002      |
|    n_updates          | 7699        |
|    policy_loss        | 0.0087      |
|    reward             | 0.002581154 |
|    std                | 1.56        |
|    value_loss         | 2.11e-05    |
---------------------------------------
EPISODE:  40
---------------------------------------
| time/                 |             |
|    fps                | 83          |
|    iterations         | 7800        |
|    time_elapsed       | 466         |
|    total_timesteps    | 39000       |
| train/                |             |
|    entropy_loss       | -3.75       |
|    explained_variance | 0.0275      |
|    learning_rate      | 0.0002      |
|    n_updates          | 7799        |
|    policy_loss        | 0.0101      |
|    reward             | 0.014398789 |
|    std                | 1.58        |
|    value_loss         | 5.08e-05    |
---------------------------------------
---------------------------------------
| time/                 |             |
|    fps                | 84          |
|    iterations         | 7900        |
|    time_elapsed       | 470         |
|    total_timesteps    | 39500       |
| train/                |             |
|    entropy_loss       | -3.75       |
|    explained_variance | 0.0718      |
|    learning_rate      | 0.0002      |
|    n_updates          | 7899        |
|    policy_loss        | -0.0361     |
|    reward             | 0.014823264 |
|    std                | 1.58        |
|    value_loss         | 0.000124    |
---------------------------------------
EPISODE:  41
-----------------------------------------
| time/                 |               |
|    fps                | 84            |
|    iterations         | 8000          |
|    time_elapsed       | 473           |
|    total_timesteps    | 40000         |
| train/                |               |
|    entropy_loss       | -3.77         |
|    explained_variance | 5.96e-08      |
|    learning_rate      | 0.0002        |
|    n_updates          | 7999          |
|    policy_loss        | 0.0138        |
|    reward             | -0.0024403105 |
|    std                | 1.59          |
|    value_loss         | 4.13e-05      |
-----------------------------------------
---------------------------------------
| time/                 |             |
|    fps                | 84          |
|    iterations         | 8100        |
|    time_elapsed       | 477         |
|    total_timesteps    | 40500       |
| train/                |             |
|    entropy_loss       | -3.78       |
|    explained_variance | 0           |
|    learning_rate      | 0.0002      |
|    n_updates          | 8099        |
|    policy_loss        | 0.0611      |
|    reward             | 0.004113116 |
|    std                | 1.6         |
|    value_loss         | 0.000349    |
---------------------------------------
EPISODE:  42
---------------------------------------
| time/                 |             |
|    fps                | 85          |
|    iterations         | 8200        |
|    time_elapsed       | 480         |
|    total_timesteps    | 41000       |
| train/                |             |
|    entropy_loss       | -3.79       |
|    explained_variance | 0           |
|    learning_rate      | 0.0002      |
|    n_updates          | 8199        |
|    policy_loss        | -0.14       |
|    reward             | 0.015169995 |
|    std                | 1.62        |
|    value_loss         | 0.00125     |
---------------------------------------
---------------------------------------
| time/                 |             |
|    fps                | 85          |
|    iterations         | 8300        |
|    time_elapsed       | 484         |
|    total_timesteps    | 41500       |
| train/                |             |
|    entropy_loss       | -3.81       |
|    explained_variance | 0           |
|    learning_rate      | 0.0002      |
|    n_updates          | 8299        |
|    policy_loss        | -0.12       |
|    reward             | 0.014080357 |
|    std                | 1.63        |
|    value_loss         | 0.000979    |
---------------------------------------
EPISODE:  43
----------------------------------------
| time/                 |              |
|    fps                | 86           |
|    iterations         | 8400         |
|    time_elapsed       | 487          |
|    total_timesteps    | 42000        |
| train/                |              |
|    entropy_loss       | -3.83        |
|    explained_variance | -0.000224    |
|    learning_rate      | 0.0002       |
|    n_updates          | 8399         |
|    policy_loss        | -0.129       |
|    reward             | -0.003978337 |
|    std                | 1.64         |
|    value_loss         | 0.00123      |
----------------------------------------
---------------------------------------
| time/                 |             |
|    fps                | 86          |
|    iterations         | 8500        |
|    time_elapsed       | 490         |
|    total_timesteps    | 42500       |
| train/                |             |
|    entropy_loss       | -3.84       |
|    explained_variance | -4.12       |
|    learning_rate      | 0.0002      |
|    n_updates          | 8499        |
|    policy_loss        | -0.302      |
|    reward             | -0.00892777 |
|    std                | 1.65        |
|    value_loss         | 0.0119      |
---------------------------------------
EPISODE:  44
--------------------------------------
| time/                 |            |
|    fps                | 86         |
|    iterations         | 8600       |
|    time_elapsed       | 494        |
|    total_timesteps    | 43000      |
| train/                |            |
|    entropy_loss       | -3.85      |
|    explained_variance | -44.4      |
|    learning_rate      | 0.0002     |
|    n_updates          | 8599       |
|    policy_loss        | 0.227      |
|    reward             | 0.01235271 |
|    std                | 1.66       |
|    value_loss         | 0.0047     |
--------------------------------------
-------------------------------------
| time/                 |           |
|    fps                | 87        |
|    iterations         | 8700      |
|    time_elapsed       | 497       |
|    total_timesteps    | 43500     |
| train/                |           |
|    entropy_loss       | -3.85     |
|    explained_variance | 2.86e-06  |
|    learning_rate      | 0.0002    |
|    n_updates          | 8699      |
|    policy_loss        | -0.0444   |
|    reward             | 0.0084505 |
|    std                | 1.67      |
|    value_loss         | 0.000271  |
-------------------------------------
EPISODE:  45
--------------------------------------
| time/                 |            |
|    fps                | 87         |
|    iterations         | 8800       |
|    time_elapsed       | 501        |
|    total_timesteps    | 44000      |
| train/                |            |
|    entropy_loss       | -3.86      |
|    explained_variance | 0          |
|    learning_rate      | 0.0002     |
|    n_updates          | 8799       |
|    policy_loss        | 0.138      |
|    reward             | 0.01080532 |
|    std                | 1.67       |
|    value_loss         | 0.00181    |
--------------------------------------
---------------------------------------
| time/                 |             |
|    fps                | 88          |
|    iterations         | 8900        |
|    time_elapsed       | 504         |
|    total_timesteps    | 44500       |
| train/                |             |
|    entropy_loss       | -3.86       |
|    explained_variance | 5.96e-08    |
|    learning_rate      | 0.0002      |
|    n_updates          | 8899        |
|    policy_loss        | 0.107       |
|    reward             | 0.014078665 |
|    std                | 1.67        |
|    value_loss         | 0.00121     |
---------------------------------------
EPISODE:  46
-----------------------------------------
| time/                 |               |
|    fps                | 88            |
|    iterations         | 9000          |
|    time_elapsed       | 507           |
|    total_timesteps    | 45000         |
| train/                |               |
|    entropy_loss       | -3.87         |
|    explained_variance | -8.34e-07     |
|    learning_rate      | 0.0002        |
|    n_updates          | 8999          |
|    policy_loss        | 0.0383        |
|    reward             | -0.0094438465 |
|    std                | 1.68          |
|    value_loss         | 0.000184      |
-----------------------------------------
-----------------------------------------
| time/                 |               |
|    fps                | 89            |
|    iterations         | 9100          |
|    time_elapsed       | 510           |
|    total_timesteps    | 45500         |
| train/                |               |
|    entropy_loss       | -3.88         |
|    explained_variance | 2.21e-06      |
|    learning_rate      | 0.0002        |
|    n_updates          | 9099          |
|    policy_loss        | 0.0816        |
|    reward             | -0.0035602525 |
|    std                | 1.68          |
|    value_loss         | 0.000817      |
-----------------------------------------
EPISODE:  47
----------------------------------------
| time/                 |              |
|    fps                | 89           |
|    iterations         | 9200         |
|    time_elapsed       | 513          |
|    total_timesteps    | 46000        |
| train/                |              |
|    entropy_loss       | -3.89        |
|    explained_variance | -1.38e-05    |
|    learning_rate      | 0.0002       |
|    n_updates          | 9199         |
|    policy_loss        | -0.169       |
|    reward             | -0.013422761 |
|    std                | 1.69         |
|    value_loss         | 0.00201      |
----------------------------------------
----------------------------------------
| time/                 |              |
|    fps                | 90           |
|    iterations         | 9300         |
|    time_elapsed       | 516          |
|    total_timesteps    | 46500        |
| train/                |              |
|    entropy_loss       | -3.89        |
|    explained_variance | 0            |
|    learning_rate      | 0.0002       |
|    n_updates          | 9299         |
|    policy_loss        | -0.131       |
|    reward             | -0.015106588 |
|    std                | 1.7          |
|    value_loss         | 0.00127      |
----------------------------------------
EPISODE:  48
----------------------------------------
| time/                 |              |
|    fps                | 90           |
|    iterations         | 9400         |
|    time_elapsed       | 519          |
|    total_timesteps    | 47000        |
| train/                |              |
|    entropy_loss       | -3.9         |
|    explained_variance | 0            |
|    learning_rate      | 0.0002       |
|    n_updates          | 9399         |
|    policy_loss        | -0.136       |
|    reward             | 0.0023374315 |
|    std                | 1.7          |
|    value_loss         | 0.0013       |
----------------------------------------
-----------------------------------------
| time/                 |               |
|    fps                | 90            |
|    iterations         | 9500          |
|    time_elapsed       | 522           |
|    total_timesteps    | 47500         |
| train/                |               |
|    entropy_loss       | -3.9          |
|    explained_variance | 0             |
|    learning_rate      | 0.0002        |
|    n_updates          | 9499          |
|    policy_loss        | -0.146        |
|    reward             | -0.0030636129 |
|    std                | 1.71          |
|    value_loss         | 0.00216       |
-----------------------------------------
EPISODE:  49
---------------------------------------
| time/                 |             |
|    fps                | 91          |
|    iterations         | 9600        |
|    time_elapsed       | 525         |
|    total_timesteps    | 48000       |
| train/                |             |
|    entropy_loss       | -3.91       |
|    explained_variance | -180        |
|    learning_rate      | 0.0002      |
|    n_updates          | 9599        |
|    policy_loss        | 0.437       |
|    reward             | 0.014786292 |
|    std                | 1.71        |
|    value_loss         | 0.0175      |
---------------------------------------
---------------------------------------
| time/                 |             |
|    fps                | 91          |
|    iterations         | 9700        |
|    time_elapsed       | 528         |
|    total_timesteps    | 48500       |
| train/                |             |
|    entropy_loss       | -3.92       |
|    explained_variance | 0           |
|    learning_rate      | 0.0002      |
|    n_updates          | 9699        |
|    policy_loss        | -0.00202    |
|    reward             | 0.012874128 |
|    std                | 1.72        |
|    value_loss         | 4.83e-06    |
---------------------------------------
EPISODE:  50
---------------------------------------
| time/                 |             |
|    fps                | 92          |
|    iterations         | 9800        |
|    time_elapsed       | 531         |
|    total_timesteps    | 49000       |
| train/                |             |
|    entropy_loss       | -3.93       |
|    explained_variance | 0           |
|    learning_rate      | 0.0002      |
|    n_updates          | 9799        |
|    policy_loss        | 0.139       |
|    reward             | 0.004400507 |
|    std                | 1.73        |
|    value_loss         | 0.00186     |
---------------------------------------
---------------------------------------
| time/                 |             |
|    fps                | 92          |
|    iterations         | 9900        |
|    time_elapsed       | 534         |
|    total_timesteps    | 49500       |
| train/                |             |
|    entropy_loss       | -3.94       |
|    explained_variance | -0.129      |
|    learning_rate      | 0.0002      |
|    n_updates          | 9899        |
|    policy_loss        | 0.156       |
|    reward             | 0.010014105 |
|    std                | 1.73        |
|    value_loss         | 0.00211     |
---------------------------------------
EPISODE:  51
----------------------------------------
| time/                 |              |
|    fps                | 93           |
|    iterations         | 10000        |
|    time_elapsed       | 537          |
|    total_timesteps    | 50000        |
| train/                |              |
|    entropy_loss       | -3.94        |
|    explained_variance | -0.00202     |
|    learning_rate      | 0.0002       |
|    n_updates          | 9999         |
|    policy_loss        | -0.0564      |
|    reward             | -0.013970358 |
|    std                | 1.74         |
|    value_loss         | 0.000214     |
----------------------------------------
Saved episode log to Results\250619_hc_binary_udp\a2c\periodic\training_logs\03.csv
