EPISODE:  0
{'batch_size': 128, 'buffer_size': 1000000, 'learning_rate': 0.0001, 'learning_starts': 100, 'ent_coef': 'auto_0.1'}
Using cuda device
EPISODE:  1
EPISODE:  2
EPISODE:  3
EPISODE:  4
EPISODE:  5
----------------------------------
| time/              |           |
|    episodes        | 4         |
|    fps             | 7         |
|    time_elapsed    | 511       |
|    total_timesteps | 4000      |
| train/             |           |
|    actor_loss      | -1.24e+04 |
|    critic_loss     | 3.11e+03  |
|    ent_coef        | 0.151     |
|    ent_coef_loss   | 35.8      |
|    learning_rate   | 0.0001    |
|    n_updates       | 3899      |
|    reward          | 170.47614 |
----------------------------------
EPISODE:  6
EPISODE:  7
EPISODE:  8
EPISODE:  9
----------------------------------
| time/              |           |
|    episodes        | 8         |
|    fps             | 7         |
|    time_elapsed    | 1035      |
|    total_timesteps | 8000      |
| train/             |           |
|    actor_loss      | -2.32e+04 |
|    critic_loss     | 1.48e+05  |
|    ent_coef        | 0.227     |
|    ent_coef_loss   | 27.8      |
|    learning_rate   | 0.0001    |
|    n_updates       | 7899      |
|    reward          | 170.47614 |
----------------------------------
EPISODE:  10
EPISODE:  11
EPISODE:  12
EPISODE:  13
----------------------------------
| time/              |           |
|    episodes        | 12        |
|    fps             | 7         |
|    time_elapsed    | 1559      |
|    total_timesteps | 12000     |
| train/             |           |
|    actor_loss      | -3.31e+04 |
|    critic_loss     | 1.68e+03  |
|    ent_coef        | 0.338     |
|    ent_coef_loss   | 20.4      |
|    learning_rate   | 0.0001    |
|    n_updates       | 11899     |
|    reward          | 170.47614 |
----------------------------------
EPISODE:  14
EPISODE:  15
EPISODE:  16
EPISODE:  17
----------------------------------
| time/              |           |
|    episodes        | 16        |
|    fps             | 7         |
|    time_elapsed    | 2084      |
|    total_timesteps | 16000     |
| train/             |           |
|    actor_loss      | -3.78e+04 |
|    critic_loss     | 551       |
|    ent_coef        | 0.505     |
|    ent_coef_loss   | 12.9      |
|    learning_rate   | 0.0001    |
|    n_updates       | 15899     |
|    reward          | 170.47614 |
----------------------------------
EPISODE:  18
EPISODE:  19
EPISODE:  20
EPISODE:  21
----------------------------------
| time/              |           |
|    episodes        | 20        |
|    fps             | 7         |
|    time_elapsed    | 2608      |
|    total_timesteps | 20000     |
| train/             |           |
|    actor_loss      | -4.53e+04 |
|    critic_loss     | 278       |
|    ent_coef        | 0.753     |
|    ent_coef_loss   | 5.32      |
|    learning_rate   | 0.0001    |
|    n_updates       | 19899     |
|    reward          | 170.47614 |
----------------------------------
EPISODE:  22
EPISODE:  23
EPISODE:  24
EPISODE:  25
----------------------------------
| time/              |           |
|    episodes        | 24        |
|    fps             | 7         |
|    time_elapsed    | 3133      |
|    total_timesteps | 24000     |
| train/             |           |
|    actor_loss      | -5.04e+04 |
|    critic_loss     | 273       |
|    ent_coef        | 1.12      |
|    ent_coef_loss   | -2.19     |
|    learning_rate   | 0.0001    |
|    n_updates       | 23899     |
|    reward          | 170.47614 |
----------------------------------
EPISODE:  26
EPISODE:  27
EPISODE:  28
EPISODE:  29
----------------------------------
| time/              |           |
|    episodes        | 28        |
|    fps             | 7         |
|    time_elapsed    | 3657      |
|    total_timesteps | 28000     |
| train/             |           |
|    actor_loss      | -5.36e+04 |
|    critic_loss     | 596       |
|    ent_coef        | 1.68      |
|    ent_coef_loss   | -9.7      |
|    learning_rate   | 0.0001    |
|    n_updates       | 27899     |
|    reward          | 170.47614 |
----------------------------------
EPISODE:  30
EPISODE:  31
EPISODE:  32
EPISODE:  33
----------------------------------
| time/              |           |
|    episodes        | 32        |
|    fps             | 7         |
|    time_elapsed    | 4181      |
|    total_timesteps | 32000     |
| train/             |           |
|    actor_loss      | -5.54e+04 |
|    critic_loss     | 494       |
|    ent_coef        | 2.5       |
|    ent_coef_loss   | -17.2     |
|    learning_rate   | 0.0001    |
|    n_updates       | 31899     |
|    reward          | 170.47614 |
----------------------------------
EPISODE:  34
EPISODE:  35
EPISODE:  36
EPISODE:  37
----------------------------------
| time/              |           |
|    episodes        | 36        |
|    fps             | 7         |
|    time_elapsed    | 4705      |
|    total_timesteps | 36000     |
| train/             |           |
|    actor_loss      | -5.62e+04 |
|    critic_loss     | 2.45e+04  |
|    ent_coef        | 3.73      |
|    ent_coef_loss   | -24.8     |
|    learning_rate   | 0.0001    |
|    n_updates       | 35899     |
|    reward          | 170.47614 |
----------------------------------
EPISODE:  38
EPISODE:  39
EPISODE:  40
EPISODE:  41
----------------------------------
| time/              |           |
|    episodes        | 40        |
|    fps             | 7         |
|    time_elapsed    | 5229      |
|    total_timesteps | 40000     |
| train/             |           |
|    actor_loss      | -5.83e+04 |
|    critic_loss     | 118       |
|    ent_coef        | 5.56      |
|    ent_coef_loss   | -32.3     |
|    learning_rate   | 0.0001    |
|    n_updates       | 39899     |
|    reward          | 170.47614 |
----------------------------------
EPISODE:  42
EPISODE:  43
EPISODE:  44
EPISODE:  45
----------------------------------
| time/              |           |
|    episodes        | 44        |
|    fps             | 7         |
|    time_elapsed    | 5753      |
|    total_timesteps | 44000     |
| train/             |           |
|    actor_loss      | -5.31e+04 |
|    critic_loss     | 1.19e+03  |
|    ent_coef        | 8.3       |
|    ent_coef_loss   | -39.9     |
|    learning_rate   | 0.0001    |
|    n_updates       | 43899     |
|    reward          | 170.47614 |
----------------------------------
EPISODE:  46
EPISODE:  47
EPISODE:  48
EPISODE:  49
----------------------------------
| time/              |           |
|    episodes        | 48        |
|    fps             | 7         |
|    time_elapsed    | 6278      |
|    total_timesteps | 48000     |
| train/             |           |
|    actor_loss      | -5.23e+04 |
|    critic_loss     | 1.14e+03  |
|    ent_coef        | 12.4      |
|    ent_coef_loss   | -47.5     |
|    learning_rate   | 0.0001    |
|    n_updates       | 47899     |
|    reward          | 170.47614 |
----------------------------------
EPISODE:  50
EPISODE:  51
EPISODE:  52
EPISODE:  53
----------------------------------
| time/              |           |
|    episodes        | 52        |
|    fps             | 7         |
|    time_elapsed    | 6803      |
|    total_timesteps | 52000     |
| train/             |           |
|    actor_loss      | -5.25e+04 |
|    critic_loss     | 2.87e+03  |
|    ent_coef        | 18.5      |
|    ent_coef_loss   | -55       |
|    learning_rate   | 0.0001    |
|    n_updates       | 51899     |
|    reward          | 170.47614 |
----------------------------------
EPISODE:  54
EPISODE:  55
EPISODE:  56
EPISODE:  57
----------------------------------
| time/              |           |
|    episodes        | 56        |
|    fps             | 7         |
|    time_elapsed    | 7327      |
|    total_timesteps | 56000     |
| train/             |           |
|    actor_loss      | -4.2e+04  |
|    critic_loss     | 2.11e+03  |
|    ent_coef        | 27.6      |
|    ent_coef_loss   | -62.1     |
|    learning_rate   | 0.0001    |
|    n_updates       | 55899     |
|    reward          | 170.47614 |
----------------------------------
EPISODE:  58
EPISODE:  59
EPISODE:  60
EPISODE:  61
----------------------------------
| time/              |           |
|    episodes        | 60        |
|    fps             | 7         |
|    time_elapsed    | 7852      |
|    total_timesteps | 60000     |
| train/             |           |
|    actor_loss      | -3.39e+04 |
|    critic_loss     | 9.04e+03  |
|    ent_coef        | 41.1      |
|    ent_coef_loss   | -69.3     |
|    learning_rate   | 0.0001    |
|    n_updates       | 59899     |
|    reward          | 170.47614 |
----------------------------------
EPISODE:  62
EPISODE:  63
EPISODE:  64
EPISODE:  65
----------------------------------
| time/              |           |
|    episodes        | 64        |
|    fps             | 7         |
|    time_elapsed    | 8376      |
|    total_timesteps | 64000     |
| train/             |           |
|    actor_loss      | -2.34e+04 |
|    critic_loss     | 1.69e+04  |
|    ent_coef        | 61.3      |
|    ent_coef_loss   | -77.4     |
|    learning_rate   | 0.0001    |
|    n_updates       | 63899     |
|    reward          | 170.47614 |
----------------------------------
EPISODE:  66
EPISODE:  67
EPISODE:  68
EPISODE:  69
----------------------------------
| time/              |           |
|    episodes        | 68        |
|    fps             | 7         |
|    time_elapsed    | 8901      |
|    total_timesteps | 68000     |
| train/             |           |
|    actor_loss      | -36.4     |
|    critic_loss     | 8.3e+04   |
|    ent_coef        | 91.5      |
|    ent_coef_loss   | -84.8     |
|    learning_rate   | 0.0001    |
|    n_updates       | 67899     |
|    reward          | 170.47614 |
----------------------------------
EPISODE:  70
EPISODE:  71
EPISODE:  72
EPISODE:  73
----------------------------------
| time/              |           |
|    episodes        | 72        |
|    fps             | 7         |
|    time_elapsed    | 9425      |
|    total_timesteps | 72000     |
| train/             |           |
|    actor_loss      | 3e+04     |
|    critic_loss     | 4.8e+04   |
|    ent_coef        | 137       |
|    ent_coef_loss   | -92       |
|    learning_rate   | 0.0001    |
|    n_updates       | 71899     |
|    reward          | 170.47614 |
----------------------------------
EPISODE:  74
EPISODE:  75
EPISODE:  76
EPISODE:  77
----------------------------------
| time/              |           |
|    episodes        | 76        |
|    fps             | 7         |
|    time_elapsed    | 9950      |
|    total_timesteps | 76000     |
| train/             |           |
|    actor_loss      | 7.49e+04  |
|    critic_loss     | 1.1e+05   |
|    ent_coef        | 204       |
|    ent_coef_loss   | -100      |
|    learning_rate   | 0.0001    |
|    n_updates       | 75899     |
|    reward          | 170.47614 |
----------------------------------
EPISODE:  78
EPISODE:  79
EPISODE:  80
EPISODE:  81
----------------------------------
| time/              |           |
|    episodes        | 80        |
|    fps             | 7         |
|    time_elapsed    | 10476     |
|    total_timesteps | 80000     |
| train/             |           |
|    actor_loss      | 1.43e+05  |
|    critic_loss     | 2.02e+05  |
|    ent_coef        | 304       |
|    ent_coef_loss   | -107      |
|    learning_rate   | 0.0001    |
|    n_updates       | 79899     |
|    reward          | 170.47614 |
----------------------------------
EPISODE:  82
EPISODE:  83
EPISODE:  84
EPISODE:  85
----------------------------------
| time/              |           |
|    episodes        | 84        |
|    fps             | 7         |
|    time_elapsed    | 11000     |
|    total_timesteps | 84000     |
| train/             |           |
|    actor_loss      | 2.47e+05  |
|    critic_loss     | 8.22e+05  |
|    ent_coef        | 454       |
|    ent_coef_loss   | -116      |
|    learning_rate   | 0.0001    |
|    n_updates       | 83899     |
|    reward          | 170.47614 |
----------------------------------
EPISODE:  86
EPISODE:  87
EPISODE:  88
EPISODE:  89
----------------------------------
| time/              |           |
|    episodes        | 88        |
|    fps             | 7         |
|    time_elapsed    | 11526     |
|    total_timesteps | 88000     |
| train/             |           |
|    actor_loss      | 4.05e+05  |
|    critic_loss     | 7.3e+05   |
|    ent_coef        | 677       |
|    ent_coef_loss   | -124      |
|    learning_rate   | 0.0001    |
|    n_updates       | 87899     |
|    reward          | 170.47614 |
----------------------------------
EPISODE:  90
EPISODE:  91
EPISODE:  92
EPISODE:  93
----------------------------------
| time/              |           |
|    episodes        | 92        |
|    fps             | 7         |
|    time_elapsed    | 12050     |
|    total_timesteps | 92000     |
| train/             |           |
|    actor_loss      | 6.35e+05  |
|    critic_loss     | 1.61e+06  |
|    ent_coef        | 1.01e+03  |
|    ent_coef_loss   | -130      |
|    learning_rate   | 0.0001    |
|    n_updates       | 91899     |
|    reward          | 170.47614 |
----------------------------------
EPISODE:  94
EPISODE:  95
EPISODE:  96
EPISODE:  97
----------------------------------
| time/              |           |
|    episodes        | 96        |
|    fps             | 7         |
|    time_elapsed    | 12575     |
|    total_timesteps | 96000     |
| train/             |           |
|    actor_loss      | 9.77e+05  |
|    critic_loss     | 1.08e+07  |
|    ent_coef        | 1.51e+03  |
|    ent_coef_loss   | -137      |
|    learning_rate   | 0.0001    |
|    n_updates       | 95899     |
|    reward          | 170.47614 |
----------------------------------
EPISODE:  98
EPISODE:  99
EPISODE:  100
EPISODE:  101
----------------------------------
| time/              |           |
|    episodes        | 100       |
|    fps             | 7         |
|    time_elapsed    | 13099     |
|    total_timesteps | 100000    |
| train/             |           |
|    actor_loss      | 1.47e+06  |
|    critic_loss     | 9.17e+09  |
|    ent_coef        | 2.25e+03  |
|    ent_coef_loss   | -147      |
|    learning_rate   | 0.0001    |
|    n_updates       | 99899     |
|    reward          | 170.47614 |
----------------------------------
EPISODE:  102
EPISODE:  103
EPISODE:  104
EPISODE:  105
----------------------------------
| time/              |           |
|    episodes        | 104       |
|    fps             | 7         |
|    time_elapsed    | 13625     |
|    total_timesteps | 104000    |
| train/             |           |
|    actor_loss      | 2.24e+06  |
|    critic_loss     | 2.59e+07  |
|    ent_coef        | 3.36e+03  |
|    ent_coef_loss   | -151      |
|    learning_rate   | 0.0001    |
|    n_updates       | 103899    |
|    reward          | 170.47614 |
----------------------------------
EPISODE:  106
EPISODE:  107
EPISODE:  108
EPISODE:  109
----------------------------------
| time/              |           |
|    episodes        | 108       |
|    fps             | 7         |
|    time_elapsed    | 14149     |
|    total_timesteps | 108000    |
| train/             |           |
|    actor_loss      | 3.41e+06  |
|    critic_loss     | 8.04e+07  |
|    ent_coef        | 5.01e+03  |
|    ent_coef_loss   | -161      |
|    learning_rate   | 0.0001    |
|    n_updates       | 107899    |
|    reward          | 170.47614 |
----------------------------------
EPISODE:  110
EPISODE:  111
EPISODE:  112
EPISODE:  113
----------------------------------
| time/              |           |
|    episodes        | 112       |
|    fps             | 7         |
|    time_elapsed    | 14674     |
|    total_timesteps | 112000    |
| train/             |           |
|    actor_loss      | 5.05e+06  |
|    critic_loss     | 2.56e+08  |
|    ent_coef        | 7.48e+03  |
|    ent_coef_loss   | -169      |
|    learning_rate   | 0.0001    |
|    n_updates       | 111899    |
|    reward          | 170.47614 |
----------------------------------
EPISODE:  114
EPISODE:  115
EPISODE:  116
EPISODE:  117
----------------------------------
| time/              |           |
|    episodes        | 116       |
|    fps             | 7         |
|    time_elapsed    | 15200     |
|    total_timesteps | 116000    |
| train/             |           |
|    actor_loss      | 7.64e+06  |
|    critic_loss     | 5.83e+08  |
|    ent_coef        | 1.12e+04  |
|    ent_coef_loss   | -175      |
|    learning_rate   | 0.0001    |
|    n_updates       | 115899    |
|    reward          | 170.47614 |
----------------------------------
EPISODE:  118
EPISODE:  119
EPISODE:  120
EPISODE:  121
----------------------------------
| time/              |           |
|    episodes        | 120       |
|    fps             | 7         |
|    time_elapsed    | 15724     |
|    total_timesteps | 120000    |
| train/             |           |
|    actor_loss      | 1.15e+07  |
|    critic_loss     | 4.66e+11  |
|    ent_coef        | 1.67e+04  |
|    ent_coef_loss   | -184      |
|    learning_rate   | 0.0001    |
|    n_updates       | 119899    |
|    reward          | 170.47614 |
----------------------------------
EPISODE:  122
EPISODE:  123
EPISODE:  124
EPISODE:  125
----------------------------------
| time/              |           |
|    episodes        | 124       |
|    fps             | 7         |
|    time_elapsed    | 16249     |
|    total_timesteps | 124000    |
| train/             |           |
|    actor_loss      | 1.71e+07  |
|    critic_loss     | 2.62e+09  |
|    ent_coef        | 2.49e+04  |
|    ent_coef_loss   | -191      |
|    learning_rate   | 0.0001    |
|    n_updates       | 123899    |
|    reward          | 170.47614 |
----------------------------------
EPISODE:  126
EPISODE:  127
EPISODE:  128
EPISODE:  129
----------------------------------
| time/              |           |
|    episodes        | 128       |
|    fps             | 7         |
|    time_elapsed    | 16774     |
|    total_timesteps | 128000    |
| train/             |           |
|    actor_loss      | 2.57e+07  |
|    critic_loss     | 4.91e+09  |
|    ent_coef        | 3.71e+04  |
|    ent_coef_loss   | -199      |
|    learning_rate   | 0.0001    |
|    n_updates       | 127899    |
|    reward          | 170.47614 |
----------------------------------
EPISODE:  130
EPISODE:  131
EPISODE:  132
EPISODE:  133
----------------------------------
| time/              |           |
|    episodes        | 132       |
|    fps             | 7         |
|    time_elapsed    | 17299     |
|    total_timesteps | 132000    |
| train/             |           |
|    actor_loss      | 3.75e+07  |
|    critic_loss     | 1.77e+10  |
|    ent_coef        | 5.54e+04  |
|    ent_coef_loss   | -205      |
|    learning_rate   | 0.0001    |
|    n_updates       | 131899    |
|    reward          | 170.47614 |
----------------------------------
EPISODE:  134
EPISODE:  135
EPISODE:  136
EPISODE:  137
----------------------------------
| time/              |           |
|    episodes        | 136       |
|    fps             | 7         |
|    time_elapsed    | 17823     |
|    total_timesteps | 136000    |
| train/             |           |
|    actor_loss      | 5.7e+07   |
|    critic_loss     | 3.07e+10  |
|    ent_coef        | 8.27e+04  |
|    ent_coef_loss   | -213      |
|    learning_rate   | 0.0001    |
|    n_updates       | 135899    |
|    reward          | 170.47614 |
----------------------------------
EPISODE:  138
EPISODE:  139
EPISODE:  140
EPISODE:  141
----------------------------------
| time/              |           |
|    episodes        | 140       |
|    fps             | 7         |
|    time_elapsed    | 18349     |
|    total_timesteps | 140000    |
| train/             |           |
|    actor_loss      | 8.43e+07  |
|    critic_loss     | 6.96e+10  |
|    ent_coef        | 1.23e+05  |
|    ent_coef_loss   | -221      |
|    learning_rate   | 0.0001    |
|    n_updates       | 139899    |
|    reward          | 170.47614 |
----------------------------------
EPISODE:  142
EPISODE:  143
EPISODE:  144
EPISODE:  145
----------------------------------
| time/              |           |
|    episodes        | 144       |
|    fps             | 7         |
|    time_elapsed    | 18874     |
|    total_timesteps | 144000    |
| train/             |           |
|    actor_loss      | 1.25e+08  |
|    critic_loss     | 2.08e+11  |
|    ent_coef        | 1.84e+05  |
|    ent_coef_loss   | -226      |
|    learning_rate   | 0.0001    |
|    n_updates       | 143899    |
|    reward          | 170.47614 |
----------------------------------
EPISODE:  146
EPISODE:  147
EPISODE:  148
EPISODE:  149
----------------------------------
| time/              |           |
|    episodes        | 148       |
|    fps             | 7         |
|    time_elapsed    | 19399     |
|    total_timesteps | 148000    |
| train/             |           |
|    actor_loss      | 1.83e+08  |
|    critic_loss     | 7.02e+11  |
|    ent_coef        | 2.75e+05  |
|    ent_coef_loss   | -232      |
|    learning_rate   | 0.0001    |
|    n_updates       | 147899    |
|    reward          | 170.47614 |
----------------------------------
EPISODE:  150
EPISODE:  151
EPISODE:  152
EPISODE:  153
----------------------------------
| time/              |           |
|    episodes        | 152       |
|    fps             | 7         |
|    time_elapsed    | 19925     |
|    total_timesteps | 152000    |
| train/             |           |
|    actor_loss      | 2.72e+08  |
|    critic_loss     | 1.47e+12  |
|    ent_coef        | 4.1e+05   |
|    ent_coef_loss   | -242      |
|    learning_rate   | 0.0001    |
|    n_updates       | 151899    |
|    reward          | 170.47614 |
----------------------------------
EPISODE:  154
EPISODE:  155
EPISODE:  156
EPISODE:  157
----------------------------------
| time/              |           |
|    episodes        | 156       |
|    fps             | 7         |
|    time_elapsed    | 20449     |
|    total_timesteps | 156000    |
| train/             |           |
|    actor_loss      | 4.07e+08  |
|    critic_loss     | 4.32e+12  |
|    ent_coef        | 6.13e+05  |
|    ent_coef_loss   | -253      |
|    learning_rate   | 0.0001    |
|    n_updates       | 155899    |
|    reward          | 170.47614 |
----------------------------------
EPISODE:  158
EPISODE:  159
EPISODE:  160
EPISODE:  161
----------------------------------
| time/              |           |
|    episodes        | 160       |
|    fps             | 7         |
|    time_elapsed    | 20975     |
|    total_timesteps | 160000    |
| train/             |           |
|    actor_loss      | 6.12e+08  |
|    critic_loss     | 1.1e+13   |
|    ent_coef        | 9.14e+05  |
|    ent_coef_loss   | -257      |
|    learning_rate   | 0.0001    |
|    n_updates       | 159899    |
|    reward          | 170.47614 |
----------------------------------
EPISODE:  162
EPISODE:  163
EPISODE:  164
EPISODE:  165
----------------------------------
| time/              |           |
|    episodes        | 164       |
|    fps             | 7         |
|    time_elapsed    | 21499     |
|    total_timesteps | 164000    |
| train/             |           |
|    actor_loss      | 8.88e+08  |
|    critic_loss     | 3.94e+13  |
|    ent_coef        | 1.36e+06  |
|    ent_coef_loss   | -269      |
|    learning_rate   | 0.0001    |
|    n_updates       | 163899    |
|    reward          | 170.47614 |
----------------------------------
EPISODE:  166
EPISODE:  167
EPISODE:  168
EPISODE:  169
----------------------------------
| time/              |           |
|    episodes        | 168       |
|    fps             | 7         |
|    time_elapsed    | 22025     |
|    total_timesteps | 168000    |
| train/             |           |
|    actor_loss      | 1.31e+09  |
|    critic_loss     | 1.43e+14  |
|    ent_coef        | 2.04e+06  |
|    ent_coef_loss   | -273      |
|    learning_rate   | 0.0001    |
|    n_updates       | 167899    |
|    reward          | 170.47614 |
----------------------------------
EPISODE:  170
EPISODE:  171
EPISODE:  172
EPISODE:  173
----------------------------------
| time/              |           |
|    episodes        | 172       |
|    fps             | 7         |
|    time_elapsed    | 22549     |
|    total_timesteps | 172000    |
| train/             |           |
|    actor_loss      | 1.82e+09  |
|    critic_loss     | 9.67e+14  |
|    ent_coef        | 3.04e+06  |
|    ent_coef_loss   | -280      |
|    learning_rate   | 0.0001    |
|    n_updates       | 171899    |
|    reward          | 170.47614 |
----------------------------------
EPISODE:  174
EPISODE:  175
EPISODE:  176
EPISODE:  177
----------------------------------
| time/              |           |
|    episodes        | 176       |
|    fps             | 7         |
|    time_elapsed    | 23075     |
|    total_timesteps | 176000    |
| train/             |           |
|    actor_loss      | 2.63e+09  |
|    critic_loss     | 5.08e+15  |
|    ent_coef        | 4.54e+06  |
|    ent_coef_loss   | -288      |
|    learning_rate   | 0.0001    |
|    n_updates       | 175899    |
|    reward          | 170.47614 |
----------------------------------
EPISODE:  178
EPISODE:  179
EPISODE:  180
EPISODE:  181
----------------------------------
| time/              |           |
|    episodes        | 180       |
|    fps             | 7         |
|    time_elapsed    | 23602     |
|    total_timesteps | 180000    |
| train/             |           |
|    actor_loss      | 3.48e+09  |
|    critic_loss     | 5.57e+16  |
|    ent_coef        | 6.78e+06  |
|    ent_coef_loss   | -297      |
|    learning_rate   | 0.0001    |
|    n_updates       | 179899    |
|    reward          | 170.47614 |
----------------------------------
EPISODE:  182
EPISODE:  183
EPISODE:  184
EPISODE:  185
----------------------------------
| time/              |           |
|    episodes        | 184       |
|    fps             | 7         |
|    time_elapsed    | 24126     |
|    total_timesteps | 184000    |
| train/             |           |
|    actor_loss      | 4.41e+09  |
|    critic_loss     | 8.74e+16  |
|    ent_coef        | 1.01e+07  |
|    ent_coef_loss   | -305      |
|    learning_rate   | 0.0001    |
|    n_updates       | 183899    |
|    reward          | 170.47614 |
----------------------------------
EPISODE:  186
EPISODE:  187
EPISODE:  188
EPISODE:  189
----------------------------------
| time/              |           |
|    episodes        | 188       |
|    fps             | 7         |
|    time_elapsed    | 24652     |
|    total_timesteps | 188000    |
| train/             |           |
|    actor_loss      | 5.71e+09  |
|    critic_loss     | 2.39e+17  |
|    ent_coef        | 1.5e+07   |
|    ent_coef_loss   | -311      |
|    learning_rate   | 0.0001    |
|    n_updates       | 187899    |
|    reward          | 170.47614 |
----------------------------------
EPISODE:  190
EPISODE:  191
EPISODE:  192
EPISODE:  193
----------------------------------
| time/              |           |
|    episodes        | 192       |
|    fps             | 7         |
|    time_elapsed    | 25177     |
|    total_timesteps | 192000    |
| train/             |           |
|    actor_loss      | 7.13e+09  |
|    critic_loss     | 5.69e+17  |
|    ent_coef        | 2.24e+07  |
|    ent_coef_loss   | -318      |
|    learning_rate   | 0.0001    |
|    n_updates       | 191899    |
|    reward          | 170.47614 |
----------------------------------
EPISODE:  194
EPISODE:  195
EPISODE:  196
EPISODE:  197
----------------------------------
| time/              |           |
|    episodes        | 196       |
|    fps             | 7         |
|    time_elapsed    | 25702     |
|    total_timesteps | 196000    |
| train/             |           |
|    actor_loss      | 8.85e+09  |
|    critic_loss     | 1.24e+18  |
|    ent_coef        | 3.33e+07  |
|    ent_coef_loss   | -328      |
|    learning_rate   | 0.0001    |
|    n_updates       | 195899    |
|    reward          | 170.47614 |
----------------------------------
EPISODE:  198
EPISODE:  199
EPISODE:  200
EPISODE:  201
----------------------------------
| time/              |           |
|    episodes        | 200       |
|    fps             | 7         |
|    time_elapsed    | 26226     |
|    total_timesteps | 200000    |
| train/             |           |
|    actor_loss      | 1.03e+10  |
|    critic_loss     | 2.48e+18  |
|    ent_coef        | 4.95e+07  |
|    ent_coef_loss   | -334      |
|    learning_rate   | 0.0001    |
|    n_updates       | 199899    |
|    reward          | 170.47614 |
----------------------------------
EPISODE:  202
EPISODE:  203
EPISODE:  204
EPISODE:  205
----------------------------------
| time/              |           |
|    episodes        | 204       |
|    fps             | 7         |
|    time_elapsed    | 26752     |
|    total_timesteps | 204000    |
| train/             |           |
|    actor_loss      | 1.28e+10  |
|    critic_loss     | 5.13e+18  |
|    ent_coef        | 7.37e+07  |
|    ent_coef_loss   | -339      |
|    learning_rate   | 0.0001    |
|    n_updates       | 203899    |
|    reward          | 170.47614 |
----------------------------------
EPISODE:  206
EPISODE:  207
EPISODE:  208
EPISODE:  209
----------------------------------
| time/              |           |
|    episodes        | 208       |
|    fps             | 7         |
|    time_elapsed    | 27278     |
|    total_timesteps | 208000    |
| train/             |           |
|    actor_loss      | 1.56e+10  |
|    critic_loss     | 1.03e+19  |
|    ent_coef        | 1.1e+08   |
|    ent_coef_loss   | -345      |
|    learning_rate   | 0.0001    |
|    n_updates       | 207899    |
|    reward          | 170.47614 |
----------------------------------
EPISODE:  210
EPISODE:  211
EPISODE:  212
EPISODE:  213
----------------------------------
| time/              |           |
|    episodes        | 212       |
|    fps             | 7         |
|    time_elapsed    | 27802     |
|    total_timesteps | 212000    |
| train/             |           |
|    actor_loss      | 1.85e+10  |
|    critic_loss     | 2e+19     |
|    ent_coef        | 1.63e+08  |
|    ent_coef_loss   | -354      |
|    learning_rate   | 0.0001    |
|    n_updates       | 211899    |
|    reward          | 170.47614 |
----------------------------------
EPISODE:  214
EPISODE:  215
EPISODE:  216
EPISODE:  217
----------------------------------
| time/              |           |
|    episodes        | 216       |
|    fps             | 7         |
|    time_elapsed    | 28328     |
|    total_timesteps | 216000    |
| train/             |           |
|    actor_loss      | 2.27e+10  |
|    critic_loss     | 4.02e+19  |
|    ent_coef        | 2.43e+08  |
|    ent_coef_loss   | -366      |
|    learning_rate   | 0.0001    |
|    n_updates       | 215899    |
|    reward          | 170.47614 |
----------------------------------
EPISODE:  218
EPISODE:  219
EPISODE:  220
EPISODE:  221
----------------------------------
| time/              |           |
|    episodes        | 220       |
|    fps             | 7         |
|    time_elapsed    | 28853     |
|    total_timesteps | 220000    |
| train/             |           |
|    actor_loss      | 2.82e+10  |
|    critic_loss     | 8.28e+19  |
|    ent_coef        | 3.61e+08  |
|    ent_coef_loss   | -370      |
|    learning_rate   | 0.0001    |
|    n_updates       | 219899    |
|    reward          | 170.47614 |
----------------------------------
EPISODE:  222
EPISODE:  223
EPISODE:  224
EPISODE:  225
----------------------------------
| time/              |           |
|    episodes        | 224       |
|    fps             | 7         |
|    time_elapsed    | 29379     |
|    total_timesteps | 224000    |
| train/             |           |
|    actor_loss      | 3.39e+10  |
|    critic_loss     | 1.65e+20  |
|    ent_coef        | 5.38e+08  |
|    ent_coef_loss   | -375      |
|    learning_rate   | 0.0001    |
|    n_updates       | 223899    |
|    reward          | 170.47614 |
----------------------------------
EPISODE:  226
EPISODE:  227
EPISODE:  228
EPISODE:  229
----------------------------------
| time/              |           |
|    episodes        | 228       |
|    fps             | 7         |
|    time_elapsed    | 29903     |
|    total_timesteps | 228000    |
| train/             |           |
|    actor_loss      | 4.22e+10  |
|    critic_loss     | 3.46e+20  |
|    ent_coef        | 8e+08     |
|    ent_coef_loss   | -385      |
|    learning_rate   | 0.0001    |
|    n_updates       | 227899    |
|    reward          | 170.47614 |
----------------------------------
EPISODE:  230
EPISODE:  231
EPISODE:  232
EPISODE:  233
----------------------------------
| time/              |           |
|    episodes        | 232       |
|    fps             | 7         |
|    time_elapsed    | 30429     |
|    total_timesteps | 232000    |
| train/             |           |
|    actor_loss      | 5.48e+10  |
|    critic_loss     | 7.31e+20  |
|    ent_coef        | 1.19e+09  |
|    ent_coef_loss   | -393      |
|    learning_rate   | 0.0001    |
|    n_updates       | 231899    |
|    reward          | 170.47614 |
----------------------------------
EPISODE:  234
EPISODE:  235
EPISODE:  236
EPISODE:  237
----------------------------------
| time/              |           |
|    episodes        | 236       |
|    fps             | 7         |
|    time_elapsed    | 30923     |
|    total_timesteps | 236000    |
| train/             |           |
|    actor_loss      | 6.96e+10  |
|    critic_loss     | 1.54e+21  |
|    ent_coef        | 1.77e+09  |
|    ent_coef_loss   | -397      |
|    learning_rate   | 0.0001    |
|    n_updates       | 235899    |
|    reward          | 170.47614 |
----------------------------------
EPISODE:  238
EPISODE:  239
EPISODE:  240
EPISODE:  241
----------------------------------
| time/              |           |
|    episodes        | 240       |
|    fps             | 7         |
|    time_elapsed    | 31418     |
|    total_timesteps | 240000    |
| train/             |           |
|    actor_loss      | 9.13e+10  |
|    critic_loss     | 3.31e+21  |
|    ent_coef        | 2.64e+09  |
|    ent_coef_loss   | -409      |
|    learning_rate   | 0.0001    |
|    n_updates       | 239899    |
|    reward          | 170.47614 |
----------------------------------
EPISODE:  242
EPISODE:  243
EPISODE:  244
EPISODE:  245
----------------------------------
| time/              |           |
|    episodes        | 244       |
|    fps             | 7         |
|    time_elapsed    | 31914     |
|    total_timesteps | 244000    |
| train/             |           |
|    actor_loss      | 1.22e+11  |
|    critic_loss     | 7.13e+21  |
|    ent_coef        | 3.92e+09  |
|    ent_coef_loss   | -417      |
|    learning_rate   | 0.0001    |
|    n_updates       | 243899    |
|    reward          | 170.47614 |
----------------------------------
EPISODE:  246
EPISODE:  247
EPISODE:  248
EPISODE:  249
----------------------------------
| time/              |           |
|    episodes        | 248       |
|    fps             | 7         |
|    time_elapsed    | 32408     |
|    total_timesteps | 248000    |
| train/             |           |
|    actor_loss      | 1.67e+11  |
|    critic_loss     | 1.56e+22  |
|    ent_coef        | 5.84e+09  |
|    ent_coef_loss   | -423      |
|    learning_rate   | 0.0001    |
|    n_updates       | 247899    |
|    reward          | 170.47614 |
----------------------------------
EPISODE:  250
EPISODE:  251
EPISODE:  252
EPISODE:  253
----------------------------------
| time/              |           |
|    episodes        | 252       |
|    fps             | 7         |
|    time_elapsed    | 32904     |
|    total_timesteps | 252000    |
| train/             |           |
|    actor_loss      | 2.3e+11   |
|    critic_loss     | 3.34e+22  |
|    ent_coef        | 8.69e+09  |
|    ent_coef_loss   | -432      |
|    learning_rate   | 0.0001    |
|    n_updates       | 251899    |
|    reward          | 170.47614 |
----------------------------------
EPISODE:  254
EPISODE:  255
EPISODE:  256
EPISODE:  257
----------------------------------
| time/              |           |
|    episodes        | 256       |
|    fps             | 7         |
|    time_elapsed    | 33399     |
|    total_timesteps | 256000    |
| train/             |           |
|    actor_loss      | 3.24e+11  |
|    critic_loss     | 7.4e+22   |
|    ent_coef        | 1.29e+10  |
|    ent_coef_loss   | -439      |
|    learning_rate   | 0.0001    |
|    n_updates       | 255899    |
|    reward          | 170.47614 |
----------------------------------
EPISODE:  258
EPISODE:  259
EPISODE:  260
EPISODE:  261
----------------------------------
| time/              |           |
|    episodes        | 260       |
|    fps             | 7         |
|    time_elapsed    | 33894     |
|    total_timesteps | 260000    |
| train/             |           |
|    actor_loss      | 4.58e+11  |
|    critic_loss     | 1.62e+23  |
|    ent_coef        | 1.92e+10  |
|    ent_coef_loss   | -447      |
|    learning_rate   | 0.0001    |
|    n_updates       | 259899    |
|    reward          | 170.47614 |
----------------------------------
EPISODE:  262
EPISODE:  263
EPISODE:  264
EPISODE:  265
----------------------------------
| time/              |           |
|    episodes        | 264       |
|    fps             | 7         |
|    time_elapsed    | 34388     |
|    total_timesteps | 264000    |
| train/             |           |
|    actor_loss      | 6.55e+11  |
|    critic_loss     | 3.47e+23  |
|    ent_coef        | 2.86e+10  |
|    ent_coef_loss   | -452      |
|    learning_rate   | 0.0001    |
|    n_updates       | 263899    |
|    reward          | 170.47614 |
----------------------------------
EPISODE:  266
EPISODE:  267
EPISODE:  268
EPISODE:  269
----------------------------------
| time/              |           |
|    episodes        | 268       |
|    fps             | 7         |
|    time_elapsed    | 34889     |
|    total_timesteps | 268000    |
| train/             |           |
|    actor_loss      | 9.53e+11  |
|    critic_loss     | 7.83e+23  |
|    ent_coef        | 4.26e+10  |
|    ent_coef_loss   | -462      |
|    learning_rate   | 0.0001    |
|    n_updates       | 267899    |
|    reward          | 170.47614 |
----------------------------------
EPISODE:  270
EPISODE:  271
EPISODE:  272
EPISODE:  273
----------------------------------
| time/              |           |
|    episodes        | 272       |
|    fps             | 7         |
|    time_elapsed    | 35404     |
|    total_timesteps | 272000    |
| train/             |           |
|    actor_loss      | 1.37e+12  |
|    critic_loss     | 1.72e+24  |
|    ent_coef        | 6.34e+10  |
|    ent_coef_loss   | -463      |
|    learning_rate   | 0.0001    |
|    n_updates       | 271899    |
|    reward          | 170.47614 |
----------------------------------
EPISODE:  274
EPISODE:  275
EPISODE:  276
EPISODE:  277
----------------------------------
| time/              |           |
|    episodes        | 276       |
|    fps             | 7         |
|    time_elapsed    | 35922     |
|    total_timesteps | 276000    |
| train/             |           |
|    actor_loss      | 2.03e+12  |
|    critic_loss     | 3.79e+24  |
|    ent_coef        | 9.43e+10  |
|    ent_coef_loss   | -474      |
|    learning_rate   | 0.0001    |
|    n_updates       | 275899    |
|    reward          | 170.47614 |
----------------------------------
EPISODE:  278
EPISODE:  279
EPISODE:  280
EPISODE:  281
----------------------------------
| time/              |           |
|    episodes        | 280       |
|    fps             | 7         |
|    time_elapsed    | 36438     |
|    total_timesteps | 280000    |
| train/             |           |
|    actor_loss      | 3e+12     |
|    critic_loss     | 8.48e+24  |
|    ent_coef        | 1.4e+11   |
|    ent_coef_loss   | -484      |
|    learning_rate   | 0.0001    |
|    n_updates       | 279899    |
|    reward          | 170.47614 |
----------------------------------
EPISODE:  282
EPISODE:  283
EPISODE:  284
EPISODE:  285
----------------------------------
| time/              |           |
|    episodes        | 284       |
|    fps             | 7         |
|    time_elapsed    | 36956     |
|    total_timesteps | 284000    |
| train/             |           |
|    actor_loss      | 4.43e+12  |
|    critic_loss     | 1.84e+25  |
|    ent_coef        | 2.09e+11  |
|    ent_coef_loss   | -491      |
|    learning_rate   | 0.0001    |
|    n_updates       | 283899    |
|    reward          | 170.47614 |
----------------------------------
EPISODE:  286
EPISODE:  287
EPISODE:  288
EPISODE:  289
----------------------------------
| time/              |           |
|    episodes        | 288       |
|    fps             | 7         |
|    time_elapsed    | 37472     |
|    total_timesteps | 288000    |
| train/             |           |
|    actor_loss      | 6.53e+12  |
|    critic_loss     | 4.07e+25  |
|    ent_coef        | 3.11e+11  |
|    ent_coef_loss   | -496      |
|    learning_rate   | 0.0001    |
|    n_updates       | 287899    |
|    reward          | 170.47614 |
----------------------------------
EPISODE:  290
EPISODE:  291
EPISODE:  292
EPISODE:  293
----------------------------------
| time/              |           |
|    episodes        | 292       |
|    fps             | 7         |
|    time_elapsed    | 37990     |
|    total_timesteps | 292000    |
| train/             |           |
|    actor_loss      | 9.68e+12  |
|    critic_loss     | 9.1e+25   |
|    ent_coef        | 4.62e+11  |
|    ent_coef_loss   | -504      |
|    learning_rate   | 0.0001    |
|    n_updates       | 291899    |
|    reward          | 170.47614 |
----------------------------------
EPISODE:  294
EPISODE:  295
EPISODE:  296
EPISODE:  297
----------------------------------
| time/              |           |
|    episodes        | 296       |
|    fps             | 7         |
|    time_elapsed    | 38507     |
|    total_timesteps | 296000    |
| train/             |           |
|    actor_loss      | 1.43e+13  |
|    critic_loss     | 1.99e+26  |
|    ent_coef        | 6.88e+11  |
|    ent_coef_loss   | -510      |
|    learning_rate   | 0.0001    |
|    n_updates       | 295899    |
|    reward          | 170.47614 |
----------------------------------
EPISODE:  298
EPISODE:  299
EPISODE:  300
EPISODE:  301
----------------------------------
| time/              |           |
|    episodes        | 300       |
|    fps             | 7         |
|    time_elapsed    | 39023     |
|    total_timesteps | 300000    |
| train/             |           |
|    actor_loss      | 2.13e+13  |
|    critic_loss     | 4.45e+26  |
|    ent_coef        | 1.02e+12  |
|    ent_coef_loss   | -517      |
|    learning_rate   | 0.0001    |
|    n_updates       | 299899    |
|    reward          | 170.47614 |
----------------------------------
EPISODE:  302
EPISODE:  303
EPISODE:  304
EPISODE:  305
----------------------------------
| time/              |           |
|    episodes        | 304       |
|    fps             | 7         |
|    time_elapsed    | 39540     |
|    total_timesteps | 304000    |
| train/             |           |
|    actor_loss      | 3.18e+13  |
|    critic_loss     | 9.79e+26  |
|    ent_coef        | 1.52e+12  |
|    ent_coef_loss   | -528      |
|    learning_rate   | 0.0001    |
|    n_updates       | 303899    |
|    reward          | 170.47614 |
----------------------------------
EPISODE:  306
EPISODE:  307
EPISODE:  308
EPISODE:  309
----------------------------------
| time/              |           |
|    episodes        | 308       |
|    fps             | 7         |
|    time_elapsed    | 40056     |
|    total_timesteps | 308000    |
| train/             |           |
|    actor_loss      | 4.75e+13  |
|    critic_loss     | 2.16e+27  |
|    ent_coef        | 2.27e+12  |
|    ent_coef_loss   | -539      |
|    learning_rate   | 0.0001    |
|    n_updates       | 307899    |
|    reward          | 170.47614 |
----------------------------------
EPISODE:  310
EPISODE:  311
EPISODE:  312
EPISODE:  313
----------------------------------
| time/              |           |
|    episodes        | 312       |
|    fps             | 7         |
|    time_elapsed    | 40574     |
|    total_timesteps | 312000    |
| train/             |           |
|    actor_loss      | 7.05e+13  |
|    critic_loss     | 4.83e+27  |
|    ent_coef        | 3.37e+12  |
|    ent_coef_loss   | -544      |
|    learning_rate   | 0.0001    |
|    n_updates       | 311899    |
|    reward          | 170.47614 |
----------------------------------
EPISODE:  314
EPISODE:  315
EPISODE:  316
EPISODE:  317
----------------------------------
| time/              |           |
|    episodes        | 316       |
|    fps             | 7         |
|    time_elapsed    | 41091     |
|    total_timesteps | 316000    |
| train/             |           |
|    actor_loss      | 1.05e+14  |
|    critic_loss     | 1.06e+28  |
|    ent_coef        | 5.02e+12  |
|    ent_coef_loss   | -552      |
|    learning_rate   | 0.0001    |
|    n_updates       | 315899    |
|    reward          | 170.47614 |
----------------------------------
EPISODE:  318
EPISODE:  319
EPISODE:  320
EPISODE:  321
----------------------------------
| time/              |           |
|    episodes        | 320       |
|    fps             | 7         |
|    time_elapsed    | 41608     |
|    total_timesteps | 320000    |
| train/             |           |
|    actor_loss      | 1.54e+14  |
|    critic_loss     | 2.38e+28  |
|    ent_coef        | 7.47e+12  |
|    ent_coef_loss   | -550      |
|    learning_rate   | 0.0001    |
|    n_updates       | 319899    |
|    reward          | 170.47614 |
----------------------------------
EPISODE:  322
EPISODE:  323
EPISODE:  324
EPISODE:  325
----------------------------------
| time/              |           |
|    episodes        | 324       |
|    fps             | 7         |
|    time_elapsed    | 42124     |
|    total_timesteps | 324000    |
| train/             |           |
|    actor_loss      | 2.31e+14  |
|    critic_loss     | 5.24e+28  |
|    ent_coef        | 1.11e+13  |
|    ent_coef_loss   | -563      |
|    learning_rate   | 0.0001    |
|    n_updates       | 323899    |
|    reward          | 170.47614 |
----------------------------------
EPISODE:  326
EPISODE:  327
EPISODE:  328
EPISODE:  329
----------------------------------
| time/              |           |
|    episodes        | 328       |
|    fps             | 7         |
|    time_elapsed    | 42642     |
|    total_timesteps | 328000    |
| train/             |           |
|    actor_loss      | 3.44e+14  |
|    critic_loss     | 1.17e+29  |
|    ent_coef        | 1.65e+13  |
|    ent_coef_loss   | -573      |
|    learning_rate   | 0.0001    |
|    n_updates       | 327899    |
|    reward          | 170.47614 |
----------------------------------
EPISODE:  330
EPISODE:  331
EPISODE:  332
EPISODE:  333
----------------------------------
| time/              |           |
|    episodes        | 332       |
|    fps             | 7         |
|    time_elapsed    | 43160     |
|    total_timesteps | 332000    |
| train/             |           |
|    actor_loss      | 5.13e+14  |
|    critic_loss     | 2.53e+29  |
|    ent_coef        | 2.46e+13  |
|    ent_coef_loss   | -581      |
|    learning_rate   | 0.0001    |
|    n_updates       | 331899    |
|    reward          | 170.47614 |
----------------------------------
EPISODE:  334
EPISODE:  335
EPISODE:  336
EPISODE:  337
----------------------------------
| time/              |           |
|    episodes        | 336       |
|    fps             | 7         |
|    time_elapsed    | 43676     |
|    total_timesteps | 336000    |
| train/             |           |
|    actor_loss      | 7.55e+14  |
|    critic_loss     | 5.62e+29  |
|    ent_coef        | 3.66e+13  |
|    ent_coef_loss   | -581      |
|    learning_rate   | 0.0001    |
|    n_updates       | 335899    |
|    reward          | 170.47614 |
----------------------------------
EPISODE:  338
EPISODE:  339
EPISODE:  340
EPISODE:  341
----------------------------------
| time/              |           |
|    episodes        | 340       |
|    fps             | 7         |
|    time_elapsed    | 44194     |
|    total_timesteps | 340000    |
| train/             |           |
|    actor_loss      | 1.13e+15  |
|    critic_loss     | 1.28e+30  |
|    ent_coef        | 5.45e+13  |
|    ent_coef_loss   | -594      |
|    learning_rate   | 0.0001    |
|    n_updates       | 339899    |
|    reward          | 170.47614 |
----------------------------------
EPISODE:  342
EPISODE:  343
EPISODE:  344
EPISODE:  345
----------------------------------
| time/              |           |
|    episodes        | 344       |
|    fps             | 7         |
|    time_elapsed    | 44710     |
|    total_timesteps | 344000    |
| train/             |           |
|    actor_loss      | 1.68e+15  |
|    critic_loss     | 2.77e+30  |
|    ent_coef        | 8.11e+13  |
|    ent_coef_loss   | -600      |
|    learning_rate   | 0.0001    |
|    n_updates       | 343899    |
|    reward          | 170.47614 |
----------------------------------
EPISODE:  346
EPISODE:  347
EPISODE:  348
EPISODE:  349
----------------------------------
| time/              |           |
|    episodes        | 348       |
|    fps             | 7         |
|    time_elapsed    | 45227     |
|    total_timesteps | 348000    |
| train/             |           |
|    actor_loss      | 2.51e+15  |
|    critic_loss     | 6.14e+30  |
|    ent_coef        | 1.21e+14  |
|    ent_coef_loss   | -611      |
|    learning_rate   | 0.0001    |
|    n_updates       | 347899    |
|    reward          | 170.47614 |
----------------------------------
EPISODE:  350
EPISODE:  351
EPISODE:  352
EPISODE:  353
----------------------------------
| time/              |           |
|    episodes        | 352       |
|    fps             | 7         |
|    time_elapsed    | 45743     |
|    total_timesteps | 352000    |
| train/             |           |
|    actor_loss      | 3.74e+15  |
|    critic_loss     | 1.35e+31  |
|    ent_coef        | 1.79e+14  |
|    ent_coef_loss   | -619      |
|    learning_rate   | 0.0001    |
|    n_updates       | 351899    |
|    reward          | 170.47614 |
----------------------------------
EPISODE:  354
EPISODE:  355
EPISODE:  356
EPISODE:  357
----------------------------------
| time/              |           |
|    episodes        | 356       |
|    fps             | 7         |
|    time_elapsed    | 46261     |
|    total_timesteps | 356000    |
| train/             |           |
|    actor_loss      | 5.57e+15  |
|    critic_loss     | 3e+31     |
|    ent_coef        | 2.67e+14  |
|    ent_coef_loss   | -627      |
|    learning_rate   | 0.0001    |
|    n_updates       | 355899    |
|    reward          | 170.47614 |
----------------------------------
EPISODE:  358
EPISODE:  359
EPISODE:  360
EPISODE:  361
----------------------------------
| time/              |           |
|    episodes        | 360       |
|    fps             | 7         |
|    time_elapsed    | 46777     |
|    total_timesteps | 360000    |
| train/             |           |
|    actor_loss      | 8.32e+15  |
|    critic_loss     | 6.63e+31  |
|    ent_coef        | 3.96e+14  |
|    ent_coef_loss   | -638      |
|    learning_rate   | 0.0001    |
|    n_updates       | 359899    |
|    reward          | 170.47614 |
----------------------------------
EPISODE:  362
EPISODE:  363
EPISODE:  364
EPISODE:  365
----------------------------------
| time/              |           |
|    episodes        | 364       |
|    fps             | 7         |
|    time_elapsed    | 47295     |
|    total_timesteps | 364000    |
| train/             |           |
|    actor_loss      | 1.23e+16  |
|    critic_loss     | 1.49e+32  |
|    ent_coef        | 5.89e+14  |
|    ent_coef_loss   | -642      |
|    learning_rate   | 0.0001    |
|    n_updates       | 363899    |
|    reward          | 170.47614 |
----------------------------------
EPISODE:  366
EPISODE:  367
EPISODE:  368
EPISODE:  369
----------------------------------
| time/              |           |
|    episodes        | 368       |
|    fps             | 7         |
|    time_elapsed    | 47813     |
|    total_timesteps | 368000    |
| train/             |           |
|    actor_loss      | 1.83e+16  |
|    critic_loss     | 3.22e+32  |
|    ent_coef        | 8.76e+14  |
|    ent_coef_loss   | -648      |
|    learning_rate   | 0.0001    |
|    n_updates       | 367899    |
|    reward          | 170.47614 |
----------------------------------
EPISODE:  370
EPISODE:  371
EPISODE:  372
EPISODE:  373
----------------------------------
| time/              |           |
|    episodes        | 372       |
|    fps             | 7         |
|    time_elapsed    | 48330     |
|    total_timesteps | 372000    |
| train/             |           |
|    actor_loss      | 2.68e+16  |
|    critic_loss     | 7.2e+32   |
|    ent_coef        | 1.3e+15   |
|    ent_coef_loss   | -647      |
|    learning_rate   | 0.0001    |
|    n_updates       | 371899    |
|    reward          | 170.47614 |
----------------------------------
EPISODE:  374
EPISODE:  375
EPISODE:  376
EPISODE:  377
----------------------------------
| time/              |           |
|    episodes        | 376       |
|    fps             | 7         |
|    time_elapsed    | 48847     |
|    total_timesteps | 376000    |
| train/             |           |
|    actor_loss      | 4.05e+16  |
|    critic_loss     | 1.6e+33   |
|    ent_coef        | 1.94e+15  |
|    ent_coef_loss   | -665      |
|    learning_rate   | 0.0001    |
|    n_updates       | 375899    |
|    reward          | 170.47614 |
----------------------------------
EPISODE:  378
EPISODE:  379
EPISODE:  380
EPISODE:  381
----------------------------------
| time/              |           |
|    episodes        | 380       |
|    fps             | 7         |
|    time_elapsed    | 49364     |
|    total_timesteps | 380000    |
| train/             |           |
|    actor_loss      | 5.99e+16  |
|    critic_loss     | 3.52e+33  |
|    ent_coef        | 2.88e+15  |
|    ent_coef_loss   | -669      |
|    learning_rate   | 0.0001    |
|    n_updates       | 379899    |
|    reward          | 170.47614 |
----------------------------------
EPISODE:  382
EPISODE:  383
EPISODE:  384
EPISODE:  385
----------------------------------
| time/              |           |
|    episodes        | 384       |
|    fps             | 7         |
|    time_elapsed    | 49881     |
|    total_timesteps | 384000    |
| train/             |           |
|    actor_loss      | 8.94e+16  |
|    critic_loss     | 7.86e+33  |
|    ent_coef        | 4.28e+15  |
|    ent_coef_loss   | -679      |
|    learning_rate   | 0.0001    |
|    n_updates       | 383899    |
|    reward          | 170.47614 |
----------------------------------
EPISODE:  386
EPISODE:  387
EPISODE:  388
EPISODE:  389
----------------------------------
| time/              |           |
|    episodes        | 388       |
|    fps             | 7         |
|    time_elapsed    | 50398     |
|    total_timesteps | 388000    |
| train/             |           |
|    actor_loss      | 1.32e+17  |
|    critic_loss     | 1.71e+34  |
|    ent_coef        | 6.37e+15  |
|    ent_coef_loss   | -683      |
|    learning_rate   | 0.0001    |
|    n_updates       | 387899    |
|    reward          | 170.47614 |
----------------------------------
EPISODE:  390
EPISODE:  391
EPISODE:  392
EPISODE:  393
----------------------------------
| time/              |           |
|    episodes        | 392       |
|    fps             | 7         |
|    time_elapsed    | 50916     |
|    total_timesteps | 392000    |
| train/             |           |
|    actor_loss      | 1.97e+17  |
|    critic_loss     | 3.8e+34   |
|    ent_coef        | 9.47e+15  |
|    ent_coef_loss   | -692      |
|    learning_rate   | 0.0001    |
|    n_updates       | 391899    |
|    reward          | 170.47614 |
----------------------------------
EPISODE:  394
EPISODE:  395
EPISODE:  396
EPISODE:  397
----------------------------------
| time/              |           |
|    episodes        | 396       |
|    fps             | 7         |
|    time_elapsed    | 51432     |
|    total_timesteps | 396000    |
| train/             |           |
|    actor_loss      | 2.93e+17  |
|    critic_loss     | 8.39e+34  |
|    ent_coef        | 1.41e+16  |
|    ent_coef_loss   | -699      |
|    learning_rate   | 0.0001    |
|    n_updates       | 395899    |
|    reward          | 170.47614 |
----------------------------------
EPISODE:  398
EPISODE:  399
EPISODE:  400
EPISODE:  401
----------------------------------
| time/              |           |
|    episodes        | 400       |
|    fps             | 7         |
|    time_elapsed    | 51950     |
|    total_timesteps | 400000    |
| train/             |           |
|    actor_loss      | 4.36e+17  |
|    critic_loss     | 1.86e+35  |
|    ent_coef        | 2.09e+16  |
|    ent_coef_loss   | -706      |
|    learning_rate   | 0.0001    |
|    n_updates       | 399899    |
|    reward          | 170.47614 |
----------------------------------
EPISODE:  402
EPISODE:  403
EPISODE:  404
EPISODE:  405
----------------------------------
| time/              |           |
|    episodes        | 404       |
|    fps             | 7         |
|    time_elapsed    | 52468     |
|    total_timesteps | 404000    |
| train/             |           |
|    actor_loss      | 6.5e+17   |
|    critic_loss     | 4.14e+35  |
|    ent_coef        | 3.11e+16  |
|    ent_coef_loss   | -716      |
|    learning_rate   | 0.0001    |
|    n_updates       | 403899    |
|    reward          | 170.47614 |
----------------------------------
EPISODE:  406
EPISODE:  407
EPISODE:  408
EPISODE:  409
----------------------------------
| time/              |           |
|    episodes        | 408       |
|    fps             | 7         |
|    time_elapsed    | 52984     |
|    total_timesteps | 408000    |
| train/             |           |
|    actor_loss      | 9.63e+17  |
|    critic_loss     | 9.09e+35  |
|    ent_coef        | 4.63e+16  |
|    ent_coef_loss   | -721      |
|    learning_rate   | 0.0001    |
|    n_updates       | 407899    |
|    reward          | 170.47614 |
----------------------------------
EPISODE:  410
EPISODE:  411
EPISODE:  412
EPISODE:  413
----------------------------------
| time/              |           |
|    episodes        | 412       |
|    fps             | 7         |
|    time_elapsed    | 53501     |
|    total_timesteps | 412000    |
| train/             |           |
|    actor_loss      | 1.44e+18  |
|    critic_loss     | 2.03e+36  |
|    ent_coef        | 6.89e+16  |
|    ent_coef_loss   | -735      |
|    learning_rate   | 0.0001    |
|    n_updates       | 411899    |
|    reward          | 170.47614 |
----------------------------------
EPISODE:  414
EPISODE:  415
EPISODE:  416
EPISODE:  417
----------------------------------
| time/              |           |
|    episodes        | 416       |
|    fps             | 7         |
|    time_elapsed    | 54018     |
|    total_timesteps | 416000    |
| train/             |           |
|    actor_loss      | 2.14e+18  |
|    critic_loss     | inf       |
|    ent_coef        | 1.02e+17  |
|    ent_coef_loss   | -740      |
|    learning_rate   | 0.0001    |
|    n_updates       | 415899    |
|    reward          | 170.47614 |
----------------------------------
EPISODE:  418
EPISODE:  419
EPISODE:  420
EPISODE:  421
----------------------------------
| time/              |           |
|    episodes        | 420       |
|    fps             | 7         |
|    time_elapsed    | 54535     |
|    total_timesteps | 420000    |
| train/             |           |
|    actor_loss      | 3.18e+18  |
|    critic_loss     | inf       |
|    ent_coef        | 1.52e+17  |
|    ent_coef_loss   | -746      |
|    learning_rate   | 0.0001    |
|    n_updates       | 419899    |
|    reward          | 170.47614 |
----------------------------------
EPISODE:  422
EPISODE:  423
EPISODE:  424
EPISODE:  425
----------------------------------
| time/              |           |
|    episodes        | 424       |
|    fps             | 7         |
|    time_elapsed    | 55051     |
|    total_timesteps | 424000    |
| train/             |           |
|    actor_loss      | 4.71e+18  |
|    critic_loss     | inf       |
|    ent_coef        | 2.26e+17  |
|    ent_coef_loss   | -751      |
|    learning_rate   | 0.0001    |
|    n_updates       | 423899    |
|    reward          | 170.47614 |
----------------------------------
EPISODE:  426
EPISODE:  427
EPISODE:  428
EPISODE:  429
----------------------------------
| time/              |           |
|    episodes        | 428       |
|    fps             | 7         |
|    time_elapsed    | 55569     |
|    total_timesteps | 428000    |
| train/             |           |
|    actor_loss      | 6.98e+18  |
|    critic_loss     | inf       |
|    ent_coef        | 3.37e+17  |
|    ent_coef_loss   | -756      |
|    learning_rate   | 0.0001    |
|    n_updates       | 427899    |
|    reward          | 170.47614 |
----------------------------------
EPISODE:  430
EPISODE:  431
EPISODE:  432
EPISODE:  433
----------------------------------
| time/              |           |
|    episodes        | 432       |
|    fps             | 7         |
|    time_elapsed    | 56085     |
|    total_timesteps | 432000    |
| train/             |           |
|    actor_loss      | 1.04e+19  |
|    critic_loss     | inf       |
|    ent_coef        | 5.01e+17  |
|    ent_coef_loss   | -767      |
|    learning_rate   | 0.0001    |
|    n_updates       | 431899    |
|    reward          | 170.47614 |
----------------------------------
EPISODE:  434
EPISODE:  435
EPISODE:  436
EPISODE:  437
----------------------------------
| time/              |           |
|    episodes        | 436       |
|    fps             | 7         |
|    time_elapsed    | 56602     |
|    total_timesteps | 436000    |
| train/             |           |
|    actor_loss      | 1.55e+19  |
|    critic_loss     | inf       |
|    ent_coef        | 7.44e+17  |
|    ent_coef_loss   | -774      |
|    learning_rate   | 0.0001    |
|    n_updates       | 435899    |
|    reward          | 170.47614 |
----------------------------------
EPISODE:  438
EPISODE:  439
EPISODE:  440
EPISODE:  441
----------------------------------
| time/              |           |
|    episodes        | 440       |
|    fps             | 7         |
|    time_elapsed    | 57120     |
|    total_timesteps | 440000    |
| train/             |           |
|    actor_loss      | 2.31e+19  |
|    critic_loss     | inf       |
|    ent_coef        | 1.11e+18  |
|    ent_coef_loss   | -785      |
|    learning_rate   | 0.0001    |
|    n_updates       | 439899    |
|    reward          | 170.47614 |
----------------------------------
EPISODE:  442
EPISODE:  443
EPISODE:  444
EPISODE:  445
----------------------------------
| time/              |           |
|    episodes        | 444       |
|    fps             | 7         |
|    time_elapsed    | 57636     |
|    total_timesteps | 444000    |
| train/             |           |
|    actor_loss      | 3.42e+19  |
|    critic_loss     | inf       |
|    ent_coef        | 1.65e+18  |
|    ent_coef_loss   | -789      |
|    learning_rate   | 0.0001    |
|    n_updates       | 443899    |
|    reward          | 170.47614 |
----------------------------------
EPISODE:  446
EPISODE:  447
EPISODE:  448
EPISODE:  449
----------------------------------
| time/              |           |
|    episodes        | 448       |
|    fps             | 7         |
|    time_elapsed    | 58154     |
|    total_timesteps | 448000    |
| train/             |           |
|    actor_loss      | 5.09e+19  |
|    critic_loss     | inf       |
|    ent_coef        | 2.45e+18  |
|    ent_coef_loss   | -796      |
|    learning_rate   | 0.0001    |
|    n_updates       | 447899    |
|    reward          | 170.47614 |
----------------------------------
EPISODE:  450
EPISODE:  451
EPISODE:  452
EPISODE:  453
----------------------------------
| time/              |           |
|    episodes        | 452       |
|    fps             | 7         |
|    time_elapsed    | 58671     |
|    total_timesteps | 452000    |
| train/             |           |
|    actor_loss      | 7.54e+19  |
|    critic_loss     | inf       |
|    ent_coef        | 3.64e+18  |
|    ent_coef_loss   | -801      |
|    learning_rate   | 0.0001    |
|    n_updates       | 451899    |
|    reward          | 170.47614 |
----------------------------------
EPISODE:  454
EPISODE:  455
EPISODE:  456
EPISODE:  457
----------------------------------
| time/              |           |
|    episodes        | 456       |
|    fps             | 7         |
|    time_elapsed    | 59188     |
|    total_timesteps | 456000    |
| train/             |           |
|    actor_loss      | 1.12e+20  |
|    critic_loss     | inf       |
|    ent_coef        | 5.41e+18  |
|    ent_coef_loss   | -809      |
|    learning_rate   | 0.0001    |
|    n_updates       | 455899    |
|    reward          | 170.47614 |
----------------------------------
EPISODE:  458
EPISODE:  459
EPISODE:  460
EPISODE:  461
----------------------------------
| time/              |           |
|    episodes        | 460       |
|    fps             | 7         |
|    time_elapsed    | 59705     |
|    total_timesteps | 460000    |
| train/             |           |
|    actor_loss      | 1.68e+20  |
|    critic_loss     | inf       |
|    ent_coef        | 8.04e+18  |
|    ent_coef_loss   | -824      |
|    learning_rate   | 0.0001    |
|    n_updates       | 459899    |
|    reward          | 170.47614 |
----------------------------------
EPISODE:  462
EPISODE:  463
EPISODE:  464
EPISODE:  465
----------------------------------
| time/              |           |
|    episodes        | 464       |
|    fps             | 7         |
|    time_elapsed    | 60223     |
|    total_timesteps | 464000    |
| train/             |           |
|    actor_loss      | 2.47e+20  |
|    critic_loss     | inf       |
|    ent_coef        | 1.2e+19   |
|    ent_coef_loss   | -820      |
|    learning_rate   | 0.0001    |
|    n_updates       | 463899    |
|    reward          | 170.47614 |
----------------------------------
EPISODE:  466
EPISODE:  467
EPISODE:  468
EPISODE:  469
----------------------------------
| time/              |           |
|    episodes        | 468       |
|    fps             | 7         |
|    time_elapsed    | 60740     |
|    total_timesteps | 468000    |
| train/             |           |
|    actor_loss      | 3.7e+20   |
|    critic_loss     | inf       |
|    ent_coef        | 1.78e+19  |
|    ent_coef_loss   | -833      |
|    learning_rate   | 0.0001    |
|    n_updates       | 467899    |
|    reward          | 170.47614 |
----------------------------------
EPISODE:  470
EPISODE:  471
EPISODE:  472
EPISODE:  473
----------------------------------
| time/              |           |
|    episodes        | 472       |
|    fps             | 7         |
|    time_elapsed    | 61257     |
|    total_timesteps | 472000    |
| train/             |           |
|    actor_loss      | 5.5e+20   |
|    critic_loss     | inf       |
|    ent_coef        | 2.64e+19  |
|    ent_coef_loss   | -840      |
|    learning_rate   | 0.0001    |
|    n_updates       | 471899    |
|    reward          | 170.47614 |
----------------------------------
EPISODE:  474
EPISODE:  475
EPISODE:  476
EPISODE:  477
----------------------------------
| time/              |           |
|    episodes        | 476       |
|    fps             | 7         |
|    time_elapsed    | 61775     |
|    total_timesteps | 476000    |
| train/             |           |
|    actor_loss      | 8.19e+20  |
|    critic_loss     | inf       |
|    ent_coef        | 3.93e+19  |
|    ent_coef_loss   | -850      |
|    learning_rate   | 0.0001    |
|    n_updates       | 475899    |
|    reward          | 170.47614 |
----------------------------------
EPISODE:  478
EPISODE:  479
EPISODE:  480
EPISODE:  481
----------------------------------
| time/              |           |
|    episodes        | 480       |
|    fps             | 7         |
|    time_elapsed    | 62291     |
|    total_timesteps | 480000    |
| train/             |           |
|    actor_loss      | 1.22e+21  |
|    critic_loss     | inf       |
|    ent_coef        | 5.85e+19  |
|    ent_coef_loss   | -861      |
|    learning_rate   | 0.0001    |
|    n_updates       | 479899    |
|    reward          | 170.47614 |
----------------------------------
EPISODE:  482
EPISODE:  483
EPISODE:  484
EPISODE:  485
----------------------------------
| time/              |           |
|    episodes        | 484       |
|    fps             | 7         |
|    time_elapsed    | 62793     |
|    total_timesteps | 484000    |
| train/             |           |
|    actor_loss      | 1.8e+21   |
|    critic_loss     | inf       |
|    ent_coef        | 8.7e+19   |
|    ent_coef_loss   | -860      |
|    learning_rate   | 0.0001    |
|    n_updates       | 483899    |
|    reward          | 170.47614 |
----------------------------------
EPISODE:  486
EPISODE:  487
EPISODE:  488
EPISODE:  489
----------------------------------
| time/              |           |
|    episodes        | 488       |
|    fps             | 7         |
|    time_elapsed    | 63240     |
|    total_timesteps | 488000    |
| train/             |           |
|    actor_loss      | 2.66e+21  |
|    critic_loss     | inf       |
|    ent_coef        | 1.29e+20  |
|    ent_coef_loss   | -861      |
|    learning_rate   | 0.0001    |
|    n_updates       | 487899    |
|    reward          | 170.47614 |
----------------------------------
EPISODE:  490
EPISODE:  491
EPISODE:  492
EPISODE:  493
----------------------------------
| time/              |           |
|    episodes        | 492       |
|    fps             | 7         |
|    time_elapsed    | 63689     |
|    total_timesteps | 492000    |
| train/             |           |
|    actor_loss      | 4.01e+21  |
|    critic_loss     | inf       |
|    ent_coef        | 1.92e+20  |
|    ent_coef_loss   | -880      |
|    learning_rate   | 0.0001    |
|    n_updates       | 491899    |
|    reward          | 170.47614 |
----------------------------------
EPISODE:  494
EPISODE:  495
EPISODE:  496
EPISODE:  497
----------------------------------
| time/              |           |
|    episodes        | 496       |
|    fps             | 7         |
|    time_elapsed    | 64136     |
|    total_timesteps | 496000    |
| train/             |           |
|    actor_loss      | 5.95e+21  |
|    critic_loss     | inf       |
|    ent_coef        | 2.86e+20  |
|    ent_coef_loss   | -887      |
|    learning_rate   | 0.0001    |
|    n_updates       | 495899    |
|    reward          | 170.47614 |
----------------------------------
EPISODE:  498
EPISODE:  499
EPISODE:  500
EPISODE:  501
----------------------------------
| time/              |           |
|    episodes        | 500       |
|    fps             | 7         |
|    time_elapsed    | 64582     |
|    total_timesteps | 500000    |
| train/             |           |
|    actor_loss      | 8.81e+21  |
|    critic_loss     | inf       |
|    ent_coef        | 4.25e+20  |
|    ent_coef_loss   | -889      |
|    learning_rate   | 0.0001    |
|    n_updates       | 499899    |
|    reward          | 170.47614 |
----------------------------------
Saved episode log to Results/4_1/sac/downward/training_logs/10.csv
