EPISODE:  0
{'batch_size': 128, 'buffer_size': 1000000, 'learning_rate': 0.0001, 'learning_starts': 100, 'ent_coef': 'auto_0.1'}
Using cpu device
EPISODE:  1
EPISODE:  2
EPISODE:  3
EPISODE:  4
EPISODE:  5
----------------------------------
| time/              |           |
|    episodes        | 4         |
|    fps             | 359       |
|    time_elapsed    | 11        |
|    total_timesteps | 4000      |
| train/             |           |
|    actor_loss      | -4.08e+04 |
|    critic_loss     | 1e+05     |
|    ent_coef        | 0.152     |
|    ent_coef_loss   | 35.5      |
|    learning_rate   | 0.0001    |
|    n_updates       | 3899      |
|    reward          | 3318.8857 |
----------------------------------
EPISODE:  6
EPISODE:  7
EPISODE:  8
EPISODE:  9
----------------------------------
| time/              |           |
|    episodes        | 8         |
|    fps             | 358       |
|    time_elapsed    | 22        |
|    total_timesteps | 8000      |
| train/             |           |
|    actor_loss      | -7.33e+04 |
|    critic_loss     | 1.76e+04  |
|    ent_coef        | 0.227     |
|    ent_coef_loss   | 27.8      |
|    learning_rate   | 0.0001    |
|    n_updates       | 7899      |
|    reward          | 3318.8857 |
----------------------------------
EPISODE:  10
EPISODE:  11
EPISODE:  12
EPISODE:  13
----------------------------------
| time/              |           |
|    episodes        | 12        |
|    fps             | 363       |
|    time_elapsed    | 33        |
|    total_timesteps | 12000     |
| train/             |           |
|    actor_loss      | -1.03e+05 |
|    critic_loss     | 7.76e+04  |
|    ent_coef        | 0.339     |
|    ent_coef_loss   | 20.5      |
|    learning_rate   | 0.0001    |
|    n_updates       | 11899     |
|    reward          | 3318.8857 |
----------------------------------
EPISODE:  14
EPISODE:  15
EPISODE:  16
EPISODE:  17
----------------------------------
| time/              |           |
|    episodes        | 16        |
|    fps             | 365       |
|    time_elapsed    | 43        |
|    total_timesteps | 16000     |
| train/             |           |
|    actor_loss      | -1.29e+05 |
|    critic_loss     | 2.8e+05   |
|    ent_coef        | 0.506     |
|    ent_coef_loss   | 12.8      |
|    learning_rate   | 0.0001    |
|    n_updates       | 15899     |
|    reward          | 3318.8857 |
----------------------------------
EPISODE:  18
EPISODE:  19
EPISODE:  20
EPISODE:  21
----------------------------------
| time/              |           |
|    episodes        | 20        |
|    fps             | 361       |
|    time_elapsed    | 55        |
|    total_timesteps | 20000     |
| train/             |           |
|    actor_loss      | -1.38e+05 |
|    critic_loss     | 3.19e+04  |
|    ent_coef        | 0.754     |
|    ent_coef_loss   | 5.3       |
|    learning_rate   | 0.0001    |
|    n_updates       | 19899     |
|    reward          | 3318.8857 |
----------------------------------
EPISODE:  22
EPISODE:  23
EPISODE:  24
EPISODE:  25
----------------------------------
| time/              |           |
|    episodes        | 24        |
|    fps             | 361       |
|    time_elapsed    | 66        |
|    total_timesteps | 24000     |
| train/             |           |
|    actor_loss      | -1.59e+05 |
|    critic_loss     | 1.08e+05  |
|    ent_coef        | 1.13      |
|    ent_coef_loss   | -2.23     |
|    learning_rate   | 0.0001    |
|    n_updates       | 23899     |
|    reward          | 3318.8857 |
----------------------------------
EPISODE:  26
EPISODE:  27
EPISODE:  28
EPISODE:  29
----------------------------------
| time/              |           |
|    episodes        | 28        |
|    fps             | 360       |
|    time_elapsed    | 77        |
|    total_timesteps | 28000     |
| train/             |           |
|    actor_loss      | -1.69e+05 |
|    critic_loss     | 3.43e+04  |
|    ent_coef        | 1.68      |
|    ent_coef_loss   | -9.75     |
|    learning_rate   | 0.0001    |
|    n_updates       | 27899     |
|    reward          | 3318.8857 |
----------------------------------
EPISODE:  30
EPISODE:  31
EPISODE:  32
EPISODE:  33
----------------------------------
| time/              |           |
|    episodes        | 32        |
|    fps             | 357       |
|    time_elapsed    | 89        |
|    total_timesteps | 32000     |
| train/             |           |
|    actor_loss      | -1.8e+05  |
|    critic_loss     | 3.47e+04  |
|    ent_coef        | 2.5       |
|    ent_coef_loss   | -17.3     |
|    learning_rate   | 0.0001    |
|    n_updates       | 31899     |
|    reward          | 3318.8857 |
----------------------------------
EPISODE:  34
EPISODE:  35
EPISODE:  36
EPISODE:  37
----------------------------------
| time/              |           |
|    episodes        | 36        |
|    fps             | 348       |
|    time_elapsed    | 103       |
|    total_timesteps | 36000     |
| train/             |           |
|    actor_loss      | -1.81e+05 |
|    critic_loss     | 1.11e+06  |
|    ent_coef        | 3.74      |
|    ent_coef_loss   | -24.8     |
|    learning_rate   | 0.0001    |
|    n_updates       | 35899     |
|    reward          | 3318.8857 |
----------------------------------
EPISODE:  38
EPISODE:  39
EPISODE:  40
EPISODE:  41
----------------------------------
| time/              |           |
|    episodes        | 40        |
|    fps             | 341       |
|    time_elapsed    | 117       |
|    total_timesteps | 40000     |
| train/             |           |
|    actor_loss      | -1.88e+05 |
|    critic_loss     | 5.74e+04  |
|    ent_coef        | 5.57      |
|    ent_coef_loss   | -32.1     |
|    learning_rate   | 0.0001    |
|    n_updates       | 39899     |
|    reward          | 3318.8857 |
----------------------------------
EPISODE:  42
EPISODE:  43
EPISODE:  44
EPISODE:  45
----------------------------------
| time/              |           |
|    episodes        | 44        |
|    fps             | 337       |
|    time_elapsed    | 130       |
|    total_timesteps | 44000     |
| train/             |           |
|    actor_loss      | -1.91e+05 |
|    critic_loss     | 3.88e+05  |
|    ent_coef        | 8.31      |
|    ent_coef_loss   | -39.7     |
|    learning_rate   | 0.0001    |
|    n_updates       | 43899     |
|    reward          | 3318.8857 |
----------------------------------
EPISODE:  46
EPISODE:  47
EPISODE:  48
EPISODE:  49
----------------------------------
| time/              |           |
|    episodes        | 48        |
|    fps             | 333       |
|    time_elapsed    | 143       |
|    total_timesteps | 48000     |
| train/             |           |
|    actor_loss      | -1.94e+05 |
|    critic_loss     | 1.77e+05  |
|    ent_coef        | 12.4      |
|    ent_coef_loss   | -47.5     |
|    learning_rate   | 0.0001    |
|    n_updates       | 47899     |
|    reward          | 3318.8857 |
----------------------------------
EPISODE:  50
EPISODE:  51
EPISODE:  52
EPISODE:  53
----------------------------------
| time/              |           |
|    episodes        | 52        |
|    fps             | 329       |
|    time_elapsed    | 157       |
|    total_timesteps | 52000     |
| train/             |           |
|    actor_loss      | -1.89e+05 |
|    critic_loss     | 3.84e+08  |
|    ent_coef        | 18.5      |
|    ent_coef_loss   | -55.1     |
|    learning_rate   | 0.0001    |
|    n_updates       | 51899     |
|    reward          | 3318.8857 |
----------------------------------
EPISODE:  54
EPISODE:  55
EPISODE:  56
EPISODE:  57
----------------------------------
| time/              |           |
|    episodes        | 56        |
|    fps             | 327       |
|    time_elapsed    | 170       |
|    total_timesteps | 56000     |
| train/             |           |
|    actor_loss      | -1.89e+05 |
|    critic_loss     | 5.39e+05  |
|    ent_coef        | 27.6      |
|    ent_coef_loss   | -62.6     |
|    learning_rate   | 0.0001    |
|    n_updates       | 55899     |
|    reward          | 3318.8857 |
----------------------------------
EPISODE:  58
EPISODE:  59
EPISODE:  60
EPISODE:  61
----------------------------------
| time/              |           |
|    episodes        | 60        |
|    fps             | 325       |
|    time_elapsed    | 184       |
|    total_timesteps | 60000     |
| train/             |           |
|    actor_loss      | -1.82e+05 |
|    critic_loss     | 5.72e+05  |
|    ent_coef        | 41.2      |
|    ent_coef_loss   | -70       |
|    learning_rate   | 0.0001    |
|    n_updates       | 59899     |
|    reward          | 3318.8857 |
----------------------------------
EPISODE:  62
EPISODE:  63
EPISODE:  64
EPISODE:  65
----------------------------------
| time/              |           |
|    episodes        | 64        |
|    fps             | 323       |
|    time_elapsed    | 197       |
|    total_timesteps | 64000     |
| train/             |           |
|    actor_loss      | -1.67e+05 |
|    critic_loss     | 5.26e+04  |
|    ent_coef        | 61.4      |
|    ent_coef_loss   | -77.6     |
|    learning_rate   | 0.0001    |
|    n_updates       | 63899     |
|    reward          | 3318.8857 |
----------------------------------
EPISODE:  66
EPISODE:  67
EPISODE:  68
EPISODE:  69
----------------------------------
| time/              |           |
|    episodes        | 68        |
|    fps             | 318       |
|    time_elapsed    | 213       |
|    total_timesteps | 68000     |
| train/             |           |
|    actor_loss      | -1.48e+05 |
|    critic_loss     | 2.02e+08  |
|    ent_coef        | 91.7      |
|    ent_coef_loss   | -85.1     |
|    learning_rate   | 0.0001    |
|    n_updates       | 67899     |
|    reward          | 3318.8857 |
----------------------------------
