EPISODE:  0
{'n_steps': 2048, 'batch_size': 64, 'learning_rate': 0.0003, 'ent_coef': 0.0}
Using cpu device
EPISODE:  1
EPISODE:  2
EPISODE:  3
-----------------------------------
| time/              |            |
|    fps             | 260        |
|    iterations      | 1          |
|    time_elapsed    | 7          |
|    total_timesteps | 2048       |
| train/             |            |
|    reward          | 0.08937853 |
-----------------------------------
EPISODE:  4
EPISODE:  5
------------------------------------------
| time/                   |              |
|    fps                  | 202          |
|    iterations           | 2            |
|    time_elapsed         | 20           |
|    total_timesteps      | 4096         |
| train/                  |              |
|    approx_kl            | 0.0024450785 |
|    clip_fraction        | 0.0325       |
|    clip_range           | 0.2          |
|    entropy_loss         | -2.84        |
|    explained_variance   | 0            |
|    learning_rate        | 0.0003       |
|    loss                 | -0.00307     |
|    n_updates            | 10           |
|    policy_gradient_loss | -0.00119     |
|    reward               | -0.020557929 |
|    std                  | 1            |
|    value_loss           | 0.0132       |
------------------------------------------
EPISODE:  6
EPISODE:  7
------------------------------------------
| time/                   |              |
|    fps                  | 182          |
|    iterations           | 3            |
|    time_elapsed         | 33           |
|    total_timesteps      | 6144         |
| train/                  |              |
|    approx_kl            | 0.0019442313 |
|    clip_fraction        | 0.0191       |
|    clip_range           | 0.2          |
|    entropy_loss         | -2.85        |
|    explained_variance   | 1.19e-07     |
|    learning_rate        | 0.0003       |
|    loss                 | -0.00235     |
|    n_updates            | 20           |
|    policy_gradient_loss | -0.00115     |
|    reward               | 0.04513703   |
|    std                  | 1.01         |
|    value_loss           | 0.00931      |
------------------------------------------
EPISODE:  8
EPISODE:  9
------------------------------------------
| time/                   |              |
|    fps                  | 171          |
|    iterations           | 4            |
|    time_elapsed         | 47           |
|    total_timesteps      | 8192         |
| train/                  |              |
|    approx_kl            | 0.005450618  |
|    clip_fraction        | 0.0628       |
|    clip_range           | 0.2          |
|    entropy_loss         | -2.85        |
|    explained_variance   | 0            |
|    learning_rate        | 0.0003       |
|    loss                 | -0.0069      |
|    n_updates            | 30           |
|    policy_gradient_loss | -0.0034      |
|    reward               | -0.037460472 |
|    std                  | 1.01         |
|    value_loss           | 0.00866      |
------------------------------------------
EPISODE:  10
EPISODE:  11
------------------------------------------
| time/                   |              |
|    fps                  | 166          |
|    iterations           | 5            |
|    time_elapsed         | 61           |
|    total_timesteps      | 10240        |
| train/                  |              |
|    approx_kl            | 0.003852908  |
|    clip_fraction        | 0.0211       |
|    clip_range           | 0.2          |
|    entropy_loss         | -2.85        |
|    explained_variance   | 0            |
|    learning_rate        | 0.0003       |
|    loss                 | 0.0106       |
|    n_updates            | 40           |
|    policy_gradient_loss | -0.00138     |
|    reward               | -0.028105926 |
|    std                  | 1.01         |
|    value_loss           | 0.0108       |
------------------------------------------
EPISODE:  12
EPISODE:  13
------------------------------------------
| time/                   |              |
|    fps                  | 162          |
|    iterations           | 6            |
|    time_elapsed         | 75           |
|    total_timesteps      | 12288        |
| train/                  |              |
|    approx_kl            | 0.0068544745 |
|    clip_fraction        | 0.038        |
|    clip_range           | 0.2          |
|    entropy_loss         | -2.83        |
|    explained_variance   | 0            |
|    learning_rate        | 0.0003       |
|    loss                 | 0.0038       |
|    n_updates            | 50           |
|    policy_gradient_loss | -0.00149     |
|    reward               | -0.021459892 |
|    std                  | 0.983        |
|    value_loss           | 0.00958      |
------------------------------------------
EPISODE:  14
EPISODE:  15
------------------------------------------
| time/                   |              |
|    fps                  | 158          |
|    iterations           | 7            |
|    time_elapsed         | 90           |
|    total_timesteps      | 14336        |
| train/                  |              |
|    approx_kl            | 0.0089773405 |
|    clip_fraction        | 0.0791       |
|    clip_range           | 0.2          |
|    entropy_loss         | -2.81        |
|    explained_variance   | 1.19e-07     |
|    learning_rate        | 0.0003       |
|    loss                 | 0.0431       |
|    n_updates            | 60           |
|    policy_gradient_loss | -0.00274     |
|    reward               | 0.009123684  |
|    std                  | 0.994        |
|    value_loss           | 0.00833      |
------------------------------------------
EPISODE:  16
EPISODE:  17
------------------------------------------
| time/                   |              |
|    fps                  | 155          |
|    iterations           | 8            |
|    time_elapsed         | 105          |
|    total_timesteps      | 16384        |
| train/                  |              |
|    approx_kl            | 0.003701796  |
|    clip_fraction        | 0.0336       |
|    clip_range           | 0.2          |
|    entropy_loss         | -2.82        |
|    explained_variance   | 0            |
|    learning_rate        | 0.0003       |
|    loss                 | 0.00357      |
|    n_updates            | 70           |
|    policy_gradient_loss | -0.00233     |
|    reward               | -0.016595745 |
|    std                  | 0.992        |
|    value_loss           | 0.00848      |
------------------------------------------
EPISODE:  18
EPISODE:  19
-----------------------------------------
| time/                   |             |
|    fps                  | 149         |
|    iterations           | 9           |
|    time_elapsed         | 123         |
|    total_timesteps      | 18432       |
| train/                  |             |
|    approx_kl            | 0.007476477 |
|    clip_fraction        | 0.0458      |
|    clip_range           | 0.2         |
|    entropy_loss         | -2.82       |
|    explained_variance   | 5.96e-08    |
|    learning_rate        | 0.0003      |
|    loss                 | 0.0177      |
|    n_updates            | 80          |
|    policy_gradient_loss | -0.000962   |
|    reward               | -0.02473611 |
|    std                  | 0.988       |
|    value_loss           | 0.00698     |
-----------------------------------------
EPISODE:  20
EPISODE:  21
-----------------------------------------
| time/                   |             |
|    fps                  | 145         |
|    iterations           | 10          |
|    time_elapsed         | 140         |
|    total_timesteps      | 20480       |
| train/                  |             |
|    approx_kl            | 0.006276662 |
|    clip_fraction        | 0.0588      |
|    clip_range           | 0.2         |
|    entropy_loss         | -2.83       |
|    explained_variance   | 0           |
|    learning_rate        | 0.0003      |
|    loss                 | -0.00502    |
|    n_updates            | 90          |
|    policy_gradient_loss | -0.00328    |
|    reward               | 0.07047184  |
|    std                  | 1           |
|    value_loss           | 0.00667     |
-----------------------------------------
EPISODE:  22
EPISODE:  23
-----------------------------------------
| time/                   |             |
|    fps                  | 143         |
|    iterations           | 11          |
|    time_elapsed         | 156         |
|    total_timesteps      | 22528       |
| train/                  |             |
|    approx_kl            | 0.002886598 |
|    clip_fraction        | 0.0275      |
|    clip_range           | 0.2         |
|    entropy_loss         | -2.84       |
|    explained_variance   | 0           |
|    learning_rate        | 0.0003      |
|    loss                 | 0.00531     |
|    n_updates            | 100         |
|    policy_gradient_loss | -0.000134   |
|    reward               | -0.04105933 |
|    std                  | 0.998       |
|    value_loss           | 0.00782     |
-----------------------------------------
EPISODE:  24
EPISODE:  25
------------------------------------------
| time/                   |              |
|    fps                  | 140          |
|    iterations           | 12           |
|    time_elapsed         | 175          |
|    total_timesteps      | 24576        |
| train/                  |              |
|    approx_kl            | 0.005620326  |
|    clip_fraction        | 0.0643       |
|    clip_range           | 0.2          |
|    entropy_loss         | -2.84        |
|    explained_variance   | 0            |
|    learning_rate        | 0.0003       |
|    loss                 | 0.00546      |
|    n_updates            | 110          |
|    policy_gradient_loss | -0.00273     |
|    reward               | -0.029631268 |
|    std                  | 1.01         |
|    value_loss           | 0.00711      |
------------------------------------------
EPISODE:  26
EPISODE:  27
------------------------------------------
| time/                   |              |
|    fps                  | 139          |
|    iterations           | 13           |
|    time_elapsed         | 190          |
|    total_timesteps      | 26624        |
| train/                  |              |
|    approx_kl            | 0.0061813565 |
|    clip_fraction        | 0.0516       |
|    clip_range           | 0.2          |
|    entropy_loss         | -2.86        |
|    explained_variance   | 0            |
|    learning_rate        | 0.0003       |
|    loss                 | 0.00313      |
|    n_updates            | 120          |
|    policy_gradient_loss | -0.00143     |
|    reward               | 0.006172418  |
|    std                  | 1.01         |
|    value_loss           | 0.00879      |
------------------------------------------
EPISODE:  28
EPISODE:  29
-----------------------------------------
| time/                   |             |
|    fps                  | 138         |
|    iterations           | 14          |
|    time_elapsed         | 207         |
|    total_timesteps      | 28672       |
| train/                  |             |
|    approx_kl            | 0.010388808 |
|    clip_fraction        | 0.0627      |
|    clip_range           | 0.2         |
|    entropy_loss         | -2.86       |
|    explained_variance   | 0           |
|    learning_rate        | 0.0003      |
|    loss                 | 0.0174      |
|    n_updates            | 130         |
|    policy_gradient_loss | 0.00188     |
|    reward               | 0.057587523 |
|    std                  | 1.01        |
|    value_loss           | 0.00866     |
-----------------------------------------
EPISODE:  30
EPISODE:  31
------------------------------------------
| time/                   |              |
|    fps                  | 136          |
|    iterations           | 15           |
|    time_elapsed         | 224          |
|    total_timesteps      | 30720        |
| train/                  |              |
|    approx_kl            | 0.0068947533 |
|    clip_fraction        | 0.0739       |
|    clip_range           | 0.2          |
|    entropy_loss         | -2.85        |
|    explained_variance   | 0            |
|    learning_rate        | 0.0003       |
|    loss                 | 0.0345       |
|    n_updates            | 140          |
|    policy_gradient_loss | 7.82e-05     |
|    reward               | 0.020057736  |
|    std                  | 1            |
|    value_loss           | 0.00766      |
------------------------------------------
EPISODE:  32
EPISODE:  33
EPISODE:  34
-----------------------------------------
| time/                   |             |
|    fps                  | 134         |
|    iterations           | 16          |
|    time_elapsed         | 243         |
|    total_timesteps      | 32768       |
| train/                  |             |
|    approx_kl            | 0.017869614 |
|    clip_fraction        | 0.073       |
|    clip_range           | 0.2         |
|    entropy_loss         | -2.84       |
|    explained_variance   | 0           |
|    learning_rate        | 0.0003      |
|    loss                 | 0.0139      |
|    n_updates            | 150         |
|    policy_gradient_loss | 0.00345     |
|    reward               | -0.03351885 |
|    std                  | 1           |
|    value_loss           | 0.00858     |
-----------------------------------------
EPISODE:  35
EPISODE:  36
-----------------------------------------
| time/                   |             |
|    fps                  | 132         |
|    iterations           | 17          |
|    time_elapsed         | 261         |
|    total_timesteps      | 34816       |
| train/                  |             |
|    approx_kl            | 0.008779725 |
|    clip_fraction        | 0.0706      |
|    clip_range           | 0.2         |
|    entropy_loss         | -2.83       |
|    explained_variance   | 0           |
|    learning_rate        | 0.0003      |
|    loss                 | 0.00672     |
|    n_updates            | 160         |
|    policy_gradient_loss | 0.0019      |
|    reward               | 0.041434955 |
|    std                  | 0.992       |
|    value_loss           | 0.00752     |
-----------------------------------------
EPISODE:  37
EPISODE:  38
-----------------------------------------
| time/                   |             |
|    fps                  | 132         |
|    iterations           | 18          |
|    time_elapsed         | 278         |
|    total_timesteps      | 36864       |
| train/                  |             |
|    approx_kl            | 0.009876091 |
|    clip_fraction        | 0.0905      |
|    clip_range           | 0.2         |
|    entropy_loss         | -2.82       |
|    explained_variance   | 0           |
|    learning_rate        | 0.0003      |
|    loss                 | 0.00893     |
|    n_updates            | 170         |
|    policy_gradient_loss | 0.00373     |
|    reward               | 0.022069735 |
|    std                  | 0.993       |
|    value_loss           | 0.00822     |
-----------------------------------------
EPISODE:  39
EPISODE:  40
------------------------------------------
| time/                   |              |
|    fps                  | 130          |
|    iterations           | 19           |
|    time_elapsed         | 297          |
|    total_timesteps      | 38912        |
| train/                  |              |
|    approx_kl            | 0.008678842  |
|    clip_fraction        | 0.0707       |
|    clip_range           | 0.2          |
|    entropy_loss         | -2.83        |
|    explained_variance   | -1.19e-07    |
|    learning_rate        | 0.0003       |
|    loss                 | 0.0139       |
|    n_updates            | 180          |
|    policy_gradient_loss | 0.00246      |
|    reward               | -0.067783855 |
|    std                  | 0.996        |
|    value_loss           | 0.00907      |
------------------------------------------
EPISODE:  41
EPISODE:  42
-----------------------------------------
| time/                   |             |
|    fps                  | 128         |
|    iterations           | 20          |
|    time_elapsed         | 318         |
|    total_timesteps      | 40960       |
| train/                  |             |
|    approx_kl            | 0.009779874 |
|    clip_fraction        | 0.0702      |
|    clip_range           | 0.2         |
|    entropy_loss         | -2.83       |
|    explained_variance   | 0           |
|    learning_rate        | 0.0003      |
|    loss                 | -0.0147     |
|    n_updates            | 190         |
|    policy_gradient_loss | 0.00169     |
|    reward               | -0.02481735 |
|    std                  | 0.996       |
|    value_loss           | 0.0088      |
-----------------------------------------
EPISODE:  43
EPISODE:  44
------------------------------------------
| time/                   |              |
|    fps                  | 127          |
|    iterations           | 21           |
|    time_elapsed         | 338          |
|    total_timesteps      | 43008        |
| train/                  |              |
|    approx_kl            | 0.0052579064 |
|    clip_fraction        | 0.0655       |
|    clip_range           | 0.2          |
|    entropy_loss         | -2.84        |
|    explained_variance   | 1.19e-07     |
|    learning_rate        | 0.0003       |
|    loss                 | -0.0116      |
|    n_updates            | 200          |
|    policy_gradient_loss | 0.00241      |
|    reward               | 0.011426261  |
|    std                  | 1.01         |
|    value_loss           | 0.0074       |
------------------------------------------
EPISODE:  45
EPISODE:  46
-------------------------------------------
| time/                   |               |
|    fps                  | 126           |
|    iterations           | 22            |
|    time_elapsed         | 356           |
|    total_timesteps      | 45056         |
| train/                  |               |
|    approx_kl            | 0.011427423   |
|    clip_fraction        | 0.113         |
|    clip_range           | 0.2           |
|    entropy_loss         | -2.84         |
|    explained_variance   | 0             |
|    learning_rate        | 0.0003        |
|    loss                 | -0.0165       |
|    n_updates            | 210           |
|    policy_gradient_loss | 0.011         |
|    reward               | -0.0047119847 |
|    std                  | 0.996         |
|    value_loss           | 0.00721       |
-------------------------------------------
EPISODE:  47
EPISODE:  48
------------------------------------------
| time/                   |              |
|    fps                  | 125          |
|    iterations           | 23           |
|    time_elapsed         | 376          |
|    total_timesteps      | 47104        |
| train/                  |              |
|    approx_kl            | 0.0069795027 |
|    clip_fraction        | 0.0849       |
|    clip_range           | 0.2          |
|    entropy_loss         | -2.83        |
|    explained_variance   | 0            |
|    learning_rate        | 0.0003       |
|    loss                 | 0.00951      |
|    n_updates            | 220          |
|    policy_gradient_loss | 0.00255      |
|    reward               | 0.016853955  |
|    std                  | 0.993        |
|    value_loss           | 0.00945      |
------------------------------------------
EPISODE:  49
EPISODE:  50
----------------------------------------
| time/                   |            |
|    fps                  | 124        |
|    iterations           | 24         |
|    time_elapsed         | 396        |
|    total_timesteps      | 49152      |
| train/                  |            |
|    approx_kl            | 0.01764276 |
|    clip_fraction        | 0.0818     |
|    clip_range           | 0.2        |
|    entropy_loss         | -2.82      |
|    explained_variance   | 0          |
|    learning_rate        | 0.0003     |
|    loss                 | 0.00932    |
|    n_updates            | 230        |
|    policy_gradient_loss | 0.00874    |
|    reward               | 0.03737564 |
|    std                  | 0.993      |
|    value_loss           | 0.00822    |
----------------------------------------
EPISODE:  51
EPISODE:  52
-----------------------------------------
| time/                   |             |
|    fps                  | 122         |
|    iterations           | 25          |
|    time_elapsed         | 417         |
|    total_timesteps      | 51200       |
| train/                  |             |
|    approx_kl            | 0.011978844 |
|    clip_fraction        | 0.0754      |
|    clip_range           | 0.2         |
|    entropy_loss         | -2.82       |
|    explained_variance   | 0           |
|    learning_rate        | 0.0003      |
|    loss                 | -0.00587    |
|    n_updates            | 240         |
|    policy_gradient_loss | 0.00259     |
|    reward               | -0.05118915 |
|    std                  | 0.989       |
|    value_loss           | 0.00684     |
-----------------------------------------
Saved episode log to Results\250619_hc_binary_udp_noise\ppo\periodic_noise\training_logs\10.csv
