EPISODE:  0
{'batch_size': 128, 'buffer_size': 1000000, 'learning_rate': 0.0001, 'learning_starts': 100, 'ent_coef': 'auto_0.1'}
Using cuda device
EPISODE:  1
EPISODE:  2
EPISODE:  3
EPISODE:  4
EPISODE:  5
----------------------------------
| time/              |           |
|    episodes        | 4         |
|    fps             | 9         |
|    time_elapsed    | 435       |
|    total_timesteps | 4000      |
| train/             |           |
|    actor_loss      | -1.71e+04 |
|    critic_loss     | 9.2e+03   |
|    ent_coef        | 0.149     |
|    ent_coef_loss   | 78.6      |
|    learning_rate   | 0.0001    |
|    n_updates       | 3899      |
|    reward          | 968.00336 |
----------------------------------
EPISODE:  6
EPISODE:  7
EPISODE:  8
EPISODE:  9
----------------------------------
| time/              |           |
|    episodes        | 8         |
|    fps             | 9         |
|    time_elapsed    | 883       |
|    total_timesteps | 8000      |
| train/             |           |
|    actor_loss      | -3.17e+04 |
|    critic_loss     | 4.53e+04  |
|    ent_coef        | 0.222     |
|    ent_coef_loss   | 62.2      |
|    learning_rate   | 0.0001    |
|    n_updates       | 7899      |
|    reward          | 968.00336 |
----------------------------------
EPISODE:  10
EPISODE:  11
EPISODE:  12
EPISODE:  13
----------------------------------
| time/              |           |
|    episodes        | 12        |
|    fps             | 9         |
|    time_elapsed    | 1331      |
|    total_timesteps | 12000     |
| train/             |           |
|    actor_loss      | -4.3e+04  |
|    critic_loss     | 6.46e+04  |
|    ent_coef        | 0.331     |
|    ent_coef_loss   | 45.6      |
|    learning_rate   | 0.0001    |
|    n_updates       | 11899     |
|    reward          | 968.00336 |
----------------------------------
EPISODE:  14
EPISODE:  15
EPISODE:  16
EPISODE:  17
----------------------------------
| time/              |           |
|    episodes        | 16        |
|    fps             | 8         |
|    time_elapsed    | 1779      |
|    total_timesteps | 16000     |
| train/             |           |
|    actor_loss      | -5.23e+04 |
|    critic_loss     | 1.27e+05  |
|    ent_coef        | 0.494     |
|    ent_coef_loss   | 29.1      |
|    learning_rate   | 0.0001    |
|    n_updates       | 15899     |
|    reward          | 968.00336 |
----------------------------------
EPISODE:  18
EPISODE:  19
EPISODE:  20
EPISODE:  21
----------------------------------
| time/              |           |
|    episodes        | 20        |
|    fps             | 8         |
|    time_elapsed    | 2263      |
|    total_timesteps | 20000     |
| train/             |           |
|    actor_loss      | -5.96e+04 |
|    critic_loss     | 1.35e+05  |
|    ent_coef        | 0.737     |
|    ent_coef_loss   | 12.6      |
|    learning_rate   | 0.0001    |
|    n_updates       | 19899     |
|    reward          | 968.00336 |
----------------------------------
EPISODE:  22
EPISODE:  23
EPISODE:  24
EPISODE:  25
----------------------------------
| time/              |           |
|    episodes        | 24        |
|    fps             | 8         |
|    time_elapsed    | 2760      |
|    total_timesteps | 24000     |
| train/             |           |
|    actor_loss      | -6.52e+04 |
|    critic_loss     | 1.66e+05  |
|    ent_coef        | 1.1       |
|    ent_coef_loss   | -3.93     |
|    learning_rate   | 0.0001    |
|    n_updates       | 23899     |
|    reward          | 968.00336 |
----------------------------------
EPISODE:  26
EPISODE:  27
EPISODE:  28
EPISODE:  29
----------------------------------
| time/              |           |
|    episodes        | 28        |
|    fps             | 8         |
|    time_elapsed    | 3255      |
|    total_timesteps | 28000     |
| train/             |           |
|    actor_loss      | -6.93e+04 |
|    critic_loss     | 2.99e+05  |
|    ent_coef        | 1.64      |
|    ent_coef_loss   | -20.5     |
|    learning_rate   | 0.0001    |
|    n_updates       | 27899     |
|    reward          | 968.00336 |
----------------------------------
EPISODE:  30
EPISODE:  31
EPISODE:  32
EPISODE:  33
----------------------------------
| time/              |           |
|    episodes        | 32        |
|    fps             | 8         |
|    time_elapsed    | 3752      |
|    total_timesteps | 32000     |
| train/             |           |
|    actor_loss      | -7.21e+04 |
|    critic_loss     | 2.28e+05  |
|    ent_coef        | 2.45      |
|    ent_coef_loss   | -36.9     |
|    learning_rate   | 0.0001    |
|    n_updates       | 31899     |
|    reward          | 968.00336 |
----------------------------------
EPISODE:  34
EPISODE:  35
EPISODE:  36
EPISODE:  37
----------------------------------
| time/              |           |
|    episodes        | 36        |
|    fps             | 8         |
|    time_elapsed    | 4247      |
|    total_timesteps | 36000     |
| train/             |           |
|    actor_loss      | -7.37e+04 |
|    critic_loss     | 2.24e+05  |
|    ent_coef        | 3.65      |
|    ent_coef_loss   | -53.3     |
|    learning_rate   | 0.0001    |
|    n_updates       | 35899     |
|    reward          | 968.00336 |
----------------------------------
EPISODE:  38
EPISODE:  39
EPISODE:  40
EPISODE:  41
----------------------------------
| time/              |           |
|    episodes        | 40        |
|    fps             | 8         |
|    time_elapsed    | 4743      |
|    total_timesteps | 40000     |
| train/             |           |
|    actor_loss      | -7.36e+04 |
|    critic_loss     | 2.38e+05  |
|    ent_coef        | 5.45      |
|    ent_coef_loss   | -70.1     |
|    learning_rate   | 0.0001    |
|    n_updates       | 39899     |
|    reward          | 968.00336 |
----------------------------------
EPISODE:  42
EPISODE:  43
EPISODE:  44
EPISODE:  45
----------------------------------
| time/              |           |
|    episodes        | 44        |
|    fps             | 8         |
|    time_elapsed    | 5238      |
|    total_timesteps | 44000     |
| train/             |           |
|    actor_loss      | -7.16e+04 |
|    critic_loss     | 2.36e+05  |
|    ent_coef        | 8.13      |
|    ent_coef_loss   | -86.5     |
|    learning_rate   | 0.0001    |
|    n_updates       | 43899     |
|    reward          | 968.00336 |
----------------------------------
EPISODE:  46
EPISODE:  47
EPISODE:  48
EPISODE:  49
----------------------------------
| time/              |           |
|    episodes        | 48        |
|    fps             | 8         |
|    time_elapsed    | 5734      |
|    total_timesteps | 48000     |
| train/             |           |
|    actor_loss      | -6.82e+04 |
|    critic_loss     | 2.47e+05  |
|    ent_coef        | 12.1      |
|    ent_coef_loss   | -103      |
|    learning_rate   | 0.0001    |
|    n_updates       | 47899     |
|    reward          | 968.00336 |
----------------------------------
EPISODE:  50
EPISODE:  51
EPISODE:  52
EPISODE:  53
----------------------------------
| time/              |           |
|    episodes        | 52        |
|    fps             | 8         |
|    time_elapsed    | 6230      |
|    total_timesteps | 52000     |
| train/             |           |
|    actor_loss      | -5.97e+04 |
|    critic_loss     | 2.49e+07  |
|    ent_coef        | 18.1      |
|    ent_coef_loss   | -120      |
|    learning_rate   | 0.0001    |
|    n_updates       | 51899     |
|    reward          | 968.00336 |
----------------------------------
EPISODE:  54
EPISODE:  55
EPISODE:  56
EPISODE:  57
----------------------------------
| time/              |           |
|    episodes        | 56        |
|    fps             | 8         |
|    time_elapsed    | 6726      |
|    total_timesteps | 56000     |
| train/             |           |
|    actor_loss      | -4.87e+04 |
|    critic_loss     | 1.61e+05  |
|    ent_coef        | 27        |
|    ent_coef_loss   | -136      |
|    learning_rate   | 0.0001    |
|    n_updates       | 55899     |
|    reward          | 968.00336 |
----------------------------------
EPISODE:  58
EPISODE:  59
EPISODE:  60
EPISODE:  61
----------------------------------
| time/              |           |
|    episodes        | 60        |
|    fps             | 8         |
|    time_elapsed    | 7222      |
|    total_timesteps | 60000     |
| train/             |           |
|    actor_loss      | -3.01e+04 |
|    critic_loss     | 8.12e+04  |
|    ent_coef        | 40.2      |
|    ent_coef_loss   | -153      |
|    learning_rate   | 0.0001    |
|    n_updates       | 59899     |
|    reward          | 968.00336 |
----------------------------------
EPISODE:  62
EPISODE:  63
EPISODE:  64
EPISODE:  65
----------------------------------
| time/              |           |
|    episodes        | 64        |
|    fps             | 8         |
|    time_elapsed    | 7719      |
|    total_timesteps | 64000     |
| train/             |           |
|    actor_loss      | -1.65e+03 |
|    critic_loss     | 2.59e+04  |
|    ent_coef        | 60        |
|    ent_coef_loss   | -169      |
|    learning_rate   | 0.0001    |
|    n_updates       | 63899     |
|    reward          | 968.00336 |
----------------------------------
EPISODE:  66
EPISODE:  67
EPISODE:  68
EPISODE:  69
----------------------------------
| time/              |           |
|    episodes        | 68        |
|    fps             | 8         |
|    time_elapsed    | 8215      |
|    total_timesteps | 68000     |
| train/             |           |
|    actor_loss      | 3.92e+04  |
|    critic_loss     | 1.59e+04  |
|    ent_coef        | 89.6      |
|    ent_coef_loss   | -186      |
|    learning_rate   | 0.0001    |
|    n_updates       | 67899     |
|    reward          | 968.00336 |
----------------------------------
EPISODE:  70
EPISODE:  71
EPISODE:  72
EPISODE:  73
----------------------------------
| time/              |           |
|    episodes        | 72        |
|    fps             | 8         |
|    time_elapsed    | 8712      |
|    total_timesteps | 72000     |
| train/             |           |
|    actor_loss      | 1.02e+05  |
|    critic_loss     | 6.98e+07  |
|    ent_coef        | 134       |
|    ent_coef_loss   | -202      |
|    learning_rate   | 0.0001    |
|    n_updates       | 71899     |
|    reward          | 968.00336 |
----------------------------------
EPISODE:  74
EPISODE:  75
EPISODE:  76
EPISODE:  77
----------------------------------
| time/              |           |
|    episodes        | 76        |
|    fps             | 8         |
|    time_elapsed    | 9208      |
|    total_timesteps | 76000     |
| train/             |           |
|    actor_loss      | 1.96e+05  |
|    critic_loss     | 1.22e+06  |
|    ent_coef        | 200       |
|    ent_coef_loss   | -219      |
|    learning_rate   | 0.0001    |
|    n_updates       | 75899     |
|    reward          | 968.00336 |
----------------------------------
EPISODE:  78
EPISODE:  79
EPISODE:  80
EPISODE:  81
----------------------------------
| time/              |           |
|    episodes        | 80        |
|    fps             | 8         |
|    time_elapsed    | 9705      |
|    total_timesteps | 80000     |
| train/             |           |
|    actor_loss      | 3.37e+05  |
|    critic_loss     | 2.29e+06  |
|    ent_coef        | 298       |
|    ent_coef_loss   | -235      |
|    learning_rate   | 0.0001    |
|    n_updates       | 79899     |
|    reward          | 968.00336 |
----------------------------------
EPISODE:  82
EPISODE:  83
EPISODE:  84
EPISODE:  85
----------------------------------
| time/              |           |
|    episodes        | 84        |
|    fps             | 8         |
|    time_elapsed    | 10202     |
|    total_timesteps | 84000     |
| train/             |           |
|    actor_loss      | 5.49e+05  |
|    critic_loss     | 2.02e+09  |
|    ent_coef        | 445       |
|    ent_coef_loss   | -252      |
|    learning_rate   | 0.0001    |
|    n_updates       | 83899     |
|    reward          | 968.00336 |
----------------------------------
EPISODE:  86
EPISODE:  87
EPISODE:  88
EPISODE:  89
----------------------------------
| time/              |           |
|    episodes        | 88        |
|    fps             | 8         |
|    time_elapsed    | 10699     |
|    total_timesteps | 88000     |
| train/             |           |
|    actor_loss      | 8.63e+05  |
|    critic_loss     | 1.64e+07  |
|    ent_coef        | 664       |
|    ent_coef_loss   | -269      |
|    learning_rate   | 0.0001    |
|    n_updates       | 87899     |
|    reward          | 968.00336 |
----------------------------------
EPISODE:  90
EPISODE:  91
EPISODE:  92
EPISODE:  93
----------------------------------
| time/              |           |
|    episodes        | 92        |
|    fps             | 8         |
|    time_elapsed    | 11196     |
|    total_timesteps | 92000     |
| train/             |           |
|    actor_loss      | 1.33e+06  |
|    critic_loss     | 5.7e+07   |
|    ent_coef        | 991       |
|    ent_coef_loss   | -285      |
|    learning_rate   | 0.0001    |
|    n_updates       | 91899     |
|    reward          | 968.00336 |
----------------------------------
EPISODE:  94
EPISODE:  95
EPISODE:  96
EPISODE:  97
----------------------------------
| time/              |           |
|    episodes        | 96        |
|    fps             | 8         |
|    time_elapsed    | 11691     |
|    total_timesteps | 96000     |
| train/             |           |
|    actor_loss      | 2.02e+06  |
|    critic_loss     | 2.75e+10  |
|    ent_coef        | 1.48e+03  |
|    ent_coef_loss   | -301      |
|    learning_rate   | 0.0001    |
|    n_updates       | 95899     |
|    reward          | 968.00336 |
----------------------------------
EPISODE:  98
EPISODE:  99
EPISODE:  100
EPISODE:  101
----------------------------------
| time/              |           |
|    episodes        | 100       |
|    fps             | 8         |
|    time_elapsed    | 12189     |
|    total_timesteps | 100000    |
| train/             |           |
|    actor_loss      | 3.05e+06  |
|    critic_loss     | 2.71e+08  |
|    ent_coef        | 2.21e+03  |
|    ent_coef_loss   | -318      |
|    learning_rate   | 0.0001    |
|    n_updates       | 99899     |
|    reward          | 968.00336 |
----------------------------------
EPISODE:  102
EPISODE:  103
EPISODE:  104
EPISODE:  105
----------------------------------
| time/              |           |
|    episodes        | 104       |
|    fps             | 8         |
|    time_elapsed    | 12685     |
|    total_timesteps | 104000    |
| train/             |           |
|    actor_loss      | 4.62e+06  |
|    critic_loss     | 6.2e+08   |
|    ent_coef        | 3.3e+03   |
|    ent_coef_loss   | -334      |
|    learning_rate   | 0.0001    |
|    n_updates       | 103899    |
|    reward          | 968.00336 |
----------------------------------
EPISODE:  106
EPISODE:  107
EPISODE:  108
EPISODE:  109
----------------------------------
| time/              |           |
|    episodes        | 108       |
|    fps             | 8         |
|    time_elapsed    | 13183     |
|    total_timesteps | 108000    |
| train/             |           |
|    actor_loss      | 6.9e+06   |
|    critic_loss     | 1.41e+09  |
|    ent_coef        | 4.92e+03  |
|    ent_coef_loss   | -350      |
|    learning_rate   | 0.0001    |
|    n_updates       | 107899    |
|    reward          | 968.00336 |
----------------------------------
EPISODE:  110
EPISODE:  111
EPISODE:  112
EPISODE:  113
----------------------------------
| time/              |           |
|    episodes        | 112       |
|    fps             | 8         |
|    time_elapsed    | 13679     |
|    total_timesteps | 112000    |
| train/             |           |
|    actor_loss      | 1.03e+07  |
|    critic_loss     | 7.12e+11  |
|    ent_coef        | 7.34e+03  |
|    ent_coef_loss   | -368      |
|    learning_rate   | 0.0001    |
|    n_updates       | 111899    |
|    reward          | 968.00336 |
----------------------------------
EPISODE:  114
EPISODE:  115
EPISODE:  116
EPISODE:  117
----------------------------------
| time/              |           |
|    episodes        | 116       |
|    fps             | 8         |
|    time_elapsed    | 14177     |
|    total_timesteps | 116000    |
| train/             |           |
|    actor_loss      | 1.53e+07  |
|    critic_loss     | 8.67e+09  |
|    ent_coef        | 1.1e+04   |
|    ent_coef_loss   | -384      |
|    learning_rate   | 0.0001    |
|    n_updates       | 115899    |
|    reward          | 968.00336 |
----------------------------------
EPISODE:  118
EPISODE:  119
EPISODE:  120
EPISODE:  121
----------------------------------
| time/              |           |
|    episodes        | 120       |
|    fps             | 8         |
|    time_elapsed    | 14673     |
|    total_timesteps | 120000    |
| train/             |           |
|    actor_loss      | 2.29e+07  |
|    critic_loss     | 1.55e+10  |
|    ent_coef        | 1.64e+04  |
|    ent_coef_loss   | -400      |
|    learning_rate   | 0.0001    |
|    n_updates       | 119899    |
|    reward          | 968.00336 |
----------------------------------
EPISODE:  122
EPISODE:  123
EPISODE:  124
EPISODE:  125
----------------------------------
| time/              |           |
|    episodes        | 124       |
|    fps             | 8         |
|    time_elapsed    | 15170     |
|    total_timesteps | 124000    |
| train/             |           |
|    actor_loss      | 3.4e+07   |
|    critic_loss     | 4.24e+10  |
|    ent_coef        | 2.44e+04  |
|    ent_coef_loss   | -417      |
|    learning_rate   | 0.0001    |
|    n_updates       | 123899    |
|    reward          | 968.00336 |
----------------------------------
EPISODE:  126
EPISODE:  127
EPISODE:  128
EPISODE:  129
----------------------------------
| time/              |           |
|    episodes        | 128       |
|    fps             | 8         |
|    time_elapsed    | 15666     |
|    total_timesteps | 128000    |
| train/             |           |
|    actor_loss      | 5.04e+07  |
|    critic_loss     | 9.43e+10  |
|    ent_coef        | 3.64e+04  |
|    ent_coef_loss   | -434      |
|    learning_rate   | 0.0001    |
|    n_updates       | 127899    |
|    reward          | 968.00336 |
----------------------------------
EPISODE:  130
EPISODE:  131
EPISODE:  132
EPISODE:  133
----------------------------------
| time/              |           |
|    episodes        | 132       |
|    fps             | 8         |
|    time_elapsed    | 16164     |
|    total_timesteps | 132000    |
| train/             |           |
|    actor_loss      | 7.46e+07  |
|    critic_loss     | 3.71e+13  |
|    ent_coef        | 5.44e+04  |
|    ent_coef_loss   | -451      |
|    learning_rate   | 0.0001    |
|    n_updates       | 131899    |
|    reward          | 968.00336 |
----------------------------------
EPISODE:  134
EPISODE:  135
EPISODE:  136
EPISODE:  137
----------------------------------
| time/              |           |
|    episodes        | 136       |
|    fps             | 8         |
|    time_elapsed    | 16660     |
|    total_timesteps | 136000    |
| train/             |           |
|    actor_loss      | 1.1e+08   |
|    critic_loss     | 8.09e+13  |
|    ent_coef        | 8.12e+04  |
|    ent_coef_loss   | -467      |
|    learning_rate   | 0.0001    |
|    n_updates       | 135899    |
|    reward          | 968.00336 |
----------------------------------
EPISODE:  138
EPISODE:  139
EPISODE:  140
EPISODE:  141
----------------------------------
| time/              |           |
|    episodes        | 140       |
|    fps             | 8         |
|    time_elapsed    | 17158     |
|    total_timesteps | 140000    |
| train/             |           |
|    actor_loss      | 1.62e+08  |
|    critic_loss     | 1.93e+12  |
|    ent_coef        | 1.21e+05  |
|    ent_coef_loss   | -483      |
|    learning_rate   | 0.0001    |
|    n_updates       | 139899    |
|    reward          | 968.00336 |
----------------------------------
EPISODE:  142
EPISODE:  143
EPISODE:  144
EPISODE:  145
----------------------------------
| time/              |           |
|    episodes        | 144       |
|    fps             | 8         |
|    time_elapsed    | 17656     |
|    total_timesteps | 144000    |
| train/             |           |
|    actor_loss      | 2.36e+08  |
|    critic_loss     | 7.33e+12  |
|    ent_coef        | 1.81e+05  |
|    ent_coef_loss   | -500      |
|    learning_rate   | 0.0001    |
|    n_updates       | 143899    |
|    reward          | 968.00336 |
----------------------------------
EPISODE:  146
EPISODE:  147
EPISODE:  148
EPISODE:  149
----------------------------------
| time/              |           |
|    episodes        | 148       |
|    fps             | 8         |
|    time_elapsed    | 18152     |
|    total_timesteps | 148000    |
| train/             |           |
|    actor_loss      | 3.37e+08  |
|    critic_loss     | 5.18e+13  |
|    ent_coef        | 2.7e+05   |
|    ent_coef_loss   | -516      |
|    learning_rate   | 0.0001    |
|    n_updates       | 147899    |
|    reward          | 968.00336 |
----------------------------------
EPISODE:  150
EPISODE:  151
EPISODE:  152
EPISODE:  153
----------------------------------
| time/              |           |
|    episodes        | 152       |
|    fps             | 8         |
|    time_elapsed    | 18650     |
|    total_timesteps | 152000    |
| train/             |           |
|    actor_loss      | 4.76e+08  |
|    critic_loss     | 3.49e+14  |
|    ent_coef        | 4.03e+05  |
|    ent_coef_loss   | -533      |
|    learning_rate   | 0.0001    |
|    n_updates       | 151899    |
|    reward          | 968.00336 |
----------------------------------
EPISODE:  154
EPISODE:  155
EPISODE:  156
EPISODE:  157
----------------------------------
| time/              |           |
|    episodes        | 156       |
|    fps             | 8         |
|    time_elapsed    | 19147     |
|    total_timesteps | 156000    |
| train/             |           |
|    actor_loss      | 6.48e+08  |
|    critic_loss     | 1.77e+15  |
|    ent_coef        | 6.02e+05  |
|    ent_coef_loss   | -550      |
|    learning_rate   | 0.0001    |
|    n_updates       | 155899    |
|    reward          | 968.00336 |
----------------------------------
EPISODE:  158
EPISODE:  159
EPISODE:  160
EPISODE:  161
----------------------------------
| time/              |           |
|    episodes        | 160       |
|    fps             | 8         |
|    time_elapsed    | 19645     |
|    total_timesteps | 160000    |
| train/             |           |
|    actor_loss      | 8.62e+08  |
|    critic_loss     | 6.2e+15   |
|    ent_coef        | 8.98e+05  |
|    ent_coef_loss   | -565      |
|    learning_rate   | 0.0001    |
|    n_updates       | 159899    |
|    reward          | 968.00336 |
----------------------------------
EPISODE:  162
EPISODE:  163
EPISODE:  164
EPISODE:  165
----------------------------------
| time/              |           |
|    episodes        | 164       |
|    fps             | 8         |
|    time_elapsed    | 20142     |
|    total_timesteps | 164000    |
| train/             |           |
|    actor_loss      | 1.13e+09  |
|    critic_loss     | 1.78e+16  |
|    ent_coef        | 1.34e+06  |
|    ent_coef_loss   | -583      |
|    learning_rate   | 0.0001    |
|    n_updates       | 163899    |
|    reward          | 968.00336 |
----------------------------------
EPISODE:  166
EPISODE:  167
EPISODE:  168
EPISODE:  169
----------------------------------
| time/              |           |
|    episodes        | 168       |
|    fps             | 8         |
|    time_elapsed    | 20640     |
|    total_timesteps | 168000    |
| train/             |           |
|    actor_loss      | 1.44e+09  |
|    critic_loss     | 4.21e+16  |
|    ent_coef        | 2e+06     |
|    ent_coef_loss   | -600      |
|    learning_rate   | 0.0001    |
|    n_updates       | 167899    |
|    reward          | 968.00336 |
----------------------------------
EPISODE:  170
EPISODE:  171
EPISODE:  172
EPISODE:  173
----------------------------------
| time/              |           |
|    episodes        | 172       |
|    fps             | 8         |
|    time_elapsed    | 21136     |
|    total_timesteps | 172000    |
| train/             |           |
|    actor_loss      | 1.8e+09   |
|    critic_loss     | 9.06e+16  |
|    ent_coef        | 2.99e+06  |
|    ent_coef_loss   | -617      |
|    learning_rate   | 0.0001    |
|    n_updates       | 171899    |
|    reward          | 968.00336 |
----------------------------------
EPISODE:  174
EPISODE:  175
EPISODE:  176
EPISODE:  177
----------------------------------
| time/              |           |
|    episodes        | 176       |
|    fps             | 8         |
|    time_elapsed    | 21635     |
|    total_timesteps | 176000    |
| train/             |           |
|    actor_loss      | 2.24e+09  |
|    critic_loss     | 2.03e+17  |
|    ent_coef        | 4.46e+06  |
|    ent_coef_loss   | -634      |
|    learning_rate   | 0.0001    |
|    n_updates       | 175899    |
|    reward          | 968.00336 |
----------------------------------
EPISODE:  178
EPISODE:  179
EPISODE:  180
EPISODE:  181
----------------------------------
| time/              |           |
|    episodes        | 180       |
|    fps             | 8         |
|    time_elapsed    | 22131     |
|    total_timesteps | 180000    |
| train/             |           |
|    actor_loss      | 2.75e+09  |
|    critic_loss     | 3.52e+17  |
|    ent_coef        | 6.65e+06  |
|    ent_coef_loss   | -649      |
|    learning_rate   | 0.0001    |
|    n_updates       | 179899    |
|    reward          | 968.00336 |
----------------------------------
EPISODE:  182
EPISODE:  183
EPISODE:  184
EPISODE:  185
----------------------------------
| time/              |           |
|    episodes        | 184       |
|    fps             | 8         |
|    time_elapsed    | 22629     |
|    total_timesteps | 184000    |
| train/             |           |
|    actor_loss      | 3.35e+09  |
|    critic_loss     | 6.62e+17  |
|    ent_coef        | 9.92e+06  |
|    ent_coef_loss   | -666      |
|    learning_rate   | 0.0001    |
|    n_updates       | 183899    |
|    reward          | 968.00336 |
----------------------------------
EPISODE:  186
EPISODE:  187
EPISODE:  188
EPISODE:  189
----------------------------------
| time/              |           |
|    episodes        | 188       |
|    fps             | 8         |
|    time_elapsed    | 23125     |
|    total_timesteps | 188000    |
| train/             |           |
|    actor_loss      | 4.12e+09  |
|    critic_loss     | 1.25e+18  |
|    ent_coef        | 1.48e+07  |
|    ent_coef_loss   | -683      |
|    learning_rate   | 0.0001    |
|    n_updates       | 187899    |
|    reward          | 968.00336 |
----------------------------------
EPISODE:  190
EPISODE:  191
EPISODE:  192
EPISODE:  193
----------------------------------
| time/              |           |
|    episodes        | 192       |
|    fps             | 8         |
|    time_elapsed    | 23622     |
|    total_timesteps | 192000    |
| train/             |           |
|    actor_loss      | 4.99e+09  |
|    critic_loss     | 2.45e+18  |
|    ent_coef        | 2.19e+07  |
|    ent_coef_loss   | -697      |
|    learning_rate   | 0.0001    |
|    n_updates       | 191899    |
|    reward          | 968.00336 |
----------------------------------
EPISODE:  194
EPISODE:  195
EPISODE:  196
EPISODE:  197
----------------------------------
| time/              |           |
|    episodes        | 196       |
|    fps             | 8         |
|    time_elapsed    | 24119     |
|    total_timesteps | 196000    |
| train/             |           |
|    actor_loss      | 6.08e+09  |
|    critic_loss     | 4.32e+18  |
|    ent_coef        | 3.26e+07  |
|    ent_coef_loss   | -713      |
|    learning_rate   | 0.0001    |
|    n_updates       | 195899    |
|    reward          | 968.00336 |
----------------------------------
EPISODE:  198
EPISODE:  199
EPISODE:  200
EPISODE:  201
----------------------------------
| time/              |           |
|    episodes        | 200       |
|    fps             | 8         |
|    time_elapsed    | 24617     |
|    total_timesteps | 200000    |
| train/             |           |
|    actor_loss      | 7.45e+09  |
|    critic_loss     | 8.31e+18  |
|    ent_coef        | 4.85e+07  |
|    ent_coef_loss   | -729      |
|    learning_rate   | 0.0001    |
|    n_updates       | 199899    |
|    reward          | 968.00336 |
----------------------------------
EPISODE:  202
EPISODE:  203
EPISODE:  204
EPISODE:  205
----------------------------------
| time/              |           |
|    episodes        | 204       |
|    fps             | 8         |
|    time_elapsed    | 25114     |
|    total_timesteps | 204000    |
| train/             |           |
|    actor_loss      | 9.24e+09  |
|    critic_loss     | 1.6e+19   |
|    ent_coef        | 7.21e+07  |
|    ent_coef_loss   | -749      |
|    learning_rate   | 0.0001    |
|    n_updates       | 203899    |
|    reward          | 968.00336 |
----------------------------------
EPISODE:  206
EPISODE:  207
EPISODE:  208
EPISODE:  209
----------------------------------
| time/              |           |
|    episodes        | 208       |
|    fps             | 8         |
|    time_elapsed    | 25610     |
|    total_timesteps | 208000    |
| train/             |           |
|    actor_loss      | 1.16e+10  |
|    critic_loss     | 3.19e+19  |
|    ent_coef        | 1.07e+08  |
|    ent_coef_loss   | -764      |
|    learning_rate   | 0.0001    |
|    n_updates       | 207899    |
|    reward          | 968.00336 |
----------------------------------
EPISODE:  210
EPISODE:  211
EPISODE:  212
EPISODE:  213
----------------------------------
| time/              |           |
|    episodes        | 212       |
|    fps             | 8         |
|    time_elapsed    | 26108     |
|    total_timesteps | 212000    |
| train/             |           |
|    actor_loss      | 1.48e+10  |
|    critic_loss     | 6.46e+19  |
|    ent_coef        | 1.59e+08  |
|    ent_coef_loss   | -780      |
|    learning_rate   | 0.0001    |
|    n_updates       | 211899    |
|    reward          | 968.00336 |
----------------------------------
EPISODE:  214
EPISODE:  215
EPISODE:  216
EPISODE:  217
----------------------------------
| time/              |           |
|    episodes        | 216       |
|    fps             | 8         |
|    time_elapsed    | 26605     |
|    total_timesteps | 216000    |
| train/             |           |
|    actor_loss      | 1.91e+10  |
|    critic_loss     | 1.32e+20  |
|    ent_coef        | 2.37e+08  |
|    ent_coef_loss   | -796      |
|    learning_rate   | 0.0001    |
|    n_updates       | 215899    |
|    reward          | 968.00336 |
----------------------------------
EPISODE:  218
EPISODE:  219
EPISODE:  220
EPISODE:  221
----------------------------------
| time/              |           |
|    episodes        | 220       |
|    fps             | 8         |
|    time_elapsed    | 27102     |
|    total_timesteps | 220000    |
| train/             |           |
|    actor_loss      | 2.52e+10  |
|    critic_loss     | 2.77e+20  |
|    ent_coef        | 3.53e+08  |
|    ent_coef_loss   | -814      |
|    learning_rate   | 0.0001    |
|    n_updates       | 219899    |
|    reward          | 968.00336 |
----------------------------------
EPISODE:  222
EPISODE:  223
EPISODE:  224
EPISODE:  225
----------------------------------
| time/              |           |
|    episodes        | 224       |
|    fps             | 8         |
|    time_elapsed    | 27599     |
|    total_timesteps | 224000    |
| train/             |           |
|    actor_loss      | 3.38e+10  |
|    critic_loss     | 5.84e+20  |
|    ent_coef        | 5.24e+08  |
|    ent_coef_loss   | -829      |
|    learning_rate   | 0.0001    |
|    n_updates       | 223899    |
|    reward          | 968.00336 |
----------------------------------
EPISODE:  226
EPISODE:  227
EPISODE:  228
EPISODE:  229
----------------------------------
| time/              |           |
|    episodes        | 228       |
|    fps             | 8         |
|    time_elapsed    | 28097     |
|    total_timesteps | 228000    |
| train/             |           |
|    actor_loss      | 4.61e+10  |
|    critic_loss     | 1.24e+21  |
|    ent_coef        | 7.79e+08  |
|    ent_coef_loss   | -846      |
|    learning_rate   | 0.0001    |
|    n_updates       | 227899    |
|    reward          | 968.00336 |
----------------------------------
EPISODE:  230
EPISODE:  231
EPISODE:  232
EPISODE:  233
----------------------------------
| time/              |           |
|    episodes        | 232       |
|    fps             | 8         |
|    time_elapsed    | 28594     |
|    total_timesteps | 232000    |
| train/             |           |
|    actor_loss      | 6.37e+10  |
|    critic_loss     | 2.69e+21  |
|    ent_coef        | 1.16e+09  |
|    ent_coef_loss   | -860      |
|    learning_rate   | 0.0001    |
|    n_updates       | 231899    |
|    reward          | 968.00336 |
----------------------------------
EPISODE:  234
EPISODE:  235
EPISODE:  236
EPISODE:  237
----------------------------------
| time/              |           |
|    episodes        | 236       |
|    fps             | 8         |
|    time_elapsed    | 29091     |
|    total_timesteps | 236000    |
| train/             |           |
|    actor_loss      | 8.97e+10  |
|    critic_loss     | 5.76e+21  |
|    ent_coef        | 1.72e+09  |
|    ent_coef_loss   | -881      |
|    learning_rate   | 0.0001    |
|    n_updates       | 235899    |
|    reward          | 968.00336 |
----------------------------------
EPISODE:  238
EPISODE:  239
EPISODE:  240
EPISODE:  241
----------------------------------
| time/              |           |
|    episodes        | 240       |
|    fps             | 8         |
|    time_elapsed    | 29587     |
|    total_timesteps | 240000    |
| train/             |           |
|    actor_loss      | 1.27e+11  |
|    critic_loss     | 1.25e+22  |
|    ent_coef        | 2.56e+09  |
|    ent_coef_loss   | -893      |
|    learning_rate   | 0.0001    |
|    n_updates       | 239899    |
|    reward          | 968.00336 |
----------------------------------
EPISODE:  242
EPISODE:  243
EPISODE:  244
EPISODE:  245
----------------------------------
| time/              |           |
|    episodes        | 244       |
|    fps             | 8         |
|    time_elapsed    | 30085     |
|    total_timesteps | 244000    |
| train/             |           |
|    actor_loss      | 1.83e+11  |
|    critic_loss     | 2.75e+22  |
|    ent_coef        | 3.81e+09  |
|    ent_coef_loss   | -912      |
|    learning_rate   | 0.0001    |
|    n_updates       | 243899    |
|    reward          | 968.00336 |
----------------------------------
EPISODE:  246
EPISODE:  247
EPISODE:  248
EPISODE:  249
----------------------------------
| time/              |           |
|    episodes        | 248       |
|    fps             | 8         |
|    time_elapsed    | 30581     |
|    total_timesteps | 248000    |
| train/             |           |
|    actor_loss      | 2.65e+11  |
|    critic_loss     | 5.98e+22  |
|    ent_coef        | 5.67e+09  |
|    ent_coef_loss   | -927      |
|    learning_rate   | 0.0001    |
|    n_updates       | 247899    |
|    reward          | 968.00336 |
----------------------------------
EPISODE:  250
EPISODE:  251
EPISODE:  252
EPISODE:  253
----------------------------------
| time/              |           |
|    episodes        | 252       |
|    fps             | 8         |
|    time_elapsed    | 31078     |
|    total_timesteps | 252000    |
| train/             |           |
|    actor_loss      | 3.86e+11  |
|    critic_loss     | 1.33e+23  |
|    ent_coef        | 8.43e+09  |
|    ent_coef_loss   | -944      |
|    learning_rate   | 0.0001    |
|    n_updates       | 251899    |
|    reward          | 968.00336 |
----------------------------------
EPISODE:  254
EPISODE:  255
EPISODE:  256
EPISODE:  257
----------------------------------
| time/              |           |
|    episodes        | 256       |
|    fps             | 8         |
|    time_elapsed    | 31575     |
|    total_timesteps | 256000    |
| train/             |           |
|    actor_loss      | 5.65e+11  |
|    critic_loss     | 2.93e+23  |
|    ent_coef        | 1.25e+10  |
|    ent_coef_loss   | -961      |
|    learning_rate   | 0.0001    |
|    n_updates       | 255899    |
|    reward          | 968.00336 |
----------------------------------
EPISODE:  258
EPISODE:  259
EPISODE:  260
EPISODE:  261
----------------------------------
| time/              |           |
|    episodes        | 260       |
|    fps             | 8         |
|    time_elapsed    | 32073     |
|    total_timesteps | 260000    |
| train/             |           |
|    actor_loss      | 8.3e+11   |
|    critic_loss     | 6.42e+23  |
|    ent_coef        | 1.86e+10  |
|    ent_coef_loss   | -976      |
|    learning_rate   | 0.0001    |
|    n_updates       | 259899    |
|    reward          | 968.00336 |
----------------------------------
EPISODE:  262
EPISODE:  263
EPISODE:  264
EPISODE:  265
----------------------------------
| time/              |           |
|    episodes        | 264       |
|    fps             | 8         |
|    time_elapsed    | 32570     |
|    total_timesteps | 264000    |
| train/             |           |
|    actor_loss      | 1.22e+12  |
|    critic_loss     | 1.42e+24  |
|    ent_coef        | 2.77e+10  |
|    ent_coef_loss   | -994      |
|    learning_rate   | 0.0001    |
|    n_updates       | 263899    |
|    reward          | 968.00336 |
----------------------------------
EPISODE:  266
EPISODE:  267
EPISODE:  268
EPISODE:  269
----------------------------------
| time/              |           |
|    episodes        | 268       |
|    fps             | 8         |
|    time_elapsed    | 33052     |
|    total_timesteps | 268000    |
| train/             |           |
|    actor_loss      | 1.81e+12  |
|    critic_loss     | 3.13e+24  |
|    ent_coef        | 4.12e+10  |
|    ent_coef_loss   | -1.01e+03 |
|    learning_rate   | 0.0001    |
|    n_updates       | 267899    |
|    reward          | 968.00336 |
----------------------------------
EPISODE:  270
EPISODE:  271
EPISODE:  272
EPISODE:  273
----------------------------------
| time/              |           |
|    episodes        | 272       |
|    fps             | 8         |
|    time_elapsed    | 33539     |
|    total_timesteps | 272000    |
| train/             |           |
|    actor_loss      | 2.68e+12  |
|    critic_loss     | 6.9e+24   |
|    ent_coef        | 6.12e+10  |
|    ent_coef_loss   | -1.03e+03 |
|    learning_rate   | 0.0001    |
|    n_updates       | 271899    |
|    reward          | 968.00336 |
----------------------------------
EPISODE:  274
EPISODE:  275
EPISODE:  276
EPISODE:  277
----------------------------------
| time/              |           |
|    episodes        | 276       |
|    fps             | 8         |
|    time_elapsed    | 34025     |
|    total_timesteps | 276000    |
| train/             |           |
|    actor_loss      | 3.98e+12  |
|    critic_loss     | 1.53e+25  |
|    ent_coef        | 9.11e+10  |
|    ent_coef_loss   | -1.04e+03 |
|    learning_rate   | 0.0001    |
|    n_updates       | 275899    |
|    reward          | 968.00336 |
----------------------------------
EPISODE:  278
EPISODE:  279
EPISODE:  280
EPISODE:  281
----------------------------------
| time/              |           |
|    episodes        | 280       |
|    fps             | 8         |
|    time_elapsed    | 34512     |
|    total_timesteps | 280000    |
| train/             |           |
|    actor_loss      | 5.87e+12  |
|    critic_loss     | 3.38e+25  |
|    ent_coef        | 1.35e+11  |
|    ent_coef_loss   | -1.05e+03 |
|    learning_rate   | 0.0001    |
|    n_updates       | 279899    |
|    reward          | 968.00336 |
----------------------------------
EPISODE:  282
EPISODE:  283
EPISODE:  284
EPISODE:  285
----------------------------------
| time/              |           |
|    episodes        | 284       |
|    fps             | 8         |
|    time_elapsed    | 34997     |
|    total_timesteps | 284000    |
| train/             |           |
|    actor_loss      | 8.75e+12  |
|    critic_loss     | 7.43e+25  |
|    ent_coef        | 2.01e+11  |
|    ent_coef_loss   | -1.07e+03 |
|    learning_rate   | 0.0001    |
|    n_updates       | 283899    |
|    reward          | 968.00336 |
----------------------------------
EPISODE:  286
EPISODE:  287
EPISODE:  288
EPISODE:  289
----------------------------------
| time/              |           |
|    episodes        | 288       |
|    fps             | 8         |
|    time_elapsed    | 35489     |
|    total_timesteps | 288000    |
| train/             |           |
|    actor_loss      | 1.3e+13   |
|    critic_loss     | 1.64e+26  |
|    ent_coef        | 2.99e+11  |
|    ent_coef_loss   | -1.09e+03 |
|    learning_rate   | 0.0001    |
|    n_updates       | 287899    |
|    reward          | 968.00336 |
----------------------------------
EPISODE:  290
EPISODE:  291
EPISODE:  292
EPISODE:  293
----------------------------------
| time/              |           |
|    episodes        | 292       |
|    fps             | 8         |
|    time_elapsed    | 35980     |
|    total_timesteps | 292000    |
| train/             |           |
|    actor_loss      | 1.93e+13  |
|    critic_loss     | 3.64e+26  |
|    ent_coef        | 4.45e+11  |
|    ent_coef_loss   | -1.11e+03 |
|    learning_rate   | 0.0001    |
|    n_updates       | 291899    |
|    reward          | 968.00336 |
----------------------------------
EPISODE:  294
EPISODE:  295
EPISODE:  296
EPISODE:  297
----------------------------------
| time/              |           |
|    episodes        | 296       |
|    fps             | 8         |
|    time_elapsed    | 36472     |
|    total_timesteps | 296000    |
| train/             |           |
|    actor_loss      | 2.88e+13  |
|    critic_loss     | 8.1e+26   |
|    ent_coef        | 6.62e+11  |
|    ent_coef_loss   | -1.13e+03 |
|    learning_rate   | 0.0001    |
|    n_updates       | 295899    |
|    reward          | 968.00336 |
----------------------------------
EPISODE:  298
EPISODE:  299
EPISODE:  300
EPISODE:  301
----------------------------------
| time/              |           |
|    episodes        | 300       |
|    fps             | 8         |
|    time_elapsed    | 36964     |
|    total_timesteps | 300000    |
| train/             |           |
|    actor_loss      | 4.27e+13  |
|    critic_loss     | 1.77e+27  |
|    ent_coef        | 9.84e+11  |
|    ent_coef_loss   | -1.14e+03 |
|    learning_rate   | 0.0001    |
|    n_updates       | 299899    |
|    reward          | 968.00336 |
----------------------------------
EPISODE:  302
EPISODE:  303
EPISODE:  304
EPISODE:  305
----------------------------------
| time/              |           |
|    episodes        | 304       |
|    fps             | 8         |
|    time_elapsed    | 37456     |
|    total_timesteps | 304000    |
| train/             |           |
|    actor_loss      | 6.34e+13  |
|    critic_loss     | 3.95e+27  |
|    ent_coef        | 1.46e+12  |
|    ent_coef_loss   | -1.16e+03 |
|    learning_rate   | 0.0001    |
|    n_updates       | 303899    |
|    reward          | 968.00336 |
----------------------------------
EPISODE:  306
EPISODE:  307
EPISODE:  308
EPISODE:  309
----------------------------------
| time/              |           |
|    episodes        | 308       |
|    fps             | 8         |
|    time_elapsed    | 37947     |
|    total_timesteps | 308000    |
| train/             |           |
|    actor_loss      | 9.43e+13  |
|    critic_loss     | 8.72e+27  |
|    ent_coef        | 2.18e+12  |
|    ent_coef_loss   | -1.17e+03 |
|    learning_rate   | 0.0001    |
|    n_updates       | 307899    |
|    reward          | 968.00336 |
----------------------------------
EPISODE:  310
EPISODE:  311
EPISODE:  312
EPISODE:  313
----------------------------------
| time/              |           |
|    episodes        | 312       |
|    fps             | 8         |
|    time_elapsed    | 38440     |
|    total_timesteps | 312000    |
| train/             |           |
|    actor_loss      | 1.4e+14   |
|    critic_loss     | 1.92e+28  |
|    ent_coef        | 3.24e+12  |
|    ent_coef_loss   | -1.19e+03 |
|    learning_rate   | 0.0001    |
|    n_updates       | 311899    |
|    reward          | 968.00336 |
----------------------------------
EPISODE:  314
EPISODE:  315
EPISODE:  316
EPISODE:  317
----------------------------------
| time/              |           |
|    episodes        | 316       |
|    fps             | 8         |
|    time_elapsed    | 38932     |
|    total_timesteps | 316000    |
| train/             |           |
|    actor_loss      | 2.08e+14  |
|    critic_loss     | 4.26e+28  |
|    ent_coef        | 4.81e+12  |
|    ent_coef_loss   | -1.21e+03 |
|    learning_rate   | 0.0001    |
|    n_updates       | 315899    |
|    reward          | 968.00336 |
----------------------------------
EPISODE:  318
EPISODE:  319
EPISODE:  320
EPISODE:  321
----------------------------------
| time/              |           |
|    episodes        | 320       |
|    fps             | 8         |
|    time_elapsed    | 39425     |
|    total_timesteps | 320000    |
| train/             |           |
|    actor_loss      | 3.1e+14   |
|    critic_loss     | 9.43e+28  |
|    ent_coef        | 7.16e+12  |
|    ent_coef_loss   | -1.22e+03 |
|    learning_rate   | 0.0001    |
|    n_updates       | 319899    |
|    reward          | 968.00336 |
----------------------------------
EPISODE:  322
EPISODE:  323
EPISODE:  324
EPISODE:  325
----------------------------------
| time/              |           |
|    episodes        | 324       |
|    fps             | 8         |
|    time_elapsed    | 39917     |
|    total_timesteps | 324000    |
| train/             |           |
|    actor_loss      | 4.6e+14   |
|    critic_loss     | 2.08e+29  |
|    ent_coef        | 1.06e+13  |
|    ent_coef_loss   | -1.24e+03 |
|    learning_rate   | 0.0001    |
|    n_updates       | 323899    |
|    reward          | 968.00336 |
----------------------------------
EPISODE:  326
EPISODE:  327
EPISODE:  328
EPISODE:  329
----------------------------------
| time/              |           |
|    episodes        | 328       |
|    fps             | 8         |
|    time_elapsed    | 40409     |
|    total_timesteps | 328000    |
| train/             |           |
|    actor_loss      | 6.85e+14  |
|    critic_loss     | 4.61e+29  |
|    ent_coef        | 1.58e+13  |
|    ent_coef_loss   | -1.25e+03 |
|    learning_rate   | 0.0001    |
|    n_updates       | 327899    |
|    reward          | 968.00336 |
----------------------------------
EPISODE:  330
EPISODE:  331
EPISODE:  332
EPISODE:  333
----------------------------------
| time/              |           |
|    episodes        | 332       |
|    fps             | 8         |
|    time_elapsed    | 40901     |
|    total_timesteps | 332000    |
| train/             |           |
|    actor_loss      | 1.02e+15  |
|    critic_loss     | 1.01e+30  |
|    ent_coef        | 2.35e+13  |
|    ent_coef_loss   | -1.27e+03 |
|    learning_rate   | 0.0001    |
|    n_updates       | 331899    |
|    reward          | 968.00336 |
----------------------------------
EPISODE:  334
EPISODE:  335
EPISODE:  336
EPISODE:  337
----------------------------------
| time/              |           |
|    episodes        | 336       |
|    fps             | 8         |
|    time_elapsed    | 41395     |
|    total_timesteps | 336000    |
| train/             |           |
|    actor_loss      | 1.51e+15  |
|    critic_loss     | 2.25e+30  |
|    ent_coef        | 3.5e+13   |
|    ent_coef_loss   | -1.29e+03 |
|    learning_rate   | 0.0001    |
|    n_updates       | 335899    |
|    reward          | 968.00336 |
----------------------------------
EPISODE:  338
EPISODE:  339
EPISODE:  340
EPISODE:  341
----------------------------------
| time/              |           |
|    episodes        | 340       |
|    fps             | 8         |
|    time_elapsed    | 41889     |
|    total_timesteps | 340000    |
| train/             |           |
|    actor_loss      | 2.25e+15  |
|    critic_loss     | 4.97e+30  |
|    ent_coef        | 5.2e+13   |
|    ent_coef_loss   | -1.31e+03 |
|    learning_rate   | 0.0001    |
|    n_updates       | 339899    |
|    reward          | 968.00336 |
----------------------------------
EPISODE:  342
EPISODE:  343
EPISODE:  344
EPISODE:  345
----------------------------------
| time/              |           |
|    episodes        | 344       |
|    fps             | 8         |
|    time_elapsed    | 42382     |
|    total_timesteps | 344000    |
| train/             |           |
|    actor_loss      | 3.34e+15  |
|    critic_loss     | 1.1e+31   |
|    ent_coef        | 7.73e+13  |
|    ent_coef_loss   | -1.32e+03 |
|    learning_rate   | 0.0001    |
|    n_updates       | 343899    |
|    reward          | 968.00336 |
----------------------------------
EPISODE:  346
EPISODE:  347
EPISODE:  348
EPISODE:  349
----------------------------------
| time/              |           |
|    episodes        | 348       |
|    fps             | 8         |
|    time_elapsed    | 42875     |
|    total_timesteps | 348000    |
| train/             |           |
|    actor_loss      | 4.98e+15  |
|    critic_loss     | 2.43e+31  |
|    ent_coef        | 1.15e+14  |
|    ent_coef_loss   | -1.34e+03 |
|    learning_rate   | 0.0001    |
|    n_updates       | 347899    |
|    reward          | 968.00336 |
----------------------------------
EPISODE:  350
EPISODE:  351
EPISODE:  352
EPISODE:  353
----------------------------------
| time/              |           |
|    episodes        | 352       |
|    fps             | 8         |
|    time_elapsed    | 43367     |
|    total_timesteps | 352000    |
| train/             |           |
|    actor_loss      | 7.41e+15  |
|    critic_loss     | 5.34e+31  |
|    ent_coef        | 1.71e+14  |
|    ent_coef_loss   | -1.35e+03 |
|    learning_rate   | 0.0001    |
|    n_updates       | 351899    |
|    reward          | 968.00336 |
----------------------------------
EPISODE:  354
EPISODE:  355
EPISODE:  356
EPISODE:  357
----------------------------------
| time/              |           |
|    episodes        | 356       |
|    fps             | 8         |
|    time_elapsed    | 43860     |
|    total_timesteps | 356000    |
| train/             |           |
|    actor_loss      | 1.1e+16   |
|    critic_loss     | 1.19e+32  |
|    ent_coef        | 2.54e+14  |
|    ent_coef_loss   | -1.37e+03 |
|    learning_rate   | 0.0001    |
|    n_updates       | 355899    |
|    reward          | 968.00336 |
----------------------------------
EPISODE:  358
EPISODE:  359
EPISODE:  360
EPISODE:  361
----------------------------------
| time/              |           |
|    episodes        | 360       |
|    fps             | 8         |
|    time_elapsed    | 44352     |
|    total_timesteps | 360000    |
| train/             |           |
|    actor_loss      | 1.63e+16  |
|    critic_loss     | 2.64e+32  |
|    ent_coef        | 3.78e+14  |
|    ent_coef_loss   | -1.38e+03 |
|    learning_rate   | 0.0001    |
|    n_updates       | 359899    |
|    reward          | 968.00336 |
----------------------------------
EPISODE:  362
EPISODE:  363
EPISODE:  364
EPISODE:  365
----------------------------------
| time/              |           |
|    episodes        | 364       |
|    fps             | 8         |
|    time_elapsed    | 44845     |
|    total_timesteps | 364000    |
| train/             |           |
|    actor_loss      | 2.44e+16  |
|    critic_loss     | 5.78e+32  |
|    ent_coef        | 5.62e+14  |
|    ent_coef_loss   | -1.41e+03 |
|    learning_rate   | 0.0001    |
|    n_updates       | 363899    |
|    reward          | 968.00336 |
----------------------------------
EPISODE:  366
EPISODE:  367
EPISODE:  368
EPISODE:  369
----------------------------------
| time/              |           |
|    episodes        | 368       |
|    fps             | 8         |
|    time_elapsed    | 45337     |
|    total_timesteps | 368000    |
| train/             |           |
|    actor_loss      | 3.61e+16  |
|    critic_loss     | 1.29e+33  |
|    ent_coef        | 8.36e+14  |
|    ent_coef_loss   | -1.42e+03 |
|    learning_rate   | 0.0001    |
|    n_updates       | 367899    |
|    reward          | 968.00336 |
----------------------------------
EPISODE:  370
EPISODE:  371
EPISODE:  372
EPISODE:  373
----------------------------------
| time/              |           |
|    episodes        | 372       |
|    fps             | 8         |
|    time_elapsed    | 45830     |
|    total_timesteps | 372000    |
| train/             |           |
|    actor_loss      | 5.39e+16  |
|    critic_loss     | 2.84e+33  |
|    ent_coef        | 1.24e+15  |
|    ent_coef_loss   | -1.44e+03 |
|    learning_rate   | 0.0001    |
|    n_updates       | 371899    |
|    reward          | 968.00336 |
----------------------------------
EPISODE:  374
EPISODE:  375
EPISODE:  376
EPISODE:  377
----------------------------------
| time/              |           |
|    episodes        | 376       |
|    fps             | 8         |
|    time_elapsed    | 46323     |
|    total_timesteps | 376000    |
| train/             |           |
|    actor_loss      | 8.02e+16  |
|    critic_loss     | 6.28e+33  |
|    ent_coef        | 1.85e+15  |
|    ent_coef_loss   | -1.46e+03 |
|    learning_rate   | 0.0001    |
|    n_updates       | 375899    |
|    reward          | 968.00336 |
----------------------------------
EPISODE:  378
EPISODE:  379
EPISODE:  380
EPISODE:  381
----------------------------------
| time/              |           |
|    episodes        | 380       |
|    fps             | 8         |
|    time_elapsed    | 46816     |
|    total_timesteps | 380000    |
| train/             |           |
|    actor_loss      | 1.19e+17  |
|    critic_loss     | 1.38e+34  |
|    ent_coef        | 2.75e+15  |
|    ent_coef_loss   | -1.47e+03 |
|    learning_rate   | 0.0001    |
|    n_updates       | 379899    |
|    reward          | 968.00336 |
----------------------------------
EPISODE:  382
EPISODE:  383
EPISODE:  384
EPISODE:  385
----------------------------------
| time/              |           |
|    episodes        | 384       |
|    fps             | 8         |
|    time_elapsed    | 47308     |
|    total_timesteps | 384000    |
| train/             |           |
|    actor_loss      | 1.77e+17  |
|    critic_loss     | 3.08e+34  |
|    ent_coef        | 4.09e+15  |
|    ent_coef_loss   | -1.48e+03 |
|    learning_rate   | 0.0001    |
|    n_updates       | 383899    |
|    reward          | 968.00336 |
----------------------------------
EPISODE:  386
EPISODE:  387
EPISODE:  388
EPISODE:  389
----------------------------------
| time/              |           |
|    episodes        | 388       |
|    fps             | 8         |
|    time_elapsed    | 47801     |
|    total_timesteps | 388000    |
| train/             |           |
|    actor_loss      | 2.63e+17  |
|    critic_loss     | 6.82e+34  |
|    ent_coef        | 6.08e+15  |
|    ent_coef_loss   | -1.5e+03  |
|    learning_rate   | 0.0001    |
|    n_updates       | 387899    |
|    reward          | 968.00336 |
----------------------------------
EPISODE:  390
EPISODE:  391
EPISODE:  392
EPISODE:  393
----------------------------------
| time/              |           |
|    episodes        | 392       |
|    fps             | 8         |
|    time_elapsed    | 48293     |
|    total_timesteps | 392000    |
| train/             |           |
|    actor_loss      | 3.92e+17  |
|    critic_loss     | 1.51e+35  |
|    ent_coef        | 9.04e+15  |
|    ent_coef_loss   | -1.52e+03 |
|    learning_rate   | 0.0001    |
|    n_updates       | 391899    |
|    reward          | 968.00336 |
----------------------------------
EPISODE:  394
EPISODE:  395
EPISODE:  396
EPISODE:  397
----------------------------------
| time/              |           |
|    episodes        | 396       |
|    fps             | 8         |
|    time_elapsed    | 48787     |
|    total_timesteps | 396000    |
| train/             |           |
|    actor_loss      | 5.8e+17   |
|    critic_loss     | 3.3e+35   |
|    ent_coef        | 1.34e+16  |
|    ent_coef_loss   | -1.53e+03 |
|    learning_rate   | 0.0001    |
|    n_updates       | 395899    |
|    reward          | 968.00336 |
----------------------------------
EPISODE:  398
EPISODE:  399
EPISODE:  400
EPISODE:  401
----------------------------------
| time/              |           |
|    episodes        | 400       |
|    fps             | 8         |
|    time_elapsed    | 49279     |
|    total_timesteps | 400000    |
| train/             |           |
|    actor_loss      | 8.66e+17  |
|    critic_loss     | 7.33e+35  |
|    ent_coef        | 2e+16     |
|    ent_coef_loss   | -1.55e+03 |
|    learning_rate   | 0.0001    |
|    n_updates       | 399899    |
|    reward          | 968.00336 |
----------------------------------
EPISODE:  402
EPISODE:  403
EPISODE:  404
EPISODE:  405
----------------------------------
| time/              |           |
|    episodes        | 404       |
|    fps             | 8         |
|    time_elapsed    | 49773     |
|    total_timesteps | 404000    |
| train/             |           |
|    actor_loss      | 1.29e+18  |
|    critic_loss     | 1.61e+36  |
|    ent_coef        | 2.97e+16  |
|    ent_coef_loss   | -1.57e+03 |
|    learning_rate   | 0.0001    |
|    n_updates       | 403899    |
|    reward          | 968.00336 |
----------------------------------
EPISODE:  406
EPISODE:  407
EPISODE:  408
EPISODE:  409
----------------------------------
| time/              |           |
|    episodes        | 408       |
|    fps             | 8         |
|    time_elapsed    | 50267     |
|    total_timesteps | 408000    |
| train/             |           |
|    actor_loss      | 1.92e+18  |
|    critic_loss     | inf       |
|    ent_coef        | 4.42e+16  |
|    ent_coef_loss   | -1.59e+03 |
|    learning_rate   | 0.0001    |
|    n_updates       | 407899    |
|    reward          | 968.00336 |
----------------------------------
EPISODE:  410
EPISODE:  411
EPISODE:  412
EPISODE:  413
----------------------------------
| time/              |           |
|    episodes        | 412       |
|    fps             | 8         |
|    time_elapsed    | 50759     |
|    total_timesteps | 412000    |
| train/             |           |
|    actor_loss      | 2.85e+18  |
|    critic_loss     | inf       |
|    ent_coef        | 6.57e+16  |
|    ent_coef_loss   | -1.6e+03  |
|    learning_rate   | 0.0001    |
|    n_updates       | 411899    |
|    reward          | 968.00336 |
----------------------------------
EPISODE:  414
EPISODE:  415
EPISODE:  416
EPISODE:  417
----------------------------------
| time/              |           |
|    episodes        | 416       |
|    fps             | 8         |
|    time_elapsed    | 51252     |
|    total_timesteps | 416000    |
| train/             |           |
|    actor_loss      | 4.23e+18  |
|    critic_loss     | inf       |
|    ent_coef        | 9.77e+16  |
|    ent_coef_loss   | -1.62e+03 |
|    learning_rate   | 0.0001    |
|    n_updates       | 415899    |
|    reward          | 968.00336 |
----------------------------------
EPISODE:  418
EPISODE:  419
EPISODE:  420
EPISODE:  421
----------------------------------
| time/              |           |
|    episodes        | 420       |
|    fps             | 8         |
|    time_elapsed    | 51745     |
|    total_timesteps | 420000    |
| train/             |           |
|    actor_loss      | 6.28e+18  |
|    critic_loss     | inf       |
|    ent_coef        | 1.45e+17  |
|    ent_coef_loss   | -1.63e+03 |
|    learning_rate   | 0.0001    |
|    n_updates       | 419899    |
|    reward          | 968.00336 |
----------------------------------
EPISODE:  422
EPISODE:  423
EPISODE:  424
EPISODE:  425
----------------------------------
| time/              |           |
|    episodes        | 424       |
|    fps             | 8         |
|    time_elapsed    | 52238     |
|    total_timesteps | 424000    |
| train/             |           |
|    actor_loss      | 9.35e+18  |
|    critic_loss     | inf       |
|    ent_coef        | 2.16e+17  |
|    ent_coef_loss   | -1.65e+03 |
|    learning_rate   | 0.0001    |
|    n_updates       | 423899    |
|    reward          | 968.00336 |
----------------------------------
EPISODE:  426
EPISODE:  427
EPISODE:  428
EPISODE:  429
----------------------------------
| time/              |           |
|    episodes        | 428       |
|    fps             | 8         |
|    time_elapsed    | 52730     |
|    total_timesteps | 428000    |
| train/             |           |
|    actor_loss      | 1.39e+19  |
|    critic_loss     | inf       |
|    ent_coef        | 3.21e+17  |
|    ent_coef_loss   | -1.66e+03 |
|    learning_rate   | 0.0001    |
|    n_updates       | 427899    |
|    reward          | 968.00336 |
----------------------------------
EPISODE:  430
EPISODE:  431
EPISODE:  432
EPISODE:  433
----------------------------------
| time/              |           |
|    episodes        | 432       |
|    fps             | 8         |
|    time_elapsed    | 53223     |
|    total_timesteps | 432000    |
| train/             |           |
|    actor_loss      | 2.07e+19  |
|    critic_loss     | inf       |
|    ent_coef        | 4.77e+17  |
|    ent_coef_loss   | -1.68e+03 |
|    learning_rate   | 0.0001    |
|    n_updates       | 431899    |
|    reward          | 968.00336 |
----------------------------------
EPISODE:  434
EPISODE:  435
EPISODE:  436
EPISODE:  437
----------------------------------
| time/              |           |
|    episodes        | 436       |
|    fps             | 8         |
|    time_elapsed    | 53715     |
|    total_timesteps | 436000    |
| train/             |           |
|    actor_loss      | 3.08e+19  |
|    critic_loss     | inf       |
|    ent_coef        | 7.1e+17   |
|    ent_coef_loss   | -1.7e+03  |
|    learning_rate   | 0.0001    |
|    n_updates       | 435899    |
|    reward          | 968.00336 |
----------------------------------
EPISODE:  438
EPISODE:  439
EPISODE:  440
EPISODE:  441
----------------------------------
| time/              |           |
|    episodes        | 440       |
|    fps             | 8         |
|    time_elapsed    | 54209     |
|    total_timesteps | 440000    |
| train/             |           |
|    actor_loss      | 4.57e+19  |
|    critic_loss     | inf       |
|    ent_coef        | 1.06e+18  |
|    ent_coef_loss   | -1.72e+03 |
|    learning_rate   | 0.0001    |
|    n_updates       | 439899    |
|    reward          | 968.00336 |
----------------------------------
EPISODE:  442
EPISODE:  443
EPISODE:  444
EPISODE:  445
----------------------------------
| time/              |           |
|    episodes        | 444       |
|    fps             | 8         |
|    time_elapsed    | 54702     |
|    total_timesteps | 444000    |
| train/             |           |
|    actor_loss      | 6.8e+19   |
|    critic_loss     | inf       |
|    ent_coef        | 1.57e+18  |
|    ent_coef_loss   | -1.73e+03 |
|    learning_rate   | 0.0001    |
|    n_updates       | 443899    |
|    reward          | 968.00336 |
----------------------------------
EPISODE:  446
EPISODE:  447
EPISODE:  448
EPISODE:  449
----------------------------------
| time/              |           |
|    episodes        | 448       |
|    fps             | 8         |
|    time_elapsed    | 55195     |
|    total_timesteps | 448000    |
| train/             |           |
|    actor_loss      | 1.01e+20  |
|    critic_loss     | inf       |
|    ent_coef        | 2.33e+18  |
|    ent_coef_loss   | -1.75e+03 |
|    learning_rate   | 0.0001    |
|    n_updates       | 447899    |
|    reward          | 968.00336 |
----------------------------------
EPISODE:  450
EPISODE:  451
EPISODE:  452
EPISODE:  453
----------------------------------
| time/              |           |
|    episodes        | 452       |
|    fps             | 8         |
|    time_elapsed    | 55688     |
|    total_timesteps | 452000    |
| train/             |           |
|    actor_loss      | 1.5e+20   |
|    critic_loss     | inf       |
|    ent_coef        | 3.47e+18  |
|    ent_coef_loss   | -1.76e+03 |
|    learning_rate   | 0.0001    |
|    n_updates       | 451899    |
|    reward          | 968.00336 |
----------------------------------
EPISODE:  454
EPISODE:  455
EPISODE:  456
EPISODE:  457
----------------------------------
| time/              |           |
|    episodes        | 456       |
|    fps             | 8         |
|    time_elapsed    | 56181     |
|    total_timesteps | 456000    |
| train/             |           |
|    actor_loss      | 2.23e+20  |
|    critic_loss     | inf       |
|    ent_coef        | 5.16e+18  |
|    ent_coef_loss   | -1.78e+03 |
|    learning_rate   | 0.0001    |
|    n_updates       | 455899    |
|    reward          | 968.00336 |
----------------------------------
EPISODE:  458
EPISODE:  459
EPISODE:  460
EPISODE:  461
----------------------------------
| time/              |           |
|    episodes        | 460       |
|    fps             | 8         |
|    time_elapsed    | 56673     |
|    total_timesteps | 460000    |
| train/             |           |
|    actor_loss      | 3.32e+20  |
|    critic_loss     | inf       |
|    ent_coef        | 7.67e+18  |
|    ent_coef_loss   | -1.79e+03 |
|    learning_rate   | 0.0001    |
|    n_updates       | 459899    |
|    reward          | 968.00336 |
----------------------------------
EPISODE:  462
EPISODE:  463
EPISODE:  464
EPISODE:  465
----------------------------------
| time/              |           |
|    episodes        | 464       |
|    fps             | 8         |
|    time_elapsed    | 57167     |
|    total_timesteps | 464000    |
| train/             |           |
|    actor_loss      | 4.95e+20  |
|    critic_loss     | inf       |
|    ent_coef        | 1.14e+19  |
|    ent_coef_loss   | -1.81e+03 |
|    learning_rate   | 0.0001    |
|    n_updates       | 463899    |
|    reward          | 968.00336 |
----------------------------------
EPISODE:  466
EPISODE:  467
EPISODE:  468
EPISODE:  469
----------------------------------
| time/              |           |
|    episodes        | 468       |
|    fps             | 8         |
|    time_elapsed    | 57659     |
|    total_timesteps | 468000    |
| train/             |           |
|    actor_loss      | 7.35e+20  |
|    critic_loss     | inf       |
|    ent_coef        | 1.7e+19   |
|    ent_coef_loss   | -1.83e+03 |
|    learning_rate   | 0.0001    |
|    n_updates       | 467899    |
|    reward          | 968.00336 |
----------------------------------
EPISODE:  470
EPISODE:  471
EPISODE:  472
EPISODE:  473
----------------------------------
| time/              |           |
|    episodes        | 472       |
|    fps             | 8         |
|    time_elapsed    | 58153     |
|    total_timesteps | 472000    |
| train/             |           |
|    actor_loss      | 1.09e+21  |
|    critic_loss     | inf       |
|    ent_coef        | 2.52e+19  |
|    ent_coef_loss   | -1.85e+03 |
|    learning_rate   | 0.0001    |
|    n_updates       | 471899    |
|    reward          | 968.00336 |
----------------------------------
EPISODE:  474
EPISODE:  475
EPISODE:  476
EPISODE:  477
----------------------------------
| time/              |           |
|    episodes        | 476       |
|    fps             | 8         |
|    time_elapsed    | 58647     |
|    total_timesteps | 476000    |
| train/             |           |
|    actor_loss      | 1.62e+21  |
|    critic_loss     | inf       |
|    ent_coef        | 3.75e+19  |
|    ent_coef_loss   | -1.86e+03 |
|    learning_rate   | 0.0001    |
|    n_updates       | 475899    |
|    reward          | 968.00336 |
----------------------------------
EPISODE:  478
EPISODE:  479
EPISODE:  480
EPISODE:  481
----------------------------------
| time/              |           |
|    episodes        | 480       |
|    fps             | 8         |
|    time_elapsed    | 59140     |
|    total_timesteps | 480000    |
| train/             |           |
|    actor_loss      | 2.42e+21  |
|    critic_loss     | inf       |
|    ent_coef        | 5.58e+19  |
|    ent_coef_loss   | -1.88e+03 |
|    learning_rate   | 0.0001    |
|    n_updates       | 479899    |
|    reward          | 968.00336 |
----------------------------------
EPISODE:  482
EPISODE:  483
EPISODE:  484
EPISODE:  485
----------------------------------
| time/              |           |
|    episodes        | 484       |
|    fps             | 8         |
|    time_elapsed    | 59633     |
|    total_timesteps | 484000    |
| train/             |           |
|    actor_loss      | 3.58e+21  |
|    critic_loss     | inf       |
|    ent_coef        | 8.29e+19  |
|    ent_coef_loss   | -1.89e+03 |
|    learning_rate   | 0.0001    |
|    n_updates       | 483899    |
|    reward          | 968.00336 |
----------------------------------
EPISODE:  486
EPISODE:  487
EPISODE:  488
EPISODE:  489
----------------------------------
| time/              |           |
|    episodes        | 488       |
|    fps             | 8         |
|    time_elapsed    | 60126     |
|    total_timesteps | 488000    |
| train/             |           |
|    actor_loss      | 5.34e+21  |
|    critic_loss     | inf       |
|    ent_coef        | 1.23e+20  |
|    ent_coef_loss   | -1.91e+03 |
|    learning_rate   | 0.0001    |
|    n_updates       | 487899    |
|    reward          | 968.00336 |
----------------------------------
EPISODE:  490
EPISODE:  491
EPISODE:  492
EPISODE:  493
----------------------------------
| time/              |           |
|    episodes        | 492       |
|    fps             | 8         |
|    time_elapsed    | 60620     |
|    total_timesteps | 492000    |
| train/             |           |
|    actor_loss      | 7.93e+21  |
|    critic_loss     | inf       |
|    ent_coef        | 1.83e+20  |
|    ent_coef_loss   | -1.92e+03 |
|    learning_rate   | 0.0001    |
|    n_updates       | 491899    |
|    reward          | 968.00336 |
----------------------------------
EPISODE:  494
EPISODE:  495
EPISODE:  496
EPISODE:  497
----------------------------------
| time/              |           |
|    episodes        | 496       |
|    fps             | 8         |
|    time_elapsed    | 61112     |
|    total_timesteps | 496000    |
| train/             |           |
|    actor_loss      | 1.18e+22  |
|    critic_loss     | inf       |
|    ent_coef        | 2.73e+20  |
|    ent_coef_loss   | -1.95e+03 |
|    learning_rate   | 0.0001    |
|    n_updates       | 495899    |
|    reward          | 968.00336 |
----------------------------------
EPISODE:  498
EPISODE:  499
EPISODE:  500
EPISODE:  501
----------------------------------
| time/              |           |
|    episodes        | 500       |
|    fps             | 8         |
|    time_elapsed    | 61605     |
|    total_timesteps | 500000    |
| train/             |           |
|    actor_loss      | 1.76e+22  |
|    critic_loss     | inf       |
|    ent_coef        | 4.05e+20  |
|    ent_coef_loss   | -1.96e+03 |
|    learning_rate   | 0.0001    |
|    n_updates       | 499899    |
|    reward          | 968.00336 |
----------------------------------
Saved episode log to Results/4_1/sac/periodic/training_logs/10.csv
