EPISODE:  0
{'n_steps': 2048, 'batch_size': 64, 'learning_rate': 0.0003, 'ent_coef': 0.0}
Using cpu device
EPISODE:  1
EPISODE:  2
EPISODE:  3
-------------------------------------
| time/              |              |
|    fps             | 314          |
|    iterations      | 1            |
|    time_elapsed    | 6            |
|    total_timesteps | 2048         |
| train/             |              |
|    reward          | 0.0057471264 |
-------------------------------------
EPISODE:  4
EPISODE:  5
------------------------------------------
| time/                   |              |
|    fps                  | 262          |
|    iterations           | 2            |
|    time_elapsed         | 15           |
|    total_timesteps      | 4096         |
| train/                  |              |
|    approx_kl            | 0.0072104563 |
|    clip_fraction        | 0.0595       |
|    clip_range           | 0.2          |
|    entropy_loss         | -2.82        |
|    explained_variance   | 0.873        |
|    learning_rate        | 0.0003       |
|    loss                 | 0.00497      |
|    n_updates            | 10           |
|    policy_gradient_loss | -0.00421     |
|    reward               | -0.004166667 |
|    std                  | 0.987        |
|    value_loss           | 0.00311      |
------------------------------------------
EPISODE:  6
EPISODE:  7
------------------------------------------
| time/                   |              |
|    fps                  | 248          |
|    iterations           | 3            |
|    time_elapsed         | 24           |
|    total_timesteps      | 6144         |
| train/                  |              |
|    approx_kl            | 0.0072406847 |
|    clip_fraction        | 0.0501       |
|    clip_range           | 0.2          |
|    entropy_loss         | -2.8         |
|    explained_variance   | 0.888        |
|    learning_rate        | 0.0003       |
|    loss                 | -0.00518     |
|    n_updates            | 20           |
|    policy_gradient_loss | -0.00276     |
|    reward               | -0.003267974 |
|    std                  | 0.972        |
|    value_loss           | 0.000817     |
------------------------------------------
EPISODE:  8
EPISODE:  9
-----------------------------------------
| time/                   |             |
|    fps                  | 241         |
|    iterations           | 4           |
|    time_elapsed         | 33          |
|    total_timesteps      | 8192        |
| train/                  |             |
|    approx_kl            | 0.008644071 |
|    clip_fraction        | 0.0458      |
|    clip_range           | 0.2         |
|    entropy_loss         | -2.77       |
|    explained_variance   | 0.901       |
|    learning_rate        | 0.0003      |
|    loss                 | 0.00104     |
|    n_updates            | 30          |
|    policy_gradient_loss | -0.0028     |
|    reward               | 0.002688172 |
|    std                  | 0.966       |
|    value_loss           | 0.00106     |
-----------------------------------------
EPISODE:  10
EPISODE:  11
------------------------------------------
| time/                   |              |
|    fps                  | 236          |
|    iterations           | 5            |
|    time_elapsed         | 43           |
|    total_timesteps      | 10240        |
| train/                  |              |
|    approx_kl            | 0.0060054967 |
|    clip_fraction        | 0.0474       |
|    clip_range           | 0.2          |
|    entropy_loss         | -2.76        |
|    explained_variance   | 0.882        |
|    learning_rate        | 0.0003       |
|    loss                 | -0.0361      |
|    n_updates            | 40           |
|    policy_gradient_loss | -0.0024      |
|    reward               | -0.002283105 |
|    std                  | 0.961        |
|    value_loss           | 0.000308     |
------------------------------------------
EPISODE:  12
EPISODE:  13
------------------------------------------
| time/                   |              |
|    fps                  | 232          |
|    iterations           | 6            |
|    time_elapsed         | 52           |
|    total_timesteps      | 12288        |
| train/                  |              |
|    approx_kl            | 0.008080838  |
|    clip_fraction        | 0.072        |
|    clip_range           | 0.2          |
|    entropy_loss         | -2.76        |
|    explained_variance   | 0.901        |
|    learning_rate        | 0.0003       |
|    loss                 | 0.0136       |
|    n_updates            | 50           |
|    policy_gradient_loss | -0.0039      |
|    reward               | -0.001984127 |
|    std                  | 0.958        |
|    value_loss           | 0.00018      |
------------------------------------------
EPISODE:  14
EPISODE:  15
-----------------------------------------
| time/                   |             |
|    fps                  | 227         |
|    iterations           | 7           |
|    time_elapsed         | 62          |
|    total_timesteps      | 14336       |
| train/                  |             |
|    approx_kl            | 0.007821159 |
|    clip_fraction        | 0.0859      |
|    clip_range           | 0.2         |
|    entropy_loss         | -2.75       |
|    explained_variance   | 0.889       |
|    learning_rate        | 0.0003      |
|    loss                 | -0.00252    |
|    n_updates            | 60          |
|    policy_gradient_loss | -0.00557    |
|    reward               | 0.001754386 |
|    std                  | 0.958       |
|    value_loss           | 0.000157    |
-----------------------------------------
EPISODE:  16
EPISODE:  17
------------------------------------------
| time/                   |              |
|    fps                  | 224          |
|    iterations           | 8            |
|    time_elapsed         | 73           |
|    total_timesteps      | 16384        |
| train/                  |              |
|    approx_kl            | 0.006580686  |
|    clip_fraction        | 0.0819       |
|    clip_range           | 0.2          |
|    entropy_loss         | -2.74        |
|    explained_variance   | 0.88         |
|    learning_rate        | 0.0003       |
|    loss                 | -0.0154      |
|    n_updates            | 70           |
|    policy_gradient_loss | -0.00448     |
|    reward               | -0.001572327 |
|    std                  | 0.95         |
|    value_loss           | 0.000142     |
------------------------------------------
EPISODE:  18
EPISODE:  19
-------------------------------------------
| time/                   |               |
|    fps                  | 222           |
|    iterations           | 9             |
|    time_elapsed         | 82            |
|    total_timesteps      | 18432         |
| train/                  |               |
|    approx_kl            | 0.0069491826  |
|    clip_fraction        | 0.0818        |
|    clip_range           | 0.2           |
|    entropy_loss         | -2.71         |
|    explained_variance   | 0.869         |
|    learning_rate        | 0.0003        |
|    loss                 | -0.0218       |
|    n_updates            | 80            |
|    policy_gradient_loss | -0.00635      |
|    reward               | -0.0014245014 |
|    std                  | 0.927         |
|    value_loss           | 0.000164      |
-------------------------------------------
EPISODE:  20
EPISODE:  21
------------------------------------------
| time/                   |              |
|    fps                  | 221          |
|    iterations           | 10           |
|    time_elapsed         | 92           |
|    total_timesteps      | 20480        |
| train/                  |              |
|    approx_kl            | 0.0068092206 |
|    clip_fraction        | 0.0886       |
|    clip_range           | 0.2          |
|    entropy_loss         | -2.66        |
|    explained_variance   | 0.873        |
|    learning_rate        | 0.0003       |
|    loss                 | 0.00155      |
|    n_updates            | 90           |
|    policy_gradient_loss | -0.01        |
|    reward               | 0.0013020834 |
|    std                  | 0.908        |
|    value_loss           | 7.93e-05     |
------------------------------------------
EPISODE:  22
EPISODE:  23
-------------------------------------------
| time/                   |               |
|    fps                  | 220           |
|    iterations           | 11            |
|    time_elapsed         | 102           |
|    total_timesteps      | 22528         |
| train/                  |               |
|    approx_kl            | 0.010790169   |
|    clip_fraction        | 0.127         |
|    clip_range           | 0.2           |
|    entropy_loss         | -2.62         |
|    explained_variance   | 0.877         |
|    learning_rate        | 0.0003        |
|    loss                 | -0.0315       |
|    n_updates            | 100           |
|    policy_gradient_loss | -0.0113       |
|    reward               | -0.0011990408 |
|    std                  | 0.884         |
|    value_loss           | 7.63e-05      |
-------------------------------------------
EPISODE:  24
EPISODE:  25
-------------------------------------------
| time/                   |               |
|    fps                  | 220           |
|    iterations           | 12            |
|    time_elapsed         | 111           |
|    total_timesteps      | 24576         |
| train/                  |               |
|    approx_kl            | 0.008869811   |
|    clip_fraction        | 0.0949        |
|    clip_range           | 0.2           |
|    entropy_loss         | -2.57         |
|    explained_variance   | 0.867         |
|    learning_rate        | 0.0003        |
|    loss                 | -0.00763      |
|    n_updates            | 110           |
|    policy_gradient_loss | -0.00878      |
|    reward               | -0.0011111111 |
|    std                  | 0.866         |
|    value_loss           | 7.8e-05       |
-------------------------------------------
EPISODE:  26
EPISODE:  27
-------------------------------------------
| time/                   |               |
|    fps                  | 219           |
|    iterations           | 13            |
|    time_elapsed         | 121           |
|    total_timesteps      | 26624         |
| train/                  |               |
|    approx_kl            | 0.008713256   |
|    clip_fraction        | 0.104         |
|    clip_range           | 0.2           |
|    entropy_loss         | -2.52         |
|    explained_variance   | 0.865         |
|    learning_rate        | 0.0003        |
|    loss                 | -0.0241       |
|    n_updates            | 120           |
|    policy_gradient_loss | -0.00978      |
|    reward               | -0.0010351967 |
|    std                  | 0.844         |
|    value_loss           | 7.12e-05      |
-------------------------------------------
EPISODE:  28
EPISODE:  29
-------------------------------------------
| time/                   |               |
|    fps                  | 219           |
|    iterations           | 14            |
|    time_elapsed         | 130           |
|    total_timesteps      | 28672         |
| train/                  |               |
|    approx_kl            | 0.008977819   |
|    clip_fraction        | 0.115         |
|    clip_range           | 0.2           |
|    entropy_loss         | -2.48         |
|    explained_variance   | 0.899         |
|    learning_rate        | 0.0003        |
|    loss                 | -0.0141       |
|    n_updates            | 130           |
|    policy_gradient_loss | -0.00697      |
|    reward               | 0.00096899224 |
|    std                  | 0.831         |
|    value_loss           | 7.72e-05      |
-------------------------------------------
EPISODE:  30
EPISODE:  31
------------------------------------------
| time/                   |              |
|    fps                  | 219          |
|    iterations           | 15           |
|    time_elapsed         | 139          |
|    total_timesteps      | 30720        |
| train/                  |              |
|    approx_kl            | 0.015250135  |
|    clip_fraction        | 0.11         |
|    clip_range           | 0.2          |
|    entropy_loss         | -2.44        |
|    explained_variance   | 0.942        |
|    learning_rate        | 0.0003       |
|    loss                 | 0.0113       |
|    n_updates            | 140          |
|    policy_gradient_loss | -0.00905     |
|    reward               | 0.0009107468 |
|    std                  | 0.812        |
|    value_loss           | 7.69e-05     |
------------------------------------------
EPISODE:  32
EPISODE:  33
EPISODE:  34
------------------------------------------
| time/                   |              |
|    fps                  | 219          |
|    iterations           | 16           |
|    time_elapsed         | 149          |
|    total_timesteps      | 32768        |
| train/                  |              |
|    approx_kl            | 0.01128495   |
|    clip_fraction        | 0.127        |
|    clip_range           | 0.2          |
|    entropy_loss         | -2.4         |
|    explained_variance   | 0.92         |
|    learning_rate        | 0.0003       |
|    loss                 | -0.00741     |
|    n_updates            | 150          |
|    policy_gradient_loss | -0.00708     |
|    reward               | 0.0057803467 |
|    std                  | 0.798        |
|    value_loss           | 8.49e-05     |
------------------------------------------
EPISODE:  35
EPISODE:  36
------------------------------------------
| time/                   |              |
|    fps                  | 219          |
|    iterations           | 17           |
|    time_elapsed         | 158          |
|    total_timesteps      | 34816        |
| train/                  |              |
|    approx_kl            | 0.0074733365 |
|    clip_fraction        | 0.0676       |
|    clip_range           | 0.2          |
|    entropy_loss         | -2.36        |
|    explained_variance   | 0.953        |
|    learning_rate        | 0.0003       |
|    loss                 | -0.00695     |
|    n_updates            | 160          |
|    policy_gradient_loss | -0.00642     |
|    reward               | 0.0041841003 |
|    std                  | 0.774        |
|    value_loss           | 8.1e-05      |
------------------------------------------
EPISODE:  37
EPISODE:  38
------------------------------------------
| time/                   |              |
|    fps                  | 218          |
|    iterations           | 18           |
|    time_elapsed         | 168          |
|    total_timesteps      | 36864        |
| train/                  |              |
|    approx_kl            | 0.01156165   |
|    clip_fraction        | 0.0872       |
|    clip_range           | 0.2          |
|    entropy_loss         | -2.3         |
|    explained_variance   | 0.969        |
|    learning_rate        | 0.0003       |
|    loss                 | 0.0195       |
|    n_updates            | 170          |
|    policy_gradient_loss | -0.00656     |
|    reward               | 0.0032786885 |
|    std                  | 0.757        |
|    value_loss           | 8.61e-05     |
------------------------------------------
EPISODE:  39
EPISODE:  40
------------------------------------------
| time/                   |              |
|    fps                  | 218          |
|    iterations           | 19           |
|    time_elapsed         | 177          |
|    total_timesteps      | 38912        |
| train/                  |              |
|    approx_kl            | 0.006957261  |
|    clip_fraction        | 0.113        |
|    clip_range           | 0.2          |
|    entropy_loss         | -2.27        |
|    explained_variance   | 0.981        |
|    learning_rate        | 0.0003       |
|    loss                 | -0.00583     |
|    n_updates            | 180          |
|    policy_gradient_loss | -0.00409     |
|    reward               | 0.0026954177 |
|    std                  | 0.749        |
|    value_loss           | 7.31e-05     |
------------------------------------------
EPISODE:  41
EPISODE:  42
------------------------------------------
| time/                   |              |
|    fps                  | 218          |
|    iterations           | 20           |
|    time_elapsed         | 187          |
|    total_timesteps      | 40960        |
| train/                  |              |
|    approx_kl            | 0.008285104  |
|    clip_fraction        | 0.113        |
|    clip_range           | 0.2          |
|    entropy_loss         | -2.24        |
|    explained_variance   | 0.982        |
|    learning_rate        | 0.0003       |
|    loss                 | -0.0131      |
|    n_updates            | 190          |
|    policy_gradient_loss | -0.00417     |
|    reward               | 0.0022883294 |
|    std                  | 0.736        |
|    value_loss           | 0.000576     |
------------------------------------------
EPISODE:  43
EPISODE:  44
------------------------------------------
| time/                   |              |
|    fps                  | 218          |
|    iterations           | 21           |
|    time_elapsed         | 196          |
|    total_timesteps      | 43008        |
| train/                  |              |
|    approx_kl            | 0.008233455  |
|    clip_fraction        | 0.0873       |
|    clip_range           | 0.2          |
|    entropy_loss         | -2.21        |
|    explained_variance   | 0.984        |
|    learning_rate        | 0.0003       |
|    loss                 | -0.0212      |
|    n_updates            | 200          |
|    policy_gradient_loss | -0.00256     |
|    reward               | 0.0019880715 |
|    std                  | 0.725        |
|    value_loss           | 5.8e-05      |
------------------------------------------
EPISODE:  45
EPISODE:  46
------------------------------------------
| time/                   |              |
|    fps                  | 217          |
|    iterations           | 22           |
|    time_elapsed         | 207          |
|    total_timesteps      | 45056        |
| train/                  |              |
|    approx_kl            | 0.008578115  |
|    clip_fraction        | 0.111        |
|    clip_range           | 0.2          |
|    entropy_loss         | -2.19        |
|    explained_variance   | 0.985        |
|    learning_rate        | 0.0003       |
|    loss                 | -0.00504     |
|    n_updates            | 210          |
|    policy_gradient_loss | -0.00127     |
|    reward               | 0.0017574693 |
|    std                  | 0.72         |
|    value_loss           | 5.96e-05     |
------------------------------------------
EPISODE:  47
EPISODE:  48
------------------------------------------
| time/                   |              |
|    fps                  | 216          |
|    iterations           | 23           |
|    time_elapsed         | 217          |
|    total_timesteps      | 47104        |
| train/                  |              |
|    approx_kl            | 0.0090243425 |
|    clip_fraction        | 0.0704       |
|    clip_range           | 0.2          |
|    entropy_loss         | -2.16        |
|    explained_variance   | 0.99         |
|    learning_rate        | 0.0003       |
|    loss                 | 0.0134       |
|    n_updates            | 220          |
|    policy_gradient_loss | -0.00135     |
|    reward               | 0.0015748031 |
|    std                  | 0.703        |
|    value_loss           | 8.91e-05     |
------------------------------------------
EPISODE:  49
EPISODE:  50
-------------------------------------------
| time/                   |               |
|    fps                  | 215           |
|    iterations           | 24            |
|    time_elapsed         | 228           |
|    total_timesteps      | 49152         |
| train/                  |               |
|    approx_kl            | 0.00794433    |
|    clip_fraction        | 0.0797        |
|    clip_range           | 0.2           |
|    entropy_loss         | -2.12         |
|    explained_variance   | 0.989         |
|    learning_rate        | 0.0003        |
|    loss                 | 0.00938       |
|    n_updates            | 230           |
|    policy_gradient_loss | -0.00223      |
|    reward               | -0.0014265336 |
|    std                  | 0.692         |
|    value_loss           | 9.4e-05       |
-------------------------------------------
EPISODE:  51
EPISODE:  52
------------------------------------------
| time/                   |              |
|    fps                  | 213          |
|    iterations           | 25           |
|    time_elapsed         | 239          |
|    total_timesteps      | 51200        |
| train/                  |              |
|    approx_kl            | 0.0067475243 |
|    clip_fraction        | 0.0727       |
|    clip_range           | 0.2          |
|    entropy_loss         | -2.1         |
|    explained_variance   | 0.989        |
|    learning_rate        | 0.0003       |
|    loss                 | -0.0222      |
|    n_updates            | 240          |
|    policy_gradient_loss | 0.00037      |
|    reward               | 0.0013037809 |
|    std                  | 0.691        |
|    value_loss           | 0.000117     |
------------------------------------------
Saved episode log to Results\250619_hc_binary_udp\ppo\upward\training_logs\02.csv
