EPISODE:  0
{'n_steps': 2048, 'batch_size': 64, 'learning_rate': 0.0003, 'ent_coef': 0.0}
Using cpu device
EPISODE:  1
EPISODE:  2
EPISODE:  3
--------------------------------------
| time/              |               |
|    fps             | 227           |
|    iterations      | 1             |
|    time_elapsed    | 8             |
|    total_timesteps | 2048          |
| train/             |               |
|    reward          | -0.0057471264 |
--------------------------------------
EPISODE:  4
EPISODE:  5
------------------------------------------
| time/                   |              |
|    fps                  | 211          |
|    iterations           | 2            |
|    time_elapsed         | 19           |
|    total_timesteps      | 4096         |
| train/                  |              |
|    approx_kl            | 0.0046647624 |
|    clip_fraction        | 0.0415       |
|    clip_range           | 0.2          |
|    entropy_loss         | -2.83        |
|    explained_variance   | -0.209       |
|    learning_rate        | 0.0003       |
|    loss                 | 0.0105       |
|    n_updates            | 10           |
|    policy_gradient_loss | -0.00306     |
|    reward               | -0.004166667 |
|    std                  | 0.997        |
|    value_loss           | 0.00107      |
------------------------------------------
EPISODE:  6
EPISODE:  7
-----------------------------------------
| time/                   |             |
|    fps                  | 205         |
|    iterations           | 3           |
|    time_elapsed         | 29          |
|    total_timesteps      | 6144        |
| train/                  |             |
|    approx_kl            | 0.008253226 |
|    clip_fraction        | 0.0976      |
|    clip_range           | 0.2         |
|    entropy_loss         | -2.84       |
|    explained_variance   | 0.0905      |
|    learning_rate        | 0.0003      |
|    loss                 | -0.016      |
|    n_updates            | 20          |
|    policy_gradient_loss | -0.00698    |
|    reward               | 0.003267974 |
|    std                  | 1           |
|    value_loss           | 0.000721    |
-----------------------------------------
EPISODE:  8
EPISODE:  9
-----------------------------------------
| time/                   |             |
|    fps                  | 166         |
|    iterations           | 4           |
|    time_elapsed         | 49          |
|    total_timesteps      | 8192        |
| train/                  |             |
|    approx_kl            | 0.012341842 |
|    clip_fraction        | 0.159       |
|    clip_range           | 0.2         |
|    entropy_loss         | -2.84       |
|    explained_variance   | -0.0255     |
|    learning_rate        | 0.0003      |
|    loss                 | 0.0216      |
|    n_updates            | 30          |
|    policy_gradient_loss | -0.00973    |
|    reward               | 0.002688172 |
|    std                  | 1           |
|    value_loss           | 0.00059     |
-----------------------------------------
EPISODE:  10
EPISODE:  11
------------------------------------------
| time/                   |              |
|    fps                  | 155          |
|    iterations           | 5            |
|    time_elapsed         | 66           |
|    total_timesteps      | 10240        |
| train/                  |              |
|    approx_kl            | 0.01333743   |
|    clip_fraction        | 0.186        |
|    clip_range           | 0.2          |
|    entropy_loss         | -2.82        |
|    explained_variance   | 0.296        |
|    learning_rate        | 0.0003       |
|    loss                 | 0.0101       |
|    n_updates            | 40           |
|    policy_gradient_loss | -0.0109      |
|    reward               | -0.002283105 |
|    std                  | 0.981        |
|    value_loss           | 0.000332     |
------------------------------------------
EPISODE:  12
EPISODE:  13
-----------------------------------------
| time/                   |             |
|    fps                  | 148         |
|    iterations           | 6           |
|    time_elapsed         | 82          |
|    total_timesteps      | 12288       |
| train/                  |             |
|    approx_kl            | 0.015561724 |
|    clip_fraction        | 0.167       |
|    clip_range           | 0.2         |
|    entropy_loss         | -2.78       |
|    explained_variance   | 0.137       |
|    learning_rate        | 0.0003      |
|    loss                 | -0.0164     |
|    n_updates            | 50          |
|    policy_gradient_loss | -0.00645    |
|    reward               | 0.001984127 |
|    std                  | 0.961       |
|    value_loss           | 0.000241    |
-----------------------------------------
EPISODE:  14
EPISODE:  15
-----------------------------------------
| time/                   |             |
|    fps                  | 141         |
|    iterations           | 7           |
|    time_elapsed         | 101         |
|    total_timesteps      | 14336       |
| train/                  |             |
|    approx_kl            | 0.013298407 |
|    clip_fraction        | 0.12        |
|    clip_range           | 0.2         |
|    entropy_loss         | -2.71       |
|    explained_variance   | 0.0789      |
|    learning_rate        | 0.0003      |
|    loss                 | 0.00116     |
|    n_updates            | 60          |
|    policy_gradient_loss | -0.0119     |
|    reward               | 0.001754386 |
|    std                  | 0.92        |
|    value_loss           | 0.000206    |
-----------------------------------------
EPISODE:  16
EPISODE:  17
-----------------------------------------
| time/                   |             |
|    fps                  | 138         |
|    iterations           | 8           |
|    time_elapsed         | 118         |
|    total_timesteps      | 16384       |
| train/                  |             |
|    approx_kl            | 0.01392648  |
|    clip_fraction        | 0.192       |
|    clip_range           | 0.2         |
|    entropy_loss         | -2.64       |
|    explained_variance   | 0.407       |
|    learning_rate        | 0.0003      |
|    loss                 | -0.0227     |
|    n_updates            | 70          |
|    policy_gradient_loss | -0.0172     |
|    reward               | 0.001572327 |
|    std                  | 0.893       |
|    value_loss           | 0.000171    |
-----------------------------------------
EPISODE:  18
EPISODE:  19
------------------------------------------
| time/                   |              |
|    fps                  | 134          |
|    iterations           | 9            |
|    time_elapsed         | 136          |
|    total_timesteps      | 18432        |
| train/                  |              |
|    approx_kl            | 0.011948218  |
|    clip_fraction        | 0.119        |
|    clip_range           | 0.2          |
|    entropy_loss         | -2.58        |
|    explained_variance   | 0.536        |
|    learning_rate        | 0.0003       |
|    loss                 | -0.00584     |
|    n_updates            | 80           |
|    policy_gradient_loss | -0.0123      |
|    reward               | 0.0014245014 |
|    std                  | 0.866        |
|    value_loss           | 0.000125     |
------------------------------------------
EPISODE:  20
EPISODE:  21
-------------------------------------------
| time/                   |               |
|    fps                  | 133           |
|    iterations           | 10            |
|    time_elapsed         | 153           |
|    total_timesteps      | 20480         |
| train/                  |               |
|    approx_kl            | 0.012816304   |
|    clip_fraction        | 0.145         |
|    clip_range           | 0.2           |
|    entropy_loss         | -2.53         |
|    explained_variance   | 0.677         |
|    learning_rate        | 0.0003        |
|    loss                 | -0.00968      |
|    n_updates            | 90            |
|    policy_gradient_loss | -0.0061       |
|    reward               | -0.0013020834 |
|    std                  | 0.849         |
|    value_loss           | 7.43e-05      |
-------------------------------------------
EPISODE:  22
EPISODE:  23
------------------------------------------
| time/                   |              |
|    fps                  | 131          |
|    iterations           | 11           |
|    time_elapsed         | 171          |
|    total_timesteps      | 22528        |
| train/                  |              |
|    approx_kl            | 0.00809186   |
|    clip_fraction        | 0.0848       |
|    clip_range           | 0.2          |
|    entropy_loss         | -2.47        |
|    explained_variance   | 0.837        |
|    learning_rate        | 0.0003       |
|    loss                 | -0.0044      |
|    n_updates            | 100          |
|    policy_gradient_loss | -0.0065      |
|    reward               | 0.0011990408 |
|    std                  | 0.82         |
|    value_loss           | 0.000122     |
------------------------------------------
EPISODE:  24
EPISODE:  25
------------------------------------------
| time/                   |              |
|    fps                  | 130          |
|    iterations           | 12           |
|    time_elapsed         | 188          |
|    total_timesteps      | 24576        |
| train/                  |              |
|    approx_kl            | 0.010078935  |
|    clip_fraction        | 0.119        |
|    clip_range           | 0.2          |
|    entropy_loss         | -2.41        |
|    explained_variance   | 0.929        |
|    learning_rate        | 0.0003       |
|    loss                 | -0.0428      |
|    n_updates            | 110          |
|    policy_gradient_loss | -0.0126      |
|    reward               | 0.0011111111 |
|    std                  | 0.795        |
|    value_loss           | 8.82e-05     |
------------------------------------------
EPISODE:  26
EPISODE:  27
------------------------------------------
| time/                   |              |
|    fps                  | 129          |
|    iterations           | 13           |
|    time_elapsed         | 205          |
|    total_timesteps      | 26624        |
| train/                  |              |
|    approx_kl            | 0.008655323  |
|    clip_fraction        | 0.0879       |
|    clip_range           | 0.2          |
|    entropy_loss         | -2.35        |
|    explained_variance   | 0.935        |
|    learning_rate        | 0.0003       |
|    loss                 | -0.0158      |
|    n_updates            | 120          |
|    policy_gradient_loss | -0.00916     |
|    reward               | 0.0010351967 |
|    std                  | 0.77         |
|    value_loss           | 7.28e-05     |
------------------------------------------
EPISODE:  28
EPISODE:  29
-------------------------------------------
| time/                   |               |
|    fps                  | 129           |
|    iterations           | 14            |
|    time_elapsed         | 222           |
|    total_timesteps      | 28672         |
| train/                  |               |
|    approx_kl            | 0.008974787   |
|    clip_fraction        | 0.114         |
|    clip_range           | 0.2           |
|    entropy_loss         | -2.29         |
|    explained_variance   | 0.971         |
|    learning_rate        | 0.0003        |
|    loss                 | -0.00711      |
|    n_updates            | 130           |
|    policy_gradient_loss | -0.0124       |
|    reward               | 0.00096899224 |
|    std                  | 0.751         |
|    value_loss           | 7.38e-05      |
-------------------------------------------
EPISODE:  30
EPISODE:  31
------------------------------------------
| time/                   |              |
|    fps                  | 128          |
|    iterations           | 15           |
|    time_elapsed         | 239          |
|    total_timesteps      | 30720        |
| train/                  |              |
|    approx_kl            | 0.008942539  |
|    clip_fraction        | 0.11         |
|    clip_range           | 0.2          |
|    entropy_loss         | -2.24        |
|    explained_variance   | 0.967        |
|    learning_rate        | 0.0003       |
|    loss                 | -0.0114      |
|    n_updates            | 140          |
|    policy_gradient_loss | -0.0101      |
|    reward               | 0.0009107468 |
|    std                  | 0.733        |
|    value_loss           | 7.52e-05     |
------------------------------------------
EPISODE:  32
EPISODE:  33
EPISODE:  34
------------------------------------------
| time/                   |              |
|    fps                  | 127          |
|    iterations           | 16           |
|    time_elapsed         | 257          |
|    total_timesteps      | 32768        |
| train/                  |              |
|    approx_kl            | 0.0065994794 |
|    clip_fraction        | 0.0942       |
|    clip_range           | 0.2          |
|    entropy_loss         | -2.19        |
|    explained_variance   | 0.977        |
|    learning_rate        | 0.0003       |
|    loss                 | 0.00465      |
|    n_updates            | 150          |
|    policy_gradient_loss | -0.00454     |
|    reward               | 0.0057803467 |
|    std                  | 0.718        |
|    value_loss           | 0.000167     |
------------------------------------------
EPISODE:  35
EPISODE:  36
------------------------------------------
| time/                   |              |
|    fps                  | 125          |
|    iterations           | 17           |
|    time_elapsed         | 277          |
|    total_timesteps      | 34816        |
| train/                  |              |
|    approx_kl            | 0.008097466  |
|    clip_fraction        | 0.0931       |
|    clip_range           | 0.2          |
|    entropy_loss         | -2.16        |
|    explained_variance   | 0.985        |
|    learning_rate        | 0.0003       |
|    loss                 | -0.0309      |
|    n_updates            | 160          |
|    policy_gradient_loss | -0.00638     |
|    reward               | 0.0041841003 |
|    std                  | 0.709        |
|    value_loss           | 0.000132     |
------------------------------------------
EPISODE:  37
EPISODE:  38
------------------------------------------
| time/                   |              |
|    fps                  | 125          |
|    iterations           | 18           |
|    time_elapsed         | 294          |
|    total_timesteps      | 36864        |
| train/                  |              |
|    approx_kl            | 0.010565743  |
|    clip_fraction        | 0.0712       |
|    clip_range           | 0.2          |
|    entropy_loss         | -2.13        |
|    explained_variance   | 0.985        |
|    learning_rate        | 0.0003       |
|    loss                 | -0.0122      |
|    n_updates            | 170          |
|    policy_gradient_loss | -0.00309     |
|    reward               | 0.0032786885 |
|    std                  | 0.695        |
|    value_loss           | 9.05e-05     |
------------------------------------------
EPISODE:  39
EPISODE:  40
------------------------------------------
| time/                   |              |
|    fps                  | 124          |
|    iterations           | 19           |
|    time_elapsed         | 312          |
|    total_timesteps      | 38912        |
| train/                  |              |
|    approx_kl            | 0.009157419  |
|    clip_fraction        | 0.101        |
|    clip_range           | 0.2          |
|    entropy_loss         | -2.11        |
|    explained_variance   | 0.986        |
|    learning_rate        | 0.0003       |
|    loss                 | -0.00498     |
|    n_updates            | 180          |
|    policy_gradient_loss | -0.00655     |
|    reward               | 0.0026954177 |
|    std                  | 0.695        |
|    value_loss           | 0.000211     |
------------------------------------------
EPISODE:  41
EPISODE:  42
------------------------------------------
| time/                   |              |
|    fps                  | 124          |
|    iterations           | 20           |
|    time_elapsed         | 329          |
|    total_timesteps      | 40960        |
| train/                  |              |
|    approx_kl            | 0.009073487  |
|    clip_fraction        | 0.0694       |
|    clip_range           | 0.2          |
|    entropy_loss         | -2.09        |
|    explained_variance   | 0.988        |
|    learning_rate        | 0.0003       |
|    loss                 | -0.0208      |
|    n_updates            | 190          |
|    policy_gradient_loss | -0.00514     |
|    reward               | 0.0022883294 |
|    std                  | 0.685        |
|    value_loss           | 8.44e-05     |
------------------------------------------
EPISODE:  43
EPISODE:  44
------------------------------------------
| time/                   |              |
|    fps                  | 124          |
|    iterations           | 21           |
|    time_elapsed         | 344          |
|    total_timesteps      | 43008        |
| train/                  |              |
|    approx_kl            | 0.010984634  |
|    clip_fraction        | 0.0935       |
|    clip_range           | 0.2          |
|    entropy_loss         | -2.07        |
|    explained_variance   | 0.99         |
|    learning_rate        | 0.0003       |
|    loss                 | -0.0145      |
|    n_updates            | 200          |
|    policy_gradient_loss | -0.00344     |
|    reward               | 0.0019880715 |
|    std                  | 0.679        |
|    value_loss           | 0.000112     |
------------------------------------------
EPISODE:  45
EPISODE:  46
------------------------------------------
| time/                   |              |
|    fps                  | 124          |
|    iterations           | 22           |
|    time_elapsed         | 361          |
|    total_timesteps      | 45056        |
| train/                  |              |
|    approx_kl            | 0.0062716436 |
|    clip_fraction        | 0.084        |
|    clip_range           | 0.2          |
|    entropy_loss         | -2.06        |
|    explained_variance   | 0.988        |
|    learning_rate        | 0.0003       |
|    loss                 | 0.00761      |
|    n_updates            | 210          |
|    policy_gradient_loss | 0.00175      |
|    reward               | 0.0017574693 |
|    std                  | 0.677        |
|    value_loss           | 0.000458     |
------------------------------------------
EPISODE:  47
EPISODE:  48
------------------------------------------
| time/                   |              |
|    fps                  | 123          |
|    iterations           | 23           |
|    time_elapsed         | 380          |
|    total_timesteps      | 47104        |
| train/                  |              |
|    approx_kl            | 0.0086048115 |
|    clip_fraction        | 0.0899       |
|    clip_range           | 0.2          |
|    entropy_loss         | -2.05        |
|    explained_variance   | 0.987        |
|    learning_rate        | 0.0003       |
|    loss                 | 0.00838      |
|    n_updates            | 220          |
|    policy_gradient_loss | -0.000505    |
|    reward               | 0.0015748031 |
|    std                  | 0.675        |
|    value_loss           | 0.000505     |
------------------------------------------
EPISODE:  49
EPISODE:  50
------------------------------------------
| time/                   |              |
|    fps                  | 123          |
|    iterations           | 24           |
|    time_elapsed         | 397          |
|    total_timesteps      | 49152        |
| train/                  |              |
|    approx_kl            | 0.006854417  |
|    clip_fraction        | 0.102        |
|    clip_range           | 0.2          |
|    entropy_loss         | -2.04        |
|    explained_variance   | 0.978        |
|    learning_rate        | 0.0003       |
|    loss                 | 0.00085      |
|    n_updates            | 230          |
|    policy_gradient_loss | -0.00358     |
|    reward               | 0.0014265336 |
|    std                  | 0.671        |
|    value_loss           | 0.000218     |
------------------------------------------
EPISODE:  51
EPISODE:  52
------------------------------------------
| time/                   |              |
|    fps                  | 122          |
|    iterations           | 25           |
|    time_elapsed         | 416          |
|    total_timesteps      | 51200        |
| train/                  |              |
|    approx_kl            | 0.007534996  |
|    clip_fraction        | 0.0934       |
|    clip_range           | 0.2          |
|    entropy_loss         | -2.06        |
|    explained_variance   | 0.98         |
|    learning_rate        | 0.0003       |
|    loss                 | 0.00959      |
|    n_updates            | 240          |
|    policy_gradient_loss | -0.00363     |
|    reward               | 0.0013037809 |
|    std                  | 0.682        |
|    value_loss           | 0.000233     |
------------------------------------------
Saved episode log to Results\250619_hc_binary_udp\ppo\upward\training_logs\03.csv
