EPISODE:  0
{'batch_size': 128, 'buffer_size': 1000000, 'learning_rate': 0.0001, 'learning_starts': 100, 'ent_coef': 'auto_0.1'}
Using cuda device
EPISODE:  1
EPISODE:  2
EPISODE:  3
EPISODE:  4
EPISODE:  5
----------------------------------
| time/              |           |
|    episodes        | 4         |
|    fps             | 3         |
|    time_elapsed    | 1188      |
|    total_timesteps | 4000      |
| train/             |           |
|    actor_loss      | -1.72e+04 |
|    critic_loss     | 1.09e+04  |
|    ent_coef        | 0.15      |
|    ent_coef_loss   | 35.6      |
|    learning_rate   | 0.0001    |
|    n_updates       | 3899      |
|    reward          | 944.5469  |
----------------------------------
EPISODE:  6
EPISODE:  7
EPISODE:  8
EPISODE:  9
----------------------------------
| time/              |           |
|    episodes        | 8         |
|    fps             | 3         |
|    time_elapsed    | 2401      |
|    total_timesteps | 8000      |
| train/             |           |
|    actor_loss      | -3.18e+04 |
|    critic_loss     | 3.91e+04  |
|    ent_coef        | 0.224     |
|    ent_coef_loss   | 28        |
|    learning_rate   | 0.0001    |
|    n_updates       | 7899      |
|    reward          | 944.5469  |
----------------------------------
EPISODE:  10
EPISODE:  11
EPISODE:  12
EPISODE:  13
----------------------------------
| time/              |           |
|    episodes        | 12        |
|    fps             | 3         |
|    time_elapsed    | 3614      |
|    total_timesteps | 12000     |
| train/             |           |
|    actor_loss      | -4.33e+04 |
|    critic_loss     | 8.52e+04  |
|    ent_coef        | 0.334     |
|    ent_coef_loss   | 20.6      |
|    learning_rate   | 0.0001    |
|    n_updates       | 11899     |
|    reward          | 944.5469  |
----------------------------------
EPISODE:  14
EPISODE:  15
EPISODE:  16
EPISODE:  17
----------------------------------
| time/              |           |
|    episodes        | 16        |
|    fps             | 3         |
|    time_elapsed    | 4828      |
|    total_timesteps | 16000     |
| train/             |           |
|    actor_loss      | -5.26e+04 |
|    critic_loss     | 1.31e+05  |
|    ent_coef        | 0.498     |
|    ent_coef_loss   | 13.1      |
|    learning_rate   | 0.0001    |
|    n_updates       | 15899     |
|    reward          | 944.5469  |
----------------------------------
EPISODE:  18
EPISODE:  19
EPISODE:  20
EPISODE:  21
----------------------------------
| time/              |           |
|    episodes        | 20        |
|    fps             | 3         |
|    time_elapsed    | 6041      |
|    total_timesteps | 20000     |
| train/             |           |
|    actor_loss      | -6.05e+04 |
|    critic_loss     | 1.72e+05  |
|    ent_coef        | 0.743     |
|    ent_coef_loss   | 5.52      |
|    learning_rate   | 0.0001    |
|    n_updates       | 19899     |
|    reward          | 944.5469  |
----------------------------------
EPISODE:  22
EPISODE:  23
EPISODE:  24
EPISODE:  25
----------------------------------
| time/              |           |
|    episodes        | 24        |
|    fps             | 3         |
|    time_elapsed    | 7252      |
|    total_timesteps | 24000     |
| train/             |           |
|    actor_loss      | -6.65e+04 |
|    critic_loss     | 2.04e+05  |
|    ent_coef        | 1.11      |
|    ent_coef_loss   | -1.92     |
|    learning_rate   | 0.0001    |
|    n_updates       | 23899     |
|    reward          | 944.5469  |
----------------------------------
EPISODE:  26
EPISODE:  27
EPISODE:  28
EPISODE:  29
----------------------------------
| time/              |           |
|    episodes        | 28        |
|    fps             | 3         |
|    time_elapsed    | 8463      |
|    total_timesteps | 28000     |
| train/             |           |
|    actor_loss      | -7.05e+04 |
|    critic_loss     | 2.5e+05   |
|    ent_coef        | 1.65      |
|    ent_coef_loss   | -9.36     |
|    learning_rate   | 0.0001    |
|    n_updates       | 27899     |
|    reward          | 944.5469  |
----------------------------------
EPISODE:  30
EPISODE:  31
EPISODE:  32
EPISODE:  33
---------------------------------
| time/              |          |
|    episodes        | 32       |
|    fps             | 3        |
|    time_elapsed    | 9676     |
|    total_timesteps | 32000    |
| train/             |          |
|    actor_loss      | -7.4e+04 |
|    critic_loss     | 3.41e+05 |
|    ent_coef        | 2.47     |
|    ent_coef_loss   | -16.7    |
|    learning_rate   | 0.0001   |
|    n_updates       | 31899    |
|    reward          | 944.5469 |
---------------------------------
EPISODE:  34
EPISODE:  35
EPISODE:  36
EPISODE:  37
----------------------------------
| time/              |           |
|    episodes        | 36        |
|    fps             | 3         |
|    time_elapsed    | 10889     |
|    total_timesteps | 36000     |
| train/             |           |
|    actor_loss      | -7.62e+04 |
|    critic_loss     | 4.41e+05  |
|    ent_coef        | 3.68      |
|    ent_coef_loss   | -24.5     |
|    learning_rate   | 0.0001    |
|    n_updates       | 35899     |
|    reward          | 944.5469  |
----------------------------------
EPISODE:  38
EPISODE:  39
EPISODE:  40
EPISODE:  41
----------------------------------
| time/              |           |
|    episodes        | 40        |
|    fps             | 3         |
|    time_elapsed    | 12101     |
|    total_timesteps | 40000     |
| train/             |           |
|    actor_loss      | -7.75e+04 |
|    critic_loss     | 3.77e+05  |
|    ent_coef        | 5.49      |
|    ent_coef_loss   | -32       |
|    learning_rate   | 0.0001    |
|    n_updates       | 39899     |
|    reward          | 944.5469  |
----------------------------------
EPISODE:  42
EPISODE:  43
EPISODE:  44
EPISODE:  45
----------------------------------
| time/              |           |
|    episodes        | 44        |
|    fps             | 3         |
|    time_elapsed    | 13314     |
|    total_timesteps | 44000     |
| train/             |           |
|    actor_loss      | -7.68e+04 |
|    critic_loss     | 3.93e+05  |
|    ent_coef        | 8.18      |
|    ent_coef_loss   | -39.4     |
|    learning_rate   | 0.0001    |
|    n_updates       | 43899     |
|    reward          | 944.5469  |
----------------------------------
EPISODE:  46
EPISODE:  47
EPISODE:  48
EPISODE:  49
----------------------------------
| time/              |           |
|    episodes        | 48        |
|    fps             | 3         |
|    time_elapsed    | 14525     |
|    total_timesteps | 48000     |
| train/             |           |
|    actor_loss      | -7.65e+04 |
|    critic_loss     | 4.05e+05  |
|    ent_coef        | 12.2      |
|    ent_coef_loss   | -46.9     |
|    learning_rate   | 0.0001    |
|    n_updates       | 47899     |
|    reward          | 944.5469  |
----------------------------------
EPISODE:  50
EPISODE:  51
EPISODE:  52
EPISODE:  53
----------------------------------
| time/              |           |
|    episodes        | 52        |
|    fps             | 3         |
|    time_elapsed    | 15736     |
|    total_timesteps | 52000     |
| train/             |           |
|    actor_loss      | -7.33e+04 |
|    critic_loss     | 3.35e+05  |
|    ent_coef        | 18.2      |
|    ent_coef_loss   | -54.4     |
|    learning_rate   | 0.0001    |
|    n_updates       | 51899     |
|    reward          | 944.5469  |
----------------------------------
EPISODE:  54
EPISODE:  55
EPISODE:  56
EPISODE:  57
----------------------------------
| time/              |           |
|    episodes        | 56        |
|    fps             | 3         |
|    time_elapsed    | 16949     |
|    total_timesteps | 56000     |
| train/             |           |
|    actor_loss      | -6.85e+04 |
|    critic_loss     | 3.53e+05  |
|    ent_coef        | 27.2      |
|    ent_coef_loss   | -61.9     |
|    learning_rate   | 0.0001    |
|    n_updates       | 55899     |
|    reward          | 944.5469  |
----------------------------------
EPISODE:  58
EPISODE:  59
EPISODE:  60
EPISODE:  61
----------------------------------
| time/              |           |
|    episodes        | 60        |
|    fps             | 3         |
|    time_elapsed    | 18163     |
|    total_timesteps | 60000     |
| train/             |           |
|    actor_loss      | -6.07e+04 |
|    critic_loss     | 2.72e+05  |
|    ent_coef        | 40.5      |
|    ent_coef_loss   | -69.8     |
|    learning_rate   | 0.0001    |
|    n_updates       | 59899     |
|    reward          | 944.5469  |
----------------------------------
EPISODE:  62
EPISODE:  63
EPISODE:  64
EPISODE:  65
----------------------------------
| time/              |           |
|    episodes        | 64        |
|    fps             | 3         |
|    time_elapsed    | 19376     |
|    total_timesteps | 64000     |
| train/             |           |
|    actor_loss      | -4.66e+04 |
|    critic_loss     | 2.11e+05  |
|    ent_coef        | 60.5      |
|    ent_coef_loss   | -77.6     |
|    learning_rate   | 0.0001    |
|    n_updates       | 63899     |
|    reward          | 944.5469  |
----------------------------------
EPISODE:  66
EPISODE:  67
EPISODE:  68
EPISODE:  69
----------------------------------
| time/              |           |
|    episodes        | 68        |
|    fps             | 3         |
|    time_elapsed    | 20588     |
|    total_timesteps | 68000     |
| train/             |           |
|    actor_loss      | -2.67e+04 |
|    critic_loss     | 1.25e+05  |
|    ent_coef        | 90.2      |
|    ent_coef_loss   | -84.9     |
|    learning_rate   | 0.0001    |
|    n_updates       | 67899     |
|    reward          | 944.5469  |
----------------------------------
EPISODE:  70
EPISODE:  71
EPISODE:  72
EPISODE:  73
---------------------------------
| time/              |          |
|    episodes        | 72       |
|    fps             | 3        |
|    time_elapsed    | 21804    |
|    total_timesteps | 72000    |
| train/             |          |
|    actor_loss      | 3.83e+03 |
|    critic_loss     | 1.36e+05 |
|    ent_coef        | 135      |
|    ent_coef_loss   | -92.5    |
|    learning_rate   | 0.0001   |
|    n_updates       | 71899    |
|    reward          | 944.5469 |
---------------------------------
EPISODE:  74
EPISODE:  75
EPISODE:  76
EPISODE:  77
---------------------------------
| time/              |          |
|    episodes        | 76       |
|    fps             | 3        |
|    time_elapsed    | 23018    |
|    total_timesteps | 76000    |
| train/             |          |
|    actor_loss      | 4.84e+04 |
|    critic_loss     | 7.47e+04 |
|    ent_coef        | 201      |
|    ent_coef_loss   | -100     |
|    learning_rate   | 0.0001   |
|    n_updates       | 75899    |
|    reward          | 944.5469 |
---------------------------------
EPISODE:  78
EPISODE:  79
EPISODE:  80
EPISODE:  81
---------------------------------
| time/              |          |
|    episodes        | 80       |
|    fps             | 3        |
|    time_elapsed    | 24233    |
|    total_timesteps | 80000    |
| train/             |          |
|    actor_loss      | 1.16e+05 |
|    critic_loss     | 3.2e+05  |
|    ent_coef        | 300      |
|    ent_coef_loss   | -107     |
|    learning_rate   | 0.0001   |
|    n_updates       | 79899    |
|    reward          | 944.5469 |
---------------------------------
EPISODE:  82
EPISODE:  83
EPISODE:  84
EPISODE:  85
---------------------------------
| time/              |          |
|    episodes        | 84       |
|    fps             | 3        |
|    time_elapsed    | 25448    |
|    total_timesteps | 84000    |
| train/             |          |
|    actor_loss      | 2.18e+05 |
|    critic_loss     | 7.83e+05 |
|    ent_coef        | 447      |
|    ent_coef_loss   | -115     |
|    learning_rate   | 0.0001   |
|    n_updates       | 83899    |
|    reward          | 944.5469 |
---------------------------------
EPISODE:  86
EPISODE:  87
EPISODE:  88
EPISODE:  89
---------------------------------
| time/              |          |
|    episodes        | 88       |
|    fps             | 3        |
|    time_elapsed    | 26663    |
|    total_timesteps | 88000    |
| train/             |          |
|    actor_loss      | 3.69e+05 |
|    critic_loss     | 4.05e+06 |
|    ent_coef        | 668      |
|    ent_coef_loss   | -122     |
|    learning_rate   | 0.0001   |
|    n_updates       | 87899    |
|    reward          | 944.5469 |
---------------------------------
EPISODE:  90
EPISODE:  91
EPISODE:  92
EPISODE:  93
---------------------------------
| time/              |          |
|    episodes        | 92       |
|    fps             | 3        |
|    time_elapsed    | 27877    |
|    total_timesteps | 92000    |
| train/             |          |
|    actor_loss      | 5.94e+05 |
|    critic_loss     | 1.1e+07  |
|    ent_coef        | 996      |
|    ent_coef_loss   | -130     |
|    learning_rate   | 0.0001   |
|    n_updates       | 91899    |
|    reward          | 944.5469 |
---------------------------------
EPISODE:  94
EPISODE:  95
EPISODE:  96
EPISODE:  97
---------------------------------
| time/              |          |
|    episodes        | 96       |
|    fps             | 3        |
|    time_elapsed    | 29092    |
|    total_timesteps | 96000    |
| train/             |          |
|    actor_loss      | 9.32e+05 |
|    critic_loss     | 2.95e+07 |
|    ent_coef        | 1.49e+03 |
|    ent_coef_loss   | -138     |
|    learning_rate   | 0.0001   |
|    n_updates       | 95899    |
|    reward          | 944.5469 |
---------------------------------
EPISODE:  98
EPISODE:  99
EPISODE:  100
EPISODE:  101
---------------------------------
| time/              |          |
|    episodes        | 100      |
|    fps             | 3        |
|    time_elapsed    | 30307    |
|    total_timesteps | 100000   |
| train/             |          |
|    actor_loss      | 1.43e+06 |
|    critic_loss     | 6.3e+07  |
|    ent_coef        | 2.22e+03 |
|    ent_coef_loss   | -146     |
|    learning_rate   | 0.0001   |
|    n_updates       | 99899    |
|    reward          | 944.5469 |
---------------------------------
EPISODE:  102
EPISODE:  103
EPISODE:  104
EPISODE:  105
---------------------------------
| time/              |          |
|    episodes        | 104      |
|    fps             | 3        |
|    time_elapsed    | 31520    |
|    total_timesteps | 104000   |
| train/             |          |
|    actor_loss      | 2.18e+06 |
|    critic_loss     | 1.65e+08 |
|    ent_coef        | 3.31e+03 |
|    ent_coef_loss   | -152     |
|    learning_rate   | 0.0001   |
|    n_updates       | 103899   |
|    reward          | 944.5469 |
---------------------------------
EPISODE:  106
EPISODE:  107
EPISODE:  108
EPISODE:  109
---------------------------------
| time/              |          |
|    episodes        | 108      |
|    fps             | 3        |
|    time_elapsed    | 32735    |
|    total_timesteps | 108000   |
| train/             |          |
|    actor_loss      | 3.29e+06 |
|    critic_loss     | 2.92e+08 |
|    ent_coef        | 4.94e+03 |
|    ent_coef_loss   | -159     |
|    learning_rate   | 0.0001   |
|    n_updates       | 107899   |
|    reward          | 944.5469 |
---------------------------------
EPISODE:  110
EPISODE:  111
EPISODE:  112
EPISODE:  113
---------------------------------
| time/              |          |
|    episodes        | 112      |
|    fps             | 3        |
|    time_elapsed    | 33950    |
|    total_timesteps | 112000   |
| train/             |          |
|    actor_loss      | 4.92e+06 |
|    critic_loss     | 8.83e+08 |
|    ent_coef        | 7.37e+03 |
|    ent_coef_loss   | -167     |
|    learning_rate   | 0.0001   |
|    n_updates       | 111899   |
|    reward          | 944.5469 |
---------------------------------
EPISODE:  114
EPISODE:  115
EPISODE:  116
EPISODE:  117
---------------------------------
| time/              |          |
|    episodes        | 116      |
|    fps             | 3        |
|    time_elapsed    | 35164    |
|    total_timesteps | 116000   |
| train/             |          |
|    actor_loss      | 7.4e+06  |
|    critic_loss     | 2.14e+09 |
|    ent_coef        | 1.1e+04  |
|    ent_coef_loss   | -175     |
|    learning_rate   | 0.0001   |
|    n_updates       | 115899   |
|    reward          | 944.5469 |
---------------------------------
EPISODE:  118
EPISODE:  119
EPISODE:  120
EPISODE:  121
---------------------------------
| time/              |          |
|    episodes        | 120      |
|    fps             | 3        |
|    time_elapsed    | 36378    |
|    total_timesteps | 120000   |
| train/             |          |
|    actor_loss      | 1.1e+07  |
|    critic_loss     | 3.71e+09 |
|    ent_coef        | 1.64e+04 |
|    ent_coef_loss   | -183     |
|    learning_rate   | 0.0001   |
|    n_updates       | 119899   |
|    reward          | 944.5469 |
---------------------------------
EPISODE:  122
EPISODE:  123
EPISODE:  124
EPISODE:  125
---------------------------------
| time/              |          |
|    episodes        | 124      |
|    fps             | 3        |
|    time_elapsed    | 37593    |
|    total_timesteps | 124000   |
| train/             |          |
|    actor_loss      | 1.64e+07 |
|    critic_loss     | 1.05e+10 |
|    ent_coef        | 2.45e+04 |
|    ent_coef_loss   | -190     |
|    learning_rate   | 0.0001   |
|    n_updates       | 123899   |
|    reward          | 944.5469 |
---------------------------------
EPISODE:  126
EPISODE:  127
EPISODE:  128
EPISODE:  129
---------------------------------
| time/              |          |
|    episodes        | 128      |
|    fps             | 3        |
|    time_elapsed    | 38808    |
|    total_timesteps | 128000   |
| train/             |          |
|    actor_loss      | 2.43e+07 |
|    critic_loss     | 3.99e+12 |
|    ent_coef        | 3.66e+04 |
|    ent_coef_loss   | -198     |
|    learning_rate   | 0.0001   |
|    n_updates       | 127899   |
|    reward          | 944.5469 |
---------------------------------
EPISODE:  130
EPISODE:  131
EPISODE:  132
EPISODE:  133
---------------------------------
| time/              |          |
|    episodes        | 132      |
|    fps             | 3        |
|    time_elapsed    | 40023    |
|    total_timesteps | 132000   |
| train/             |          |
|    actor_loss      | 3.63e+07 |
|    critic_loss     | 4.61e+10 |
|    ent_coef        | 5.46e+04 |
|    ent_coef_loss   | -206     |
|    learning_rate   | 0.0001   |
|    n_updates       | 131899   |
|    reward          | 944.5469 |
---------------------------------
EPISODE:  134
EPISODE:  135
EPISODE:  136
EPISODE:  137
---------------------------------
| time/              |          |
|    episodes        | 136      |
|    fps             | 3        |
|    time_elapsed    | 41239    |
|    total_timesteps | 136000   |
| train/             |          |
|    actor_loss      | 5.37e+07 |
|    critic_loss     | 1.34e+11 |
|    ent_coef        | 8.16e+04 |
|    ent_coef_loss   | -211     |
|    learning_rate   | 0.0001   |
|    n_updates       | 135899   |
|    reward          | 944.5469 |
---------------------------------
EPISODE:  138
EPISODE:  139
EPISODE:  140
EPISODE:  141
---------------------------------
| time/              |          |
|    episodes        | 140      |
|    fps             | 3        |
|    time_elapsed    | 42453    |
|    total_timesteps | 140000   |
| train/             |          |
|    actor_loss      | 7.93e+07 |
|    critic_loss     | 3e+11    |
|    ent_coef        | 1.22e+05 |
|    ent_coef_loss   | -221     |
|    learning_rate   | 0.0001   |
|    n_updates       | 139899   |
|    reward          | 944.5469 |
---------------------------------
EPISODE:  142
EPISODE:  143
EPISODE:  144
EPISODE:  145
---------------------------------
| time/              |          |
|    episodes        | 144      |
|    fps             | 3        |
|    time_elapsed    | 43668    |
|    total_timesteps | 144000   |
| train/             |          |
|    actor_loss      | 1.18e+08 |
|    critic_loss     | 7.81e+11 |
|    ent_coef        | 1.82e+05 |
|    ent_coef_loss   | -227     |
|    learning_rate   | 0.0001   |
|    n_updates       | 143899   |
|    reward          | 944.5469 |
---------------------------------
EPISODE:  146
EPISODE:  147
EPISODE:  148
EPISODE:  149
---------------------------------
| time/              |          |
|    episodes        | 148      |
|    fps             | 3        |
|    time_elapsed    | 44883    |
|    total_timesteps | 148000   |
| train/             |          |
|    actor_loss      | 1.71e+08 |
|    critic_loss     | 2.01e+12 |
|    ent_coef        | 2.71e+05 |
|    ent_coef_loss   | -237     |
|    learning_rate   | 0.0001   |
|    n_updates       | 147899   |
|    reward          | 944.5469 |
---------------------------------
EPISODE:  150
EPISODE:  151
EPISODE:  152
EPISODE:  153
---------------------------------
| time/              |          |
|    episodes        | 152      |
|    fps             | 3        |
|    time_elapsed    | 46097    |
|    total_timesteps | 152000   |
| train/             |          |
|    actor_loss      | 2.46e+08 |
|    critic_loss     | 6.8e+12  |
|    ent_coef        | 4.05e+05 |
|    ent_coef_loss   | -243     |
|    learning_rate   | 0.0001   |
|    n_updates       | 151899   |
|    reward          | 944.5469 |
---------------------------------
EPISODE:  154
EPISODE:  155
EPISODE:  156
EPISODE:  157
---------------------------------
| time/              |          |
|    episodes        | 156      |
|    fps             | 3        |
|    time_elapsed    | 47313    |
|    total_timesteps | 156000   |
| train/             |          |
|    actor_loss      | 3.49e+08 |
|    critic_loss     | 2.55e+13 |
|    ent_coef        | 6.04e+05 |
|    ent_coef_loss   | -246     |
|    learning_rate   | 0.0001   |
|    n_updates       | 155899   |
|    reward          | 944.5469 |
---------------------------------
EPISODE:  158
EPISODE:  159
EPISODE:  160
EPISODE:  161
---------------------------------
| time/              |          |
|    episodes        | 160      |
|    fps             | 3        |
|    time_elapsed    | 48527    |
|    total_timesteps | 160000   |
| train/             |          |
|    actor_loss      | 4.78e+08 |
|    critic_loss     | 1.06e+14 |
|    ent_coef        | 9.02e+05 |
|    ent_coef_loss   | -257     |
|    learning_rate   | 0.0001   |
|    n_updates       | 159899   |
|    reward          | 944.5469 |
---------------------------------
EPISODE:  162
EPISODE:  163
EPISODE:  164
EPISODE:  165
---------------------------------
| time/              |          |
|    episodes        | 164      |
|    fps             | 3        |
|    time_elapsed    | 49742    |
|    total_timesteps | 164000   |
| train/             |          |
|    actor_loss      | 6.41e+08 |
|    critic_loss     | 3.88e+14 |
|    ent_coef        | 1.35e+06 |
|    ent_coef_loss   | -266     |
|    learning_rate   | 0.0001   |
|    n_updates       | 163899   |
|    reward          | 944.5469 |
---------------------------------
EPISODE:  166
EPISODE:  167
EPISODE:  168
EPISODE:  169
---------------------------------
| time/              |          |
|    episodes        | 168      |
|    fps             | 3        |
|    time_elapsed    | 50958    |
|    total_timesteps | 168000   |
| train/             |          |
|    actor_loss      | 8.46e+08 |
|    critic_loss     | 1.24e+15 |
|    ent_coef        | 2.01e+06 |
|    ent_coef_loss   | -272     |
|    learning_rate   | 0.0001   |
|    n_updates       | 167899   |
|    reward          | 944.5469 |
---------------------------------
EPISODE:  170
EPISODE:  171
EPISODE:  172
EPISODE:  173
---------------------------------
| time/              |          |
|    episodes        | 172      |
|    fps             | 3        |
|    time_elapsed    | 52174    |
|    total_timesteps | 172000   |
| train/             |          |
|    actor_loss      | 1.07e+09 |
|    critic_loss     | 3.8e+15  |
|    ent_coef        | 3e+06    |
|    ent_coef_loss   | -278     |
|    learning_rate   | 0.0001   |
|    n_updates       | 171899   |
|    reward          | 944.5469 |
---------------------------------
EPISODE:  174
EPISODE:  175
EPISODE:  176
EPISODE:  177
---------------------------------
| time/              |          |
|    episodes        | 176      |
|    fps             | 3        |
|    time_elapsed    | 53389    |
|    total_timesteps | 176000   |
| train/             |          |
|    actor_loss      | 1.36e+09 |
|    critic_loss     | 9.84e+15 |
|    ent_coef        | 4.48e+06 |
|    ent_coef_loss   | -287     |
|    learning_rate   | 0.0001   |
|    n_updates       | 175899   |
|    reward          | 944.5469 |
---------------------------------
EPISODE:  178
EPISODE:  179
EPISODE:  180
EPISODE:  181
---------------------------------
| time/              |          |
|    episodes        | 180      |
|    fps             | 3        |
|    time_elapsed    | 54604    |
|    total_timesteps | 180000   |
| train/             |          |
|    actor_loss      | 1.68e+09 |
|    critic_loss     | 2.43e+16 |
|    ent_coef        | 6.68e+06 |
|    ent_coef_loss   | -296     |
|    learning_rate   | 0.0001   |
|    n_updates       | 179899   |
|    reward          | 944.5469 |
---------------------------------
EPISODE:  182
EPISODE:  183
EPISODE:  184
EPISODE:  185
---------------------------------
| time/              |          |
|    episodes        | 184      |
|    fps             | 3        |
|    time_elapsed    | 55820    |
|    total_timesteps | 184000   |
| train/             |          |
|    actor_loss      | 2.09e+09 |
|    critic_loss     | 7.77e+16 |
|    ent_coef        | 9.96e+06 |
|    ent_coef_loss   | -304     |
|    learning_rate   | 0.0001   |
|    n_updates       | 183899   |
|    reward          | 944.5469 |
---------------------------------
EPISODE:  186
EPISODE:  187
EPISODE:  188
EPISODE:  189
---------------------------------
| time/              |          |
|    episodes        | 188      |
|    fps             | 3        |
|    time_elapsed    | 57033    |
|    total_timesteps | 188000   |
| train/             |          |
|    actor_loss      | 2.55e+09 |
|    critic_loss     | 1.22e+17 |
|    ent_coef        | 1.48e+07 |
|    ent_coef_loss   | -311     |
|    learning_rate   | 0.0001   |
|    n_updates       | 187899   |
|    reward          | 944.5469 |
---------------------------------
EPISODE:  190
EPISODE:  191
EPISODE:  192
EPISODE:  193
---------------------------------
| time/              |          |
|    episodes        | 192      |
|    fps             | 3        |
|    time_elapsed    | 58247    |
|    total_timesteps | 192000   |
| train/             |          |
|    actor_loss      | 3.11e+09 |
|    critic_loss     | 2.69e+17 |
|    ent_coef        | 2.21e+07 |
|    ent_coef_loss   | -316     |
|    learning_rate   | 0.0001   |
|    n_updates       | 191899   |
|    reward          | 944.5469 |
---------------------------------
EPISODE:  194
EPISODE:  195
EPISODE:  196
EPISODE:  197
---------------------------------
| time/              |          |
|    episodes        | 196      |
|    fps             | 3        |
|    time_elapsed    | 59463    |
|    total_timesteps | 196000   |
| train/             |          |
|    actor_loss      | 3.78e+09 |
|    critic_loss     | 5.75e+17 |
|    ent_coef        | 3.28e+07 |
|    ent_coef_loss   | -323     |
|    learning_rate   | 0.0001   |
|    n_updates       | 195899   |
|    reward          | 944.5469 |
---------------------------------
EPISODE:  198
EPISODE:  199
EPISODE:  200
EPISODE:  201
---------------------------------
| time/              |          |
|    episodes        | 200      |
|    fps             | 3        |
|    time_elapsed    | 60678    |
|    total_timesteps | 200000   |
| train/             |          |
|    actor_loss      | 4.63e+09 |
|    critic_loss     | 1.24e+18 |
|    ent_coef        | 4.89e+07 |
|    ent_coef_loss   | -333     |
|    learning_rate   | 0.0001   |
|    n_updates       | 199899   |
|    reward          | 944.5469 |
---------------------------------
EPISODE:  202
EPISODE:  203
EPISODE:  204
EPISODE:  205
---------------------------------
| time/              |          |
|    episodes        | 204      |
|    fps             | 3        |
|    time_elapsed    | 61892    |
|    total_timesteps | 204000   |
| train/             |          |
|    actor_loss      | 5.68e+09 |
|    critic_loss     | 2.79e+18 |
|    ent_coef        | 7.27e+07 |
|    ent_coef_loss   | -339     |
|    learning_rate   | 0.0001   |
|    n_updates       | 203899   |
|    reward          | 944.5469 |
---------------------------------
EPISODE:  206
EPISODE:  207
EPISODE:  208
EPISODE:  209
---------------------------------
| time/              |          |
|    episodes        | 208      |
|    fps             | 3        |
|    time_elapsed    | 63108    |
|    total_timesteps | 208000   |
| train/             |          |
|    actor_loss      | 7.01e+09 |
|    critic_loss     | 5.69e+18 |
|    ent_coef        | 1.08e+08 |
|    ent_coef_loss   | -348     |
|    learning_rate   | 0.0001   |
|    n_updates       | 207899   |
|    reward          | 944.5469 |
---------------------------------
EPISODE:  210
EPISODE:  211
EPISODE:  212
EPISODE:  213
---------------------------------
| time/              |          |
|    episodes        | 212      |
|    fps             | 3        |
|    time_elapsed    | 64323    |
|    total_timesteps | 212000   |
| train/             |          |
|    actor_loss      | 8.78e+09 |
|    critic_loss     | 1.24e+19 |
|    ent_coef        | 1.61e+08 |
|    ent_coef_loss   | -354     |
|    learning_rate   | 0.0001   |
|    n_updates       | 211899   |
|    reward          | 944.5469 |
---------------------------------
EPISODE:  214
EPISODE:  215
EPISODE:  216
EPISODE:  217
---------------------------------
| time/              |          |
|    episodes        | 216      |
|    fps             | 3        |
|    time_elapsed    | 65539    |
|    total_timesteps | 216000   |
| train/             |          |
|    actor_loss      | 1.11e+10 |
|    critic_loss     | 2.66e+19 |
|    ent_coef        | 2.4e+08  |
|    ent_coef_loss   | -360     |
|    learning_rate   | 0.0001   |
|    n_updates       | 215899   |
|    reward          | 944.5469 |
---------------------------------
EPISODE:  218
EPISODE:  219
EPISODE:  220
EPISODE:  221
----------------------------------
| time/              |           |
|    episodes        | 220       |
|    fps             | 3         |
|    time_elapsed    | 66752     |
|    total_timesteps | 220000    |
| train/             |           |
|    actor_loss      | 1.44e+10  |
|    critic_loss     | 5.71e+19  |
|    ent_coef        | 3.57e+08  |
|    ent_coef_loss   | -372      |
|    learning_rate   | 0.0001    |
|    n_updates       | 219899    |
|    reward          | 968.00336 |
----------------------------------
EPISODE:  222
EPISODE:  223
EPISODE:  224
EPISODE:  225
----------------------------------
| time/              |           |
|    episodes        | 224       |
|    fps             | 3         |
|    time_elapsed    | 67967     |
|    total_timesteps | 224000    |
| train/             |           |
|    actor_loss      | 1.87e+10  |
|    critic_loss     | 1.26e+20  |
|    ent_coef        | 5.31e+08  |
|    ent_coef_loss   | -376      |
|    learning_rate   | 0.0001    |
|    n_updates       | 223899    |
|    reward          | 968.00336 |
----------------------------------
EPISODE:  226
EPISODE:  227
EPISODE:  228
EPISODE:  229
----------------------------------
| time/              |           |
|    episodes        | 228       |
|    fps             | 3         |
|    time_elapsed    | 69183     |
|    total_timesteps | 228000    |
| train/             |           |
|    actor_loss      | 2.51e+10  |
|    critic_loss     | 2.77e+20  |
|    ent_coef        | 7.89e+08  |
|    ent_coef_loss   | -385      |
|    learning_rate   | 0.0001    |
|    n_updates       | 227899    |
|    reward          | 968.00336 |
----------------------------------
EPISODE:  230
EPISODE:  231
EPISODE:  232
EPISODE:  233
----------------------------------
| time/              |           |
|    episodes        | 232       |
|    fps             | 3         |
|    time_elapsed    | 70399     |
|    total_timesteps | 232000    |
| train/             |           |
|    actor_loss      | 3.41e+10  |
|    critic_loss     | 6.07e+20  |
|    ent_coef        | 1.17e+09  |
|    ent_coef_loss   | -393      |
|    learning_rate   | 0.0001    |
|    n_updates       | 231899    |
|    reward          | 968.00336 |
----------------------------------
EPISODE:  234
EPISODE:  235
EPISODE:  236
EPISODE:  237
----------------------------------
| time/              |           |
|    episodes        | 236       |
|    fps             | 3         |
|    time_elapsed    | 71615     |
|    total_timesteps | 236000    |
| train/             |           |
|    actor_loss      | 4.72e+10  |
|    critic_loss     | 1.31e+21  |
|    ent_coef        | 1.75e+09  |
|    ent_coef_loss   | -402      |
|    learning_rate   | 0.0001    |
|    n_updates       | 235899    |
|    reward          | 968.00336 |
----------------------------------
EPISODE:  238
EPISODE:  239
EPISODE:  240
EPISODE:  241
----------------------------------
| time/              |           |
|    episodes        | 240       |
|    fps             | 3         |
|    time_elapsed    | 72830     |
|    total_timesteps | 240000    |
| train/             |           |
|    actor_loss      | 6.65e+10  |
|    critic_loss     | 2.89e+21  |
|    ent_coef        | 2.6e+09   |
|    ent_coef_loss   | -412      |
|    learning_rate   | 0.0001    |
|    n_updates       | 239899    |
|    reward          | 968.00336 |
----------------------------------
EPISODE:  242
EPISODE:  243
EPISODE:  244
EPISODE:  245
----------------------------------
| time/              |           |
|    episodes        | 244       |
|    fps             | 3         |
|    time_elapsed    | 74045     |
|    total_timesteps | 244000    |
| train/             |           |
|    actor_loss      | 9.3e+10   |
|    critic_loss     | 6.47e+21  |
|    ent_coef        | 3.87e+09  |
|    ent_coef_loss   | -412      |
|    learning_rate   | 0.0001    |
|    n_updates       | 243899    |
|    reward          | 968.00336 |
----------------------------------
EPISODE:  246
EPISODE:  247
EPISODE:  248
EPISODE:  249
----------------------------------
| time/              |           |
|    episodes        | 248       |
|    fps             | 3         |
|    time_elapsed    | 75261     |
|    total_timesteps | 248000    |
| train/             |           |
|    actor_loss      | 1.35e+11  |
|    critic_loss     | 1.42e+22  |
|    ent_coef        | 5.76e+09  |
|    ent_coef_loss   | -426      |
|    learning_rate   | 0.0001    |
|    n_updates       | 247899    |
|    reward          | 968.00336 |
----------------------------------
EPISODE:  250
EPISODE:  251
EPISODE:  252
EPISODE:  253
----------------------------------
| time/              |           |
|    episodes        | 252       |
|    fps             | 3         |
|    time_elapsed    | 76474     |
|    total_timesteps | 252000    |
| train/             |           |
|    actor_loss      | 1.95e+11  |
|    critic_loss     | 3.13e+22  |
|    ent_coef        | 8.57e+09  |
|    ent_coef_loss   | -432      |
|    learning_rate   | 0.0001    |
|    n_updates       | 251899    |
|    reward          | 968.00336 |
----------------------------------
EPISODE:  254
EPISODE:  255
EPISODE:  256
EPISODE:  257
----------------------------------
| time/              |           |
|    episodes        | 256       |
|    fps             | 3         |
|    time_elapsed    | 77427     |
|    total_timesteps | 256000    |
| train/             |           |
|    actor_loss      | 2.81e+11  |
|    critic_loss     | 6.93e+22  |
|    ent_coef        | 1.28e+10  |
|    ent_coef_loss   | -435      |
|    learning_rate   | 0.0001    |
|    n_updates       | 255899    |
|    reward          | 968.00336 |
----------------------------------
EPISODE:  258
EPISODE:  259
EPISODE:  260
EPISODE:  261
----------------------------------
| time/              |           |
|    episodes        | 260       |
|    fps             | 3         |
|    time_elapsed    | 78162     |
|    total_timesteps | 260000    |
| train/             |           |
|    actor_loss      | 4.1e+11   |
|    critic_loss     | 1.52e+23  |
|    ent_coef        | 1.9e+10   |
|    ent_coef_loss   | -441      |
|    learning_rate   | 0.0001    |
|    n_updates       | 259899    |
|    reward          | 968.00336 |
----------------------------------
EPISODE:  262
EPISODE:  263
EPISODE:  264
EPISODE:  265
----------------------------------
| time/              |           |
|    episodes        | 264       |
|    fps             | 3         |
|    time_elapsed    | 78897     |
|    total_timesteps | 264000    |
| train/             |           |
|    actor_loss      | 6.04e+11  |
|    critic_loss     | 3.36e+23  |
|    ent_coef        | 2.82e+10  |
|    ent_coef_loss   | -451      |
|    learning_rate   | 0.0001    |
|    n_updates       | 263899    |
|    reward          | 968.00336 |
----------------------------------
EPISODE:  266
EPISODE:  267
EPISODE:  268
EPISODE:  269
----------------------------------
| time/              |           |
|    episodes        | 268       |
|    fps             | 3         |
|    time_elapsed    | 79573     |
|    total_timesteps | 268000    |
| train/             |           |
|    actor_loss      | 8.89e+11  |
|    critic_loss     | 7.47e+23  |
|    ent_coef        | 4.2e+10   |
|    ent_coef_loss   | -457      |
|    learning_rate   | 0.0001    |
|    n_updates       | 267899    |
|    reward          | 968.00336 |
----------------------------------
EPISODE:  270
EPISODE:  271
EPISODE:  272
EPISODE:  273
----------------------------------
| time/              |           |
|    episodes        | 272       |
|    fps             | 3         |
|    time_elapsed    | 80054     |
|    total_timesteps | 272000    |
| train/             |           |
|    actor_loss      | 1.32e+12  |
|    critic_loss     | 1.68e+24  |
|    ent_coef        | 6.25e+10  |
|    ent_coef_loss   | -466      |
|    learning_rate   | 0.0001    |
|    n_updates       | 271899    |
|    reward          | 968.00336 |
----------------------------------
EPISODE:  274
EPISODE:  275
EPISODE:  276
EPISODE:  277
----------------------------------
| time/              |           |
|    episodes        | 276       |
|    fps             | 3         |
|    time_elapsed    | 80534     |
|    total_timesteps | 276000    |
| train/             |           |
|    actor_loss      | 1.96e+12  |
|    critic_loss     | 3.65e+24  |
|    ent_coef        | 9.3e+10   |
|    ent_coef_loss   | -476      |
|    learning_rate   | 0.0001    |
|    n_updates       | 275899    |
|    reward          | 968.00336 |
----------------------------------
EPISODE:  278
EPISODE:  279
EPISODE:  280
EPISODE:  281
----------------------------------
| time/              |           |
|    episodes        | 280       |
|    fps             | 3         |
|    time_elapsed    | 81015     |
|    total_timesteps | 280000    |
| train/             |           |
|    actor_loss      | 2.91e+12  |
|    critic_loss     | 8.19e+24  |
|    ent_coef        | 1.38e+11  |
|    ent_coef_loss   | -484      |
|    learning_rate   | 0.0001    |
|    n_updates       | 279899    |
|    reward          | 968.00336 |
----------------------------------
EPISODE:  282
EPISODE:  283
EPISODE:  284
EPISODE:  285
----------------------------------
| time/              |           |
|    episodes        | 284       |
|    fps             | 3         |
|    time_elapsed    | 81496     |
|    total_timesteps | 284000    |
| train/             |           |
|    actor_loss      | 4.32e+12  |
|    critic_loss     | 1.8e+25   |
|    ent_coef        | 2.06e+11  |
|    ent_coef_loss   | -491      |
|    learning_rate   | 0.0001    |
|    n_updates       | 283899    |
|    reward          | 968.00336 |
----------------------------------
EPISODE:  286
EPISODE:  287
EPISODE:  288
EPISODE:  289
----------------------------------
| time/              |           |
|    episodes        | 288       |
|    fps             | 3         |
|    time_elapsed    | 81977     |
|    total_timesteps | 288000    |
| train/             |           |
|    actor_loss      | 6.44e+12  |
|    critic_loss     | 3.95e+25  |
|    ent_coef        | 3.07e+11  |
|    ent_coef_loss   | -500      |
|    learning_rate   | 0.0001    |
|    n_updates       | 287899    |
|    reward          | 968.00336 |
----------------------------------
EPISODE:  290
EPISODE:  291
EPISODE:  292
EPISODE:  293
----------------------------------
| time/              |           |
|    episodes        | 292       |
|    fps             | 3         |
|    time_elapsed    | 82458     |
|    total_timesteps | 292000    |
| train/             |           |
|    actor_loss      | 9.57e+12  |
|    critic_loss     | 8.88e+25  |
|    ent_coef        | 4.56e+11  |
|    ent_coef_loss   | -508      |
|    learning_rate   | 0.0001    |
|    n_updates       | 291899    |
|    reward          | 968.00336 |
----------------------------------
EPISODE:  294
EPISODE:  295
EPISODE:  296
EPISODE:  297
----------------------------------
| time/              |           |
|    episodes        | 296       |
|    fps             | 3         |
|    time_elapsed    | 82938     |
|    total_timesteps | 296000    |
| train/             |           |
|    actor_loss      | 1.41e+13  |
|    critic_loss     | 1.94e+26  |
|    ent_coef        | 6.79e+11  |
|    ent_coef_loss   | -512      |
|    learning_rate   | 0.0001    |
|    n_updates       | 295899    |
|    reward          | 968.00336 |
----------------------------------
EPISODE:  298
EPISODE:  299
EPISODE:  300
EPISODE:  301
----------------------------------
| time/              |           |
|    episodes        | 300       |
|    fps             | 3         |
|    time_elapsed    | 83419     |
|    total_timesteps | 300000    |
| train/             |           |
|    actor_loss      | 2.1e+13   |
|    critic_loss     | 4.33e+26  |
|    ent_coef        | 1.01e+12  |
|    ent_coef_loss   | -517      |
|    learning_rate   | 0.0001    |
|    n_updates       | 299899    |
|    reward          | 968.00336 |
----------------------------------
EPISODE:  302
EPISODE:  303
EPISODE:  304
EPISODE:  305
----------------------------------
| time/              |           |
|    episodes        | 304       |
|    fps             | 3         |
|    time_elapsed    | 83900     |
|    total_timesteps | 304000    |
| train/             |           |
|    actor_loss      | 3.14e+13  |
|    critic_loss     | 9.49e+26  |
|    ent_coef        | 1.5e+12   |
|    ent_coef_loss   | -530      |
|    learning_rate   | 0.0001    |
|    n_updates       | 303899    |
|    reward          | 968.00336 |
----------------------------------
EPISODE:  306
EPISODE:  307
EPISODE:  308
EPISODE:  309
----------------------------------
| time/              |           |
|    episodes        | 308       |
|    fps             | 3         |
|    time_elapsed    | 84381     |
|    total_timesteps | 308000    |
| train/             |           |
|    actor_loss      | 4.67e+13  |
|    critic_loss     | 2.12e+27  |
|    ent_coef        | 2.24e+12  |
|    ent_coef_loss   | -537      |
|    learning_rate   | 0.0001    |
|    n_updates       | 307899    |
|    reward          | 968.00336 |
----------------------------------
EPISODE:  310
EPISODE:  311
EPISODE:  312
EPISODE:  313
----------------------------------
| time/              |           |
|    episodes        | 312       |
|    fps             | 3         |
|    time_elapsed    | 84861     |
|    total_timesteps | 312000    |
| train/             |           |
|    actor_loss      | 6.93e+13  |
|    critic_loss     | 4.69e+27  |
|    ent_coef        | 3.33e+12  |
|    ent_coef_loss   | -542      |
|    learning_rate   | 0.0001    |
|    n_updates       | 311899    |
|    reward          | 968.00336 |
----------------------------------
EPISODE:  314
EPISODE:  315
EPISODE:  316
EPISODE:  317
----------------------------------
| time/              |           |
|    episodes        | 316       |
|    fps             | 3         |
|    time_elapsed    | 85342     |
|    total_timesteps | 316000    |
| train/             |           |
|    actor_loss      | 1.03e+14  |
|    critic_loss     | 1.04e+28  |
|    ent_coef        | 4.95e+12  |
|    ent_coef_loss   | -549      |
|    learning_rate   | 0.0001    |
|    n_updates       | 315899    |
|    reward          | 968.00336 |
----------------------------------
EPISODE:  318
EPISODE:  319
EPISODE:  320
EPISODE:  321
----------------------------------
| time/              |           |
|    episodes        | 320       |
|    fps             | 3         |
|    time_elapsed    | 85823     |
|    total_timesteps | 320000    |
| train/             |           |
|    actor_loss      | 1.54e+14  |
|    critic_loss     | 2.29e+28  |
|    ent_coef        | 7.37e+12  |
|    ent_coef_loss   | -558      |
|    learning_rate   | 0.0001    |
|    n_updates       | 319899    |
|    reward          | 968.00336 |
----------------------------------
EPISODE:  322
EPISODE:  323
EPISODE:  324
EPISODE:  325
----------------------------------
| time/              |           |
|    episodes        | 324       |
|    fps             | 3         |
|    time_elapsed    | 86304     |
|    total_timesteps | 324000    |
| train/             |           |
|    actor_loss      | 2.28e+14  |
|    critic_loss     | 5.07e+28  |
|    ent_coef        | 1.1e+13   |
|    ent_coef_loss   | -565      |
|    learning_rate   | 0.0001    |
|    n_updates       | 323899    |
|    reward          | 968.00336 |
----------------------------------
EPISODE:  326
EPISODE:  327
EPISODE:  328
EPISODE:  329
----------------------------------
| time/              |           |
|    episodes        | 328       |
|    fps             | 3         |
|    time_elapsed    | 86785     |
|    total_timesteps | 328000    |
| train/             |           |
|    actor_loss      | 3.42e+14  |
|    critic_loss     | 1.14e+29  |
|    ent_coef        | 1.63e+13  |
|    ent_coef_loss   | -576      |
|    learning_rate   | 0.0001    |
|    n_updates       | 327899    |
|    reward          | 968.00336 |
----------------------------------
EPISODE:  330
EPISODE:  331
EPISODE:  332
EPISODE:  333
----------------------------------
| time/              |           |
|    episodes        | 332       |
|    fps             | 3         |
|    time_elapsed    | 87265     |
|    total_timesteps | 332000    |
| train/             |           |
|    actor_loss      | 5.03e+14  |
|    critic_loss     | 2.52e+29  |
|    ent_coef        | 2.43e+13  |
|    ent_coef_loss   | -577      |
|    learning_rate   | 0.0001    |
|    n_updates       | 331899    |
|    reward          | 968.00336 |
----------------------------------
EPISODE:  334
EPISODE:  335
EPISODE:  336
EPISODE:  337
----------------------------------
| time/              |           |
|    episodes        | 336       |
|    fps             | 3         |
|    time_elapsed    | 87746     |
|    total_timesteps | 336000    |
| train/             |           |
|    actor_loss      | 7.47e+14  |
|    critic_loss     | 5.5e+29   |
|    ent_coef        | 3.61e+13  |
|    ent_coef_loss   | -583      |
|    learning_rate   | 0.0001    |
|    n_updates       | 335899    |
|    reward          | 968.00336 |
----------------------------------
EPISODE:  338
EPISODE:  339
EPISODE:  340
EPISODE:  341
----------------------------------
| time/              |           |
|    episodes        | 340       |
|    fps             | 3         |
|    time_elapsed    | 88227     |
|    total_timesteps | 340000    |
| train/             |           |
|    actor_loss      | 1.12e+15  |
|    critic_loss     | 1.23e+30  |
|    ent_coef        | 5.37e+13  |
|    ent_coef_loss   | -597      |
|    learning_rate   | 0.0001    |
|    n_updates       | 339899    |
|    reward          | 968.00336 |
----------------------------------
EPISODE:  342
EPISODE:  343
EPISODE:  344
EPISODE:  345
----------------------------------
| time/              |           |
|    episodes        | 344       |
|    fps             | 3         |
|    time_elapsed    | 88707     |
|    total_timesteps | 344000    |
| train/             |           |
|    actor_loss      | 1.66e+15  |
|    critic_loss     | 2.73e+30  |
|    ent_coef        | 8e+13     |
|    ent_coef_loss   | -602      |
|    learning_rate   | 0.0001    |
|    n_updates       | 343899    |
|    reward          | 968.00336 |
----------------------------------
