EPISODE:  0
{'n_steps': 5, 'ent_coef': 0.005, 'learning_rate': 0.0002}
Using cpu device
EPISODE:  1
----------------------------------------
| time/                 |              |
|    fps                | 130          |
|    iterations         | 100          |
|    time_elapsed       | 3            |
|    total_timesteps    | 500          |
| train/                |              |
|    entropy_loss       | -2.85        |
|    explained_variance | -0.0662      |
|    learning_rate      | 0.0002       |
|    n_updates          | 99           |
|    policy_loss        | -0.0365      |
|    reward             | 0.0019723752 |
|    std                | 1.01         |
|    value_loss         | 0.000604     |
----------------------------------------
EPISODE:  2
-----------------------------------------
| time/                 |               |
|    fps                | 131           |
|    iterations         | 200           |
|    time_elapsed       | 7             |
|    total_timesteps    | 1000          |
| train/                |               |
|    entropy_loss       | -2.87         |
|    explained_variance | 0.927         |
|    learning_rate      | 0.0002        |
|    n_updates          | 199           |
|    policy_loss        | 0.118         |
|    reward             | -0.0073115462 |
|    std                | 1.01          |
|    value_loss         | 0.00272       |
-----------------------------------------
---------------------------------------
| time/                 |             |
|    fps                | 131         |
|    iterations         | 300         |
|    time_elapsed       | 11          |
|    total_timesteps    | 1500        |
| train/                |             |
|    entropy_loss       | -2.88       |
|    explained_variance | -0.773      |
|    learning_rate      | 0.0002      |
|    n_updates          | 299         |
|    policy_loss        | 0.0472      |
|    reward             | 0.018380092 |
|    std                | 1.02        |
|    value_loss         | 0.00053     |
---------------------------------------
EPISODE:  3
----------------------------------------
| time/                 |              |
|    fps                | 131          |
|    iterations         | 400          |
|    time_elapsed       | 15           |
|    total_timesteps    | 2000         |
| train/                |              |
|    entropy_loss       | -2.88        |
|    explained_variance | -4.1         |
|    learning_rate      | 0.0002       |
|    n_updates          | 399          |
|    policy_loss        | -0.239       |
|    reward             | -0.021779204 |
|    std                | 1.02         |
|    value_loss         | 0.00569      |
----------------------------------------
---------------------------------------
| time/                 |             |
|    fps                | 131         |
|    iterations         | 500         |
|    time_elapsed       | 18          |
|    total_timesteps    | 2500        |
| train/                |             |
|    entropy_loss       | -2.89       |
|    explained_variance | 0.0506      |
|    learning_rate      | 0.0002      |
|    n_updates          | 499         |
|    policy_loss        | -0.0649     |
|    reward             | 0.031058315 |
|    std                | 1.03        |
|    value_loss         | 0.00117     |
---------------------------------------
EPISODE:  4
---------------------------------------
| time/                 |             |
|    fps                | 132         |
|    iterations         | 600         |
|    time_elapsed       | 22          |
|    total_timesteps    | 3000        |
| train/                |             |
|    entropy_loss       | -2.9        |
|    explained_variance | -0.0143     |
|    learning_rate      | 0.0002      |
|    n_updates          | 599         |
|    policy_loss        | -0.000111   |
|    reward             | 0.023144826 |
|    std                | 1.03        |
|    value_loss         | 0.000188    |
---------------------------------------
---------------------------------------
| time/                 |             |
|    fps                | 133         |
|    iterations         | 700         |
|    time_elapsed       | 26          |
|    total_timesteps    | 3500        |
| train/                |             |
|    entropy_loss       | -2.91       |
|    explained_variance | 0.825       |
|    learning_rate      | 0.0002      |
|    n_updates          | 699         |
|    policy_loss        | -0.00864    |
|    reward             | 0.001949872 |
|    std                | 1.04        |
|    value_loss         | 4.55e-05    |
---------------------------------------
EPISODE:  5
---------------------------------------
| time/                 |             |
|    fps                | 134         |
|    iterations         | 800         |
|    time_elapsed       | 29          |
|    total_timesteps    | 4000        |
| train/                |             |
|    entropy_loss       | -2.92       |
|    explained_variance | -0.412      |
|    learning_rate      | 0.0002      |
|    n_updates          | 799         |
|    policy_loss        | -0.0386     |
|    reward             | 0.028166164 |
|    std                | 1.04        |
|    value_loss         | 0.00112     |
---------------------------------------
----------------------------------------
| time/                 |              |
|    fps                | 135          |
|    iterations         | 900          |
|    time_elapsed       | 33           |
|    total_timesteps    | 4500         |
| train/                |              |
|    entropy_loss       | -2.92        |
|    explained_variance | 0.0617       |
|    learning_rate      | 0.0002       |
|    n_updates          | 899          |
|    policy_loss        | -0.0999      |
|    reward             | -0.047278725 |
|    std                | 1.04         |
|    value_loss         | 0.00126      |
----------------------------------------
EPISODE:  6
----------------------------------------
| time/                 |              |
|    fps                | 133          |
|    iterations         | 1000         |
|    time_elapsed       | 37           |
|    total_timesteps    | 5000         |
| train/                |              |
|    entropy_loss       | -2.93        |
|    explained_variance | 0.17         |
|    learning_rate      | 0.0002       |
|    n_updates          | 999          |
|    policy_loss        | -0.0458      |
|    reward             | -0.013321476 |
|    std                | 1.05         |
|    value_loss         | 0.000457     |
----------------------------------------
----------------------------------------
| time/                 |              |
|    fps                | 131          |
|    iterations         | 1100         |
|    time_elapsed       | 41           |
|    total_timesteps    | 5500         |
| train/                |              |
|    entropy_loss       | -2.94        |
|    explained_variance | 0.0105       |
|    learning_rate      | 0.0002       |
|    n_updates          | 1099         |
|    policy_loss        | -0.0451      |
|    reward             | -0.006106989 |
|    std                | 1.05         |
|    value_loss         | 0.000656     |
----------------------------------------
EPISODE:  7
----------------------------------------
| time/                 |              |
|    fps                | 130          |
|    iterations         | 1200         |
|    time_elapsed       | 45           |
|    total_timesteps    | 6000         |
| train/                |              |
|    entropy_loss       | -2.95        |
|    explained_variance | -0.644       |
|    learning_rate      | 0.0002       |
|    n_updates          | 1199         |
|    policy_loss        | 0.0258       |
|    reward             | -0.020905094 |
|    std                | 1.06         |
|    value_loss         | 0.0005       |
----------------------------------------
----------------------------------------
| time/                 |              |
|    fps                | 128          |
|    iterations         | 1300         |
|    time_elapsed       | 50           |
|    total_timesteps    | 6500         |
| train/                |              |
|    entropy_loss       | -2.96        |
|    explained_variance | 0.00226      |
|    learning_rate      | 0.0002       |
|    n_updates          | 1299         |
|    policy_loss        | -0.0014      |
|    reward             | -0.018593235 |
|    std                | 1.06         |
|    value_loss         | 3.18e-05     |
----------------------------------------
EPISODE:  8
----------------------------------------
| time/                 |              |
|    fps                | 127          |
|    iterations         | 1400         |
|    time_elapsed       | 54           |
|    total_timesteps    | 7000         |
| train/                |              |
|    entropy_loss       | -2.96        |
|    explained_variance | -0.151       |
|    learning_rate      | 0.0002       |
|    n_updates          | 1399         |
|    policy_loss        | 0.0204       |
|    reward             | -0.032270487 |
|    std                | 1.06         |
|    value_loss         | 0.000283     |
----------------------------------------
----------------------------------------
| time/                 |              |
|    fps                | 128          |
|    iterations         | 1500         |
|    time_elapsed       | 58           |
|    total_timesteps    | 7500         |
| train/                |              |
|    entropy_loss       | -2.97        |
|    explained_variance | 0.505        |
|    learning_rate      | 0.0002       |
|    n_updates          | 1499         |
|    policy_loss        | -0.0831      |
|    reward             | -0.035131782 |
|    std                | 1.07         |
|    value_loss         | 0.000962     |
----------------------------------------
EPISODE:  9
----------------------------------------
| time/                 |              |
|    fps                | 128          |
|    iterations         | 1600         |
|    time_elapsed       | 62           |
|    total_timesteps    | 8000         |
| train/                |              |
|    entropy_loss       | -2.98        |
|    explained_variance | -0.00513     |
|    learning_rate      | 0.0002       |
|    n_updates          | 1599         |
|    policy_loss        | -0.11        |
|    reward             | 0.0033876866 |
|    std                | 1.07         |
|    value_loss         | 0.00215      |
----------------------------------------
-----------------------------------------
| time/                 |               |
|    fps                | 129           |
|    iterations         | 1700          |
|    time_elapsed       | 65            |
|    total_timesteps    | 8500          |
| train/                |               |
|    entropy_loss       | -2.99         |
|    explained_variance | -0.00205      |
|    learning_rate      | 0.0002        |
|    n_updates          | 1699          |
|    policy_loss        | -0.119        |
|    reward             | -0.0078001926 |
|    std                | 1.08          |
|    value_loss         | 0.00184       |
-----------------------------------------
EPISODE:  10
---------------------------------------
| time/                 |             |
|    fps                | 130         |
|    iterations         | 1800        |
|    time_elapsed       | 69          |
|    total_timesteps    | 9000        |
| train/                |             |
|    entropy_loss       | -3          |
|    explained_variance | 0.0176      |
|    learning_rate      | 0.0002      |
|    n_updates          | 1799        |
|    policy_loss        | 0.0211      |
|    reward             | 0.011329042 |
|    std                | 1.08        |
|    value_loss         | 0.000188    |
---------------------------------------
----------------------------------------
| time/                 |              |
|    fps                | 130          |
|    iterations         | 1900         |
|    time_elapsed       | 72           |
|    total_timesteps    | 9500         |
| train/                |              |
|    entropy_loss       | -3.01        |
|    explained_variance | 0.0983       |
|    learning_rate      | 0.0002       |
|    n_updates          | 1899         |
|    policy_loss        | 0.109        |
|    reward             | -0.015992418 |
|    std                | 1.09         |
|    value_loss         | 0.00225      |
----------------------------------------
EPISODE:  11
----------------------------------------
| time/                 |              |
|    fps                | 130          |
|    iterations         | 2000         |
|    time_elapsed       | 76           |
|    total_timesteps    | 10000        |
| train/                |              |
|    entropy_loss       | -3.02        |
|    explained_variance | 0.000731     |
|    learning_rate      | 0.0002       |
|    n_updates          | 1999         |
|    policy_loss        | -0.0481      |
|    reward             | 0.0011028768 |
|    std                | 1.1          |
|    value_loss         | 0.000453     |
----------------------------------------
---------------------------------------
| time/                 |             |
|    fps                | 131         |
|    iterations         | 2100        |
|    time_elapsed       | 80          |
|    total_timesteps    | 10500       |
| train/                |             |
|    entropy_loss       | -3.03       |
|    explained_variance | 0.078       |
|    learning_rate      | 0.0002      |
|    n_updates          | 2099        |
|    policy_loss        | 0.0134      |
|    reward             | 0.007854854 |
|    std                | 1.1         |
|    value_loss         | 0.000102    |
---------------------------------------
EPISODE:  12
-----------------------------------------
| time/                 |               |
|    fps                | 131           |
|    iterations         | 2200          |
|    time_elapsed       | 83            |
|    total_timesteps    | 11000         |
| train/                |               |
|    entropy_loss       | -3.04         |
|    explained_variance | 0.00011       |
|    learning_rate      | 0.0002        |
|    n_updates          | 2199          |
|    policy_loss        | -0.0579       |
|    reward             | -0.0045016585 |
|    std                | 1.11          |
|    value_loss         | 0.000757      |
-----------------------------------------
----------------------------------------
| time/                 |              |
|    fps                | 132          |
|    iterations         | 2300         |
|    time_elapsed       | 87           |
|    total_timesteps    | 11500        |
| train/                |              |
|    entropy_loss       | -3.05        |
|    explained_variance | -0.00505     |
|    learning_rate      | 0.0002       |
|    n_updates          | 2299         |
|    policy_loss        | 0.0763       |
|    reward             | -0.023609914 |
|    std                | 1.11         |
|    value_loss         | 0.000723     |
----------------------------------------
EPISODE:  13
-----------------------------------------
| time/                 |               |
|    fps                | 131           |
|    iterations         | 2400          |
|    time_elapsed       | 91            |
|    total_timesteps    | 12000         |
| train/                |               |
|    entropy_loss       | -3.06         |
|    explained_variance | -0.000538     |
|    learning_rate      | 0.0002        |
|    n_updates          | 2399          |
|    policy_loss        | -0.0799       |
|    reward             | 0.00030581135 |
|    std                | 1.12          |
|    value_loss         | 0.00125       |
-----------------------------------------
----------------------------------------
| time/                 |              |
|    fps                | 130          |
|    iterations         | 2500         |
|    time_elapsed       | 95           |
|    total_timesteps    | 12500        |
| train/                |              |
|    entropy_loss       | -3.07        |
|    explained_variance | -0.235       |
|    learning_rate      | 0.0002       |
|    n_updates          | 2499         |
|    policy_loss        | -0.203       |
|    reward             | 0.0031929826 |
|    std                | 1.12         |
|    value_loss         | 0.00485      |
----------------------------------------
EPISODE:  14
----------------------------------------
| time/                 |              |
|    fps                | 130          |
|    iterations         | 2600         |
|    time_elapsed       | 99           |
|    total_timesteps    | 13000        |
| train/                |              |
|    entropy_loss       | -3.08        |
|    explained_variance | 0.000666     |
|    learning_rate      | 0.0002       |
|    n_updates          | 2599         |
|    policy_loss        | -0.0434      |
|    reward             | -0.045828205 |
|    std                | 1.13         |
|    value_loss         | 0.000818     |
----------------------------------------
-------------------------------------
| time/                 |           |
|    fps                | 131       |
|    iterations         | 2700      |
|    time_elapsed       | 102       |
|    total_timesteps    | 13500     |
| train/                |           |
|    entropy_loss       | -3.09     |
|    explained_variance | 0.024     |
|    learning_rate      | 0.0002    |
|    n_updates          | 2699      |
|    policy_loss        | -0.0163   |
|    reward             | 0.0091819 |
|    std                | 1.13      |
|    value_loss         | 0.000186  |
-------------------------------------
EPISODE:  15
----------------------------------------
| time/                 |              |
|    fps                | 130          |
|    iterations         | 2800         |
|    time_elapsed       | 107          |
|    total_timesteps    | 14000        |
| train/                |              |
|    entropy_loss       | -3.09        |
|    explained_variance | 0.00697      |
|    learning_rate      | 0.0002       |
|    n_updates          | 2799         |
|    policy_loss        | 0.125        |
|    reward             | -0.017238177 |
|    std                | 1.14         |
|    value_loss         | 0.00203      |
----------------------------------------
---------------------------------------
| time/                 |             |
|    fps                | 130         |
|    iterations         | 2900        |
|    time_elapsed       | 111         |
|    total_timesteps    | 14500       |
| train/                |             |
|    entropy_loss       | -3.1        |
|    explained_variance | 0.333       |
|    learning_rate      | 0.0002      |
|    n_updates          | 2899        |
|    policy_loss        | 0.0409      |
|    reward             | -0.01905814 |
|    std                | 1.14        |
|    value_loss         | 0.000328    |
---------------------------------------
EPISODE:  16
---------------------------------------
| time/                 |             |
|    fps                | 130         |
|    iterations         | 3000        |
|    time_elapsed       | 114         |
|    total_timesteps    | 15000       |
| train/                |             |
|    entropy_loss       | -3.11       |
|    explained_variance | 0.000383    |
|    learning_rate      | 0.0002      |
|    n_updates          | 2999        |
|    policy_loss        | -0.102      |
|    reward             | 0.004703705 |
|    std                | 1.14        |
|    value_loss         | 0.00107     |
---------------------------------------
----------------------------------------
| time/                 |              |
|    fps                | 130          |
|    iterations         | 3100         |
|    time_elapsed       | 118          |
|    total_timesteps    | 15500        |
| train/                |              |
|    entropy_loss       | -3.12        |
|    explained_variance | 0.823        |
|    learning_rate      | 0.0002       |
|    n_updates          | 3099         |
|    policy_loss        | -0.11        |
|    reward             | -0.028644595 |
|    std                | 1.15         |
|    value_loss         | 0.00227      |
----------------------------------------
EPISODE:  17
---------------------------------------
| time/                 |             |
|    fps                | 129         |
|    iterations         | 3200        |
|    time_elapsed       | 123         |
|    total_timesteps    | 16000       |
| train/                |             |
|    entropy_loss       | -3.13       |
|    explained_variance | -0.00147    |
|    learning_rate      | 0.0002      |
|    n_updates          | 3199        |
|    policy_loss        | 0.0374      |
|    reward             | -0.01252144 |
|    std                | 1.16        |
|    value_loss         | 0.00017     |
---------------------------------------
----------------------------------------
| time/                 |              |
|    fps                | 129          |
|    iterations         | 3300         |
|    time_elapsed       | 127          |
|    total_timesteps    | 16500        |
| train/                |              |
|    entropy_loss       | -3.14        |
|    explained_variance | -1.56        |
|    learning_rate      | 0.0002       |
|    n_updates          | 3299         |
|    policy_loss        | 0.237        |
|    reward             | 0.0043682056 |
|    std                | 1.16         |
|    value_loss         | 0.00789      |
----------------------------------------
EPISODE:  18
---------------------------------------
| time/                 |             |
|    fps                | 129         |
|    iterations         | 3400        |
|    time_elapsed       | 130         |
|    total_timesteps    | 17000       |
| train/                |             |
|    entropy_loss       | -3.14       |
|    explained_variance | 0.000123    |
|    learning_rate      | 0.0002      |
|    n_updates          | 3399        |
|    policy_loss        | 0.108       |
|    reward             | 0.016882619 |
|    std                | 1.17        |
|    value_loss         | 0.00117     |
---------------------------------------
----------------------------------------
| time/                 |              |
|    fps                | 129          |
|    iterations         | 3500         |
|    time_elapsed       | 135          |
|    total_timesteps    | 17500        |
| train/                |              |
|    entropy_loss       | -3.15        |
|    explained_variance | 0.00175      |
|    learning_rate      | 0.0002       |
|    n_updates          | 3499         |
|    policy_loss        | 0.0754       |
|    reward             | -0.009887968 |
|    std                | 1.17         |
|    value_loss         | 0.00122      |
----------------------------------------
EPISODE:  19
----------------------------------------
| time/                 |              |
|    fps                | 129          |
|    iterations         | 3600         |
|    time_elapsed       | 139          |
|    total_timesteps    | 18000        |
| train/                |              |
|    entropy_loss       | -3.16        |
|    explained_variance | 0.000392     |
|    learning_rate      | 0.0002       |
|    n_updates          | 3599         |
|    policy_loss        | 0.0898       |
|    reward             | -0.016650118 |
|    std                | 1.17         |
|    value_loss         | 0.000969     |
----------------------------------------
---------------------------------------
| time/                 |             |
|    fps                | 129         |
|    iterations         | 3700        |
|    time_elapsed       | 142         |
|    total_timesteps    | 18500       |
| train/                |             |
|    entropy_loss       | -3.17       |
|    explained_variance | 0.235       |
|    learning_rate      | 0.0002      |
|    n_updates          | 3699        |
|    policy_loss        | -0.0123     |
|    reward             | 0.026260594 |
|    std                | 1.18        |
|    value_loss         | 0.000122    |
---------------------------------------
EPISODE:  20
---------------------------------------
| time/                 |             |
|    fps                | 129         |
|    iterations         | 3800        |
|    time_elapsed       | 147         |
|    total_timesteps    | 19000       |
| train/                |             |
|    entropy_loss       | -3.17       |
|    explained_variance | 0.226       |
|    learning_rate      | 0.0002      |
|    n_updates          | 3799        |
|    policy_loss        | 0.00857     |
|    reward             | 0.056966893 |
|    std                | 1.18        |
|    value_loss         | 4.13e-05    |
---------------------------------------
---------------------------------------
| time/                 |             |
|    fps                | 128         |
|    iterations         | 3900        |
|    time_elapsed       | 151         |
|    total_timesteps    | 19500       |
| train/                |             |
|    entropy_loss       | -3.18       |
|    explained_variance | -1.98       |
|    learning_rate      | 0.0002      |
|    n_updates          | 3899        |
|    policy_loss        | -0.0227     |
|    reward             | 0.026783502 |
|    std                | 1.19        |
|    value_loss         | 0.000858    |
---------------------------------------
EPISODE:  21
---------------------------------------
| time/                 |             |
|    fps                | 128         |
|    iterations         | 4000        |
|    time_elapsed       | 155         |
|    total_timesteps    | 20000       |
| train/                |             |
|    entropy_loss       | -3.19       |
|    explained_variance | -2.38       |
|    learning_rate      | 0.0002      |
|    n_updates          | 3999        |
|    policy_loss        | -0.0544     |
|    reward             | -0.01580957 |
|    std                | 1.19        |
|    value_loss         | 0.00168     |
---------------------------------------
---------------------------------------
| time/                 |             |
|    fps                | 128         |
|    iterations         | 4100        |
|    time_elapsed       | 159         |
|    total_timesteps    | 20500       |
| train/                |             |
|    entropy_loss       | -3.2        |
|    explained_variance | 0.498       |
|    learning_rate      | 0.0002      |
|    n_updates          | 4099        |
|    policy_loss        | 0.0188      |
|    reward             | 0.015335601 |
|    std                | 1.2         |
|    value_loss         | 0.000152    |
---------------------------------------
EPISODE:  22
----------------------------------------
| time/                 |              |
|    fps                | 128          |
|    iterations         | 4200         |
|    time_elapsed       | 163          |
|    total_timesteps    | 21000        |
| train/                |              |
|    entropy_loss       | -3.21        |
|    explained_variance | 0.212        |
|    learning_rate      | 0.0002       |
|    n_updates          | 4199         |
|    policy_loss        | -0.1         |
|    reward             | 0.0040828143 |
|    std                | 1.2          |
|    value_loss         | 0.00157      |
----------------------------------------
----------------------------------------
| time/                 |              |
|    fps                | 128          |
|    iterations         | 4300         |
|    time_elapsed       | 166          |
|    total_timesteps    | 21500        |
| train/                |              |
|    entropy_loss       | -3.22        |
|    explained_variance | 0.27         |
|    learning_rate      | 0.0002       |
|    n_updates          | 4299         |
|    policy_loss        | -0.0291      |
|    reward             | -0.023736034 |
|    std                | 1.21         |
|    value_loss         | 0.000117     |
----------------------------------------
EPISODE:  23
--------------------------------------
| time/                 |            |
|    fps                | 128        |
|    iterations         | 4400       |
|    time_elapsed       | 170        |
|    total_timesteps    | 22000      |
| train/                |            |
|    entropy_loss       | -3.23      |
|    explained_variance | 0.804      |
|    learning_rate      | 0.0002     |
|    n_updates          | 4399       |
|    policy_loss        | 0.0252     |
|    reward             | -0.0113648 |
|    std                | 1.22       |
|    value_loss         | 9.2e-05    |
--------------------------------------
----------------------------------------
| time/                 |              |
|    fps                | 128          |
|    iterations         | 4500         |
|    time_elapsed       | 174          |
|    total_timesteps    | 22500        |
| train/                |              |
|    entropy_loss       | -3.24        |
|    explained_variance | -0.0372      |
|    learning_rate      | 0.0002       |
|    n_updates          | 4499         |
|    policy_loss        | 0.036        |
|    reward             | -0.024308264 |
|    std                | 1.22         |
|    value_loss         | 0.000257     |
----------------------------------------
EPISODE:  24
---------------------------------------
| time/                 |             |
|    fps                | 129         |
|    iterations         | 4600        |
|    time_elapsed       | 178         |
|    total_timesteps    | 23000       |
| train/                |             |
|    entropy_loss       | -3.25       |
|    explained_variance | -0.0918     |
|    learning_rate      | 0.0002      |
|    n_updates          | 4599        |
|    policy_loss        | 0.19        |
|    reward             | 0.016310979 |
|    std                | 1.23        |
|    value_loss         | 0.00588     |
---------------------------------------
---------------------------------------
| time/                 |             |
|    fps                | 129         |
|    iterations         | 4700        |
|    time_elapsed       | 181         |
|    total_timesteps    | 23500       |
| train/                |             |
|    entropy_loss       | -3.26       |
|    explained_variance | -0.129      |
|    learning_rate      | 0.0002      |
|    n_updates          | 4699        |
|    policy_loss        | 0.0752      |
|    reward             | 0.023334116 |
|    std                | 1.23        |
|    value_loss         | 0.00102     |
---------------------------------------
EPISODE:  25
---------------------------------------
| time/                 |             |
|    fps                | 129         |
|    iterations         | 4800        |
|    time_elapsed       | 185         |
|    total_timesteps    | 24000       |
| train/                |             |
|    entropy_loss       | -3.26       |
|    explained_variance | -0.176      |
|    learning_rate      | 0.0002      |
|    n_updates          | 4799        |
|    policy_loss        | -0.0585     |
|    reward             | 0.008403132 |
|    std                | 1.24        |
|    value_loss         | 0.000402    |
---------------------------------------
----------------------------------------
| time/                 |              |
|    fps                | 129          |
|    iterations         | 4900         |
|    time_elapsed       | 189          |
|    total_timesteps    | 24500        |
| train/                |              |
|    entropy_loss       | -3.27        |
|    explained_variance | 0.309        |
|    learning_rate      | 0.0002       |
|    n_updates          | 4899         |
|    policy_loss        | -0.0225      |
|    reward             | 0.0044270796 |
|    std                | 1.24         |
|    value_loss         | 0.000142     |
----------------------------------------
EPISODE:  26
---------------------------------------
| time/                 |             |
|    fps                | 129         |
|    iterations         | 5000        |
|    time_elapsed       | 192         |
|    total_timesteps    | 25000       |
| train/                |             |
|    entropy_loss       | -3.27       |
|    explained_variance | -0.00599    |
|    learning_rate      | 0.0002      |
|    n_updates          | 4999        |
|    policy_loss        | -0.086      |
|    reward             | 0.011959912 |
|    std                | 1.24        |
|    value_loss         | 0.000932    |
---------------------------------------
----------------------------------------
| time/                 |              |
|    fps                | 129          |
|    iterations         | 5100         |
|    time_elapsed       | 196          |
|    total_timesteps    | 25500        |
| train/                |              |
|    entropy_loss       | -3.28        |
|    explained_variance | -1.03        |
|    learning_rate      | 0.0002       |
|    n_updates          | 5099         |
|    policy_loss        | 0.0539       |
|    reward             | -0.032511435 |
|    std                | 1.25         |
|    value_loss         | 0.00033      |
----------------------------------------
EPISODE:  27
---------------------------------------
| time/                 |             |
|    fps                | 130         |
|    iterations         | 5200        |
|    time_elapsed       | 199         |
|    total_timesteps    | 26000       |
| train/                |             |
|    entropy_loss       | -3.29       |
|    explained_variance | -0.147      |
|    learning_rate      | 0.0002      |
|    n_updates          | 5199        |
|    policy_loss        | -0.0287     |
|    reward             | 0.011161576 |
|    std                | 1.26        |
|    value_loss         | 0.000555    |
---------------------------------------
----------------------------------------
| time/                 |              |
|    fps                | 130          |
|    iterations         | 5300         |
|    time_elapsed       | 202          |
|    total_timesteps    | 26500        |
| train/                |              |
|    entropy_loss       | -3.3         |
|    explained_variance | 0.049        |
|    learning_rate      | 0.0002       |
|    n_updates          | 5299         |
|    policy_loss        | 0.0823       |
|    reward             | -0.011430541 |
|    std                | 1.26         |
|    value_loss         | 0.00106      |
----------------------------------------
EPISODE:  28
---------------------------------------
| time/                 |             |
|    fps                | 131         |
|    iterations         | 5400        |
|    time_elapsed       | 206         |
|    total_timesteps    | 27000       |
| train/                |             |
|    entropy_loss       | -3.31       |
|    explained_variance | -0.158      |
|    learning_rate      | 0.0002      |
|    n_updates          | 5399        |
|    policy_loss        | -0.0789     |
|    reward             | 0.019545805 |
|    std                | 1.27        |
|    value_loss         | 0.000803    |
---------------------------------------
----------------------------------------
| time/                 |              |
|    fps                | 131          |
|    iterations         | 5500         |
|    time_elapsed       | 209          |
|    total_timesteps    | 27500        |
| train/                |              |
|    entropy_loss       | -3.32        |
|    explained_variance | -0.666       |
|    learning_rate      | 0.0002       |
|    n_updates          | 5499         |
|    policy_loss        | -0.0123      |
|    reward             | -0.025697738 |
|    std                | 1.27         |
|    value_loss         | 8.32e-05     |
----------------------------------------
EPISODE:  29
----------------------------------------
| time/                 |              |
|    fps                | 131          |
|    iterations         | 5600         |
|    time_elapsed       | 212          |
|    total_timesteps    | 28000        |
| train/                |              |
|    entropy_loss       | -3.33        |
|    explained_variance | -0.0968      |
|    learning_rate      | 0.0002       |
|    n_updates          | 5599         |
|    policy_loss        | -0.00209     |
|    reward             | -0.017385703 |
|    std                | 1.28         |
|    value_loss         | 0.000973     |
----------------------------------------
----------------------------------------
| time/                 |              |
|    fps                | 132          |
|    iterations         | 5700         |
|    time_elapsed       | 215          |
|    total_timesteps    | 28500        |
| train/                |              |
|    entropy_loss       | -3.34        |
|    explained_variance | 0.6          |
|    learning_rate      | 0.0002       |
|    n_updates          | 5699         |
|    policy_loss        | -0.0612      |
|    reward             | -0.010457691 |
|    std                | 1.29         |
|    value_loss         | 0.000582     |
----------------------------------------
EPISODE:  30
----------------------------------------
| time/                 |              |
|    fps                | 133          |
|    iterations         | 5800         |
|    time_elapsed       | 217          |
|    total_timesteps    | 29000        |
| train/                |              |
|    entropy_loss       | -3.35        |
|    explained_variance | 0.0167       |
|    learning_rate      | 0.0002       |
|    n_updates          | 5799         |
|    policy_loss        | -0.27        |
|    reward             | 0.0036213528 |
|    std                | 1.29         |
|    value_loss         | 0.00587      |
----------------------------------------
--------------------------------------
| time/                 |            |
|    fps                | 133        |
|    iterations         | 5900       |
|    time_elapsed       | 220        |
|    total_timesteps    | 29500      |
| train/                |            |
|    entropy_loss       | -3.36      |
|    explained_variance | 0.292      |
|    learning_rate      | 0.0002     |
|    n_updates          | 5899       |
|    policy_loss        | -0.249     |
|    reward             | 0.03795141 |
|    std                | 1.29       |
|    value_loss         | 0.00262    |
--------------------------------------
EPISODE:  31
----------------------------------------
| time/                 |              |
|    fps                | 134          |
|    iterations         | 6000         |
|    time_elapsed       | 223          |
|    total_timesteps    | 30000        |
| train/                |              |
|    entropy_loss       | -3.37        |
|    explained_variance | -0.0311      |
|    learning_rate      | 0.0002       |
|    n_updates          | 5999         |
|    policy_loss        | -0.0575      |
|    reward             | 0.0023989144 |
|    std                | 1.3          |
|    value_loss         | 0.0007       |
----------------------------------------
-----------------------------------------
| time/                 |               |
|    fps                | 134           |
|    iterations         | 6100          |
|    time_elapsed       | 226           |
|    total_timesteps    | 30500         |
| train/                |               |
|    entropy_loss       | -3.37         |
|    explained_variance | 0.293         |
|    learning_rate      | 0.0002        |
|    n_updates          | 6099          |
|    policy_loss        | 0.0685        |
|    reward             | -0.0004885492 |
|    std                | 1.31          |
|    value_loss         | 0.00082       |
-----------------------------------------
EPISODE:  32
---------------------------------------
| time/                 |             |
|    fps                | 135         |
|    iterations         | 6200        |
|    time_elapsed       | 228         |
|    total_timesteps    | 31000       |
| train/                |             |
|    entropy_loss       | -3.39       |
|    explained_variance | -0.0458     |
|    learning_rate      | 0.0002      |
|    n_updates          | 6199        |
|    policy_loss        | 0.112       |
|    reward             | 0.012848182 |
|    std                | 1.32        |
|    value_loss         | 0.0011      |
---------------------------------------
---------------------------------------
| time/                 |             |
|    fps                | 135         |
|    iterations         | 6300        |
|    time_elapsed       | 231         |
|    total_timesteps    | 31500       |
| train/                |             |
|    entropy_loss       | -3.4        |
|    explained_variance | 0.0518      |
|    learning_rate      | 0.0002      |
|    n_updates          | 6299        |
|    policy_loss        | -0.0255     |
|    reward             | 0.010235631 |
|    std                | 1.33        |
|    value_loss         | 0.000162    |
---------------------------------------
EPISODE:  33
---------------------------------------
| time/                 |             |
|    fps                | 136         |
|    iterations         | 6400        |
|    time_elapsed       | 234         |
|    total_timesteps    | 32000       |
| train/                |             |
|    entropy_loss       | -3.41       |
|    explained_variance | 0.204       |
|    learning_rate      | 0.0002      |
|    n_updates          | 6399        |
|    policy_loss        | -0.0689     |
|    reward             | 0.019173492 |
|    std                | 1.33        |
|    value_loss         | 0.000337    |
---------------------------------------
-----------------------------------------
| time/                 |               |
|    fps                | 137           |
|    iterations         | 6500          |
|    time_elapsed       | 237           |
|    total_timesteps    | 32500         |
| train/                |               |
|    entropy_loss       | -3.42         |
|    explained_variance | 0.313         |
|    learning_rate      | 0.0002        |
|    n_updates          | 6499          |
|    policy_loss        | -0.0101       |
|    reward             | 0.00020891875 |
|    std                | 1.34          |
|    value_loss         | 0.000136      |
-----------------------------------------
EPISODE:  34
----------------------------------------
| time/                 |              |
|    fps                | 137          |
|    iterations         | 6600         |
|    time_elapsed       | 239          |
|    total_timesteps    | 33000        |
| train/                |              |
|    entropy_loss       | -3.43        |
|    explained_variance | 0.0938       |
|    learning_rate      | 0.0002       |
|    n_updates          | 6599         |
|    policy_loss        | 0.0379       |
|    reward             | 0.0033521536 |
|    std                | 1.34         |
|    value_loss         | 0.000386     |
----------------------------------------
-----------------------------------------
| time/                 |               |
|    fps                | 138           |
|    iterations         | 6700          |
|    time_elapsed       | 242           |
|    total_timesteps    | 33500         |
| train/                |               |
|    entropy_loss       | -3.44         |
|    explained_variance | 0.0555        |
|    learning_rate      | 0.0002        |
|    n_updates          | 6699          |
|    policy_loss        | 0.0723        |
|    reward             | -0.0051700315 |
|    std                | 1.35          |
|    value_loss         | 0.00043       |
-----------------------------------------
EPISODE:  35
---------------------------------------
| time/                 |             |
|    fps                | 138         |
|    iterations         | 6800        |
|    time_elapsed       | 245         |
|    total_timesteps    | 34000       |
| train/                |             |
|    entropy_loss       | -3.45       |
|    explained_variance | -0.392      |
|    learning_rate      | 0.0002      |
|    n_updates          | 6799        |
|    policy_loss        | 0.0184      |
|    reward             | 0.027480384 |
|    std                | 1.36        |
|    value_loss         | 0.000173    |
---------------------------------------
---------------------------------------
| time/                 |             |
|    fps                | 138         |
|    iterations         | 6900        |
|    time_elapsed       | 248         |
|    total_timesteps    | 34500       |
| train/                |             |
|    entropy_loss       | -3.46       |
|    explained_variance | 0.0112      |
|    learning_rate      | 0.0002      |
|    n_updates          | 6899        |
|    policy_loss        | -0.0135     |
|    reward             | 0.021872666 |
|    std                | 1.37        |
|    value_loss         | 8.7e-05     |
---------------------------------------
EPISODE:  36
---------------------------------------
| time/                 |             |
|    fps                | 139         |
|    iterations         | 7000        |
|    time_elapsed       | 251         |
|    total_timesteps    | 35000       |
| train/                |             |
|    entropy_loss       | -3.47       |
|    explained_variance | -0.0684     |
|    learning_rate      | 0.0002      |
|    n_updates          | 6999        |
|    policy_loss        | 0.0213      |
|    reward             | 0.043778963 |
|    std                | 1.37        |
|    value_loss         | 0.000174    |
---------------------------------------
----------------------------------------
| time/                 |              |
|    fps                | 139          |
|    iterations         | 7100         |
|    time_elapsed       | 254          |
|    total_timesteps    | 35500        |
| train/                |              |
|    entropy_loss       | -3.48        |
|    explained_variance | -1.1         |
|    learning_rate      | 0.0002       |
|    n_updates          | 7099         |
|    policy_loss        | 0.157        |
|    reward             | -0.006237238 |
|    std                | 1.38         |
|    value_loss         | 0.00196      |
----------------------------------------
EPISODE:  37
-----------------------------------------
| time/                 |               |
|    fps                | 140           |
|    iterations         | 7200          |
|    time_elapsed       | 257           |
|    total_timesteps    | 36000         |
| train/                |               |
|    entropy_loss       | -3.5          |
|    explained_variance | 0.254         |
|    learning_rate      | 0.0002        |
|    n_updates          | 7199          |
|    policy_loss        | 0.046         |
|    reward             | -0.0025192592 |
|    std                | 1.39          |
|    value_loss         | 0.000426      |
-----------------------------------------
----------------------------------------
| time/                 |              |
|    fps                | 140          |
|    iterations         | 7300         |
|    time_elapsed       | 259          |
|    total_timesteps    | 36500        |
| train/                |              |
|    entropy_loss       | -3.51        |
|    explained_variance | -8.3e-05     |
|    learning_rate      | 0.0002       |
|    n_updates          | 7299         |
|    policy_loss        | 0.186        |
|    reward             | -0.018901892 |
|    std                | 1.4          |
|    value_loss         | 0.00187      |
----------------------------------------
EPISODE:  38
----------------------------------------
| time/                 |              |
|    fps                | 140          |
|    iterations         | 7400         |
|    time_elapsed       | 263          |
|    total_timesteps    | 37000        |
| train/                |              |
|    entropy_loss       | -3.52        |
|    explained_variance | 0.86         |
|    learning_rate      | 0.0002       |
|    n_updates          | 7399         |
|    policy_loss        | -0.0345      |
|    reward             | 0.0058910283 |
|    std                | 1.4          |
|    value_loss         | 9.64e-05     |
----------------------------------------
---------------------------------------
| time/                 |             |
|    fps                | 140         |
|    iterations         | 7500        |
|    time_elapsed       | 265         |
|    total_timesteps    | 37500       |
| train/                |             |
|    entropy_loss       | -3.53       |
|    explained_variance | 0.0273      |
|    learning_rate      | 0.0002      |
|    n_updates          | 7499        |
|    policy_loss        | 0.112       |
|    reward             | 0.014601972 |
|    std                | 1.41        |
|    value_loss         | 0.000808    |
---------------------------------------
EPISODE:  39
---------------------------------------
| time/                 |             |
|    fps                | 141         |
|    iterations         | 7600        |
|    time_elapsed       | 268         |
|    total_timesteps    | 38000       |
| train/                |             |
|    entropy_loss       | -3.54       |
|    explained_variance | 0.574       |
|    learning_rate      | 0.0002      |
|    n_updates          | 7599        |
|    policy_loss        | -0.0183     |
|    reward             | 0.007244265 |
|    std                | 1.42        |
|    value_loss         | 4.32e-05    |
---------------------------------------
----------------------------------------
| time/                 |              |
|    fps                | 141          |
|    iterations         | 7700         |
|    time_elapsed       | 271          |
|    total_timesteps    | 38500        |
| train/                |              |
|    entropy_loss       | -3.55        |
|    explained_variance | 8.34e-07     |
|    learning_rate      | 0.0002       |
|    n_updates          | 7699         |
|    policy_loss        | -0.000765    |
|    reward             | -0.011397363 |
|    std                | 1.43         |
|    value_loss         | 0.000137     |
----------------------------------------
EPISODE:  40
----------------------------------------
| time/                 |              |
|    fps                | 141          |
|    iterations         | 7800         |
|    time_elapsed       | 274          |
|    total_timesteps    | 39000        |
| train/                |              |
|    entropy_loss       | -3.56        |
|    explained_variance | 0.848        |
|    learning_rate      | 0.0002       |
|    n_updates          | 7799         |
|    policy_loss        | -0.0212      |
|    reward             | -0.015424425 |
|    std                | 1.44         |
|    value_loss         | 0.000119     |
----------------------------------------
---------------------------------------
| time/                 |             |
|    fps                | 142         |
|    iterations         | 7900        |
|    time_elapsed       | 277         |
|    total_timesteps    | 39500       |
| train/                |             |
|    entropy_loss       | -3.57       |
|    explained_variance | -0.000829   |
|    learning_rate      | 0.0002      |
|    n_updates          | 7899        |
|    policy_loss        | 0.106       |
|    reward             | 0.013752341 |
|    std                | 1.44        |
|    value_loss         | 0.00118     |
---------------------------------------
EPISODE:  41
---------------------------------------
| time/                 |             |
|    fps                | 142         |
|    iterations         | 8000        |
|    time_elapsed       | 280         |
|    total_timesteps    | 40000       |
| train/                |             |
|    entropy_loss       | -3.59       |
|    explained_variance | 0.0717      |
|    learning_rate      | 0.0002      |
|    n_updates          | 7999        |
|    policy_loss        | -0.0251     |
|    reward             | 0.002957888 |
|    std                | 1.45        |
|    value_loss         | 0.000176    |
---------------------------------------
---------------------------------------
| time/                 |             |
|    fps                | 142         |
|    iterations         | 8100        |
|    time_elapsed       | 283         |
|    total_timesteps    | 40500       |
| train/                |             |
|    entropy_loss       | -3.59       |
|    explained_variance | -0.000492   |
|    learning_rate      | 0.0002      |
|    n_updates          | 8099        |
|    policy_loss        | 0.18        |
|    reward             | 0.014271769 |
|    std                | 1.46        |
|    value_loss         | 0.00214     |
---------------------------------------
EPISODE:  42
---------------------------------------
| time/                 |             |
|    fps                | 143         |
|    iterations         | 8200        |
|    time_elapsed       | 286         |
|    total_timesteps    | 41000       |
| train/                |             |
|    entropy_loss       | -3.6        |
|    explained_variance | 0.0403      |
|    learning_rate      | 0.0002      |
|    n_updates          | 8199        |
|    policy_loss        | 0.0999      |
|    reward             | 0.004677747 |
|    std                | 1.46        |
|    value_loss         | 0.00106     |
---------------------------------------
----------------------------------------
| time/                 |              |
|    fps                | 143          |
|    iterations         | 8300         |
|    time_elapsed       | 288          |
|    total_timesteps    | 41500        |
| train/                |              |
|    entropy_loss       | -3.6         |
|    explained_variance | 7.15e-07     |
|    learning_rate      | 0.0002       |
|    n_updates          | 8299         |
|    policy_loss        | -0.0732      |
|    reward             | 0.0054907785 |
|    std                | 1.46         |
|    value_loss         | 0.000999     |
----------------------------------------
EPISODE:  43
---------------------------------------
| time/                 |             |
|    fps                | 143         |
|    iterations         | 8400        |
|    time_elapsed       | 291         |
|    total_timesteps    | 42000       |
| train/                |             |
|    entropy_loss       | -3.61       |
|    explained_variance | -0.177      |
|    learning_rate      | 0.0002      |
|    n_updates          | 8399        |
|    policy_loss        | -0.0554     |
|    reward             | 0.007865895 |
|    std                | 1.47        |
|    value_loss         | 0.000601    |
---------------------------------------
---------------------------------------
| time/                 |             |
|    fps                | 144         |
|    iterations         | 8500        |
|    time_elapsed       | 294         |
|    total_timesteps    | 42500       |
| train/                |             |
|    entropy_loss       | -3.62       |
|    explained_variance | 4.23e-05    |
|    learning_rate      | 0.0002      |
|    n_updates          | 8499        |
|    policy_loss        | 0.187       |
|    reward             | 0.012759278 |
|    std                | 1.48        |
|    value_loss         | 0.00246     |
---------------------------------------
EPISODE:  44
---------------------------------------
| time/                 |             |
|    fps                | 144         |
|    iterations         | 8600        |
|    time_elapsed       | 297         |
|    total_timesteps    | 43000       |
| train/                |             |
|    entropy_loss       | -3.63       |
|    explained_variance | 0.471       |
|    learning_rate      | 0.0002      |
|    n_updates          | 8599        |
|    policy_loss        | -0.0276     |
|    reward             | -0.00834847 |
|    std                | 1.49        |
|    value_loss         | 0.000408    |
---------------------------------------
---------------------------------------
| time/                 |             |
|    fps                | 144         |
|    iterations         | 8700        |
|    time_elapsed       | 300         |
|    total_timesteps    | 43500       |
| train/                |             |
|    entropy_loss       | -3.64       |
|    explained_variance | 7.5e-05     |
|    learning_rate      | 0.0002      |
|    n_updates          | 8699        |
|    policy_loss        | 0.116       |
|    reward             | 0.014072293 |
|    std                | 1.49        |
|    value_loss         | 0.00104     |
---------------------------------------
EPISODE:  45
----------------------------------------
| time/                 |              |
|    fps                | 144          |
|    iterations         | 8800         |
|    time_elapsed       | 303          |
|    total_timesteps    | 44000        |
| train/                |              |
|    entropy_loss       | -3.65        |
|    explained_variance | -1.15        |
|    learning_rate      | 0.0002       |
|    n_updates          | 8799         |
|    policy_loss        | 0.0471       |
|    reward             | -0.007969384 |
|    std                | 1.5          |
|    value_loss         | 0.00056      |
----------------------------------------
----------------------------------------
| time/                 |              |
|    fps                | 145          |
|    iterations         | 8900         |
|    time_elapsed       | 306          |
|    total_timesteps    | 44500        |
| train/                |              |
|    entropy_loss       | -3.66        |
|    explained_variance | -31.8        |
|    learning_rate      | 0.0002       |
|    n_updates          | 8899         |
|    policy_loss        | -0.623       |
|    reward             | 0.0048336256 |
|    std                | 1.51         |
|    value_loss         | 0.0328       |
----------------------------------------
EPISODE:  46
---------------------------------------
| time/                 |             |
|    fps                | 145         |
|    iterations         | 9000        |
|    time_elapsed       | 309         |
|    total_timesteps    | 45000       |
| train/                |             |
|    entropy_loss       | -3.67       |
|    explained_variance | 0.394       |
|    learning_rate      | 0.0002      |
|    n_updates          | 8999        |
|    policy_loss        | -0.0317     |
|    reward             | 0.026909223 |
|    std                | 1.52        |
|    value_loss         | 0.000185    |
---------------------------------------
---------------------------------------
| time/                 |             |
|    fps                | 145         |
|    iterations         | 9100        |
|    time_elapsed       | 312         |
|    total_timesteps    | 45500       |
| train/                |             |
|    entropy_loss       | -3.68       |
|    explained_variance | -1.94       |
|    learning_rate      | 0.0002      |
|    n_updates          | 9099        |
|    policy_loss        | 0.00341     |
|    reward             | 0.033084583 |
|    std                | 1.52        |
|    value_loss         | 0.000309    |
---------------------------------------
EPISODE:  47
----------------------------------------
| time/                 |              |
|    fps                | 145          |
|    iterations         | 9200         |
|    time_elapsed       | 316          |
|    total_timesteps    | 46000        |
| train/                |              |
|    entropy_loss       | -3.69        |
|    explained_variance | 0.134        |
|    learning_rate      | 0.0002       |
|    n_updates          | 9199         |
|    policy_loss        | 0.125        |
|    reward             | -0.003971376 |
|    std                | 1.53         |
|    value_loss         | 0.00107      |
----------------------------------------
----------------------------------------
| time/                 |              |
|    fps                | 145          |
|    iterations         | 9300         |
|    time_elapsed       | 319          |
|    total_timesteps    | 46500        |
| train/                |              |
|    entropy_loss       | -3.7         |
|    explained_variance | 0.00314      |
|    learning_rate      | 0.0002       |
|    n_updates          | 9299         |
|    policy_loss        | 0.0757       |
|    reward             | 0.0036660973 |
|    std                | 1.54         |
|    value_loss         | 0.000658     |
----------------------------------------
EPISODE:  48
----------------------------------------
| time/                 |              |
|    fps                | 145          |
|    iterations         | 9400         |
|    time_elapsed       | 323          |
|    total_timesteps    | 47000        |
| train/                |              |
|    entropy_loss       | -3.71        |
|    explained_variance | -2.54        |
|    learning_rate      | 0.0002       |
|    n_updates          | 9399         |
|    policy_loss        | 0.197        |
|    reward             | -0.039003626 |
|    std                | 1.55         |
|    value_loss         | 0.00411      |
----------------------------------------
--------------------------------------
| time/                 |            |
|    fps                | 145        |
|    iterations         | 9500       |
|    time_elapsed       | 326        |
|    total_timesteps    | 47500      |
| train/                |            |
|    entropy_loss       | -3.72      |
|    explained_variance | -0.00174   |
|    learning_rate      | 0.0002     |
|    n_updates          | 9499       |
|    policy_loss        | -0.0998    |
|    reward             | 0.03937871 |
|    std                | 1.55       |
|    value_loss         | 0.00101    |
--------------------------------------
EPISODE:  49
---------------------------------------
| time/                 |             |
|    fps                | 145         |
|    iterations         | 9600        |
|    time_elapsed       | 329         |
|    total_timesteps    | 48000       |
| train/                |             |
|    entropy_loss       | -3.73       |
|    explained_variance | -4.8        |
|    learning_rate      | 0.0002      |
|    n_updates          | 9599        |
|    policy_loss        | 0.0633      |
|    reward             | 0.008719101 |
|    std                | 1.56        |
|    value_loss         | 0.00241     |
---------------------------------------
----------------------------------------
| time/                 |              |
|    fps                | 145          |
|    iterations         | 9700         |
|    time_elapsed       | 333          |
|    total_timesteps    | 48500        |
| train/                |              |
|    entropy_loss       | -3.74        |
|    explained_variance | 0.341        |
|    learning_rate      | 0.0002       |
|    n_updates          | 9699         |
|    policy_loss        | -0.11        |
|    reward             | -0.024305826 |
|    std                | 1.57         |
|    value_loss         | 0.0015       |
----------------------------------------
EPISODE:  50
----------------------------------------
| time/                 |              |
|    fps                | 145          |
|    iterations         | 9800         |
|    time_elapsed       | 336          |
|    total_timesteps    | 49000        |
| train/                |              |
|    entropy_loss       | -3.74        |
|    explained_variance | -0.855       |
|    learning_rate      | 0.0002       |
|    n_updates          | 9799         |
|    policy_loss        | -0.246       |
|    reward             | -0.019981932 |
|    std                | 1.57         |
|    value_loss         | 0.00516      |
----------------------------------------
---------------------------------------
| time/                 |             |
|    fps                | 145         |
|    iterations         | 9900        |
|    time_elapsed       | 339         |
|    total_timesteps    | 49500       |
| train/                |             |
|    entropy_loss       | -3.75       |
|    explained_variance | 0.0843      |
|    learning_rate      | 0.0002      |
|    n_updates          | 9899        |
|    policy_loss        | 0.101       |
|    reward             | 0.005884032 |
|    std                | 1.58        |
|    value_loss         | 0.000844    |
---------------------------------------
EPISODE:  51
----------------------------------------
| time/                 |              |
|    fps                | 146          |
|    iterations         | 10000        |
|    time_elapsed       | 342          |
|    total_timesteps    | 50000        |
| train/                |              |
|    entropy_loss       | -3.76        |
|    explained_variance | -0.0359      |
|    learning_rate      | 0.0002       |
|    n_updates          | 9999         |
|    policy_loss        | -0.0258      |
|    reward             | -0.010022423 |
|    std                | 1.59         |
|    value_loss         | 0.000175     |
----------------------------------------
Saved episode log to Results\250619_hc_binary_udp_noise\a2c\upward_noise\training_logs\10.csv
