EPISODE:  0
{'n_steps': 2048, 'batch_size': 64, 'learning_rate': 0.0003, 'ent_coef': 0.0}
Using cpu device
EPISODE:  1
EPISODE:  2
EPISODE:  3
------------------------------------
| time/              |             |
|    fps             | 304         |
|    iterations      | 1           |
|    time_elapsed    | 6           |
|    total_timesteps | 2048        |
| train/             |             |
|    reward          | 0.050096523 |
------------------------------------
EPISODE:  4
EPISODE:  5
------------------------------------------
| time/                   |              |
|    fps                  | 249          |
|    iterations           | 2            |
|    time_elapsed         | 16           |
|    total_timesteps      | 4096         |
| train/                  |              |
|    approx_kl            | 0.0058250055 |
|    clip_fraction        | 0.0461       |
|    clip_range           | 0.2          |
|    entropy_loss         | -2.83        |
|    explained_variance   | 0.701        |
|    learning_rate        | 0.0003       |
|    loss                 | -0.0124      |
|    n_updates            | 10           |
|    policy_gradient_loss | -0.00351     |
|    reward               | -0.005564624 |
|    std                  | 0.994        |
|    value_loss           | 0.00545      |
------------------------------------------
EPISODE:  6
EPISODE:  7
-----------------------------------------
| time/                   |             |
|    fps                  | 232         |
|    iterations           | 3           |
|    time_elapsed         | 26          |
|    total_timesteps      | 6144        |
| train/                  |             |
|    approx_kl            | 0.006788848 |
|    clip_fraction        | 0.0497      |
|    clip_range           | 0.2         |
|    entropy_loss         | -2.81       |
|    explained_variance   | 0.691       |
|    learning_rate        | 0.0003      |
|    loss                 | -0.0108     |
|    n_updates            | 20          |
|    policy_gradient_loss | -0.00579    |
|    reward               | 0.0113648   |
|    std                  | 0.979       |
|    value_loss           | 0.00446     |
-----------------------------------------
EPISODE:  8
EPISODE:  9
------------------------------------------
| time/                   |              |
|    fps                  | 218          |
|    iterations           | 4            |
|    time_elapsed         | 37           |
|    total_timesteps      | 8192         |
| train/                  |              |
|    approx_kl            | 0.004575493  |
|    clip_fraction        | 0.0506       |
|    clip_range           | 0.2          |
|    entropy_loss         | -2.79        |
|    explained_variance   | 0.662        |
|    learning_rate        | 0.0003       |
|    loss                 | 0.00617      |
|    n_updates            | 30           |
|    policy_gradient_loss | -0.0036      |
|    reward               | -0.024560023 |
|    std                  | 0.981        |
|    value_loss           | 0.00371      |
------------------------------------------
EPISODE:  10
EPISODE:  11
------------------------------------------
| time/                   |              |
|    fps                  | 217          |
|    iterations           | 5            |
|    time_elapsed         | 47           |
|    total_timesteps      | 10240        |
| train/                  |              |
|    approx_kl            | 0.004419761  |
|    clip_fraction        | 0.0272       |
|    clip_range           | 0.2          |
|    entropy_loss         | -2.79        |
|    explained_variance   | 0.382        |
|    learning_rate        | 0.0003       |
|    loss                 | -0.00735     |
|    n_updates            | 40           |
|    policy_gradient_loss | -0.00089     |
|    reward               | -0.009301622 |
|    std                  | 0.975        |
|    value_loss           | 0.00336      |
------------------------------------------
EPISODE:  12
EPISODE:  13
------------------------------------------
| time/                   |              |
|    fps                  | 214          |
|    iterations           | 6            |
|    time_elapsed         | 57           |
|    total_timesteps      | 12288        |
| train/                  |              |
|    approx_kl            | 0.005609954  |
|    clip_fraction        | 0.0403       |
|    clip_range           | 0.2          |
|    entropy_loss         | -2.78        |
|    explained_variance   | 0.413        |
|    learning_rate        | 0.0003       |
|    loss                 | -0.00473     |
|    n_updates            | 50           |
|    policy_gradient_loss | -0.00368     |
|    reward               | -0.007969384 |
|    std                  | 0.967        |
|    value_loss           | 0.00311      |
------------------------------------------
EPISODE:  14
EPISODE:  15
-------------------------------------------
| time/                   |               |
|    fps                  | 212           |
|    iterations           | 7             |
|    time_elapsed         | 67            |
|    total_timesteps      | 14336         |
| train/                  |               |
|    approx_kl            | 0.0038900785  |
|    clip_fraction        | 0.0182        |
|    clip_range           | 0.2           |
|    entropy_loss         | -2.78         |
|    explained_variance   | 0.275         |
|    learning_rate        | 0.0003        |
|    loss                 | -0.0144       |
|    n_updates            | 60            |
|    policy_gradient_loss | -0.00162      |
|    reward               | -0.0044909194 |
|    std                  | 0.975         |
|    value_loss           | 0.00297       |
-------------------------------------------
EPISODE:  16
EPISODE:  17
------------------------------------------
| time/                   |              |
|    fps                  | 206          |
|    iterations           | 8            |
|    time_elapsed         | 79           |
|    total_timesteps      | 16384        |
| train/                  |              |
|    approx_kl            | 0.0037656468 |
|    clip_fraction        | 0.0395       |
|    clip_range           | 0.2          |
|    entropy_loss         | -2.79        |
|    explained_variance   | -0.0768      |
|    learning_rate        | 0.0003       |
|    loss                 | -0.00266     |
|    n_updates            | 70           |
|    policy_gradient_loss | -0.00121     |
|    reward               | -0.01607762  |
|    std                  | 0.979        |
|    value_loss           | 0.0033       |
------------------------------------------
EPISODE:  18
EPISODE:  19
-----------------------------------------
| time/                   |             |
|    fps                  | 201         |
|    iterations           | 9           |
|    time_elapsed         | 91          |
|    total_timesteps      | 18432       |
| train/                  |             |
|    approx_kl            | 0.005942423 |
|    clip_fraction        | 0.0627      |
|    clip_range           | 0.2         |
|    entropy_loss         | -2.78       |
|    explained_variance   | 0.109       |
|    learning_rate        | 0.0003      |
|    loss                 | 0.014       |
|    n_updates            | 80          |
|    policy_gradient_loss | -0.00476    |
|    reward               | 0.018562295 |
|    std                  | 0.968       |
|    value_loss           | 0.003       |
-----------------------------------------
EPISODE:  20
EPISODE:  21
------------------------------------------
| time/                   |              |
|    fps                  | 200          |
|    iterations           | 10           |
|    time_elapsed         | 102          |
|    total_timesteps      | 20480        |
| train/                  |              |
|    approx_kl            | 0.0042163655 |
|    clip_fraction        | 0.0326       |
|    clip_range           | 0.2          |
|    entropy_loss         | -2.76        |
|    explained_variance   | 0.144        |
|    learning_rate        | 0.0003       |
|    loss                 | 0.00165      |
|    n_updates            | 90           |
|    policy_gradient_loss | -0.0029      |
|    reward               | -0.050689545 |
|    std                  | 0.96         |
|    value_loss           | 0.00299      |
------------------------------------------
EPISODE:  22
EPISODE:  23
-----------------------------------------
| time/                   |             |
|    fps                  | 198         |
|    iterations           | 11          |
|    time_elapsed         | 113         |
|    total_timesteps      | 22528       |
| train/                  |             |
|    approx_kl            | 0.005307129 |
|    clip_fraction        | 0.0576      |
|    clip_range           | 0.2         |
|    entropy_loss         | -2.74       |
|    explained_variance   | 0.128       |
|    learning_rate        | 0.0003      |
|    loss                 | 0.00314     |
|    n_updates            | 100         |
|    policy_gradient_loss | -0.0032     |
|    reward               | 0.021817712 |
|    std                  | 0.945       |
|    value_loss           | 0.00374     |
-----------------------------------------
EPISODE:  24
EPISODE:  25
------------------------------------------
| time/                   |              |
|    fps                  | 197          |
|    iterations           | 12           |
|    time_elapsed         | 124          |
|    total_timesteps      | 24576        |
| train/                  |              |
|    approx_kl            | 0.0048866514 |
|    clip_fraction        | 0.047        |
|    clip_range           | 0.2          |
|    entropy_loss         | -2.73        |
|    explained_variance   | 0.0944       |
|    learning_rate        | 0.0003       |
|    loss                 | -0.0151      |
|    n_updates            | 110          |
|    policy_gradient_loss | -0.0025      |
|    reward               | 0.01996231   |
|    std                  | 0.95         |
|    value_loss           | 0.00377      |
------------------------------------------
EPISODE:  26
EPISODE:  27
-------------------------------------------
| time/                   |               |
|    fps                  | 192           |
|    iterations           | 13            |
|    time_elapsed         | 138           |
|    total_timesteps      | 26624         |
| train/                  |               |
|    approx_kl            | 0.0072522266  |
|    clip_fraction        | 0.0684        |
|    clip_range           | 0.2           |
|    entropy_loss         | -2.74         |
|    explained_variance   | 0.118         |
|    learning_rate        | 0.0003        |
|    loss                 | -0.00486      |
|    n_updates            | 120           |
|    policy_gradient_loss | -0.00299      |
|    reward               | -0.0067399195 |
|    std                  | 0.954         |
|    value_loss           | 0.00396       |
-------------------------------------------
EPISODE:  28
EPISODE:  29
------------------------------------------
| time/                   |              |
|    fps                  | 187          |
|    iterations           | 14           |
|    time_elapsed         | 152          |
|    total_timesteps      | 28672        |
| train/                  |              |
|    approx_kl            | 0.005973637  |
|    clip_fraction        | 0.0498       |
|    clip_range           | 0.2          |
|    entropy_loss         | -2.74        |
|    explained_variance   | 0.12         |
|    learning_rate        | 0.0003       |
|    loss                 | -0.00194     |
|    n_updates            | 130          |
|    policy_gradient_loss | -0.00282     |
|    reward               | -0.027573008 |
|    std                  | 0.953        |
|    value_loss           | 0.0037       |
------------------------------------------
EPISODE:  30
EPISODE:  31
------------------------------------------
| time/                   |              |
|    fps                  | 183          |
|    iterations           | 15           |
|    time_elapsed         | 167          |
|    total_timesteps      | 30720        |
| train/                  |              |
|    approx_kl            | 0.0064455504 |
|    clip_fraction        | 0.0691       |
|    clip_range           | 0.2          |
|    entropy_loss         | -2.73        |
|    explained_variance   | 0.149        |
|    learning_rate        | 0.0003       |
|    loss                 | 0.0124       |
|    n_updates            | 140          |
|    policy_gradient_loss | -0.00192     |
|    reward               | 0.010369442  |
|    std                  | 0.946        |
|    value_loss           | 0.00328      |
------------------------------------------
EPISODE:  32
EPISODE:  33
EPISODE:  34
------------------------------------------
| time/                   |              |
|    fps                  | 179          |
|    iterations           | 16           |
|    time_elapsed         | 182          |
|    total_timesteps      | 32768        |
| train/                  |              |
|    approx_kl            | 0.0066164164 |
|    clip_fraction        | 0.0639       |
|    clip_range           | 0.2          |
|    entropy_loss         | -2.73        |
|    explained_variance   | -0.0962      |
|    learning_rate        | 0.0003       |
|    loss                 | -0.0167      |
|    n_updates            | 150          |
|    policy_gradient_loss | -0.00149     |
|    reward               | 0.032819945  |
|    std                  | 0.948        |
|    value_loss           | 0.00317      |
------------------------------------------
EPISODE:  35
EPISODE:  36
-----------------------------------------
| time/                   |             |
|    fps                  | 173         |
|    iterations           | 17          |
|    time_elapsed         | 201         |
|    total_timesteps      | 34816       |
| train/                  |             |
|    approx_kl            | 0.008722129 |
|    clip_fraction        | 0.115       |
|    clip_range           | 0.2         |
|    entropy_loss         | -2.72       |
|    explained_variance   | -0.0299     |
|    learning_rate        | 0.0003      |
|    loss                 | 0.0218      |
|    n_updates            | 160         |
|    policy_gradient_loss | -0.00533    |
|    reward               | 0.023340581 |
|    std                  | 0.94        |
|    value_loss           | 0.0031      |
-----------------------------------------
EPISODE:  37
EPISODE:  38
------------------------------------------
| time/                   |              |
|    fps                  | 169          |
|    iterations           | 18           |
|    time_elapsed         | 217          |
|    total_timesteps      | 36864        |
| train/                  |              |
|    approx_kl            | 0.007848444  |
|    clip_fraction        | 0.069        |
|    clip_range           | 0.2          |
|    entropy_loss         | -2.71        |
|    explained_variance   | -0.0726      |
|    learning_rate        | 0.0003       |
|    loss                 | 0.00278      |
|    n_updates            | 170          |
|    policy_gradient_loss | -0.00235     |
|    reward               | -0.017599784 |
|    std                  | 0.932        |
|    value_loss           | 0.00432      |
------------------------------------------
EPISODE:  39
EPISODE:  40
-----------------------------------------
| time/                   |             |
|    fps                  | 165         |
|    iterations           | 19          |
|    time_elapsed         | 234         |
|    total_timesteps      | 38912       |
| train/                  |             |
|    approx_kl            | 0.00596372  |
|    clip_fraction        | 0.0662      |
|    clip_range           | 0.2         |
|    entropy_loss         | -2.71       |
|    explained_variance   | 0.0744      |
|    learning_rate        | 0.0003      |
|    loss                 | -0.0162     |
|    n_updates            | 180         |
|    policy_gradient_loss | -0.00126    |
|    reward               | 0.027336644 |
|    std                  | 0.94        |
|    value_loss           | 0.00259     |
-----------------------------------------
EPISODE:  41
EPISODE:  42
-------------------------------------------
| time/                   |               |
|    fps                  | 162           |
|    iterations           | 20            |
|    time_elapsed         | 252           |
|    total_timesteps      | 40960         |
| train/                  |               |
|    approx_kl            | 0.006674599   |
|    clip_fraction        | 0.0743        |
|    clip_range           | 0.2           |
|    entropy_loss         | -2.71         |
|    explained_variance   | -0.00993      |
|    learning_rate        | 0.0003        |
|    loss                 | 0.0167        |
|    n_updates            | 190           |
|    policy_gradient_loss | -0.00212      |
|    reward               | -0.0054130135 |
|    std                  | 0.939         |
|    value_loss           | 0.00264       |
-------------------------------------------
EPISODE:  43
EPISODE:  44
------------------------------------------
| time/                   |              |
|    fps                  | 159          |
|    iterations           | 21           |
|    time_elapsed         | 270          |
|    total_timesteps      | 43008        |
| train/                  |              |
|    approx_kl            | 0.008392166  |
|    clip_fraction        | 0.0939       |
|    clip_range           | 0.2          |
|    entropy_loss         | -2.71        |
|    explained_variance   | -0.049       |
|    learning_rate        | 0.0003       |
|    loss                 | -0.027       |
|    n_updates            | 200          |
|    policy_gradient_loss | -0.00293     |
|    reward               | 0.0019414942 |
|    std                  | 0.935        |
|    value_loss           | 0.00345      |
------------------------------------------
EPISODE:  45
EPISODE:  46
------------------------------------------
| time/                   |              |
|    fps                  | 156          |
|    iterations           | 22           |
|    time_elapsed         | 288          |
|    total_timesteps      | 45056        |
| train/                  |              |
|    approx_kl            | 0.0074001485 |
|    clip_fraction        | 0.0893       |
|    clip_range           | 0.2          |
|    entropy_loss         | -2.7         |
|    explained_variance   | 0.0536       |
|    learning_rate        | 0.0003       |
|    loss                 | 0.0215       |
|    n_updates            | 210          |
|    policy_gradient_loss | -0.00326     |
|    reward               | 0.0104612615 |
|    std                  | 0.933        |
|    value_loss           | 0.00241      |
------------------------------------------
EPISODE:  47
EPISODE:  48
------------------------------------------
| time/                   |              |
|    fps                  | 153          |
|    iterations           | 23           |
|    time_elapsed         | 306          |
|    total_timesteps      | 47104        |
| train/                  |              |
|    approx_kl            | 0.005339289  |
|    clip_fraction        | 0.0601       |
|    clip_range           | 0.2          |
|    entropy_loss         | -2.69        |
|    explained_variance   | 0.0578       |
|    learning_rate        | 0.0003       |
|    loss                 | -0.0112      |
|    n_updates            | 220          |
|    policy_gradient_loss | -0.000788    |
|    reward               | -0.001949872 |
|    std                  | 0.929        |
|    value_loss           | 0.00307      |
------------------------------------------
EPISODE:  49
EPISODE:  50
------------------------------------------
| time/                   |              |
|    fps                  | 151          |
|    iterations           | 24           |
|    time_elapsed         | 323          |
|    total_timesteps      | 49152        |
| train/                  |              |
|    approx_kl            | 0.008923906  |
|    clip_fraction        | 0.0797       |
|    clip_range           | 0.2          |
|    entropy_loss         | -2.7         |
|    explained_variance   | 0.143        |
|    learning_rate        | 0.0003       |
|    loss                 | 0.00654      |
|    n_updates            | 230          |
|    policy_gradient_loss | -0.00119     |
|    reward               | -0.017292053 |
|    std                  | 0.934        |
|    value_loss           | 0.00366      |
------------------------------------------
EPISODE:  51
EPISODE:  52
------------------------------------------
| time/                   |              |
|    fps                  | 150          |
|    iterations           | 25           |
|    time_elapsed         | 340          |
|    total_timesteps      | 51200        |
| train/                  |              |
|    approx_kl            | 0.011057446  |
|    clip_fraction        | 0.0816       |
|    clip_range           | 0.2          |
|    entropy_loss         | -2.71        |
|    explained_variance   | 0.188        |
|    learning_rate        | 0.0003       |
|    loss                 | -0.00925     |
|    n_updates            | 240          |
|    policy_gradient_loss | -0.00226     |
|    reward               | -0.031567883 |
|    std                  | 0.941        |
|    value_loss           | 0.00382      |
------------------------------------------
Saved episode log to Results\250619_hc_binary_udp_noise\ppo\upward_noise\training_logs\06.csv
