EPISODE:  0
{'n_steps': 2048, 'batch_size': 64, 'learning_rate': 0.0003, 'ent_coef': 0.0}
Using cpu device
EPISODE:  1
EPISODE:  2
EPISODE:  3
-------------------------------------
| time/              |              |
|    fps             | 299          |
|    iterations      | 1            |
|    time_elapsed    | 6            |
|    total_timesteps | 2048         |
| train/             |              |
|    reward          | 0.0004898417 |
-------------------------------------
EPISODE:  4
EPISODE:  5
------------------------------------------
| time/                   |              |
|    fps                  | 247          |
|    iterations           | 2            |
|    time_elapsed         | 16           |
|    total_timesteps      | 4096         |
| train/                  |              |
|    approx_kl            | 0.0016059475 |
|    clip_fraction        | 0.0163       |
|    clip_range           | 0.2          |
|    entropy_loss         | -2.85        |
|    explained_variance   | -6.03        |
|    learning_rate        | 0.0003       |
|    loss                 | 0.0181       |
|    n_updates            | 10           |
|    policy_gradient_loss | -0.00125     |
|    reward               | 0.006641869  |
|    std                  | 1.01         |
|    value_loss           | 0.0179       |
------------------------------------------
EPISODE:  6
EPISODE:  7
------------------------------------------
| time/                   |              |
|    fps                  | 236          |
|    iterations           | 3            |
|    time_elapsed         | 26           |
|    total_timesteps      | 6144         |
| train/                  |              |
|    approx_kl            | 0.0047998033 |
|    clip_fraction        | 0.0064       |
|    clip_range           | 0.2          |
|    entropy_loss         | -2.84        |
|    explained_variance   | -0.0134      |
|    learning_rate        | 0.0003       |
|    loss                 | -0.0181      |
|    n_updates            | 20           |
|    policy_gradient_loss | 0.000267     |
|    reward               | -0.013264141 |
|    std                  | 0.994        |
|    value_loss           | 0.00178      |
------------------------------------------
EPISODE:  8
EPISODE:  9
------------------------------------------
| time/                   |              |
|    fps                  | 226          |
|    iterations           | 4            |
|    time_elapsed         | 36           |
|    total_timesteps      | 8192         |
| train/                  |              |
|    approx_kl            | 0.004757564  |
|    clip_fraction        | 0.0351       |
|    clip_range           | 0.2          |
|    entropy_loss         | -2.82        |
|    explained_variance   | 0.235        |
|    learning_rate        | 0.0003       |
|    loss                 | 0.014        |
|    n_updates            | 30           |
|    policy_gradient_loss | -0.00218     |
|    reward               | -0.014608829 |
|    std                  | 0.987        |
|    value_loss           | 0.00146      |
------------------------------------------
EPISODE:  10
EPISODE:  11
-----------------------------------------
| time/                   |             |
|    fps                  | 224         |
|    iterations           | 5           |
|    time_elapsed         | 45          |
|    total_timesteps      | 10240       |
| train/                  |             |
|    approx_kl            | 0.002984388 |
|    clip_fraction        | 0.019       |
|    clip_range           | 0.2         |
|    entropy_loss         | -2.81       |
|    explained_variance   | 0.319       |
|    learning_rate        | 0.0003      |
|    loss                 | 0.00327     |
|    n_updates            | 40          |
|    policy_gradient_loss | -0.0011     |
|    reward               | 0.013644838 |
|    std                  | 0.986       |
|    value_loss           | 0.00122     |
-----------------------------------------
EPISODE:  12
EPISODE:  13
------------------------------------------
| time/                   |              |
|    fps                  | 221          |
|    iterations           | 6            |
|    time_elapsed         | 55           |
|    total_timesteps      | 12288        |
| train/                  |              |
|    approx_kl            | 0.0040235096 |
|    clip_fraction        | 0.0159       |
|    clip_range           | 0.2          |
|    entropy_loss         | -2.81        |
|    explained_variance   | 0.385        |
|    learning_rate        | 0.0003       |
|    loss                 | -0.00432     |
|    n_updates            | 50           |
|    policy_gradient_loss | -0.000634    |
|    reward               | 0.01080532   |
|    std                  | 0.988        |
|    value_loss           | 0.00122      |
------------------------------------------
EPISODE:  14
EPISODE:  15
-------------------------------------------
| time/                   |               |
|    fps                  | 219           |
|    iterations           | 7             |
|    time_elapsed         | 65            |
|    total_timesteps      | 14336         |
| train/                  |               |
|    approx_kl            | 0.0021538918  |
|    clip_fraction        | 0.0187        |
|    clip_range           | 0.2           |
|    entropy_loss         | -2.81         |
|    explained_variance   | 0.359         |
|    learning_rate        | 0.0003        |
|    loss                 | -0.000368     |
|    n_updates            | 60            |
|    policy_gradient_loss | -0.000509     |
|    reward               | -0.0035312804 |
|    std                  | 0.985         |
|    value_loss           | 0.00123       |
-------------------------------------------
EPISODE:  16
EPISODE:  17
-------------------------------------------
| time/                   |               |
|    fps                  | 219           |
|    iterations           | 8             |
|    time_elapsed         | 74            |
|    total_timesteps      | 16384         |
| train/                  |               |
|    approx_kl            | 0.0015234567  |
|    clip_fraction        | 0.0118        |
|    clip_range           | 0.2           |
|    entropy_loss         | -2.82         |
|    explained_variance   | 0.365         |
|    learning_rate        | 0.0003        |
|    loss                 | 0.00316       |
|    n_updates            | 70            |
|    policy_gradient_loss | -0.000602     |
|    reward               | -0.0035386772 |
|    std                  | 0.995         |
|    value_loss           | 0.00108       |
-------------------------------------------
EPISODE:  18
EPISODE:  19
-----------------------------------------
| time/                   |             |
|    fps                  | 218         |
|    iterations           | 9           |
|    time_elapsed         | 84          |
|    total_timesteps      | 18432       |
| train/                  |             |
|    approx_kl            | 0.003268887 |
|    clip_fraction        | 0.0106      |
|    clip_range           | 0.2         |
|    entropy_loss         | -2.83       |
|    explained_variance   | 0.323       |
|    learning_rate        | 0.0003      |
|    loss                 | 0.00479     |
|    n_updates            | 80          |
|    policy_gradient_loss | -0.00056    |
|    reward               | 0.008814454 |
|    std                  | 1           |
|    value_loss           | 0.00111     |
-----------------------------------------
EPISODE:  20
EPISODE:  21
------------------------------------------
| time/                   |              |
|    fps                  | 218          |
|    iterations           | 10           |
|    time_elapsed         | 93           |
|    total_timesteps      | 20480        |
| train/                  |              |
|    approx_kl            | 0.0036928307 |
|    clip_fraction        | 0.023        |
|    clip_range           | 0.2          |
|    entropy_loss         | -2.82        |
|    explained_variance   | 0.212        |
|    learning_rate        | 0.0003       |
|    loss                 | -0.0114      |
|    n_updates            | 90           |
|    policy_gradient_loss | -0.00168     |
|    reward               | -0.014435759 |
|    std                  | 0.987        |
|    value_loss           | 0.00125      |
------------------------------------------
EPISODE:  22
EPISODE:  23
------------------------------------------
| time/                   |              |
|    fps                  | 217          |
|    iterations           | 11           |
|    time_elapsed         | 103          |
|    total_timesteps      | 22528        |
| train/                  |              |
|    approx_kl            | 0.0035866662 |
|    clip_fraction        | 0.00464      |
|    clip_range           | 0.2          |
|    entropy_loss         | -2.8         |
|    explained_variance   | 0.367        |
|    learning_rate        | 0.0003       |
|    loss                 | -0.00915     |
|    n_updates            | 100          |
|    policy_gradient_loss | 0.000196     |
|    reward               | 0.014941434  |
|    std                  | 0.979        |
|    value_loss           | 0.000989     |
------------------------------------------
EPISODE:  24
EPISODE:  25
-------------------------------------------
| time/                   |               |
|    fps                  | 217           |
|    iterations           | 12            |
|    time_elapsed         | 113           |
|    total_timesteps      | 24576         |
| train/                  |               |
|    approx_kl            | 0.0052139894  |
|    clip_fraction        | 0.0413        |
|    clip_range           | 0.2           |
|    entropy_loss         | -2.79         |
|    explained_variance   | 0.452         |
|    learning_rate        | 0.0003        |
|    loss                 | 0.0023        |
|    n_updates            | 110           |
|    policy_gradient_loss | -0.00264      |
|    reward               | -0.0122640785 |
|    std                  | 0.976         |
|    value_loss           | 0.000931      |
-------------------------------------------
EPISODE:  26
EPISODE:  27
------------------------------------------
| time/                   |              |
|    fps                  | 216          |
|    iterations           | 13           |
|    time_elapsed         | 122          |
|    total_timesteps      | 26624        |
| train/                  |              |
|    approx_kl            | 0.0037020436 |
|    clip_fraction        | 0.0144       |
|    clip_range           | 0.2          |
|    entropy_loss         | -2.78        |
|    explained_variance   | 0.413        |
|    learning_rate        | 0.0003       |
|    loss                 | -0.000851    |
|    n_updates            | 120          |
|    policy_gradient_loss | -0.000415    |
|    reward               | 0.00853887   |
|    std                  | 0.973        |
|    value_loss           | 0.0012       |
------------------------------------------
EPISODE:  28
EPISODE:  29
-------------------------------------------
| time/                   |               |
|    fps                  | 215           |
|    iterations           | 14            |
|    time_elapsed         | 133           |
|    total_timesteps      | 28672         |
| train/                  |               |
|    approx_kl            | 0.0051866584  |
|    clip_fraction        | 0.0278        |
|    clip_range           | 0.2           |
|    entropy_loss         | -2.78         |
|    explained_variance   | 0.402         |
|    learning_rate        | 0.0003        |
|    loss                 | 0.00335       |
|    n_updates            | 130           |
|    policy_gradient_loss | -0.0022       |
|    reward               | -0.0010337393 |
|    std                  | 0.969         |
|    value_loss           | 0.00118       |
-------------------------------------------
EPISODE:  30
EPISODE:  31
------------------------------------------
| time/                   |              |
|    fps                  | 211          |
|    iterations           | 15           |
|    time_elapsed         | 145          |
|    total_timesteps      | 30720        |
| train/                  |              |
|    approx_kl            | 0.0015803841 |
|    clip_fraction        | 0.00776      |
|    clip_range           | 0.2          |
|    entropy_loss         | -2.76        |
|    explained_variance   | 0.428        |
|    learning_rate        | 0.0003       |
|    loss                 | -0.000243    |
|    n_updates            | 140          |
|    policy_gradient_loss | -0.000792    |
|    reward               | -0.006436944 |
|    std                  | 0.959        |
|    value_loss           | 0.00132      |
------------------------------------------
EPISODE:  32
EPISODE:  33
EPISODE:  34
------------------------------------------
| time/                   |              |
|    fps                  | 209          |
|    iterations           | 16           |
|    time_elapsed         | 156          |
|    total_timesteps      | 32768        |
| train/                  |              |
|    approx_kl            | 0.0050249654 |
|    clip_fraction        | 0.05         |
|    clip_range           | 0.2          |
|    entropy_loss         | -2.75        |
|    explained_variance   | 0.432        |
|    learning_rate        | 0.0003       |
|    loss                 | -0.026       |
|    n_updates            | 150          |
|    policy_gradient_loss | -0.00355     |
|    reward               | 0.0019985936 |
|    std                  | 0.959        |
|    value_loss           | 0.00126      |
------------------------------------------
EPISODE:  35
EPISODE:  36
------------------------------------------
| time/                   |              |
|    fps                  | 207          |
|    iterations           | 17           |
|    time_elapsed         | 167          |
|    total_timesteps      | 34816        |
| train/                  |              |
|    approx_kl            | 0.0043926216 |
|    clip_fraction        | 0.029        |
|    clip_range           | 0.2          |
|    entropy_loss         | -2.76        |
|    explained_variance   | 0.548        |
|    learning_rate        | 0.0003       |
|    loss                 | -0.00586     |
|    n_updates            | 160          |
|    policy_gradient_loss | -0.00133     |
|    reward               | 0.004747693  |
|    std                  | 0.96         |
|    value_loss           | 0.000997     |
------------------------------------------
EPISODE:  37
EPISODE:  38
------------------------------------------
| time/                   |              |
|    fps                  | 202          |
|    iterations           | 18           |
|    time_elapsed         | 182          |
|    total_timesteps      | 36864        |
| train/                  |              |
|    approx_kl            | 0.0035923596 |
|    clip_fraction        | 0.0194       |
|    clip_range           | 0.2          |
|    entropy_loss         | -2.75        |
|    explained_variance   | 0.513        |
|    learning_rate        | 0.0003       |
|    loss                 | 0.0134       |
|    n_updates            | 170          |
|    policy_gradient_loss | -0.000699    |
|    reward               | -0.011925916 |
|    std                  | 0.956        |
|    value_loss           | 0.000961     |
------------------------------------------
EPISODE:  39
EPISODE:  40
-----------------------------------------
| time/                   |             |
|    fps                  | 197         |
|    iterations           | 19          |
|    time_elapsed         | 197         |
|    total_timesteps      | 38912       |
| train/                  |             |
|    approx_kl            | 0.004689643 |
|    clip_fraction        | 0.0193      |
|    clip_range           | 0.2         |
|    entropy_loss         | -2.74       |
|    explained_variance   | 0.505       |
|    learning_rate        | 0.0003      |
|    loss                 | -0.00242    |
|    n_updates            | 180         |
|    policy_gradient_loss | -0.00164    |
|    reward               | 0.01399249  |
|    std                  | 0.944       |
|    value_loss           | 0.00093     |
-----------------------------------------
EPISODE:  41
EPISODE:  42
------------------------------------------
| time/                   |              |
|    fps                  | 192          |
|    iterations           | 20           |
|    time_elapsed         | 213          |
|    total_timesteps      | 40960        |
| train/                  |              |
|    approx_kl            | 0.0038781366 |
|    clip_fraction        | 0.0177       |
|    clip_range           | 0.2          |
|    entropy_loss         | -2.72        |
|    explained_variance   | 0.541        |
|    learning_rate        | 0.0003       |
|    loss                 | 0.00341      |
|    n_updates            | 190          |
|    policy_gradient_loss | -0.00131     |
|    reward               | -0.014464237 |
|    std                  | 0.94         |
|    value_loss           | 0.000966     |
------------------------------------------
EPISODE:  43
EPISODE:  44
------------------------------------------
| time/                   |              |
|    fps                  | 187          |
|    iterations           | 21           |
|    time_elapsed         | 229          |
|    total_timesteps      | 43008        |
| train/                  |              |
|    approx_kl            | 0.0038481355 |
|    clip_fraction        | 0.0267       |
|    clip_range           | 0.2          |
|    entropy_loss         | -2.71        |
|    explained_variance   | 0.549        |
|    learning_rate        | 0.0003       |
|    loss                 | -0.0109      |
|    n_updates            | 200          |
|    policy_gradient_loss | -0.00166     |
|    reward               | -0.012312975 |
|    std                  | 0.937        |
|    value_loss           | 0.00101      |
------------------------------------------
EPISODE:  45
EPISODE:  46
-----------------------------------------
| time/                   |             |
|    fps                  | 182         |
|    iterations           | 22          |
|    time_elapsed         | 247         |
|    total_timesteps      | 45056       |
| train/                  |             |
|    approx_kl            | 0.00260422  |
|    clip_fraction        | 0.0171      |
|    clip_range           | 0.2         |
|    entropy_loss         | -2.72       |
|    explained_variance   | 0.461       |
|    learning_rate        | 0.0003      |
|    loss                 | -0.00695    |
|    n_updates            | 210         |
|    policy_gradient_loss | -0.00194    |
|    reward               | 0.005498759 |
|    std                  | 0.943       |
|    value_loss           | 0.00101     |
-----------------------------------------
EPISODE:  47
EPISODE:  48
-------------------------------------------
| time/                   |               |
|    fps                  | 179           |
|    iterations           | 23            |
|    time_elapsed         | 262           |
|    total_timesteps      | 47104         |
| train/                  |               |
|    approx_kl            | 0.0050643757  |
|    clip_fraction        | 0.0316        |
|    clip_range           | 0.2           |
|    entropy_loss         | -2.72         |
|    explained_variance   | 0.533         |
|    learning_rate        | 0.0003        |
|    loss                 | 0.0113        |
|    n_updates            | 220           |
|    policy_gradient_loss | -0.00305      |
|    reward               | -0.0010713692 |
|    std                  | 0.94          |
|    value_loss           | 0.000926      |
-------------------------------------------
EPISODE:  49
EPISODE:  50
------------------------------------------
| time/                   |              |
|    fps                  | 176          |
|    iterations           | 24           |
|    time_elapsed         | 278          |
|    total_timesteps      | 49152        |
| train/                  |              |
|    approx_kl            | 0.0028826492 |
|    clip_fraction        | 0.0102       |
|    clip_range           | 0.2          |
|    entropy_loss         | -2.71        |
|    explained_variance   | 0.534        |
|    learning_rate        | 0.0003       |
|    loss                 | 0.0107       |
|    n_updates            | 230          |
|    policy_gradient_loss | -0.000495    |
|    reward               | 0.0070679206 |
|    std                  | 0.936        |
|    value_loss           | 0.000998     |
------------------------------------------
EPISODE:  51
EPISODE:  52
------------------------------------------
| time/                   |              |
|    fps                  | 173          |
|    iterations           | 25           |
|    time_elapsed         | 295          |
|    total_timesteps      | 51200        |
| train/                  |              |
|    approx_kl            | 0.005483695  |
|    clip_fraction        | 0.0333       |
|    clip_range           | 0.2          |
|    entropy_loss         | -2.7         |
|    explained_variance   | 0.503        |
|    learning_rate        | 0.0003       |
|    loss                 | 0.0156       |
|    n_updates            | 240          |
|    policy_gradient_loss | -0.00258     |
|    reward               | -0.013526918 |
|    std                  | 0.932        |
|    value_loss           | 0.000951     |
------------------------------------------
Saved episode log to Results\250619_hc_binary_udp\ppo\periodic\training_logs\04.csv
