EPISODE:  0
{'n_steps': 2048, 'batch_size': 64, 'learning_rate': 0.0003, 'ent_coef': 0.0}
Using cpu device
EPISODE:  1
EPISODE:  2
EPISODE:  3
-----------------------------------
| time/              |            |
|    fps             | 271        |
|    iterations      | 1          |
|    time_elapsed    | 7          |
|    total_timesteps | 2048       |
| train/             |            |
|    reward          | 0.05199443 |
-----------------------------------
EPISODE:  4
EPISODE:  5
-------------------------------------------
| time/                   |               |
|    fps                  | 229           |
|    iterations           | 2             |
|    time_elapsed         | 17            |
|    total_timesteps      | 4096          |
| train/                  |               |
|    approx_kl            | 0.0066458816  |
|    clip_fraction        | 0.0933        |
|    clip_range           | 0.2           |
|    entropy_loss         | -2.83         |
|    explained_variance   | -0.375        |
|    learning_rate        | 0.0003        |
|    loss                 | 0.0196        |
|    n_updates            | 10            |
|    policy_gradient_loss | -0.00833      |
|    reward               | -0.0035555046 |
|    std                  | 0.992         |
|    value_loss           | 0.0101        |
-------------------------------------------
EPISODE:  6
EPISODE:  7
------------------------------------------
| time/                   |              |
|    fps                  | 207          |
|    iterations           | 3            |
|    time_elapsed         | 29           |
|    total_timesteps      | 6144         |
| train/                  |              |
|    approx_kl            | 0.0031682332 |
|    clip_fraction        | 0.0289       |
|    clip_range           | 0.2          |
|    entropy_loss         | -2.82        |
|    explained_variance   | 0.674        |
|    learning_rate        | 0.0003       |
|    loss                 | -0.012       |
|    n_updates            | 20           |
|    policy_gradient_loss | 1.35e-05     |
|    reward               | -0.009344092 |
|    std                  | 0.994        |
|    value_loss           | 0.00744      |
------------------------------------------
EPISODE:  8
EPISODE:  9
------------------------------------------
| time/                   |              |
|    fps                  | 195          |
|    iterations           | 4            |
|    time_elapsed         | 41           |
|    total_timesteps      | 8192         |
| train/                  |              |
|    approx_kl            | 0.0036116648 |
|    clip_fraction        | 0.0521       |
|    clip_range           | 0.2          |
|    entropy_loss         | -2.82        |
|    explained_variance   | 0.707        |
|    learning_rate        | 0.0003       |
|    loss                 | 0.0107       |
|    n_updates            | 30           |
|    policy_gradient_loss | -0.00163     |
|    reward               | 0.022512952  |
|    std                  | 0.989        |
|    value_loss           | 0.00532      |
------------------------------------------
EPISODE:  10
EPISODE:  11
------------------------------------------
| time/                   |              |
|    fps                  | 188          |
|    iterations           | 5            |
|    time_elapsed         | 54           |
|    total_timesteps      | 10240        |
| train/                  |              |
|    approx_kl            | 0.005154942  |
|    clip_fraction        | 0.0572       |
|    clip_range           | 0.2          |
|    entropy_loss         | -2.82        |
|    explained_variance   | 0.707        |
|    learning_rate        | 0.0003       |
|    loss                 | -0.00257     |
|    n_updates            | 40           |
|    policy_gradient_loss | -0.00433     |
|    reward               | 0.0072850366 |
|    std                  | 0.991        |
|    value_loss           | 0.00452      |
------------------------------------------
EPISODE:  12
EPISODE:  13
------------------------------------------
| time/                   |              |
|    fps                  | 185          |
|    iterations           | 6            |
|    time_elapsed         | 66           |
|    total_timesteps      | 12288        |
| train/                  |              |
|    approx_kl            | 0.0034574997 |
|    clip_fraction        | 0.0389       |
|    clip_range           | 0.2          |
|    entropy_loss         | -2.83        |
|    explained_variance   | 0.591        |
|    learning_rate        | 0.0003       |
|    loss                 | -0.00499     |
|    n_updates            | 50           |
|    policy_gradient_loss | -0.0017      |
|    reward               | -0.009951463 |
|    std                  | 1            |
|    value_loss           | 0.00418      |
------------------------------------------
EPISODE:  14
EPISODE:  15
------------------------------------------
| time/                   |              |
|    fps                  | 169          |
|    iterations           | 7            |
|    time_elapsed         | 84           |
|    total_timesteps      | 14336        |
| train/                  |              |
|    approx_kl            | 0.0039282064 |
|    clip_fraction        | 0.0354       |
|    clip_range           | 0.2          |
|    entropy_loss         | -2.82        |
|    explained_variance   | 0.533        |
|    learning_rate        | 0.0003       |
|    loss                 | -0.0189      |
|    n_updates            | 60           |
|    policy_gradient_loss | -0.00125     |
|    reward               | 0.006479948  |
|    std                  | 0.983        |
|    value_loss           | 0.00414      |
------------------------------------------
EPISODE:  16
EPISODE:  17
------------------------------------------
| time/                   |              |
|    fps                  | 162          |
|    iterations           | 8            |
|    time_elapsed         | 100          |
|    total_timesteps      | 16384        |
| train/                  |              |
|    approx_kl            | 0.0076457253 |
|    clip_fraction        | 0.0648       |
|    clip_range           | 0.2          |
|    entropy_loss         | -2.8         |
|    explained_variance   | 0.455        |
|    learning_rate        | 0.0003       |
|    loss                 | -0.00973     |
|    n_updates            | 70           |
|    policy_gradient_loss | -0.00241     |
|    reward               | 0.018043498  |
|    std                  | 0.979        |
|    value_loss           | 0.00376      |
------------------------------------------
EPISODE:  18
EPISODE:  19
------------------------------------------
| time/                   |              |
|    fps                  | 155          |
|    iterations           | 9            |
|    time_elapsed         | 118          |
|    total_timesteps      | 18432        |
| train/                  |              |
|    approx_kl            | 0.0057443026 |
|    clip_fraction        | 0.065        |
|    clip_range           | 0.2          |
|    entropy_loss         | -2.8         |
|    explained_variance   | 0.284        |
|    learning_rate        | 0.0003       |
|    loss                 | 0.000436     |
|    n_updates            | 80           |
|    policy_gradient_loss | -0.00292     |
|    reward               | -0.016527206 |
|    std                  | 0.984        |
|    value_loss           | 0.00379      |
------------------------------------------
EPISODE:  20
EPISODE:  21
------------------------------------------
| time/                   |              |
|    fps                  | 151          |
|    iterations           | 10           |
|    time_elapsed         | 135          |
|    total_timesteps      | 20480        |
| train/                  |              |
|    approx_kl            | 0.0032537729 |
|    clip_fraction        | 0.0305       |
|    clip_range           | 0.2          |
|    entropy_loss         | -2.81        |
|    explained_variance   | 0.409        |
|    learning_rate        | 0.0003       |
|    loss                 | 0.0299       |
|    n_updates            | 90           |
|    policy_gradient_loss | -0.00248     |
|    reward               | 0.05258627   |
|    std                  | 0.989        |
|    value_loss           | 0.00352      |
------------------------------------------
EPISODE:  22
EPISODE:  23
------------------------------------------
| time/                   |              |
|    fps                  | 146          |
|    iterations           | 11           |
|    time_elapsed         | 153          |
|    total_timesteps      | 22528        |
| train/                  |              |
|    approx_kl            | 0.0028230457 |
|    clip_fraction        | 0.0453       |
|    clip_range           | 0.2          |
|    entropy_loss         | -2.81        |
|    explained_variance   | 0.38         |
|    learning_rate        | 0.0003       |
|    loss                 | 0.00719      |
|    n_updates            | 100          |
|    policy_gradient_loss | -0.00176     |
|    reward               | -0.019776119 |
|    std                  | 0.979        |
|    value_loss           | 0.00274      |
------------------------------------------
EPISODE:  24
EPISODE:  25
------------------------------------------
| time/                   |              |
|    fps                  | 144          |
|    iterations           | 12           |
|    time_elapsed         | 170          |
|    total_timesteps      | 24576        |
| train/                  |              |
|    approx_kl            | 0.0037277872 |
|    clip_fraction        | 0.0326       |
|    clip_range           | 0.2          |
|    entropy_loss         | -2.8         |
|    explained_variance   | 0.275        |
|    learning_rate        | 0.0003       |
|    loss                 | -0.00298     |
|    n_updates            | 110          |
|    policy_gradient_loss | -8.85e-05    |
|    reward               | 0.017924424  |
|    std                  | 0.981        |
|    value_loss           | 0.00342      |
------------------------------------------
EPISODE:  26
EPISODE:  27
------------------------------------------
| time/                   |              |
|    fps                  | 143          |
|    iterations           | 13           |
|    time_elapsed         | 185          |
|    total_timesteps      | 26624        |
| train/                  |              |
|    approx_kl            | 0.00620523   |
|    clip_fraction        | 0.0535       |
|    clip_range           | 0.2          |
|    entropy_loss         | -2.79        |
|    explained_variance   | 0.185        |
|    learning_rate        | 0.0003       |
|    loss                 | 0.00946      |
|    n_updates            | 120          |
|    policy_gradient_loss | -0.00234     |
|    reward               | -0.004728452 |
|    std                  | 0.968        |
|    value_loss           | 0.00269      |
------------------------------------------
EPISODE:  28
EPISODE:  29
------------------------------------------
| time/                   |              |
|    fps                  | 141          |
|    iterations           | 14           |
|    time_elapsed         | 202          |
|    total_timesteps      | 28672        |
| train/                  |              |
|    approx_kl            | 0.0041215857 |
|    clip_fraction        | 0.0486       |
|    clip_range           | 0.2          |
|    entropy_loss         | -2.77        |
|    explained_variance   | 0.23         |
|    learning_rate        | 0.0003       |
|    loss                 | -0.0107      |
|    n_updates            | 130          |
|    policy_gradient_loss | -0.002       |
|    reward               | 0.029515918  |
|    std                  | 0.963        |
|    value_loss           | 0.00328      |
------------------------------------------
EPISODE:  30
EPISODE:  31
------------------------------------------
| time/                   |              |
|    fps                  | 138          |
|    iterations           | 15           |
|    time_elapsed         | 221          |
|    total_timesteps      | 30720        |
| train/                  |              |
|    approx_kl            | 0.0057695527 |
|    clip_fraction        | 0.0595       |
|    clip_range           | 0.2          |
|    entropy_loss         | -2.75        |
|    explained_variance   | 0.0126       |
|    learning_rate        | 0.0003       |
|    loss                 | 0.00733      |
|    n_updates            | 140          |
|    policy_gradient_loss | -0.000866    |
|    reward               | -0.012346726 |
|    std                  | 0.95         |
|    value_loss           | 0.00279      |
------------------------------------------
EPISODE:  32
EPISODE:  33
EPISODE:  34
------------------------------------------
| time/                   |              |
|    fps                  | 136          |
|    iterations           | 16           |
|    time_elapsed         | 240          |
|    total_timesteps      | 32768        |
| train/                  |              |
|    approx_kl            | 0.008702805  |
|    clip_fraction        | 0.0812       |
|    clip_range           | 0.2          |
|    entropy_loss         | -2.73        |
|    explained_variance   | 0.162        |
|    learning_rate        | 0.0003       |
|    loss                 | 0.0263       |
|    n_updates            | 150          |
|    policy_gradient_loss | 0.000825     |
|    reward               | -0.030756371 |
|    std                  | 0.949        |
|    value_loss           | 0.00325      |
------------------------------------------
EPISODE:  35
EPISODE:  36
-----------------------------------------
| time/                   |             |
|    fps                  | 133         |
|    iterations           | 17          |
|    time_elapsed         | 259         |
|    total_timesteps      | 34816       |
| train/                  |             |
|    approx_kl            | 0.008955777 |
|    clip_fraction        | 0.097       |
|    clip_range           | 0.2         |
|    entropy_loss         | -2.71       |
|    explained_variance   | 0.0836      |
|    learning_rate        | 0.0003      |
|    loss                 | 0.0023      |
|    n_updates            | 160         |
|    policy_gradient_loss | -0.00293    |
|    reward               | 0.025291948 |
|    std                  | 0.931       |
|    value_loss           | 0.00354     |
-----------------------------------------
EPISODE:  37
EPISODE:  38
-----------------------------------------
| time/                   |             |
|    fps                  | 132         |
|    iterations           | 18          |
|    time_elapsed         | 278         |
|    total_timesteps      | 36864       |
| train/                  |             |
|    approx_kl            | 0.00821552  |
|    clip_fraction        | 0.0672      |
|    clip_range           | 0.2         |
|    entropy_loss         | -2.69       |
|    explained_variance   | -0.106      |
|    learning_rate        | 0.0003      |
|    loss                 | 0.00806     |
|    n_updates            | 170         |
|    policy_gradient_loss | -0.000793   |
|    reward               | -0.01956262 |
|    std                  | 0.925       |
|    value_loss           | 0.00331     |
-----------------------------------------
EPISODE:  39
EPISODE:  40
------------------------------------------
| time/                   |              |
|    fps                  | 130          |
|    iterations           | 19           |
|    time_elapsed         | 298          |
|    total_timesteps      | 38912        |
| train/                  |              |
|    approx_kl            | 0.006545369  |
|    clip_fraction        | 0.077        |
|    clip_range           | 0.2          |
|    entropy_loss         | -2.68        |
|    explained_variance   | 0.0527       |
|    learning_rate        | 0.0003       |
|    loss                 | -0.0146      |
|    n_updates            | 180          |
|    policy_gradient_loss | 0.00176      |
|    reward               | -0.029280027 |
|    std                  | 0.927        |
|    value_loss           | 0.003        |
------------------------------------------
EPISODE:  41
EPISODE:  42
------------------------------------------
| time/                   |              |
|    fps                  | 128          |
|    iterations           | 20           |
|    time_elapsed         | 318          |
|    total_timesteps      | 40960        |
| train/                  |              |
|    approx_kl            | 0.014507535  |
|    clip_fraction        | 0.115        |
|    clip_range           | 0.2          |
|    entropy_loss         | -2.69        |
|    explained_variance   | 0.083        |
|    learning_rate        | 0.0003       |
|    loss                 | 0.0123       |
|    n_updates            | 190          |
|    policy_gradient_loss | 0.00149      |
|    reward               | 0.0074001993 |
|    std                  | 0.926        |
|    value_loss           | 0.00303      |
------------------------------------------
EPISODE:  43
EPISODE:  44
------------------------------------------
| time/                   |              |
|    fps                  | 127          |
|    iterations           | 21           |
|    time_elapsed         | 337          |
|    total_timesteps      | 43008        |
| train/                  |              |
|    approx_kl            | 0.0055851955 |
|    clip_fraction        | 0.0612       |
|    clip_range           | 0.2          |
|    entropy_loss         | -2.68        |
|    explained_variance   | 0.173        |
|    learning_rate        | 0.0003       |
|    loss                 | -0.00936     |
|    n_updates            | 200          |
|    policy_gradient_loss | -0.00146     |
|    reward               | 6.03863e-05  |
|    std                  | 0.925        |
|    value_loss           | 0.00298      |
------------------------------------------
EPISODE:  45
EPISODE:  46
------------------------------------------
| time/                   |              |
|    fps                  | 126          |
|    iterations           | 22           |
|    time_elapsed         | 356          |
|    total_timesteps      | 45056        |
| train/                  |              |
|    approx_kl            | 0.0091623105 |
|    clip_fraction        | 0.0875       |
|    clip_range           | 0.2          |
|    entropy_loss         | -2.68        |
|    explained_variance   | 0.0492       |
|    learning_rate        | 0.0003       |
|    loss                 | 0.0137       |
|    n_updates            | 210          |
|    policy_gradient_loss | 0.00212      |
|    reward               | 0.012438361  |
|    std                  | 0.922        |
|    value_loss           | 0.00291      |
------------------------------------------
EPISODE:  47
EPISODE:  48
-------------------------------------------
| time/                   |               |
|    fps                  | 125           |
|    iterations           | 23            |
|    time_elapsed         | 375           |
|    total_timesteps      | 47104         |
| train/                  |               |
|    approx_kl            | 0.009533782   |
|    clip_fraction        | 0.0641        |
|    clip_range           | 0.2           |
|    entropy_loss         | -2.67         |
|    explained_variance   | 0.254         |
|    learning_rate        | 0.0003        |
|    loss                 | 0.0103        |
|    n_updates            | 220           |
|    policy_gradient_loss | 2.69e-05      |
|    reward               | -5.202522e-05 |
|    std                  | 0.92          |
|    value_loss           | 0.00275       |
-------------------------------------------
EPISODE:  49
EPISODE:  50
------------------------------------------
| time/                   |              |
|    fps                  | 124          |
|    iterations           | 24           |
|    time_elapsed         | 395          |
|    total_timesteps      | 49152        |
| train/                  |              |
|    approx_kl            | 0.0074426224 |
|    clip_fraction        | 0.0806       |
|    clip_range           | 0.2          |
|    entropy_loss         | -2.67        |
|    explained_variance   | 0.271        |
|    learning_rate        | 0.0003       |
|    loss                 | -0.00644     |
|    n_updates            | 230          |
|    policy_gradient_loss | -0.00146     |
|    reward               | -0.019255504 |
|    std                  | 0.917        |
|    value_loss           | 0.00317      |
------------------------------------------
EPISODE:  51
EPISODE:  52
-----------------------------------------
| time/                   |             |
|    fps                  | 123         |
|    iterations           | 25          |
|    time_elapsed         | 415         |
|    total_timesteps      | 51200       |
| train/                  |             |
|    approx_kl            | 0.012269164 |
|    clip_fraction        | 0.0904      |
|    clip_range           | 0.2         |
|    entropy_loss         | -2.67       |
|    explained_variance   | 0.291       |
|    learning_rate        | 0.0003      |
|    loss                 | 0.00563     |
|    n_updates            | 240         |
|    policy_gradient_loss | 0.00348     |
|    reward               | 0.029506808 |
|    std                  | 0.921       |
|    value_loss           | 0.00312     |
-----------------------------------------
Saved episode log to Results\250619_hc_binary_udp_noise\ppo\downward_noise\training_logs\09.csv
