EPISODE:  0
{'n_steps': 5, 'ent_coef': 0.005, 'learning_rate': 0.0002}
Using cpu device
EPISODE:  1
----------------------------------------
| time/                 |              |
|    fps                | 206          |
|    iterations         | 100          |
|    time_elapsed       | 2            |
|    total_timesteps    | 500          |
| train/                |              |
|    entropy_loss       | -2.87        |
|    explained_variance | -0.000622    |
|    learning_rate      | 0.0002       |
|    n_updates          | 99           |
|    policy_loss        | 0.00293      |
|    reward             | 0.0016447369 |
|    std                | 1.02         |
|    value_loss         | 3.43e-06     |
----------------------------------------
EPISODE:  2
---------------------------------------
| time/                 |             |
|    fps                | 203         |
|    iterations         | 200         |
|    time_elapsed       | 4           |
|    total_timesteps    | 1000        |
| train/                |             |
|    entropy_loss       | -2.9        |
|    explained_variance | 0.808       |
|    learning_rate      | 0.0002      |
|    n_updates          | 199         |
|    policy_loss        | 0.0681      |
|    reward             | 0.008547009 |
|    std                | 1.03        |
|    value_loss         | 0.00265     |
---------------------------------------
----------------------------------------
| time/                 |              |
|    fps                | 202          |
|    iterations         | 300          |
|    time_elapsed       | 7            |
|    total_timesteps    | 1500         |
| train/                |              |
|    entropy_loss       | -2.93        |
|    explained_variance | -2.12e+03    |
|    learning_rate      | 0.0002       |
|    n_updates          | 299          |
|    policy_loss        | 0.00938      |
|    reward             | 0.0016207455 |
|    std                | 1.05         |
|    value_loss         | 2.14e-05     |
----------------------------------------
EPISODE:  3
---------------------------------------
| time/                 |             |
|    fps                | 202         |
|    iterations         | 400         |
|    time_elapsed       | 9           |
|    total_timesteps    | 2000        |
| train/                |             |
|    entropy_loss       | -2.96       |
|    explained_variance | -0.015      |
|    learning_rate      | 0.0002      |
|    n_updates          | 399         |
|    policy_loss        | 0.0631      |
|    reward             | 0.007936508 |
|    std                | 1.06        |
|    value_loss         | 0.000665    |
---------------------------------------
----------------------------------------
| time/                 |              |
|    fps                | 202          |
|    iterations         | 500          |
|    time_elapsed       | 12           |
|    total_timesteps    | 2500         |
| train/                |              |
|    entropy_loss       | -2.99        |
|    explained_variance | 1.19e-07     |
|    learning_rate      | 0.0002       |
|    n_updates          | 499          |
|    policy_loss        | -0.000142    |
|    reward             | 0.0015974441 |
|    std                | 1.08         |
|    value_loss         | 2.15e-09     |
----------------------------------------
EPISODE:  4
----------------------------------------
| time/                 |              |
|    fps                | 200          |
|    iterations         | 600          |
|    time_elapsed       | 14           |
|    total_timesteps    | 3000         |
| train/                |              |
|    entropy_loss       | -3.03        |
|    explained_variance | -0.931       |
|    learning_rate      | 0.0002       |
|    n_updates          | 599          |
|    policy_loss        | 0.0269       |
|    reward             | 0.0074074073 |
|    std                | 1.1          |
|    value_loss         | 0.00011      |
----------------------------------------
----------------------------------------
| time/                 |              |
|    fps                | 200          |
|    iterations         | 700          |
|    time_elapsed       | 17           |
|    total_timesteps    | 3500         |
| train/                |              |
|    entropy_loss       | -3.05        |
|    explained_variance | 0            |
|    learning_rate      | 0.0002       |
|    n_updates          | 699          |
|    policy_loss        | 0.00209      |
|    reward             | 0.0015748031 |
|    std                | 1.11         |
|    value_loss         | 4.25e-07     |
----------------------------------------
EPISODE:  5
----------------------------------------
| time/                 |              |
|    fps                | 201          |
|    iterations         | 800          |
|    time_elapsed       | 19           |
|    total_timesteps    | 4000         |
| train/                |              |
|    entropy_loss       | -3.09        |
|    explained_variance | -73.9        |
|    learning_rate      | 0.0002       |
|    n_updates          | 799          |
|    policy_loss        | -0.345       |
|    reward             | 0.0069444445 |
|    std                | 1.13         |
|    value_loss         | 0.0136       |
----------------------------------------
----------------------------------------
| time/                 |              |
|    fps                | 199          |
|    iterations         | 900          |
|    time_elapsed       | 22           |
|    total_timesteps    | 4500         |
| train/                |              |
|    entropy_loss       | -3.12        |
|    explained_variance | 0            |
|    learning_rate      | 0.0002       |
|    n_updates          | 899          |
|    policy_loss        | -0.000252    |
|    reward             | 0.0015527951 |
|    std                | 1.15         |
|    value_loss         | 8.28e-09     |
----------------------------------------
EPISODE:  6
---------------------------------------
| time/                 |             |
|    fps                | 200         |
|    iterations         | 1000        |
|    time_elapsed       | 24          |
|    total_timesteps    | 5000        |
| train/                |             |
|    entropy_loss       | -3.15       |
|    explained_variance | -1.22       |
|    learning_rate      | 0.0002      |
|    n_updates          | 999         |
|    policy_loss        | 0.0785      |
|    reward             | 0.006535948 |
|    std                | 1.17        |
|    value_loss         | 0.000826    |
---------------------------------------
----------------------------------------
| time/                 |              |
|    fps                | 200          |
|    iterations         | 1100         |
|    time_elapsed       | 27           |
|    total_timesteps    | 5500         |
| train/                |              |
|    entropy_loss       | -3.18        |
|    explained_variance | -1.19e-07    |
|    learning_rate      | 0.0002       |
|    n_updates          | 1099         |
|    policy_loss        | -0.000254    |
|    reward             | 0.0015313936 |
|    std                | 1.18         |
|    value_loss         | 1.16e-08     |
----------------------------------------
EPISODE:  7
----------------------------------------
| time/                 |              |
|    fps                | 200          |
|    iterations         | 1200         |
|    time_elapsed       | 29           |
|    total_timesteps    | 6000         |
| train/                |              |
|    entropy_loss       | -3.21        |
|    explained_variance | 0.679        |
|    learning_rate      | 0.0002       |
|    n_updates          | 1199         |
|    policy_loss        | 0.00697      |
|    reward             | 0.0061728396 |
|    std                | 1.2          |
|    value_loss         | 5.87e-06     |
----------------------------------------
---------------------------------------
| time/                 |             |
|    fps                | 199         |
|    iterations         | 1300        |
|    time_elapsed       | 32          |
|    total_timesteps    | 6500        |
| train/                |             |
|    entropy_loss       | -3.24       |
|    explained_variance | 0           |
|    learning_rate      | 0.0002      |
|    n_updates          | 1299        |
|    policy_loss        | -0.000391   |
|    reward             | 0.001510574 |
|    std                | 1.22        |
|    value_loss         | 1.91e-08    |
---------------------------------------
EPISODE:  8
----------------------------------------
| time/                 |              |
|    fps                | 199          |
|    iterations         | 1400         |
|    time_elapsed       | 35           |
|    total_timesteps    | 7000         |
| train/                |              |
|    entropy_loss       | -3.27        |
|    explained_variance | 0.905        |
|    learning_rate      | 0.0002       |
|    n_updates          | 1399         |
|    policy_loss        | 0.00595      |
|    reward             | 0.0058479533 |
|    std                | 1.24         |
|    value_loss         | 4.37e-06     |
----------------------------------------
---------------------------------------
| time/                 |             |
|    fps                | 199         |
|    iterations         | 1500        |
|    time_elapsed       | 37          |
|    total_timesteps    | 7500        |
| train/                |             |
|    entropy_loss       | -3.3        |
|    explained_variance | -1.19e-07   |
|    learning_rate      | 0.0002      |
|    n_updates          | 1499        |
|    policy_loss        | -0.000348   |
|    reward             | 0.001490313 |
|    std                | 1.26        |
|    value_loss         | 1.3e-08     |
---------------------------------------
EPISODE:  9
----------------------------------------
| time/                 |              |
|    fps                | 199          |
|    iterations         | 1600         |
|    time_elapsed       | 40           |
|    total_timesteps    | 8000         |
| train/                |              |
|    entropy_loss       | -3.34        |
|    explained_variance | 0.171        |
|    learning_rate      | 0.0002       |
|    n_updates          | 1599         |
|    policy_loss        | 0.0415       |
|    reward             | 0.0055555557 |
|    std                | 1.28         |
|    value_loss         | 0.00018      |
----------------------------------------
----------------------------------------
| time/                 |              |
|    fps                | 199          |
|    iterations         | 1700         |
|    time_elapsed       | 42           |
|    total_timesteps    | 8500         |
| train/                |              |
|    entropy_loss       | -3.36        |
|    explained_variance | 1.79e-07     |
|    learning_rate      | 0.0002       |
|    n_updates          | 1699         |
|    policy_loss        | 0.000397     |
|    reward             | 0.0014705883 |
|    std                | 1.3          |
|    value_loss         | 1.62e-08     |
----------------------------------------
EPISODE:  10
---------------------------------------
| time/                 |             |
|    fps                | 198         |
|    iterations         | 1800        |
|    time_elapsed       | 45          |
|    total_timesteps    | 9000        |
| train/                |             |
|    entropy_loss       | -3.4        |
|    explained_variance | 0.414       |
|    learning_rate      | 0.0002      |
|    n_updates          | 1799        |
|    policy_loss        | 0.0226      |
|    reward             | 0.005291005 |
|    std                | 1.33        |
|    value_loss         | 4.86e-05    |
---------------------------------------
----------------------------------------
| time/                 |              |
|    fps                | 198          |
|    iterations         | 1900         |
|    time_elapsed       | 47           |
|    total_timesteps    | 9500         |
| train/                |              |
|    entropy_loss       | -3.43        |
|    explained_variance | 0            |
|    learning_rate      | 0.0002       |
|    n_updates          | 1899         |
|    policy_loss        | -0.000192    |
|    reward             | 0.0014513788 |
|    std                | 1.34         |
|    value_loss         | 3.99e-09     |
----------------------------------------
EPISODE:  11
---------------------------------------
| time/                 |             |
|    fps                | 198         |
|    iterations         | 2000        |
|    time_elapsed       | 50          |
|    total_timesteps    | 10000       |
| train/                |             |
|    entropy_loss       | -3.46       |
|    explained_variance | 0.507       |
|    learning_rate      | 0.0002      |
|    n_updates          | 1999        |
|    policy_loss        | -0.0199     |
|    reward             | 0.005050505 |
|    std                | 1.37        |
|    value_loss         | 4.47e-05    |
---------------------------------------
----------------------------------------
| time/                 |              |
|    fps                | 197          |
|    iterations         | 2100         |
|    time_elapsed       | 53           |
|    total_timesteps    | 10500        |
| train/                |              |
|    entropy_loss       | -3.49        |
|    explained_variance | -1.19e-07    |
|    learning_rate      | 0.0002       |
|    n_updates          | 2099         |
|    policy_loss        | -0.000426    |
|    reward             | 0.0014326648 |
|    std                | 1.39         |
|    value_loss         | 1.64e-08     |
----------------------------------------
EPISODE:  12
---------------------------------------
| time/                 |             |
|    fps                | 197         |
|    iterations         | 2200        |
|    time_elapsed       | 55          |
|    total_timesteps    | 11000       |
| train/                |             |
|    entropy_loss       | -3.53       |
|    explained_variance | -6.45       |
|    learning_rate      | 0.0002      |
|    n_updates          | 2199        |
|    policy_loss        | -0.081      |
|    reward             | 0.004830918 |
|    std                | 1.41        |
|    value_loss         | 0.000844    |
---------------------------------------
----------------------------------------
| time/                 |              |
|    fps                | 197          |
|    iterations         | 2300         |
|    time_elapsed       | 58           |
|    total_timesteps    | 11500        |
| train/                |              |
|    entropy_loss       | -3.56        |
|    explained_variance | 0            |
|    learning_rate      | 0.0002       |
|    n_updates          | 2299         |
|    policy_loss        | 0.000877     |
|    reward             | 0.0014144272 |
|    std                | 1.43         |
|    value_loss         | 1.01e-07     |
----------------------------------------
EPISODE:  13
----------------------------------------
| time/                 |              |
|    fps                | 196          |
|    iterations         | 2400         |
|    time_elapsed       | 61           |
|    total_timesteps    | 12000        |
| train/                |              |
|    entropy_loss       | -3.59        |
|    explained_variance | 0.00073      |
|    learning_rate      | 0.0002       |
|    n_updates          | 2399         |
|    policy_loss        | 0.0266       |
|    reward             | 0.0046296297 |
|    std                | 1.46         |
|    value_loss         | 8.1e-05      |
----------------------------------------
---------------------------------------
| time/                 |             |
|    fps                | 195         |
|    iterations         | 2500        |
|    time_elapsed       | 63          |
|    total_timesteps    | 12500       |
| train/                |             |
|    entropy_loss       | -3.62       |
|    explained_variance | 0           |
|    learning_rate      | 0.0002      |
|    n_updates          | 2499        |
|    policy_loss        | 8.12e-05    |
|    reward             | 0.001396648 |
|    std                | 1.48        |
|    value_loss         | 7.5e-10     |
---------------------------------------
EPISODE:  14
----------------------------------------
| time/                 |              |
|    fps                | 194          |
|    iterations         | 2600         |
|    time_elapsed       | 66           |
|    total_timesteps    | 13000        |
| train/                |              |
|    entropy_loss       | -3.66        |
|    explained_variance | 0.000135     |
|    learning_rate      | 0.0002       |
|    n_updates          | 2599         |
|    policy_loss        | 0.00399      |
|    reward             | 0.0044444446 |
|    std                | 1.51         |
|    value_loss         | 1.95e-06     |
----------------------------------------
----------------------------------------
| time/                 |              |
|    fps                | 194          |
|    iterations         | 2700         |
|    time_elapsed       | 69           |
|    total_timesteps    | 13500        |
| train/                |              |
|    entropy_loss       | -3.69        |
|    explained_variance | 0            |
|    learning_rate      | 0.0002       |
|    n_updates          | 2699         |
|    policy_loss        | 0.000418     |
|    reward             | 0.0013793104 |
|    std                | 1.53         |
|    value_loss         | 1.05e-08     |
----------------------------------------
EPISODE:  15
----------------------------------------
| time/                 |              |
|    fps                | 192          |
|    iterations         | 2800         |
|    time_elapsed       | 72           |
|    total_timesteps    | 14000        |
| train/                |              |
|    entropy_loss       | -3.72        |
|    explained_variance | 0.893        |
|    learning_rate      | 0.0002       |
|    n_updates          | 2799         |
|    policy_loss        | -0.00271     |
|    reward             | 0.0042735045 |
|    std                | 1.56         |
|    value_loss         | 4.2e-07      |
----------------------------------------
----------------------------------------
| time/                 |              |
|    fps                | 191          |
|    iterations         | 2900         |
|    time_elapsed       | 75           |
|    total_timesteps    | 14500        |
| train/                |              |
|    entropy_loss       | -3.75        |
|    explained_variance | 0            |
|    learning_rate      | 0.0002       |
|    n_updates          | 2899         |
|    policy_loss        | -0.000427    |
|    reward             | 0.0013623978 |
|    std                | 1.58         |
|    value_loss         | 1.32e-08     |
----------------------------------------
EPISODE:  16
---------------------------------------
| time/                 |             |
|    fps                | 191         |
|    iterations         | 3000        |
|    time_elapsed       | 78          |
|    total_timesteps    | 15000       |
| train/                |             |
|    entropy_loss       | -3.78       |
|    explained_variance | 0.00497     |
|    learning_rate      | 0.0002      |
|    n_updates          | 2999        |
|    policy_loss        | 0.0348      |
|    reward             | 0.004115226 |
|    std                | 1.61        |
|    value_loss         | 0.000158    |
---------------------------------------
---------------------------------------
| time/                 |             |
|    fps                | 191         |
|    iterations         | 3100        |
|    time_elapsed       | 81          |
|    total_timesteps    | 15500       |
| train/                |             |
|    entropy_loss       | -3.82       |
|    explained_variance | -1.19e-07   |
|    learning_rate      | 0.0002      |
|    n_updates          | 3099        |
|    policy_loss        | -0.000352   |
|    reward             | 0.001345895 |
|    std                | 1.63        |
|    value_loss         | 1.43e-08    |
---------------------------------------
EPISODE:  17
---------------------------------------
| time/                 |             |
|    fps                | 190         |
|    iterations         | 3200        |
|    time_elapsed       | 83          |
|    total_timesteps    | 16000       |
| train/                |             |
|    entropy_loss       | -3.85       |
|    explained_variance | 0           |
|    learning_rate      | 0.0002      |
|    n_updates          | 3199        |
|    policy_loss        | 0.0152      |
|    reward             | 0.003968254 |
|    std                | 1.66        |
|    value_loss         | 2.16e-05    |
---------------------------------------
----------------------------------------
| time/                 |              |
|    fps                | 190          |
|    iterations         | 3300         |
|    time_elapsed       | 86           |
|    total_timesteps    | 16500        |
| train/                |              |
|    entropy_loss       | -3.89        |
|    explained_variance | 5.96e-08     |
|    learning_rate      | 0.0002       |
|    n_updates          | 3299         |
|    policy_loss        | -0.000257    |
|    reward             | 0.0013297872 |
|    std                | 1.69         |
|    value_loss         | 6.05e-09     |
----------------------------------------
EPISODE:  18
----------------------------------------
| time/                 |              |
|    fps                | 190          |
|    iterations         | 3400         |
|    time_elapsed       | 89           |
|    total_timesteps    | 17000        |
| train/                |              |
|    entropy_loss       | -3.92        |
|    explained_variance | 0            |
|    learning_rate      | 0.0002       |
|    n_updates          | 3399         |
|    policy_loss        | 0.00655      |
|    reward             | 0.0038314175 |
|    std                | 1.72         |
|    value_loss         | 3.36e-06     |
----------------------------------------
----------------------------------------
| time/                 |              |
|    fps                | 190          |
|    iterations         | 3500         |
|    time_elapsed       | 91           |
|    total_timesteps    | 17500        |
| train/                |              |
|    entropy_loss       | -3.95        |
|    explained_variance | 2.15e-06     |
|    learning_rate      | 0.0002       |
|    n_updates          | 3499         |
|    policy_loss        | -1.29e-05    |
|    reward             | 0.0013140604 |
|    std                | 1.74         |
|    value_loss         | 1.54e-11     |
----------------------------------------
EPISODE:  19
----------------------------------------
| time/                 |              |
|    fps                | 190          |
|    iterations         | 3600         |
|    time_elapsed       | 94           |
|    total_timesteps    | 18000        |
| train/                |              |
|    entropy_loss       | -3.98        |
|    explained_variance | -1.19e-07    |
|    learning_rate      | 0.0002       |
|    n_updates          | 3599         |
|    policy_loss        | -0.00134     |
|    reward             | 0.0037037036 |
|    std                | 1.77         |
|    value_loss         | 1.48e-07     |
----------------------------------------
----------------------------------------
| time/                 |              |
|    fps                | 190          |
|    iterations         | 3700         |
|    time_elapsed       | 97           |
|    total_timesteps    | 18500        |
| train/                |              |
|    entropy_loss       | -4.01        |
|    explained_variance | 0            |
|    learning_rate      | 0.0002       |
|    n_updates          | 3699         |
|    policy_loss        | 0.000618     |
|    reward             | 0.0012987013 |
|    std                | 1.8          |
|    value_loss         | 3.18e-08     |
----------------------------------------
EPISODE:  20
----------------------------------------
| time/                 |              |
|    fps                | 190          |
|    iterations         | 3800         |
|    time_elapsed       | 99           |
|    total_timesteps    | 19000        |
| train/                |              |
|    entropy_loss       | -4.04        |
|    explained_variance | 0            |
|    learning_rate      | 0.0002       |
|    n_updates          | 3799         |
|    policy_loss        | -0.000486    |
|    reward             | 0.0035842294 |
|    std                | 1.83         |
|    value_loss         | 1.52e-08     |
----------------------------------------
----------------------------------------
| time/                 |              |
|    fps                | 190          |
|    iterations         | 3900         |
|    time_elapsed       | 102          |
|    total_timesteps    | 19500        |
| train/                |              |
|    entropy_loss       | -4.07        |
|    explained_variance | 0            |
|    learning_rate      | 0.0002       |
|    n_updates          | 3899         |
|    policy_loss        | -0.000388    |
|    reward             | 0.0012836971 |
|    std                | 1.85         |
|    value_loss         | 1.4e-08      |
----------------------------------------
EPISODE:  21
----------------------------------------
| time/                 |              |
|    fps                | 190          |
|    iterations         | 4000         |
|    time_elapsed       | 105          |
|    total_timesteps    | 20000        |
| train/                |              |
|    entropy_loss       | -4.1         |
|    explained_variance | 0            |
|    learning_rate      | 0.0002       |
|    n_updates          | 3999         |
|    policy_loss        | -0.00313     |
|    reward             | 0.0034722222 |
|    std                | 1.88         |
|    value_loss         | 7.65e-07     |
----------------------------------------
----------------------------------------
| time/                 |              |
|    fps                | 189          |
|    iterations         | 4100         |
|    time_elapsed       | 107          |
|    total_timesteps    | 20500        |
| train/                |              |
|    entropy_loss       | -4.13        |
|    explained_variance | 0            |
|    learning_rate      | 0.0002       |
|    n_updates          | 4099         |
|    policy_loss        | 0.00127      |
|    reward             | 0.0012690355 |
|    std                | 1.9          |
|    value_loss         | 1.18e-07     |
----------------------------------------
EPISODE:  22
----------------------------------------
| time/                 |              |
|    fps                | 190          |
|    iterations         | 4200         |
|    time_elapsed       | 110          |
|    total_timesteps    | 21000        |
| train/                |              |
|    entropy_loss       | -4.16        |
|    explained_variance | 2.38e-07     |
|    learning_rate      | 0.0002       |
|    n_updates          | 4199         |
|    policy_loss        | -0.00227     |
|    reward             | 0.0033670033 |
|    std                | 1.93         |
|    value_loss         | 3.98e-07     |
----------------------------------------
----------------------------------------
| time/                 |              |
|    fps                | 189          |
|    iterations         | 4300         |
|    time_elapsed       | 113          |
|    total_timesteps    | 21500        |
| train/                |              |
|    entropy_loss       | -4.19        |
|    explained_variance | 0            |
|    learning_rate      | 0.0002       |
|    n_updates          | 4299         |
|    policy_loss        | -0.00022     |
|    reward             | 0.0012547051 |
|    std                | 1.97         |
|    value_loss         | 3.45e-09     |
----------------------------------------
EPISODE:  23
---------------------------------------
| time/                 |             |
|    fps                | 189         |
|    iterations         | 4400        |
|    time_elapsed       | 115         |
|    total_timesteps    | 22000       |
| train/                |             |
|    entropy_loss       | -4.22       |
|    explained_variance | 5.96e-08    |
|    learning_rate      | 0.0002      |
|    n_updates          | 4399        |
|    policy_loss        | -0.0181     |
|    reward             | 0.003267974 |
|    std                | 2           |
|    value_loss         | 2.16e-05    |
---------------------------------------
----------------------------------------
| time/                 |              |
|    fps                | 189          |
|    iterations         | 4500         |
|    time_elapsed       | 118          |
|    total_timesteps    | 22500        |
| train/                |              |
|    entropy_loss       | -4.25        |
|    explained_variance | 0            |
|    learning_rate      | 0.0002       |
|    n_updates          | 4499         |
|    policy_loss        | 0.00209      |
|    reward             | 0.0012406948 |
|    std                | 2.03         |
|    value_loss         | 2.99e-07     |
----------------------------------------
EPISODE:  24
----------------------------------------
| time/                 |              |
|    fps                | 189          |
|    iterations         | 4600         |
|    time_elapsed       | 121          |
|    total_timesteps    | 23000        |
| train/                |              |
|    entropy_loss       | -4.28        |
|    explained_variance | 0            |
|    learning_rate      | 0.0002       |
|    n_updates          | 4599         |
|    policy_loss        | -0.00378     |
|    reward             | 0.0031746032 |
|    std                | 2.06         |
|    value_loss         | 1.01e-06     |
----------------------------------------
----------------------------------------
| time/                 |              |
|    fps                | 189          |
|    iterations         | 4700         |
|    time_elapsed       | 123          |
|    total_timesteps    | 23500        |
| train/                |              |
|    entropy_loss       | -4.31        |
|    explained_variance | 0            |
|    learning_rate      | 0.0002       |
|    n_updates          | 4699         |
|    policy_loss        | -0.00499     |
|    reward             | 0.0012269939 |
|    std                | 2.09         |
|    value_loss         | 2.56e-06     |
----------------------------------------
EPISODE:  25
----------------------------------------
| time/                 |              |
|    fps                | 189          |
|    iterations         | 4800         |
|    time_elapsed       | 126          |
|    total_timesteps    | 24000        |
| train/                |              |
|    entropy_loss       | -4.34        |
|    explained_variance | 0            |
|    learning_rate      | 0.0002       |
|    n_updates          | 4799         |
|    policy_loss        | -0.00466     |
|    reward             | 0.0030864198 |
|    std                | 2.12         |
|    value_loss         | 1.27e-06     |
----------------------------------------
----------------------------------------
| time/                 |              |
|    fps                | 189          |
|    iterations         | 4900         |
|    time_elapsed       | 129          |
|    total_timesteps    | 24500        |
| train/                |              |
|    entropy_loss       | -4.37        |
|    explained_variance | 0            |
|    learning_rate      | 0.0002       |
|    n_updates          | 4899         |
|    policy_loss        | 0.00246      |
|    reward             | 0.0012135922 |
|    std                | 2.15         |
|    value_loss         | 4.24e-07     |
----------------------------------------
EPISODE:  26
---------------------------------------
| time/                 |             |
|    fps                | 189         |
|    iterations         | 5000        |
|    time_elapsed       | 131         |
|    total_timesteps    | 25000       |
| train/                |             |
|    entropy_loss       | -4.4        |
|    explained_variance | 0           |
|    learning_rate      | 0.0002      |
|    n_updates          | 4999        |
|    policy_loss        | -0.00293    |
|    reward             | 0.003003003 |
|    std                | 2.19        |
|    value_loss         | 6.66e-07    |
---------------------------------------
----------------------------------------
| time/                 |              |
|    fps                | 189          |
|    iterations         | 5100         |
|    time_elapsed       | 134          |
|    total_timesteps    | 25500        |
| train/                |              |
|    entropy_loss       | -4.43        |
|    explained_variance | 0            |
|    learning_rate      | 0.0002       |
|    n_updates          | 5099         |
|    policy_loss        | -0.000346    |
|    reward             | 0.0012004802 |
|    std                | 2.22         |
|    value_loss         | 8.05e-09     |
----------------------------------------
EPISODE:  27
----------------------------------------
| time/                 |              |
|    fps                | 189          |
|    iterations         | 5200         |
|    time_elapsed       | 137          |
|    total_timesteps    | 26000        |
| train/                |              |
|    entropy_loss       | -4.46        |
|    explained_variance | 0            |
|    learning_rate      | 0.0002       |
|    n_updates          | 5199         |
|    policy_loss        | -0.00398     |
|    reward             | 0.0029239766 |
|    std                | 2.25         |
|    value_loss         | 7.49e-07     |
----------------------------------------
----------------------------------------
| time/                 |              |
|    fps                | 189          |
|    iterations         | 5300         |
|    time_elapsed       | 139          |
|    total_timesteps    | 26500        |
| train/                |              |
|    entropy_loss       | -4.5         |
|    explained_variance | 0            |
|    learning_rate      | 0.0002       |
|    n_updates          | 5299         |
|    policy_loss        | 0.00331      |
|    reward             | 0.0011876485 |
|    std                | 2.29         |
|    value_loss         | 5.41e-07     |
----------------------------------------
EPISODE:  28
----------------------------------------
| time/                 |              |
|    fps                | 189          |
|    iterations         | 5400         |
|    time_elapsed       | 142          |
|    total_timesteps    | 27000        |
| train/                |              |
|    entropy_loss       | -4.53        |
|    explained_variance | 0            |
|    learning_rate      | 0.0002       |
|    n_updates          | 5399         |
|    policy_loss        | 0.000331     |
|    reward             | 0.0028490028 |
|    std                | 2.33         |
|    value_loss         | 9.49e-09     |
----------------------------------------
----------------------------------------
| time/                 |              |
|    fps                | 189          |
|    iterations         | 5500         |
|    time_elapsed       | 144          |
|    total_timesteps    | 27500        |
| train/                |              |
|    entropy_loss       | -4.56        |
|    explained_variance | 0            |
|    learning_rate      | 0.0002       |
|    n_updates          | 5499         |
|    policy_loss        | 0.000507     |
|    reward             | 0.0011750881 |
|    std                | 2.37         |
|    value_loss         | 1.86e-08     |
----------------------------------------
EPISODE:  29
----------------------------------------
| time/                 |              |
|    fps                | 189          |
|    iterations         | 5600         |
|    time_elapsed       | 147          |
|    total_timesteps    | 28000        |
| train/                |              |
|    entropy_loss       | -4.59        |
|    explained_variance | -1.19e-07    |
|    learning_rate      | 0.0002       |
|    n_updates          | 5599         |
|    policy_loss        | -0.00196     |
|    reward             | 0.0027777778 |
|    std                | 2.41         |
|    value_loss         | 2.74e-07     |
----------------------------------------
----------------------------------------
| time/                 |              |
|    fps                | 189          |
|    iterations         | 5700         |
|    time_elapsed       | 150          |
|    total_timesteps    | 28500        |
| train/                |              |
|    entropy_loss       | -4.62        |
|    explained_variance | 8.94e-07     |
|    learning_rate      | 0.0002       |
|    n_updates          | 5699         |
|    policy_loss        | -9.95e-05    |
|    reward             | 0.0011627907 |
|    std                | 2.44         |
|    value_loss         | 5.26e-10     |
----------------------------------------
EPISODE:  30
----------------------------------------
| time/                 |              |
|    fps                | 189          |
|    iterations         | 5800         |
|    time_elapsed       | 152          |
|    total_timesteps    | 29000        |
| train/                |              |
|    entropy_loss       | -4.65        |
|    explained_variance | 0            |
|    learning_rate      | 0.0002       |
|    n_updates          | 5799         |
|    policy_loss        | -0.0251      |
|    reward             | 0.0027100272 |
|    std                | 2.48         |
|    value_loss         | 2.89e-05     |
----------------------------------------
---------------------------------------
| time/                 |             |
|    fps                | 189         |
|    iterations         | 5900        |
|    time_elapsed       | 155         |
|    total_timesteps    | 29500       |
| train/                |             |
|    entropy_loss       | -4.69       |
|    explained_variance | 5.96e-08    |
|    learning_rate      | 0.0002      |
|    n_updates          | 5899        |
|    policy_loss        | 0.000536    |
|    reward             | 0.001150748 |
|    std                | 2.52        |
|    value_loss         | 1.96e-08    |
---------------------------------------
EPISODE:  31
----------------------------------------
| time/                 |              |
|    fps                | 189          |
|    iterations         | 6000         |
|    time_elapsed       | 158          |
|    total_timesteps    | 30000        |
| train/                |              |
|    entropy_loss       | -4.72        |
|    explained_variance | 0            |
|    learning_rate      | 0.0002       |
|    n_updates          | 5999         |
|    policy_loss        | -0.00592     |
|    reward             | 0.0026455026 |
|    std                | 2.56         |
|    value_loss         | 4.56e-06     |
----------------------------------------
----------------------------------------
| time/                 |              |
|    fps                | 189          |
|    iterations         | 6100         |
|    time_elapsed       | 160          |
|    total_timesteps    | 30500        |
| train/                |              |
|    entropy_loss       | -4.76        |
|    explained_variance | 0            |
|    learning_rate      | 0.0002       |
|    n_updates          | 6099         |
|    policy_loss        | -0.000231    |
|    reward             | 0.0011389522 |
|    std                | 2.61         |
|    value_loss         | 3.73e-09     |
----------------------------------------
EPISODE:  32
----------------------------------------
| time/                 |              |
|    fps                | 189          |
|    iterations         | 6200         |
|    time_elapsed       | 163          |
|    total_timesteps    | 31000        |
| train/                |              |
|    entropy_loss       | -4.79        |
|    explained_variance | -1.19e-07    |
|    learning_rate      | 0.0002       |
|    n_updates          | 6199         |
|    policy_loss        | -0.00151     |
|    reward             | 0.0025839794 |
|    std                | 2.65         |
|    value_loss         | 1.21e-07     |
----------------------------------------
----------------------------------------
| time/                 |              |
|    fps                | 189          |
|    iterations         | 6300         |
|    time_elapsed       | 166          |
|    total_timesteps    | 31500        |
| train/                |              |
|    entropy_loss       | -4.83        |
|    explained_variance | 0            |
|    learning_rate      | 0.0002       |
|    n_updates          | 6299         |
|    policy_loss        | -0.00023     |
|    reward             | 0.0011273957 |
|    std                | 2.7          |
|    value_loss         | 2.73e-09     |
----------------------------------------
EPISODE:  33
----------------------------------------
| time/                 |              |
|    fps                | 189          |
|    iterations         | 6400         |
|    time_elapsed       | 169          |
|    total_timesteps    | 32000        |
| train/                |              |
|    entropy_loss       | -4.86        |
|    explained_variance | -1.19e-07    |
|    learning_rate      | 0.0002       |
|    n_updates          | 6399         |
|    policy_loss        | -0.00225     |
|    reward             | 0.0025252525 |
|    std                | 2.75         |
|    value_loss         | 2.18e-07     |
----------------------------------------
----------------------------------------
| time/                 |              |
|    fps                | 189          |
|    iterations         | 6500         |
|    time_elapsed       | 171          |
|    total_timesteps    | 32500        |
| train/                |              |
|    entropy_loss       | -4.9         |
|    explained_variance | 0            |
|    learning_rate      | 0.0002       |
|    n_updates          | 6499         |
|    policy_loss        | -0.000229    |
|    reward             | 0.0011160715 |
|    std                | 2.8          |
|    value_loss         | 2.53e-09     |
----------------------------------------
EPISODE:  34
---------------------------------------
| time/                 |             |
|    fps                | 189         |
|    iterations         | 6600        |
|    time_elapsed       | 174         |
|    total_timesteps    | 33000       |
| train/                |             |
|    entropy_loss       | -4.93       |
|    explained_variance | 0           |
|    learning_rate      | 0.0002      |
|    n_updates          | 6599        |
|    policy_loss        | 0.00398     |
|    reward             | 0.002469136 |
|    std                | 2.84        |
|    value_loss         | 6.77e-07    |
---------------------------------------
----------------------------------------
| time/                 |              |
|    fps                | 189          |
|    iterations         | 6700         |
|    time_elapsed       | 176          |
|    total_timesteps    | 33500        |
| train/                |              |
|    entropy_loss       | -4.96        |
|    explained_variance | 1.19e-07     |
|    learning_rate      | 0.0002       |
|    n_updates          | 6699         |
|    policy_loss        | -0.0036      |
|    reward             | 0.0011049723 |
|    std                | 2.89         |
|    value_loss         | 1.38e-06     |
----------------------------------------
EPISODE:  35
---------------------------------------
| time/                 |             |
|    fps                | 189         |
|    iterations         | 6800        |
|    time_elapsed       | 179         |
|    total_timesteps    | 34000       |
| train/                |             |
|    entropy_loss       | -4.99       |
|    explained_variance | 0           |
|    learning_rate      | 0.0002      |
|    n_updates          | 6799        |
|    policy_loss        | -0.00277    |
|    reward             | 0.002415459 |
|    std                | 2.94        |
|    value_loss         | 3.79e-07    |
---------------------------------------
----------------------------------------
| time/                 |              |
|    fps                | 189          |
|    iterations         | 6900         |
|    time_elapsed       | 182          |
|    total_timesteps    | 34500        |
| train/                |              |
|    entropy_loss       | -5.02        |
|    explained_variance | 0            |
|    learning_rate      | 0.0002       |
|    n_updates          | 6899         |
|    policy_loss        | 0.000399     |
|    reward             | 0.0010940919 |
|    std                | 2.98         |
|    value_loss         | 6.86e-09     |
----------------------------------------
EPISODE:  36
----------------------------------------
| time/                 |              |
|    fps                | 189          |
|    iterations         | 7000         |
|    time_elapsed       | 184          |
|    total_timesteps    | 35000        |
| train/                |              |
|    entropy_loss       | -5.05        |
|    explained_variance | 0            |
|    learning_rate      | 0.0002       |
|    n_updates          | 6999         |
|    policy_loss        | -0.000562    |
|    reward             | 0.0023640662 |
|    std                | 3.03         |
|    value_loss         | 1.29e-08     |
----------------------------------------
----------------------------------------
| time/                 |              |
|    fps                | 189          |
|    iterations         | 7100         |
|    time_elapsed       | 187          |
|    total_timesteps    | 35500        |
| train/                |              |
|    entropy_loss       | -5.09        |
|    explained_variance | 0            |
|    learning_rate      | 0.0002       |
|    n_updates          | 7099         |
|    policy_loss        | 0.000119     |
|    reward             | 0.0010834236 |
|    std                | 3.08         |
|    value_loss         | 8.07e-10     |
----------------------------------------
EPISODE:  37
----------------------------------------
| time/                 |              |
|    fps                | 189          |
|    iterations         | 7200         |
|    time_elapsed       | 189          |
|    total_timesteps    | 36000        |
| train/                |              |
|    entropy_loss       | -5.13        |
|    explained_variance | 0            |
|    learning_rate      | 0.0002       |
|    n_updates          | 7199         |
|    policy_loss        | -0.0211      |
|    reward             | 0.0023148148 |
|    std                | 3.14         |
|    value_loss         | 1.72e-05     |
----------------------------------------
----------------------------------------
| time/                 |              |
|    fps                | 189          |
|    iterations         | 7300         |
|    time_elapsed       | 192          |
|    total_timesteps    | 36500        |
| train/                |              |
|    entropy_loss       | -5.16        |
|    explained_variance | 0            |
|    learning_rate      | 0.0002       |
|    n_updates          | 7299         |
|    policy_loss        | -0.00645     |
|    reward             | 0.0010729614 |
|    std                | 3.2          |
|    value_loss         | 1.91e-06     |
----------------------------------------
EPISODE:  38
----------------------------------------
| time/                 |              |
|    fps                | 189          |
|    iterations         | 7400         |
|    time_elapsed       | 195          |
|    total_timesteps    | 37000        |
| train/                |              |
|    entropy_loss       | -5.19        |
|    explained_variance | 0            |
|    learning_rate      | 0.0002       |
|    n_updates          | 7399         |
|    policy_loss        | 0.00181      |
|    reward             | 0.0022675737 |
|    std                | 3.25         |
|    value_loss         | 1.75e-07     |
----------------------------------------
----------------------------------------
| time/                 |              |
|    fps                | 189          |
|    iterations         | 7500         |
|    time_elapsed       | 197          |
|    total_timesteps    | 37500        |
| train/                |              |
|    entropy_loss       | -5.23        |
|    explained_variance | 0            |
|    learning_rate      | 0.0002       |
|    n_updates          | 7499         |
|    policy_loss        | 0.00686      |
|    reward             | 0.0010626992 |
|    std                | 3.31         |
|    value_loss         | 2.4e-06      |
----------------------------------------
EPISODE:  39
----------------------------------------
| time/                 |              |
|    fps                | 189          |
|    iterations         | 7600         |
|    time_elapsed       | 200          |
|    total_timesteps    | 38000        |
| train/                |              |
|    entropy_loss       | -5.26        |
|    explained_variance | 0            |
|    learning_rate      | 0.0002       |
|    n_updates          | 7599         |
|    policy_loss        | 6.86e-05     |
|    reward             | 0.0022222223 |
|    std                | 3.35         |
|    value_loss         | 4.36e-10     |
----------------------------------------
----------------------------------------
| time/                 |              |
|    fps                | 189          |
|    iterations         | 7700         |
|    time_elapsed       | 203          |
|    total_timesteps    | 38500        |
| train/                |              |
|    entropy_loss       | -5.29        |
|    explained_variance | 0            |
|    learning_rate      | 0.0002       |
|    n_updates          | 7699         |
|    policy_loss        | 0.00112      |
|    reward             | 0.0010526315 |
|    std                | 3.41         |
|    value_loss         | 4.85e-08     |
----------------------------------------
EPISODE:  40
----------------------------------------
| time/                 |              |
|    fps                | 188          |
|    iterations         | 7800         |
|    time_elapsed       | 207          |
|    total_timesteps    | 39000        |
| train/                |              |
|    entropy_loss       | -5.32        |
|    explained_variance | 5.96e-08     |
|    learning_rate      | 0.0002       |
|    n_updates          | 7799         |
|    policy_loss        | -0.00184     |
|    reward             | 0.0021786492 |
|    std                | 3.46         |
|    value_loss         | 1.76e-07     |
----------------------------------------
----------------------------------------
| time/                 |              |
|    fps                | 188          |
|    iterations         | 7900         |
|    time_elapsed       | 210          |
|    total_timesteps    | 39500        |
| train/                |              |
|    entropy_loss       | -5.35        |
|    explained_variance | -1.19e-07    |
|    learning_rate      | 0.0002       |
|    n_updates          | 7899         |
|    policy_loss        | 0.00421      |
|    reward             | 0.0010427529 |
|    std                | 3.52         |
|    value_loss         | 7.41e-07     |
----------------------------------------
EPISODE:  41
----------------------------------------
| time/                 |              |
|    fps                | 187          |
|    iterations         | 8000         |
|    time_elapsed       | 212          |
|    total_timesteps    | 40000        |
| train/                |              |
|    entropy_loss       | -5.39        |
|    explained_variance | 0            |
|    learning_rate      | 0.0002       |
|    n_updates          | 7999         |
|    policy_loss        | 0.00329      |
|    reward             | 0.0021367522 |
|    std                | 3.58         |
|    value_loss         | 5.65e-07     |
----------------------------------------
----------------------------------------
| time/                 |              |
|    fps                | 187          |
|    iterations         | 8100         |
|    time_elapsed       | 215          |
|    total_timesteps    | 40500        |
| train/                |              |
|    entropy_loss       | -5.43        |
|    explained_variance | 1.19e-07     |
|    learning_rate      | 0.0002       |
|    n_updates          | 8099         |
|    policy_loss        | -0.000209    |
|    reward             | 0.0010330578 |
|    std                | 3.65         |
|    value_loss         | 1.71e-09     |
----------------------------------------
EPISODE:  42
---------------------------------------
| time/                 |             |
|    fps                | 187         |
|    iterations         | 8200        |
|    time_elapsed       | 219         |
|    total_timesteps    | 41000       |
| train/                |             |
|    entropy_loss       | -5.46       |
|    explained_variance | 1.19e-07    |
|    learning_rate      | 0.0002      |
|    n_updates          | 8199        |
|    policy_loss        | 0.00547     |
|    reward             | 0.002096436 |
|    std                | 3.71        |
|    value_loss         | 1.37e-06    |
---------------------------------------
----------------------------------------
| time/                 |              |
|    fps                | 186          |
|    iterations         | 8300         |
|    time_elapsed       | 221          |
|    total_timesteps    | 41500        |
| train/                |              |
|    entropy_loss       | -5.5         |
|    explained_variance | 1.19e-07     |
|    learning_rate      | 0.0002       |
|    n_updates          | 8299         |
|    policy_loss        | -0.0002      |
|    reward             | 0.0010235414 |
|    std                | 3.78         |
|    value_loss         | 1.64e-09     |
----------------------------------------
EPISODE:  43
---------------------------------------
| time/                 |             |
|    fps                | 186         |
|    iterations         | 8400        |
|    time_elapsed       | 224         |
|    total_timesteps    | 42000       |
| train/                |             |
|    entropy_loss       | -5.53       |
|    explained_variance | 0           |
|    learning_rate      | 0.0002      |
|    n_updates          | 8399        |
|    policy_loss        | 0.00197     |
|    reward             | 0.002057613 |
|    std                | 3.84        |
|    value_loss         | 2.03e-07    |
---------------------------------------
----------------------------------------
| time/                 |              |
|    fps                | 186          |
|    iterations         | 8500         |
|    time_elapsed       | 227          |
|    total_timesteps    | 42500        |
| train/                |              |
|    entropy_loss       | -5.56        |
|    explained_variance | 0            |
|    learning_rate      | 0.0002       |
|    n_updates          | 8499         |
|    policy_loss        | 0.000448     |
|    reward             | 0.0010141988 |
|    std                | 3.91         |
|    value_loss         | 9.67e-09     |
----------------------------------------
EPISODE:  44
---------------------------------------
| time/                 |             |
|    fps                | 186         |
|    iterations         | 8600        |
|    time_elapsed       | 231         |
|    total_timesteps    | 43000       |
| train/                |             |
|    entropy_loss       | -5.59       |
|    explained_variance | 5.96e-08    |
|    learning_rate      | 0.0002      |
|    n_updates          | 8599        |
|    policy_loss        | -0.000861   |
|    reward             | 0.002020202 |
|    std                | 3.97        |
|    value_loss         | 3.49e-08    |
---------------------------------------
----------------------------------------
| time/                 |              |
|    fps                | 185          |
|    iterations         | 8700         |
|    time_elapsed       | 234          |
|    total_timesteps    | 43500        |
| train/                |              |
|    entropy_loss       | -5.63        |
|    explained_variance | 0            |
|    learning_rate      | 0.0002       |
|    n_updates          | 8699         |
|    policy_loss        | -0.000179    |
|    reward             | 0.0010050251 |
|    std                | 4.04         |
|    value_loss         | 1.61e-09     |
----------------------------------------
EPISODE:  45
---------------------------------------
| time/                 |             |
|    fps                | 185         |
|    iterations         | 8800        |
|    time_elapsed       | 237         |
|    total_timesteps    | 44000       |
| train/                |             |
|    entropy_loss       | -5.65       |
|    explained_variance | 0           |
|    learning_rate      | 0.0002      |
|    n_updates          | 8799        |
|    policy_loss        | -0.000317   |
|    reward             | 0.001984127 |
|    std                | 4.09        |
|    value_loss         | 2.78e-09    |
---------------------------------------
---------------------------------------
| time/                 |             |
|    fps                | 185         |
|    iterations         | 8900        |
|    time_elapsed       | 240         |
|    total_timesteps    | 44500       |
| train/                |             |
|    entropy_loss       | -5.68       |
|    explained_variance | 0           |
|    learning_rate      | 0.0002      |
|    n_updates          | 8899        |
|    policy_loss        | 0.000691    |
|    reward             | 0.000996016 |
|    std                | 4.15        |
|    value_loss         | 1.43e-08    |
---------------------------------------
EPISODE:  46
----------------------------------------
| time/                 |              |
|    fps                | 184          |
|    iterations         | 9000         |
|    time_elapsed       | 243          |
|    total_timesteps    | 45000        |
| train/                |              |
|    entropy_loss       | -5.71        |
|    explained_variance | -1.19e-07    |
|    learning_rate      | 0.0002       |
|    n_updates          | 8999         |
|    policy_loss        | 0.00554      |
|    reward             | 0.0019493178 |
|    std                | 4.2          |
|    value_loss         | 1.05e-06     |
----------------------------------------
----------------------------------------
| time/                 |              |
|    fps                | 184          |
|    iterations         | 9100         |
|    time_elapsed       | 246          |
|    total_timesteps    | 45500        |
| train/                |              |
|    entropy_loss       | -5.73        |
|    explained_variance | 0            |
|    learning_rate      | 0.0002       |
|    n_updates          | 9099         |
|    policy_loss        | 0.0017       |
|    reward             | 0.0009871669 |
|    std                | 4.25         |
|    value_loss         | 1.33e-07     |
----------------------------------------
EPISODE:  47
----------------------------------------
| time/                 |              |
|    fps                | 184          |
|    iterations         | 9200         |
|    time_elapsed       | 249          |
|    total_timesteps    | 46000        |
| train/                |              |
|    entropy_loss       | -5.76        |
|    explained_variance | 0            |
|    learning_rate      | 0.0002       |
|    n_updates          | 9199         |
|    policy_loss        | -0.0141      |
|    reward             | 0.0019157088 |
|    std                | 4.31         |
|    value_loss         | 8.86e-06     |
----------------------------------------
----------------------------------------
| time/                 |              |
|    fps                | 184          |
|    iterations         | 9300         |
|    time_elapsed       | 252          |
|    total_timesteps    | 46500        |
| train/                |              |
|    entropy_loss       | -5.79        |
|    explained_variance | 0            |
|    learning_rate      | 0.0002       |
|    n_updates          | 9299         |
|    policy_loss        | 0.00264      |
|    reward             | 0.0009784736 |
|    std                | 4.39         |
|    value_loss         | 2.84e-07     |
----------------------------------------
EPISODE:  48
----------------------------------------
| time/                 |              |
|    fps                | 184          |
|    iterations         | 9400         |
|    time_elapsed       | 255          |
|    total_timesteps    | 47000        |
| train/                |              |
|    entropy_loss       | -5.83        |
|    explained_variance | 0            |
|    learning_rate      | 0.0002       |
|    n_updates          | 9399         |
|    policy_loss        | -0.000965    |
|    reward             | 0.0018832391 |
|    std                | 4.46         |
|    value_loss         | 3.23e-08     |
----------------------------------------
----------------------------------------
| time/                 |              |
|    fps                | 184          |
|    iterations         | 9500         |
|    time_elapsed       | 258          |
|    total_timesteps    | 47500        |
| train/                |              |
|    entropy_loss       | -5.87        |
|    explained_variance | 0            |
|    learning_rate      | 0.0002       |
|    n_updates          | 9499         |
|    policy_loss        | 0.00236      |
|    reward             | 0.0009699321 |
|    std                | 4.55         |
|    value_loss         | 1.95e-07     |
----------------------------------------
EPISODE:  49
----------------------------------------
| time/                 |              |
|    fps                | 183          |
|    iterations         | 9600         |
|    time_elapsed       | 260          |
|    total_timesteps    | 48000        |
| train/                |              |
|    entropy_loss       | -5.89        |
|    explained_variance | 0            |
|    learning_rate      | 0.0002       |
|    n_updates          | 9599         |
|    policy_loss        | 0.00247      |
|    reward             | 0.0018518518 |
|    std                | 4.61         |
|    value_loss         | 2e-07        |
----------------------------------------
-----------------------------------------
| time/                 |               |
|    fps                | 183           |
|    iterations         | 9700          |
|    time_elapsed       | 263           |
|    total_timesteps    | 48500         |
| train/                |               |
|    entropy_loss       | -5.92         |
|    explained_variance | 6.56e-07      |
|    learning_rate      | 0.0002        |
|    n_updates          | 9699          |
|    policy_loss        | 4.5e-05       |
|    reward             | 0.00096153846 |
|    std                | 4.68          |
|    value_loss         | 9.55e-11      |
-----------------------------------------
EPISODE:  50
----------------------------------------
| time/                 |              |
|    fps                | 183          |
|    iterations         | 9800         |
|    time_elapsed       | 266          |
|    total_timesteps    | 49000        |
| train/                |              |
|    entropy_loss       | -5.95        |
|    explained_variance | 0            |
|    learning_rate      | 0.0002       |
|    n_updates          | 9799         |
|    policy_loss        | -0.0332      |
|    reward             | 0.0018214936 |
|    std                | 4.74         |
|    value_loss         | 2.17e-05     |
----------------------------------------
-----------------------------------------
| time/                 |               |
|    fps                | 183           |
|    iterations         | 9900          |
|    time_elapsed       | 269           |
|    total_timesteps    | 49500         |
| train/                |               |
|    entropy_loss       | -5.98         |
|    explained_variance | 0             |
|    learning_rate      | 0.0002        |
|    n_updates          | 9899          |
|    policy_loss        | -0.01         |
|    reward             | 0.00095328887 |
|    std                | 4.82          |
|    value_loss         | 2.21e-06      |
-----------------------------------------
EPISODE:  51
----------------------------------------
| time/                 |              |
|    fps                | 183          |
|    iterations         | 10000        |
|    time_elapsed       | 271          |
|    total_timesteps    | 50000        |
| train/                |              |
|    entropy_loss       | -6.01        |
|    explained_variance | 0            |
|    learning_rate      | 0.0002       |
|    n_updates          | 9999         |
|    policy_loss        | -0.000633    |
|    reward             | 0.0017921147 |
|    std                | 4.9          |
|    value_loss         | 1.19e-08     |
----------------------------------------
Saved episode log to Results\250619_hc_binary_udp\a2c\upward\training_logs\01.csv
