EPISODE:  0
{'n_steps': 2048, 'batch_size': 64, 'learning_rate': 0.0003, 'ent_coef': 0.0}
Using cpu device
EPISODE:  1
EPISODE:  2
EPISODE:  3
-------------------------------------
| time/              |              |
|    fps             | 239          |
|    iterations      | 1            |
|    time_elapsed    | 8            |
|    total_timesteps | 2048         |
| train/             |              |
|    reward          | 0.0010799136 |
-------------------------------------
EPISODE:  4
EPISODE:  5
-------------------------------------------
| time/                   |               |
|    fps                  | 212           |
|    iterations           | 2             |
|    time_elapsed         | 19            |
|    total_timesteps      | 4096          |
| train/                  |               |
|    approx_kl            | 0.0058094333  |
|    clip_fraction        | 0.0489        |
|    clip_range           | 0.2           |
|    entropy_loss         | -2.83         |
|    explained_variance   | 0.939         |
|    learning_rate        | 0.0003        |
|    loss                 | -0.000717     |
|    n_updates            | 10            |
|    policy_gradient_loss | -0.00515      |
|    reward               | -0.0011627907 |
|    std                  | 0.993         |
|    value_loss           | 0.00296       |
-------------------------------------------
EPISODE:  6
EPISODE:  7
------------------------------------------
| time/                   |              |
|    fps                  | 203          |
|    iterations           | 3            |
|    time_elapsed         | 30           |
|    total_timesteps      | 6144         |
| train/                  |              |
|    approx_kl            | 0.0078520505 |
|    clip_fraction        | 0.0706       |
|    clip_range           | 0.2          |
|    entropy_loss         | -2.82        |
|    explained_variance   | 0.905        |
|    learning_rate        | 0.0003       |
|    loss                 | 0.000762     |
|    n_updates            | 20           |
|    policy_gradient_loss | -0.00519     |
|    reward               | 0.0012594458 |
|    std                  | 0.985        |
|    value_loss           | 0.00942      |
------------------------------------------
EPISODE:  8
EPISODE:  9
------------------------------------------
| time/                   |              |
|    fps                  | 206          |
|    iterations           | 4            |
|    time_elapsed         | 39           |
|    total_timesteps      | 8192         |
| train/                  |              |
|    approx_kl            | 0.0058781155 |
|    clip_fraction        | 0.0666       |
|    clip_range           | 0.2          |
|    entropy_loss         | -2.81        |
|    explained_variance   | 0.855        |
|    learning_rate        | 0.0003       |
|    loss                 | 0.0198       |
|    n_updates            | 30           |
|    policy_gradient_loss | -0.00464     |
|    reward               | 0.0013736264 |
|    std                  | 0.989        |
|    value_loss           | 0.00846      |
------------------------------------------
EPISODE:  10
EPISODE:  11
------------------------------------------
| time/                   |              |
|    fps                  | 204          |
|    iterations           | 5            |
|    time_elapsed         | 50           |
|    total_timesteps      | 10240        |
| train/                  |              |
|    approx_kl            | 0.0052731084 |
|    clip_fraction        | 0.0318       |
|    clip_range           | 0.2          |
|    entropy_loss         | -2.81        |
|    explained_variance   | 0.937        |
|    learning_rate        | 0.0003       |
|    loss                 | -0.00958     |
|    n_updates            | 40           |
|    policy_gradient_loss | -0.0028      |
|    reward               | 0.001510574  |
|    std                  | 0.988        |
|    value_loss           | 0.00521      |
------------------------------------------
EPISODE:  12
EPISODE:  13
------------------------------------------
| time/                   |              |
|    fps                  | 203          |
|    iterations           | 6            |
|    time_elapsed         | 60           |
|    total_timesteps      | 12288        |
| train/                  |              |
|    approx_kl            | 0.0052147033 |
|    clip_fraction        | 0.0621       |
|    clip_range           | 0.2          |
|    entropy_loss         | -2.81        |
|    explained_variance   | 0.957        |
|    learning_rate        | 0.0003       |
|    loss                 | 0.0212       |
|    n_updates            | 50           |
|    policy_gradient_loss | -0.00542     |
|    reward               | 0.0016778524 |
|    std                  | 0.986        |
|    value_loss           | 0.00506      |
------------------------------------------
EPISODE:  14
EPISODE:  15
------------------------------------------
| time/                   |              |
|    fps                  | 200          |
|    iterations           | 7            |
|    time_elapsed         | 71           |
|    total_timesteps      | 14336        |
| train/                  |              |
|    approx_kl            | 0.008897902  |
|    clip_fraction        | 0.0662       |
|    clip_range           | 0.2          |
|    entropy_loss         | -2.8         |
|    explained_variance   | 0.909        |
|    learning_rate        | 0.0003       |
|    loss                 | -0.0107      |
|    n_updates            | 60           |
|    policy_gradient_loss | -0.00372     |
|    reward               | 0.0018867925 |
|    std                  | 0.976        |
|    value_loss           | 0.0179       |
------------------------------------------
EPISODE:  16
EPISODE:  17
------------------------------------------
| time/                   |              |
|    fps                  | 196          |
|    iterations           | 8            |
|    time_elapsed         | 83           |
|    total_timesteps      | 16384        |
| train/                  |              |
|    approx_kl            | 0.0062625986 |
|    clip_fraction        | 0.0633       |
|    clip_range           | 0.2          |
|    entropy_loss         | -2.79        |
|    explained_variance   | 0.924        |
|    learning_rate        | 0.0003       |
|    loss                 | -0.0319      |
|    n_updates            | 70           |
|    policy_gradient_loss | -0.00371     |
|    reward               | 0.0021551724 |
|    std                  | 0.973        |
|    value_loss           | 0.0122       |
------------------------------------------
EPISODE:  18
EPISODE:  19
-------------------------------------------
| time/                   |               |
|    fps                  | 195           |
|    iterations           | 9             |
|    time_elapsed         | 94            |
|    total_timesteps      | 18432         |
| train/                  |               |
|    approx_kl            | 0.011130687   |
|    clip_fraction        | 0.0771        |
|    clip_range           | 0.2           |
|    entropy_loss         | -2.75         |
|    explained_variance   | 0.97          |
|    learning_rate        | 0.0003        |
|    loss                 | -0.00391      |
|    n_updates            | 80            |
|    policy_gradient_loss | -0.00499      |
|    reward               | -0.0025125628 |
|    std                  | 0.948         |
|    value_loss           | 0.00424       |
-------------------------------------------
EPISODE:  20
EPISODE:  21
-----------------------------------------
| time/                   |             |
|    fps                  | 192         |
|    iterations           | 10          |
|    time_elapsed         | 106         |
|    total_timesteps      | 20480       |
| train/                  |             |
|    approx_kl            | 0.008192709 |
|    clip_fraction        | 0.105       |
|    clip_range           | 0.2         |
|    entropy_loss         | -2.73       |
|    explained_variance   | 0.97        |
|    learning_rate        | 0.0003      |
|    loss                 | -0.00434    |
|    n_updates            | 90          |
|    policy_gradient_loss | -0.00555    |
|    reward               | 0.003012048 |
|    std                  | 0.946       |
|    value_loss           | 0.00705     |
-----------------------------------------
EPISODE:  22
EPISODE:  23
------------------------------------------
| time/                   |              |
|    fps                  | 193          |
|    iterations           | 11           |
|    time_elapsed         | 116          |
|    total_timesteps      | 22528        |
| train/                  |              |
|    approx_kl            | 0.006967945  |
|    clip_fraction        | 0.0578       |
|    clip_range           | 0.2          |
|    entropy_loss         | -2.71        |
|    explained_variance   | 0.973        |
|    learning_rate        | 0.0003       |
|    loss                 | -0.0155      |
|    n_updates            | 100          |
|    policy_gradient_loss | -0.00293     |
|    reward               | 0.0037593986 |
|    std                  | 0.934        |
|    value_loss           | 0.00723      |
------------------------------------------
EPISODE:  24
EPISODE:  25
------------------------------------------
| time/                   |              |
|    fps                  | 191          |
|    iterations           | 12           |
|    time_elapsed         | 128          |
|    total_timesteps      | 24576        |
| train/                  |              |
|    approx_kl            | 0.0048072664 |
|    clip_fraction        | 0.0458       |
|    clip_range           | 0.2          |
|    entropy_loss         | -2.71        |
|    explained_variance   | 0.976        |
|    learning_rate        | 0.0003       |
|    loss                 | -0.00238     |
|    n_updates            | 110          |
|    policy_gradient_loss | -0.00053     |
|    reward               | 0.005        |
|    std                  | 0.941        |
|    value_loss           | 0.00864      |
------------------------------------------
EPISODE:  26
EPISODE:  27
------------------------------------------
| time/                   |              |
|    fps                  | 191          |
|    iterations           | 13           |
|    time_elapsed         | 139          |
|    total_timesteps      | 26624        |
| train/                  |              |
|    approx_kl            | 0.0056759287 |
|    clip_fraction        | 0.0431       |
|    clip_range           | 0.2          |
|    entropy_loss         | -2.71        |
|    explained_variance   | 0.916        |
|    learning_rate        | 0.0003       |
|    loss                 | -0.00548     |
|    n_updates            | 120          |
|    policy_gradient_loss | -0.00145     |
|    reward               | 0.0074626864 |
|    std                  | 0.932        |
|    value_loss           | 0.0272       |
------------------------------------------
EPISODE:  28
EPISODE:  29
-----------------------------------------
| time/                   |             |
|    fps                  | 190         |
|    iterations           | 14          |
|    time_elapsed         | 150         |
|    total_timesteps      | 28672       |
| train/                  |             |
|    approx_kl            | 0.005276736 |
|    clip_fraction        | 0.042       |
|    clip_range           | 0.2         |
|    entropy_loss         | -2.7        |
|    explained_variance   | 0.926       |
|    learning_rate        | 0.0003      |
|    loss                 | 0.0139      |
|    n_updates            | 130         |
|    policy_gradient_loss | -0.000664   |
|    reward               | 0.014705882 |
|    std                  | 0.94        |
|    value_loss           | 0.0274      |
-----------------------------------------
EPISODE:  30
EPISODE:  31
------------------------------------------
| time/                   |              |
|    fps                  | 190          |
|    iterations           | 15           |
|    time_elapsed         | 161          |
|    total_timesteps      | 30720        |
| train/                  |              |
|    approx_kl            | 0.0049376995 |
|    clip_fraction        | 0.04         |
|    clip_range           | 0.2          |
|    entropy_loss         | -2.7         |
|    explained_variance   | 0.983        |
|    learning_rate        | 0.0003       |
|    loss                 | 0.00883      |
|    n_updates            | 140          |
|    policy_gradient_loss | -0.00116     |
|    reward               | -0.5         |
|    std                  | 0.932        |
|    value_loss           | 0.0061       |
------------------------------------------
EPISODE:  32
EPISODE:  33
EPISODE:  34
------------------------------------------
| time/                   |              |
|    fps                  | 191          |
|    iterations           | 16           |
|    time_elapsed         | 171          |
|    total_timesteps      | 32768        |
| train/                  |              |
|    approx_kl            | 0.0047882004 |
|    clip_fraction        | 0.0445       |
|    clip_range           | 0.2          |
|    entropy_loss         | -2.69        |
|    explained_variance   | 0.971        |
|    learning_rate        | 0.0003       |
|    loss                 | -0.00474     |
|    n_updates            | 150          |
|    policy_gradient_loss | -0.00213     |
|    reward               | 0.0010787486 |
|    std                  | 0.925        |
|    value_loss           | 0.0135       |
------------------------------------------
EPISODE:  35
EPISODE:  36
------------------------------------------
| time/                   |              |
|    fps                  | 191          |
|    iterations           | 17           |
|    time_elapsed         | 182          |
|    total_timesteps      | 34816        |
| train/                  |              |
|    approx_kl            | 0.005348775  |
|    clip_fraction        | 0.0475       |
|    clip_range           | 0.2          |
|    entropy_loss         | -2.66        |
|    explained_variance   | 0.974        |
|    learning_rate        | 0.0003       |
|    loss                 | -0.0137      |
|    n_updates            | 160          |
|    policy_gradient_loss | -0.00148     |
|    reward               | 0.0011614402 |
|    std                  | 0.906        |
|    value_loss           | 0.0107       |
------------------------------------------
EPISODE:  37
EPISODE:  38
------------------------------------------
| time/                   |              |
|    fps                  | 191          |
|    iterations           | 18           |
|    time_elapsed         | 192          |
|    total_timesteps      | 36864        |
| train/                  |              |
|    approx_kl            | 0.0032862993 |
|    clip_fraction        | 0.0514       |
|    clip_range           | 0.2          |
|    entropy_loss         | -2.62        |
|    explained_variance   | 0.981        |
|    learning_rate        | 0.0003       |
|    loss                 | -0.00821     |
|    n_updates            | 170          |
|    policy_gradient_loss | -0.00421     |
|    reward               | 0.0012578616 |
|    std                  | 0.894        |
|    value_loss           | 0.00773      |
------------------------------------------
EPISODE:  39
EPISODE:  40
------------------------------------------
| time/                   |              |
|    fps                  | 191          |
|    iterations           | 19           |
|    time_elapsed         | 203          |
|    total_timesteps      | 38912        |
| train/                  |              |
|    approx_kl            | 0.004709293  |
|    clip_fraction        | 0.0388       |
|    clip_range           | 0.2          |
|    entropy_loss         | -2.58        |
|    explained_variance   | 0.98         |
|    learning_rate        | 0.0003       |
|    loss                 | -0.00974     |
|    n_updates            | 180          |
|    policy_gradient_loss | -0.00207     |
|    reward               | 0.0013717421 |
|    std                  | 0.875        |
|    value_loss           | 0.00779      |
------------------------------------------
EPISODE:  41
EPISODE:  42
------------------------------------------
| time/                   |              |
|    fps                  | 191          |
|    iterations           | 20           |
|    time_elapsed         | 214          |
|    total_timesteps      | 40960        |
| train/                  |              |
|    approx_kl            | 0.005367706  |
|    clip_fraction        | 0.0798       |
|    clip_range           | 0.2          |
|    entropy_loss         | -2.55        |
|    explained_variance   | 0.978        |
|    learning_rate        | 0.0003       |
|    loss                 | -0.00502     |
|    n_updates            | 190          |
|    policy_gradient_loss | -0.00144     |
|    reward               | 0.0015082957 |
|    std                  | 0.863        |
|    value_loss           | 0.00943      |
------------------------------------------
EPISODE:  43
EPISODE:  44
------------------------------------------
| time/                   |              |
|    fps                  | 190          |
|    iterations           | 21           |
|    time_elapsed         | 225          |
|    total_timesteps      | 43008        |
| train/                  |              |
|    approx_kl            | 0.0033338172 |
|    clip_fraction        | 0.0365       |
|    clip_range           | 0.2          |
|    entropy_loss         | -2.54        |
|    explained_variance   | 0.979        |
|    learning_rate        | 0.0003       |
|    loss                 | -0.00184     |
|    n_updates            | 200          |
|    policy_gradient_loss | -0.000328    |
|    reward               | 0.0016750419 |
|    std                  | 0.862        |
|    value_loss           | 0.00945      |
------------------------------------------
EPISODE:  45
EPISODE:  46
------------------------------------------
| time/                   |              |
|    fps                  | 189          |
|    iterations           | 22           |
|    time_elapsed         | 237          |
|    total_timesteps      | 45056        |
| train/                  |              |
|    approx_kl            | 0.004026565  |
|    clip_fraction        | 0.0428       |
|    clip_range           | 0.2          |
|    entropy_loss         | -2.53        |
|    explained_variance   | 0.98         |
|    learning_rate        | 0.0003       |
|    loss                 | -0.00456     |
|    n_updates            | 210          |
|    policy_gradient_loss | -2.59e-05    |
|    reward               | 0.0018832391 |
|    std                  | 0.858        |
|    value_loss           | 0.00986      |
------------------------------------------
EPISODE:  47
EPISODE:  48
------------------------------------------
| time/                   |              |
|    fps                  | 190          |
|    iterations           | 23           |
|    time_elapsed         | 247          |
|    total_timesteps      | 47104        |
| train/                  |              |
|    approx_kl            | 0.003980297  |
|    clip_fraction        | 0.0262       |
|    clip_range           | 0.2          |
|    entropy_loss         | -2.51        |
|    explained_variance   | 0.977        |
|    learning_rate        | 0.0003       |
|    loss                 | -0.00278     |
|    n_updates            | 220          |
|    policy_gradient_loss | -0.000275    |
|    reward               | 0.0021505377 |
|    std                  | 0.855        |
|    value_loss           | 0.0119       |
------------------------------------------
EPISODE:  49
EPISODE:  50
------------------------------------------
| time/                   |              |
|    fps                  | 188          |
|    iterations           | 24           |
|    time_elapsed         | 260          |
|    total_timesteps      | 49152        |
| train/                  |              |
|    approx_kl            | 0.010554336  |
|    clip_fraction        | 0.134        |
|    clip_range           | 0.2          |
|    entropy_loss         | -2.52        |
|    explained_variance   | 0.979        |
|    learning_rate        | 0.0003       |
|    loss                 | 0.0159       |
|    n_updates            | 230          |
|    policy_gradient_loss | 0.00352      |
|    reward               | 0.0025062656 |
|    std                  | 0.861        |
|    value_loss           | 0.0111       |
------------------------------------------
EPISODE:  51
EPISODE:  52
-----------------------------------------
| time/                   |             |
|    fps                  | 188         |
|    iterations           | 25          |
|    time_elapsed         | 271         |
|    total_timesteps      | 51200       |
| train/                  |             |
|    approx_kl            | 0.004115833 |
|    clip_fraction        | 0.0442      |
|    clip_range           | 0.2         |
|    entropy_loss         | -2.51       |
|    explained_variance   | 0.979       |
|    learning_rate        | 0.0003      |
|    loss                 | -0.00465    |
|    n_updates            | 240         |
|    policy_gradient_loss | -0.000436   |
|    reward               | 0.003003003 |
|    std                  | 0.852       |
|    value_loss           | 0.0123      |
-----------------------------------------
Saved episode log to Results\250619_hc_binary_udp\ppo\downward\training_logs\07.csv
