EPISODE:  0
{'n_steps': 5, 'ent_coef': 0.005, 'learning_rate': 0.0002}
Using cpu device
EPISODE:  1
-----------------------------------------
| time/                 |               |
|    fps                | 121           |
|    iterations         | 100           |
|    time_elapsed       | 4             |
|    total_timesteps    | 500           |
| train/                |               |
|    entropy_loss       | -2.84         |
|    explained_variance | 0.535         |
|    learning_rate      | 0.0002        |
|    n_updates          | 99            |
|    policy_loss        | -0.0584       |
|    reward             | -0.0019723752 |
|    std                | 1             |
|    value_loss         | 0.000478      |
-----------------------------------------
EPISODE:  2
-----------------------------------------
| time/                 |               |
|    fps                | 122           |
|    iterations         | 200           |
|    time_elapsed       | 8             |
|    total_timesteps    | 1000          |
| train/                |               |
|    entropy_loss       | -2.86         |
|    explained_variance | -2.42         |
|    learning_rate      | 0.0002        |
|    n_updates          | 199           |
|    policy_loss        | 0.247         |
|    reward             | -0.0073115462 |
|    std                | 1.01          |
|    value_loss         | 0.0154        |
-----------------------------------------
----------------------------------------
| time/                 |              |
|    fps                | 125          |
|    iterations         | 300          |
|    time_elapsed       | 11           |
|    total_timesteps    | 1500         |
| train/                |              |
|    entropy_loss       | -2.87        |
|    explained_variance | -0.103       |
|    learning_rate      | 0.0002       |
|    n_updates          | 299          |
|    policy_loss        | -0.03        |
|    reward             | -0.018380092 |
|    std                | 1.01         |
|    value_loss         | 0.000215     |
----------------------------------------
EPISODE:  3
---------------------------------------
| time/                 |             |
|    fps                | 126         |
|    iterations         | 400         |
|    time_elapsed       | 15          |
|    total_timesteps    | 2000        |
| train/                |             |
|    entropy_loss       | -2.87       |
|    explained_variance | -6.89       |
|    learning_rate      | 0.0002      |
|    n_updates          | 399         |
|    policy_loss        | -0.14       |
|    reward             | 0.021779204 |
|    std                | 1.02        |
|    value_loss         | 0.00482     |
---------------------------------------
----------------------------------------
| time/                 |              |
|    fps                | 125          |
|    iterations         | 500          |
|    time_elapsed       | 19           |
|    total_timesteps    | 2500         |
| train/                |              |
|    entropy_loss       | -2.87        |
|    explained_variance | 0.383        |
|    learning_rate      | 0.0002       |
|    n_updates          | 499          |
|    policy_loss        | 0.0235       |
|    reward             | -0.031058315 |
|    std                | 1.02         |
|    value_loss         | 0.000158     |
----------------------------------------
EPISODE:  4
---------------------------------------
| time/                 |             |
|    fps                | 125         |
|    iterations         | 600         |
|    time_elapsed       | 23          |
|    total_timesteps    | 3000        |
| train/                |             |
|    entropy_loss       | -2.88       |
|    explained_variance | -1.53       |
|    learning_rate      | 0.0002      |
|    n_updates          | 599         |
|    policy_loss        | -0.148      |
|    reward             | 0.023144826 |
|    std                | 1.02        |
|    value_loss         | 0.00296     |
---------------------------------------
---------------------------------------
| time/                 |             |
|    fps                | 126         |
|    iterations         | 700         |
|    time_elapsed       | 27          |
|    total_timesteps    | 3500        |
| train/                |             |
|    entropy_loss       | -2.88       |
|    explained_variance | -0.481      |
|    learning_rate      | 0.0002      |
|    n_updates          | 699         |
|    policy_loss        | -0.064      |
|    reward             | 0.001949872 |
|    std                | 1.02        |
|    value_loss         | 0.00102     |
---------------------------------------
EPISODE:  5
---------------------------------------
| time/                 |             |
|    fps                | 127         |
|    iterations         | 800         |
|    time_elapsed       | 31          |
|    total_timesteps    | 4000        |
| train/                |             |
|    entropy_loss       | -2.89       |
|    explained_variance | -6.12       |
|    learning_rate      | 0.0002      |
|    n_updates          | 799         |
|    policy_loss        | -0.161      |
|    reward             | 0.028166164 |
|    std                | 1.03        |
|    value_loss         | 0.00698     |
---------------------------------------
----------------------------------------
| time/                 |              |
|    fps                | 129          |
|    iterations         | 900          |
|    time_elapsed       | 34           |
|    total_timesteps    | 4500         |
| train/                |              |
|    entropy_loss       | -2.9         |
|    explained_variance | -1.75        |
|    learning_rate      | 0.0002       |
|    n_updates          | 899          |
|    policy_loss        | -0.0104      |
|    reward             | -0.047278725 |
|    std                | 1.03         |
|    value_loss         | 0.000267     |
----------------------------------------
EPISODE:  6
---------------------------------------
| time/                 |             |
|    fps                | 129         |
|    iterations         | 1000        |
|    time_elapsed       | 38          |
|    total_timesteps    | 5000        |
| train/                |             |
|    entropy_loss       | -2.91       |
|    explained_variance | 0.0337      |
|    learning_rate      | 0.0002      |
|    n_updates          | 999         |
|    policy_loss        | -0.0171     |
|    reward             | 0.013321476 |
|    std                | 1.03        |
|    value_loss         | 0.000171    |
---------------------------------------
---------------------------------------
| time/                 |             |
|    fps                | 128         |
|    iterations         | 1100        |
|    time_elapsed       | 42          |
|    total_timesteps    | 5500        |
| train/                |             |
|    entropy_loss       | -2.92       |
|    explained_variance | -0.196      |
|    learning_rate      | 0.0002      |
|    n_updates          | 1099        |
|    policy_loss        | 0.0658      |
|    reward             | 0.006106989 |
|    std                | 1.04        |
|    value_loss         | 0.00124     |
---------------------------------------
EPISODE:  7
---------------------------------------
| time/                 |             |
|    fps                | 128         |
|    iterations         | 1200        |
|    time_elapsed       | 46          |
|    total_timesteps    | 6000        |
| train/                |             |
|    entropy_loss       | -2.92       |
|    explained_variance | 0.00634     |
|    learning_rate      | 0.0002      |
|    n_updates          | 1199        |
|    policy_loss        | 0.028       |
|    reward             | 0.020905094 |
|    std                | 1.04        |
|    value_loss         | 0.000242    |
---------------------------------------
---------------------------------------
| time/                 |             |
|    fps                | 128         |
|    iterations         | 1300        |
|    time_elapsed       | 50          |
|    total_timesteps    | 6500        |
| train/                |             |
|    entropy_loss       | -2.93       |
|    explained_variance | -0.0524     |
|    learning_rate      | 0.0002      |
|    n_updates          | 1299        |
|    policy_loss        | 0.0224      |
|    reward             | 0.018593235 |
|    std                | 1.05        |
|    value_loss         | 0.000151    |
---------------------------------------
EPISODE:  8
----------------------------------------
| time/                 |              |
|    fps                | 128          |
|    iterations         | 1400         |
|    time_elapsed       | 54           |
|    total_timesteps    | 7000         |
| train/                |              |
|    entropy_loss       | -2.94        |
|    explained_variance | 0.00677      |
|    learning_rate      | 0.0002       |
|    n_updates          | 1399         |
|    policy_loss        | 0.00335      |
|    reward             | -0.032270487 |
|    std                | 1.05         |
|    value_loss         | 0.000429     |
----------------------------------------
---------------------------------------
| time/                 |             |
|    fps                | 127         |
|    iterations         | 1500        |
|    time_elapsed       | 58          |
|    total_timesteps    | 7500        |
| train/                |             |
|    entropy_loss       | -2.95       |
|    explained_variance | 0.000663    |
|    learning_rate      | 0.0002      |
|    n_updates          | 1499        |
|    policy_loss        | -0.0924     |
|    reward             | 0.035131782 |
|    std                | 1.06        |
|    value_loss         | 0.00152     |
---------------------------------------
EPISODE:  9
----------------------------------------
| time/                 |              |
|    fps                | 127          |
|    iterations         | 1600         |
|    time_elapsed       | 62           |
|    total_timesteps    | 8000         |
| train/                |              |
|    entropy_loss       | -2.96        |
|    explained_variance | 0.422        |
|    learning_rate      | 0.0002       |
|    n_updates          | 1599         |
|    policy_loss        | 0.134        |
|    reward             | 0.0033876866 |
|    std                | 1.06         |
|    value_loss         | 0.00253      |
----------------------------------------
----------------------------------------
| time/                 |              |
|    fps                | 128          |
|    iterations         | 1700         |
|    time_elapsed       | 66           |
|    total_timesteps    | 8500         |
| train/                |              |
|    entropy_loss       | -2.97        |
|    explained_variance | -0.00921     |
|    learning_rate      | 0.0002       |
|    n_updates          | 1699         |
|    policy_loss        | -0.146       |
|    reward             | 0.0078001926 |
|    std                | 1.07         |
|    value_loss         | 0.00144      |
----------------------------------------
EPISODE:  10
----------------------------------------
| time/                 |              |
|    fps                | 127          |
|    iterations         | 1800         |
|    time_elapsed       | 70           |
|    total_timesteps    | 9000         |
| train/                |              |
|    entropy_loss       | -2.97        |
|    explained_variance | -0.771       |
|    learning_rate      | 0.0002       |
|    n_updates          | 1799         |
|    policy_loss        | -0.0145      |
|    reward             | -0.011329042 |
|    std                | 1.07         |
|    value_loss         | 0.000446     |
----------------------------------------
----------------------------------------
| time/                 |              |
|    fps                | 127          |
|    iterations         | 1900         |
|    time_elapsed       | 74           |
|    total_timesteps    | 9500         |
| train/                |              |
|    entropy_loss       | -2.98        |
|    explained_variance | -0.00945     |
|    learning_rate      | 0.0002       |
|    n_updates          | 1899         |
|    policy_loss        | 0.113        |
|    reward             | -0.015992418 |
|    std                | 1.07         |
|    value_loss         | 0.00209      |
----------------------------------------
EPISODE:  11
-----------------------------------------
| time/                 |               |
|    fps                | 128           |
|    iterations         | 2000          |
|    time_elapsed       | 77            |
|    total_timesteps    | 10000         |
| train/                |               |
|    entropy_loss       | -2.99         |
|    explained_variance | -0.0745       |
|    learning_rate      | 0.0002        |
|    n_updates          | 1999          |
|    policy_loss        | 0.0313        |
|    reward             | -0.0011028768 |
|    std                | 1.08          |
|    value_loss         | 0.000224      |
-----------------------------------------
----------------------------------------
| time/                 |              |
|    fps                | 128          |
|    iterations         | 2100         |
|    time_elapsed       | 81           |
|    total_timesteps    | 10500        |
| train/                |              |
|    entropy_loss       | -2.99        |
|    explained_variance | -1.32        |
|    learning_rate      | 0.0002       |
|    n_updates          | 2099         |
|    policy_loss        | 0.0298       |
|    reward             | -0.007854854 |
|    std                | 1.08         |
|    value_loss         | 0.000233     |
----------------------------------------
EPISODE:  12
----------------------------------------
| time/                 |              |
|    fps                | 128          |
|    iterations         | 2200         |
|    time_elapsed       | 85           |
|    total_timesteps    | 11000        |
| train/                |              |
|    entropy_loss       | -3           |
|    explained_variance | -0.0434      |
|    learning_rate      | 0.0002       |
|    n_updates          | 2199         |
|    policy_loss        | -0.0495      |
|    reward             | 0.0045016585 |
|    std                | 1.09         |
|    value_loss         | 0.000575     |
----------------------------------------
---------------------------------------
| time/                 |             |
|    fps                | 129         |
|    iterations         | 2300        |
|    time_elapsed       | 89          |
|    total_timesteps    | 11500       |
| train/                |             |
|    entropy_loss       | -3.01       |
|    explained_variance | 0.00215     |
|    learning_rate      | 0.0002      |
|    n_updates          | 2299        |
|    policy_loss        | -0.0412     |
|    reward             | 0.023609914 |
|    std                | 1.09        |
|    value_loss         | 0.00043     |
---------------------------------------
EPISODE:  13
-----------------------------------------
| time/                 |               |
|    fps                | 129           |
|    iterations         | 2400          |
|    time_elapsed       | 92            |
|    total_timesteps    | 12000         |
| train/                |               |
|    entropy_loss       | -3.02         |
|    explained_variance | -0.223        |
|    learning_rate      | 0.0002        |
|    n_updates          | 2399          |
|    policy_loss        | -0.0748       |
|    reward             | 0.00030581135 |
|    std                | 1.09          |
|    value_loss         | 0.00134       |
-----------------------------------------
----------------------------------------
| time/                 |              |
|    fps                | 129          |
|    iterations         | 2500         |
|    time_elapsed       | 96           |
|    total_timesteps    | 12500        |
| train/                |              |
|    entropy_loss       | -3.02        |
|    explained_variance | 0.0104       |
|    learning_rate      | 0.0002       |
|    n_updates          | 2499         |
|    policy_loss        | 0.0173       |
|    reward             | 0.0031929826 |
|    std                | 1.1          |
|    value_loss         | 0.000434     |
----------------------------------------
EPISODE:  14
---------------------------------------
| time/                 |             |
|    fps                | 129         |
|    iterations         | 2600        |
|    time_elapsed       | 100         |
|    total_timesteps    | 13000       |
| train/                |             |
|    entropy_loss       | -3.03       |
|    explained_variance | 0.0187      |
|    learning_rate      | 0.0002      |
|    n_updates          | 2599        |
|    policy_loss        | 0.00757     |
|    reward             | 0.045828205 |
|    std                | 1.1         |
|    value_loss         | 0.000156    |
---------------------------------------
--------------------------------------
| time/                 |            |
|    fps                | 129        |
|    iterations         | 2700       |
|    time_elapsed       | 104        |
|    total_timesteps    | 13500      |
| train/                |            |
|    entropy_loss       | -3.03      |
|    explained_variance | -0.756     |
|    learning_rate      | 0.0002     |
|    n_updates          | 2699       |
|    policy_loss        | -0.108     |
|    reward             | -0.0091819 |
|    std                | 1.1        |
|    value_loss         | 0.00122    |
--------------------------------------
EPISODE:  15
----------------------------------------
| time/                 |              |
|    fps                | 129          |
|    iterations         | 2800         |
|    time_elapsed       | 108          |
|    total_timesteps    | 14000        |
| train/                |              |
|    entropy_loss       | -3.04        |
|    explained_variance | -0.0274      |
|    learning_rate      | 0.0002       |
|    n_updates          | 2799         |
|    policy_loss        | -0.00809     |
|    reward             | -0.017238177 |
|    std                | 1.11         |
|    value_loss         | 0.000251     |
----------------------------------------
---------------------------------------
| time/                 |             |
|    fps                | 129         |
|    iterations         | 2900        |
|    time_elapsed       | 111         |
|    total_timesteps    | 14500       |
| train/                |             |
|    entropy_loss       | -3.05       |
|    explained_variance | -4.18       |
|    learning_rate      | 0.0002      |
|    n_updates          | 2899        |
|    policy_loss        | -0.136      |
|    reward             | -0.01905814 |
|    std                | 1.11        |
|    value_loss         | 0.0025      |
---------------------------------------
EPISODE:  16
---------------------------------------
| time/                 |             |
|    fps                | 129         |
|    iterations         | 3000        |
|    time_elapsed       | 115         |
|    total_timesteps    | 15000       |
| train/                |             |
|    entropy_loss       | -3.05       |
|    explained_variance | 0.513       |
|    learning_rate      | 0.0002      |
|    n_updates          | 2999        |
|    policy_loss        | 0.0282      |
|    reward             | 0.004703705 |
|    std                | 1.11        |
|    value_loss         | 0.000168    |
---------------------------------------
----------------------------------------
| time/                 |              |
|    fps                | 129          |
|    iterations         | 3100         |
|    time_elapsed       | 119          |
|    total_timesteps    | 15500        |
| train/                |              |
|    entropy_loss       | -3.06        |
|    explained_variance | 0.00509      |
|    learning_rate      | 0.0002       |
|    n_updates          | 3099         |
|    policy_loss        | -0.0842      |
|    reward             | -0.028644595 |
|    std                | 1.12         |
|    value_loss         | 0.00114      |
----------------------------------------
EPISODE:  17
---------------------------------------
| time/                 |             |
|    fps                | 130         |
|    iterations         | 3200        |
|    time_elapsed       | 122         |
|    total_timesteps    | 16000       |
| train/                |             |
|    entropy_loss       | -3.07       |
|    explained_variance | 0.00216     |
|    learning_rate      | 0.0002      |
|    n_updates          | 3199        |
|    policy_loss        | -0.0857     |
|    reward             | -0.01252144 |
|    std                | 1.12        |
|    value_loss         | 0.000899    |
---------------------------------------
----------------------------------------
| time/                 |              |
|    fps                | 130          |
|    iterations         | 3300         |
|    time_elapsed       | 126          |
|    total_timesteps    | 16500        |
| train/                |              |
|    entropy_loss       | -3.07        |
|    explained_variance | 0.146        |
|    learning_rate      | 0.0002       |
|    n_updates          | 3299         |
|    policy_loss        | -0.117       |
|    reward             | 0.0043682056 |
|    std                | 1.13         |
|    value_loss         | 0.00303      |
----------------------------------------
EPISODE:  18
---------------------------------------
| time/                 |             |
|    fps                | 130         |
|    iterations         | 3400        |
|    time_elapsed       | 130         |
|    total_timesteps    | 17000       |
| train/                |             |
|    entropy_loss       | -3.08       |
|    explained_variance | -1.31       |
|    learning_rate      | 0.0002      |
|    n_updates          | 3399        |
|    policy_loss        | 0.147       |
|    reward             | 0.016882619 |
|    std                | 1.13        |
|    value_loss         | 0.000839    |
---------------------------------------
----------------------------------------
| time/                 |              |
|    fps                | 130          |
|    iterations         | 3500         |
|    time_elapsed       | 134          |
|    total_timesteps    | 17500        |
| train/                |              |
|    entropy_loss       | -3.09        |
|    explained_variance | 0.177        |
|    learning_rate      | 0.0002       |
|    n_updates          | 3499         |
|    policy_loss        | 0.0659       |
|    reward             | -0.009887968 |
|    std                | 1.13         |
|    value_loss         | 0.000916     |
----------------------------------------
EPISODE:  19
----------------------------------------
| time/                 |              |
|    fps                | 130          |
|    iterations         | 3600         |
|    time_elapsed       | 137          |
|    total_timesteps    | 18000        |
| train/                |              |
|    entropy_loss       | -3.1         |
|    explained_variance | 0.805        |
|    learning_rate      | 0.0002       |
|    n_updates          | 3599         |
|    policy_loss        | 0.0402       |
|    reward             | -0.016650118 |
|    std                | 1.14         |
|    value_loss         | 0.000214     |
----------------------------------------
---------------------------------------
| time/                 |             |
|    fps                | 130         |
|    iterations         | 3700        |
|    time_elapsed       | 141         |
|    total_timesteps    | 18500       |
| train/                |             |
|    entropy_loss       | -3.11       |
|    explained_variance | 0.00299     |
|    learning_rate      | 0.0002      |
|    n_updates          | 3699        |
|    policy_loss        | -0.0426     |
|    reward             | 0.026260594 |
|    std                | 1.14        |
|    value_loss         | 0.000387    |
---------------------------------------
EPISODE:  20
---------------------------------------
| time/                 |             |
|    fps                | 130         |
|    iterations         | 3800        |
|    time_elapsed       | 145         |
|    total_timesteps    | 19000       |
| train/                |             |
|    entropy_loss       | -3.12       |
|    explained_variance | -0.124      |
|    learning_rate      | 0.0002      |
|    n_updates          | 3799        |
|    policy_loss        | 0.048       |
|    reward             | 0.056966893 |
|    std                | 1.15        |
|    value_loss         | 0.000246    |
---------------------------------------
---------------------------------------
| time/                 |             |
|    fps                | 130         |
|    iterations         | 3900        |
|    time_elapsed       | 149         |
|    total_timesteps    | 19500       |
| train/                |             |
|    entropy_loss       | -3.13       |
|    explained_variance | -0.809      |
|    learning_rate      | 0.0002      |
|    n_updates          | 3899        |
|    policy_loss        | -0.158      |
|    reward             | 0.026783502 |
|    std                | 1.16        |
|    value_loss         | 0.00323     |
---------------------------------------
EPISODE:  21
---------------------------------------
| time/                 |             |
|    fps                | 129         |
|    iterations         | 4000        |
|    time_elapsed       | 154         |
|    total_timesteps    | 20000       |
| train/                |             |
|    entropy_loss       | -3.14       |
|    explained_variance | -0.235      |
|    learning_rate      | 0.0002      |
|    n_updates          | 3999        |
|    policy_loss        | 0.00971     |
|    reward             | -0.01580957 |
|    std                | 1.16        |
|    value_loss         | 0.000767    |
---------------------------------------
---------------------------------------
| time/                 |             |
|    fps                | 128         |
|    iterations         | 4100        |
|    time_elapsed       | 159         |
|    total_timesteps    | 20500       |
| train/                |             |
|    entropy_loss       | -3.15       |
|    explained_variance | -2.08       |
|    learning_rate      | 0.0002      |
|    n_updates          | 4099        |
|    policy_loss        | 0.0172      |
|    reward             | 0.015335601 |
|    std                | 1.17        |
|    value_loss         | 0.000652    |
---------------------------------------
EPISODE:  22
----------------------------------------
| time/                 |              |
|    fps                | 128          |
|    iterations         | 4200         |
|    time_elapsed       | 163          |
|    total_timesteps    | 21000        |
| train/                |              |
|    entropy_loss       | -3.16        |
|    explained_variance | 0.0634       |
|    learning_rate      | 0.0002       |
|    n_updates          | 4199         |
|    policy_loss        | 0.00178      |
|    reward             | 0.0040828143 |
|    std                | 1.17         |
|    value_loss         | 0.000401     |
----------------------------------------
----------------------------------------
| time/                 |              |
|    fps                | 128          |
|    iterations         | 4300         |
|    time_elapsed       | 166          |
|    total_timesteps    | 21500        |
| train/                |              |
|    entropy_loss       | -3.17        |
|    explained_variance | -0.802       |
|    learning_rate      | 0.0002       |
|    n_updates          | 4299         |
|    policy_loss        | 1.77e-05     |
|    reward             | -0.023736034 |
|    std                | 1.18         |
|    value_loss         | 0.000308     |
----------------------------------------
EPISODE:  23
-------------------------------------
| time/                 |           |
|    fps                | 128       |
|    iterations         | 4400      |
|    time_elapsed       | 170       |
|    total_timesteps    | 22000     |
| train/                |           |
|    entropy_loss       | -3.17     |
|    explained_variance | 0.0024    |
|    learning_rate      | 0.0002    |
|    n_updates          | 4399      |
|    policy_loss        | 0.0144    |
|    reward             | 0.0113648 |
|    std                | 1.18      |
|    value_loss         | 9.76e-05  |
-------------------------------------
----------------------------------------
| time/                 |              |
|    fps                | 129          |
|    iterations         | 4500         |
|    time_elapsed       | 174          |
|    total_timesteps    | 22500        |
| train/                |              |
|    entropy_loss       | -3.19        |
|    explained_variance | -0.211       |
|    learning_rate      | 0.0002       |
|    n_updates          | 4499         |
|    policy_loss        | 0.0492       |
|    reward             | -0.024308264 |
|    std                | 1.19         |
|    value_loss         | 0.000302     |
----------------------------------------
EPISODE:  24
---------------------------------------
| time/                 |             |
|    fps                | 129         |
|    iterations         | 4600        |
|    time_elapsed       | 178         |
|    total_timesteps    | 23000       |
| train/                |             |
|    entropy_loss       | -3.19       |
|    explained_variance | -0.261      |
|    learning_rate      | 0.0002      |
|    n_updates          | 4599        |
|    policy_loss        | 0.368       |
|    reward             | 0.016310979 |
|    std                | 1.2         |
|    value_loss         | 0.0197      |
---------------------------------------
---------------------------------------
| time/                 |             |
|    fps                | 129         |
|    iterations         | 4700        |
|    time_elapsed       | 181         |
|    total_timesteps    | 23500       |
| train/                |             |
|    entropy_loss       | -3.21       |
|    explained_variance | 0.0309      |
|    learning_rate      | 0.0002      |
|    n_updates          | 4699        |
|    policy_loss        | 0.0363      |
|    reward             | 0.023334116 |
|    std                | 1.2         |
|    value_loss         | 0.000424    |
---------------------------------------
EPISODE:  25
----------------------------------------
| time/                 |              |
|    fps                | 129          |
|    iterations         | 4800         |
|    time_elapsed       | 185          |
|    total_timesteps    | 24000        |
| train/                |              |
|    entropy_loss       | -3.21        |
|    explained_variance | -0.000707    |
|    learning_rate      | 0.0002       |
|    n_updates          | 4799         |
|    policy_loss        | -0.0518      |
|    reward             | -0.008403132 |
|    std                | 1.21         |
|    value_loss         | 0.000255     |
----------------------------------------
----------------------------------------
| time/                 |              |
|    fps                | 129          |
|    iterations         | 4900         |
|    time_elapsed       | 188          |
|    total_timesteps    | 24500        |
| train/                |              |
|    entropy_loss       | -3.22        |
|    explained_variance | -7.71        |
|    learning_rate      | 0.0002       |
|    n_updates          | 4899         |
|    policy_loss        | 0.00344      |
|    reward             | 0.0044270796 |
|    std                | 1.21         |
|    value_loss         | 0.000692     |
----------------------------------------
EPISODE:  26
----------------------------------------
| time/                 |              |
|    fps                | 129          |
|    iterations         | 5000         |
|    time_elapsed       | 192          |
|    total_timesteps    | 25000        |
| train/                |              |
|    entropy_loss       | -3.23        |
|    explained_variance | -7.03e-06    |
|    learning_rate      | 0.0002       |
|    n_updates          | 4999         |
|    policy_loss        | -0.0694      |
|    reward             | -0.011959912 |
|    std                | 1.22         |
|    value_loss         | 0.000686     |
----------------------------------------
----------------------------------------
| time/                 |              |
|    fps                | 130          |
|    iterations         | 5100         |
|    time_elapsed       | 195          |
|    total_timesteps    | 25500        |
| train/                |              |
|    entropy_loss       | -3.23        |
|    explained_variance | -1.78        |
|    learning_rate      | 0.0002       |
|    n_updates          | 5099         |
|    policy_loss        | -0.000707    |
|    reward             | -0.032511435 |
|    std                | 1.22         |
|    value_loss         | 3.65e-05     |
----------------------------------------
EPISODE:  27
---------------------------------------
| time/                 |             |
|    fps                | 129         |
|    iterations         | 5200        |
|    time_elapsed       | 200         |
|    total_timesteps    | 26000       |
| train/                |             |
|    entropy_loss       | -3.24       |
|    explained_variance | -0.000107   |
|    learning_rate      | 0.0002      |
|    n_updates          | 5199        |
|    policy_loss        | -0.0199     |
|    reward             | 0.011161576 |
|    std                | 1.22        |
|    value_loss         | 0.000499    |
---------------------------------------
----------------------------------------
| time/                 |              |
|    fps                | 129          |
|    iterations         | 5300         |
|    time_elapsed       | 204          |
|    total_timesteps    | 26500        |
| train/                |              |
|    entropy_loss       | -3.25        |
|    explained_variance | 0.436        |
|    learning_rate      | 0.0002       |
|    n_updates          | 5299         |
|    policy_loss        | 0.0609       |
|    reward             | -0.011430541 |
|    std                | 1.23         |
|    value_loss         | 0.000546     |
----------------------------------------
EPISODE:  28
----------------------------------------
| time/                 |              |
|    fps                | 129          |
|    iterations         | 5400         |
|    time_elapsed       | 207          |
|    total_timesteps    | 27000        |
| train/                |              |
|    entropy_loss       | -3.26        |
|    explained_variance | -0.000435    |
|    learning_rate      | 0.0002       |
|    n_updates          | 5399         |
|    policy_loss        | -0.16        |
|    reward             | -0.019545805 |
|    std                | 1.24         |
|    value_loss         | 0.00187      |
----------------------------------------
----------------------------------------
| time/                 |              |
|    fps                | 129          |
|    iterations         | 5500         |
|    time_elapsed       | 211          |
|    total_timesteps    | 27500        |
| train/                |              |
|    entropy_loss       | -3.27        |
|    explained_variance | -1.47        |
|    learning_rate      | 0.0002       |
|    n_updates          | 5499         |
|    policy_loss        | 0.0362       |
|    reward             | -0.025697738 |
|    std                | 1.24         |
|    value_loss         | 0.000257     |
----------------------------------------
EPISODE:  29
----------------------------------------
| time/                 |              |
|    fps                | 129          |
|    iterations         | 5600         |
|    time_elapsed       | 215          |
|    total_timesteps    | 28000        |
| train/                |              |
|    entropy_loss       | -3.28        |
|    explained_variance | -0.0619      |
|    learning_rate      | 0.0002       |
|    n_updates          | 5599         |
|    policy_loss        | -0.0133      |
|    reward             | -0.017385703 |
|    std                | 1.25         |
|    value_loss         | 0.000905     |
----------------------------------------
----------------------------------------
| time/                 |              |
|    fps                | 129          |
|    iterations         | 5700         |
|    time_elapsed       | 219          |
|    total_timesteps    | 28500        |
| train/                |              |
|    entropy_loss       | -3.3         |
|    explained_variance | 0.0381       |
|    learning_rate      | 0.0002       |
|    n_updates          | 5699         |
|    policy_loss        | 0.0969       |
|    reward             | -0.010457691 |
|    std                | 1.26         |
|    value_loss         | 0.00158      |
----------------------------------------
EPISODE:  30
----------------------------------------
| time/                 |              |
|    fps                | 129          |
|    iterations         | 5800         |
|    time_elapsed       | 223          |
|    total_timesteps    | 29000        |
| train/                |              |
|    entropy_loss       | -3.31        |
|    explained_variance | -0.596       |
|    learning_rate      | 0.0002       |
|    n_updates          | 5799         |
|    policy_loss        | 0.0666       |
|    reward             | 0.0036213528 |
|    std                | 1.26         |
|    value_loss         | 0.0011       |
----------------------------------------
--------------------------------------
| time/                 |            |
|    fps                | 129        |
|    iterations         | 5900       |
|    time_elapsed       | 227        |
|    total_timesteps    | 29500      |
| train/                |            |
|    entropy_loss       | -3.32      |
|    explained_variance | 0.31       |
|    learning_rate      | 0.0002     |
|    n_updates          | 5899       |
|    policy_loss        | 0.121      |
|    reward             | 0.03795141 |
|    std                | 1.27       |
|    value_loss         | 0.00237    |
--------------------------------------
EPISODE:  31
----------------------------------------
| time/                 |              |
|    fps                | 129          |
|    iterations         | 6000         |
|    time_elapsed       | 231          |
|    total_timesteps    | 30000        |
| train/                |              |
|    entropy_loss       | -3.33        |
|    explained_variance | -0.0963      |
|    learning_rate      | 0.0002       |
|    n_updates          | 5999         |
|    policy_loss        | 0.0519       |
|    reward             | 0.0023989144 |
|    std                | 1.28         |
|    value_loss         | 0.000401     |
----------------------------------------
-----------------------------------------
| time/                 |               |
|    fps                | 129           |
|    iterations         | 6100          |
|    time_elapsed       | 235           |
|    total_timesteps    | 30500         |
| train/                |               |
|    entropy_loss       | -3.33         |
|    explained_variance | -0.136        |
|    learning_rate      | 0.0002        |
|    n_updates          | 6099          |
|    policy_loss        | 0.183         |
|    reward             | -0.0004885492 |
|    std                | 1.28          |
|    value_loss         | 0.00371       |
-----------------------------------------
EPISODE:  32
----------------------------------------
| time/                 |              |
|    fps                | 129          |
|    iterations         | 6200         |
|    time_elapsed       | 239          |
|    total_timesteps    | 31000        |
| train/                |              |
|    entropy_loss       | -3.34        |
|    explained_variance | 0.000133     |
|    learning_rate      | 0.0002       |
|    n_updates          | 6199         |
|    policy_loss        | -0.0706      |
|    reward             | -0.012848182 |
|    std                | 1.29         |
|    value_loss         | 0.000461     |
----------------------------------------
---------------------------------------
| time/                 |             |
|    fps                | 129         |
|    iterations         | 6300        |
|    time_elapsed       | 243         |
|    total_timesteps    | 31500       |
| train/                |             |
|    entropy_loss       | -3.35       |
|    explained_variance | 0.000329    |
|    learning_rate      | 0.0002      |
|    n_updates          | 6299        |
|    policy_loss        | -0.0162     |
|    reward             | 0.010235631 |
|    std                | 1.29        |
|    value_loss         | 0.000112    |
---------------------------------------
EPISODE:  33
---------------------------------------
| time/                 |             |
|    fps                | 129         |
|    iterations         | 6400        |
|    time_elapsed       | 247         |
|    total_timesteps    | 32000       |
| train/                |             |
|    entropy_loss       | -3.36       |
|    explained_variance | 0.00032     |
|    learning_rate      | 0.0002      |
|    n_updates          | 6399        |
|    policy_loss        | -0.0755     |
|    reward             | 0.019173492 |
|    std                | 1.3         |
|    value_loss         | 0.000483    |
---------------------------------------
-----------------------------------------
| time/                 |               |
|    fps                | 129           |
|    iterations         | 6500          |
|    time_elapsed       | 250           |
|    total_timesteps    | 32500         |
| train/                |               |
|    entropy_loss       | -3.36         |
|    explained_variance | -0.000254     |
|    learning_rate      | 0.0002        |
|    n_updates          | 6499          |
|    policy_loss        | -0.0544       |
|    reward             | 0.00020891875 |
|    std                | 1.3           |
|    value_loss         | 0.000611      |
-----------------------------------------
EPISODE:  34
----------------------------------------
| time/                 |              |
|    fps                | 129          |
|    iterations         | 6600         |
|    time_elapsed       | 255          |
|    total_timesteps    | 33000        |
| train/                |              |
|    entropy_loss       | -3.37        |
|    explained_variance | -0.00136     |
|    learning_rate      | 0.0002       |
|    n_updates          | 6599         |
|    policy_loss        | 0.149        |
|    reward             | 0.0033521536 |
|    std                | 1.31         |
|    value_loss         | 0.00184      |
----------------------------------------
-----------------------------------------
| time/                 |               |
|    fps                | 129           |
|    iterations         | 6700          |
|    time_elapsed       | 259           |
|    total_timesteps    | 33500         |
| train/                |               |
|    entropy_loss       | -3.38         |
|    explained_variance | 0.000478      |
|    learning_rate      | 0.0002        |
|    n_updates          | 6699          |
|    policy_loss        | 0.0976        |
|    reward             | -0.0051700315 |
|    std                | 1.31          |
|    value_loss         | 0.000713      |
-----------------------------------------
EPISODE:  35
---------------------------------------
| time/                 |             |
|    fps                | 129         |
|    iterations         | 6800        |
|    time_elapsed       | 262         |
|    total_timesteps    | 34000       |
| train/                |             |
|    entropy_loss       | -3.39       |
|    explained_variance | -0.0765     |
|    learning_rate      | 0.0002      |
|    n_updates          | 6799        |
|    policy_loss        | 0.0176      |
|    reward             | 0.027480384 |
|    std                | 1.32        |
|    value_loss         | 0.000168    |
---------------------------------------
---------------------------------------
| time/                 |             |
|    fps                | 129         |
|    iterations         | 6900        |
|    time_elapsed       | 267         |
|    total_timesteps    | 34500       |
| train/                |             |
|    entropy_loss       | -3.4        |
|    explained_variance | 0.000674    |
|    learning_rate      | 0.0002      |
|    n_updates          | 6899        |
|    policy_loss        | -0.00405    |
|    reward             | 0.021872666 |
|    std                | 1.33        |
|    value_loss         | 7.92e-05    |
---------------------------------------
EPISODE:  36
---------------------------------------
| time/                 |             |
|    fps                | 129         |
|    iterations         | 7000        |
|    time_elapsed       | 270         |
|    total_timesteps    | 35000       |
| train/                |             |
|    entropy_loss       | -3.41       |
|    explained_variance | 0.705       |
|    learning_rate      | 0.0002      |
|    n_updates          | 6999        |
|    policy_loss        | 0.0127      |
|    reward             | 0.043778963 |
|    std                | 1.33        |
|    value_loss         | 6.57e-05    |
---------------------------------------
----------------------------------------
| time/                 |              |
|    fps                | 129          |
|    iterations         | 7100         |
|    time_elapsed       | 274          |
|    total_timesteps    | 35500        |
| train/                |              |
|    entropy_loss       | -3.42        |
|    explained_variance | -0.0604      |
|    learning_rate      | 0.0002       |
|    n_updates          | 7099         |
|    policy_loss        | 0.0385       |
|    reward             | -0.006237238 |
|    std                | 1.34         |
|    value_loss         | 0.000272     |
----------------------------------------
EPISODE:  37
----------------------------------------
| time/                 |              |
|    fps                | 129          |
|    iterations         | 7200         |
|    time_elapsed       | 278          |
|    total_timesteps    | 36000        |
| train/                |              |
|    entropy_loss       | -3.43        |
|    explained_variance | -0.294       |
|    learning_rate      | 0.0002       |
|    n_updates          | 7199         |
|    policy_loss        | 0.0306       |
|    reward             | 0.0025192592 |
|    std                | 1.34         |
|    value_loss         | 0.000519     |
----------------------------------------
----------------------------------------
| time/                 |              |
|    fps                | 129          |
|    iterations         | 7300         |
|    time_elapsed       | 282          |
|    total_timesteps    | 36500        |
| train/                |              |
|    entropy_loss       | -3.43        |
|    explained_variance | -0.448       |
|    learning_rate      | 0.0002       |
|    n_updates          | 7299         |
|    policy_loss        | 0.0918       |
|    reward             | -0.018901892 |
|    std                | 1.35         |
|    value_loss         | 0.00152      |
----------------------------------------
EPISODE:  38
----------------------------------------
| time/                 |              |
|    fps                | 129          |
|    iterations         | 7400         |
|    time_elapsed       | 286          |
|    total_timesteps    | 37000        |
| train/                |              |
|    entropy_loss       | -3.44        |
|    explained_variance | -0.00231     |
|    learning_rate      | 0.0002       |
|    n_updates          | 7399         |
|    policy_loss        | -0.0426      |
|    reward             | 0.0058910283 |
|    std                | 1.35         |
|    value_loss         | 0.000269     |
----------------------------------------
---------------------------------------
| time/                 |             |
|    fps                | 129         |
|    iterations         | 7500        |
|    time_elapsed       | 289         |
|    total_timesteps    | 37500       |
| train/                |             |
|    entropy_loss       | -3.45       |
|    explained_variance | -0.0127     |
|    learning_rate      | 0.0002      |
|    n_updates          | 7499        |
|    policy_loss        | 0.0794      |
|    reward             | 0.014601972 |
|    std                | 1.36        |
|    value_loss         | 0.000698    |
---------------------------------------
EPISODE:  39
---------------------------------------
| time/                 |             |
|    fps                | 129         |
|    iterations         | 7600        |
|    time_elapsed       | 293         |
|    total_timesteps    | 38000       |
| train/                |             |
|    entropy_loss       | -3.46       |
|    explained_variance | 0.379       |
|    learning_rate      | 0.0002      |
|    n_updates          | 7599        |
|    policy_loss        | -0.027      |
|    reward             | 0.007244265 |
|    std                | 1.37        |
|    value_loss         | 0.000109    |
---------------------------------------
----------------------------------------
| time/                 |              |
|    fps                | 129          |
|    iterations         | 7700         |
|    time_elapsed       | 296          |
|    total_timesteps    | 38500        |
| train/                |              |
|    entropy_loss       | -3.47        |
|    explained_variance | -0.259       |
|    learning_rate      | 0.0002       |
|    n_updates          | 7699         |
|    policy_loss        | 0.0205       |
|    reward             | -0.011397363 |
|    std                | 1.37         |
|    value_loss         | 0.000299     |
----------------------------------------
EPISODE:  40
----------------------------------------
| time/                 |              |
|    fps                | 129          |
|    iterations         | 7800         |
|    time_elapsed       | 300          |
|    total_timesteps    | 39000        |
| train/                |              |
|    entropy_loss       | -3.48        |
|    explained_variance | 0.292        |
|    learning_rate      | 0.0002       |
|    n_updates          | 7799         |
|    policy_loss        | -0.000629    |
|    reward             | -0.015424425 |
|    std                | 1.38         |
|    value_loss         | 0.000296     |
----------------------------------------
---------------------------------------
| time/                 |             |
|    fps                | 129         |
|    iterations         | 7900        |
|    time_elapsed       | 304         |
|    total_timesteps    | 39500       |
| train/                |             |
|    entropy_loss       | -3.49       |
|    explained_variance | -0.544      |
|    learning_rate      | 0.0002      |
|    n_updates          | 7899        |
|    policy_loss        | 0.0965      |
|    reward             | 0.013752341 |
|    std                | 1.38        |
|    value_loss         | 0.00133     |
---------------------------------------
EPISODE:  41
---------------------------------------
| time/                 |             |
|    fps                | 130         |
|    iterations         | 8000        |
|    time_elapsed       | 307         |
|    total_timesteps    | 40000       |
| train/                |             |
|    entropy_loss       | -3.49       |
|    explained_variance | 0.61        |
|    learning_rate      | 0.0002      |
|    n_updates          | 7999        |
|    policy_loss        | 0.0154      |
|    reward             | 0.002957888 |
|    std                | 1.39        |
|    value_loss         | 0.000119    |
---------------------------------------
---------------------------------------
| time/                 |             |
|    fps                | 130         |
|    iterations         | 8100        |
|    time_elapsed       | 310         |
|    total_timesteps    | 40500       |
| train/                |             |
|    entropy_loss       | -3.5        |
|    explained_variance | -0.544      |
|    learning_rate      | 0.0002      |
|    n_updates          | 8099        |
|    policy_loss        | 0.0136      |
|    reward             | 0.014271769 |
|    std                | 1.39        |
|    value_loss         | 0.000243    |
---------------------------------------
EPISODE:  42
----------------------------------------
| time/                 |              |
|    fps                | 130          |
|    iterations         | 8200         |
|    time_elapsed       | 313          |
|    total_timesteps    | 41000        |
| train/                |              |
|    entropy_loss       | -3.51        |
|    explained_variance | 0.2          |
|    learning_rate      | 0.0002       |
|    n_updates          | 8199         |
|    policy_loss        | 0.101        |
|    reward             | -0.004677747 |
|    std                | 1.4          |
|    value_loss         | 0.000881     |
----------------------------------------
----------------------------------------
| time/                 |              |
|    fps                | 130          |
|    iterations         | 8300         |
|    time_elapsed       | 316          |
|    total_timesteps    | 41500        |
| train/                |              |
|    entropy_loss       | -3.52        |
|    explained_variance | 0.0926       |
|    learning_rate      | 0.0002       |
|    n_updates          | 8299         |
|    policy_loss        | 0.0543       |
|    reward             | 0.0054907785 |
|    std                | 1.41         |
|    value_loss         | 0.000691     |
----------------------------------------
EPISODE:  43
---------------------------------------
| time/                 |             |
|    fps                | 131         |
|    iterations         | 8400        |
|    time_elapsed       | 319         |
|    total_timesteps    | 42000       |
| train/                |             |
|    entropy_loss       | -3.53       |
|    explained_variance | 0.681       |
|    learning_rate      | 0.0002      |
|    n_updates          | 8399        |
|    policy_loss        | -0.0826     |
|    reward             | 0.007865895 |
|    std                | 1.41        |
|    value_loss         | 0.000421    |
---------------------------------------
---------------------------------------
| time/                 |             |
|    fps                | 131         |
|    iterations         | 8500        |
|    time_elapsed       | 322         |
|    total_timesteps    | 42500       |
| train/                |             |
|    entropy_loss       | -3.54       |
|    explained_variance | 0.465       |
|    learning_rate      | 0.0002      |
|    n_updates          | 8499        |
|    policy_loss        | 0.218       |
|    reward             | 0.012759278 |
|    std                | 1.42        |
|    value_loss         | 0.00366     |
---------------------------------------
EPISODE:  44
---------------------------------------
| time/                 |             |
|    fps                | 132         |
|    iterations         | 8600        |
|    time_elapsed       | 325         |
|    total_timesteps    | 43000       |
| train/                |             |
|    entropy_loss       | -3.55       |
|    explained_variance | 0.567       |
|    learning_rate      | 0.0002      |
|    n_updates          | 8599        |
|    policy_loss        | 0.0106      |
|    reward             | -0.00834847 |
|    std                | 1.43        |
|    value_loss         | 0.000286    |
---------------------------------------
---------------------------------------
| time/                 |             |
|    fps                | 132         |
|    iterations         | 8700        |
|    time_elapsed       | 328         |
|    total_timesteps    | 43500       |
| train/                |             |
|    entropy_loss       | -3.56       |
|    explained_variance | 0.154       |
|    learning_rate      | 0.0002      |
|    n_updates          | 8699        |
|    policy_loss        | 0.137       |
|    reward             | 0.014072293 |
|    std                | 1.44        |
|    value_loss         | 0.00138     |
---------------------------------------
EPISODE:  45
----------------------------------------
| time/                 |              |
|    fps                | 132          |
|    iterations         | 8800         |
|    time_elapsed       | 331          |
|    total_timesteps    | 44000        |
| train/                |              |
|    entropy_loss       | -3.58        |
|    explained_variance | 0.75         |
|    learning_rate      | 0.0002       |
|    n_updates          | 8799         |
|    policy_loss        | 0.0379       |
|    reward             | -0.007969384 |
|    std                | 1.45         |
|    value_loss         | 0.000194     |
----------------------------------------
----------------------------------------
| time/                 |              |
|    fps                | 133          |
|    iterations         | 8900         |
|    time_elapsed       | 333          |
|    total_timesteps    | 44500        |
| train/                |              |
|    entropy_loss       | -3.58        |
|    explained_variance | 0.396        |
|    learning_rate      | 0.0002       |
|    n_updates          | 8899         |
|    policy_loss        | -0.0866      |
|    reward             | 0.0048336256 |
|    std                | 1.45         |
|    value_loss         | 0.000642     |
----------------------------------------
EPISODE:  46
---------------------------------------
| time/                 |             |
|    fps                | 133         |
|    iterations         | 9000        |
|    time_elapsed       | 336         |
|    total_timesteps    | 45000       |
| train/                |             |
|    entropy_loss       | -3.59       |
|    explained_variance | 0.912       |
|    learning_rate      | 0.0002      |
|    n_updates          | 8999        |
|    policy_loss        | -0.0118     |
|    reward             | 0.026909223 |
|    std                | 1.46        |
|    value_loss         | 2.01e-05    |
---------------------------------------
---------------------------------------
| time/                 |             |
|    fps                | 134         |
|    iterations         | 9100        |
|    time_elapsed       | 339         |
|    total_timesteps    | 45500       |
| train/                |             |
|    entropy_loss       | -3.6        |
|    explained_variance | -0.0279     |
|    learning_rate      | 0.0002      |
|    n_updates          | 9099        |
|    policy_loss        | 0.0279      |
|    reward             | 0.033084583 |
|    std                | 1.47        |
|    value_loss         | 0.000197    |
---------------------------------------
EPISODE:  47
----------------------------------------
| time/                 |              |
|    fps                | 134          |
|    iterations         | 9200         |
|    time_elapsed       | 342          |
|    total_timesteps    | 46000        |
| train/                |              |
|    entropy_loss       | -3.61        |
|    explained_variance | 0.887        |
|    learning_rate      | 0.0002       |
|    n_updates          | 9199         |
|    policy_loss        | 0.03         |
|    reward             | -0.003971376 |
|    std                | 1.47         |
|    value_loss         | 0.000119     |
----------------------------------------
----------------------------------------
| time/                 |              |
|    fps                | 134          |
|    iterations         | 9300         |
|    time_elapsed       | 344          |
|    total_timesteps    | 46500        |
| train/                |              |
|    entropy_loss       | -3.62        |
|    explained_variance | 0.000217     |
|    learning_rate      | 0.0002       |
|    n_updates          | 9299         |
|    policy_loss        | 0.0747       |
|    reward             | 0.0036660973 |
|    std                | 1.48         |
|    value_loss         | 0.000907     |
----------------------------------------
EPISODE:  48
----------------------------------------
| time/                 |              |
|    fps                | 135          |
|    iterations         | 9400         |
|    time_elapsed       | 347          |
|    total_timesteps    | 47000        |
| train/                |              |
|    entropy_loss       | -3.62        |
|    explained_variance | 0.00341      |
|    learning_rate      | 0.0002       |
|    n_updates          | 9399         |
|    policy_loss        | 0.17         |
|    reward             | -0.039003626 |
|    std                | 1.48         |
|    value_loss         | 0.00283      |
----------------------------------------
--------------------------------------
| time/                 |            |
|    fps                | 135        |
|    iterations         | 9500       |
|    time_elapsed       | 350        |
|    total_timesteps    | 47500      |
| train/                |            |
|    entropy_loss       | -3.64      |
|    explained_variance | -9.54e-07  |
|    learning_rate      | 0.0002     |
|    n_updates          | 9499       |
|    policy_loss        | -0.0898    |
|    reward             | 0.03937871 |
|    std                | 1.49       |
|    value_loss         | 0.000852   |
--------------------------------------
EPISODE:  49
---------------------------------------
| time/                 |             |
|    fps                | 135         |
|    iterations         | 9600        |
|    time_elapsed       | 353         |
|    total_timesteps    | 48000       |
| train/                |             |
|    entropy_loss       | -3.65       |
|    explained_variance | 5.66e-05    |
|    learning_rate      | 0.0002      |
|    n_updates          | 9599        |
|    policy_loss        | 0.0942      |
|    reward             | 0.008719101 |
|    std                | 1.5         |
|    value_loss         | 0.000859    |
---------------------------------------
----------------------------------------
| time/                 |              |
|    fps                | 136          |
|    iterations         | 9700         |
|    time_elapsed       | 356          |
|    total_timesteps    | 48500        |
| train/                |              |
|    entropy_loss       | -3.66        |
|    explained_variance | 1.01e-06     |
|    learning_rate      | 0.0002       |
|    n_updates          | 9699         |
|    policy_loss        | -0.112       |
|    reward             | -0.024305826 |
|    std                | 1.51         |
|    value_loss         | 0.00194      |
----------------------------------------
EPISODE:  50
----------------------------------------
| time/                 |              |
|    fps                | 136          |
|    iterations         | 9800         |
|    time_elapsed       | 358          |
|    total_timesteps    | 49000        |
| train/                |              |
|    entropy_loss       | -3.66        |
|    explained_variance | 9.25e-05     |
|    learning_rate      | 0.0002       |
|    n_updates          | 9799         |
|    policy_loss        | -0.202       |
|    reward             | -0.019981932 |
|    std                | 1.51         |
|    value_loss         | 0.00314      |
----------------------------------------
---------------------------------------
| time/                 |             |
|    fps                | 136         |
|    iterations         | 9900        |
|    time_elapsed       | 362         |
|    total_timesteps    | 49500       |
| train/                |             |
|    entropy_loss       | -3.67       |
|    explained_variance | 1.67e-06    |
|    learning_rate      | 0.0002      |
|    n_updates          | 9899        |
|    policy_loss        | 0.171       |
|    reward             | 0.005884032 |
|    std                | 1.52        |
|    value_loss         | 0.00198     |
---------------------------------------
EPISODE:  51
----------------------------------------
| time/                 |              |
|    fps                | 137          |
|    iterations         | 10000        |
|    time_elapsed       | 364          |
|    total_timesteps    | 50000        |
| train/                |              |
|    entropy_loss       | -3.68        |
|    explained_variance | 0.00513      |
|    learning_rate      | 0.0002       |
|    n_updates          | 9999         |
|    policy_loss        | -0.00806     |
|    reward             | -0.010022423 |
|    std                | 1.52         |
|    value_loss         | 0.000116     |
----------------------------------------
Saved episode log to Results\250619_hc_binary_udp_noise\a2c\upward_noise\training_logs\05.csv
