EPISODE:  0
{'n_steps': 2048, 'batch_size': 64, 'learning_rate': 0.0003, 'ent_coef': 0.0}
Using cpu device
EPISODE:  1
EPISODE:  2
EPISODE:  3
-----------------------------------
| time/              |            |
|    fps             | 239        |
|    iterations      | 1          |
|    time_elapsed    | 8          |
|    total_timesteps | 2048       |
| train/             |            |
|    reward          | 0.05199443 |
-----------------------------------
EPISODE:  4
EPISODE:  5
------------------------------------------
| time/                   |              |
|    fps                  | 214          |
|    iterations           | 2            |
|    time_elapsed         | 19           |
|    total_timesteps      | 4096         |
| train/                  |              |
|    approx_kl            | 0.0057518156 |
|    clip_fraction        | 0.0527       |
|    clip_range           | 0.2          |
|    entropy_loss         | -2.83        |
|    explained_variance   | 0.674        |
|    learning_rate        | 0.0003       |
|    loss                 | 0.0322       |
|    n_updates            | 10           |
|    policy_gradient_loss | -0.00505     |
|    reward               | 0.0035555046 |
|    std                  | 0.993        |
|    value_loss           | 0.0293       |
------------------------------------------
EPISODE:  6
EPISODE:  7
------------------------------------------
| time/                   |              |
|    fps                  | 197          |
|    iterations           | 3            |
|    time_elapsed         | 31           |
|    total_timesteps      | 6144         |
| train/                  |              |
|    approx_kl            | 0.0056968336 |
|    clip_fraction        | 0.041        |
|    clip_range           | 0.2          |
|    entropy_loss         | -2.81        |
|    explained_variance   | 0.758        |
|    learning_rate        | 0.0003       |
|    loss                 | 0.00956      |
|    n_updates            | 20           |
|    policy_gradient_loss | -0.0018      |
|    reward               | -0.009344092 |
|    std                  | 0.977        |
|    value_loss           | 0.019        |
------------------------------------------
EPISODE:  8
EPISODE:  9
------------------------------------------
| time/                   |              |
|    fps                  | 184          |
|    iterations           | 4            |
|    time_elapsed         | 44           |
|    total_timesteps      | 8192         |
| train/                  |              |
|    approx_kl            | 0.0064701885 |
|    clip_fraction        | 0.05         |
|    clip_range           | 0.2          |
|    entropy_loss         | -2.78        |
|    explained_variance   | 0.778        |
|    learning_rate        | 0.0003       |
|    loss                 | -0.00451     |
|    n_updates            | 30           |
|    policy_gradient_loss | -0.00329     |
|    reward               | 0.022512952  |
|    std                  | 0.97         |
|    value_loss           | 0.0151       |
------------------------------------------
EPISODE:  10
EPISODE:  11
-------------------------------------------
| time/                   |               |
|    fps                  | 181           |
|    iterations           | 5             |
|    time_elapsed         | 56            |
|    total_timesteps      | 10240         |
| train/                  |               |
|    approx_kl            | 0.0060228277  |
|    clip_fraction        | 0.0574        |
|    clip_range           | 0.2           |
|    entropy_loss         | -2.77         |
|    explained_variance   | 0.745         |
|    learning_rate        | 0.0003        |
|    loss                 | -0.00498      |
|    n_updates            | 40            |
|    policy_gradient_loss | -0.00277      |
|    reward               | -0.0072850366 |
|    std                  | 0.963         |
|    value_loss           | 0.0108        |
-------------------------------------------
EPISODE:  12
EPISODE:  13
-----------------------------------------
| time/                   |             |
|    fps                  | 181         |
|    iterations           | 6           |
|    time_elapsed         | 67          |
|    total_timesteps      | 12288       |
| train/                  |             |
|    approx_kl            | 0.002876319 |
|    clip_fraction        | 0.0248      |
|    clip_range           | 0.2         |
|    entropy_loss         | -2.78       |
|    explained_variance   | 0.703       |
|    learning_rate        | 0.0003      |
|    loss                 | 0.0125      |
|    n_updates            | 50          |
|    policy_gradient_loss | -0.00191    |
|    reward               | 0.009951463 |
|    std                  | 0.976       |
|    value_loss           | 0.00778     |
-----------------------------------------
EPISODE:  14
EPISODE:  15
------------------------------------------
| time/                   |              |
|    fps                  | 169          |
|    iterations           | 7            |
|    time_elapsed         | 84           |
|    total_timesteps      | 14336        |
| train/                  |              |
|    approx_kl            | 0.0063091125 |
|    clip_fraction        | 0.0534       |
|    clip_range           | 0.2          |
|    entropy_loss         | -2.79        |
|    explained_variance   | 0.723        |
|    learning_rate        | 0.0003       |
|    loss                 | -0.00683     |
|    n_updates            | 60           |
|    policy_gradient_loss | -0.00324     |
|    reward               | 0.006479948  |
|    std                  | 0.975        |
|    value_loss           | 0.00603      |
------------------------------------------
EPISODE:  16
EPISODE:  17
------------------------------------------
| time/                   |              |
|    fps                  | 158          |
|    iterations           | 8            |
|    time_elapsed         | 103          |
|    total_timesteps      | 16384        |
| train/                  |              |
|    approx_kl            | 0.0050397804 |
|    clip_fraction        | 0.0318       |
|    clip_range           | 0.2          |
|    entropy_loss         | -2.79        |
|    explained_variance   | 0.732        |
|    learning_rate        | 0.0003       |
|    loss                 | -0.00181     |
|    n_updates            | 70           |
|    policy_gradient_loss | -0.00341     |
|    reward               | 0.018043498  |
|    std                  | 0.977        |
|    value_loss           | 0.00425      |
------------------------------------------
EPISODE:  18
EPISODE:  19
------------------------------------------
| time/                   |              |
|    fps                  | 154          |
|    iterations           | 9            |
|    time_elapsed         | 119          |
|    total_timesteps      | 18432        |
| train/                  |              |
|    approx_kl            | 0.0060475664 |
|    clip_fraction        | 0.0482       |
|    clip_range           | 0.2          |
|    entropy_loss         | -2.79        |
|    explained_variance   | 0.631        |
|    learning_rate        | 0.0003       |
|    loss                 | -0.00093     |
|    n_updates            | 80           |
|    policy_gradient_loss | -0.00218     |
|    reward               | -0.016527206 |
|    std                  | 0.973        |
|    value_loss           | 0.00403      |
------------------------------------------
EPISODE:  20
EPISODE:  21
-----------------------------------------
| time/                   |             |
|    fps                  | 150         |
|    iterations           | 10          |
|    time_elapsed         | 136         |
|    total_timesteps      | 20480       |
| train/                  |             |
|    approx_kl            | 0.005793387 |
|    clip_fraction        | 0.0553      |
|    clip_range           | 0.2         |
|    entropy_loss         | -2.79       |
|    explained_variance   | 0.613       |
|    learning_rate        | 0.0003      |
|    loss                 | -0.00822    |
|    n_updates            | 90          |
|    policy_gradient_loss | -0.00164    |
|    reward               | -0.05258627 |
|    std                  | 0.974       |
|    value_loss           | 0.00389     |
-----------------------------------------
EPISODE:  22
EPISODE:  23
------------------------------------------
| time/                   |              |
|    fps                  | 145          |
|    iterations           | 11           |
|    time_elapsed         | 154          |
|    total_timesteps      | 22528        |
| train/                  |              |
|    approx_kl            | 0.0056396825 |
|    clip_fraction        | 0.057        |
|    clip_range           | 0.2          |
|    entropy_loss         | -2.8         |
|    explained_variance   | 0.549        |
|    learning_rate        | 0.0003       |
|    loss                 | 0.0088       |
|    n_updates            | 100          |
|    policy_gradient_loss | -0.00344     |
|    reward               | -0.019776119 |
|    std                  | 0.983        |
|    value_loss           | 0.00394      |
------------------------------------------
EPISODE:  24
EPISODE:  25
------------------------------------------
| time/                   |              |
|    fps                  | 143          |
|    iterations           | 12           |
|    time_elapsed         | 171          |
|    total_timesteps      | 24576        |
| train/                  |              |
|    approx_kl            | 0.0048805084 |
|    clip_fraction        | 0.0548       |
|    clip_range           | 0.2          |
|    entropy_loss         | -2.8         |
|    explained_variance   | 0.432        |
|    learning_rate        | 0.0003       |
|    loss                 | 0.0013       |
|    n_updates            | 110          |
|    policy_gradient_loss | -0.000254    |
|    reward               | -0.017924424 |
|    std                  | 0.981        |
|    value_loss           | 0.00399      |
------------------------------------------
EPISODE:  26
EPISODE:  27
------------------------------------------
| time/                   |              |
|    fps                  | 143          |
|    iterations           | 13           |
|    time_elapsed         | 185          |
|    total_timesteps      | 26624        |
| train/                  |              |
|    approx_kl            | 0.004173915  |
|    clip_fraction        | 0.0376       |
|    clip_range           | 0.2          |
|    entropy_loss         | -2.8         |
|    explained_variance   | 0.535        |
|    learning_rate        | 0.0003       |
|    loss                 | -0.00131     |
|    n_updates            | 120          |
|    policy_gradient_loss | -0.00167     |
|    reward               | -0.004728452 |
|    std                  | 0.982        |
|    value_loss           | 0.00277      |
------------------------------------------
EPISODE:  28
EPISODE:  29
------------------------------------------
| time/                   |              |
|    fps                  | 141          |
|    iterations           | 14           |
|    time_elapsed         | 202          |
|    total_timesteps      | 28672        |
| train/                  |              |
|    approx_kl            | 0.0049194237 |
|    clip_fraction        | 0.0396       |
|    clip_range           | 0.2          |
|    entropy_loss         | -2.79        |
|    explained_variance   | 0.367        |
|    learning_rate        | 0.0003       |
|    loss                 | -0.0214      |
|    n_updates            | 130          |
|    policy_gradient_loss | -0.00278     |
|    reward               | 0.029515918  |
|    std                  | 0.974        |
|    value_loss           | 0.00306      |
------------------------------------------
EPISODE:  30
EPISODE:  31
------------------------------------------
| time/                   |              |
|    fps                  | 138          |
|    iterations           | 15           |
|    time_elapsed         | 221          |
|    total_timesteps      | 30720        |
| train/                  |              |
|    approx_kl            | 0.0074376184 |
|    clip_fraction        | 0.0591       |
|    clip_range           | 0.2          |
|    entropy_loss         | -2.77        |
|    explained_variance   | 0.424        |
|    learning_rate        | 0.0003       |
|    loss                 | 0.00661      |
|    n_updates            | 140          |
|    policy_gradient_loss | -0.00323     |
|    reward               | -0.012346726 |
|    std                  | 0.965        |
|    value_loss           | 0.00293      |
------------------------------------------
EPISODE:  32
EPISODE:  33
EPISODE:  34
-----------------------------------------
| time/                   |             |
|    fps                  | 136         |
|    iterations           | 16          |
|    time_elapsed         | 240         |
|    total_timesteps      | 32768       |
| train/                  |             |
|    approx_kl            | 0.007460463 |
|    clip_fraction        | 0.0779      |
|    clip_range           | 0.2         |
|    entropy_loss         | -2.77       |
|    explained_variance   | 0.279       |
|    learning_rate        | 0.0003      |
|    loss                 | -0.0123     |
|    n_updates            | 150         |
|    policy_gradient_loss | -0.00232    |
|    reward               | 0.030756371 |
|    std                  | 0.968       |
|    value_loss           | 0.00308     |
-----------------------------------------
EPISODE:  35
EPISODE:  36
------------------------------------------
| time/                   |              |
|    fps                  | 134          |
|    iterations           | 17           |
|    time_elapsed         | 258          |
|    total_timesteps      | 34816        |
| train/                  |              |
|    approx_kl            | 0.0055759526 |
|    clip_fraction        | 0.051        |
|    clip_range           | 0.2          |
|    entropy_loss         | -2.76        |
|    explained_variance   | 0.184        |
|    learning_rate        | 0.0003       |
|    loss                 | 0.00266      |
|    n_updates            | 160          |
|    policy_gradient_loss | -0.0024      |
|    reward               | -0.025291948 |
|    std                  | 0.96         |
|    value_loss           | 0.0031       |
------------------------------------------
EPISODE:  37
EPISODE:  38
-----------------------------------------
| time/                   |             |
|    fps                  | 132         |
|    iterations           | 18          |
|    time_elapsed         | 277         |
|    total_timesteps      | 36864       |
| train/                  |             |
|    approx_kl            | 0.004783511 |
|    clip_fraction        | 0.0492      |
|    clip_range           | 0.2         |
|    entropy_loss         | -2.75       |
|    explained_variance   | 0.166       |
|    learning_rate        | 0.0003      |
|    loss                 | 0.00784     |
|    n_updates            | 170         |
|    policy_gradient_loss | -0.00346    |
|    reward               | 0.01956262  |
|    std                  | 0.954       |
|    value_loss           | 0.00325     |
-----------------------------------------
EPISODE:  39
EPISODE:  40
------------------------------------------
| time/                   |              |
|    fps                  | 131          |
|    iterations           | 19           |
|    time_elapsed         | 295          |
|    total_timesteps      | 38912        |
| train/                  |              |
|    approx_kl            | 0.0054858592 |
|    clip_fraction        | 0.0633       |
|    clip_range           | 0.2          |
|    entropy_loss         | -2.74        |
|    explained_variance   | 0.181        |
|    learning_rate        | 0.0003       |
|    loss                 | 0.0071       |
|    n_updates            | 180          |
|    policy_gradient_loss | -0.00118     |
|    reward               | 0.029280027  |
|    std                  | 0.955        |
|    value_loss           | 0.0028       |
------------------------------------------
EPISODE:  41
EPISODE:  42
------------------------------------------
| time/                   |              |
|    fps                  | 130          |
|    iterations           | 20           |
|    time_elapsed         | 314          |
|    total_timesteps      | 40960        |
| train/                  |              |
|    approx_kl            | 0.0049025556 |
|    clip_fraction        | 0.0444       |
|    clip_range           | 0.2          |
|    entropy_loss         | -2.74        |
|    explained_variance   | 0.236        |
|    learning_rate        | 0.0003       |
|    loss                 | 0.00429      |
|    n_updates            | 190          |
|    policy_gradient_loss | 0.000728     |
|    reward               | 0.0074001993 |
|    std                  | 0.952        |
|    value_loss           | 0.00272      |
------------------------------------------
EPISODE:  43
EPISODE:  44
------------------------------------------
| time/                   |              |
|    fps                  | 128          |
|    iterations           | 21           |
|    time_elapsed         | 333          |
|    total_timesteps      | 43008        |
| train/                  |              |
|    approx_kl            | 0.0076757553 |
|    clip_fraction        | 0.0647       |
|    clip_range           | 0.2          |
|    entropy_loss         | -2.73        |
|    explained_variance   | 0.281        |
|    learning_rate        | 0.0003       |
|    loss                 | 0.0141       |
|    n_updates            | 200          |
|    policy_gradient_loss | -0.000799    |
|    reward               | -6.03863e-05 |
|    std                  | 0.95         |
|    value_loss           | 0.00302      |
------------------------------------------
EPISODE:  45
EPISODE:  46
------------------------------------------
| time/                   |              |
|    fps                  | 127          |
|    iterations           | 22           |
|    time_elapsed         | 352          |
|    total_timesteps      | 45056        |
| train/                  |              |
|    approx_kl            | 0.0075941365 |
|    clip_fraction        | 0.066        |
|    clip_range           | 0.2          |
|    entropy_loss         | -2.73        |
|    explained_variance   | 0.128        |
|    learning_rate        | 0.0003       |
|    loss                 | 0.0092       |
|    n_updates            | 210          |
|    policy_gradient_loss | -0.0017      |
|    reward               | -0.012438361 |
|    std                  | 0.945        |
|    value_loss           | 0.00351      |
------------------------------------------
EPISODE:  47
EPISODE:  48
-------------------------------------------
| time/                   |               |
|    fps                  | 127           |
|    iterations           | 23            |
|    time_elapsed         | 370           |
|    total_timesteps      | 47104         |
| train/                  |               |
|    approx_kl            | 0.004192766   |
|    clip_fraction        | 0.0688        |
|    clip_range           | 0.2           |
|    entropy_loss         | -2.72         |
|    explained_variance   | 0.311         |
|    learning_rate        | 0.0003        |
|    loss                 | 0.0142        |
|    n_updates            | 220           |
|    policy_gradient_loss | -0.00155      |
|    reward               | -5.202522e-05 |
|    std                  | 0.941         |
|    value_loss           | 0.00332       |
-------------------------------------------
EPISODE:  49
EPISODE:  50
------------------------------------------
| time/                   |              |
|    fps                  | 126          |
|    iterations           | 24           |
|    time_elapsed         | 388          |
|    total_timesteps      | 49152        |
| train/                  |              |
|    approx_kl            | 0.0060215285 |
|    clip_fraction        | 0.0482       |
|    clip_range           | 0.2          |
|    entropy_loss         | -2.73        |
|    explained_variance   | 0.304        |
|    learning_rate        | 0.0003       |
|    loss                 | 0.00317      |
|    n_updates            | 230          |
|    policy_gradient_loss | -0.00241     |
|    reward               | 0.019255504  |
|    std                  | 0.953        |
|    value_loss           | 0.00381      |
------------------------------------------
EPISODE:  51
EPISODE:  52
------------------------------------------
| time/                   |              |
|    fps                  | 125          |
|    iterations           | 25           |
|    time_elapsed         | 407          |
|    total_timesteps      | 51200        |
| train/                  |              |
|    approx_kl            | 0.005111535  |
|    clip_fraction        | 0.0684       |
|    clip_range           | 0.2          |
|    entropy_loss         | -2.73        |
|    explained_variance   | 0.365        |
|    learning_rate        | 0.0003       |
|    loss                 | -0.00568     |
|    n_updates            | 240          |
|    policy_gradient_loss | 0.00081      |
|    reward               | -0.029506808 |
|    std                  | 0.949        |
|    value_loss           | 0.00224      |
------------------------------------------
Saved episode log to Results\250619_hc_binary_udp_noise\ppo\downward_noise\training_logs\08.csv
