EPISODE:  0
{'n_steps': 5, 'ent_coef': 0.005, 'learning_rate': 0.0002}
Using cpu device
EPISODE:  1
----------------------------------------
| time/                 |              |
|    fps                | 124          |
|    iterations         | 100          |
|    time_elapsed       | 4            |
|    total_timesteps    | 500          |
| train/                |              |
|    entropy_loss       | -2.89        |
|    explained_variance | 2.31e-05     |
|    learning_rate      | 0.0002       |
|    n_updates          | 99           |
|    policy_loss        | 0.00428      |
|    reward             | 0.0020325202 |
|    std                | 1.03         |
|    value_loss         | 3.91e-06     |
----------------------------------------
EPISODE:  2
---------------------------------------
| time/                 |             |
|    fps                | 125         |
|    iterations         | 200         |
|    time_elapsed       | 7           |
|    total_timesteps    | 1000        |
| train/                |             |
|    entropy_loss       | -2.92       |
|    explained_variance | -7.71       |
|    learning_rate      | 0.0002      |
|    n_updates          | 199         |
|    policy_loss        | -2.11       |
|    reward             | 0.001017294 |
|    std                | 1.04        |
|    value_loss         | 2.47        |
---------------------------------------
----------------------------------------
| time/                 |              |
|    fps                | 125          |
|    iterations         | 300          |
|    time_elapsed       | 11           |
|    total_timesteps    | 1500         |
| train/                |              |
|    entropy_loss       | -2.94        |
|    explained_variance | -1.19e-07    |
|    learning_rate      | 0.0002       |
|    n_updates          | 299          |
|    policy_loss        | -0.00929     |
|    reward             | 0.0020703934 |
|    std                | 1.05         |
|    value_loss         | 1.24e-05     |
----------------------------------------
EPISODE:  3
----------------------------------------
| time/                 |              |
|    fps                | 124          |
|    iterations         | 400          |
|    time_elapsed       | 16           |
|    total_timesteps    | 2000         |
| train/                |              |
|    entropy_loss       | -2.96        |
|    explained_variance | 0            |
|    learning_rate      | 0.0002       |
|    n_updates          | 399          |
|    policy_loss        | 0.0604       |
|    reward             | 0.0010266941 |
|    std                | 1.06         |
|    value_loss         | 0.000657     |
----------------------------------------
----------------------------------------
| time/                 |              |
|    fps                | 123          |
|    iterations         | 500          |
|    time_elapsed       | 20           |
|    total_timesteps    | 2500         |
| train/                |              |
|    entropy_loss       | -2.98        |
|    explained_variance | -355         |
|    learning_rate      | 0.0002       |
|    n_updates          | 499          |
|    policy_loss        | 0.064        |
|    reward             | 0.0021097045 |
|    std                | 1.07         |
|    value_loss         | 0.000427     |
----------------------------------------
EPISODE:  4
----------------------------------------
| time/                 |              |
|    fps                | 124          |
|    iterations         | 600          |
|    time_elapsed       | 24           |
|    total_timesteps    | 3000         |
| train/                |              |
|    entropy_loss       | -2.99        |
|    explained_variance | 0            |
|    learning_rate      | 0.0002       |
|    n_updates          | 599          |
|    policy_loss        | 0.0704       |
|    reward             | 0.0010362695 |
|    std                | 1.08         |
|    value_loss         | 0.000233     |
----------------------------------------
----------------------------------------
| time/                 |              |
|    fps                | 123          |
|    iterations         | 700          |
|    time_elapsed       | 28           |
|    total_timesteps    | 3500         |
| train/                |              |
|    entropy_loss       | -3.01        |
|    explained_variance | 0            |
|    learning_rate      | 0.0002       |
|    n_updates          | 699          |
|    policy_loss        | -0.0283      |
|    reward             | 0.0021505377 |
|    std                | 1.09         |
|    value_loss         | 0.000113     |
----------------------------------------
EPISODE:  5
----------------------------------------
| time/                 |              |
|    fps                | 122          |
|    iterations         | 800          |
|    time_elapsed       | 32           |
|    total_timesteps    | 4000         |
| train/                |              |
|    entropy_loss       | -3.03        |
|    explained_variance | -14.1        |
|    learning_rate      | 0.0002       |
|    n_updates          | 799          |
|    policy_loss        | 0.0747       |
|    reward             | 0.0010460251 |
|    std                | 1.1          |
|    value_loss         | 0.000892     |
----------------------------------------
----------------------------------------
| time/                 |              |
|    fps                | 122          |
|    iterations         | 900          |
|    time_elapsed       | 36           |
|    total_timesteps    | 4500         |
| train/                |              |
|    entropy_loss       | -3.05        |
|    explained_variance | 0            |
|    learning_rate      | 0.0002       |
|    n_updates          | 899          |
|    policy_loss        | -0.00549     |
|    reward             | 0.0021929825 |
|    std                | 1.11         |
|    value_loss         | 7.09e-06     |
----------------------------------------
EPISODE:  6
----------------------------------------
| time/                 |              |
|    fps                | 121          |
|    iterations         | 1000         |
|    time_elapsed       | 41           |
|    total_timesteps    | 5000         |
| train/                |              |
|    entropy_loss       | -3.06        |
|    explained_variance | -0.00139     |
|    learning_rate      | 0.0002       |
|    n_updates          | 999          |
|    policy_loss        | 0.00799      |
|    reward             | 0.0010559662 |
|    std                | 1.12         |
|    value_loss         | 7.08e-06     |
----------------------------------------
----------------------------------------
| time/                 |              |
|    fps                | 122          |
|    iterations         | 1100         |
|    time_elapsed       | 45           |
|    total_timesteps    | 5500         |
| train/                |              |
|    entropy_loss       | -3.08        |
|    explained_variance | 0            |
|    learning_rate      | 0.0002       |
|    n_updates          | 1099         |
|    policy_loss        | -0.00145     |
|    reward             | 0.0022371365 |
|    std                | 1.13         |
|    value_loss         | 3.16e-07     |
----------------------------------------
EPISODE:  7
----------------------------------------
| time/                 |              |
|    fps                | 122          |
|    iterations         | 1200         |
|    time_elapsed       | 48           |
|    total_timesteps    | 6000         |
| train/                |              |
|    entropy_loss       | -3.1         |
|    explained_variance | -1.55        |
|    learning_rate      | 0.0002       |
|    n_updates          | 1199         |
|    policy_loss        | -0.0224      |
|    reward             | 0.0010660981 |
|    std                | 1.14         |
|    value_loss         | 5.05e-05     |
----------------------------------------
---------------------------------------
| time/                 |             |
|    fps                | 122         |
|    iterations         | 1300        |
|    time_elapsed       | 53          |
|    total_timesteps    | 6500        |
| train/                |             |
|    entropy_loss       | -3.12       |
|    explained_variance | 7.63e-06    |
|    learning_rate      | 0.0002      |
|    n_updates          | 1299        |
|    policy_loss        | 4.5e-05     |
|    reward             | 0.002283105 |
|    std                | 1.15        |
|    value_loss         | 2.76e-10    |
---------------------------------------
EPISODE:  8
----------------------------------------
| time/                 |              |
|    fps                | 122          |
|    iterations         | 1400         |
|    time_elapsed       | 57           |
|    total_timesteps    | 7000         |
| train/                |              |
|    entropy_loss       | -3.13        |
|    explained_variance | -1.19e-07    |
|    learning_rate      | 0.0002       |
|    n_updates          | 1399         |
|    policy_loss        | 0.00557      |
|    reward             | 0.0010764262 |
|    std                | 1.16         |
|    value_loss         | 4.61e-06     |
----------------------------------------
----------------------------------------
| time/                 |              |
|    fps                | 122          |
|    iterations         | 1500         |
|    time_elapsed       | 61           |
|    total_timesteps    | 7500         |
| train/                |              |
|    entropy_loss       | -3.15        |
|    explained_variance | 1.19e-07     |
|    learning_rate      | 0.0002       |
|    n_updates          | 1499         |
|    policy_loss        | 0.000917     |
|    reward             | 0.0023310024 |
|    std                | 1.17         |
|    value_loss         | 1.07e-07     |
----------------------------------------
EPISODE:  9
----------------------------------------
| time/                 |              |
|    fps                | 121          |
|    iterations         | 1600         |
|    time_elapsed       | 65           |
|    total_timesteps    | 8000         |
| train/                |              |
|    entropy_loss       | -3.17        |
|    explained_variance | 0.0581       |
|    learning_rate      | 0.0002       |
|    n_updates          | 1599         |
|    policy_loss        | 0.0171       |
|    reward             | 0.0010869565 |
|    std                | 1.18         |
|    value_loss         | 3.56e-05     |
----------------------------------------
----------------------------------------
| time/                 |              |
|    fps                | 120          |
|    iterations         | 1700         |
|    time_elapsed       | 70           |
|    total_timesteps    | 8500         |
| train/                |              |
|    entropy_loss       | -3.18        |
|    explained_variance | 0.000341     |
|    learning_rate      | 0.0002       |
|    n_updates          | 1699         |
|    policy_loss        | -0.0104      |
|    reward             | 0.0023809525 |
|    std                | 1.19         |
|    value_loss         | 1.92e-05     |
----------------------------------------
EPISODE:  10
----------------------------------------
| time/                 |              |
|    fps                | 119          |
|    iterations         | 1800         |
|    time_elapsed       | 75           |
|    total_timesteps    | 9000         |
| train/                |              |
|    entropy_loss       | -3.2         |
|    explained_variance | 0.769        |
|    learning_rate      | 0.0002       |
|    n_updates          | 1799         |
|    policy_loss        | 0.00146      |
|    reward             | 0.0010976949 |
|    std                | 1.2          |
|    value_loss         | 4.64e-07     |
----------------------------------------
--------------------------------------
| time/                 |            |
|    fps                | 119        |
|    iterations         | 1900       |
|    time_elapsed       | 79         |
|    total_timesteps    | 9500       |
| train/                |            |
|    entropy_loss       | -3.22      |
|    explained_variance | 0          |
|    learning_rate      | 0.0002     |
|    n_updates          | 1899       |
|    policy_loss        | -0.0212    |
|    reward             | 0.00243309 |
|    std                | 1.21       |
|    value_loss         | 4.52e-05   |
--------------------------------------
EPISODE:  11
----------------------------------------
| time/                 |              |
|    fps                | 118          |
|    iterations         | 2000         |
|    time_elapsed       | 84           |
|    total_timesteps    | 10000        |
| train/                |              |
|    entropy_loss       | -3.24        |
|    explained_variance | 0            |
|    learning_rate      | 0.0002       |
|    n_updates          | 1999         |
|    policy_loss        | 0.0167       |
|    reward             | 0.0011086474 |
|    std                | 1.22         |
|    value_loss         | 3.05e-05     |
----------------------------------------
----------------------------------------
| time/                 |              |
|    fps                | 119          |
|    iterations         | 2100         |
|    time_elapsed       | 87           |
|    total_timesteps    | 10500        |
| train/                |              |
|    entropy_loss       | -3.26        |
|    explained_variance | 0.686        |
|    learning_rate      | 0.0002       |
|    n_updates          | 2099         |
|    policy_loss        | -0.0694      |
|    reward             | 0.0024875621 |
|    std                | 1.23         |
|    value_loss         | 0.000567     |
----------------------------------------
EPISODE:  12
----------------------------------------
| time/                 |              |
|    fps                | 119          |
|    iterations         | 2200         |
|    time_elapsed       | 92           |
|    total_timesteps    | 11000        |
| train/                |              |
|    entropy_loss       | -3.27        |
|    explained_variance | 0            |
|    learning_rate      | 0.0002       |
|    n_updates          | 2199         |
|    policy_loss        | 0.00389      |
|    reward             | 0.0011198209 |
|    std                | 1.24         |
|    value_loss         | 1.32e-06     |
----------------------------------------
----------------------------------------
| time/                 |              |
|    fps                | 120          |
|    iterations         | 2300         |
|    time_elapsed       | 95           |
|    total_timesteps    | 11500        |
| train/                |              |
|    entropy_loss       | -3.29        |
|    explained_variance | 1.19e-07     |
|    learning_rate      | 0.0002       |
|    n_updates          | 2299         |
|    policy_loss        | -0.0668      |
|    reward             | 0.0025445293 |
|    std                | 1.25         |
|    value_loss         | 0.000424     |
----------------------------------------
EPISODE:  13
----------------------------------------
| time/                 |              |
|    fps                | 120          |
|    iterations         | 2400         |
|    time_elapsed       | 99           |
|    total_timesteps    | 12000        |
| train/                |              |
|    entropy_loss       | -3.3         |
|    explained_variance | 0            |
|    learning_rate      | 0.0002       |
|    n_updates          | 2399         |
|    policy_loss        | -0.00666     |
|    reward             | 0.0011312218 |
|    std                | 1.26         |
|    value_loss         | 6.15e-06     |
----------------------------------------
----------------------------------------
| time/                 |              |
|    fps                | 121          |
|    iterations         | 2500         |
|    time_elapsed       | 103          |
|    total_timesteps    | 12500        |
| train/                |              |
|    entropy_loss       | -3.32        |
|    explained_variance | 0            |
|    learning_rate      | 0.0002       |
|    n_updates          | 2499         |
|    policy_loss        | -0.0423      |
|    reward             | 0.0026041667 |
|    std                | 1.28         |
|    value_loss         | 0.00016      |
----------------------------------------
EPISODE:  14
----------------------------------------
| time/                 |              |
|    fps                | 121          |
|    iterations         | 2600         |
|    time_elapsed       | 107          |
|    total_timesteps    | 13000        |
| train/                |              |
|    entropy_loss       | -3.34        |
|    explained_variance | 0            |
|    learning_rate      | 0.0002       |
|    n_updates          | 2599         |
|    policy_loss        | 0.00429      |
|    reward             | 0.0011428571 |
|    std                | 1.29         |
|    value_loss         | 2.08e-06     |
----------------------------------------
----------------------------------------
| time/                 |              |
|    fps                | 121          |
|    iterations         | 2700         |
|    time_elapsed       | 110          |
|    total_timesteps    | 13500        |
| train/                |              |
|    entropy_loss       | -3.36        |
|    explained_variance | 0            |
|    learning_rate      | 0.0002       |
|    n_updates          | 2699         |
|    policy_loss        | -0.00899     |
|    reward             | 0.0026666666 |
|    std                | 1.3          |
|    value_loss         | 1.27e-05     |
----------------------------------------
EPISODE:  15
----------------------------------------
| time/                 |              |
|    fps                | 121          |
|    iterations         | 2800         |
|    time_elapsed       | 114          |
|    total_timesteps    | 14000        |
| train/                |              |
|    entropy_loss       | -3.39        |
|    explained_variance | 0            |
|    learning_rate      | 0.0002       |
|    n_updates          | 2799         |
|    policy_loss        | 0.000349     |
|    reward             | 0.0011547344 |
|    std                | 1.32         |
|    value_loss         | 1.06e-08     |
----------------------------------------
----------------------------------------
| time/                 |              |
|    fps                | 122          |
|    iterations         | 2900         |
|    time_elapsed       | 118          |
|    total_timesteps    | 14500        |
| train/                |              |
|    entropy_loss       | -3.41        |
|    explained_variance | 0            |
|    learning_rate      | 0.0002       |
|    n_updates          | 2899         |
|    policy_loss        | -0.00315     |
|    reward             | 0.0027322404 |
|    std                | 1.33         |
|    value_loss         | 6.85e-07     |
----------------------------------------
EPISODE:  16
----------------------------------------
| time/                 |              |
|    fps                | 121          |
|    iterations         | 3000         |
|    time_elapsed       | 122          |
|    total_timesteps    | 15000        |
| train/                |              |
|    entropy_loss       | -3.43        |
|    explained_variance | 5.96e-08     |
|    learning_rate      | 0.0002       |
|    n_updates          | 2999         |
|    policy_loss        | 0.00149      |
|    reward             | 0.0011668612 |
|    std                | 1.35         |
|    value_loss         | 2.5e-07      |
----------------------------------------
----------------------------------------
| time/                 |              |
|    fps                | 121          |
|    iterations         | 3100         |
|    time_elapsed       | 127          |
|    total_timesteps    | 15500        |
| train/                |              |
|    entropy_loss       | -3.45        |
|    explained_variance | 4.77e-07     |
|    learning_rate      | 0.0002       |
|    n_updates          | 3099         |
|    policy_loss        | 0.00037      |
|    reward             | 0.0028011205 |
|    std                | 1.36         |
|    value_loss         | 1.6e-08      |
----------------------------------------
EPISODE:  17
----------------------------------------
| time/                 |              |
|    fps                | 121          |
|    iterations         | 3200         |
|    time_elapsed       | 131          |
|    total_timesteps    | 16000        |
| train/                |              |
|    entropy_loss       | -3.47        |
|    explained_variance | 0            |
|    learning_rate      | 0.0002       |
|    n_updates          | 3199         |
|    policy_loss        | 0.000499     |
|    reward             | 0.0011792453 |
|    std                | 1.37         |
|    value_loss         | 2.9e-08      |
----------------------------------------
----------------------------------------
| time/                 |              |
|    fps                | 121          |
|    iterations         | 3300         |
|    time_elapsed       | 135          |
|    total_timesteps    | 16500        |
| train/                |              |
|    entropy_loss       | -3.49        |
|    explained_variance | 0            |
|    learning_rate      | 0.0002       |
|    n_updates          | 3299         |
|    policy_loss        | -0.223       |
|    reward             | 0.0028735632 |
|    std                | 1.38         |
|    value_loss         | 0.00572      |
----------------------------------------
EPISODE:  18
----------------------------------------
| time/                 |              |
|    fps                | 121          |
|    iterations         | 3400         |
|    time_elapsed       | 139          |
|    total_timesteps    | 17000        |
| train/                |              |
|    entropy_loss       | -3.5         |
|    explained_variance | -1.19e-07    |
|    learning_rate      | 0.0002       |
|    n_updates          | 3399         |
|    policy_loss        | 0.00113      |
|    reward             | 0.0011918951 |
|    std                | 1.39         |
|    value_loss         | 1.36e-07     |
----------------------------------------
----------------------------------------
| time/                 |              |
|    fps                | 121          |
|    iterations         | 3500         |
|    time_elapsed       | 143          |
|    total_timesteps    | 17500        |
| train/                |              |
|    entropy_loss       | -3.52        |
|    explained_variance | 0            |
|    learning_rate      | 0.0002       |
|    n_updates          | 3499         |
|    policy_loss        | -0.0823      |
|    reward             | 0.0029498525 |
|    std                | 1.4          |
|    value_loss         | 0.000757     |
----------------------------------------
EPISODE:  19
----------------------------------------
| time/                 |              |
|    fps                | 121          |
|    iterations         | 3600         |
|    time_elapsed       | 147          |
|    total_timesteps    | 18000        |
| train/                |              |
|    entropy_loss       | -3.53        |
|    explained_variance | 0            |
|    learning_rate      | 0.0002       |
|    n_updates          | 3599         |
|    policy_loss        | 0.00123      |
|    reward             | 0.0012048193 |
|    std                | 1.42         |
|    value_loss         | 1.1e-07      |
----------------------------------------
---------------------------------------
| time/                 |             |
|    fps                | 122         |
|    iterations         | 3700        |
|    time_elapsed       | 151         |
|    total_timesteps    | 18500       |
| train/                |             |
|    entropy_loss       | -3.56       |
|    explained_variance | -1.19e-07   |
|    learning_rate      | 0.0002      |
|    n_updates          | 3699        |
|    policy_loss        | -0.0278     |
|    reward             | 0.003030303 |
|    std                | 1.43        |
|    value_loss         | 8.46e-05    |
---------------------------------------
EPISODE:  20
----------------------------------------
| time/                 |              |
|    fps                | 122          |
|    iterations         | 3800         |
|    time_elapsed       | 155          |
|    total_timesteps    | 19000        |
| train/                |              |
|    entropy_loss       | -3.57        |
|    explained_variance | 0            |
|    learning_rate      | 0.0002       |
|    n_updates          | 3799         |
|    policy_loss        | 0.000821     |
|    reward             | 0.0012180269 |
|    std                | 1.45         |
|    value_loss         | 6.55e-08     |
----------------------------------------
----------------------------------------
| time/                 |              |
|    fps                | 122          |
|    iterations         | 3900         |
|    time_elapsed       | 159          |
|    total_timesteps    | 19500        |
| train/                |              |
|    entropy_loss       | -3.6         |
|    explained_variance | 1.19e-07     |
|    learning_rate      | 0.0002       |
|    n_updates          | 3899         |
|    policy_loss        | -0.00903     |
|    reward             | 0.0031152647 |
|    std                | 1.46         |
|    value_loss         | 8.89e-06     |
----------------------------------------
EPISODE:  21
----------------------------------------
| time/                 |              |
|    fps                | 122          |
|    iterations         | 4000         |
|    time_elapsed       | 163          |
|    total_timesteps    | 20000        |
| train/                |              |
|    entropy_loss       | -3.62        |
|    explained_variance | 0            |
|    learning_rate      | 0.0002       |
|    n_updates          | 3999         |
|    policy_loss        | 0.000713     |
|    reward             | 0.0012315271 |
|    std                | 1.48         |
|    value_loss         | 6.4e-08      |
----------------------------------------
----------------------------------------
| time/                 |              |
|    fps                | 122          |
|    iterations         | 4100         |
|    time_elapsed       | 166          |
|    total_timesteps    | 20500        |
| train/                |              |
|    entropy_loss       | -3.64        |
|    explained_variance | 0            |
|    learning_rate      | 0.0002       |
|    n_updates          | 4099         |
|    policy_loss        | -0.00265     |
|    reward             | 0.0032051282 |
|    std                | 1.49         |
|    value_loss         | 5.54e-07     |
----------------------------------------
EPISODE:  22
--------------------------------------
| time/                 |            |
|    fps                | 122        |
|    iterations         | 4200       |
|    time_elapsed       | 170        |
|    total_timesteps    | 21000      |
| train/                |            |
|    entropy_loss       | -3.66      |
|    explained_variance | 0          |
|    learning_rate      | 0.0002     |
|    n_updates          | 4199       |
|    policy_loss        | -0.0134    |
|    reward             | 0.00124533 |
|    std                | 1.51       |
|    value_loss         | 1.55e-05   |
--------------------------------------
----------------------------------------
| time/                 |              |
|    fps                | 123          |
|    iterations         | 4300         |
|    time_elapsed       | 174          |
|    total_timesteps    | 21500        |
| train/                |              |
|    entropy_loss       | -3.68        |
|    explained_variance | -1.19e-07    |
|    learning_rate      | 0.0002       |
|    n_updates          | 4299         |
|    policy_loss        | 0.0013       |
|    reward             | 0.0033003301 |
|    std                | 1.52         |
|    value_loss         | 1.94e-07     |
----------------------------------------
EPISODE:  23
----------------------------------------
| time/                 |              |
|    fps                | 123          |
|    iterations         | 4400         |
|    time_elapsed       | 178          |
|    total_timesteps    | 22000        |
| train/                |              |
|    entropy_loss       | -3.7         |
|    explained_variance | 5.96e-08     |
|    learning_rate      | 0.0002       |
|    n_updates          | 4399         |
|    policy_loss        | 0.0136       |
|    reward             | 0.0012594458 |
|    std                | 1.54         |
|    value_loss         | 1.81e-05     |
----------------------------------------
----------------------------------------
| time/                 |              |
|    fps                | 123          |
|    iterations         | 4500         |
|    time_elapsed       | 182          |
|    total_timesteps    | 22500        |
| train/                |              |
|    entropy_loss       | -3.71        |
|    explained_variance | -1.19e-07    |
|    learning_rate      | 0.0002       |
|    n_updates          | 4499         |
|    policy_loss        | 0.00321      |
|    reward             | 0.0034013605 |
|    std                | 1.55         |
|    value_loss         | 9.12e-07     |
----------------------------------------
EPISODE:  24
----------------------------------------
| time/                 |              |
|    fps                | 123          |
|    iterations         | 4600         |
|    time_elapsed       | 186          |
|    total_timesteps    | 23000        |
| train/                |              |
|    entropy_loss       | -3.73        |
|    explained_variance | -1.19e-07    |
|    learning_rate      | 0.0002       |
|    n_updates          | 4599         |
|    policy_loss        | 0.00583      |
|    reward             | 0.0012738854 |
|    std                | 1.56         |
|    value_loss         | 4.67e-06     |
----------------------------------------
---------------------------------------
| time/                 |             |
|    fps                | 123         |
|    iterations         | 4700        |
|    time_elapsed       | 190         |
|    total_timesteps    | 23500       |
| train/                |             |
|    entropy_loss       | -3.75       |
|    explained_variance | 0           |
|    learning_rate      | 0.0002      |
|    n_updates          | 4699        |
|    policy_loss        | 0.00513     |
|    reward             | 0.003508772 |
|    std                | 1.58        |
|    value_loss         | 1.29e-06    |
---------------------------------------
EPISODE:  25
----------------------------------------
| time/                 |              |
|    fps                | 123          |
|    iterations         | 4800         |
|    time_elapsed       | 194          |
|    total_timesteps    | 24000        |
| train/                |              |
|    entropy_loss       | -3.76        |
|    explained_variance | 0            |
|    learning_rate      | 0.0002       |
|    n_updates          | 4799         |
|    policy_loss        | 0.00171      |
|    reward             | 0.0012886598 |
|    std                | 1.59         |
|    value_loss         | 3.04e-07     |
----------------------------------------
----------------------------------------
| time/                 |              |
|    fps                | 123          |
|    iterations         | 4900         |
|    time_elapsed       | 198          |
|    total_timesteps    | 24500        |
| train/                |              |
|    entropy_loss       | -3.79        |
|    explained_variance | 0            |
|    learning_rate      | 0.0002       |
|    n_updates          | 4899         |
|    policy_loss        | 0.00346      |
|    reward             | 0.0036231885 |
|    std                | 1.61         |
|    value_loss         | 1.07e-06     |
----------------------------------------
EPISODE:  26
----------------------------------------
| time/                 |              |
|    fps                | 123          |
|    iterations         | 5000         |
|    time_elapsed       | 202          |
|    total_timesteps    | 25000        |
| train/                |              |
|    entropy_loss       | -3.8         |
|    explained_variance | 0            |
|    learning_rate      | 0.0002       |
|    n_updates          | 4999         |
|    policy_loss        | 0.000678     |
|    reward             | 0.0013037809 |
|    std                | 1.62         |
|    value_loss         | 5.46e-08     |
----------------------------------------
----------------------------------------
| time/                 |              |
|    fps                | 123          |
|    iterations         | 5100         |
|    time_elapsed       | 207          |
|    total_timesteps    | 25500        |
| train/                |              |
|    entropy_loss       | -3.82        |
|    explained_variance | 0            |
|    learning_rate      | 0.0002       |
|    n_updates          | 5099         |
|    policy_loss        | 0.00385      |
|    reward             | 0.0037453184 |
|    std                | 1.64         |
|    value_loss         | 9.82e-07     |
----------------------------------------
EPISODE:  27
----------------------------------------
| time/                 |              |
|    fps                | 123          |
|    iterations         | 5200         |
|    time_elapsed       | 210          |
|    total_timesteps    | 26000        |
| train/                |              |
|    entropy_loss       | -3.84        |
|    explained_variance | 0            |
|    learning_rate      | 0.0002       |
|    n_updates          | 5199         |
|    policy_loss        | 0.00179      |
|    reward             | 0.0013192613 |
|    std                | 1.65         |
|    value_loss         | 3.79e-07     |
----------------------------------------
---------------------------------------
| time/                 |             |
|    fps                | 123         |
|    iterations         | 5300        |
|    time_elapsed       | 214         |
|    total_timesteps    | 26500       |
| train/                |             |
|    entropy_loss       | -3.86       |
|    explained_variance | 0           |
|    learning_rate      | 0.0002      |
|    n_updates          | 5299        |
|    policy_loss        | 0.00355     |
|    reward             | 0.003875969 |
|    std                | 1.67        |
|    value_loss         | 1.05e-06    |
---------------------------------------
EPISODE:  28
----------------------------------------
| time/                 |              |
|    fps                | 123          |
|    iterations         | 5400         |
|    time_elapsed       | 219          |
|    total_timesteps    | 27000        |
| train/                |              |
|    entropy_loss       | -3.88        |
|    explained_variance | 0            |
|    learning_rate      | 0.0002       |
|    n_updates          | 5399         |
|    policy_loss        | 0.000731     |
|    reward             | 0.0013351135 |
|    std                | 1.68         |
|    value_loss         | 4.15e-08     |
----------------------------------------
---------------------------------------
| time/                 |             |
|    fps                | 123         |
|    iterations         | 5500        |
|    time_elapsed       | 223         |
|    total_timesteps    | 27500       |
| train/                |             |
|    entropy_loss       | -3.89       |
|    explained_variance | 0           |
|    learning_rate      | 0.0002      |
|    n_updates          | 5499        |
|    policy_loss        | 0.00336     |
|    reward             | 0.004016064 |
|    std                | 1.7         |
|    value_loss         | 1.29e-06    |
---------------------------------------
EPISODE:  29
----------------------------------------
| time/                 |              |
|    fps                | 123          |
|    iterations         | 5600         |
|    time_elapsed       | 227          |
|    total_timesteps    | 28000        |
| train/                |              |
|    entropy_loss       | -3.91        |
|    explained_variance | -0.0799      |
|    learning_rate      | 0.0002       |
|    n_updates          | 5599         |
|    policy_loss        | 0.00122      |
|    reward             | 0.0013513514 |
|    std                | 1.71         |
|    value_loss         | 1.33e-07     |
----------------------------------------
---------------------------------------
| time/                 |             |
|    fps                | 123         |
|    iterations         | 5700        |
|    time_elapsed       | 231         |
|    total_timesteps    | 28500       |
| train/                |             |
|    entropy_loss       | -3.92       |
|    explained_variance | -1.19e-07   |
|    learning_rate      | 0.0002      |
|    n_updates          | 5699        |
|    policy_loss        | 0.00554     |
|    reward             | 0.004166667 |
|    std                | 1.72        |
|    value_loss         | 1.49e-06    |
---------------------------------------
EPISODE:  30
----------------------------------------
| time/                 |              |
|    fps                | 123          |
|    iterations         | 5800         |
|    time_elapsed       | 235          |
|    total_timesteps    | 29000        |
| train/                |              |
|    entropy_loss       | -3.94        |
|    explained_variance | -0.00677     |
|    learning_rate      | 0.0002       |
|    n_updates          | 5799         |
|    policy_loss        | -5.61e-05    |
|    reward             | 0.0013679891 |
|    std                | 1.73         |
|    value_loss         | 2.78e-10     |
----------------------------------------
----------------------------------------
| time/                 |              |
|    fps                | 123          |
|    iterations         | 5900         |
|    time_elapsed       | 239          |
|    total_timesteps    | 29500        |
| train/                |              |
|    entropy_loss       | -3.96        |
|    explained_variance | 0            |
|    learning_rate      | 0.0002       |
|    n_updates          | 5899         |
|    policy_loss        | 0.00492      |
|    reward             | 0.0043290043 |
|    std                | 1.75         |
|    value_loss         | 1.49e-06     |
----------------------------------------
EPISODE:  31
----------------------------------------
| time/                 |              |
|    fps                | 123          |
|    iterations         | 6000         |
|    time_elapsed       | 243          |
|    total_timesteps    | 30000        |
| train/                |              |
|    entropy_loss       | -3.98        |
|    explained_variance | 0.000439     |
|    learning_rate      | 0.0002       |
|    n_updates          | 5999         |
|    policy_loss        | -0.00741     |
|    reward             | 0.0013850415 |
|    std                | 1.77         |
|    value_loss         | 3.63e-06     |
----------------------------------------
----------------------------------------
| time/                 |              |
|    fps                | 123          |
|    iterations         | 6100         |
|    time_elapsed       | 247          |
|    total_timesteps    | 30500        |
| train/                |              |
|    entropy_loss       | -4           |
|    explained_variance | 0            |
|    learning_rate      | 0.0002       |
|    n_updates          | 6099         |
|    policy_loss        | 0.00496      |
|    reward             | 0.0045045046 |
|    std                | 1.79         |
|    value_loss         | 1.67e-06     |
----------------------------------------
EPISODE:  32
----------------------------------------
| time/                 |              |
|    fps                | 123          |
|    iterations         | 6200         |
|    time_elapsed       | 251          |
|    total_timesteps    | 31000        |
| train/                |              |
|    entropy_loss       | -4.02        |
|    explained_variance | 0.611        |
|    learning_rate      | 0.0002       |
|    n_updates          | 6199         |
|    policy_loss        | -0.000106    |
|    reward             | 0.0014025245 |
|    std                | 1.81         |
|    value_loss         | 4.9e-06      |
----------------------------------------
----------------------------------------
| time/                 |              |
|    fps                | 122          |
|    iterations         | 6300         |
|    time_elapsed       | 256          |
|    total_timesteps    | 31500        |
| train/                |              |
|    entropy_loss       | -4.04        |
|    explained_variance | 0            |
|    learning_rate      | 0.0002       |
|    n_updates          | 6299         |
|    policy_loss        | 0.00523      |
|    reward             | 0.0046948357 |
|    std                | 1.82         |
|    value_loss         | 1.82e-06     |
----------------------------------------
EPISODE:  33
----------------------------------------
| time/                 |              |
|    fps                | 122          |
|    iterations         | 6400         |
|    time_elapsed       | 260          |
|    total_timesteps    | 32000        |
| train/                |              |
|    entropy_loss       | -4.05        |
|    explained_variance | 0            |
|    learning_rate      | 0.0002       |
|    n_updates          | 6399         |
|    policy_loss        | -0.272       |
|    reward             | 0.0014204546 |
|    std                | 1.84         |
|    value_loss         | 0.00526      |
----------------------------------------
---------------------------------------
| time/                 |             |
|    fps                | 123         |
|    iterations         | 6500        |
|    time_elapsed       | 264         |
|    total_timesteps    | 32500       |
| train/                |             |
|    entropy_loss       | -4.07       |
|    explained_variance | 5.96e-08    |
|    learning_rate      | 0.0002      |
|    n_updates          | 6499        |
|    policy_loss        | 0.00496     |
|    reward             | 0.004901961 |
|    std                | 1.85        |
|    value_loss         | 2.17e-06    |
---------------------------------------
EPISODE:  34
----------------------------------------
| time/                 |              |
|    fps                | 122          |
|    iterations         | 6600         |
|    time_elapsed       | 268          |
|    total_timesteps    | 33000        |
| train/                |              |
|    entropy_loss       | -4.09        |
|    explained_variance | 0            |
|    learning_rate      | 0.0002       |
|    n_updates          | 6599         |
|    policy_loss        | -0.102       |
|    reward             | 0.0014388489 |
|    std                | 1.87         |
|    value_loss         | 0.000636     |
----------------------------------------
----------------------------------------
| time/                 |              |
|    fps                | 122          |
|    iterations         | 6700         |
|    time_elapsed       | 272          |
|    total_timesteps    | 33500        |
| train/                |              |
|    entropy_loss       | -4.11        |
|    explained_variance | 0            |
|    learning_rate      | 0.0002       |
|    n_updates          | 6699         |
|    policy_loss        | 0.00606      |
|    reward             | 0.0051282053 |
|    std                | 1.89         |
|    value_loss         | 2.46e-06     |
----------------------------------------
EPISODE:  35
---------------------------------------
| time/                 |             |
|    fps                | 123         |
|    iterations         | 6800        |
|    time_elapsed       | 276         |
|    total_timesteps    | 34000       |
| train/                |             |
|    entropy_loss       | -4.12       |
|    explained_variance | -1.19e-07   |
|    learning_rate      | 0.0002      |
|    n_updates          | 6799        |
|    policy_loss        | -0.0354     |
|    reward             | 0.001457726 |
|    std                | 1.9         |
|    value_loss         | 6.29e-05    |
---------------------------------------
---------------------------------------
| time/                 |             |
|    fps                | 122         |
|    iterations         | 6900        |
|    time_elapsed       | 280         |
|    total_timesteps    | 34500       |
| train/                |             |
|    entropy_loss       | -4.14       |
|    explained_variance | 0           |
|    learning_rate      | 0.0002      |
|    n_updates          | 6899        |
|    policy_loss        | 0.00698     |
|    reward             | 0.005376344 |
|    std                | 1.91        |
|    value_loss         | 2.94e-06    |
---------------------------------------
EPISODE:  36
----------------------------------------
| time/                 |              |
|    fps                | 122          |
|    iterations         | 7000         |
|    time_elapsed       | 284          |
|    total_timesteps    | 35000        |
| train/                |              |
|    entropy_loss       | -4.15        |
|    explained_variance | 0            |
|    learning_rate      | 0.0002       |
|    n_updates          | 6999         |
|    policy_loss        | -0.00692     |
|    reward             | 0.0014771048 |
|    std                | 1.93         |
|    value_loss         | 4.29e-06     |
----------------------------------------
----------------------------------------
| time/                 |              |
|    fps                | 122          |
|    iterations         | 7100         |
|    time_elapsed       | 288          |
|    total_timesteps    | 35500        |
| train/                |              |
|    entropy_loss       | -4.17        |
|    explained_variance | 0            |
|    learning_rate      | 0.0002       |
|    n_updates          | 7099         |
|    policy_loss        | 0.00548      |
|    reward             | 0.0056497175 |
|    std                | 1.95         |
|    value_loss         | 2.89e-06     |
----------------------------------------
EPISODE:  37
---------------------------------------
| time/                 |             |
|    fps                | 122         |
|    iterations         | 7200        |
|    time_elapsed       | 292         |
|    total_timesteps    | 36000       |
| train/                |             |
|    entropy_loss       | -4.18       |
|    explained_variance | -1.19e-07   |
|    learning_rate      | 0.0002      |
|    n_updates          | 7199        |
|    policy_loss        | -0.00153    |
|    reward             | 0.001497006 |
|    std                | 1.96        |
|    value_loss         | 1.88e-07    |
---------------------------------------
---------------------------------------
| time/                 |             |
|    fps                | 123         |
|    iterations         | 7300        |
|    time_elapsed       | 296         |
|    total_timesteps    | 36500       |
| train/                |             |
|    entropy_loss       | -4.2        |
|    explained_variance | 0           |
|    learning_rate      | 0.0002      |
|    n_updates          | 7299        |
|    policy_loss        | 0.00755     |
|    reward             | 0.005952381 |
|    std                | 1.98        |
|    value_loss         | 3.11e-06    |
---------------------------------------
EPISODE:  38
----------------------------------------
| time/                 |              |
|    fps                | 123          |
|    iterations         | 7400         |
|    time_elapsed       | 299          |
|    total_timesteps    | 37000        |
| train/                |              |
|    entropy_loss       | -4.21        |
|    explained_variance | 0            |
|    learning_rate      | 0.0002       |
|    n_updates          | 7399         |
|    policy_loss        | -0.00101     |
|    reward             | 0.0015174507 |
|    std                | 1.99         |
|    value_loss         | 6.49e-08     |
----------------------------------------
---------------------------------------
| time/                 |             |
|    fps                | 124         |
|    iterations         | 7500        |
|    time_elapsed       | 302         |
|    total_timesteps    | 37500       |
| train/                |             |
|    entropy_loss       | -4.24       |
|    explained_variance | 1.19e-07    |
|    learning_rate      | 0.0002      |
|    n_updates          | 7499        |
|    policy_loss        | 0.0071      |
|    reward             | 0.006289308 |
|    std                | 2.01        |
|    value_loss         | 3.54e-06    |
---------------------------------------
EPISODE:  39
----------------------------------------
| time/                 |              |
|    fps                | 124          |
|    iterations         | 7600         |
|    time_elapsed       | 305          |
|    total_timesteps    | 38000        |
| train/                |              |
|    entropy_loss       | -4.25        |
|    explained_variance | 0            |
|    learning_rate      | 0.0002       |
|    n_updates          | 7599         |
|    policy_loss        | 0.000353     |
|    reward             | 0.0015384615 |
|    std                | 2.02         |
|    value_loss         | 1.14e-08     |
----------------------------------------
---------------------------------------
| time/                 |             |
|    fps                | 124         |
|    iterations         | 7700        |
|    time_elapsed       | 308         |
|    total_timesteps    | 38500       |
| train/                |             |
|    entropy_loss       | -4.27       |
|    explained_variance | 0           |
|    learning_rate      | 0.0002      |
|    n_updates          | 7699        |
|    policy_loss        | 0.00636     |
|    reward             | 0.006666667 |
|    std                | 2.04        |
|    value_loss         | 3.63e-06    |
---------------------------------------
EPISODE:  40
----------------------------------------
| time/                 |              |
|    fps                | 125          |
|    iterations         | 7800         |
|    time_elapsed       | 310          |
|    total_timesteps    | 39000        |
| train/                |              |
|    entropy_loss       | -4.28        |
|    explained_variance | -1.19e-07    |
|    learning_rate      | 0.0002       |
|    n_updates          | 7799         |
|    policy_loss        | 0.00055      |
|    reward             | 0.0015600624 |
|    std                | 2.06         |
|    value_loss         | 2.88e-08     |
----------------------------------------
----------------------------------------
| time/                 |              |
|    fps                | 125          |
|    iterations         | 7900         |
|    time_elapsed       | 313          |
|    total_timesteps    | 39500        |
| train/                |              |
|    entropy_loss       | -4.3         |
|    explained_variance | 0            |
|    learning_rate      | 0.0002       |
|    n_updates          | 7899         |
|    policy_loss        | 0.00809      |
|    reward             | 0.0070921984 |
|    std                | 2.08         |
|    value_loss         | 3.74e-06     |
----------------------------------------
EPISODE:  41
----------------------------------------
| time/                 |              |
|    fps                | 126          |
|    iterations         | 8000         |
|    time_elapsed       | 316          |
|    total_timesteps    | 40000        |
| train/                |              |
|    entropy_loss       | -4.32        |
|    explained_variance | 0            |
|    learning_rate      | 0.0002       |
|    n_updates          | 7999         |
|    policy_loss        | 0.000987     |
|    reward             | 0.0015822785 |
|    std                | 2.1          |
|    value_loss         | 3.3e-08      |
----------------------------------------
---------------------------------------
| time/                 |             |
|    fps                | 126         |
|    iterations         | 8100        |
|    time_elapsed       | 319         |
|    total_timesteps    | 40500       |
| train/                |             |
|    entropy_loss       | -4.34       |
|    explained_variance | 0           |
|    learning_rate      | 0.0002      |
|    n_updates          | 8099        |
|    policy_loss        | 0.00766     |
|    reward             | 0.007575758 |
|    std                | 2.12        |
|    value_loss         | 4.69e-06    |
---------------------------------------
EPISODE:  42
----------------------------------------
| time/                 |              |
|    fps                | 127          |
|    iterations         | 8200         |
|    time_elapsed       | 322          |
|    total_timesteps    | 41000        |
| train/                |              |
|    entropy_loss       | -4.36        |
|    explained_variance | 0            |
|    learning_rate      | 0.0002       |
|    n_updates          | 8199         |
|    policy_loss        | 0.000768     |
|    reward             | 0.0016051364 |
|    std                | 2.14         |
|    value_loss         | 4e-08        |
----------------------------------------
---------------------------------------
| time/                 |             |
|    fps                | 127         |
|    iterations         | 8300        |
|    time_elapsed       | 325         |
|    total_timesteps    | 41500       |
| train/                |             |
|    entropy_loss       | -4.38       |
|    explained_variance | 0           |
|    learning_rate      | 0.0002      |
|    n_updates          | 8299        |
|    policy_loss        | 0.0116      |
|    reward             | 0.008130081 |
|    std                | 2.16        |
|    value_loss         | 6.31e-06    |
---------------------------------------
EPISODE:  43
----------------------------------------
| time/                 |              |
|    fps                | 127          |
|    iterations         | 8400         |
|    time_elapsed       | 328          |
|    total_timesteps    | 42000        |
| train/                |              |
|    entropy_loss       | -4.39        |
|    explained_variance | 0            |
|    learning_rate      | 0.0002       |
|    n_updates          | 8399         |
|    policy_loss        | 0.000828     |
|    reward             | 0.0016286644 |
|    std                | 2.17         |
|    value_loss         | 3.71e-08     |
----------------------------------------
--------------------------------------
| time/                 |            |
|    fps                | 128        |
|    iterations         | 8500       |
|    time_elapsed       | 331        |
|    total_timesteps    | 42500      |
| train/                |            |
|    entropy_loss       | -4.41      |
|    explained_variance | 0          |
|    learning_rate      | 0.0002     |
|    n_updates          | 8499       |
|    policy_loss        | 0.0105     |
|    reward             | 0.00877193 |
|    std                | 2.19       |
|    value_loss         | 7.79e-06   |
--------------------------------------
EPISODE:  44
----------------------------------------
| time/                 |              |
|    fps                | 128          |
|    iterations         | 8600         |
|    time_elapsed       | 334          |
|    total_timesteps    | 43000        |
| train/                |              |
|    entropy_loss       | -4.42        |
|    explained_variance | 0            |
|    learning_rate      | 0.0002       |
|    n_updates          | 8599         |
|    policy_loss        | 0.0009       |
|    reward             | 0.0016528926 |
|    std                | 2.21         |
|    value_loss         | 3.93e-08     |
----------------------------------------
--------------------------------------
| time/                 |            |
|    fps                | 128        |
|    iterations         | 8700       |
|    time_elapsed       | 337        |
|    total_timesteps    | 43500      |
| train/                |            |
|    entropy_loss       | -4.45      |
|    explained_variance | 0          |
|    learning_rate      | 0.0002     |
|    n_updates          | 8699       |
|    policy_loss        | 0.0125     |
|    reward             | 0.00952381 |
|    std                | 2.23       |
|    value_loss         | 1.02e-05   |
--------------------------------------
EPISODE:  45
----------------------------------------
| time/                 |              |
|    fps                | 129          |
|    iterations         | 8800         |
|    time_elapsed       | 340          |
|    total_timesteps    | 44000        |
| train/                |              |
|    entropy_loss       | -4.47        |
|    explained_variance | 0            |
|    learning_rate      | 0.0002       |
|    n_updates          | 8799         |
|    policy_loss        | 0.000825     |
|    reward             | 0.0016778524 |
|    std                | 2.26         |
|    value_loss         | 4.07e-08     |
----------------------------------------
---------------------------------------
| time/                 |             |
|    fps                | 129         |
|    iterations         | 8900        |
|    time_elapsed       | 344         |
|    total_timesteps    | 44500       |
| train/                |             |
|    entropy_loss       | -4.49       |
|    explained_variance | 0           |
|    learning_rate      | 0.0002      |
|    n_updates          | 8899        |
|    policy_loss        | 0.0154      |
|    reward             | 0.010416667 |
|    std                | 2.28        |
|    value_loss         | 1.35e-05    |
---------------------------------------
EPISODE:  46
----------------------------------------
| time/                 |              |
|    fps                | 129          |
|    iterations         | 9000         |
|    time_elapsed       | 347          |
|    total_timesteps    | 45000        |
| train/                |              |
|    entropy_loss       | -4.51        |
|    explained_variance | -1.19e-07    |
|    learning_rate      | 0.0002       |
|    n_updates          | 8999         |
|    policy_loss        | 0.000819     |
|    reward             | 0.0017035775 |
|    std                | 2.3          |
|    value_loss         | 3.82e-08     |
----------------------------------------
---------------------------------------
| time/                 |             |
|    fps                | 129         |
|    iterations         | 9100        |
|    time_elapsed       | 350         |
|    total_timesteps    | 45500       |
| train/                |             |
|    entropy_loss       | -4.53       |
|    explained_variance | 0           |
|    learning_rate      | 0.0002      |
|    n_updates          | 9099        |
|    policy_loss        | 0.0165      |
|    reward             | 0.011494253 |
|    std                | 2.33        |
|    value_loss         | 1.76e-05    |
---------------------------------------
EPISODE:  47
----------------------------------------
| time/                 |              |
|    fps                | 130          |
|    iterations         | 9200         |
|    time_elapsed       | 353          |
|    total_timesteps    | 46000        |
| train/                |              |
|    entropy_loss       | -4.54        |
|    explained_variance | -1.19e-07    |
|    learning_rate      | 0.0002       |
|    n_updates          | 9199         |
|    policy_loss        | 0.000866     |
|    reward             | 0.0017301039 |
|    std                | 2.35         |
|    value_loss         | 4.23e-08     |
----------------------------------------
---------------------------------------
| time/                 |             |
|    fps                | 130         |
|    iterations         | 9300        |
|    time_elapsed       | 356         |
|    total_timesteps    | 46500       |
| train/                |             |
|    entropy_loss       | -4.56       |
|    explained_variance | 0           |
|    learning_rate      | 0.0002      |
|    n_updates          | 9299        |
|    policy_loss        | 0.022       |
|    reward             | 0.012820513 |
|    std                | 2.37        |
|    value_loss         | 2.67e-05    |
---------------------------------------
EPISODE:  48
----------------------------------------
| time/                 |              |
|    fps                | 130          |
|    iterations         | 9400         |
|    time_elapsed       | 359          |
|    total_timesteps    | 47000        |
| train/                |              |
|    entropy_loss       | -4.58        |
|    explained_variance | 0            |
|    learning_rate      | 0.0002       |
|    n_updates          | 9399         |
|    policy_loss        | 0.000907     |
|    reward             | 0.0017574693 |
|    std                | 2.39         |
|    value_loss         | 5.62e-08     |
----------------------------------------
---------------------------------------
| time/                 |             |
|    fps                | 131         |
|    iterations         | 9500        |
|    time_elapsed       | 362         |
|    total_timesteps    | 47500       |
| train/                |             |
|    entropy_loss       | -4.6        |
|    explained_variance | 0           |
|    learning_rate      | 0.0002      |
|    n_updates          | 9499        |
|    policy_loss        | 0.0274      |
|    reward             | 0.014492754 |
|    std                | 2.42        |
|    value_loss         | 4.17e-05    |
---------------------------------------
EPISODE:  49
----------------------------------------
| time/                 |              |
|    fps                | 131          |
|    iterations         | 9600         |
|    time_elapsed       | 365          |
|    total_timesteps    | 48000        |
| train/                |              |
|    entropy_loss       | -4.62        |
|    explained_variance | -1.19e-07    |
|    learning_rate      | 0.0002       |
|    n_updates          | 9599         |
|    policy_loss        | 0.000953     |
|    reward             | 0.0017857143 |
|    std                | 2.44         |
|    value_loss         | 4.57e-08     |
----------------------------------------
---------------------------------------
| time/                 |             |
|    fps                | 131         |
|    iterations         | 9700        |
|    time_elapsed       | 368         |
|    total_timesteps    | 48500       |
| train/                |             |
|    entropy_loss       | -4.64       |
|    explained_variance | 0           |
|    learning_rate      | 0.0002      |
|    n_updates          | 9699        |
|    policy_loss        | 0.0336      |
|    reward             | 0.016666668 |
|    std                | 2.47        |
|    value_loss         | 6.16e-05    |
---------------------------------------
EPISODE:  50
---------------------------------------
| time/                 |             |
|    fps                | 131         |
|    iterations         | 9800        |
|    time_elapsed       | 371         |
|    total_timesteps    | 49000       |
| train/                |             |
|    entropy_loss       | -4.66       |
|    explained_variance | 0           |
|    learning_rate      | 0.0002      |
|    n_updates          | 9799        |
|    policy_loss        | 0.00087     |
|    reward             | 0.001814882 |
|    std                | 2.49        |
|    value_loss         | 5.14e-08    |
---------------------------------------
---------------------------------------
| time/                 |             |
|    fps                | 132         |
|    iterations         | 9900        |
|    time_elapsed       | 374         |
|    total_timesteps    | 49500       |
| train/                |             |
|    entropy_loss       | -4.69       |
|    explained_variance | 1.19e-07    |
|    learning_rate      | 0.0002      |
|    n_updates          | 9899        |
|    policy_loss        | 0.0411      |
|    reward             | 0.019607844 |
|    std                | 2.52        |
|    value_loss         | 9.97e-05    |
---------------------------------------
EPISODE:  51
----------------------------------------
| time/                 |              |
|    fps                | 132          |
|    iterations         | 10000        |
|    time_elapsed       | 377          |
|    total_timesteps    | 50000        |
| train/                |              |
|    entropy_loss       | -4.7         |
|    explained_variance | -1.19e-07    |
|    learning_rate      | 0.0002       |
|    n_updates          | 9999         |
|    policy_loss        | 0.000945     |
|    reward             | 0.0018450185 |
|    std                | 2.53         |
|    value_loss         | 4.58e-08     |
----------------------------------------
Saved episode log to Results\250619_hc_binary_udp\a2c\downward\training_logs\06.csv
