EPISODE:  0
{'batch_size': 128, 'buffer_size': 1000000, 'learning_rate': 0.0001, 'learning_starts': 100, 'ent_coef': 'auto_0.1'}
Using cuda device
EPISODE:  1
EPISODE:  2
EPISODE:  3
EPISODE:  4
EPISODE:  5
----------------------------------
| time/              |           |
|    episodes        | 4         |
|    fps             | 8         |
|    time_elapsed    | 481       |
|    total_timesteps | 4000      |
| train/             |           |
|    actor_loss      | -1.14e+04 |
|    critic_loss     | 54.8      |
|    ent_coef        | 0.14      |
|    ent_coef_loss   | 37        |
|    learning_rate   | 0.0001    |
|    n_updates       | 3899      |
|    reward          | 35.67802  |
----------------------------------
EPISODE:  6
EPISODE:  7
EPISODE:  8
EPISODE:  9
----------------------------------
| time/              |           |
|    episodes        | 8         |
|    fps             | 8         |
|    time_elapsed    | 973       |
|    total_timesteps | 8000      |
| train/             |           |
|    actor_loss      | -2.12e+04 |
|    critic_loss     | 664       |
|    ent_coef        | 0.209     |
|    ent_coef_loss   | 29.4      |
|    learning_rate   | 0.0001    |
|    n_updates       | 7899      |
|    reward          | 35.67802  |
----------------------------------
EPISODE:  10
EPISODE:  11
EPISODE:  12
EPISODE:  13
---------------------------------
| time/              |          |
|    episodes        | 12       |
|    fps             | 8        |
|    time_elapsed    | 1466     |
|    total_timesteps | 12000    |
| train/             |          |
|    actor_loss      | -3e+04   |
|    critic_loss     | 5.43e+03 |
|    ent_coef        | 0.311    |
|    ent_coef_loss   | 22       |
|    learning_rate   | 0.0001   |
|    n_updates       | 11899    |
|    reward          | 35.67802 |
---------------------------------
EPISODE:  14
EPISODE:  15
EPISODE:  16
EPISODE:  17
----------------------------------
| time/              |           |
|    episodes        | 16        |
|    fps             | 8         |
|    time_elapsed    | 1959      |
|    total_timesteps | 16000     |
| train/             |           |
|    actor_loss      | -3.44e+04 |
|    critic_loss     | 1.07e+03  |
|    ent_coef        | 0.464     |
|    ent_coef_loss   | 14.4      |
|    learning_rate   | 0.0001    |
|    n_updates       | 15899     |
|    reward          | 35.67802  |
----------------------------------
EPISODE:  18
EPISODE:  19
EPISODE:  20
EPISODE:  21
----------------------------------
| time/              |           |
|    episodes        | 20        |
|    fps             | 8         |
|    time_elapsed    | 2475      |
|    total_timesteps | 20000     |
| train/             |           |
|    actor_loss      | -3.93e+04 |
|    critic_loss     | 243       |
|    ent_coef        | 0.693     |
|    ent_coef_loss   | 6.87      |
|    learning_rate   | 0.0001    |
|    n_updates       | 19899     |
|    reward          | 35.67802  |
----------------------------------
EPISODE:  22
EPISODE:  23
EPISODE:  24
EPISODE:  25
----------------------------------
| time/              |           |
|    episodes        | 24        |
|    fps             | 8         |
|    time_elapsed    | 2999      |
|    total_timesteps | 24000     |
| train/             |           |
|    actor_loss      | -4.42e+04 |
|    critic_loss     | 225       |
|    ent_coef        | 1.03      |
|    ent_coef_loss   | -0.607    |
|    learning_rate   | 0.0001    |
|    n_updates       | 23899     |
|    reward          | 35.67802  |
----------------------------------
EPISODE:  26
EPISODE:  27
EPISODE:  28
EPISODE:  29
---------------------------------
| time/              |          |
|    episodes        | 28       |
|    fps             | 7        |
|    time_elapsed    | 3523     |
|    total_timesteps | 28000    |
| train/             |          |
|    actor_loss      | -4.1e+04 |
|    critic_loss     | 227      |
|    ent_coef        | 1.54     |
|    ent_coef_loss   | -8.13    |
|    learning_rate   | 0.0001   |
|    n_updates       | 27899    |
|    reward          | 35.67802 |
---------------------------------
EPISODE:  30
EPISODE:  31
EPISODE:  32
EPISODE:  33
----------------------------------
| time/              |           |
|    episodes        | 32        |
|    fps             | 7         |
|    time_elapsed    | 4047      |
|    total_timesteps | 32000     |
| train/             |           |
|    actor_loss      | -4.64e+04 |
|    critic_loss     | 4.29e+03  |
|    ent_coef        | 2.3       |
|    ent_coef_loss   | -15.6     |
|    learning_rate   | 0.0001    |
|    n_updates       | 31899     |
|    reward          | 35.67802  |
----------------------------------
EPISODE:  34
EPISODE:  35
EPISODE:  36
EPISODE:  37
----------------------------------
| time/              |           |
|    episodes        | 36        |
|    fps             | 7         |
|    time_elapsed    | 4572      |
|    total_timesteps | 36000     |
| train/             |           |
|    actor_loss      | -4.89e+04 |
|    critic_loss     | 606       |
|    ent_coef        | 3.43      |
|    ent_coef_loss   | -23.1     |
|    learning_rate   | 0.0001    |
|    n_updates       | 35899     |
|    reward          | 35.67802  |
----------------------------------
EPISODE:  38
EPISODE:  39
EPISODE:  40
EPISODE:  41
----------------------------------
| time/              |           |
|    episodes        | 40        |
|    fps             | 7         |
|    time_elapsed    | 5097      |
|    total_timesteps | 40000     |
| train/             |           |
|    actor_loss      | -5.02e+04 |
|    critic_loss     | 2.32e+03  |
|    ent_coef        | 5.12      |
|    ent_coef_loss   | -30.8     |
|    learning_rate   | 0.0001    |
|    n_updates       | 39899     |
|    reward          | 35.67802  |
----------------------------------
EPISODE:  42
EPISODE:  43
EPISODE:  44
EPISODE:  45
----------------------------------
| time/              |           |
|    episodes        | 44        |
|    fps             | 7         |
|    time_elapsed    | 5621      |
|    total_timesteps | 44000     |
| train/             |           |
|    actor_loss      | -4.72e+04 |
|    critic_loss     | 3.56e+03  |
|    ent_coef        | 7.63      |
|    ent_coef_loss   | -38.4     |
|    learning_rate   | 0.0001    |
|    n_updates       | 43899     |
|    reward          | 35.67802  |
----------------------------------
EPISODE:  46
EPISODE:  47
EPISODE:  48
EPISODE:  49
----------------------------------
| time/              |           |
|    episodes        | 48        |
|    fps             | 7         |
|    time_elapsed    | 6145      |
|    total_timesteps | 48000     |
| train/             |           |
|    actor_loss      | -4.85e+04 |
|    critic_loss     | 1.88e+03  |
|    ent_coef        | 11.4      |
|    ent_coef_loss   | -45.8     |
|    learning_rate   | 0.0001    |
|    n_updates       | 47899     |
|    reward          | 35.67802  |
----------------------------------
EPISODE:  50
EPISODE:  51
EPISODE:  52
EPISODE:  53
----------------------------------
| time/              |           |
|    episodes        | 52        |
|    fps             | 7         |
|    time_elapsed    | 6669      |
|    total_timesteps | 52000     |
| train/             |           |
|    actor_loss      | -4.81e+04 |
|    critic_loss     | 7.27e+03  |
|    ent_coef        | 17        |
|    ent_coef_loss   | -53.1     |
|    learning_rate   | 0.0001    |
|    n_updates       | 51899     |
|    reward          | 35.67802  |
----------------------------------
EPISODE:  54
EPISODE:  55
EPISODE:  56
EPISODE:  57
----------------------------------
| time/              |           |
|    episodes        | 56        |
|    fps             | 7         |
|    time_elapsed    | 7193      |
|    total_timesteps | 56000     |
| train/             |           |
|    actor_loss      | -3.53e+04 |
|    critic_loss     | 5.38e+03  |
|    ent_coef        | 25.3      |
|    ent_coef_loss   | -60.5     |
|    learning_rate   | 0.0001    |
|    n_updates       | 55899     |
|    reward          | 35.67802  |
----------------------------------
EPISODE:  58
EPISODE:  59
EPISODE:  60
EPISODE:  61
----------------------------------
| time/              |           |
|    episodes        | 60        |
|    fps             | 7         |
|    time_elapsed    | 7717      |
|    total_timesteps | 60000     |
| train/             |           |
|    actor_loss      | -2.94e+04 |
|    critic_loss     | 1.05e+04  |
|    ent_coef        | 37.8      |
|    ent_coef_loss   | -68.6     |
|    learning_rate   | 0.0001    |
|    n_updates       | 59899     |
|    reward          | 35.67802  |
----------------------------------
EPISODE:  62
EPISODE:  63
EPISODE:  64
EPISODE:  65
----------------------------------
| time/              |           |
|    episodes        | 64        |
|    fps             | 7         |
|    time_elapsed    | 8242      |
|    total_timesteps | 64000     |
| train/             |           |
|    actor_loss      | -1.67e+04 |
|    critic_loss     | 5.66e+06  |
|    ent_coef        | 56.4      |
|    ent_coef_loss   | -75.8     |
|    learning_rate   | 0.0001    |
|    n_updates       | 63899     |
|    reward          | 35.67802  |
----------------------------------
EPISODE:  66
EPISODE:  67
EPISODE:  68
EPISODE:  69
---------------------------------
| time/              |          |
|    episodes        | 68       |
|    fps             | 7        |
|    time_elapsed    | 8766     |
|    total_timesteps | 68000    |
| train/             |          |
|    actor_loss      | 3.01e+03 |
|    critic_loss     | 1.09e+04 |
|    ent_coef        | 84.2     |
|    ent_coef_loss   | -83.6    |
|    learning_rate   | 0.0001   |
|    n_updates       | 67899    |
|    reward          | 35.67802 |
---------------------------------
EPISODE:  70
EPISODE:  71
EPISODE:  72
EPISODE:  73
---------------------------------
| time/              |          |
|    episodes        | 72       |
|    fps             | 7        |
|    time_elapsed    | 9291     |
|    total_timesteps | 72000    |
| train/             |          |
|    actor_loss      | 3.02e+04 |
|    critic_loss     | 4.93e+04 |
|    ent_coef        | 126      |
|    ent_coef_loss   | -90.2    |
|    learning_rate   | 0.0001   |
|    n_updates       | 71899    |
|    reward          | 35.67802 |
---------------------------------
EPISODE:  74
EPISODE:  75
EPISODE:  76
EPISODE:  77
---------------------------------
| time/              |          |
|    episodes        | 76       |
|    fps             | 7        |
|    time_elapsed    | 9816     |
|    total_timesteps | 76000    |
| train/             |          |
|    actor_loss      | 7.26e+04 |
|    critic_loss     | 1.22e+05 |
|    ent_coef        | 187      |
|    ent_coef_loss   | -98.2    |
|    learning_rate   | 0.0001   |
|    n_updates       | 75899    |
|    reward          | 35.67802 |
---------------------------------
EPISODE:  78
EPISODE:  79
EPISODE:  80
EPISODE:  81
---------------------------------
| time/              |          |
|    episodes        | 80       |
|    fps             | 7        |
|    time_elapsed    | 10340    |
|    total_timesteps | 80000    |
| train/             |          |
|    actor_loss      | 1.37e+05 |
|    critic_loss     | 4.59e+05 |
|    ent_coef        | 280      |
|    ent_coef_loss   | -105     |
|    learning_rate   | 0.0001   |
|    n_updates       | 79899    |
|    reward          | 35.67802 |
---------------------------------
EPISODE:  82
EPISODE:  83
EPISODE:  84
EPISODE:  85
---------------------------------
| time/              |          |
|    episodes        | 84       |
|    fps             | 7        |
|    time_elapsed    | 10865    |
|    total_timesteps | 84000    |
| train/             |          |
|    actor_loss      | 2.35e+05 |
|    critic_loss     | 4.52e+05 |
|    ent_coef        | 417      |
|    ent_coef_loss   | -114     |
|    learning_rate   | 0.0001   |
|    n_updates       | 83899    |
|    reward          | 35.67802 |
---------------------------------
EPISODE:  86
EPISODE:  87
EPISODE:  88
EPISODE:  89
---------------------------------
| time/              |          |
|    episodes        | 88       |
|    fps             | 7        |
|    time_elapsed    | 11389    |
|    total_timesteps | 88000    |
| train/             |          |
|    actor_loss      | 3.78e+05 |
|    critic_loss     | 1.11e+06 |
|    ent_coef        | 623      |
|    ent_coef_loss   | -121     |
|    learning_rate   | 0.0001   |
|    n_updates       | 87899    |
|    reward          | 35.67802 |
---------------------------------
EPISODE:  90
EPISODE:  91
EPISODE:  92
EPISODE:  93
---------------------------------
| time/              |          |
|    episodes        | 92       |
|    fps             | 7        |
|    time_elapsed    | 11914    |
|    total_timesteps | 92000    |
| train/             |          |
|    actor_loss      | 5.82e+05 |
|    critic_loss     | 3.31e+06 |
|    ent_coef        | 929      |
|    ent_coef_loss   | -130     |
|    learning_rate   | 0.0001   |
|    n_updates       | 91899    |
|    reward          | 35.67802 |
---------------------------------
EPISODE:  94
EPISODE:  95
EPISODE:  96
EPISODE:  97
---------------------------------
| time/              |          |
|    episodes        | 96       |
|    fps             | 7        |
|    time_elapsed    | 12438    |
|    total_timesteps | 96000    |
| train/             |          |
|    actor_loss      | 8.99e+05 |
|    critic_loss     | 3.18e+09 |
|    ent_coef        | 1.39e+03 |
|    ent_coef_loss   | -136     |
|    learning_rate   | 0.0001   |
|    n_updates       | 95899    |
|    reward          | 35.67802 |
---------------------------------
EPISODE:  98
EPISODE:  99
EPISODE:  100
EPISODE:  101
---------------------------------
| time/              |          |
|    episodes        | 100      |
|    fps             | 7        |
|    time_elapsed    | 12963    |
|    total_timesteps | 100000   |
| train/             |          |
|    actor_loss      | 1.37e+06 |
|    critic_loss     | 2.39e+07 |
|    ent_coef        | 2.07e+03 |
|    ent_coef_loss   | -144     |
|    learning_rate   | 0.0001   |
|    n_updates       | 99899    |
|    reward          | 35.67802 |
---------------------------------
EPISODE:  102
EPISODE:  103
EPISODE:  104
EPISODE:  105
---------------------------------
| time/              |          |
|    episodes        | 104      |
|    fps             | 7        |
|    time_elapsed    | 13488    |
|    total_timesteps | 104000   |
| train/             |          |
|    actor_loss      | 2.07e+06 |
|    critic_loss     | 5.4e+07  |
|    ent_coef        | 3.09e+03 |
|    ent_coef_loss   | -151     |
|    learning_rate   | 0.0001   |
|    n_updates       | 103899   |
|    reward          | 35.67802 |
---------------------------------
EPISODE:  106
EPISODE:  107
EPISODE:  108
EPISODE:  109
---------------------------------
| time/              |          |
|    episodes        | 108      |
|    fps             | 7        |
|    time_elapsed    | 14012    |
|    total_timesteps | 108000   |
| train/             |          |
|    actor_loss      | 3.12e+06 |
|    critic_loss     | 8.39e+07 |
|    ent_coef        | 4.61e+03 |
|    ent_coef_loss   | -157     |
|    learning_rate   | 0.0001   |
|    n_updates       | 107899   |
|    reward          | 35.67802 |
---------------------------------
EPISODE:  110
EPISODE:  111
EPISODE:  112
EPISODE:  113
---------------------------------
| time/              |          |
|    episodes        | 112      |
|    fps             | 7        |
|    time_elapsed    | 14537    |
|    total_timesteps | 112000   |
| train/             |          |
|    actor_loss      | 4.67e+06 |
|    critic_loss     | 2.23e+08 |
|    ent_coef        | 6.88e+03 |
|    ent_coef_loss   | -167     |
|    learning_rate   | 0.0001   |
|    n_updates       | 111899   |
|    reward          | 35.67802 |
---------------------------------
EPISODE:  114
EPISODE:  115
EPISODE:  116
EPISODE:  117
---------------------------------
| time/              |          |
|    episodes        | 116      |
|    fps             | 7        |
|    time_elapsed    | 15061    |
|    total_timesteps | 116000   |
| train/             |          |
|    actor_loss      | 7.11e+06 |
|    critic_loss     | 4.74e+08 |
|    ent_coef        | 1.03e+04 |
|    ent_coef_loss   | -175     |
|    learning_rate   | 0.0001   |
|    n_updates       | 115899   |
|    reward          | 35.67802 |
---------------------------------
EPISODE:  118
EPISODE:  119
EPISODE:  120
EPISODE:  121
---------------------------------
| time/              |          |
|    episodes        | 120      |
|    fps             | 7        |
|    time_elapsed    | 15587    |
|    total_timesteps | 120000   |
| train/             |          |
|    actor_loss      | 1.05e+07 |
|    critic_loss     | 9.77e+08 |
|    ent_coef        | 1.53e+04 |
|    ent_coef_loss   | -180     |
|    learning_rate   | 0.0001   |
|    n_updates       | 119899   |
|    reward          | 35.67802 |
---------------------------------
EPISODE:  122
EPISODE:  123
EPISODE:  124
EPISODE:  125
---------------------------------
| time/              |          |
|    episodes        | 124      |
|    fps             | 7        |
|    time_elapsed    | 16111    |
|    total_timesteps | 124000   |
| train/             |          |
|    actor_loss      | 1.58e+07 |
|    critic_loss     | 2.06e+09 |
|    ent_coef        | 2.29e+04 |
|    ent_coef_loss   | -188     |
|    learning_rate   | 0.0001   |
|    n_updates       | 123899   |
|    reward          | 35.67802 |
---------------------------------
EPISODE:  126
EPISODE:  127
EPISODE:  128
EPISODE:  129
---------------------------------
| time/              |          |
|    episodes        | 128      |
|    fps             | 7        |
|    time_elapsed    | 16636    |
|    total_timesteps | 128000   |
| train/             |          |
|    actor_loss      | 2.31e+07 |
|    critic_loss     | 7.34e+09 |
|    ent_coef        | 3.41e+04 |
|    ent_coef_loss   | -197     |
|    learning_rate   | 0.0001   |
|    n_updates       | 127899   |
|    reward          | 35.67802 |
---------------------------------
EPISODE:  130
EPISODE:  131
EPISODE:  132
EPISODE:  133
---------------------------------
| time/              |          |
|    episodes        | 132      |
|    fps             | 7        |
|    time_elapsed    | 17160    |
|    total_timesteps | 132000   |
| train/             |          |
|    actor_loss      | 3.49e+07 |
|    critic_loss     | 1.44e+10 |
|    ent_coef        | 5.09e+04 |
|    ent_coef_loss   | -204     |
|    learning_rate   | 0.0001   |
|    n_updates       | 131899   |
|    reward          | 35.67802 |
---------------------------------
EPISODE:  134
EPISODE:  135
EPISODE:  136
EPISODE:  137
---------------------------------
| time/              |          |
|    episodes        | 136      |
|    fps             | 7        |
|    time_elapsed    | 17686    |
|    total_timesteps | 136000   |
| train/             |          |
|    actor_loss      | 5.18e+07 |
|    critic_loss     | 8.85e+12 |
|    ent_coef        | 7.6e+04  |
|    ent_coef_loss   | -210     |
|    learning_rate   | 0.0001   |
|    n_updates       | 135899   |
|    reward          | 35.67802 |
---------------------------------
EPISODE:  138
EPISODE:  139
EPISODE:  140
EPISODE:  141
---------------------------------
| time/              |          |
|    episodes        | 140      |
|    fps             | 7        |
|    time_elapsed    | 18211    |
|    total_timesteps | 140000   |
| train/             |          |
|    actor_loss      | 7.69e+07 |
|    critic_loss     | 1.92e+13 |
|    ent_coef        | 1.13e+05 |
|    ent_coef_loss   | -219     |
|    learning_rate   | 0.0001   |
|    n_updates       | 139899   |
|    reward          | 35.67802 |
---------------------------------
EPISODE:  142
EPISODE:  143
EPISODE:  144
EPISODE:  145
---------------------------------
| time/              |          |
|    episodes        | 144      |
|    fps             | 7        |
|    time_elapsed    | 18735    |
|    total_timesteps | 144000   |
| train/             |          |
|    actor_loss      | 1.14e+08 |
|    critic_loss     | 2.32e+11 |
|    ent_coef        | 1.69e+05 |
|    ent_coef_loss   | -227     |
|    learning_rate   | 0.0001   |
|    n_updates       | 143899   |
|    reward          | 35.67802 |
---------------------------------
EPISODE:  146
EPISODE:  147
EPISODE:  148
EPISODE:  149
---------------------------------
| time/              |          |
|    episodes        | 148      |
|    fps             | 7        |
|    time_elapsed    | 19261    |
|    total_timesteps | 148000   |
| train/             |          |
|    actor_loss      | 1.72e+08 |
|    critic_loss     | 4.09e+11 |
|    ent_coef        | 2.53e+05 |
|    ent_coef_loss   | -233     |
|    learning_rate   | 0.0001   |
|    n_updates       | 147899   |
|    reward          | 35.67802 |
---------------------------------
EPISODE:  150
EPISODE:  151
EPISODE:  152
EPISODE:  153
---------------------------------
| time/              |          |
|    episodes        | 152      |
|    fps             | 7        |
|    time_elapsed    | 19785    |
|    total_timesteps | 152000   |
| train/             |          |
|    actor_loss      | 2.53e+08 |
|    critic_loss     | 1.12e+12 |
|    ent_coef        | 3.77e+05 |
|    ent_coef_loss   | -240     |
|    learning_rate   | 0.0001   |
|    n_updates       | 151899   |
|    reward          | 35.67802 |
---------------------------------
EPISODE:  154
EPISODE:  155
EPISODE:  156
EPISODE:  157
---------------------------------
| time/              |          |
|    episodes        | 156      |
|    fps             | 7        |
|    time_elapsed    | 20310    |
|    total_timesteps | 156000   |
| train/             |          |
|    actor_loss      | 3.73e+08 |
|    critic_loss     | 3.26e+12 |
|    ent_coef        | 5.63e+05 |
|    ent_coef_loss   | -247     |
|    learning_rate   | 0.0001   |
|    n_updates       | 155899   |
|    reward          | 35.67802 |
---------------------------------
EPISODE:  158
EPISODE:  159
EPISODE:  160
EPISODE:  161
---------------------------------
| time/              |          |
|    episodes        | 160      |
|    fps             | 7        |
|    time_elapsed    | 20834    |
|    total_timesteps | 160000   |
| train/             |          |
|    actor_loss      | 5.52e+08 |
|    critic_loss     | 9.31e+14 |
|    ent_coef        | 8.41e+05 |
|    ent_coef_loss   | -258     |
|    learning_rate   | 0.0001   |
|    n_updates       | 159899   |
|    reward          | 35.67802 |
---------------------------------
EPISODE:  162
EPISODE:  163
EPISODE:  164
EPISODE:  165
---------------------------------
| time/              |          |
|    episodes        | 164      |
|    fps             | 7        |
|    time_elapsed    | 21360    |
|    total_timesteps | 164000   |
| train/             |          |
|    actor_loss      | 8.03e+08 |
|    critic_loss     | 3.13e+13 |
|    ent_coef        | 1.26e+06 |
|    ent_coef_loss   | -264     |
|    learning_rate   | 0.0001   |
|    n_updates       | 163899   |
|    reward          | 35.67802 |
---------------------------------
EPISODE:  166
EPISODE:  167
EPISODE:  168
EPISODE:  169
---------------------------------
| time/              |          |
|    episodes        | 168      |
|    fps             | 7        |
|    time_elapsed    | 21886    |
|    total_timesteps | 168000   |
| train/             |          |
|    actor_loss      | 1.17e+09 |
|    critic_loss     | 1.04e+14 |
|    ent_coef        | 1.87e+06 |
|    ent_coef_loss   | -271     |
|    learning_rate   | 0.0001   |
|    n_updates       | 167899   |
|    reward          | 35.67802 |
---------------------------------
EPISODE:  170
EPISODE:  171
EPISODE:  172
EPISODE:  173
---------------------------------
| time/              |          |
|    episodes        | 172      |
|    fps             | 7        |
|    time_elapsed    | 22410    |
|    total_timesteps | 172000   |
| train/             |          |
|    actor_loss      | 1.75e+09 |
|    critic_loss     | 2.92e+14 |
|    ent_coef        | 2.8e+06  |
|    ent_coef_loss   | -280     |
|    learning_rate   | 0.0001   |
|    n_updates       | 171899   |
|    reward          | 35.67802 |
---------------------------------
EPISODE:  174
EPISODE:  175
EPISODE:  176
EPISODE:  177
---------------------------------
| time/              |          |
|    episodes        | 176      |
|    fps             | 7        |
|    time_elapsed    | 22935    |
|    total_timesteps | 176000   |
| train/             |          |
|    actor_loss      | 2.36e+09 |
|    critic_loss     | 1.14e+15 |
|    ent_coef        | 4.17e+06 |
|    ent_coef_loss   | -284     |
|    learning_rate   | 0.0001   |
|    n_updates       | 175899   |
|    reward          | 35.67802 |
---------------------------------
EPISODE:  178
EPISODE:  179
EPISODE:  180
EPISODE:  181
---------------------------------
| time/              |          |
|    episodes        | 180      |
|    fps             | 7        |
|    time_elapsed    | 23459    |
|    total_timesteps | 180000   |
| train/             |          |
|    actor_loss      | 3.1e+09  |
|    critic_loss     | 4.32e+15 |
|    ent_coef        | 6.23e+06 |
|    ent_coef_loss   | -296     |
|    learning_rate   | 0.0001   |
|    n_updates       | 179899   |
|    reward          | 35.67802 |
---------------------------------
EPISODE:  182
EPISODE:  183
EPISODE:  184
EPISODE:  185
---------------------------------
| time/              |          |
|    episodes        | 184      |
|    fps             | 7        |
|    time_elapsed    | 23985    |
|    total_timesteps | 184000   |
| train/             |          |
|    actor_loss      | 3.95e+09 |
|    critic_loss     | 1.38e+16 |
|    ent_coef        | 9.3e+06  |
|    ent_coef_loss   | -299     |
|    learning_rate   | 0.0001   |
|    n_updates       | 183899   |
|    reward          | 35.67802 |
---------------------------------
EPISODE:  186
EPISODE:  187
EPISODE:  188
EPISODE:  189
---------------------------------
| time/              |          |
|    episodes        | 188      |
|    fps             | 7        |
|    time_elapsed    | 24509    |
|    total_timesteps | 188000   |
| train/             |          |
|    actor_loss      | 5.06e+09 |
|    critic_loss     | 4.02e+16 |
|    ent_coef        | 1.38e+07 |
|    ent_coef_loss   | -307     |
|    learning_rate   | 0.0001   |
|    n_updates       | 187899   |
|    reward          | 35.67802 |
---------------------------------
EPISODE:  190
EPISODE:  191
EPISODE:  192
EPISODE:  193
---------------------------------
| time/              |          |
|    episodes        | 192      |
|    fps             | 7        |
|    time_elapsed    | 25036    |
|    total_timesteps | 192000   |
| train/             |          |
|    actor_loss      | 6.01e+09 |
|    critic_loss     | 1.99e+17 |
|    ent_coef        | 2.06e+07 |
|    ent_coef_loss   | -316     |
|    learning_rate   | 0.0001   |
|    n_updates       | 191899   |
|    reward          | 35.67802 |
---------------------------------
EPISODE:  194
EPISODE:  195
EPISODE:  196
EPISODE:  197
---------------------------------
| time/              |          |
|    episodes        | 196      |
|    fps             | 7        |
|    time_elapsed    | 25560    |
|    total_timesteps | 196000   |
| train/             |          |
|    actor_loss      | 7.53e+09 |
|    critic_loss     | 2.75e+17 |
|    ent_coef        | 3.06e+07 |
|    ent_coef_loss   | -324     |
|    learning_rate   | 0.0001   |
|    n_updates       | 195899   |
|    reward          | 35.67802 |
---------------------------------
EPISODE:  198
EPISODE:  199
EPISODE:  200
EPISODE:  201
---------------------------------
| time/              |          |
|    episodes        | 200      |
|    fps             | 7        |
|    time_elapsed    | 26086    |
|    total_timesteps | 200000   |
| train/             |          |
|    actor_loss      | 8.95e+09 |
|    critic_loss     | 6.82e+17 |
|    ent_coef        | 4.56e+07 |
|    ent_coef_loss   | -332     |
|    learning_rate   | 0.0001   |
|    n_updates       | 199899   |
|    reward          | 35.67802 |
---------------------------------
EPISODE:  202
EPISODE:  203
EPISODE:  204
EPISODE:  205
---------------------------------
| time/              |          |
|    episodes        | 204      |
|    fps             | 7        |
|    time_elapsed    | 26612    |
|    total_timesteps | 204000   |
| train/             |          |
|    actor_loss      | 1.09e+10 |
|    critic_loss     | 1.65e+18 |
|    ent_coef        | 6.78e+07 |
|    ent_coef_loss   | -340     |
|    learning_rate   | 0.0001   |
|    n_updates       | 203899   |
|    reward          | 35.67802 |
---------------------------------
EPISODE:  206
EPISODE:  207
EPISODE:  208
EPISODE:  209
---------------------------------
| time/              |          |
|    episodes        | 208      |
|    fps             | 7        |
|    time_elapsed    | 27136    |
|    total_timesteps | 208000   |
| train/             |          |
|    actor_loss      | 1.28e+10 |
|    critic_loss     | 3.85e+18 |
|    ent_coef        | 1.01e+08 |
|    ent_coef_loss   | -342     |
|    learning_rate   | 0.0001   |
|    n_updates       | 207899   |
|    reward          | 35.67802 |
---------------------------------
EPISODE:  210
EPISODE:  211
EPISODE:  212
EPISODE:  213
---------------------------------
| time/              |          |
|    episodes        | 212      |
|    fps             | 7        |
|    time_elapsed    | 27662    |
|    total_timesteps | 212000   |
| train/             |          |
|    actor_loss      | 1.64e+10 |
|    critic_loss     | 8.81e+18 |
|    ent_coef        | 1.5e+08  |
|    ent_coef_loss   | -358     |
|    learning_rate   | 0.0001   |
|    n_updates       | 211899   |
|    reward          | 35.67802 |
---------------------------------
EPISODE:  214
EPISODE:  215
EPISODE:  216
EPISODE:  217
---------------------------------
| time/              |          |
|    episodes        | 216      |
|    fps             | 7        |
|    time_elapsed    | 28186    |
|    total_timesteps | 216000   |
| train/             |          |
|    actor_loss      | 1.93e+10 |
|    critic_loss     | 1.97e+19 |
|    ent_coef        | 2.23e+08 |
|    ent_coef_loss   | -361     |
|    learning_rate   | 0.0001   |
|    n_updates       | 215899   |
|    reward          | 35.67802 |
---------------------------------
EPISODE:  218
EPISODE:  219
EPISODE:  220
EPISODE:  221
---------------------------------
| time/              |          |
|    episodes        | 220      |
|    fps             | 7        |
|    time_elapsed    | 28711    |
|    total_timesteps | 220000   |
| train/             |          |
|    actor_loss      | 2.38e+10 |
|    critic_loss     | 4.56e+19 |
|    ent_coef        | 3.32e+08 |
|    ent_coef_loss   | -365     |
|    learning_rate   | 0.0001   |
|    n_updates       | 219899   |
|    reward          | 35.67802 |
---------------------------------
EPISODE:  222
EPISODE:  223
EPISODE:  224
EPISODE:  225
---------------------------------
| time/              |          |
|    episodes        | 224      |
|    fps             | 7        |
|    time_elapsed    | 29236    |
|    total_timesteps | 224000   |
| train/             |          |
|    actor_loss      | 2.9e+10  |
|    critic_loss     | 1e+20    |
|    ent_coef        | 4.95e+08 |
|    ent_coef_loss   | -376     |
|    learning_rate   | 0.0001   |
|    n_updates       | 223899   |
|    reward          | 35.67802 |
---------------------------------
EPISODE:  226
EPISODE:  227
EPISODE:  228
EPISODE:  229
---------------------------------
| time/              |          |
|    episodes        | 228      |
|    fps             | 7        |
|    time_elapsed    | 29761    |
|    total_timesteps | 228000   |
| train/             |          |
|    actor_loss      | 3.65e+10 |
|    critic_loss     | 2.24e+20 |
|    ent_coef        | 7.36e+08 |
|    ent_coef_loss   | -387     |
|    learning_rate   | 0.0001   |
|    n_updates       | 227899   |
|    reward          | 35.67802 |
---------------------------------
EPISODE:  230
EPISODE:  231
EPISODE:  232
EPISODE:  233
---------------------------------
| time/              |          |
|    episodes        | 232      |
|    fps             | 7        |
|    time_elapsed    | 30287    |
|    total_timesteps | 232000   |
| train/             |          |
|    actor_loss      | 4.66e+10 |
|    critic_loss     | 5.01e+20 |
|    ent_coef        | 1.1e+09  |
|    ent_coef_loss   | -392     |
|    learning_rate   | 0.0001   |
|    n_updates       | 231899   |
|    reward          | 35.67802 |
---------------------------------
EPISODE:  234
EPISODE:  235
EPISODE:  236
EPISODE:  237
---------------------------------
| time/              |          |
|    episodes        | 236      |
|    fps             | 7        |
|    time_elapsed    | 30812    |
|    total_timesteps | 236000   |
| train/             |          |
|    actor_loss      | 6.12e+10 |
|    critic_loss     | 1.12e+21 |
|    ent_coef        | 1.63e+09 |
|    ent_coef_loss   | -399     |
|    learning_rate   | 0.0001   |
|    n_updates       | 235899   |
|    reward          | 35.67802 |
---------------------------------
EPISODE:  238
EPISODE:  239
EPISODE:  240
EPISODE:  241
---------------------------------
| time/              |          |
|    episodes        | 240      |
|    fps             | 7        |
|    time_elapsed    | 31337    |
|    total_timesteps | 240000   |
| train/             |          |
|    actor_loss      | 8e+10    |
|    critic_loss     | 2.48e+21 |
|    ent_coef        | 2.43e+09 |
|    ent_coef_loss   | -403     |
|    learning_rate   | 0.0001   |
|    n_updates       | 239899   |
|    reward          | 35.67802 |
---------------------------------
EPISODE:  242
EPISODE:  243
EPISODE:  244
EPISODE:  245
---------------------------------
| time/              |          |
|    episodes        | 244      |
|    fps             | 7        |
|    time_elapsed    | 31861    |
|    total_timesteps | 244000   |
| train/             |          |
|    actor_loss      | 1.1e+11  |
|    critic_loss     | 5.48e+21 |
|    ent_coef        | 3.61e+09 |
|    ent_coef_loss   | -419     |
|    learning_rate   | 0.0001   |
|    n_updates       | 243899   |
|    reward          | 35.67802 |
---------------------------------
EPISODE:  246
EPISODE:  247
EPISODE:  248
EPISODE:  249
---------------------------------
| time/              |          |
|    episodes        | 248      |
|    fps             | 7        |
|    time_elapsed    | 32387    |
|    total_timesteps | 248000   |
| train/             |          |
|    actor_loss      | 1.49e+11 |
|    critic_loss     | 1.22e+22 |
|    ent_coef        | 5.37e+09 |
|    ent_coef_loss   | -422     |
|    learning_rate   | 0.0001   |
|    n_updates       | 247899   |
|    reward          | 35.67802 |
---------------------------------
EPISODE:  250
EPISODE:  251
EPISODE:  252
EPISODE:  253
---------------------------------
| time/              |          |
|    episodes        | 252      |
|    fps             | 7        |
|    time_elapsed    | 32886    |
|    total_timesteps | 252000   |
| train/             |          |
|    actor_loss      | 2.06e+11 |
|    critic_loss     | 2.73e+22 |
|    ent_coef        | 7.99e+09 |
|    ent_coef_loss   | -426     |
|    learning_rate   | 0.0001   |
|    n_updates       | 251899   |
|    reward          | 35.67802 |
---------------------------------
EPISODE:  254
EPISODE:  255
EPISODE:  256
EPISODE:  257
---------------------------------
| time/              |          |
|    episodes        | 256      |
|    fps             | 7        |
|    time_elapsed    | 33382    |
|    total_timesteps | 256000   |
| train/             |          |
|    actor_loss      | 2.95e+11 |
|    critic_loss     | 5.96e+22 |
|    ent_coef        | 1.19e+10 |
|    ent_coef_loss   | -440     |
|    learning_rate   | 0.0001   |
|    n_updates       | 255899   |
|    reward          | 35.67802 |
---------------------------------
EPISODE:  258
EPISODE:  259
EPISODE:  260
EPISODE:  261
---------------------------------
| time/              |          |
|    episodes        | 260      |
|    fps             | 7        |
|    time_elapsed    | 33876    |
|    total_timesteps | 260000   |
| train/             |          |
|    actor_loss      | 4.16e+11 |
|    critic_loss     | 1.34e+23 |
|    ent_coef        | 1.77e+10 |
|    ent_coef_loss   | -445     |
|    learning_rate   | 0.0001   |
|    n_updates       | 259899   |
|    reward          | 35.67802 |
---------------------------------
EPISODE:  262
EPISODE:  263
EPISODE:  264
EPISODE:  265
---------------------------------
| time/              |          |
|    episodes        | 264      |
|    fps             | 7        |
|    time_elapsed    | 34372    |
|    total_timesteps | 264000   |
| train/             |          |
|    actor_loss      | 6e+11    |
|    critic_loss     | 2.95e+23 |
|    ent_coef        | 2.63e+10 |
|    ent_coef_loss   | -453     |
|    learning_rate   | 0.0001   |
|    n_updates       | 263899   |
|    reward          | 35.67802 |
---------------------------------
EPISODE:  266
EPISODE:  267
EPISODE:  268
EPISODE:  269
---------------------------------
| time/              |          |
|    episodes        | 268      |
|    fps             | 7        |
|    time_elapsed    | 34866    |
|    total_timesteps | 268000   |
| train/             |          |
|    actor_loss      | 8.67e+11 |
|    critic_loss     | 6.35e+23 |
|    ent_coef        | 3.92e+10 |
|    ent_coef_loss   | -457     |
|    learning_rate   | 0.0001   |
|    n_updates       | 267899   |
|    reward          | 35.67802 |
---------------------------------
EPISODE:  270
EPISODE:  271
EPISODE:  272
EPISODE:  273
---------------------------------
| time/              |          |
|    episodes        | 272      |
|    fps             | 7        |
|    time_elapsed    | 35362    |
|    total_timesteps | 272000   |
| train/             |          |
|    actor_loss      | 1.27e+12 |
|    critic_loss     | 1.46e+24 |
|    ent_coef        | 5.83e+10 |
|    ent_coef_loss   | -466     |
|    learning_rate   | 0.0001   |
|    n_updates       | 271899   |
|    reward          | 35.67802 |
---------------------------------
EPISODE:  274
EPISODE:  275
EPISODE:  276
EPISODE:  277
---------------------------------
| time/              |          |
|    episodes        | 276      |
|    fps             | 7        |
|    time_elapsed    | 35857    |
|    total_timesteps | 276000   |
| train/             |          |
|    actor_loss      | 1.86e+12 |
|    critic_loss     | 3.17e+24 |
|    ent_coef        | 8.67e+10 |
|    ent_coef_loss   | -472     |
|    learning_rate   | 0.0001   |
|    n_updates       | 275899   |
|    reward          | 35.67802 |
---------------------------------
EPISODE:  278
EPISODE:  279
EPISODE:  280
EPISODE:  281
---------------------------------
| time/              |          |
|    episodes        | 280      |
|    fps             | 7        |
|    time_elapsed    | 36352    |
|    total_timesteps | 280000   |
| train/             |          |
|    actor_loss      | 2.75e+12 |
|    critic_loss     | 7.02e+24 |
|    ent_coef        | 1.29e+11 |
|    ent_coef_loss   | -483     |
|    learning_rate   | 0.0001   |
|    n_updates       | 279899   |
|    reward          | 35.67802 |
---------------------------------
EPISODE:  282
EPISODE:  283
EPISODE:  284
EPISODE:  285
---------------------------------
| time/              |          |
|    episodes        | 284      |
|    fps             | 7        |
|    time_elapsed    | 36849    |
|    total_timesteps | 284000   |
| train/             |          |
|    actor_loss      | 4.09e+12 |
|    critic_loss     | 1.57e+25 |
|    ent_coef        | 1.92e+11 |
|    ent_coef_loss   | -492     |
|    learning_rate   | 0.0001   |
|    n_updates       | 283899   |
|    reward          | 35.67802 |
---------------------------------
EPISODE:  286
EPISODE:  287
EPISODE:  288
EPISODE:  289
---------------------------------
| time/              |          |
|    episodes        | 288      |
|    fps             | 7        |
|    time_elapsed    | 37364    |
|    total_timesteps | 288000   |
| train/             |          |
|    actor_loss      | 6.03e+12 |
|    critic_loss     | 3.42e+25 |
|    ent_coef        | 2.86e+11 |
|    ent_coef_loss   | -497     |
|    learning_rate   | 0.0001   |
|    n_updates       | 287899   |
|    reward          | 35.67802 |
---------------------------------
EPISODE:  290
EPISODE:  291
EPISODE:  292
EPISODE:  293
---------------------------------
| time/              |          |
|    episodes        | 292      |
|    fps             | 7        |
|    time_elapsed    | 37882    |
|    total_timesteps | 292000   |
| train/             |          |
|    actor_loss      | 8.86e+12 |
|    critic_loss     | 7.69e+25 |
|    ent_coef        | 4.25e+11 |
|    ent_coef_loss   | -500     |
|    learning_rate   | 0.0001   |
|    n_updates       | 291899   |
|    reward          | 35.67802 |
---------------------------------
EPISODE:  294
EPISODE:  295
EPISODE:  296
EPISODE:  297
---------------------------------
| time/              |          |
|    episodes        | 296      |
|    fps             | 7        |
|    time_elapsed    | 38398    |
|    total_timesteps | 296000   |
| train/             |          |
|    actor_loss      | 1.32e+13 |
|    critic_loss     | 1.69e+26 |
|    ent_coef        | 6.33e+11 |
|    ent_coef_loss   | -511     |
|    learning_rate   | 0.0001   |
|    n_updates       | 295899   |
|    reward          | 35.67802 |
---------------------------------
EPISODE:  298
EPISODE:  299
EPISODE:  300
EPISODE:  301
---------------------------------
| time/              |          |
|    episodes        | 300      |
|    fps             | 7        |
|    time_elapsed    | 38916    |
|    total_timesteps | 300000   |
| train/             |          |
|    actor_loss      | 1.95e+13 |
|    critic_loss     | 3.74e+26 |
|    ent_coef        | 9.42e+11 |
|    ent_coef_loss   | -514     |
|    learning_rate   | 0.0001   |
|    n_updates       | 299899   |
|    reward          | 35.67802 |
---------------------------------
EPISODE:  302
EPISODE:  303
EPISODE:  304
EPISODE:  305
---------------------------------
| time/              |          |
|    episodes        | 304      |
|    fps             | 7        |
|    time_elapsed    | 39432    |
|    total_timesteps | 304000   |
| train/             |          |
|    actor_loss      | 2.91e+13 |
|    critic_loss     | 8.36e+26 |
|    ent_coef        | 1.4e+12  |
|    ent_coef_loss   | -523     |
|    learning_rate   | 0.0001   |
|    n_updates       | 303899   |
|    reward          | 35.67802 |
---------------------------------
EPISODE:  306
EPISODE:  307
EPISODE:  308
EPISODE:  309
---------------------------------
| time/              |          |
|    episodes        | 308      |
|    fps             | 7        |
|    time_elapsed    | 39949    |
|    total_timesteps | 308000   |
| train/             |          |
|    actor_loss      | 4.36e+13 |
|    critic_loss     | 1.84e+27 |
|    ent_coef        | 2.09e+12 |
|    ent_coef_loss   | -536     |
|    learning_rate   | 0.0001   |
|    n_updates       | 307899   |
|    reward          | 35.67802 |
---------------------------------
EPISODE:  310
EPISODE:  311
EPISODE:  312
EPISODE:  313
---------------------------------
| time/              |          |
|    episodes        | 312      |
|    fps             | 7        |
|    time_elapsed    | 40466    |
|    total_timesteps | 312000   |
| train/             |          |
|    actor_loss      | 6.44e+13 |
|    critic_loss     | 4.03e+27 |
|    ent_coef        | 3.1e+12  |
|    ent_coef_loss   | -539     |
|    learning_rate   | 0.0001   |
|    n_updates       | 311899   |
|    reward          | 35.67802 |
---------------------------------
EPISODE:  314
EPISODE:  315
EPISODE:  316
EPISODE:  317
---------------------------------
| time/              |          |
|    episodes        | 316      |
|    fps             | 7        |
|    time_elapsed    | 40983    |
|    total_timesteps | 316000   |
| train/             |          |
|    actor_loss      | 9.59e+13 |
|    critic_loss     | 9.03e+27 |
|    ent_coef        | 4.62e+12 |
|    ent_coef_loss   | -547     |
|    learning_rate   | 0.0001   |
|    n_updates       | 315899   |
|    reward          | 35.67802 |
---------------------------------
EPISODE:  318
EPISODE:  319
EPISODE:  320
EPISODE:  321
---------------------------------
| time/              |          |
|    episodes        | 320      |
|    fps             | 7        |
|    time_elapsed    | 41500    |
|    total_timesteps | 320000   |
| train/             |          |
|    actor_loss      | 1.43e+14 |
|    critic_loss     | 1.99e+28 |
|    ent_coef        | 6.87e+12 |
|    ent_coef_loss   | -555     |
|    learning_rate   | 0.0001   |
|    n_updates       | 319899   |
|    reward          | 35.67802 |
---------------------------------
EPISODE:  322
EPISODE:  323
EPISODE:  324
EPISODE:  325
---------------------------------
| time/              |          |
|    episodes        | 324      |
|    fps             | 7        |
|    time_elapsed    | 42016    |
|    total_timesteps | 324000   |
| train/             |          |
|    actor_loss      | 2.12e+14 |
|    critic_loss     | 4.44e+28 |
|    ent_coef        | 1.02e+13 |
|    ent_coef_loss   | -561     |
|    learning_rate   | 0.0001   |
|    n_updates       | 323899   |
|    reward          | 35.67802 |
---------------------------------
EPISODE:  326
EPISODE:  327
EPISODE:  328
EPISODE:  329
---------------------------------
| time/              |          |
|    episodes        | 328      |
|    fps             | 7        |
|    time_elapsed    | 42534    |
|    total_timesteps | 328000   |
| train/             |          |
|    actor_loss      | 3.16e+14 |
|    critic_loss     | 9.72e+28 |
|    ent_coef        | 1.52e+13 |
|    ent_coef_loss   | -569     |
|    learning_rate   | 0.0001   |
|    n_updates       | 327899   |
|    reward          | 35.67802 |
---------------------------------
EPISODE:  330
EPISODE:  331
EPISODE:  332
EPISODE:  333
---------------------------------
| time/              |          |
|    episodes        | 332      |
|    fps             | 7        |
|    time_elapsed    | 43050    |
|    total_timesteps | 332000   |
| train/             |          |
|    actor_loss      | 4.73e+14 |
|    critic_loss     | 2.19e+29 |
|    ent_coef        | 2.26e+13 |
|    ent_coef_loss   | -581     |
|    learning_rate   | 0.0001   |
|    n_updates       | 331899   |
|    reward          | 35.67802 |
---------------------------------
EPISODE:  334
EPISODE:  335
EPISODE:  336
EPISODE:  337
---------------------------------
| time/              |          |
|    episodes        | 336      |
|    fps             | 7        |
|    time_elapsed    | 43568    |
|    total_timesteps | 336000   |
| train/             |          |
|    actor_loss      | 7e+14    |
|    critic_loss     | 4.86e+29 |
|    ent_coef        | 3.37e+13 |
|    ent_coef_loss   | -585     |
|    learning_rate   | 0.0001   |
|    n_updates       | 335899   |
|    reward          | 35.67802 |
---------------------------------
EPISODE:  338
EPISODE:  339
EPISODE:  340
EPISODE:  341
---------------------------------
| time/              |          |
|    episodes        | 340      |
|    fps             | 7        |
|    time_elapsed    | 44084    |
|    total_timesteps | 340000   |
| train/             |          |
|    actor_loss      | 1.05e+15 |
|    critic_loss     | 1.07e+30 |
|    ent_coef        | 5.01e+13 |
|    ent_coef_loss   | -598     |
|    learning_rate   | 0.0001   |
|    n_updates       | 339899   |
|    reward          | 35.67802 |
---------------------------------
EPISODE:  342
EPISODE:  343
EPISODE:  344
EPISODE:  345
---------------------------------
| time/              |          |
|    episodes        | 344      |
|    fps             | 7        |
|    time_elapsed    | 44602    |
|    total_timesteps | 344000   |
| train/             |          |
|    actor_loss      | 1.54e+15 |
|    critic_loss     | 2.35e+30 |
|    ent_coef        | 7.46e+13 |
|    ent_coef_loss   | -596     |
|    learning_rate   | 0.0001   |
|    n_updates       | 343899   |
|    reward          | 35.67802 |
---------------------------------
EPISODE:  346
EPISODE:  347
EPISODE:  348
EPISODE:  349
---------------------------------
| time/              |          |
|    episodes        | 348      |
|    fps             | 7        |
|    time_elapsed    | 45118    |
|    total_timesteps | 348000   |
| train/             |          |
|    actor_loss      | 2.31e+15 |
|    critic_loss     | 5.33e+30 |
|    ent_coef        | 1.11e+14 |
|    ent_coef_loss   | -609     |
|    learning_rate   | 0.0001   |
|    n_updates       | 347899   |
|    reward          | 35.67802 |
---------------------------------
EPISODE:  350
EPISODE:  351
EPISODE:  352
EPISODE:  353
---------------------------------
| time/              |          |
|    episodes        | 352      |
|    fps             | 7        |
|    time_elapsed    | 45636    |
|    total_timesteps | 352000   |
| train/             |          |
|    actor_loss      | 3.43e+15 |
|    critic_loss     | 1.15e+31 |
|    ent_coef        | 1.65e+14 |
|    ent_coef_loss   | -615     |
|    learning_rate   | 0.0001   |
|    n_updates       | 351899   |
|    reward          | 35.67802 |
---------------------------------
EPISODE:  354
EPISODE:  355
EPISODE:  356
EPISODE:  357
---------------------------------
| time/              |          |
|    episodes        | 356      |
|    fps             | 7        |
|    time_elapsed    | 46153    |
|    total_timesteps | 356000   |
| train/             |          |
|    actor_loss      | 5.12e+15 |
|    critic_loss     | 2.51e+31 |
|    ent_coef        | 2.45e+14 |
|    ent_coef_loss   | -625     |
|    learning_rate   | 0.0001   |
|    n_updates       | 355899   |
|    reward          | 35.67802 |
---------------------------------
EPISODE:  358
EPISODE:  359
EPISODE:  360
EPISODE:  361
---------------------------------
| time/              |          |
|    episodes        | 360      |
|    fps             | 7        |
|    time_elapsed    | 46670    |
|    total_timesteps | 360000   |
| train/             |          |
|    actor_loss      | 7.6e+15  |
|    critic_loss     | 5.66e+31 |
|    ent_coef        | 3.65e+14 |
|    ent_coef_loss   | -632     |
|    learning_rate   | 0.0001   |
|    n_updates       | 359899   |
|    reward          | 35.67802 |
---------------------------------
EPISODE:  362
EPISODE:  363
EPISODE:  364
EPISODE:  365
---------------------------------
| time/              |          |
|    episodes        | 364      |
|    fps             | 7        |
|    time_elapsed    | 47187    |
|    total_timesteps | 364000   |
| train/             |          |
|    actor_loss      | 1.13e+16 |
|    critic_loss     | 1.24e+32 |
|    ent_coef        | 5.42e+14 |
|    ent_coef_loss   | -641     |
|    learning_rate   | 0.0001   |
|    n_updates       | 363899   |
|    reward          | 35.67802 |
---------------------------------
EPISODE:  366
EPISODE:  367
EPISODE:  368
EPISODE:  369
---------------------------------
| time/              |          |
|    episodes        | 368      |
|    fps             | 7        |
|    time_elapsed    | 47703    |
|    total_timesteps | 368000   |
| train/             |          |
|    actor_loss      | 1.68e+16 |
|    critic_loss     | 2.74e+32 |
|    ent_coef        | 8.06e+14 |
|    ent_coef_loss   | -647     |
|    learning_rate   | 0.0001   |
|    n_updates       | 367899   |
|    reward          | 35.67802 |
---------------------------------
EPISODE:  370
EPISODE:  371
EPISODE:  372
EPISODE:  373
---------------------------------
| time/              |          |
|    episodes        | 372      |
|    fps             | 7        |
|    time_elapsed    | 48221    |
|    total_timesteps | 372000   |
| train/             |          |
|    actor_loss      | 2.49e+16 |
|    critic_loss     | 6.16e+32 |
|    ent_coef        | 1.2e+15  |
|    ent_coef_loss   | -651     |
|    learning_rate   | 0.0001   |
|    n_updates       | 371899   |
|    reward          | 35.67802 |
---------------------------------
EPISODE:  374
EPISODE:  375
EPISODE:  376
EPISODE:  377
---------------------------------
| time/              |          |
|    episodes        | 376      |
|    fps             | 7        |
|    time_elapsed    | 48737    |
|    total_timesteps | 376000   |
| train/             |          |
|    actor_loss      | 3.71e+16 |
|    critic_loss     | 1.36e+33 |
|    ent_coef        | 1.78e+15 |
|    ent_coef_loss   | -660     |
|    learning_rate   | 0.0001   |
|    n_updates       | 375899   |
|    reward          | 35.67802 |
---------------------------------
EPISODE:  378
EPISODE:  379
EPISODE:  380
EPISODE:  381
---------------------------------
| time/              |          |
|    episodes        | 380      |
|    fps             | 7        |
|    time_elapsed    | 49255    |
|    total_timesteps | 380000   |
| train/             |          |
|    actor_loss      | 5.53e+16 |
|    critic_loss     | 2.98e+33 |
|    ent_coef        | 2.65e+15 |
|    ent_coef_loss   | -669     |
|    learning_rate   | 0.0001   |
|    n_updates       | 379899   |
|    reward          | 35.67802 |
---------------------------------
EPISODE:  382
EPISODE:  383
EPISODE:  384
EPISODE:  385
---------------------------------
| time/              |          |
|    episodes        | 384      |
|    fps             | 7        |
|    time_elapsed    | 49771    |
|    total_timesteps | 384000   |
| train/             |          |
|    actor_loss      | 8.2e+16  |
|    critic_loss     | 6.62e+33 |
|    ent_coef        | 3.94e+15 |
|    ent_coef_loss   | -675     |
|    learning_rate   | 0.0001   |
|    n_updates       | 383899   |
|    reward          | 35.67802 |
---------------------------------
EPISODE:  386
EPISODE:  387
EPISODE:  388
EPISODE:  389
---------------------------------
| time/              |          |
|    episodes        | 388      |
|    fps             | 7        |
|    time_elapsed    | 50289    |
|    total_timesteps | 388000   |
| train/             |          |
|    actor_loss      | 1.22e+17 |
|    critic_loss     | 1.47e+34 |
|    ent_coef        | 5.86e+15 |
|    ent_coef_loss   | -685     |
|    learning_rate   | 0.0001   |
|    n_updates       | 387899   |
|    reward          | 35.67802 |
---------------------------------
EPISODE:  390
EPISODE:  391
EPISODE:  392
EPISODE:  393
---------------------------------
| time/              |          |
|    episodes        | 392      |
|    fps             | 7        |
|    time_elapsed    | 50807    |
|    total_timesteps | 392000   |
| train/             |          |
|    actor_loss      | 1.82e+17 |
|    critic_loss     | 3.28e+34 |
|    ent_coef        | 8.72e+15 |
|    ent_coef_loss   | -694     |
|    learning_rate   | 0.0001   |
|    n_updates       | 391899   |
|    reward          | 35.67802 |
---------------------------------
EPISODE:  394
EPISODE:  395
EPISODE:  396
EPISODE:  397
---------------------------------
| time/              |          |
|    episodes        | 396      |
|    fps             | 7        |
|    time_elapsed    | 51323    |
|    total_timesteps | 396000   |
| train/             |          |
|    actor_loss      | 2.68e+17 |
|    critic_loss     | 7.1e+34  |
|    ent_coef        | 1.3e+16  |
|    ent_coef_loss   | -694     |
|    learning_rate   | 0.0001   |
|    n_updates       | 395899   |
|    reward          | 35.67802 |
---------------------------------
EPISODE:  398
EPISODE:  399
EPISODE:  400
EPISODE:  401
---------------------------------
| time/              |          |
|    episodes        | 400      |
|    fps             | 7        |
|    time_elapsed    | 51841    |
|    total_timesteps | 400000   |
| train/             |          |
|    actor_loss      | 3.97e+17 |
|    critic_loss     | 1.57e+35 |
|    ent_coef        | 1.93e+16 |
|    ent_coef_loss   | -697     |
|    learning_rate   | 0.0001   |
|    n_updates       | 399899   |
|    reward          | 35.67802 |
---------------------------------
EPISODE:  402
EPISODE:  403
EPISODE:  404
EPISODE:  405
---------------------------------
| time/              |          |
|    episodes        | 404      |
|    fps             | 7        |
|    time_elapsed    | 52357    |
|    total_timesteps | 404000   |
| train/             |          |
|    actor_loss      | 5.94e+17 |
|    critic_loss     | 3.47e+35 |
|    ent_coef        | 2.87e+16 |
|    ent_coef_loss   | -710     |
|    learning_rate   | 0.0001   |
|    n_updates       | 403899   |
|    reward          | 35.67802 |
---------------------------------
EPISODE:  406
EPISODE:  407
EPISODE:  408
EPISODE:  409
---------------------------------
| time/              |          |
|    episodes        | 408      |
|    fps             | 7        |
|    time_elapsed    | 52875    |
|    total_timesteps | 408000   |
| train/             |          |
|    actor_loss      | 8.85e+17 |
|    critic_loss     | 7.59e+35 |
|    ent_coef        | 4.26e+16 |
|    ent_coef_loss   | -719     |
|    learning_rate   | 0.0001   |
|    n_updates       | 407899   |
|    reward          | 35.67802 |
---------------------------------
EPISODE:  410
EPISODE:  411
EPISODE:  412
EPISODE:  413
---------------------------------
| time/              |          |
|    episodes        | 412      |
|    fps             | 7        |
|    time_elapsed    | 53392    |
|    total_timesteps | 412000   |
| train/             |          |
|    actor_loss      | 1.32e+18 |
|    critic_loss     | 1.71e+36 |
|    ent_coef        | 6.34e+16 |
|    ent_coef_loss   | -731     |
|    learning_rate   | 0.0001   |
|    n_updates       | 411899   |
|    reward          | 35.67802 |
---------------------------------
EPISODE:  414
EPISODE:  415
EPISODE:  416
EPISODE:  417
---------------------------------
| time/              |          |
|    episodes        | 416      |
|    fps             | 7        |
|    time_elapsed    | 53910    |
|    total_timesteps | 416000   |
| train/             |          |
|    actor_loss      | 1.96e+18 |
|    critic_loss     | inf      |
|    ent_coef        | 9.42e+16 |
|    ent_coef_loss   | -735     |
|    learning_rate   | 0.0001   |
|    n_updates       | 415899   |
|    reward          | 35.67802 |
---------------------------------
EPISODE:  418
EPISODE:  419
EPISODE:  420
EPISODE:  421
---------------------------------
| time/              |          |
|    episodes        | 420      |
|    fps             | 7        |
|    time_elapsed    | 54426    |
|    total_timesteps | 420000   |
| train/             |          |
|    actor_loss      | 2.91e+18 |
|    critic_loss     | inf      |
|    ent_coef        | 1.4e+17  |
|    ent_coef_loss   | -742     |
|    learning_rate   | 0.0001   |
|    n_updates       | 419899   |
|    reward          | 35.67802 |
---------------------------------
EPISODE:  422
EPISODE:  423
EPISODE:  424
EPISODE:  425
---------------------------------
| time/              |          |
|    episodes        | 424      |
|    fps             | 7        |
|    time_elapsed    | 54944    |
|    total_timesteps | 424000   |
| train/             |          |
|    actor_loss      | 4.32e+18 |
|    critic_loss     | inf      |
|    ent_coef        | 2.08e+17 |
|    ent_coef_loss   | -747     |
|    learning_rate   | 0.0001   |
|    n_updates       | 423899   |
|    reward          | 35.67802 |
---------------------------------
EPISODE:  426
EPISODE:  427
EPISODE:  428
EPISODE:  429
---------------------------------
| time/              |          |
|    episodes        | 428      |
|    fps             | 7        |
|    time_elapsed    | 55461    |
|    total_timesteps | 428000   |
| train/             |          |
|    actor_loss      | 6.48e+18 |
|    critic_loss     | inf      |
|    ent_coef        | 3.1e+17  |
|    ent_coef_loss   | -762     |
|    learning_rate   | 0.0001   |
|    n_updates       | 427899   |
|    reward          | 35.67802 |
---------------------------------
EPISODE:  430
EPISODE:  431
EPISODE:  432
EPISODE:  433
---------------------------------
| time/              |          |
|    episodes        | 432      |
|    fps             | 7        |
|    time_elapsed    | 55978    |
|    total_timesteps | 432000   |
| train/             |          |
|    actor_loss      | 9.59e+18 |
|    critic_loss     | inf      |
|    ent_coef        | 4.61e+17 |
|    ent_coef_loss   | -765     |
|    learning_rate   | 0.0001   |
|    n_updates       | 431899   |
|    reward          | 35.67802 |
---------------------------------
EPISODE:  434
EPISODE:  435
EPISODE:  436
EPISODE:  437
---------------------------------
| time/              |          |
|    episodes        | 436      |
|    fps             | 7        |
|    time_elapsed    | 56495    |
|    total_timesteps | 436000   |
| train/             |          |
|    actor_loss      | 1.43e+19 |
|    critic_loss     | inf      |
|    ent_coef        | 6.85e+17 |
|    ent_coef_loss   | -773     |
|    learning_rate   | 0.0001   |
|    n_updates       | 435899   |
|    reward          | 35.67802 |
---------------------------------
EPISODE:  438
EPISODE:  439
EPISODE:  440
EPISODE:  441
---------------------------------
| time/              |          |
|    episodes        | 440      |
|    fps             | 7        |
|    time_elapsed    | 57011    |
|    total_timesteps | 440000   |
| train/             |          |
|    actor_loss      | 2.13e+19 |
|    critic_loss     | inf      |
|    ent_coef        | 1.02e+18 |
|    ent_coef_loss   | -783     |
|    learning_rate   | 0.0001   |
|    n_updates       | 439899   |
|    reward          | 35.67802 |
---------------------------------
EPISODE:  442
EPISODE:  443
EPISODE:  444
EPISODE:  445
---------------------------------
| time/              |          |
|    episodes        | 444      |
|    fps             | 7        |
|    time_elapsed    | 57529    |
|    total_timesteps | 444000   |
| train/             |          |
|    actor_loss      | 3.17e+19 |
|    critic_loss     | inf      |
|    ent_coef        | 1.51e+18 |
|    ent_coef_loss   | -793     |
|    learning_rate   | 0.0001   |
|    n_updates       | 443899   |
|    reward          | 35.67802 |
---------------------------------
EPISODE:  446
EPISODE:  447
EPISODE:  448
EPISODE:  449
---------------------------------
| time/              |          |
|    episodes        | 448      |
|    fps             | 7        |
|    time_elapsed    | 58045    |
|    total_timesteps | 448000   |
| train/             |          |
|    actor_loss      | 4.67e+19 |
|    critic_loss     | inf      |
|    ent_coef        | 2.25e+18 |
|    ent_coef_loss   | -791     |
|    learning_rate   | 0.0001   |
|    n_updates       | 447899   |
|    reward          | 35.67802 |
---------------------------------
EPISODE:  450
EPISODE:  451
EPISODE:  452
EPISODE:  453
---------------------------------
| time/              |          |
|    episodes        | 452      |
|    fps             | 7        |
|    time_elapsed    | 58562    |
|    total_timesteps | 452000   |
| train/             |          |
|    actor_loss      | 6.97e+19 |
|    critic_loss     | inf      |
|    ent_coef        | 3.35e+18 |
|    ent_coef_loss   | -802     |
|    learning_rate   | 0.0001   |
|    n_updates       | 451899   |
|    reward          | 35.67802 |
---------------------------------
EPISODE:  454
EPISODE:  455
EPISODE:  456
EPISODE:  457
---------------------------------
| time/              |          |
|    episodes        | 456      |
|    fps             | 7        |
|    time_elapsed    | 59079    |
|    total_timesteps | 456000   |
| train/             |          |
|    actor_loss      | 1.03e+20 |
|    critic_loss     | inf      |
|    ent_coef        | 4.98e+18 |
|    ent_coef_loss   | -807     |
|    learning_rate   | 0.0001   |
|    n_updates       | 455899   |
|    reward          | 35.67802 |
---------------------------------
EPISODE:  458
EPISODE:  459
EPISODE:  460
EPISODE:  461
---------------------------------
| time/              |          |
|    episodes        | 460      |
|    fps             | 7        |
|    time_elapsed    | 59596    |
|    total_timesteps | 460000   |
| train/             |          |
|    actor_loss      | 1.53e+20 |
|    critic_loss     | inf      |
|    ent_coef        | 7.4e+18  |
|    ent_coef_loss   | -808     |
|    learning_rate   | 0.0001   |
|    n_updates       | 459899   |
|    reward          | 35.67802 |
---------------------------------
EPISODE:  462
EPISODE:  463
EPISODE:  464
EPISODE:  465
---------------------------------
| time/              |          |
|    episodes        | 464      |
|    fps             | 7        |
|    time_elapsed    | 60114    |
|    total_timesteps | 464000   |
| train/             |          |
|    actor_loss      | 2.28e+20 |
|    critic_loss     | inf      |
|    ent_coef        | 1.1e+19  |
|    ent_coef_loss   | -820     |
|    learning_rate   | 0.0001   |
|    n_updates       | 463899   |
|    reward          | 35.67802 |
---------------------------------
EPISODE:  466
EPISODE:  467
EPISODE:  468
EPISODE:  469
---------------------------------
| time/              |          |
|    episodes        | 468      |
|    fps             | 7        |
|    time_elapsed    | 60631    |
|    total_timesteps | 468000   |
| train/             |          |
|    actor_loss      | 3.41e+20 |
|    critic_loss     | inf      |
|    ent_coef        | 1.64e+19 |
|    ent_coef_loss   | -832     |
|    learning_rate   | 0.0001   |
|    n_updates       | 467899   |
|    reward          | 35.67802 |
---------------------------------
EPISODE:  470
EPISODE:  471
EPISODE:  472
EPISODE:  473
---------------------------------
| time/              |          |
|    episodes        | 472      |
|    fps             | 7        |
|    time_elapsed    | 61149    |
|    total_timesteps | 472000   |
| train/             |          |
|    actor_loss      | 5.05e+20 |
|    critic_loss     | inf      |
|    ent_coef        | 2.43e+19 |
|    ent_coef_loss   | -837     |
|    learning_rate   | 0.0001   |
|    n_updates       | 471899   |
|    reward          | 35.67802 |
---------------------------------
EPISODE:  474
EPISODE:  475
EPISODE:  476
EPISODE:  477
---------------------------------
| time/              |          |
|    episodes        | 476      |
|    fps             | 7        |
|    time_elapsed    | 61665    |
|    total_timesteps | 476000   |
| train/             |          |
|    actor_loss      | 7.47e+20 |
|    critic_loss     | inf      |
|    ent_coef        | 3.62e+19 |
|    ent_coef_loss   | -839     |
|    learning_rate   | 0.0001   |
|    n_updates       | 475899   |
|    reward          | 35.67802 |
---------------------------------
EPISODE:  478
EPISODE:  479
EPISODE:  480
EPISODE:  481
---------------------------------
| time/              |          |
|    episodes        | 480      |
|    fps             | 7        |
|    time_elapsed    | 62184    |
|    total_timesteps | 480000   |
| train/             |          |
|    actor_loss      | 1.11e+21 |
|    critic_loss     | inf      |
|    ent_coef        | 5.38e+19 |
|    ent_coef_loss   | -846     |
|    learning_rate   | 0.0001   |
|    n_updates       | 479899   |
|    reward          | 35.67802 |
---------------------------------
EPISODE:  482
EPISODE:  483
EPISODE:  484
EPISODE:  485
---------------------------------
| time/              |          |
|    episodes        | 484      |
|    fps             | 7        |
|    time_elapsed    | 62700    |
|    total_timesteps | 484000   |
| train/             |          |
|    actor_loss      | 1.67e+21 |
|    critic_loss     | inf      |
|    ent_coef        | 8e+19    |
|    ent_coef_loss   | -862     |
|    learning_rate   | 0.0001   |
|    n_updates       | 483899   |
|    reward          | 35.67802 |
---------------------------------
EPISODE:  486
EPISODE:  487
EPISODE:  488
EPISODE:  489
---------------------------------
| time/              |          |
|    episodes        | 488      |
|    fps             | 7        |
|    time_elapsed    | 63218    |
|    total_timesteps | 488000   |
| train/             |          |
|    actor_loss      | 2.47e+21 |
|    critic_loss     | inf      |
|    ent_coef        | 1.19e+20 |
|    ent_coef_loss   | -869     |
|    learning_rate   | 0.0001   |
|    n_updates       | 487899   |
|    reward          | 35.67802 |
---------------------------------
EPISODE:  490
EPISODE:  491
EPISODE:  492
EPISODE:  493
---------------------------------
| time/              |          |
|    episodes        | 492      |
|    fps             | 7        |
|    time_elapsed    | 63734    |
|    total_timesteps | 492000   |
| train/             |          |
|    actor_loss      | 3.67e+21 |
|    critic_loss     | inf      |
|    ent_coef        | 1.77e+20 |
|    ent_coef_loss   | -874     |
|    learning_rate   | 0.0001   |
|    n_updates       | 491899   |
|    reward          | 35.67802 |
---------------------------------
EPISODE:  494
EPISODE:  495
EPISODE:  496
EPISODE:  497
---------------------------------
| time/              |          |
|    episodes        | 496      |
|    fps             | 7        |
|    time_elapsed    | 64252    |
|    total_timesteps | 496000   |
| train/             |          |
|    actor_loss      | 5.45e+21 |
|    critic_loss     | inf      |
|    ent_coef        | 2.63e+20 |
|    ent_coef_loss   | -881     |
|    learning_rate   | 0.0001   |
|    n_updates       | 495899   |
|    reward          | 35.67802 |
---------------------------------
EPISODE:  498
EPISODE:  499
EPISODE:  500
EPISODE:  501
---------------------------------
| time/              |          |
|    episodes        | 500      |
|    fps             | 7        |
|    time_elapsed    | 64769    |
|    total_timesteps | 500000   |
| train/             |          |
|    actor_loss      | 8.14e+21 |
|    critic_loss     | inf      |
|    ent_coef        | 3.91e+20 |
|    ent_coef_loss   | -892     |
|    learning_rate   | 0.0001   |
|    n_updates       | 499899   |
|    reward          | 35.67802 |
---------------------------------
Saved episode log to Results/4_1/sac/downward/training_logs/03.csv
