EPISODE:  0
{'n_steps': 5, 'ent_coef': 0.005, 'learning_rate': 0.0002}
Using cpu device
EPISODE:  1
-----------------------------------------
| time/                 |               |
|    fps                | 84            |
|    iterations         | 100           |
|    time_elapsed       | 5             |
|    total_timesteps    | 500           |
| train/                |               |
|    entropy_loss       | -2.85         |
|    explained_variance | 0.0559        |
|    learning_rate      | 0.0002        |
|    n_updates          | 99            |
|    policy_loss        | 0.0209        |
|    reward             | -0.0019723752 |
|    std                | 1.01          |
|    value_loss         | 0.000393      |
-----------------------------------------
EPISODE:  2
-----------------------------------------
| time/                 |               |
|    fps                | 83            |
|    iterations         | 200           |
|    time_elapsed       | 11            |
|    total_timesteps    | 1000          |
| train/                |               |
|    entropy_loss       | -2.86         |
|    explained_variance | 0.558         |
|    learning_rate      | 0.0002        |
|    n_updates          | 199           |
|    policy_loss        | -0.0196       |
|    reward             | -0.0073115462 |
|    std                | 1.01          |
|    value_loss         | 0.00096       |
-----------------------------------------
---------------------------------------
| time/                 |             |
|    fps                | 83          |
|    iterations         | 300         |
|    time_elapsed       | 17          |
|    total_timesteps    | 1500        |
| train/                |             |
|    entropy_loss       | -2.87       |
|    explained_variance | 0.00956     |
|    learning_rate      | 0.0002      |
|    n_updates          | 299         |
|    policy_loss        | 0.000621    |
|    reward             | 0.018380092 |
|    std                | 1.02        |
|    value_loss         | 2.18e-05    |
---------------------------------------
EPISODE:  3
---------------------------------------
| time/                 |             |
|    fps                | 83          |
|    iterations         | 400         |
|    time_elapsed       | 24          |
|    total_timesteps    | 2000        |
| train/                |             |
|    entropy_loss       | -2.88       |
|    explained_variance | 0.24        |
|    learning_rate      | 0.0002      |
|    n_updates          | 399         |
|    policy_loss        | 0.0567      |
|    reward             | 0.021779204 |
|    std                | 1.02        |
|    value_loss         | 0.00038     |
---------------------------------------
----------------------------------------
| time/                 |              |
|    fps                | 81           |
|    iterations         | 500          |
|    time_elapsed       | 30           |
|    total_timesteps    | 2500         |
| train/                |              |
|    entropy_loss       | -2.88        |
|    explained_variance | 0.0306       |
|    learning_rate      | 0.0002       |
|    n_updates          | 499          |
|    policy_loss        | -0.0186      |
|    reward             | -0.031058315 |
|    std                | 1.02         |
|    value_loss         | 0.000188     |
----------------------------------------
EPISODE:  4
----------------------------------------
| time/                 |              |
|    fps                | 79           |
|    iterations         | 600          |
|    time_elapsed       | 37           |
|    total_timesteps    | 3000         |
| train/                |              |
|    entropy_loss       | -2.89        |
|    explained_variance | -3.48        |
|    learning_rate      | 0.0002       |
|    n_updates          | 599          |
|    policy_loss        | 0.0505       |
|    reward             | -0.023144826 |
|    std                | 1.03         |
|    value_loss         | 0.000895     |
----------------------------------------
---------------------------------------
| time/                 |             |
|    fps                | 75          |
|    iterations         | 700         |
|    time_elapsed       | 46          |
|    total_timesteps    | 3500        |
| train/                |             |
|    entropy_loss       | -2.9        |
|    explained_variance | 0.0126      |
|    learning_rate      | 0.0002      |
|    n_updates          | 699         |
|    policy_loss        | 0.0431      |
|    reward             | 0.001949872 |
|    std                | 1.03        |
|    value_loss         | 0.000362    |
---------------------------------------
EPISODE:  5
---------------------------------------
| time/                 |             |
|    fps                | 73          |
|    iterations         | 800         |
|    time_elapsed       | 54          |
|    total_timesteps    | 4000        |
| train/                |             |
|    entropy_loss       | -2.9        |
|    explained_variance | -0.235      |
|    learning_rate      | 0.0002      |
|    n_updates          | 799         |
|    policy_loss        | 0.0489      |
|    reward             | 0.028166164 |
|    std                | 1.03        |
|    value_loss         | 0.000487    |
---------------------------------------
----------------------------------------
| time/                 |              |
|    fps                | 71           |
|    iterations         | 900          |
|    time_elapsed       | 62           |
|    total_timesteps    | 4500         |
| train/                |              |
|    entropy_loss       | -2.92        |
|    explained_variance | -0.229       |
|    learning_rate      | 0.0002       |
|    n_updates          | 899          |
|    policy_loss        | -0.0257      |
|    reward             | -0.047278725 |
|    std                | 1.04         |
|    value_loss         | 0.000259     |
----------------------------------------
EPISODE:  6
---------------------------------------
| time/                 |             |
|    fps                | 70          |
|    iterations         | 1000        |
|    time_elapsed       | 70          |
|    total_timesteps    | 5000        |
| train/                |             |
|    entropy_loss       | -2.93       |
|    explained_variance | 0.223       |
|    learning_rate      | 0.0002      |
|    n_updates          | 999         |
|    policy_loss        | 0.0202      |
|    reward             | 0.013321476 |
|    std                | 1.05        |
|    value_loss         | 0.000366    |
---------------------------------------
---------------------------------------
| time/                 |             |
|    fps                | 69          |
|    iterations         | 1100        |
|    time_elapsed       | 79          |
|    total_timesteps    | 5500        |
| train/                |             |
|    entropy_loss       | -2.94       |
|    explained_variance | -0.0896     |
|    learning_rate      | 0.0002      |
|    n_updates          | 1099        |
|    policy_loss        | -0.0154     |
|    reward             | 0.006106989 |
|    std                | 1.05        |
|    value_loss         | 0.000609    |
---------------------------------------
EPISODE:  7
----------------------------------------
| time/                 |              |
|    fps                | 67           |
|    iterations         | 1200         |
|    time_elapsed       | 88           |
|    total_timesteps    | 6000         |
| train/                |              |
|    entropy_loss       | -2.94        |
|    explained_variance | 0.213        |
|    learning_rate      | 0.0002       |
|    n_updates          | 1199         |
|    policy_loss        | -0.0218      |
|    reward             | -0.020905094 |
|    std                | 1.05         |
|    value_loss         | 0.000284     |
----------------------------------------
----------------------------------------
| time/                 |              |
|    fps                | 67           |
|    iterations         | 1300         |
|    time_elapsed       | 96           |
|    total_timesteps    | 6500         |
| train/                |              |
|    entropy_loss       | -2.95        |
|    explained_variance | -3.89        |
|    learning_rate      | 0.0002       |
|    n_updates          | 1299         |
|    policy_loss        | -0.0151      |
|    reward             | -0.018593235 |
|    std                | 1.06         |
|    value_loss         | 9.16e-05     |
----------------------------------------
EPISODE:  8
----------------------------------------
| time/                 |              |
|    fps                | 66           |
|    iterations         | 1400         |
|    time_elapsed       | 105          |
|    total_timesteps    | 7000         |
| train/                |              |
|    entropy_loss       | -2.96        |
|    explained_variance | -0.135       |
|    learning_rate      | 0.0002       |
|    n_updates          | 1399         |
|    policy_loss        | -0.0395      |
|    reward             | -0.032270487 |
|    std                | 1.06         |
|    value_loss         | 0.000548     |
----------------------------------------
---------------------------------------
| time/                 |             |
|    fps                | 64          |
|    iterations         | 1500        |
|    time_elapsed       | 115         |
|    total_timesteps    | 7500        |
| train/                |             |
|    entropy_loss       | -2.96       |
|    explained_variance | -0.307      |
|    learning_rate      | 0.0002      |
|    n_updates          | 1499        |
|    policy_loss        | 0.181       |
|    reward             | 0.035131782 |
|    std                | 1.07        |
|    value_loss         | 0.00451     |
---------------------------------------
EPISODE:  9
-----------------------------------------
| time/                 |               |
|    fps                | 64            |
|    iterations         | 1600          |
|    time_elapsed       | 124           |
|    total_timesteps    | 8000          |
| train/                |               |
|    entropy_loss       | -2.97         |
|    explained_variance | 0.00822       |
|    learning_rate      | 0.0002        |
|    n_updates          | 1599          |
|    policy_loss        | 0.242         |
|    reward             | -0.0033876866 |
|    std                | 1.07          |
|    value_loss         | 0.00848       |
-----------------------------------------
----------------------------------------
| time/                 |              |
|    fps                | 64           |
|    iterations         | 1700         |
|    time_elapsed       | 132          |
|    total_timesteps    | 8500         |
| train/                |              |
|    entropy_loss       | -2.97        |
|    explained_variance | -3.85        |
|    learning_rate      | 0.0002       |
|    n_updates          | 1699         |
|    policy_loss        | -0.114       |
|    reward             | 0.0078001926 |
|    std                | 1.07         |
|    value_loss         | 0.00207      |
----------------------------------------
EPISODE:  10
---------------------------------------
| time/                 |             |
|    fps                | 64          |
|    iterations         | 1800        |
|    time_elapsed       | 139         |
|    total_timesteps    | 9000        |
| train/                |             |
|    entropy_loss       | -2.98       |
|    explained_variance | 0.275       |
|    learning_rate      | 0.0002      |
|    n_updates          | 1799        |
|    policy_loss        | 0.0262      |
|    reward             | 0.011329042 |
|    std                | 1.07        |
|    value_loss         | 0.000339    |
---------------------------------------
----------------------------------------
| time/                 |              |
|    fps                | 64           |
|    iterations         | 1900         |
|    time_elapsed       | 147          |
|    total_timesteps    | 9500         |
| train/                |              |
|    entropy_loss       | -2.98        |
|    explained_variance | 0.524        |
|    learning_rate      | 0.0002       |
|    n_updates          | 1899         |
|    policy_loss        | 0.0794       |
|    reward             | -0.015992418 |
|    std                | 1.08         |
|    value_loss         | 0.00115      |
----------------------------------------
EPISODE:  11
----------------------------------------
| time/                 |              |
|    fps                | 64           |
|    iterations         | 2000         |
|    time_elapsed       | 154          |
|    total_timesteps    | 10000        |
| train/                |              |
|    entropy_loss       | -2.99        |
|    explained_variance | 0.13         |
|    learning_rate      | 0.0002       |
|    n_updates          | 1999         |
|    policy_loss        | -0.0243      |
|    reward             | 0.0011028768 |
|    std                | 1.08         |
|    value_loss         | 0.00013      |
----------------------------------------
---------------------------------------
| time/                 |             |
|    fps                | 64          |
|    iterations         | 2100        |
|    time_elapsed       | 162         |
|    total_timesteps    | 10500       |
| train/                |             |
|    entropy_loss       | -3          |
|    explained_variance | 0.804       |
|    learning_rate      | 0.0002      |
|    n_updates          | 2099        |
|    policy_loss        | -0.0174     |
|    reward             | 0.007854854 |
|    std                | 1.08        |
|    value_loss         | 4.29e-05    |
---------------------------------------
EPISODE:  12
----------------------------------------
| time/                 |              |
|    fps                | 64           |
|    iterations         | 2200         |
|    time_elapsed       | 169          |
|    total_timesteps    | 11000        |
| train/                |              |
|    entropy_loss       | -3.01        |
|    explained_variance | -0.0352      |
|    learning_rate      | 0.0002       |
|    n_updates          | 2199         |
|    policy_loss        | -0.0649      |
|    reward             | 0.0045016585 |
|    std                | 1.09         |
|    value_loss         | 0.000747     |
----------------------------------------
----------------------------------------
| time/                 |              |
|    fps                | 64           |
|    iterations         | 2300         |
|    time_elapsed       | 178          |
|    total_timesteps    | 11500        |
| train/                |              |
|    entropy_loss       | -3.01        |
|    explained_variance | -0.00678     |
|    learning_rate      | 0.0002       |
|    n_updates          | 2299         |
|    policy_loss        | 0.206        |
|    reward             | -0.023609914 |
|    std                | 1.09         |
|    value_loss         | 0.00215      |
----------------------------------------
EPISODE:  13
------------------------------------------
| time/                 |                |
|    fps                | 64             |
|    iterations         | 2400           |
|    time_elapsed       | 186            |
|    total_timesteps    | 12000          |
| train/                |                |
|    entropy_loss       | -3.02          |
|    explained_variance | 0.103          |
|    learning_rate      | 0.0002         |
|    n_updates          | 2399           |
|    policy_loss        | -0.102         |
|    reward             | -0.00030581135 |
|    std                | 1.1            |
|    value_loss         | 0.00111        |
------------------------------------------
----------------------------------------
| time/                 |              |
|    fps                | 63           |
|    iterations         | 2500         |
|    time_elapsed       | 196          |
|    total_timesteps    | 12500        |
| train/                |              |
|    entropy_loss       | -3.03        |
|    explained_variance | 0.0369       |
|    learning_rate      | 0.0002       |
|    n_updates          | 2499         |
|    policy_loss        | -0.0725      |
|    reward             | 0.0031929826 |
|    std                | 1.1          |
|    value_loss         | 0.00168      |
----------------------------------------
EPISODE:  14
---------------------------------------
| time/                 |             |
|    fps                | 63          |
|    iterations         | 2600        |
|    time_elapsed       | 205         |
|    total_timesteps    | 13000       |
| train/                |             |
|    entropy_loss       | -3.04       |
|    explained_variance | 0.24        |
|    learning_rate      | 0.0002      |
|    n_updates          | 2599        |
|    policy_loss        | 0.0492      |
|    reward             | 0.045828205 |
|    std                | 1.11        |
|    value_loss         | 0.000436    |
---------------------------------------
--------------------------------------
| time/                 |            |
|    fps                | 63         |
|    iterations         | 2700       |
|    time_elapsed       | 214        |
|    total_timesteps    | 13500      |
| train/                |            |
|    entropy_loss       | -3.06      |
|    explained_variance | 0.0247     |
|    learning_rate      | 0.0002     |
|    n_updates          | 2699       |
|    policy_loss        | 0.0752     |
|    reward             | -0.0091819 |
|    std                | 1.12       |
|    value_loss         | 0.000482   |
--------------------------------------
EPISODE:  15
----------------------------------------
| time/                 |              |
|    fps                | 62           |
|    iterations         | 2800         |
|    time_elapsed       | 222          |
|    total_timesteps    | 14000        |
| train/                |              |
|    entropy_loss       | -3.06        |
|    explained_variance | -0.0125      |
|    learning_rate      | 0.0002       |
|    n_updates          | 2799         |
|    policy_loss        | -0.0168      |
|    reward             | -0.017238177 |
|    std                | 1.12         |
|    value_loss         | 0.000256     |
----------------------------------------
---------------------------------------
| time/                 |             |
|    fps                | 62          |
|    iterations         | 2900        |
|    time_elapsed       | 232         |
|    total_timesteps    | 14500       |
| train/                |             |
|    entropy_loss       | -3.07       |
|    explained_variance | 0.00031     |
|    learning_rate      | 0.0002      |
|    n_updates          | 2899        |
|    policy_loss        | 0.0588      |
|    reward             | -0.01905814 |
|    std                | 1.13        |
|    value_loss         | 0.000453    |
---------------------------------------
EPISODE:  16
----------------------------------------
| time/                 |              |
|    fps                | 62           |
|    iterations         | 3000         |
|    time_elapsed       | 240          |
|    total_timesteps    | 15000        |
| train/                |              |
|    entropy_loss       | -3.09        |
|    explained_variance | 0.395        |
|    learning_rate      | 0.0002       |
|    n_updates          | 2999         |
|    policy_loss        | 0.0407       |
|    reward             | -0.004703705 |
|    std                | 1.13         |
|    value_loss         | 0.000241     |
----------------------------------------
----------------------------------------
| time/                 |              |
|    fps                | 62           |
|    iterations         | 3100         |
|    time_elapsed       | 248          |
|    total_timesteps    | 15500        |
| train/                |              |
|    entropy_loss       | -3.1         |
|    explained_variance | -0.0837      |
|    learning_rate      | 0.0002       |
|    n_updates          | 3099         |
|    policy_loss        | -0.0935      |
|    reward             | -0.028644595 |
|    std                | 1.14         |
|    value_loss         | 0.00106      |
----------------------------------------
EPISODE:  17
---------------------------------------
| time/                 |             |
|    fps                | 62          |
|    iterations         | 3200        |
|    time_elapsed       | 257         |
|    total_timesteps    | 16000       |
| train/                |             |
|    entropy_loss       | -3.1        |
|    explained_variance | 0.288       |
|    learning_rate      | 0.0002      |
|    n_updates          | 3199        |
|    policy_loss        | -0.0896     |
|    reward             | -0.01252144 |
|    std                | 1.14        |
|    value_loss         | 0.000933    |
---------------------------------------
-----------------------------------------
| time/                 |               |
|    fps                | 62            |
|    iterations         | 3300          |
|    time_elapsed       | 264           |
|    total_timesteps    | 16500         |
| train/                |               |
|    entropy_loss       | -3.11         |
|    explained_variance | 0.00277       |
|    learning_rate      | 0.0002        |
|    n_updates          | 3299          |
|    policy_loss        | -0.149        |
|    reward             | -0.0043682056 |
|    std                | 1.15          |
|    value_loss         | 0.0037        |
-----------------------------------------
EPISODE:  18
---------------------------------------
| time/                 |             |
|    fps                | 62          |
|    iterations         | 3400        |
|    time_elapsed       | 274         |
|    total_timesteps    | 17000       |
| train/                |             |
|    entropy_loss       | -3.12       |
|    explained_variance | -0.045      |
|    learning_rate      | 0.0002      |
|    n_updates          | 3399        |
|    policy_loss        | 0.0787      |
|    reward             | 0.016882619 |
|    std                | 1.15        |
|    value_loss         | 0.000948    |
---------------------------------------
----------------------------------------
| time/                 |              |
|    fps                | 61           |
|    iterations         | 3500         |
|    time_elapsed       | 283          |
|    total_timesteps    | 17500        |
| train/                |              |
|    entropy_loss       | -3.13        |
|    explained_variance | 0.147        |
|    learning_rate      | 0.0002       |
|    n_updates          | 3499         |
|    policy_loss        | 0.0418       |
|    reward             | -0.009887968 |
|    std                | 1.15         |
|    value_loss         | 0.00064      |
----------------------------------------
EPISODE:  19
----------------------------------------
| time/                 |              |
|    fps                | 61           |
|    iterations         | 3600         |
|    time_elapsed       | 291          |
|    total_timesteps    | 18000        |
| train/                |              |
|    entropy_loss       | -3.13        |
|    explained_variance | -0.00051     |
|    learning_rate      | 0.0002       |
|    n_updates          | 3599         |
|    policy_loss        | 0.18         |
|    reward             | -0.016650118 |
|    std                | 1.16         |
|    value_loss         | 0.00292      |
----------------------------------------
---------------------------------------
| time/                 |             |
|    fps                | 61          |
|    iterations         | 3700        |
|    time_elapsed       | 300         |
|    total_timesteps    | 18500       |
| train/                |             |
|    entropy_loss       | -3.14       |
|    explained_variance | 0.44        |
|    learning_rate      | 0.0002      |
|    n_updates          | 3699        |
|    policy_loss        | -0.0175     |
|    reward             | 0.026260594 |
|    std                | 1.16        |
|    value_loss         | 8.14e-05    |
---------------------------------------
EPISODE:  20
---------------------------------------
| time/                 |             |
|    fps                | 61          |
|    iterations         | 3800        |
|    time_elapsed       | 308         |
|    total_timesteps    | 19000       |
| train/                |             |
|    entropy_loss       | -3.15       |
|    explained_variance | 0.263       |
|    learning_rate      | 0.0002      |
|    n_updates          | 3799        |
|    policy_loss        | 0.014       |
|    reward             | 0.056966893 |
|    std                | 1.17        |
|    value_loss         | 0.000147    |
---------------------------------------
---------------------------------------
| time/                 |             |
|    fps                | 61          |
|    iterations         | 3900        |
|    time_elapsed       | 317         |
|    total_timesteps    | 19500       |
| train/                |             |
|    entropy_loss       | -3.16       |
|    explained_variance | -0.434      |
|    learning_rate      | 0.0002      |
|    n_updates          | 3899        |
|    policy_loss        | 0.0535      |
|    reward             | 0.026783502 |
|    std                | 1.17        |
|    value_loss         | 0.00104     |
---------------------------------------
EPISODE:  21
---------------------------------------
| time/                 |             |
|    fps                | 61          |
|    iterations         | 4000        |
|    time_elapsed       | 326         |
|    total_timesteps    | 20000       |
| train/                |             |
|    entropy_loss       | -3.17       |
|    explained_variance | -0.874      |
|    learning_rate      | 0.0002      |
|    n_updates          | 3999        |
|    policy_loss        | -0.0447     |
|    reward             | -0.01580957 |
|    std                | 1.18        |
|    value_loss         | 0.00158     |
---------------------------------------
---------------------------------------
| time/                 |             |
|    fps                | 61          |
|    iterations         | 4100        |
|    time_elapsed       | 335         |
|    total_timesteps    | 20500       |
| train/                |             |
|    entropy_loss       | -3.18       |
|    explained_variance | -1.66       |
|    learning_rate      | 0.0002      |
|    n_updates          | 4099        |
|    policy_loss        | -0.155      |
|    reward             | 0.015335601 |
|    std                | 1.19        |
|    value_loss         | 0.00284     |
---------------------------------------
EPISODE:  22
-----------------------------------------
| time/                 |               |
|    fps                | 61            |
|    iterations         | 4200          |
|    time_elapsed       | 343           |
|    total_timesteps    | 21000         |
| train/                |               |
|    entropy_loss       | -3.19         |
|    explained_variance | -0.956        |
|    learning_rate      | 0.0002        |
|    n_updates          | 4199          |
|    policy_loss        | -0.12         |
|    reward             | -0.0040828143 |
|    std                | 1.19          |
|    value_loss         | 0.00225       |
-----------------------------------------
----------------------------------------
| time/                 |              |
|    fps                | 61           |
|    iterations         | 4300         |
|    time_elapsed       | 352          |
|    total_timesteps    | 21500        |
| train/                |              |
|    entropy_loss       | -3.2         |
|    explained_variance | 0.492        |
|    learning_rate      | 0.0002       |
|    n_updates          | 4299         |
|    policy_loss        | -0.0106      |
|    reward             | -0.023736034 |
|    std                | 1.2          |
|    value_loss         | 0.000148     |
----------------------------------------
EPISODE:  23
-------------------------------------
| time/                 |           |
|    fps                | 60        |
|    iterations         | 4400      |
|    time_elapsed       | 360       |
|    total_timesteps    | 22000     |
| train/                |           |
|    entropy_loss       | -3.22     |
|    explained_variance | -1.35     |
|    learning_rate      | 0.0002    |
|    n_updates          | 4399      |
|    policy_loss        | -0.0526   |
|    reward             | 0.0113648 |
|    std                | 1.21      |
|    value_loss         | 0.000577  |
-------------------------------------
----------------------------------------
| time/                 |              |
|    fps                | 61           |
|    iterations         | 4500         |
|    time_elapsed       | 368          |
|    total_timesteps    | 22500        |
| train/                |              |
|    entropy_loss       | -3.22        |
|    explained_variance | 0.286        |
|    learning_rate      | 0.0002       |
|    n_updates          | 4499         |
|    policy_loss        | 0.0554       |
|    reward             | -0.024308264 |
|    std                | 1.21         |
|    value_loss         | 0.000308     |
----------------------------------------
EPISODE:  24
---------------------------------------
| time/                 |             |
|    fps                | 60          |
|    iterations         | 4600        |
|    time_elapsed       | 377         |
|    total_timesteps    | 23000       |
| train/                |             |
|    entropy_loss       | -3.23       |
|    explained_variance | 0.239       |
|    learning_rate      | 0.0002      |
|    n_updates          | 4599        |
|    policy_loss        | 0.22        |
|    reward             | 0.016310979 |
|    std                | 1.21        |
|    value_loss         | 0.00759     |
---------------------------------------
---------------------------------------
| time/                 |             |
|    fps                | 60          |
|    iterations         | 4700        |
|    time_elapsed       | 385         |
|    total_timesteps    | 23500       |
| train/                |             |
|    entropy_loss       | -3.23       |
|    explained_variance | 0.423       |
|    learning_rate      | 0.0002      |
|    n_updates          | 4699        |
|    policy_loss        | 0.0346      |
|    reward             | 0.023334116 |
|    std                | 1.22        |
|    value_loss         | 0.00026     |
---------------------------------------
EPISODE:  25
----------------------------------------
| time/                 |              |
|    fps                | 60           |
|    iterations         | 4800         |
|    time_elapsed       | 394          |
|    total_timesteps    | 24000        |
| train/                |              |
|    entropy_loss       | -3.24        |
|    explained_variance | 0.00695      |
|    learning_rate      | 0.0002       |
|    n_updates          | 4799         |
|    policy_loss        | -0.039       |
|    reward             | -0.008403132 |
|    std                | 1.22         |
|    value_loss         | 0.000245     |
----------------------------------------
----------------------------------------
| time/                 |              |
|    fps                | 60           |
|    iterations         | 4900         |
|    time_elapsed       | 403          |
|    total_timesteps    | 24500        |
| train/                |              |
|    entropy_loss       | -3.25        |
|    explained_variance | 0.535        |
|    learning_rate      | 0.0002       |
|    n_updates          | 4899         |
|    policy_loss        | -0.0553      |
|    reward             | 0.0044270796 |
|    std                | 1.23         |
|    value_loss         | 0.000282     |
----------------------------------------
EPISODE:  26
----------------------------------------
| time/                 |              |
|    fps                | 60           |
|    iterations         | 5000         |
|    time_elapsed       | 412          |
|    total_timesteps    | 25000        |
| train/                |              |
|    entropy_loss       | -3.26        |
|    explained_variance | 0.462        |
|    learning_rate      | 0.0002       |
|    n_updates          | 4999         |
|    policy_loss        | -0.0307      |
|    reward             | -0.011959912 |
|    std                | 1.23         |
|    value_loss         | 0.000135     |
----------------------------------------
----------------------------------------
| time/                 |              |
|    fps                | 60           |
|    iterations         | 5100         |
|    time_elapsed       | 420          |
|    total_timesteps    | 25500        |
| train/                |              |
|    entropy_loss       | -3.27        |
|    explained_variance | 0.0195       |
|    learning_rate      | 0.0002       |
|    n_updates          | 5099         |
|    policy_loss        | -0.00556     |
|    reward             | -0.032511435 |
|    std                | 1.24         |
|    value_loss         | 1.85e-05     |
----------------------------------------
EPISODE:  27
---------------------------------------
| time/                 |             |
|    fps                | 60          |
|    iterations         | 5200        |
|    time_elapsed       | 429         |
|    total_timesteps    | 26000       |
| train/                |             |
|    entropy_loss       | -3.28       |
|    explained_variance | 0.44        |
|    learning_rate      | 0.0002      |
|    n_updates          | 5199        |
|    policy_loss        | -0.0343     |
|    reward             | 0.011161576 |
|    std                | 1.25        |
|    value_loss         | 0.000428    |
---------------------------------------
----------------------------------------
| time/                 |              |
|    fps                | 60           |
|    iterations         | 5300         |
|    time_elapsed       | 438          |
|    total_timesteps    | 26500        |
| train/                |              |
|    entropy_loss       | -3.29        |
|    explained_variance | 0.00862      |
|    learning_rate      | 0.0002       |
|    n_updates          | 5299         |
|    policy_loss        | 0.06         |
|    reward             | -0.011430541 |
|    std                | 1.25         |
|    value_loss         | 0.000628     |
----------------------------------------
EPISODE:  28
---------------------------------------
| time/                 |             |
|    fps                | 60          |
|    iterations         | 5400        |
|    time_elapsed       | 446         |
|    total_timesteps    | 27000       |
| train/                |             |
|    entropy_loss       | -3.3        |
|    explained_variance | 0.0785      |
|    learning_rate      | 0.0002      |
|    n_updates          | 5399        |
|    policy_loss        | -0.0517     |
|    reward             | 0.019545805 |
|    std                | 1.26        |
|    value_loss         | 0.000361    |
---------------------------------------
----------------------------------------
| time/                 |              |
|    fps                | 60           |
|    iterations         | 5500         |
|    time_elapsed       | 455          |
|    total_timesteps    | 27500        |
| train/                |              |
|    entropy_loss       | -3.31        |
|    explained_variance | -4.97        |
|    learning_rate      | 0.0002       |
|    n_updates          | 5499         |
|    policy_loss        | 0.0553       |
|    reward             | -0.025697738 |
|    std                | 1.27         |
|    value_loss         | 0.000325     |
----------------------------------------
EPISODE:  29
----------------------------------------
| time/                 |              |
|    fps                | 60           |
|    iterations         | 5600         |
|    time_elapsed       | 465          |
|    total_timesteps    | 28000        |
| train/                |              |
|    entropy_loss       | -3.32        |
|    explained_variance | 0.0782       |
|    learning_rate      | 0.0002       |
|    n_updates          | 5599         |
|    policy_loss        | 0.0132       |
|    reward             | -0.017385703 |
|    std                | 1.27         |
|    value_loss         | 0.000846     |
----------------------------------------
----------------------------------------
| time/                 |              |
|    fps                | 60           |
|    iterations         | 5700         |
|    time_elapsed       | 473          |
|    total_timesteps    | 28500        |
| train/                |              |
|    entropy_loss       | -3.33        |
|    explained_variance | 0.762        |
|    learning_rate      | 0.0002       |
|    n_updates          | 5699         |
|    policy_loss        | 0.101        |
|    reward             | -0.010457691 |
|    std                | 1.28         |
|    value_loss         | 0.000966     |
----------------------------------------
EPISODE:  30
----------------------------------------
| time/                 |              |
|    fps                | 60           |
|    iterations         | 5800         |
|    time_elapsed       | 481          |
|    total_timesteps    | 29000        |
| train/                |              |
|    entropy_loss       | -3.34        |
|    explained_variance | -0.0992      |
|    learning_rate      | 0.0002       |
|    n_updates          | 5799         |
|    policy_loss        | 0.0926       |
|    reward             | 0.0036213528 |
|    std                | 1.29         |
|    value_loss         | 0.00123      |
----------------------------------------
--------------------------------------
| time/                 |            |
|    fps                | 60         |
|    iterations         | 5900       |
|    time_elapsed       | 488        |
|    total_timesteps    | 29500      |
| train/                |            |
|    entropy_loss       | -3.35      |
|    explained_variance | 0.0904     |
|    learning_rate      | 0.0002     |
|    n_updates          | 5899       |
|    policy_loss        | 0.149      |
|    reward             | 0.03795141 |
|    std                | 1.29       |
|    value_loss         | 0.00185    |
--------------------------------------
EPISODE:  31
----------------------------------------
| time/                 |              |
|    fps                | 60           |
|    iterations         | 6000         |
|    time_elapsed       | 495          |
|    total_timesteps    | 30000        |
| train/                |              |
|    entropy_loss       | -3.36        |
|    explained_variance | 0.327        |
|    learning_rate      | 0.0002       |
|    n_updates          | 5999         |
|    policy_loss        | 0.0298       |
|    reward             | 0.0023989144 |
|    std                | 1.3          |
|    value_loss         | 0.000154     |
----------------------------------------
-----------------------------------------
| time/                 |               |
|    fps                | 60            |
|    iterations         | 6100          |
|    time_elapsed       | 501           |
|    total_timesteps    | 30500         |
| train/                |               |
|    entropy_loss       | -3.37         |
|    explained_variance | -0.119        |
|    learning_rate      | 0.0002        |
|    n_updates          | 6099          |
|    policy_loss        | 0.0176        |
|    reward             | -0.0004885492 |
|    std                | 1.31          |
|    value_loss         | 0.000431      |
-----------------------------------------
EPISODE:  32
---------------------------------------
| time/                 |             |
|    fps                | 60          |
|    iterations         | 6200        |
|    time_elapsed       | 509         |
|    total_timesteps    | 31000       |
| train/                |             |
|    entropy_loss       | -3.38       |
|    explained_variance | 0.128       |
|    learning_rate      | 0.0002      |
|    n_updates          | 6199        |
|    policy_loss        | 0.108       |
|    reward             | 0.012848182 |
|    std                | 1.31        |
|    value_loss         | 0.00116     |
---------------------------------------
---------------------------------------
| time/                 |             |
|    fps                | 61          |
|    iterations         | 6300        |
|    time_elapsed       | 515         |
|    total_timesteps    | 31500       |
| train/                |             |
|    entropy_loss       | -3.39       |
|    explained_variance | -0.0131     |
|    learning_rate      | 0.0002      |
|    n_updates          | 6299        |
|    policy_loss        | -0.0252     |
|    reward             | 0.010235631 |
|    std                | 1.32        |
|    value_loss         | 0.000165    |
---------------------------------------
EPISODE:  33
---------------------------------------
| time/                 |             |
|    fps                | 61          |
|    iterations         | 6400        |
|    time_elapsed       | 521         |
|    total_timesteps    | 32000       |
| train/                |             |
|    entropy_loss       | -3.4        |
|    explained_variance | -0.00226    |
|    learning_rate      | 0.0002      |
|    n_updates          | 6399        |
|    policy_loss        | -0.0432     |
|    reward             | 0.019173492 |
|    std                | 1.32        |
|    value_loss         | 0.000246    |
---------------------------------------
-----------------------------------------
| time/                 |               |
|    fps                | 61            |
|    iterations         | 6500          |
|    time_elapsed       | 529           |
|    total_timesteps    | 32500         |
| train/                |               |
|    entropy_loss       | -3.4          |
|    explained_variance | 0.0407        |
|    learning_rate      | 0.0002        |
|    n_updates          | 6499          |
|    policy_loss        | -0.00433      |
|    reward             | 0.00020891875 |
|    std                | 1.33          |
|    value_loss         | 0.000163      |
-----------------------------------------
EPISODE:  34
----------------------------------------
| time/                 |              |
|    fps                | 61           |
|    iterations         | 6600         |
|    time_elapsed       | 537          |
|    total_timesteps    | 33000        |
| train/                |              |
|    entropy_loss       | -3.41        |
|    explained_variance | 0.017        |
|    learning_rate      | 0.0002       |
|    n_updates          | 6599         |
|    policy_loss        | 0.0246       |
|    reward             | 0.0033521536 |
|    std                | 1.33         |
|    value_loss         | 0.000408     |
----------------------------------------
----------------------------------------
| time/                 |              |
|    fps                | 61           |
|    iterations         | 6700         |
|    time_elapsed       | 545          |
|    total_timesteps    | 33500        |
| train/                |              |
|    entropy_loss       | -3.42        |
|    explained_variance | -0.107       |
|    learning_rate      | 0.0002       |
|    n_updates          | 6699         |
|    policy_loss        | 0.0777       |
|    reward             | 0.0051700315 |
|    std                | 1.34         |
|    value_loss         | 0.000623     |
----------------------------------------
EPISODE:  35
---------------------------------------
| time/                 |             |
|    fps                | 61          |
|    iterations         | 6800        |
|    time_elapsed       | 551         |
|    total_timesteps    | 34000       |
| train/                |             |
|    entropy_loss       | -3.43       |
|    explained_variance | -0.000738   |
|    learning_rate      | 0.0002      |
|    n_updates          | 6799        |
|    policy_loss        | 0.024       |
|    reward             | 0.027480384 |
|    std                | 1.34        |
|    value_loss         | 0.000181    |
---------------------------------------
---------------------------------------
| time/                 |             |
|    fps                | 61          |
|    iterations         | 6900        |
|    time_elapsed       | 558         |
|    total_timesteps    | 34500       |
| train/                |             |
|    entropy_loss       | -3.44       |
|    explained_variance | -1.79e-06   |
|    learning_rate      | 0.0002      |
|    n_updates          | 6899        |
|    policy_loss        | -0.00125    |
|    reward             | 0.021872666 |
|    std                | 1.35        |
|    value_loss         | 8.02e-05    |
---------------------------------------
EPISODE:  36
---------------------------------------
| time/                 |             |
|    fps                | 62          |
|    iterations         | 7000        |
|    time_elapsed       | 564         |
|    total_timesteps    | 35000       |
| train/                |             |
|    entropy_loss       | -3.45       |
|    explained_variance | -0.0383     |
|    learning_rate      | 0.0002      |
|    n_updates          | 6999        |
|    policy_loss        | 0.0196      |
|    reward             | 0.043778963 |
|    std                | 1.36        |
|    value_loss         | 0.000169    |
---------------------------------------
----------------------------------------
| time/                 |              |
|    fps                | 62           |
|    iterations         | 7100         |
|    time_elapsed       | 569          |
|    total_timesteps    | 35500        |
| train/                |              |
|    entropy_loss       | -3.46        |
|    explained_variance | -6.91e-06    |
|    learning_rate      | 0.0002       |
|    n_updates          | 7099         |
|    policy_loss        | 0.0394       |
|    reward             | -0.006237238 |
|    std                | 1.36         |
|    value_loss         | 0.000267     |
----------------------------------------
EPISODE:  37
----------------------------------------
| time/                 |              |
|    fps                | 62           |
|    iterations         | 7200         |
|    time_elapsed       | 576          |
|    total_timesteps    | 36000        |
| train/                |              |
|    entropy_loss       | -3.47        |
|    explained_variance | 0.387        |
|    learning_rate      | 0.0002       |
|    n_updates          | 7199         |
|    policy_loss        | 0.0963       |
|    reward             | 0.0025192592 |
|    std                | 1.37         |
|    value_loss         | 0.00097      |
----------------------------------------
----------------------------------------
| time/                 |              |
|    fps                | 62           |
|    iterations         | 7300         |
|    time_elapsed       | 582          |
|    total_timesteps    | 36500        |
| train/                |              |
|    entropy_loss       | -3.48        |
|    explained_variance | -0.535       |
|    learning_rate      | 0.0002       |
|    n_updates          | 7299         |
|    policy_loss        | -0.0909      |
|    reward             | -0.018901892 |
|    std                | 1.38         |
|    value_loss         | 0.000961     |
----------------------------------------
EPISODE:  38
----------------------------------------
| time/                 |              |
|    fps                | 62           |
|    iterations         | 7400         |
|    time_elapsed       | 590          |
|    total_timesteps    | 37000        |
| train/                |              |
|    entropy_loss       | -3.48        |
|    explained_variance | 0.152        |
|    learning_rate      | 0.0002       |
|    n_updates          | 7399         |
|    policy_loss        | -0.0639      |
|    reward             | 0.0058910283 |
|    std                | 1.38         |
|    value_loss         | 0.000351     |
----------------------------------------
---------------------------------------
| time/                 |             |
|    fps                | 62          |
|    iterations         | 7500        |
|    time_elapsed       | 595         |
|    total_timesteps    | 37500       |
| train/                |             |
|    entropy_loss       | -3.49       |
|    explained_variance | 0           |
|    learning_rate      | 0.0002      |
|    n_updates          | 7499        |
|    policy_loss        | 0.0762      |
|    reward             | 0.014601972 |
|    std                | 1.39        |
|    value_loss         | 0.000822    |
---------------------------------------
EPISODE:  39
---------------------------------------
| time/                 |             |
|    fps                | 63          |
|    iterations         | 7600        |
|    time_elapsed       | 601         |
|    total_timesteps    | 38000       |
| train/                |             |
|    entropy_loss       | -3.5        |
|    explained_variance | 0.769       |
|    learning_rate      | 0.0002      |
|    n_updates          | 7599        |
|    policy_loss        | -0.0279     |
|    reward             | 0.007244265 |
|    std                | 1.39        |
|    value_loss         | 6.48e-05    |
---------------------------------------
----------------------------------------
| time/                 |              |
|    fps                | 63           |
|    iterations         | 7700         |
|    time_elapsed       | 608          |
|    total_timesteps    | 38500        |
| train/                |              |
|    entropy_loss       | -3.51        |
|    explained_variance | 0.000391     |
|    learning_rate      | 0.0002       |
|    n_updates          | 7699         |
|    policy_loss        | 0.0294       |
|    reward             | -0.011397363 |
|    std                | 1.4          |
|    value_loss         | 0.000169     |
----------------------------------------
EPISODE:  40
----------------------------------------
| time/                 |              |
|    fps                | 63           |
|    iterations         | 7800         |
|    time_elapsed       | 616          |
|    total_timesteps    | 39000        |
| train/                |              |
|    entropy_loss       | -3.52        |
|    explained_variance | 0.0393       |
|    learning_rate      | 0.0002       |
|    n_updates          | 7799         |
|    policy_loss        | 0.0717       |
|    reward             | -0.015424425 |
|    std                | 1.41         |
|    value_loss         | 0.000664     |
----------------------------------------
---------------------------------------
| time/                 |             |
|    fps                | 63          |
|    iterations         | 7900        |
|    time_elapsed       | 623         |
|    total_timesteps    | 39500       |
| train/                |             |
|    entropy_loss       | -3.53       |
|    explained_variance | 0.204       |
|    learning_rate      | 0.0002      |
|    n_updates          | 7899        |
|    policy_loss        | 0.0838      |
|    reward             | 0.013752341 |
|    std                | 1.42        |
|    value_loss         | 0.000911    |
---------------------------------------
EPISODE:  41
---------------------------------------
| time/                 |             |
|    fps                | 63          |
|    iterations         | 8000        |
|    time_elapsed       | 631         |
|    total_timesteps    | 40000       |
| train/                |             |
|    entropy_loss       | -3.54       |
|    explained_variance | 0.544       |
|    learning_rate      | 0.0002      |
|    n_updates          | 7999        |
|    policy_loss        | 0.0407      |
|    reward             | 0.002957888 |
|    std                | 1.42        |
|    value_loss         | 0.000322    |
---------------------------------------
---------------------------------------
| time/                 |             |
|    fps                | 63          |
|    iterations         | 8100        |
|    time_elapsed       | 640         |
|    total_timesteps    | 40500       |
| train/                |             |
|    entropy_loss       | -3.55       |
|    explained_variance | 0.205       |
|    learning_rate      | 0.0002      |
|    n_updates          | 8099        |
|    policy_loss        | 0.0533      |
|    reward             | 0.014271769 |
|    std                | 1.43        |
|    value_loss         | 0.000464    |
---------------------------------------
EPISODE:  42
---------------------------------------
| time/                 |             |
|    fps                | 62          |
|    iterations         | 8200        |
|    time_elapsed       | 651         |
|    total_timesteps    | 41000       |
| train/                |             |
|    entropy_loss       | -3.56       |
|    explained_variance | 0.00811     |
|    learning_rate      | 0.0002      |
|    n_updates          | 8199        |
|    policy_loss        | 0.113       |
|    reward             | 0.004677747 |
|    std                | 1.43        |
|    value_loss         | 0.001       |
---------------------------------------
----------------------------------------
| time/                 |              |
|    fps                | 63           |
|    iterations         | 8300         |
|    time_elapsed       | 658          |
|    total_timesteps    | 41500        |
| train/                |              |
|    entropy_loss       | -3.57        |
|    explained_variance | 0.00846      |
|    learning_rate      | 0.0002       |
|    n_updates          | 8299         |
|    policy_loss        | -0.0907      |
|    reward             | 0.0054907785 |
|    std                | 1.44         |
|    value_loss         | 0.000969     |
----------------------------------------
EPISODE:  43
---------------------------------------
| time/                 |             |
|    fps                | 63          |
|    iterations         | 8400        |
|    time_elapsed       | 665         |
|    total_timesteps    | 42000       |
| train/                |             |
|    entropy_loss       | -3.58       |
|    explained_variance | 0.111       |
|    learning_rate      | 0.0002      |
|    n_updates          | 8399        |
|    policy_loss        | -0.0685     |
|    reward             | 0.007865895 |
|    std                | 1.45        |
|    value_loss         | 0.000569    |
---------------------------------------
---------------------------------------
| time/                 |             |
|    fps                | 63          |
|    iterations         | 8500        |
|    time_elapsed       | 670         |
|    total_timesteps    | 42500       |
| train/                |             |
|    entropy_loss       | -3.59       |
|    explained_variance | -0.289      |
|    learning_rate      | 0.0002      |
|    n_updates          | 8499        |
|    policy_loss        | 0.0462      |
|    reward             | 0.012759278 |
|    std                | 1.45        |
|    value_loss         | 0.000497    |
---------------------------------------
EPISODE:  44
---------------------------------------
| time/                 |             |
|    fps                | 63          |
|    iterations         | 8600        |
|    time_elapsed       | 675         |
|    total_timesteps    | 43000       |
| train/                |             |
|    entropy_loss       | -3.6        |
|    explained_variance | 0.609       |
|    learning_rate      | 0.0002      |
|    n_updates          | 8599        |
|    policy_loss        | -0.0568     |
|    reward             | -0.00834847 |
|    std                | 1.46        |
|    value_loss         | 0.000504    |
---------------------------------------
---------------------------------------
| time/                 |             |
|    fps                | 63          |
|    iterations         | 8700        |
|    time_elapsed       | 680         |
|    total_timesteps    | 43500       |
| train/                |             |
|    entropy_loss       | -3.61       |
|    explained_variance | 0.486       |
|    learning_rate      | 0.0002      |
|    n_updates          | 8699        |
|    policy_loss        | 0.0584      |
|    reward             | 0.014072293 |
|    std                | 1.47        |
|    value_loss         | 0.000399    |
---------------------------------------
EPISODE:  45
----------------------------------------
| time/                 |              |
|    fps                | 64           |
|    iterations         | 8800         |
|    time_elapsed       | 686          |
|    total_timesteps    | 44000        |
| train/                |              |
|    entropy_loss       | -3.62        |
|    explained_variance | 0.0536       |
|    learning_rate      | 0.0002       |
|    n_updates          | 8799         |
|    policy_loss        | 0.112        |
|    reward             | -0.007969384 |
|    std                | 1.48         |
|    value_loss         | 0.000717     |
----------------------------------------
----------------------------------------
| time/                 |              |
|    fps                | 64           |
|    iterations         | 8900         |
|    time_elapsed       | 691          |
|    total_timesteps    | 44500        |
| train/                |              |
|    entropy_loss       | -3.64        |
|    explained_variance | 0.154        |
|    learning_rate      | 0.0002       |
|    n_updates          | 8899         |
|    policy_loss        | 0.0679       |
|    reward             | 0.0048336256 |
|    std                | 1.49         |
|    value_loss         | 0.000412     |
----------------------------------------
EPISODE:  46
---------------------------------------
| time/                 |             |
|    fps                | 64          |
|    iterations         | 9000        |
|    time_elapsed       | 695         |
|    total_timesteps    | 45000       |
| train/                |             |
|    entropy_loss       | -3.65       |
|    explained_variance | 0.312       |
|    learning_rate      | 0.0002      |
|    n_updates          | 8999        |
|    policy_loss        | -0.0217     |
|    reward             | 0.026909223 |
|    std                | 1.5         |
|    value_loss         | 0.000139    |
---------------------------------------
---------------------------------------
| time/                 |             |
|    fps                | 64          |
|    iterations         | 9100        |
|    time_elapsed       | 700         |
|    total_timesteps    | 45500       |
| train/                |             |
|    entropy_loss       | -3.66       |
|    explained_variance | 1.66e-05    |
|    learning_rate      | 0.0002      |
|    n_updates          | 9099        |
|    policy_loss        | 0.0281      |
|    reward             | 0.033084583 |
|    std                | 1.51        |
|    value_loss         | 0.000174    |
---------------------------------------
EPISODE:  47
----------------------------------------
| time/                 |              |
|    fps                | 65           |
|    iterations         | 9200         |
|    time_elapsed       | 706          |
|    total_timesteps    | 46000        |
| train/                |              |
|    entropy_loss       | -3.67        |
|    explained_variance | 0.124        |
|    learning_rate      | 0.0002       |
|    n_updates          | 9199         |
|    policy_loss        | 0.0796       |
|    reward             | -0.003971376 |
|    std                | 1.52         |
|    value_loss         | 0.000823     |
----------------------------------------
----------------------------------------
| time/                 |              |
|    fps                | 65           |
|    iterations         | 9300         |
|    time_elapsed       | 711          |
|    total_timesteps    | 46500        |
| train/                |              |
|    entropy_loss       | -3.68        |
|    explained_variance | -1.19e-07    |
|    learning_rate      | 0.0002       |
|    n_updates          | 9299         |
|    policy_loss        | 0.0887       |
|    reward             | 0.0036660973 |
|    std                | 1.53         |
|    value_loss         | 0.000797     |
----------------------------------------
EPISODE:  48
----------------------------------------
| time/                 |              |
|    fps                | 65           |
|    iterations         | 9400         |
|    time_elapsed       | 718          |
|    total_timesteps    | 47000        |
| train/                |              |
|    entropy_loss       | -3.69        |
|    explained_variance | -0.0731      |
|    learning_rate      | 0.0002       |
|    n_updates          | 9399         |
|    policy_loss        | -0.0167      |
|    reward             | -0.039003626 |
|    std                | 1.53         |
|    value_loss         | 0.000474     |
----------------------------------------
--------------------------------------
| time/                 |            |
|    fps                | 65         |
|    iterations         | 9500       |
|    time_elapsed       | 725        |
|    total_timesteps    | 47500      |
| train/                |            |
|    entropy_loss       | -3.71      |
|    explained_variance | 0.298      |
|    learning_rate      | 0.0002     |
|    n_updates          | 9499       |
|    policy_loss        | -0.0521    |
|    reward             | 0.03937871 |
|    std                | 1.54       |
|    value_loss         | 0.000305   |
--------------------------------------
EPISODE:  49
---------------------------------------
| time/                 |             |
|    fps                | 65          |
|    iterations         | 9600        |
|    time_elapsed       | 732         |
|    total_timesteps    | 48000       |
| train/                |             |
|    entropy_loss       | -3.72       |
|    explained_variance | 0.00696     |
|    learning_rate      | 0.0002      |
|    n_updates          | 9599        |
|    policy_loss        | 0.069       |
|    reward             | 0.008719101 |
|    std                | 1.55        |
|    value_loss         | 0.000757    |
---------------------------------------
----------------------------------------
| time/                 |              |
|    fps                | 65           |
|    iterations         | 9700         |
|    time_elapsed       | 739          |
|    total_timesteps    | 48500        |
| train/                |              |
|    entropy_loss       | -3.72        |
|    explained_variance | 0.73         |
|    learning_rate      | 0.0002       |
|    n_updates          | 9699         |
|    policy_loss        | -0.13        |
|    reward             | -0.024305826 |
|    std                | 1.56         |
|    value_loss         | 0.00144      |
----------------------------------------
EPISODE:  50
---------------------------------------
| time/                 |             |
|    fps                | 65          |
|    iterations         | 9800        |
|    time_elapsed       | 747         |
|    total_timesteps    | 49000       |
| train/                |             |
|    entropy_loss       | -3.74       |
|    explained_variance | 0.0384      |
|    learning_rate      | 0.0002      |
|    n_updates          | 9799        |
|    policy_loss        | -0.163      |
|    reward             | 0.019981932 |
|    std                | 1.57        |
|    value_loss         | 0.0029      |
---------------------------------------
---------------------------------------
| time/                 |             |
|    fps                | 65          |
|    iterations         | 9900        |
|    time_elapsed       | 754         |
|    total_timesteps    | 49500       |
| train/                |             |
|    entropy_loss       | -3.75       |
|    explained_variance | 0.00774     |
|    learning_rate      | 0.0002      |
|    n_updates          | 9899        |
|    policy_loss        | 0.28        |
|    reward             | 0.005884032 |
|    std                | 1.58        |
|    value_loss         | 0.00312     |
---------------------------------------
EPISODE:  51
----------------------------------------
| time/                 |              |
|    fps                | 65           |
|    iterations         | 10000        |
|    time_elapsed       | 762          |
|    total_timesteps    | 50000        |
| train/                |              |
|    entropy_loss       | -3.76        |
|    explained_variance | 0.00308      |
|    learning_rate      | 0.0002       |
|    n_updates          | 9999         |
|    policy_loss        | 0.00624      |
|    reward             | -0.010022423 |
|    std                | 1.59         |
|    value_loss         | 0.000104     |
----------------------------------------
Saved episode log to Results\250619_hc_binary_udp_noise\a2c\upward_noise\training_logs\01.csv
