EPISODE:  0
{'n_steps': 2048, 'batch_size': 64, 'learning_rate': 0.0003, 'ent_coef': 0.0}
Using cpu device
EPISODE:  1
EPISODE:  2
EPISODE:  3
--------------------------------------
| time/              |               |
|    fps             | 256           |
|    iterations      | 1             |
|    time_elapsed    | 7             |
|    total_timesteps | 2048          |
| train/             |               |
|    reward          | -0.0004898417 |
--------------------------------------
EPISODE:  4
EPISODE:  5
------------------------------------------
| time/                   |              |
|    fps                  | 210          |
|    iterations           | 2            |
|    time_elapsed         | 19           |
|    total_timesteps      | 4096         |
| train/                  |              |
|    approx_kl            | 0.0043557426 |
|    clip_fraction        | 0.0459       |
|    clip_range           | 0.2          |
|    entropy_loss         | -2.83        |
|    explained_variance   | -0.225       |
|    learning_rate        | 0.0003       |
|    loss                 | -0.00999     |
|    n_updates            | 10           |
|    policy_gradient_loss | -0.00388     |
|    reward               | 0.006641869  |
|    std                  | 0.992        |
|    value_loss           | 0.00316      |
------------------------------------------
EPISODE:  6
EPISODE:  7
-----------------------------------------
| time/                   |             |
|    fps                  | 195         |
|    iterations           | 3           |
|    time_elapsed         | 31          |
|    total_timesteps      | 6144        |
| train/                  |             |
|    approx_kl            | 0.012740353 |
|    clip_fraction        | 0.105       |
|    clip_range           | 0.2         |
|    entropy_loss         | -2.81       |
|    explained_variance   | 0.172       |
|    learning_rate        | 0.0003      |
|    loss                 | -0.012      |
|    n_updates            | 20          |
|    policy_gradient_loss | -0.00756    |
|    reward               | 0.013264141 |
|    std                  | 0.984       |
|    value_loss           | 0.00277     |
-----------------------------------------
EPISODE:  8
EPISODE:  9
-----------------------------------------
| time/                   |             |
|    fps                  | 187         |
|    iterations           | 4           |
|    time_elapsed         | 43          |
|    total_timesteps      | 8192        |
| train/                  |             |
|    approx_kl            | 0.011901407 |
|    clip_fraction        | 0.119       |
|    clip_range           | 0.2         |
|    entropy_loss         | -2.8        |
|    explained_variance   | 0.124       |
|    learning_rate        | 0.0003      |
|    loss                 | -0.024      |
|    n_updates            | 30          |
|    policy_gradient_loss | -0.00414    |
|    reward               | 0.014608829 |
|    std                  | 0.98        |
|    value_loss           | 0.00297     |
-----------------------------------------
EPISODE:  10
EPISODE:  11
------------------------------------------
| time/                   |              |
|    fps                  | 188          |
|    iterations           | 5            |
|    time_elapsed         | 54           |
|    total_timesteps      | 10240        |
| train/                  |              |
|    approx_kl            | 0.013519524  |
|    clip_fraction        | 0.138        |
|    clip_range           | 0.2          |
|    entropy_loss         | -2.79        |
|    explained_variance   | 0.0961       |
|    learning_rate        | 0.0003       |
|    loss                 | -0.0327      |
|    n_updates            | 40           |
|    policy_gradient_loss | -0.0113      |
|    reward               | -0.013644838 |
|    std                  | 0.971        |
|    value_loss           | 0.00232      |
------------------------------------------
EPISODE:  12
EPISODE:  13
-----------------------------------------
| time/                   |             |
|    fps                  | 184         |
|    iterations           | 6           |
|    time_elapsed         | 66          |
|    total_timesteps      | 12288       |
| train/                  |             |
|    approx_kl            | 0.029419981 |
|    clip_fraction        | 0.164       |
|    clip_range           | 0.2         |
|    entropy_loss         | -2.77       |
|    explained_variance   | 0.169       |
|    learning_rate        | 0.0003      |
|    loss                 | -0.0348     |
|    n_updates            | 50          |
|    policy_gradient_loss | -0.00551    |
|    reward               | 0.01080532  |
|    std                  | 0.966       |
|    value_loss           | 0.00242     |
-----------------------------------------
EPISODE:  14
EPISODE:  15
-------------------------------------------
| time/                   |               |
|    fps                  | 172           |
|    iterations           | 7             |
|    time_elapsed         | 83            |
|    total_timesteps      | 14336         |
| train/                  |               |
|    approx_kl            | 0.021006685   |
|    clip_fraction        | 0.192         |
|    clip_range           | 0.2           |
|    entropy_loss         | -2.76         |
|    explained_variance   | 0.103         |
|    learning_rate        | 0.0003        |
|    loss                 | 4.25e-05      |
|    n_updates            | 60            |
|    policy_gradient_loss | -0.00822      |
|    reward               | -0.0035312804 |
|    std                  | 0.959         |
|    value_loss           | 0.00238       |
-------------------------------------------
EPISODE:  16
EPISODE:  17
-------------------------------------------
| time/                   |               |
|    fps                  | 165           |
|    iterations           | 8             |
|    time_elapsed         | 98            |
|    total_timesteps      | 16384         |
| train/                  |               |
|    approx_kl            | 0.016373921   |
|    clip_fraction        | 0.146         |
|    clip_range           | 0.2           |
|    entropy_loss         | -2.74         |
|    explained_variance   | 0.105         |
|    learning_rate        | 0.0003        |
|    loss                 | -0.0083       |
|    n_updates            | 70            |
|    policy_gradient_loss | 0.00324       |
|    reward               | -0.0035386772 |
|    std                  | 0.949         |
|    value_loss           | 0.00226       |
-------------------------------------------
EPISODE:  18
EPISODE:  19
-----------------------------------------
| time/                   |             |
|    fps                  | 160         |
|    iterations           | 9           |
|    time_elapsed         | 114         |
|    total_timesteps      | 18432       |
| train/                  |             |
|    approx_kl            | 0.01818256  |
|    clip_fraction        | 0.182       |
|    clip_range           | 0.2         |
|    entropy_loss         | -2.73       |
|    explained_variance   | 0.0846      |
|    learning_rate        | 0.0003      |
|    loss                 | -0.017      |
|    n_updates            | 80          |
|    policy_gradient_loss | 0.00292     |
|    reward               | 0.008814454 |
|    std                  | 0.945       |
|    value_loss           | 0.00261     |
-----------------------------------------
EPISODE:  20
EPISODE:  21
-----------------------------------------
| time/                   |             |
|    fps                  | 156         |
|    iterations           | 10          |
|    time_elapsed         | 131         |
|    total_timesteps      | 20480       |
| train/                  |             |
|    approx_kl            | 0.046270445 |
|    clip_fraction        | 0.184       |
|    clip_range           | 0.2         |
|    entropy_loss         | -2.72       |
|    explained_variance   | 0.125       |
|    learning_rate        | 0.0003      |
|    loss                 | -0.00608    |
|    n_updates            | 90          |
|    policy_gradient_loss | 0.0249      |
|    reward               | 0.014435759 |
|    std                  | 0.942       |
|    value_loss           | 0.00422     |
-----------------------------------------
EPISODE:  22
EPISODE:  23
-----------------------------------------
| time/                   |             |
|    fps                  | 150         |
|    iterations           | 11          |
|    time_elapsed         | 149         |
|    total_timesteps      | 22528       |
| train/                  |             |
|    approx_kl            | 0.023568463 |
|    clip_fraction        | 0.165       |
|    clip_range           | 0.2         |
|    entropy_loss         | -2.7        |
|    explained_variance   | 0.103       |
|    learning_rate        | 0.0003      |
|    loss                 | 0.0104      |
|    n_updates            | 100         |
|    policy_gradient_loss | -0.00185    |
|    reward               | 0.014941434 |
|    std                  | 0.928       |
|    value_loss           | 0.00214     |
-----------------------------------------
EPISODE:  24
EPISODE:  25
------------------------------------------
| time/                   |              |
|    fps                  | 147          |
|    iterations           | 12           |
|    time_elapsed         | 166          |
|    total_timesteps      | 24576        |
| train/                  |              |
|    approx_kl            | 0.1956759    |
|    clip_fraction        | 0.165        |
|    clip_range           | 0.2          |
|    entropy_loss         | -2.67        |
|    explained_variance   | 0.182        |
|    learning_rate        | 0.0003       |
|    loss                 | 0.0194       |
|    n_updates            | 110          |
|    policy_gradient_loss | 0.00594      |
|    reward               | 0.0122640785 |
|    std                  | 0.911        |
|    value_loss           | 0.00238      |
------------------------------------------
EPISODE:  26
EPISODE:  27
-----------------------------------------
| time/                   |             |
|    fps                  | 145         |
|    iterations           | 13          |
|    time_elapsed         | 183         |
|    total_timesteps      | 26624       |
| train/                  |             |
|    approx_kl            | 0.019846726 |
|    clip_fraction        | 0.164       |
|    clip_range           | 0.2         |
|    entropy_loss         | -2.64       |
|    explained_variance   | 0.189       |
|    learning_rate        | 0.0003      |
|    loss                 | 0.0349      |
|    n_updates            | 120         |
|    policy_gradient_loss | 0.00286     |
|    reward               | 0.00853887  |
|    std                  | 0.904       |
|    value_loss           | 0.00441     |
-----------------------------------------
EPISODE:  28
EPISODE:  29
-------------------------------------------
| time/                   |               |
|    fps                  | 144           |
|    iterations           | 14            |
|    time_elapsed         | 198           |
|    total_timesteps      | 28672         |
| train/                  |               |
|    approx_kl            | 0.04107412    |
|    clip_fraction        | 0.13          |
|    clip_range           | 0.2           |
|    entropy_loss         | -2.63         |
|    explained_variance   | 0.144         |
|    learning_rate        | 0.0003        |
|    loss                 | 0.0133        |
|    n_updates            | 130           |
|    policy_gradient_loss | 0.0141        |
|    reward               | -0.0010337393 |
|    std                  | 0.896         |
|    value_loss           | 0.00287       |
-------------------------------------------
EPISODE:  30
EPISODE:  31
------------------------------------------
| time/                   |              |
|    fps                  | 142          |
|    iterations           | 15           |
|    time_elapsed         | 215          |
|    total_timesteps      | 30720        |
| train/                  |              |
|    approx_kl            | 0.018536672  |
|    clip_fraction        | 0.129        |
|    clip_range           | 0.2          |
|    entropy_loss         | -2.61        |
|    explained_variance   | 0.142        |
|    learning_rate        | 0.0003       |
|    loss                 | -0.0133      |
|    n_updates            | 140          |
|    policy_gradient_loss | 0.00795      |
|    reward               | -0.006436944 |
|    std                  | 0.891        |
|    value_loss           | 0.00309      |
------------------------------------------
EPISODE:  32
EPISODE:  33
EPISODE:  34
------------------------------------------
| time/                   |              |
|    fps                  | 141          |
|    iterations           | 16           |
|    time_elapsed         | 231          |
|    total_timesteps      | 32768        |
| train/                  |              |
|    approx_kl            | 0.019677542  |
|    clip_fraction        | 0.166        |
|    clip_range           | 0.2          |
|    entropy_loss         | -2.6         |
|    explained_variance   | 0.157        |
|    learning_rate        | 0.0003       |
|    loss                 | 0.00115      |
|    n_updates            | 150          |
|    policy_gradient_loss | 0.0107       |
|    reward               | 0.0019985936 |
|    std                  | 0.889        |
|    value_loss           | 0.00347      |
------------------------------------------
EPISODE:  35
EPISODE:  36
-----------------------------------------
| time/                   |             |
|    fps                  | 139         |
|    iterations           | 17          |
|    time_elapsed         | 248         |
|    total_timesteps      | 34816       |
| train/                  |             |
|    approx_kl            | 0.06376159  |
|    clip_fraction        | 0.167       |
|    clip_range           | 0.2         |
|    entropy_loss         | -2.6        |
|    explained_variance   | 0.166       |
|    learning_rate        | 0.0003      |
|    loss                 | -0.00581    |
|    n_updates            | 160         |
|    policy_gradient_loss | 0.0101      |
|    reward               | 0.004747693 |
|    std                  | 0.882       |
|    value_loss           | 0.00353     |
-----------------------------------------
EPISODE:  37
EPISODE:  38
-----------------------------------------
| time/                   |             |
|    fps                  | 138         |
|    iterations           | 18          |
|    time_elapsed         | 266         |
|    total_timesteps      | 36864       |
| train/                  |             |
|    approx_kl            | 0.03546062  |
|    clip_fraction        | 0.184       |
|    clip_range           | 0.2         |
|    entropy_loss         | -2.59       |
|    explained_variance   | 0.135       |
|    learning_rate        | 0.0003      |
|    loss                 | 0.0192      |
|    n_updates            | 170         |
|    policy_gradient_loss | 0.0113      |
|    reward               | 0.011925916 |
|    std                  | 0.882       |
|    value_loss           | 0.00381     |
-----------------------------------------
EPISODE:  39
EPISODE:  40
-----------------------------------------
| time/                   |             |
|    fps                  | 136         |
|    iterations           | 19          |
|    time_elapsed         | 284         |
|    total_timesteps      | 38912       |
| train/                  |             |
|    approx_kl            | 0.013096472 |
|    clip_fraction        | 0.188       |
|    clip_range           | 0.2         |
|    entropy_loss         | -2.58       |
|    explained_variance   | 0.0515      |
|    learning_rate        | 0.0003      |
|    loss                 | 0.00509     |
|    n_updates            | 180         |
|    policy_gradient_loss | 0.0116      |
|    reward               | 0.01399249  |
|    std                  | 0.88        |
|    value_loss           | 0.00517     |
-----------------------------------------
EPISODE:  41
EPISODE:  42
-----------------------------------------
| time/                   |             |
|    fps                  | 134         |
|    iterations           | 20          |
|    time_elapsed         | 303         |
|    total_timesteps      | 40960       |
| train/                  |             |
|    approx_kl            | 0.01749112  |
|    clip_fraction        | 0.184       |
|    clip_range           | 0.2         |
|    entropy_loss         | -2.56       |
|    explained_variance   | 0.134       |
|    learning_rate        | 0.0003      |
|    loss                 | -0.01       |
|    n_updates            | 190         |
|    policy_gradient_loss | 0.0147      |
|    reward               | 0.014464237 |
|    std                  | 0.868       |
|    value_loss           | 0.00505     |
-----------------------------------------
EPISODE:  43
EPISODE:  44
-----------------------------------------
| time/                   |             |
|    fps                  | 134         |
|    iterations           | 21          |
|    time_elapsed         | 319         |
|    total_timesteps      | 43008       |
| train/                  |             |
|    approx_kl            | 0.02648643  |
|    clip_fraction        | 0.15        |
|    clip_range           | 0.2         |
|    entropy_loss         | -2.55       |
|    explained_variance   | 0.136       |
|    learning_rate        | 0.0003      |
|    loss                 | 0.0213      |
|    n_updates            | 200         |
|    policy_gradient_loss | 0.0129      |
|    reward               | 0.012312975 |
|    std                  | 0.872       |
|    value_loss           | 0.00627     |
-----------------------------------------
EPISODE:  45
EPISODE:  46
-----------------------------------------
| time/                   |             |
|    fps                  | 133         |
|    iterations           | 22          |
|    time_elapsed         | 336         |
|    total_timesteps      | 45056       |
| train/                  |             |
|    approx_kl            | 0.038231388 |
|    clip_fraction        | 0.21        |
|    clip_range           | 0.2         |
|    entropy_loss         | -2.56       |
|    explained_variance   | 0.124       |
|    learning_rate        | 0.0003      |
|    loss                 | -0.012      |
|    n_updates            | 210         |
|    policy_gradient_loss | 0.0142      |
|    reward               | 0.005498759 |
|    std                  | 0.871       |
|    value_loss           | 0.00501     |
-----------------------------------------
EPISODE:  47
EPISODE:  48
-------------------------------------------
| time/                   |               |
|    fps                  | 133           |
|    iterations           | 23            |
|    time_elapsed         | 352           |
|    total_timesteps      | 47104         |
| train/                  |               |
|    approx_kl            | 0.040875997   |
|    clip_fraction        | 0.147         |
|    clip_range           | 0.2           |
|    entropy_loss         | -2.56         |
|    explained_variance   | 0.125         |
|    learning_rate        | 0.0003        |
|    loss                 | 0.0253        |
|    n_updates            | 220           |
|    policy_gradient_loss | 0.00699       |
|    reward               | -0.0010713692 |
|    std                  | 0.872         |
|    value_loss           | 0.00543       |
-------------------------------------------
EPISODE:  49
EPISODE:  50
------------------------------------------
| time/                   |              |
|    fps                  | 133          |
|    iterations           | 24           |
|    time_elapsed         | 368          |
|    total_timesteps      | 49152        |
| train/                  |              |
|    approx_kl            | 0.012548154  |
|    clip_fraction        | 0.151        |
|    clip_range           | 0.2          |
|    entropy_loss         | -2.56        |
|    explained_variance   | 0.147        |
|    learning_rate        | 0.0003       |
|    loss                 | -0.00761     |
|    n_updates            | 230          |
|    policy_gradient_loss | 0.0143       |
|    reward               | 0.0070679206 |
|    std                  | 0.872        |
|    value_loss           | 0.00456      |
------------------------------------------
EPISODE:  51
EPISODE:  52
-----------------------------------------
| time/                   |             |
|    fps                  | 133         |
|    iterations           | 25          |
|    time_elapsed         | 384         |
|    total_timesteps      | 51200       |
| train/                  |             |
|    approx_kl            | 0.04793872  |
|    clip_fraction        | 0.124       |
|    clip_range           | 0.2         |
|    entropy_loss         | -2.55       |
|    explained_variance   | 0.126       |
|    learning_rate        | 0.0003      |
|    loss                 | 0.0641      |
|    n_updates            | 240         |
|    policy_gradient_loss | 0.0124      |
|    reward               | 0.013526918 |
|    std                  | 0.867       |
|    value_loss           | 0.00481     |
-----------------------------------------
Saved episode log to Results\250619_hc_binary_udp\ppo\periodic\training_logs\08.csv
