[2025-07-21 15:06:59] Starting experiment: exp_20250721_150659
[2025-07-21 15:06:59] Experiment configuration:
{
  "run_config": {
    "steps_per_run": 50,
    "runs_per_combination": 3,
    "start_value": 0.0,
    "max_workers": 8
  },
  "agent_config": {
    "Always Up Agent": {},
    "Repeat Last Movement Agent": {},
    "Frequency-Based Majority Agent": {},
    "Static Mean Reversion Agent": {},
    "Dynamic Mean Reversion Agent": {
      "time_window": 5
    },
    "SGD Classifier Agent": {
      "window_size": 10
    },
    "DQN Agent": {
      "state_size": 10,
      "gamma": 0.95,
      "epsilon": 1.0,
      "epsilon_min": 0.05,
      "epsilon_decay": 0.995,
      "lr": 0.001,
      "batch_size": 32,
      "memory_size": 1000
    }
  },
  "generator_config": {
    "Linear Trend Generator": {
      "start_value": 10.0,
      "slope": 0.5
    },
    "Constant Generator": {},
    "Periodic Trend Generator": {
      "start_value": 10.0,
      "amplitude": 2.0,
      "frequency": 0.1
    },
    "Ornstein-Uhlenbeck Generator": {
      "mu": 10.0,
      "theta": 0.15,
      "sigma": 0.2,
      "dt": 1.0,
      "start_value": 20.0
    },
    "Random Walk Generator": {
      "start_value": 0.0,
      "mu": 0.0,
      "sigma": 1.0
    },
    "Markov Regime-Switching Generator": {
      "regimes": [
        {
          "generator": "Linear Trend Generator",
          "params": {
            "start_value": 0.0,
            "slope": 0.5
          }
        },
        {
          "generator": "Random Walk Generator",
          "params": {
            "start_value": 0.0,
            "mu": 0.0,
            "sigma": 1.0
          }
        }
      ],
      "transition_matrix": [
        [
          0.8,
          0.2
        ],
        [
          0.2,
          0.8
        ]
      ]
    },
    "Noisy Markov Regime-Switching Generator": {
      "regimes": [
        {
          "generator": "Linear Trend Generator",
          "params": {
            "start_value": 0.0,
            "slope": 0.5
          }
        },
        {
          "generator": "Ornstein-Uhlenbeck Generator",
          "params": {
            "mu": 0.0,
            "theta": 0.1,
            "sigma": 0.1,
            "dt": 1.0,
            "start_value": 0.0
          }
        }
      ],
      "transition_matrix": [
        [
          0.8,
          0.2
        ],
        [
          0.2,
          0.8
        ]
      ],
      "noise_mu": 0.0,
      "noise_sigma": 0.1
    }
  }
}
[2025-07-21 15:06:59] Saved experiment config to experiment\exp_20250721_150659\experiment_config.json
[2025-07-21 15:07:00] Running: python single_run.py --experiment experiment\exp_20250721_150659\results --generator Linear Trend Generator --agent Always Up Agent --run 001 --steps 50 --start_value 0.0 --agent_params {} --generator_params {"start_value": 10.0, "slope": 0.5}
[2025-07-21 15:07:00] Running: python single_run.py --experiment experiment\exp_20250721_150659\results --generator Linear Trend Generator --agent Always Up Agent --run 002 --steps 50 --start_value 0.0 --agent_params {} --generator_params {"start_value": 10.0, "slope": 0.5}
[2025-07-21 15:07:00] Running: python single_run.py --experiment experiment\exp_20250721_150659\results --generator Linear Trend Generator --agent Always Up Agent --run 003 --steps 50 --start_value 0.0 --agent_params {} --generator_params {"start_value": 10.0, "slope": 0.5}
[2025-07-21 15:07:00] Running: python single_run.py --experiment experiment\exp_20250721_150659\results --generator Constant Generator --agent Always Up Agent --run 001 --steps 50 --start_value 0.0 --agent_params {} --generator_params {}
[2025-07-21 15:07:00] Running: python single_run.py --experiment experiment\exp_20250721_150659\results --generator Constant Generator --agent Always Up Agent --run 002 --steps 50 --start_value 0.0 --agent_params {} --generator_params {}
[2025-07-21 15:07:00] Running: python single_run.py --experiment experiment\exp_20250721_150659\results --generator Constant Generator --agent Always Up Agent --run 003 --steps 50 --start_value 0.0 --agent_params {} --generator_params {}
[2025-07-21 15:07:00] Running: python single_run.py --experiment experiment\exp_20250721_150659\results --generator Periodic Trend Generator --agent Always Up Agent --run 001 --steps 50 --start_value 0.0 --agent_params {} --generator_params {"start_value": 10.0, "amplitude": 2.0, "frequency": 0.1}
[2025-07-21 15:07:00] Running: python single_run.py --experiment experiment\exp_20250721_150659\results --generator Periodic Trend Generator --agent Always Up Agent --run 002 --steps 50 --start_value 0.0 --agent_params {} --generator_params {"start_value": 10.0, "amplitude": 2.0, "frequency": 0.1}
[2025-07-21 15:07:11] Run completed: Always Up Agent x Linear Trend Generator | Run 001
[2025-07-21 15:07:11] Running: python single_run.py --experiment experiment\exp_20250721_150659\results --generator Periodic Trend Generator --agent Always Up Agent --run 003 --steps 50 --start_value 0.0 --agent_params {} --generator_params {"start_value": 10.0, "amplitude": 2.0, "frequency": 0.1}
[2025-07-21 15:07:11] Run completed: Always Up Agent x Periodic Trend Generator | Run 001
[2025-07-21 15:07:11] Running: python single_run.py --experiment experiment\exp_20250721_150659\results --generator Ornstein-Uhlenbeck Generator --agent Always Up Agent --run 001 --steps 50 --start_value 0.0 --agent_params {} --generator_params {"mu": 10.0, "theta": 0.15, "sigma": 0.2, "dt": 1.0, "start_value": 20.0}
[2025-07-21 15:07:11] Run completed: Always Up Agent x Constant Generator | Run 002
[2025-07-21 15:07:11] Running: python single_run.py --experiment experiment\exp_20250721_150659\results --generator Ornstein-Uhlenbeck Generator --agent Always Up Agent --run 002 --steps 50 --start_value 0.0 --agent_params {} --generator_params {"mu": 10.0, "theta": 0.15, "sigma": 0.2, "dt": 1.0, "start_value": 20.0}
[2025-07-21 15:07:11] Run completed: Always Up Agent x Constant Generator | Run 001
[2025-07-21 15:07:11] Running: python single_run.py --experiment experiment\exp_20250721_150659\results --generator Ornstein-Uhlenbeck Generator --agent Always Up Agent --run 003 --steps 50 --start_value 0.0 --agent_params {} --generator_params {"mu": 10.0, "theta": 0.15, "sigma": 0.2, "dt": 1.0, "start_value": 20.0}
[2025-07-21 15:07:11] Run completed: Always Up Agent x Linear Trend Generator | Run 002
[2025-07-21 15:07:11] Run completed: Always Up Agent x Constant Generator | Run 003
[2025-07-21 15:07:11] Running: python single_run.py --experiment experiment\exp_20250721_150659\results --generator Random Walk Generator --agent Always Up Agent --run 002 --steps 50 --start_value 0.0 --agent_params {} --generator_params {"start_value": 0.0, "mu": 0.0, "sigma": 1.0}
[2025-07-21 15:07:11] Run completed: Always Up Agent x Periodic Trend Generator | Run 002
0659\results --generator Random Walk Generator --agent Always Up Agent --run 001 --steps 50 --start_value 0.0 --agent_params {} --generator_params {"start_value": 0.0, "mu": 0.0, "sigma": 1.0}
[2025-07-21 15:07:11] Running: python single_run.py --experiment experiment\exp_20250721_150659\results --generator Random Walk Generator --agent Always Up Agent --run 003 --steps 50 --start_value 0.0 --agent_params {} --generator_params {"start_value": 0.0, "mu": 0.0, "sigma": 1.0}
[2025-07-21 15:07:11] Run completed: Always Up Agent x Linear Trend Generator | Run 003
[2025-07-21 15:07:11] Running: python single_run.py --experiment experiment\exp_20250721_150659\results --generator Markov Regime-Switching Generator --agent Always Up Agent --run 001 --steps 50 --start_value 0.0 --agent_params {} --generator_params {"regimes": [{"generator": "Linear Trend Generator", "params": {"start_value": 0.0, "slope": 0.5}}, {"generator": "Random Walk Generator", "params": {"start_value": 0.0, "mu": 0.0, "sigma": 1.0}}], "transition_matrix": [[0.8, 0.2], [0.2, 0.8]]}
[2025-07-21 15:07:18] Run completed: Always Up Agent x Ornstein-Uhlenbeck Generator | Run 003
[2025-07-21 15:07:18] Running: python single_run.py --experiment experiment\exp_20250721_150659\results --generator Markov Regime-Switching Generator --agent Always Up Agent --run 002 --steps 50 --start_value 0.0 --agent_params {} --generator_params {"regimes": [{"generator": "Linear Trend Generator", "params": {"start_value": 0.0, "slope": 0.5}}, {"generator": "Random Walk Generator", "params": {"start_value": 0.0, "mu": 0.0, "sigma": 1.0}}], "transition_matrix": [[0.8, 0.2], [0.2, 0.8]]}
[2025-07-21 15:07:18] Run completed: Always Up Agent x Ornstein-Uhlenbeck Generator | Run 001
[2025-07-21 15:07:18] Running: python single_run.py --experiment experiment\exp_20250721_150659\results --generator Markov Regime-Switching Generator --agent Always Up Agent --run 003 --steps 50 --start_value 0.0 --agent_params {} --generator_params {"regimes": [{"generator": "Linear Trend Generator", "params": {"start_value": 0.0, "slope": 0.5}}, {"generator": "Random Walk Generator", "params": {"start_value": 0.0, "mu": 0.0, "sigma": 1.0}}], "transition_matrix": [[0.8, 0.2], [0.2, 0.8]]}
[2025-07-21 15:07:18] Run completed: Always Up Agent x Periodic Trend Generator | Run 003
[2025-07-21 15:07:19] Running: python single_run.py --experiment experiment\exp_20250721_150659\results --generator Noisy Markov Regime-Switching Generator --agent Always Up Agent --run 001 --steps 50 --start_value 0.0 --agent_params {} --generator_params {"regimes": [{"generator": "Linear Trend Generator", "params": {"start_value": 0.0, "slope": 0.5}}, {"generator": "Ornstein-Uhlenbeck Generator", "params": {"mu": 0.0, "theta": 0.1, "sigma": 0.1, "dt": 1.0, "start_value": 0.0}}], "transition_matrix": [[0.8, 0.2], [0.2, 0.8]], "noise_mu": 0.0, "noise_sigma": 0.1}
[2025-07-21 15:07:19] Run completed: Always Up Agent x Random Walk Generator | Run 002
[2025-07-21 15:07:19] Running: python single_run.py --experiment experiment\exp_20250721_150659\results --generator Noisy Markov Regime-Switching Generator --agent Always Up Agent --run 002 --steps 50 --start_value 0.0 --agent_params {} --generator_params {"regimes": [{"generator": "Linear Trend Generator", "params": {"start_value": 0.0, "slope": 0.5}}, {"generator": "Ornstein-Uhlenbeck Generator", "params": {"mu": 0.0, "theta": 0.1, "sigma": 0.1, "dt": 1.0, "start_value": 0.0}}], "transition_matrix": [[0.8, 0.2], [0.2, 0.8]], "noise_mu": 0.0, "noise_sigma": 0.1}
[2025-07-21 15:07:19] Run completed: Always Up Agent x Markov Regime-Switching Generator | Run 001
[2025-07-21 15:07:19] Running: python single_run.py --experiment experiment\exp_20250721_150659\results --generator Noisy Markov Regime-Switching Generator --agent Always Up Agent --run 003 --steps 50 --start_value 0.0 --agent_params {} --generator_params {"regimes": [{"generator": "Linear Trend Generator", "params": {"start_value": 0.0, "slope": 0.5}}, {"generator": "Ornstein-Uhlenbeck Generator", "params": {"mu": 0.0, "theta": 0.1, "sigma": 0.1, "dt": 1.0, "start_value": 0.0}}], "transition_matrix": [[0.8, 0.2], [0.2, 0.8]], "noise_mu": 0.0, "noise_sigma": 0.1}
[2025-07-21 15:07:19] Run completed: Always Up Agent x Random Walk Generator | Run 003
[2025-07-21 15:07:19] Running: python single_run.py --experiment experiment\exp_20250721_150659\results --generator Linear Trend Generator --agent Repeat Last Movement Agent --run 001 --steps 50 --start_value 0.0 --agent_params {} --generator_params {"start_value": 10.0, "slope": 0.5}
[2025-07-21 15:07:19] Run completed: Always Up Agent x Random Walk Generator | Run 001
[2025-07-21 15:07:19] Running: python single_run.py --experiment experiment\exp_20250721_150659\results --generator Linear Trend Generator --agent Repeat Last Movement Agent --run 002 --steps 50 --start_value 0.0 --agent_params {} --generator_params {"start_value": 10.0, "slope": 0.5}
[2025-07-21 15:07:19] Run completed: Always Up Agent x Ornstein-Uhlenbeck Generator | Run 002
[2025-07-21 15:07:19] Running: python single_run.py --experiment experiment\exp_20250721_150659\results --generator Linear Trend Generator --agent Repeat Last Movement Agent --run 003 --steps 50 --start_value 0.0 --agent_params {} --generator_params {"start_value": 10.0, "slope": 0.5}
[2025-07-21 15:07:25] Run completed: Always Up Agent x Markov Regime-Switching Generator | Run 003
[2025-07-21 15:07:25] Running: python single_run.py --experiment experiment\exp_20250721_150659\results --generator Constant Generator --agent Repeat Last Movement Agent --run 001 --steps 50 --start_value 0.0 --agent_params {} --generator_params {}
[2025-07-21 15:07:26] Run failed: Command '['python', 'single_run.py', '--experiment', 'experiment\\exp_20250721_150659\\results', '--generator', 'Noisy Markov Regime-Switching Generator', '--agent', 'Always Up Agent', '--run', '001', '--steps', '50', '--start_value', '0.0', '--agent_params', '{}', '--generator_params', '{"regimes": [{"generator": "Linear Trend Generator", "params": {"start_value": 0.0, "slope": 0.5}}, {"generator": "Ornstein-Uhlenbeck Generator", "params": {"mu": 0.0, "theta": 0.1, "sigma": 0.1, "dt": 1.0, "start_value": 0.0}}], "transition_matrix": [[0.8, 0.2], [0.2, 0.8]], "noise_mu": 0.0, "noise_sigma": 0.1}']' returned non-zero exit status 1.
[2025-07-21 15:07:26] Running: python single_run.py --experiment experiment\exp_20250721_150659\results --generator Constant Generator --agent Repeat Last Movement Agent --run 002 --steps 50 --start_value 0.0 --agent_params {} --generator_params {}
[2025-07-21 15:07:26] Run completed: Always Up Agent x Markov Regime-Switching Generator | Run 002
[2025-07-21 15:07:26] Running: python single_run.py --experiment experiment\exp_20250721_150659\results --generator Constant Generator --agent Repeat Last Movement Agent --run 003 --steps 50 --start_value 0.0 --agent_params {} --generator_params {}
[2025-07-21 15:07:26] Run completed: Repeat Last Movement Agent x Linear Trend Generator | Run 001
[2025-07-21 15:07:26] Running: python single_run.py --experiment experiment\exp_20250721_150659\results --generator Periodic Trend Generator --agent Repeat Last Movement Agent --run 001 --steps 50 --start_value 0.0 --agent_params {} --generator_params {"start_value": 10.0, "amplitude": 2.0, "frequency": 0.1}
[2025-07-21 15:07:26] Run failed: Command '['python', 'single_run.py', '--experiment', 'experiment\\exp_20250721_150659\\results', '--generator', 'Noisy Markov Regime-Switching Generator', '--agent', 'Always Up Agent', '--run', '003', '--steps', '50', '--start_value', '0.0', '--agent_params', '{}', '--generator_params', '{"regimes": [{"generator": "Linear Trend Generator", "params": {"start_value": 0.0, "slope": 0.5}}, {"generator": "Ornstein-Uhlenbeck Generator", "params": {"mu": 0.0, "theta": 0.1, "sigma": 0.1, "dt": 1.0, "start_value": 0.0}}], "transition_matrix": [[0.8, 0.2], [0.2, 0.8]], "noise_mu": 0.0, "noise_sigma": 0.1}']' returned non-zero exit status 1.
[2025-07-21 15:07:26] Running: python single_run.py --experiment experiment\exp_20250721_150659\results --generator Periodic Trend Generator --agent Repeat Last Movement Agent --run 002 --steps 50 --start_value 0.0 --agent_params {} --generator_params {"start_value": 10.0, "amplitude": 2.0, "frequency": 0.1}
[2025-07-21 15:07:26] Run failed: Command '['python', 'single_run.py', '--experiment', 'experiment\\exp_20250721_150659\\results', '--generator', 'Noisy Markov Regime-Switching Generator', '--agent', 'Always Up Agent', '--run', '002', '--steps', '50', '--start_value', '0.0', '--agent_params', '{}', '--generator_params', '{"regimes": [{"generator": "Linear Trend Generator", "params": {"start_value": 0.0, "slope": 0.5}}, {"generator": "Ornstein-Uhlenbeck Generator", "params": {"mu": 0.0, "theta": 0.1, "sigma": 0.1, "dt": 1.0, "start_value": 0.0}}], "transition_matrix": [[0.8, 0.2], [0.2, 0.8]], "noise_mu": 0.0, "noise_sigma": 0.1}']' returned non-zero exit status 1.
[2025-07-21 15:07:26] Running: python single_run.py --experiment experiment\exp_20250721_150659\results --generator Periodic Trend Generator --agent Repeat Last Movement Agent --run 003 --steps 50 --start_value 0.0 --agent_params {} --generator_params {"start_value": 10.0, "amplitude": 2.0, "frequency": 0.1}
[2025-07-21 15:07:26] Run completed: Repeat Last Movement Agent x Linear Trend Generator | Run 003
[2025-07-21 15:07:26] Running: python single_run.py --experiment experiment\exp_20250721_150659\results --generator Ornstein-Uhlenbeck Generator --agent Repeat Last Movement Agent --run 001 --steps 50 --start_value 0.0 --agent_params {} --generator_params {"mu": 10.0, "theta": 0.15, "sigma": 0.2, "dt": 1.0, "start_value": 20.0}
[2025-07-21 15:07:26] Run completed: Repeat Last Movement Agent x Linear Trend Generator | Run 002
[2025-07-21 15:07:26] Running: python single_run.py --experiment experiment\exp_20250721_150659\results --generator Ornstein-Uhlenbeck Generator --agent Repeat Last Movement Agent --run 002 --steps 50 --start_value 0.0 --agent_params {} --generator_params {"mu": 10.0, "theta": 0.15, "sigma": 0.2, "dt": 1.0, "start_value": 20.0}
[2025-07-21 15:07:32] Run completed: Repeat Last Movement Agent x Constant Generator | Run 002
[2025-07-21 15:07:32] Running: python single_run.py --experiment experiment\exp_20250721_150659\results --generator Ornstein-Uhlenbeck Generator --agent Repeat Last Movement Agent --run 003 --steps 50 --start_value 0.0 --agent_params {} --generator_params {"mu": 10.0, "theta": 0.15, "sigma": 0.2, "dt": 1.0, "start_value": 20.0}
[2025-07-21 15:07:32] Run completed: Repeat Last Movement Agent x Constant Generator | Run 003
[2025-07-21 15:07:32] Running: python single_run.py --experiment experiment\exp_20250721_150659\results --generator Random Walk Generator --agent Repeat Last Movement Agent --run 001 --steps 50 --start_value 0.0 --agent_params {} --generator_params {"start_value": 0.0, "mu": 0.0, "sigma": 1.0}
[2025-07-21 15:07:33] Run completed: Repeat Last Movement Agent x Periodic Trend Generator | Run 002
[2025-07-21 15:07:33] Running: python single_run.py --experiment experiment\exp_20250721_150659\results --generator Random Walk Generator --agent Repeat Last Movement Agent --run 002 --steps 50 --start_value 0.0 --agent_params {} --generator_params {"start_value": 0.0, "mu": 0.0, "sigma": 1.0}
[2025-07-21 15:07:33] Run completed: Repeat Last Movement Agent x Constant Generator | Run 001
[2025-07-21 15:07:33] Running: python single_run.py --experiment experiment\exp_20250721_150659\results --generator Random Walk Generator --agent Repeat Last Movement Agent --run 003 --steps 50 --start_value 0.0 --agent_params {} --generator_params {"start_value": 0.0, "mu": 0.0, "sigma": 1.0}
[2025-07-21 15:07:33] Run completed: Repeat Last Movement Agent x Periodic Trend Generator | Run 001
[2025-07-21 15:07:33] Running: python single_run.py --experiment experiment\exp_20250721_150659\results --generator Markov Regime-Switching Generator --agent Repeat Last Movement Agent --run 001 --steps 50 --start_value 0.0 --agent_params {} --generator_params {"regimes": [{"generator": "Linear Trend Generator", "params": {"start_value": 0.0, "slope": 0.5}}, {"generator": "Random Walk Generator", "params": {"start_value": 0.0, "mu": 0.0, "sigma": 1.0}}], "transition_matrix": [[0.8, 0.2], [0.2, 0.8]]}
[2025-07-21 15:07:33] Run completed: Repeat Last Movement Agent x Periodic Trend Generator | Run 003
[2025-07-21 15:07:33] Running: python single_run.py --experiment experiment\exp_20250721_150659\results --generator Markov Regime-Switching Generator --agent Repeat Last Movement Agent --run 002 --steps 50 --start_value 0.0 --agent_params {} --generator_params {"regimes": [{"generator": "Linear Trend Generator", "params": {"start_value": 0.0, "slope": 0.5}}, {"generator": "Random Walk Generator", "params": {"start_value": 0.0, "mu": 0.0, "sigma": 1.0}}], "transition_matrix": [[0.8, 0.2], [0.2, 0.8]]}
[2025-07-21 15:07:33] Run completed: Repeat Last Movement Agent x Ornstein-Uhlenbeck Generator | Run 002
[2025-07-21 15:07:33] Running: python single_run.py --experiment experiment\exp_20250721_150659\results --generator Markov Regime-Switching Generator --agent Repeat Last Movement Agent --run 003 --steps 50 --start_value 0.0 --agent_params {} --generator_params {"regimes": [{"generator": "Linear Trend Generator", "params": {"start_value": 0.0, "slope": 0.5}}, {"generator": "Random Walk Generator", "params": {"start_value": 0.0, "mu": 0.0, "sigma": 1.0}}], "transition_matrix": [[0.8, 0.2], [0.2, 0.8]]}
[2025-07-21 15:07:33] Run completed: Repeat Last Movement Agent x Ornstein-Uhlenbeck Generator | Run 001
[2025-07-21 15:07:33] Running: python single_run.py --experiment experiment\exp_20250721_150659\results --generator Noisy Markov Regime-Switching Generator --agent Repeat Last Movement Agent --run 001 --steps 50 --start_value 0.0 --agent_params {} --generator_params {"regimes": [{"generator": "Linear Trend Generator", "params": {"start_value": 0.0, "slope": 0.5}}, {"generator": "Ornstein-Uhlenbeck Generator", "params": {"mu": 0.0, "theta": 0.1, "sigma": 0.1, "dt": 1.0, "start_value": 0.0}}], "transition_matrix": [[0.8, 0.2], [0.2, 0.8]], "noise_mu": 0.0, "noise_sigma": 0.1}
[2025-07-21 15:07:40] Run completed: Repeat Last Movement Agent x Ornstein-Uhlenbeck Generator | Run 003
[2025-07-21 15:07:40] Running: python single_run.py --experiment experiment\exp_20250721_150659\results --generator Noisy Markov Regime-Switching Generator --agent Repeat Last Movement Agent --run 002 --steps 50 --start_value 0.0 --agent_params {} --generator_params {"regimes": [{"generator": "Linear Trend Generator", "params": {"start_value": 0.0, "slope": 0.5}}, {"generator": "Ornstein-Uhlenbeck Generator", "params": {"mu": 0.0, "theta": 0.1, "sigma": 0.1, "dt": 1.0, "start_value": 0.0}}], "transition_matrix": [[0.8, 0.2], [0.2, 0.8]], "noise_mu": 0.0, "noise_sigma": 0.1}
[2025-07-21 15:07:40] Run completed: Repeat Last Movement Agent x Random Walk Generator | Run 001
[2025-07-21 15:07:40] Running: python single_run.py --experiment experiment\exp_20250721_150659\results --generator Noisy Markov Regime-Switching Generator --agent Repeat Last Movement Agent --run 003 --steps 50 --start_value 0.0 --agent_params {} --generator_params {"regimes": [{"generator": "Linear Trend Generator", "params": {"start_value": 0.0, "slope": 0.5}}, {"generator": "Ornstein-Uhlenbeck Generator", "params": {"mu": 0.0, "theta": 0.1, "sigma": 0.1, "dt": 1.0, "start_value": 0.0}}], "transition_matrix": [[0.8, 0.2], [0.2, 0.8]], "noise_mu": 0.0, "noise_sigma": 0.1}
[2025-07-21 15:07:40] Run completed: Repeat Last Movement Agent x Random Walk Generator | Run 002
[2025-07-21 15:07:40] Running: python single_run.py --experiment experiment\exp_20250721_150659\results --generator Linear Trend Generator --agent Frequency-Based Majority Agent --run 001 --steps 50 --start_value 0.0 --agent_params {} --generator_params {"start_value": 10.0, "slope": 0.5}
[2025-07-21 15:07:40] Run completed: Repeat Last Movement Agent x Random Walk Generator | Run 003
[2025-07-21 15:07:40] Running: python single_run.py --experiment experiment\exp_20250721_150659\results --generator Linear Trend Generator --agent Frequency-Based Majority Agent --run 002 --steps 50 --start_value 0.0 --agent_params {} --generator_params {"start_value": 10.0, "slope": 0.5}
[2025-07-21 15:07:40] Run completed: Repeat Last Movement Agent x Markov Regime-Switching Generator | Run 001
[2025-07-21 15:07:40] Running: python single_run.py --experiment experiment\exp_20250721_150659\results --generator Linear Trend Generator --agent Frequency-Based Majority Agent --run 003 --steps 50 --start_value 0.0 --agent_params {} --generator_params {"start_value": 10.0, "slope": 0.5}
[2025-07-21 15:07:40] Run completed: Repeat Last Movement Agent x Markov Regime-Switching Generator | Run 002
[2025-07-21 15:07:40] Running: python single_run.py --experiment experiment\exp_20250721_150659\results --generator Constant Generator --agent Frequency-Based Majority Agent --run 001 --steps 50 --start_value 0.0 --agent_params {} --generator_params {}
[2025-07-21 15:07:40] Run completed: Repeat Last Movement Agent x Markov Regime-Switching Generator | Run 003
[2025-07-21 15:07:40] Running: python single_run.py --experiment experiment\exp_20250721_150659\results --generator Constant Generator --agent Frequency-Based Majority Agent --run 002 --steps 50 --start_value 0.0 --agent_params {} --generator_params {}
[2025-07-21 15:07:40] Run failed: Command '['python', 'single_run.py', '--experiment', 'experiment\\exp_20250721_150659\\results', '--generator', 'Noisy Markov Regime-Switching Generator', '--agent', 'Repeat Last Movement Agent', '--run', '001', '--steps', '50', '--start_value', '0.0', '--agent_params', '{}', '--generator_params', '{"regimes": [{"generator": "Linear Trend Generator", "params": {"start_value": 0.0, "slope": 0.5}}, {"generator": "Ornstein-Uhlenbeck Generator", "params": {"mu": 0.0, "theta": 0.1, "sigma": 0.1, "dt": 1.0, "start_value": 0.0}}], "transition_matrix": [[0.8, 0.2], [0.2, 0.8]], "noise_mu": 0.0, "noise_sigma": 0.1}']' returned non-zero exit status 1.
[2025-07-21 15:07:40] Running: python single_run.py --experiment experiment\exp_20250721_150659\results --generator Constant Generator --agent Frequency-Based Majority Agent --run 003 --steps 50 --start_value 0.0 --agent_params {} --generator_params {}
[2025-07-21 15:07:47] Run failed: Command '['python', 'single_run.py', '--experiment', 'experiment\\exp_20250721_150659\\results', '--generator', 'Noisy Markov Regime-Switching Generator', '--agent', 'Repeat Last Movement Agent', '--run', '002', '--steps', '50', '--start_value', '0.0', '--agent_params', '{}', '--generator_params', '{"regimes": [{"generator": "Linear Trend Generator", "params": {"start_value": 0.0, "slope": 0.5}}, {"generator": "Ornstein-Uhlenbeck Generator", "params": {"mu": 0.0, "theta": 0.1, "sigma": 0.1, "dt": 1.0, "start_value": 0.0}}], "transition_matrix": [[0.8, 0.2], [0.2, 0.8]], "noise_mu": 0.0, "noise_sigma": 0.1}']' returned non-zero exit status 1.
[2025-07-21 15:07:47] Running: python single_run.py --experiment experiment\exp_20250721_150659\results --generator Periodic Trend Generator --agent Frequency-Based Majority Agent --run 001 --steps 50 --start_value 0.0 --agent_params {} --generator_params {"start_value": 10.0, "amplitude": 2.0, "frequency": 0.1}
[2025-07-21 15:07:47] Run completed: Frequency-Based Majority Agent x Linear Trend Generator | Run 003
[2025-07-21 15:07:47] Running: python single_run.py --experiment experiment\exp_20250721_150659\results --generator Periodic Trend Generator --agent Frequency-Based Majority Agent --run 002 --steps 50 --start_value 0.0 --agent_params {} --generator_params {"start_value": 10.0, "amplitude": 2.0, "frequency": 0.1}
[2025-07-21 15:07:48] Run failed: Command '['python', 'single_run.py', '--experiment', 'experiment\\exp_20250721_150659\\results', '--generator', 'Noisy Markov Regime-Switching Generator', '--agent', 'Repeat Last Movement Agent', '--run', '003', '--steps', '50', '--start_value', '0.0', '--agent_params', '{}', '--generator_params', '{"regimes": [{"generator": "Linear Trend Generator", "params": {"start_value": 0.0, "slope": 0.5}}, {"generator": "Ornstein-Uhlenbeck Generator", "params": {"mu": 0.0, "theta": 0.1, "sigma": 0.1, "dt": 1.0, "start_value": 0.0}}], "transition_matrix": [[0.8, 0.2], [0.2, 0.8]], "noise_mu": 0.0, "noise_sigma": 0.1}']' returned non-zero exit status 1.
[2025-07-21 15:07:48] Running: python single_run.py --experiment experiment\exp_20250721_150659\results --generator Periodic Trend Generator --agent Frequency-Based Majority Agent --run 003 --steps 50 --start_value 0.0 --agent_params {} --generator_params {"start_value": 10.0, "amplitude": 2.0, "frequency": 0.1}
[2025-07-21 15:07:48] Run completed: Frequency-Based Majority Agent x Linear Trend Generator | Run 001
[2025-07-21 15:07:48] Running: python single_run.py --experiment experiment\exp_20250721_150659\results --generator Ornstein-Uhlenbeck Generator --agent Frequency-Based Majority Agent --run 001 --steps 50 --start_value 0.0 --agent_params {} --generator_params {"mu": 10.0, "theta": 0.15, "sigma": 0.2, "dt": 1.0, "start_value": 20.0}
[2025-07-21 15:07:48] Run completed: Frequency-Based Majority Agent x Constant Generator | Run 003
[2025-07-21 15:07:48] Running: python single_run.py --experiment experiment\exp_20250721_150659\results --generator Ornstein-Uhlenbeck Generator --agent Frequency-Based Majority Agent --run 002 --steps 50 --start_value 0.0 --agent_params {} --generator_params {"mu": 10.0, "theta": 0.15, "sigma": 0.2, "dt": 1.0, "start_value": 20.0}
[2025-07-21 15:07:48] Run completed: Frequency-Based Majority Agent x Constant Generator | Run 001
[2025-07-21 15:07:48] Run completed: Frequency-Based Majority Agent x Linear Trend Generator | Run 002
[2025-07-21 15:07:48] Running: python single_run.py --experiment experiment\exp_20250721_150659\results --generator Ornstein-Uhlenbeck Generator --agent Frequency-Based Majority Agent --run 003 --steps 50 --start_value 0.0 --agent_params {} --generator_params {"mu": 10.0, "theta": 0.15, "sigma": 0.2, "dt": 1.0, "start_value": 20.0}
[2025-07-21 15:07:48] Running: python single_run.py --experiment experiment\exp_20250721_150659\results --generator Random Walk Generator --agent Frequency-Based Majority Agent --run 001 --steps 50 --start_value 0.0 --agent_params {} --generator_params {"start_value": 0.0, "mu": 0.0, "sigma": 1.0}
[2025-07-21 15:07:48] Run completed: Frequency-Based Majority Agent x Constant Generator | Run 002
[2025-07-21 15:07:48] Running: python single_run.py --experiment experiment\exp_20250721_150659\results --generator Random Walk Generator --agent Frequency-Based Majority Agent --run 002 --steps 50 --start_value 0.0 --agent_params {} --generator_params {"start_value": 0.0, "mu": 0.0, "sigma": 1.0}
[2025-07-21 15:07:54] Run completed: Frequency-Based Majority Agent x Periodic Trend Generator | Run 001
[2025-07-21 15:07:54] Running: python single_run.py --experiment experiment\exp_20250721_150659\results --generator Random Walk Generator --agent Frequency-Based Majority Agent --run 003 --steps 50 --start_value 0.0 --agent_params {} --generator_params {"start_value": 0.0, "mu": 0.0, "sigma": 1.0}
[2025-07-21 15:07:55] Run completed: Frequency-Based Majority Agent x Periodic Trend Generator | Run 002
[2025-07-21 15:07:55] Running: python single_run.py --experiment experiment\exp_20250721_150659\results --generator Markov Regime-Switching Generator --agent Frequency-Based Majority Agent --run 001 --steps 50 --start_value 0.0 --agent_params {} --generator_params {"regimes": [{"generator": "Linear Trend Generator", "params": {"start_value": 0.0, "slope": 0.5}}, {"generator": "Random Walk Generator", "params": {"start_value": 0.0, "mu": 0.0, "sigma": 1.0}}], "transition_matrix": [[0.8, 0.2], [0.2, 0.8]]}
[2025-07-21 15:07:55] Run completed: Frequency-Based Majority Agent x Ornstein-Uhlenbeck Generator | Run 002
[2025-07-21 15:07:55] Running: python single_run.py --experiment experiment\exp_20250721_150659\results --generator Markov Regime-Switching Generator --agent Frequency-Based Majority Agent --run 002 --steps 50 --start_value 0.0 --agent_params {} --generator_params {"regimes": [{"generator": "Linear Trend Generator", "params": {"start_value": 0.0, "slope": 0.5}}, {"generator": "Random Walk Generator", "params": {"start_value": 0.0, "mu": 0.0, "sigma": 1.0}}], "transition_matrix": [[0.8, 0.2], [0.2, 0.8]]}
[2025-07-21 15:07:55] Run completed: Frequency-Based Majority Agent x Ornstein-Uhlenbeck Generator | Run 001
[2025-07-21 15:07:55] Running: python single_run.py --experiment experiment\exp_20250721_150659\results --generator Markov Regime-Switching Generator --agent Frequency-Based Majority Agent --run 003 --steps 50 --start_value 0.0 --agent_params {} --generator_params {"regimes": [{"generator": "Linear Trend Generator", "params": {"start_value": 0.0, "slope": 0.5}}, {"generator": "Random Walk Generator", "params": {"start_value": 0.0, "mu": 0.0, "sigma": 1.0}}], "transition_matrix": [[0.8, 0.2], [0.2, 0.8]]}
[2025-07-21 15:07:55] Run completed: Frequency-Based Majority Agent x Ornstein-Uhlenbeck Generator | Run 003
[2025-07-21 15:07:55] Running: python single_run.py --experiment experiment\exp_20250721_150659\results --generator Noisy Markov Regime-Switching Generator --agent Frequency-Based Majority Agent --run 001 --steps 50 --start_value 0.0 --agent_params {} --generator_params {"regimes": [{"generator": "Linear Trend Generator", "params": {"start_value": 0.0, "slope": 0.5}}, {"generator": "Ornstein-Uhlenbeck Generator", "params": {"mu": 0.0, "theta": 0.1, "sigma": 0.1, "dt": 1.0, "start_value": 0.0}}], "transition_matrix": [[0.8, 0.2], [0.2, 0.8]], "noise_mu": 0.0, "noise_sigma": 0.1}
[2025-07-21 15:07:55] Run completed: Frequency-Based Majority Agent x Periodic Trend Generator | Run 003
[2025-07-21 15:07:55] Running: python single_run.py --experiment experiment\exp_20250721_150659\results --generator Noisy Markov Regime-Switching Generator --agent Frequency-Based Majority Agent --run 002 --steps 50 --start_value 0.0 --agent_params {} --generator_params {"regimes": [{"generator": "Linear Trend Generator", "params": {"start_value": 0.0, "slope": 0.5}}, {"generator": "Ornstein-Uhlenbeck Generator", "params": {"mu": 0.0, "theta": 0.1, "sigma": 0.1, "dt": 1.0, "start_value": 0.0}}], "transition_matrix": [[0.8, 0.2], [0.2, 0.8]], "noise_mu": 0.0, "noise_sigma": 0.1}
[2025-07-21 15:07:55] Run completed: Frequency-Based Majority Agent x Random Walk Generator | Run 002
[2025-07-21 15:07:55] Running: python single_run.py --experiment experiment\exp_20250721_150659\results --generator Noisy Markov Regime-Switching Generator --agent Frequency-Based Majority Agent --run 003 --steps 50 --start_value 0.0 --agent_params {} --generator_params {"regimes": [{"generator": "Linear Trend Generator", "params": {"start_value": 0.0, "slope": 0.5}}, {"generator": "Ornstein-Uhlenbeck Generator", "params": {"mu": 0.0, "theta": 0.1, "sigma": 0.1, "dt": 1.0, "start_value": 0.0}}], "transition_matrix": [[0.8, 0.2], [0.2, 0.8]], "noise_mu": 0.0, "noise_sigma": 0.1}
[2025-07-21 15:07:55] Run completed: Frequency-Based Majority Agent x Random Walk Generator | Run 001
[2025-07-21 15:07:55] Running: python single_run.py --experiment experiment\exp_20250721_150659\results --generator Linear Trend Generator --agent Static Mean Reversion Agent --run 001 --steps 50 --start_value 0.0 --agent_params {} --generator_params {"start_value": 10.0, "slope": 0.5}
[2025-07-21 15:08:03] Run completed: Frequency-Based Majority Agent x Random Walk Generator | Run 003
[2025-07-21 15:08:03] Running: python single_run.py --experiment experiment\exp_20250721_150659\results --generator Linear Trend Generator --agent Static Mean Reversion Agent --run 002 --steps 50 --start_value 0.0 --agent_params {} --generator_params {"start_value": 10.0, "slope": 0.5}
[2025-07-21 15:08:03] Run completed: Frequency-Based Majority Agent x Markov Regime-Switching Generator | Run 001
[2025-07-21 15:08:03] Running: python single_run.py --experiment experiment\exp_20250721_150659\results --generator Linear Trend Generator --agent Static Mean Reversion Agent --run 003 --steps 50 --start_value 0.0 --agent_params {} --generator_params {"start_value": 10.0, "slope": 0.5}
[2025-07-21 15:08:04] Run completed: Frequency-Based Majority Agent x Markov Regime-Switching Generator | Run 002
[2025-07-21 15:08:04] Running: python single_run.py --experiment experiment\exp_20250721_150659\results --generator Constant Generator --agent Static Mean Reversion Agent --run 001 --steps 50 --start_value 0.0 --agent_params {} --generator_params {}
[2025-07-21 15:08:04] Run failed: Command '['python', 'single_run.py', '--experiment', 'experiment\\exp_20250721_150659\\results', '--generator', 'Noisy Markov Regime-Switching Generator', '--agent', 'Frequency-Based Majority Agent', '--run', '002', '--steps', '50', '--start_value', '0.0', '--agent_params', '{}', '--generator_params', '{"regimes": [{"generator": "Linear Trend Generator", "params": {"start_value": 0.0, "slope": 0.5}}, {"generator": "Ornstein-Uhlenbeck Generator", "params": {"mu": 0.0, "theta": 0.1, "sigma": 0.1, "dt": 1.0, "start_value": 0.0}}], "transition_matrix": [[0.8, 0.2], [0.2, 0.8]], "noise_mu": 0.0, "noise_sigma": 0.1}']' returned non-zero exit status 1.
[2025-07-21 15:08:04] Running: python single_run.py --experiment experiment\exp_20250721_150659\results --generator Constant Generator --agent Static Mean Reversion Agent --run 002 --steps 50 --start_value 0.0 --agent_params {} --generator_params {}
[2025-07-21 15:08:04] Run completed: Static Mean Reversion Agent x Linear Trend Generator | Run 001
[2025-07-21 15:08:04] Running: python single_run.py --experiment experiment\exp_20250721_150659\results --generator Constant Generator --agent Static Mean Reversion Agent --run 003 --steps 50 --start_value 0.0 --agent_params {} --generator_params {}
[2025-07-21 15:08:04] Run completed: Frequency-Based Majority Agent x Markov Regime-Switching Generator | Run 003
[2025-07-21 15:08:04] Running: python single_run.py --experiment experiment\exp_20250721_150659\results --generator Periodic Trend Generator --agent Static Mean Reversion Agent --run 001 --steps 50 --start_value 0.0 --agent_params {} --generator_params {"start_value": 10.0, "amplitude": 2.0, "frequency": 0.1}
[2025-07-21 15:08:04] Run failed: Command '['python', 'single_run.py', '--experiment', 'experiment\\exp_20250721_150659\\results', '--generator', 'Noisy Markov Regime-Switching Generator', '--agent', 'Frequency-Based Majority Agent', '--run', '001', '--steps', '50', '--start_value', '0.0', '--agent_params', '{}', '--generator_params', '{"regimes": [{"generator": "Linear Trend Generator", "params": {"start_value": 0.0, "slope": 0.5}}, {"generator": "Ornstein-Uhlenbeck Generator", "params": {"mu": 0.0, "theta": 0.1, "sigma": 0.1, "dt": 1.0, "start_value": 0.0}}], "transition_matrix": [[0.8, 0.2], [0.2, 0.8]], "noise_mu": 0.0, "noise_sigma": 0.1}']' returned non-zero exit status 1.
[2025-07-21 15:08:04] Running: python single_run.py --experiment experiment\exp_20250721_150659\results --generator Periodic Trend Generator --agent Static Mean Reversion Agent --run 002 --steps 50 --start_value 0.0 --agent_params {} --generator_params {"start_value": 10.0, "amplitude": 2.0, "frequency": 0.1}
[2025-07-21 15:08:04] Run failed: Command '['python', 'single_run.py', '--experiment', 'experiment\\exp_20250721_150659\\results', '--generator', 'Noisy Markov Regime-Switching Generator', '--agent', 'Frequency-Based Majority Agent', '--run', '003', '--steps', '50', '--start_value', '0.0', '--agent_params', '{}', '--generator_params', '{"regimes": [{"generator": "Linear Trend Generator", "params": {"start_value": 0.0, "slope": 0.5}}, {"generator": "Ornstein-Uhlenbeck Generator", "params": {"mu": 0.0, "theta": 0.1, "sigma": 0.1, "dt": 1.0, "start_value": 0.0}}], "transition_matrix": [[0.8, 0.2], [0.2, 0.8]], "noise_mu": 0.0, "noise_sigma": 0.1}']' returned non-zero exit status 1.
[2025-07-21 15:08:04] Running: python single_run.py --experiment experiment\exp_20250721_150659\results --generator Periodic Trend Generator --agent Static Mean Reversion Agent --run 003 --steps 50 --start_value 0.0 --agent_params {} --generator_params {"start_value": 10.0, "amplitude": 2.0, "frequency": 0.1}
[2025-07-21 15:08:11] Run completed: Static Mean Reversion Agent x Linear Trend Generator | Run 002
[2025-07-21 15:08:11] Running: python single_run.py --experiment experiment\exp_20250721_150659\results --generator Ornstein-Uhlenbeck Generator --agent Static Mean Reversion Agent --run 001 --steps 50 --start_value 0.0 --agent_params {} --generator_params {"mu": 10.0, "theta": 0.15, "sigma": 0.2, "dt": 1.0, "start_value": 20.0}
[2025-07-21 15:08:11] Run completed: Static Mean Reversion Agent x Linear Trend Generator | Run 003
[2025-07-21 15:08:11] Running: python single_run.py --experiment experiment\exp_20250721_150659\results --generator Ornstein-Uhlenbeck Generator --agent Static Mean Reversion Agent --run 002 --steps 50 --start_value 0.0 --agent_params {} --generator_params {"mu": 10.0, "theta": 0.15, "sigma": 0.2, "dt": 1.0, "start_value": 20.0}
[2025-07-21 15:08:13] Run completed: Static Mean Reversion Agent x Periodic Trend Generator | Run 002
[2025-07-21 15:08:13] Running: python single_run.py --experiment experiment\exp_20250721_150659\results --generator Ornstein-Uhlenbeck Generator --agent Static Mean Reversion Agent --run 003 --steps 50 --start_value 0.0 --agent_params {} --generator_params {"mu": 10.0, "theta": 0.15, "sigma": 0.2, "dt": 1.0, "start_value": 20.0}
[2025-07-21 15:08:13] Run completed: Static Mean Reversion Agent x Constant Generator | Run 001
[2025-07-21 15:08:13] Running: python single_run.py --experiment experiment\exp_20250721_150659\results --generator Random Walk Generator --agent Static Mean Reversion Agent --run 001 --steps 50 --start_value 0.0 --agent_params {} --generator_params {"start_value": 0.0, "mu": 0.0, "sigma": 1.0}
[2025-07-21 15:08:13] Run completed: Static Mean Reversion Agent x Periodic Trend Generator | Run 001
[2025-07-21 15:08:13] Running: python single_run.py --experiment experiment\exp_20250721_150659\results --generator Random Walk Generator --agent Static Mean Reversion Agent --run 002 --steps 50 --start_value 0.0 --agent_params {} --generator_params {"start_value": 0.0, "mu": 0.0, "sigma": 1.0}
[2025-07-21 15:08:13] Run completed: Static Mean Reversion Agent x Constant Generator | Run 002
[2025-07-21 15:08:13] Running: python single_run.py --experiment experiment\exp_20250721_150659\results --generator Random Walk Generator --agent Static Mean Reversion Agent --run 003 --steps 50 --start_value 0.0 --agent_params {} --generator_params {"start_value": 0.0, "mu": 0.0, "sigma": 1.0}
[2025-07-21 15:08:13] Run completed: Static Mean Reversion Agent x Constant Generator | Run 003
[2025-07-21 15:08:13] Running: python single_run.py --experiment experiment\exp_20250721_150659\results --generator Markov Regime-Switching Generator --agent Static Mean Reversion Agent --run 001 --steps 50 --start_value 0.0 --agent_params {} --generator_params {"regimes": [{"generator": "Linear Trend Generator", "params": {"start_value": 0.0, "slope": 0.5}}, {"generator": "Random Walk Generator", "params": {"start_value": 0.0, "mu": 0.0, "sigma": 1.0}}], "transition_matrix": [[0.8, 0.2], [0.2, 0.8]]}
[2025-07-21 15:08:13] Run completed: Static Mean Reversion Agent x Periodic Trend Generator | Run 003
[2025-07-21 15:08:13] Running: python single_run.py --experiment experiment\exp_20250721_150659\results --generator Markov Regime-Switching Generator --agent Static Mean Reversion Agent --run 002 --steps 50 --start_value 0.0 --agent_params {} --generator_params {"regimes": [{"generator": "Linear Trend Generator", "params": {"start_value": 0.0, "slope": 0.5}}, {"generator": "Random Walk Generator", "params": {"start_value": 0.0, "mu": 0.0, "sigma": 1.0}}], "transition_matrix": [[0.8, 0.2], [0.2, 0.8]]}
[2025-07-21 15:08:19] Run completed: Static Mean Reversion Agent x Ornstein-Uhlenbeck Generator | Run 001
[2025-07-21 15:08:19] Running: python single_run.py --experiment experiment\exp_20250721_150659\results --generator Markov Regime-Switching Generator --agent Static Mean Reversion Agent --run 003 --steps 50 --start_value 0.0 --agent_params {} --generator_params {"regimes": [{"generator": "Linear Trend Generator", "params": {"start_value": 0.0, "slope": 0.5}}, {"generator": "Random Walk Generator", "params": {"start_value": 0.0, "mu": 0.0, "sigma": 1.0}}], "transition_matrix": [[0.8, 0.2], [0.2, 0.8]]}
[2025-07-21 15:08:19] Run completed: Static Mean Reversion Agent x Ornstein-Uhlenbeck Generator | Run 002
[2025-07-21 15:08:19] Running: python single_run.py --experiment experiment\exp_20250721_150659\results --generator Noisy Markov Regime-Switching Generator --agent Static Mean Reversion Agent --run 001 --steps 50 --start_value 0.0 --agent_params {} --generator_params {"regimes": [{"generator": "Linear Trend Generator", "params": {"start_value": 0.0, "slope": 0.5}}, {"generator": "Ornstein-Uhlenbeck Generator", "params": {"mu": 0.0, "theta": 0.1, "sigma": 0.1, "dt": 1.0, "start_value": 0.0}}], "transition_matrix": [[0.8, 0.2], [0.2, 0.8]], "noise_mu": 0.0, "noise_sigma": 0.1}
[2025-07-21 15:08:20] Run completed: Static Mean Reversion Agent x Random Walk Generator | Run 001
[2025-07-21 15:08:20] Running: python single_run.py --experiment experiment\exp_20250721_150659\results --generator Noisy Markov Regime-Switching Generator --agent Static Mean Reversion Agent --run 002 --steps 50 --start_value 0.0 --agent_params {} --generator_params {"regimes": [{"generator": "Linear Trend Generator", "params": {"start_value": 0.0, "slope": 0.5}}, {"generator": "Ornstein-Uhlenbeck Generator", "params": {"mu": 0.0, "theta": 0.1, "sigma": 0.1, "dt": 1.0, "start_value": 0.0}}], "transition_matrix": [[0.8, 0.2], [0.2, 0.8]], "noise_mu": 0.0, "noise_sigma": 0.1}
[2025-07-21 15:08:20] Run completed: Static Mean Reversion Agent x Random Walk Generator | Run 003
[2025-07-21 15:08:20] Running: python single_run.py --experiment experiment\exp_20250721_150659\results --generator Noisy Markov Regime-Switching Generator --agent Static Mean Reversion Agent --run 003 --steps 50 --start_value 0.0 --agent_params {} --generator_params {"regimes": [{"generator": "Linear Trend Generator", "params": {"start_value": 0.0, "slope": 0.5}}, {"generator": "Ornstein-Uhlenbeck Generator", "params": {"mu": 0.0, "theta": 0.1, "sigma": 0.1, "dt": 1.0, "start_value": 0.0}}], "transition_matrix": [[0.8, 0.2], [0.2, 0.8]], "noise_mu": 0.0, "noise_sigma": 0.1}
[2025-07-21 15:08:20] Run completed: Static Mean Reversion Agent x Ornstein-Uhlenbeck Generator | Run 003
[2025-07-21 15:08:20] Running: python single_run.py --experiment experiment\exp_20250721_150659\results --generator Linear Trend Generator --agent Dynamic Mean Reversion Agent --run 001 --steps 50 --start_value 0.0 --agent_params {"time_window": 5} --generator_params {"start_value": 10.0, "slope": 0.5}
[2025-07-21 15:08:20] Run completed: Static Mean Reversion Agent x Markov Regime-Switching Generator | Run 002
[2025-07-21 15:08:20] Running: python single_run.py --experiment experiment\exp_20250721_150659\results --generator Linear Trend Generator --agent Dynamic Mean Reversion Agent --run 002 --steps 50 --start_value 0.0 --agent_params {"time_window": 5} --generator_params {"start_value": 10.0, "slope": 0.5}
[2025-07-21 15:08:20] Run completed: Static Mean Reversion Agent x Markov Regime-Switching Generator | Run 001
[2025-07-21 15:08:21] Running: python single_run.py --experiment experiment\exp_20250721_150659\results --generator Linear Trend Generator --agent Dynamic Mean Reversion Agent --run 003 --steps 50 --start_value 0.0 --agent_params {"time_window": 5} --generator_params {"start_value": 10.0, "slope": 0.5}
[2025-07-21 15:08:21] Run completed: Static Mean Reversion Agent x Random Walk Generator | Run 002
[2025-07-21 15:08:21] Running: python single_run.py --experiment experiment\exp_20250721_150659\results --generator Constant Generator --agent Dynamic Mean Reversion Agent --run 001 --steps 50 --start_value 0.0 --agent_params {"time_window": 5} --generator_params {}
[2025-07-21 15:08:26] Run completed: Static Mean Reversion Agent x Markov Regime-Switching Generator | Run 003
[2025-07-21 15:08:26] Running: python single_run.py --experiment experiment\exp_20250721_150659\results --generator Constant Generator --agent Dynamic Mean Reversion Agent --run 002 --steps 50 --start_value 0.0 --agent_params {"time_window": 5} --generator_params {}
[2025-07-21 15:08:27] Run failed: Command '['python', 'single_run.py', '--experiment', 'experiment\\exp_20250721_150659\\results', '--generator', 'Noisy Markov Regime-Switching Generator', '--agent', 'Static Mean Reversion Agent', '--run', '001', '--steps', '50', '--start_value', '0.0', '--agent_params', '{}', '--generator_params', '{"regimes": [{"generator": "Linear Trend Generator", "params": {"start_value": 0.0, "slope": 0.5}}, {"generator": "Ornstein-Uhlenbeck Generator", "params": {"mu": 0.0, "theta": 0.1, "sigma": 0.1, "dt": 1.0, "start_value": 0.0}}], "transition_matrix": [[0.8, 0.2], [0.2, 0.8]], "noise_mu": 0.0, "noise_sigma": 0.1}']' returned non-zero exit status 1.
[2025-07-21 15:08:27] Running: python single_run.py --experiment experiment\exp_20250721_150659\results --generator Constant Generator --agent Dynamic Mean Reversion Agent --run 003 --steps 50 --start_value 0.0 --agent_params {"time_window": 5} --generator_params {}
[2025-07-21 15:08:28] Run failed: Command '['python', 'single_run.py', '--experiment', 'experiment\\exp_20250721_150659\\results', '--generator', 'Noisy Markov Regime-Switching Generator', '--agent', 'Static Mean Reversion Agent', '--run', '002', '--steps', '50', '--start_value', '0.0', '--agent_params', '{}', '--generator_params', '{"regimes": [{"generator": "Linear Trend Generator", "params": {"start_value": 0.0, "slope": 0.5}}, {"generator": "Ornstein-Uhlenbeck Generator", "params": {"mu": 0.0, "theta": 0.1, "sigma": 0.1, "dt": 1.0, "start_value": 0.0}}], "transition_matrix": [[0.8, 0.2], [0.2, 0.8]], "noise_mu": 0.0, "noise_sigma": 0.1}']' returned non-zero exit status 1.
[2025-07-21 15:08:28] Running: python single_run.py --experiment experiment\exp_20250721_150659\results --generator Periodic Trend Generator --agent Dynamic Mean Reversion Agent --run 001 --steps 50 --start_value 0.0 --agent_params {"time_window": 5} --generator_params {"start_value": 10.0, "amplitude": 2.0, "frequency": 0.1}
[2025-07-21 15:08:28] Run completed: Dynamic Mean Reversion Agent x Linear Trend Generator | Run 001
[2025-07-21 15:08:28] Running: python single_run.py --experiment experiment\exp_20250721_150659\results --generator Periodic Trend Generator --agent Dynamic Mean Reversion Agent --run 002 --steps 50 --start_value 0.0 --agent_params {"time_window": 5} --generator_params {"start_value": 10.0, "amplitude": 2.0, "frequency": 0.1}
[2025-07-21 15:08:28] Run completed: Dynamic Mean Reversion Agent x Linear Trend Generator | Run 002
[2025-07-21 15:08:28] Running: python single_run.py --experiment experiment\exp_20250721_150659\results --generator Periodic Trend Generator --agent Dynamic Mean Reversion Agent --run 003 --steps 50 --start_value 0.0 --agent_params {"time_window": 5} --generator_params {"start_value": 10.0, "amplitude": 2.0, "frequency": 0.1}
[2025-07-21 15:08:29] Run failed: Command '['python', 'single_run.py', '--experiment', 'experiment\\exp_20250721_150659\\results', '--generator', 'Noisy Markov Regime-Switching Generator', '--agent', 'Static Mean Reversion Agent', '--run', '003', '--steps', '50', '--start_value', '0.0', '--agent_params', '{}', '--generator_params', '{"regimes": [{"generator": "Linear Trend Generator", "params": {"start_value": 0.0, "slope": 0.5}}, {"generator": "Ornstein-Uhlenbeck Generator", "params": {"mu": 0.0, "theta": 0.1, "sigma": 0.1, "dt": 1.0, "start_value": 0.0}}], "transition_matrix": [[0.8, 0.2], [0.2, 0.8]], "noise_mu": 0.0, "noise_sigma": 0.1}']' returned non-zero exit status 1.
[2025-07-21 15:08:29] Running: python single_run.py --experiment experiment\exp_20250721_150659\results --generator Ornstein-Uhlenbeck Generator --agent Dynamic Mean Reversion Agent --run 001 --steps 50 --start_value 0.0 --agent_params {"time_window": 5} --generator_params {"mu": 10.0, "theta": 0.15, "sigma": 0.2, "dt": 1.0, "start_value": 20.0}
[2025-07-21 15:08:29] Run completed: Dynamic Mean Reversion Agent x Constant Generator | Run 001
[2025-07-21 15:08:29] Running: python single_run.py --experiment experiment\exp_20250721_150659\results --generator Ornstein-Uhlenbeck Generator --agent Dynamic Mean Reversion Agent --run 002 --steps 50 --start_value 0.0 --agent_params {"time_window": 5} --generator_params {"mu": 10.0, "theta": 0.15, "sigma": 0.2, "dt": 1.0, "start_value": 20.0}
[2025-07-21 15:08:29] Run completed: Dynamic Mean Reversion Agent x Linear Trend Generator | Run 003
[2025-07-21 15:08:29] Running: python single_run.py --experiment experiment\exp_20250721_150659\results --generator Ornstein-Uhlenbeck Generator --agent Dynamic Mean Reversion Agent --run 003 --steps 50 --start_value 0.0 --agent_params {"time_window": 5} --generator_params {"mu": 10.0, "theta": 0.15, "sigma": 0.2, "dt": 1.0, "start_value": 20.0}
[2025-07-21 15:08:36] Run completed: Dynamic Mean Reversion Agent x Constant Generator | Run 002
[2025-07-21 15:08:36] Running: python single_run.py --experiment experiment\exp_20250721_150659\results --generator Random Walk Generator --agent Dynamic Mean Reversion Agent --run 001 --steps 50 --start_value 0.0 --agent_params {"time_window": 5} --generator_params {"start_value": 0.0, "mu": 0.0, "sigma": 1.0}
[2025-07-21 15:08:37] Run completed: Dynamic Mean Reversion Agent x Constant Generator | Run 003
[2025-07-21 15:08:37] Running: python single_run.py --experiment experiment\exp_20250721_150659\results --generator Random Walk Generator --agent Dynamic Mean Reversion Agent --run 002 --steps 50 --start_value 0.0 --agent_params {"time_window": 5} --generator_params {"start_value": 0.0, "mu": 0.0, "sigma": 1.0}
[2025-07-21 15:08:37] Run completed: Dynamic Mean Reversion Agent x Periodic Trend Generator | Run 001
[2025-07-21 15:08:37] Running: python single_run.py --experiment experiment\exp_20250721_150659\results --generator Random Walk Generator --agent Dynamic Mean Reversion Agent --run 003 --steps 50 --start_value 0.0 --agent_params {"time_window": 5} --generator_params {"start_value": 0.0, "mu": 0.0, "sigma": 1.0}
[2025-07-21 15:08:38] Run completed: Dynamic Mean Reversion Agent x Periodic Trend Generator | Run 003
[2025-07-21 15:08:38] Running: python single_run.py --experiment experiment\exp_20250721_150659\results --generator Markov Regime-Switching Generator --agent Dynamic Mean Reversion Agent --run 001 --steps 50 --start_value 0.0 --agent_params {"time_window": 5} --generator_params {"regimes": [{"generator": "Linear Trend Generator", "params": {"start_value": 0.0, "slope": 0.5}}, {"generator": "Random Walk Generator", "params": {"start_value": 0.0, "mu": 0.0, "sigma": 1.0}}], "transition_matrix": [[0.8, 0.2], [0.2, 0.8]]}
[2025-07-21 15:08:38] Run completed: Dynamic Mean Reversion Agent x Ornstein-Uhlenbeck Generator | Run 001
[2025-07-21 15:08:38] Running: python single_run.py --experiment experiment\exp_20250721_150659\results --generator Markov Regime-Switching Generator --agent Dynamic Mean Reversion Agent --run 002 --steps 50 --start_value 0.0 --agent_params {"time_window": 5} --generator_params {"regimes": [{"generator": "Linear Trend Generator", "params": {"start_value": 0.0, "slope": 0.5}}, {"generator": "Random Walk Generator", "params": {"start_value": 0.0, "mu": 0.0, "sigma": 1.0}}], "transition_matrix": [[0.8, 0.2], [0.2, 0.8]]}
[2025-07-21 15:08:38] Run completed: Dynamic Mean Reversion Agent x Periodic Trend Generator | Run 002
[2025-07-21 15:08:38] Running: python single_run.py --experiment experiment\exp_20250721_150659\results --generator Markov Regime-Switching Generator --agent Dynamic Mean Reversion Agent --run 003 --steps 50 --start_value 0.0 --agent_params {"time_window": 5} --generator_params {"regimes": [{"generator": "Linear Trend Generator", "params": {"start_value": 0.0, "slope": 0.5}}, {"generator": "Random Walk Generator", "params": {"start_value": 0.0, "mu": 0.0, "sigma": 1.0}}], "transition_matrix": [[0.8, 0.2], [0.2, 0.8]]}
[2025-07-21 15:08:38] Run completed: Dynamic Mean Reversion Agent x Ornstein-Uhlenbeck Generator | Run 002
[2025-07-21 15:08:38] Running: python single_run.py --experiment experiment\exp_20250721_150659\results --generator Noisy Markov Regime-Switching Generator --agent Dynamic Mean Reversion Agent --run 001 --steps 50 --start_value 0.0 --agent_params {"time_window": 5} --generator_params {"regimes": [{"generator": "Linear Trend Generator", "params": {"start_value": 0.0, "slope": 0.5}}, {"generator": "Ornstein-Uhlenbeck Generator", "params": {"mu": 0.0, "theta": 0.1, "sigma": 0.1, "dt": 1.0, "start_value": 0.0}}], "transition_matrix": [[0.8, 0.2], [0.2, 0.8]], "noise_mu": 0.0, "noise_sigma": 0.1}
[2025-07-21 15:08:38] Run completed: Dynamic Mean Reversion Agent x Ornstein-Uhlenbeck Generator | Run 003
[2025-07-21 15:08:38] Running: python single_run.py --experiment experiment\exp_20250721_150659\results --generator Noisy Markov Regime-Switching Generator --agent Dynamic Mean Reversion Agent --run 002 --steps 50 --start_value 0.0 --agent_params {"time_window": 5} --generator_params {"regimes": [{"generator": "Linear Trend Generator", "params": {"start_value": 0.0, "slope": 0.5}}, {"generator": "Ornstein-Uhlenbeck Generator", "params": {"mu": 0.0, "theta": 0.1, "sigma": 0.1, "dt": 1.0, "start_value": 0.0}}], "transition_matrix": [[0.8, 0.2], [0.2, 0.8]], "noise_mu": 0.0, "noise_sigma": 0.1}
[2025-07-21 15:08:44] Run completed: Dynamic Mean Reversion Agent x Random Walk Generator | Run 001
[2025-07-21 15:08:44] Running: python single_run.py --experiment experiment\exp_20250721_150659\results --generator Noisy Markov Regime-Switching Generator --agent Dynamic Mean Reversion Agent --run 003 --steps 50 --start_value 0.0 --agent_params {"time_window": 5} --generator_params {"regimes": [{"generator": "Linear Trend Generator", "params": {"start_value": 0.0, "slope": 0.5}}, {"generator": "Ornstein-Uhlenbeck Generator", "params": {"mu": 0.0, "theta": 0.1, "sigma": 0.1, "dt": 1.0, "start_value": 0.0}}], "transition_matrix": [[0.8, 0.2], [0.2, 0.8]], "noise_mu": 0.0, "noise_sigma": 0.1}
[2025-07-21 15:08:44] Run completed: Dynamic Mean Reversion Agent x Random Walk Generator | Run 002
[2025-07-21 15:08:44] Running: python single_run.py --experiment experiment\exp_20250721_150659\results --generator Linear Trend Generator --agent SGD Classifier Agent --run 001 --steps 50 --start_value 0.0 --agent_params {"window_size": 10} --generator_params {"start_value": 10.0, "slope": 0.5}
[2025-07-21 15:08:45] Run completed: Dynamic Mean Reversion Agent x Random Walk Generator | Run 003
[2025-07-21 15:08:45] Running: python single_run.py --experiment experiment\exp_20250721_150659\results --generator Linear Trend Generator --agent SGD Classifier Agent --run 002 --steps 50 --start_value 0.0 --agent_params {"window_size": 10} --generator_params {"start_value": 10.0, "slope": 0.5}
[2025-07-21 15:08:45] Run completed: Dynamic Mean Reversion Agent x Markov Regime-Switching Generator | Run 003
[2025-07-21 15:08:45] Running: python single_run.py --experiment experiment\exp_20250721_150659\results --generator Linear Trend Generator --agent SGD Classifier Agent --run 003 --steps 50 --start_value 0.0 --agent_params {"window_size": 10} --generator_params {"start_value": 10.0, "slope": 0.5}
[2025-07-21 15:08:45] Run completed: Dynamic Mean Reversion Agent x Markov Regime-Switching Generator | Run 002
[2025-07-21 15:08:45] Running: python single_run.py --experiment experiment\exp_20250721_150659\results --generator Constant Generator --agent SGD Classifier Agent --run 001 --steps 50 --start_value 0.0 --agent_params {"window_size": 10} --generator_params {}
[2025-07-21 15:08:45] Run completed: Dynamic Mean Reversion Agent x Markov Regime-Switching Generator | Run 001
[2025-07-21 15:08:45] Running: python single_run.py --experiment experiment\exp_20250721_150659\results --generator Constant Generator --agent SGD Classifier Agent --run 002 --steps 50 --start_value 0.0 --agent_params {"window_size": 10} --generator_params {}
[2025-07-21 15:08:46] Run failed: Command '['python', 'single_run.py', '--experiment', 'experiment\\exp_20250721_150659\\results', '--generator', 'Noisy Markov Regime-Switching Generator', '--agent', 'Dynamic Mean Reversion Agent', '--run', '001', '--steps', '50', '--start_value', '0.0', '--agent_params', '{"time_window": 5}', '--generator_params', '{"regimes": [{"generator": "Linear Trend Generator", "params": {"start_value": 0.0, "slope": 0.5}}, {"generator": "Ornstein-Uhlenbeck Generator", "params": {"mu": 0.0, "theta": 0.1, "sigma": 0.1, "dt": 1.0, "start_value": 0.0}}], "transition_matrix": [[0.8, 0.2], [0.2, 0.8]], "noise_mu": 0.0, "noise_sigma": 0.1}']' returned non-zero exit status 1.
[2025-07-21 15:08:46] Running: python single_run.py --experiment experiment\exp_20250721_150659\results --generator Constant Generator --agent SGD Classifier Agent --run 003 --steps 50 --start_value 0.0 --agent_params {"window_size": 10} --generator_params {}
[2025-07-21 15:08:46] Run failed: Command '['python', 'single_run.py', '--experiment', 'experiment\\exp_20250721_150659\\results', '--generator', 'Noisy Markov Regime-Switching Generator', '--agent', 'Dynamic Mean Reversion Agent', '--run', '002', '--steps', '50', '--start_value', '0.0', '--agent_params', '{"time_window": 5}', '--generator_params', '{"regimes": [{"generator": "Linear Trend Generator", "params": {"start_value": 0.0, "slope": 0.5}}, {"generator": "Ornstein-Uhlenbeck Generator", "params": {"mu": 0.0, "theta": 0.1, "sigma": 0.1, "dt": 1.0, "start_value": 0.0}}], "transition_matrix": [[0.8, 0.2], [0.2, 0.8]], "noise_mu": 0.0, "noise_sigma": 0.1}']' returned non-zero exit status 1.
[2025-07-21 15:08:46] Running: python single_run.py --experiment experiment\exp_20250721_150659\results --generator Periodic Trend Generator --agent SGD Classifier Agent --run 001 --steps 50 --start_value 0.0 --agent_params {"window_size": 10} --generator_params {"start_value": 10.0, "amplitude": 2.0, "frequency": 0.1}
[2025-07-21 15:08:51] Run failed: Command '['python', 'single_run.py', '--experiment', 'experiment\\exp_20250721_150659\\results', '--generator', 'Noisy Markov Regime-Switching Generator', '--agent', 'Dynamic Mean Reversion Agent', '--run', '003', '--steps', '50', '--start_value', '0.0', '--agent_params', '{"time_window": 5}', '--generator_params', '{"regimes": [{"generator": "Linear Trend Generator", "params": {"start_value": 0.0, "slope": 0.5}}, {"generator": "Ornstein-Uhlenbeck Generator", "params": {"mu": 0.0, "theta": 0.1, "sigma": 0.1, "dt": 1.0, "start_value": 0.0}}], "transition_matrix": [[0.8, 0.2], [0.2, 0.8]], "noise_mu": 0.0, "noise_sigma": 0.1}']' returned non-zero exit status 1.
[2025-07-21 15:08:51] Running: python single_run.py --experiment experiment\exp_20250721_150659\results --generator Periodic Trend Generator --agent SGD Classifier Agent --run 002 --steps 50 --start_value 0.0 --agent_params {"window_size": 10} --generator_params {"start_value": 10.0, "amplitude": 2.0, "frequency": 0.1}
[2025-07-21 15:08:52] Run completed: SGD Classifier Agent x Linear Trend Generator | Run 001
[2025-07-21 15:08:52] Running: python single_run.py --experiment experiment\exp_20250721_150659\results --generator Periodic Trend Generator --agent SGD Classifier Agent --run 003 --steps 50 --start_value 0.0 --agent_params {"window_size": 10} --generator_params {"start_value": 10.0, "amplitude": 2.0, "frequency": 0.1}
[2025-07-21 15:08:52] Run completed: SGD Classifier Agent x Linear Trend Generator | Run 002
[2025-07-21 15:08:52] Running: python single_run.py --experiment experiment\exp_20250721_150659\results --generator Ornstein-Uhlenbeck Generator --agent SGD Classifier Agent --run 001 --steps 50 --start_value 0.0 --agent_params {"window_size": 10} --generator_params {"mu": 10.0, "theta": 0.15, "sigma": 0.2, "dt": 1.0, "start_value": 20.0}
[2025-07-21 15:08:53] Run completed: SGD Classifier Agent x Linear Trend Generator | Run 003
[2025-07-21 15:08:53] Running: python single_run.py --experiment experiment\exp_20250721_150659\results --generator Ornstein-Uhlenbeck Generator --agent SGD Classifier Agent --run 002 --steps 50 --start_value 0.0 --agent_params {"window_size": 10} --generator_params {"mu": 10.0, "theta": 0.15, "sigma": 0.2, "dt": 1.0, "start_value": 20.0}
[2025-07-21 15:08:53] Run completed: SGD Classifier Agent x Constant Generator | Run 001
[2025-07-21 15:08:53] Running: python single_run.py --experiment experiment\exp_20250721_150659\results --generator Ornstein-Uhlenbeck Generator --agent SGD Classifier Agent --run 003 --steps 50 --start_value 0.0 --agent_params {"window_size": 10} --generator_params {"mu": 10.0, "theta": 0.15, "sigma": 0.2, "dt": 1.0, "start_value": 20.0}
[2025-07-21 15:08:53] Run completed: SGD Classifier Agent x Constant Generator | Run 002
[2025-07-21 15:08:53] Running: python single_run.py --experiment experiment\exp_20250721_150659\results --generator Random Walk Generator --agent SGD Classifier Agent --run 001 --steps 50 --start_value 0.0 --agent_params {"window_size": 10} --generator_params {"start_value": 0.0, "mu": 0.0, "sigma": 1.0}
[2025-07-21 15:08:53] Run completed: SGD Classifier Agent x Constant Generator | Run 003
[2025-07-21 15:08:53] Running: python single_run.py --experiment experiment\exp_20250721_150659\results --generator Random Walk Generator --agent SGD Classifier Agent --run 002 --steps 50 --start_value 0.0 --agent_params {"window_size": 10} --generator_params {"start_value": 0.0, "mu": 0.0, "sigma": 1.0}
[2025-07-21 15:08:53] Run completed: SGD Classifier Agent x Periodic Trend Generator | Run 001
[2025-07-21 15:08:53] Running: python single_run.py --experiment experiment\exp_20250721_150659\results --generator Random Walk Generator --agent SGD Classifier Agent --run 003 --steps 50 --start_value 0.0 --agent_params {"window_size": 10} --generator_params {"start_value": 0.0, "mu": 0.0, "sigma": 1.0}
[2025-07-21 15:08:59] Run completed: SGD Classifier Agent x Periodic Trend Generator | Run 002
[2025-07-21 15:08:59] Running: python single_run.py --experiment experiment\exp_20250721_150659\results --generator Markov Regime-Switching Generator --agent SGD Classifier Agent --run 001 --steps 50 --start_value 0.0 --agent_params {"window_size": 10} --generator_params {"regimes": [{"generator": "Linear Trend Generator", "params": {"start_value": 0.0, "slope": 0.5}}, {"generator": "Random Walk Generator", "params": {"start_value": 0.0, "mu": 0.0, "sigma": 1.0}}], "transition_matrix": [[0.8, 0.2], [0.2, 0.8]]}
[2025-07-21 15:08:59] Run completed: SGD Classifier Agent x Periodic Trend Generator | Run 003
[2025-07-21 15:08:59] Running: python single_run.py --experiment experiment\exp_20250721_150659\results --generator Markov Regime-Switching Generator --agent SGD Classifier Agent --run 002 --steps 50 --start_value 0.0 --agent_params {"window_size": 10} --generator_params {"regimes": [{"generator": "Linear Trend Generator", "params": {"start_value": 0.0, "slope": 0.5}}, {"generator": "Random Walk Generator", "params": {"start_value": 0.0, "mu": 0.0, "sigma": 1.0}}], "transition_matrix": [[0.8, 0.2], [0.2, 0.8]]}
[2025-07-21 15:09:00] Run completed: SGD Classifier Agent x Ornstein-Uhlenbeck Generator | Run 001
[2025-07-21 15:09:00] Running: python single_run.py --experiment experiment\exp_20250721_150659\results --generator Markov Regime-Switching Generator --agent SGD Classifier Agent --run 003 --steps 50 --start_value 0.0 --agent_params {"window_size": 10} --generator_params {"regimes": [{"generator": "Linear Trend Generator", "params": {"start_value": 0.0, "slope": 0.5}}, {"generator": "Random Walk Generator", "params": {"start_value": 0.0, "mu": 0.0, "sigma": 1.0}}], "transition_matrix": [[0.8, 0.2], [0.2, 0.8]]}
[2025-07-21 15:09:00] Run completed: SGD Classifier Agent x Ornstein-Uhlenbeck Generator | Run 002
[2025-07-21 15:09:00] Running: python single_run.py --experiment experiment\exp_20250721_150659\results --generator Noisy Markov Regime-Switching Generator --agent SGD Classifier Agent --run 001 --steps 50 --start_value 0.0 --agent_params {"window_size": 10} --generator_params {"regimes": [{"generator": "Linear Trend Generator", "params": {"start_value": 0.0, "slope": 0.5}}, {"generator": "Ornstein-Uhlenbeck Generator", "params": {"mu": 0.0, "theta": 0.1, "sigma": 0.1, "dt": 1.0, "start_value": 0.0}}], "transition_matrix": [[0.8, 0.2], [0.2, 0.8]], "noise_mu": 0.0, "noise_sigma": 0.1}
[2025-07-21 15:09:01] Run completed: SGD Classifier Agent x Ornstein-Uhlenbeck Generator | Run 003
[2025-07-21 15:09:01] Running: python single_run.py --experiment experiment\exp_20250721_150659\results --generator Noisy Markov Regime-Switching Generator --agent SGD Classifier Agent --run 002 --steps 50 --start_value 0.0 --agent_params {"window_size": 10} --generator_params {"regimes": [{"generator": "Linear Trend Generator", "params": {"start_value": 0.0, "slope": 0.5}}, {"generator": "Ornstein-Uhlenbeck Generator", "params": {"mu": 0.0, "theta": 0.1, "sigma": 0.1, "dt": 1.0, "start_value": 0.0}}], "transition_matrix": [[0.8, 0.2], [0.2, 0.8]], "noise_mu": 0.0, "noise_sigma": 0.1}
[2025-07-21 15:09:01] Run completed: SGD Classifier Agent x Random Walk Generator | Run 001
[2025-07-21 15:09:01] Running: python single_run.py --experiment experiment\exp_20250721_150659\results --generator Noisy Markov Regime-Switching Generator --agent SGD Classifier Agent --run 003 --steps 50 --start_value 0.0 --agent_params {"window_size": 10} --generator_params {"regimes": [{"generator": "Linear Trend Generator", "params": {"start_value": 0.0, "slope": 0.5}}, {"generator": "Ornstein-Uhlenbeck Generator", "params": {"mu": 0.0, "theta": 0.1, "sigma": 0.1, "dt": 1.0, "start_value": 0.0}}], "transition_matrix": [[0.8, 0.2], [0.2, 0.8]], "noise_mu": 0.0, "noise_sigma": 0.1}
[2025-07-21 15:09:01] Run completed: SGD Classifier Agent x Random Walk Generator | Run 002
[2025-07-21 15:09:01] Running: python single_run.py --experiment experiment\exp_20250721_150659\results --generator Linear Trend Generator --agent DQN Agent --run 001 --steps 50 --start_value 0.0 --agent_params {"state_size": 10, "gamma": 0.95, "epsilon": 1.0, "epsilon_min": 0.05, "epsilon_decay": 0.995, "lr": 0.001, "batch_size": 32, "memory_size": 1000} --generator_params {"start_value": 10.0, "slope": 0.5}
[2025-07-21 15:09:01] Run completed: SGD Classifier Agent x Random Walk Generator | Run 003
[2025-07-21 15:09:01] Running: python single_run.py --experiment experiment\exp_20250721_150659\results --generator Linear Trend Generator --agent DQN Agent --run 002 --steps 50 --start_value 0.0 --agent_params {"state_size": 10, "gamma": 0.95, "epsilon": 1.0, "epsilon_min": 0.05, "epsilon_decay": 0.995, "lr": 0.001, "batch_size": 32, "memory_size": 1000} --generator_params {"start_value": 10.0, "slope": 0.5}
[2025-07-21 15:09:06] Run completed: SGD Classifier Agent x Markov Regime-Switching Generator | Run 001
[2025-07-21 15:09:06] Running: python single_run.py --experiment experiment\exp_20250721_150659\results --generator Linear Trend Generator --agent DQN Agent --run 003 --steps 50 --start_value 0.0 --agent_params {"state_size": 10, "gamma": 0.95, "epsilon": 1.0, "epsilon_min": 0.05, "epsilon_decay": 0.995, "lr": 0.001, "batch_size": 32, "memory_size": 1000} --generator_params {"start_value": 10.0, "slope": 0.5}
[2025-07-21 15:09:06] Run completed: SGD Classifier Agent x Markov Regime-Switching Generator | Run 002
[2025-07-21 15:09:06] Running: python single_run.py --experiment experiment\exp_20250721_150659\results --generator Constant Generator --agent DQN Agent --run 001 --steps 50 --start_value 0.0 --agent_params {"state_size": 10, "gamma": 0.95, "epsilon": 1.0, "epsilon_min": 0.05, "epsilon_decay": 0.995, "lr": 0.001, "batch_size": 32, "memory_size": 1000} --generator_params {}
[2025-07-21 15:09:07] Run completed: SGD Classifier Agent x Markov Regime-Switching Generator | Run 003
[2025-07-21 15:09:07] Running: python single_run.py --experiment experiment\exp_20250721_150659\results --generator Constant Generator --agent DQN Agent --run 002 --steps 50 --start_value 0.0 --agent_params {"state_size": 10, "gamma": 0.95, "epsilon": 1.0, "epsilon_min": 0.05, "epsilon_decay": 0.995, "lr": 0.001, "batch_size": 32, "memory_size": 1000} --generator_params {}
[2025-07-21 15:09:08] Run failed: Command '['python', 'single_run.py', '--experiment', 'experiment\\exp_20250721_150659\\results', '--generator', 'Noisy Markov Regime-Switching Generator', '--agent', 'SGD Classifier Agent', '--run', '001', '--steps', '50', '--start_value', '0.0', '--agent_params', '{"window_size": 10}', '--generator_params', '{"regimes": [{"generator": "Linear Trend Generator", "params": {"start_value": 0.0, "slope": 0.5}}, {"generator": "Ornstein-Uhlenbeck Generator", "params": {"mu": 0.0, "theta": 0.1, "sigma": 0.1, "dt": 1.0, "start_value": 0.0}}], "transition_matrix": [[0.8, 0.2], [0.2, 0.8]], "noise_mu": 0.0, "noise_sigma": 0.1}']' returned non-zero exit status 1.
[2025-07-21 15:09:08] Running: python single_run.py --experiment experiment\exp_20250721_150659\results --generator Constant Generator --agent DQN Agent --run 003 --steps 50 --start_value 0.0 --agent_params {"state_size": 10, "gamma": 0.95, "epsilon": 1.0, "epsilon_min": 0.05, "epsilon_decay": 0.995, "lr": 0.001, "batch_size": 32, "memory_size": 1000} --generator_params {}
[2025-07-21 15:09:08] Run failed: Command '['python', 'single_run.py', '--experiment', 'experiment\\exp_20250721_150659\\results', '--generator', 'Noisy Markov Regime-Switching Generator', '--agent', 'SGD Classifier Agent', '--run', '003', '--steps', '50', '--start_value', '0.0', '--agent_params', '{"window_size": 10}', '--generator_params', '{"regimes": [{"generator": "Linear Trend Generator", "params": {"start_value": 0.0, "slope": 0.5}}, {"generator": "Ornstein-Uhlenbeck Generator", "params": {"mu": 0.0, "theta": 0.1, "sigma": 0.1, "dt": 1.0, "start_value": 0.0}}], "transition_matrix": [[0.8, 0.2], [0.2, 0.8]], "noise_mu": 0.0, "noise_sigma": 0.1}']' returned non-zero exit status 1.
[2025-07-21 15:09:08] Running: python single_run.py --experiment experiment\exp_20250721_150659\results --generator Periodic Trend Generator --agent DQN Agent --run 001 --steps 50 --start_value 0.0 --agent_params {"state_size": 10, "gamma": 0.95, "epsilon": 1.0, "epsilon_min": 0.05, "epsilon_decay": 0.995, "lr": 0.001, "batch_size": 32, "memory_size": 1000} --generator_params {"start_value": 10.0, "amplitude": 2.0, "frequency": 0.1}
[2025-07-21 15:09:08] Run failed: Command '['python', 'single_run.py', '--experiment', 'experiment\\exp_20250721_150659\\results', '--generator', 'Noisy Markov Regime-Switching Generator', '--agent', 'SGD Classifier Agent', '--run', '002', '--steps', '50', '--start_value', '0.0', '--agent_params', '{"window_size": 10}', '--generator_params', '{"regimes": [{"generator": "Linear Trend Generator", "params": {"start_value": 0.0, "slope": 0.5}}, {"generator": "Ornstein-Uhlenbeck Generator", "params": {"mu": 0.0, "theta": 0.1, "sigma": 0.1, "dt": 1.0, "start_value": 0.0}}], "transition_matrix": [[0.8, 0.2], [0.2, 0.8]], "noise_mu": 0.0, "noise_sigma": 0.1}']' returned non-zero exit status 1.
[2025-07-21 15:09:08] Running: python single_run.py --experiment experiment\exp_20250721_150659\results --generator Periodic Trend Generator --agent DQN Agent --run 002 --steps 50 --start_value 0.0 --agent_params {"state_size": 10, "gamma": 0.95, "epsilon": 1.0, "epsilon_min": 0.05, "epsilon_decay": 0.995, "lr": 0.001, "batch_size": 32, "memory_size": 1000} --generator_params {"start_value": 10.0, "amplitude": 2.0, "frequency": 0.1}
[2025-07-21 15:09:13] Run completed: DQN Agent x Linear Trend Generator | Run 001
[2025-07-21 15:09:13] Running: python single_run.py --experiment experiment\exp_20250721_150659\results --generator Periodic Trend Generator --agent DQN Agent --run 003 --steps 50 --start_value 0.0 --agent_params {"state_size": 10, "gamma": 0.95, "epsilon": 1.0, "epsilon_min": 0.05, "epsilon_decay": 0.995, "lr": 0.001, "batch_size": 32, "memory_size": 1000} --generator_params {"start_value": 10.0, "amplitude": 2.0, "frequency": 0.1}
[2025-07-21 15:09:13] Run completed: DQN Agent x Linear Trend Generator | Run 002
[2025-07-21 15:09:13] Running: python single_run.py --experiment experiment\exp_20250721_150659\results --generator Ornstein-Uhlenbeck Generator --agent DQN Agent --run 001 --steps 50 --start_value 0.0 --agent_params {"state_size": 10, "gamma": 0.95, "epsilon": 1.0, "epsilon_min": 0.05, "epsilon_decay": 0.995, "lr": 0.001, "batch_size": 32, "memory_size": 1000} --generator_params {"mu": 10.0, "theta": 0.15, "sigma": 0.2, "dt": 1.0, "start_value": 20.0}
[2025-07-21 15:09:19] Run completed: DQN Agent x Linear Trend Generator | Run 003
[2025-07-21 15:09:19] Running: python single_run.py --experiment experiment\exp_20250721_150659\results --generator Ornstein-Uhlenbeck Generator --agent DQN Agent --run 002 --steps 50 --start_value 0.0 --agent_params {"state_size": 10, "gamma": 0.95, "epsilon": 1.0, "epsilon_min": 0.05, "epsilon_decay": 0.995, "lr": 0.001, "batch_size": 32, "memory_size": 1000} --generator_params {"mu": 10.0, "theta": 0.15, "sigma": 0.2, "dt": 1.0, "start_value": 20.0}
[2025-07-21 15:09:20] Run completed: DQN Agent x Constant Generator | Run 001
[2025-07-21 15:09:20] Running: python single_run.py --experiment experiment\exp_20250721_150659\results --generator Ornstein-Uhlenbeck Generator --agent DQN Agent --run 003 --steps 50 --start_value 0.0 --agent_params {"state_size": 10, "gamma": 0.95, "epsilon": 1.0, "epsilon_min": 0.05, "epsilon_decay": 0.995, "lr": 0.001, "batch_size": 32, "memory_size": 1000} --generator_params {"mu": 10.0, "theta": 0.15, "sigma": 0.2, "dt": 1.0, "start_value": 20.0}
[2025-07-21 15:09:21] Run completed: DQN Agent x Constant Generator | Run 002
[2025-07-21 15:09:21] Running: python single_run.py --experiment experiment\exp_20250721_150659\results --generator Random Walk Generator --agent DQN Agent --run 001 --steps 50 --start_value 0.0 --agent_params {"state_size": 10, "gamma": 0.95, "epsilon": 1.0, "epsilon_min": 0.05, "epsilon_decay": 0.995, "lr": 0.001, "batch_size": 32, "memory_size": 1000} --generator_params {"start_value": 0.0, "mu": 0.0, "sigma": 1.0}
[2025-07-21 15:09:21] Run completed: DQN Agent x Periodic Trend Generator | Run 002
[2025-07-21 15:09:21] Running: python single_run.py --experiment experiment\exp_20250721_150659\results --generator Random Walk Generator --agent DQN Agent --run 002 --steps 50 --start_value 0.0 --agent_params {"state_size": 10, "gamma": 0.95, "epsilon": 1.0, "epsilon_min": 0.05, "epsilon_decay": 0.995, "lr": 0.001, "batch_size": 32, "memory_size": 1000} --generator_params {"start_value": 0.0, "mu": 0.0, "sigma": 1.0}
[2025-07-21 15:09:21] Run completed: DQN Agent x Constant Generator | Run 003
[2025-07-21 15:09:21] Run completed: DQN Agent x Periodic Trend Generator | Run 001
[2025-07-21 15:09:21] Running: python single_run.py --experiment experiment\exp_20250721_150659\results --generator Markov Regime-Switching Generator --agent DQN Agent --run 001 --steps 50 --start_value 0.0 --agent_params {"state_size": 10, "gamma": 0.95, "epsilon": 1.0, "epsilon_min": 0.05, "epsilon_decay": 0.995, "lr": 0.001, "batch_size": 32, "memory_size": 1000} --generator_params {"regimes": [{"generator": "Linear Trend Generator", "params": {"start_value": 0.0, "slope": 0.5}}, {"generator": "Random Walk Generator", "params": {"start_value": 0.0, "mu": 0.0, "sigma": 1.0}}], "transition_matrix": [[0.8, 0.2], [0.2, 0.8]]}
[2025-07-21 15:09:21] Running: python single_run.py --experiment experiment\exp_20250721_150659\results --generator Random Walk Generator --agent DQN Agent --run 003 --steps 50 --start_value 0.0 --agent_params {"state_size": 10, "gamma": 0.95, "epsilon": 1.0, "epsilon_min": 0.05, "epsilon_decay": 0.995, "lr": 0.001, "batch_size": 32, "memory_size": 1000} --generator_params {"start_value": 0.0, "mu": 0.0, "sigma": 1.0}
[2025-07-21 15:09:25] Run completed: DQN Agent x Periodic Trend Generator | Run 003
[2025-07-21 15:09:25] Running: python single_run.py --experiment experiment\exp_20250721_150659\results --generator Markov Regime-Switching Generator --agent DQN Agent --run 002 --steps 50 --start_value 0.0 --agent_params {"state_size": 10, "gamma": 0.95, "epsilon": 1.0, "epsilon_min": 0.05, "epsilon_decay": 0.995, "lr": 0.001, "batch_size": 32, "memory_size": 1000} --generator_params {"regimes": [{"generator": "Linear Trend Generator", "params": {"start_value": 0.0, "slope": 0.5}}, {"generator": "Random Walk Generator", "params": {"start_value": 0.0, "mu": 0.0, "sigma": 1.0}}], "transition_matrix": [[0.8, 0.2], [0.2, 0.8]]}
[2025-07-21 15:09:25] Run completed: DQN Agent x Ornstein-Uhlenbeck Generator | Run 001
[2025-07-21 15:09:25] Running: python single_run.py --experiment experiment\exp_20250721_150659\results --generator Markov Regime-Switching Generator --agent DQN Agent --run 003 --steps 50 --start_value 0.0 --agent_params {"state_size": 10, "gamma": 0.95, "epsilon": 1.0, "epsilon_min": 0.05, "epsilon_decay": 0.995, "lr": 0.001, "batch_size": 32, "memory_size": 1000} --generator_params {"regimes": [{"generator": "Linear Trend Generator", "params": {"start_value": 0.0, "slope": 0.5}}, {"generator": "Random Walk Generator", "params": {"start_value": 0.0, "mu": 0.0, "sigma": 1.0}}], "transition_matrix": [[0.8, 0.2], [0.2, 0.8]]}
[2025-07-21 15:09:32] Run completed: DQN Agent x Ornstein-Uhlenbeck Generator | Run 002
[2025-07-21 15:09:32] Running: python single_run.py --experiment experiment\exp_20250721_150659\results --generator Noisy Markov Regime-Switching Generator --agent DQN Agent --run 001 --steps 50 --start_value 0.0 --agent_params {"state_size": 10, "gamma": 0.95, "epsilon": 1.0, "epsilon_min": 0.05, "epsilon_decay": 0.995, "lr": 0.001, "batch_size": 32, "memory_size": 1000} --generator_params {"regimes": [{"generator": "Linear Trend Generator", "params": {"start_value": 0.0, "slope": 0.5}}, {"generator": "Ornstein-Uhlenbeck Generator", "params": {"mu": 0.0, "theta": 0.1, "sigma": 0.1, "dt": 1.0, "start_value": 0.0}}], "transition_matrix": [[0.8, 0.2], [0.2, 0.8]], "noise_mu": 0.0, "noise_sigma": 0.1}
[2025-07-21 15:09:32] Run completed: DQN Agent x Ornstein-Uhlenbeck Generator | Run 003
[2025-07-21 15:09:32] Running: python single_run.py --experiment experiment\exp_20250721_150659\results --generator Noisy Markov Regime-Switching Generator --agent DQN Agent --run 002 --steps 50 --start_value 0.0 --agent_params {"state_size": 10, "gamma": 0.95, "epsilon": 1.0, "epsilon_min": 0.05, "epsilon_decay": 0.995, "lr": 0.001, "batch_size": 32, "memory_size": 1000} --generator_params {"regimes": [{"generator": "Linear Trend Generator", "params": {"start_value": 0.0, "slope": 0.5}}, {"generator": "Ornstein-Uhlenbeck Generator", "params": {"mu": 0.0, "theta": 0.1, "sigma": 0.1, "dt": 1.0, "start_value": 0.0}}], "transition_matrix": [[0.8, 0.2], [0.2, 0.8]], "noise_mu": 0.0, "noise_sigma": 0.1}
[2025-07-21 15:09:33] Run completed: DQN Agent x Random Walk Generator | Run 001
[2025-07-21 15:09:33] Running: python single_run.py --experiment experiment\exp_20250721_150659\results --generator Noisy Markov Regime-Switching Generator --agent DQN Agent --run 003 --steps 50 --start_value 0.0 --agent_params {"state_size": 10, "gamma": 0.95, "epsilon": 1.0, "epsilon_min": 0.05, "epsilon_decay": 0.995, "lr": 0.001, "batch_size": 32, "memory_size": 1000} --generator_params {"regimes": [{"generator": "Linear Trend Generator", "params": {"start_value": 0.0, "slope": 0.5}}, {"generator": "Ornstein-Uhlenbeck Generator", "params": {"mu": 0.0, "theta": 0.1, "sigma": 0.1, "dt": 1.0, "start_value": 0.0}}], "transition_matrix": [[0.8, 0.2], [0.2, 0.8]], "noise_mu": 0.0, "noise_sigma": 0.1}
[2025-07-21 15:09:33] Run completed: DQN Agent x Random Walk Generator | Run 003
[2025-07-21 15:09:34] Run completed: DQN Agent x Markov Regime-Switching Generator | Run 001
[2025-07-21 15:09:34] Run completed: DQN Agent x Random Walk Generator | Run 002
[2025-07-21 15:09:36] Run completed: DQN Agent x Markov Regime-Switching Generator | Run 003
[2025-07-21 15:09:36] Run completed: DQN Agent x Markov Regime-Switching Generator | Run 002
[2025-07-21 15:09:41] Run failed: Command '['python', 'single_run.py', '--experiment', 'experiment\\exp_20250721_150659\\results', '--generator', 'Noisy Markov Regime-Switching Generator', '--agent', 'DQN Agent', '--run', '001', '--steps', '50', '--start_value', '0.0', '--agent_params', '{"state_size": 10, "gamma": 0.95, "epsilon": 1.0, "epsilon_min": 0.05, "epsilon_decay": 0.995, "lr": 0.001, "batch_size": 32, "memory_size": 1000}', '--generator_params', '{"regimes": [{"generator": "Linear Trend Generator", "params": {"start_value": 0.0, "slope": 0.5}}, {"generator": "Ornstein-Uhlenbeck Generator", "params": {"mu": 0.0, "theta": 0.1, "sigma": 0.1, "dt": 1.0, "start_value": 0.0}}], "transition_matrix": [[0.8, 0.2], [0.2, 0.8]], "noise_mu": 0.0, "noise_sigma": 0.1}']' returned non-zero exit status 1.
[2025-07-21 15:09:41] Run failed: Command '['python', 'single_run.py', '--experiment', 'experiment\\exp_20250721_150659\\results', '--generator', 'Noisy Markov Regime-Switching Generator', '--agent', 'DQN Agent', '--run', '002', '--steps', '50', '--start_value', '0.0', '--agent_params', '{"state_size": 10, "gamma": 0.95, "epsilon": 1.0, "epsilon_min": 0.05, "epsilon_decay": 0.995, "lr": 0.001, "batch_size": 32, "memory_size": 1000}', '--generator_params', '{"regimes": [{"generator": "Linear Trend Generator", "params": {"start_value": 0.0, "slope": 0.5}}, {"generator": "Ornstein-Uhlenbeck Generator", "params": {"mu": 0.0, "theta": 0.1, "sigma": 0.1, "dt": 1.0, "start_value": 0.0}}], "transition_matrix": [[0.8, 0.2], [0.2, 0.8]], "noise_mu": 0.0, "noise_sigma": 0.1}']' returned non-zero exit status 1.
[2025-07-21 15:09:41] Run failed: Command '['python', 'single_run.py', '--experiment', 'experiment\\exp_20250721_150659\\results', '--generator', 'Noisy Markov Regime-Switching Generator', '--agent', 'DQN Agent', '--run', '003', '--steps', '50', '--start_value', '0.0', '--agent_params', '{"state_size": 10, "gamma": 0.95, "epsilon": 1.0, "epsilon_min": 0.05, "epsilon_decay": 0.995, "lr": 0.001, "batch_size": 32, "memory_size": 1000}', '--generator_params', '{"regimes": [{"generator": "Linear Trend Generator", "params": {"start_value": 0.0, "slope": 0.5}}, {"generator": "Ornstein-Uhlenbeck Generator", "params": {"mu": 0.0, "theta": 0.1, "sigma": 0.1, "dt": 1.0, "start_value": 0.0}}], "transition_matrix": [[0.8, 0.2], [0.2, 0.8]], "noise_mu": 0.0, "noise_sigma": 0.1}']' returned non-zero exit status 1.
[2025-07-21 15:09:41] All runs completed. Aggregating results...
[2025-07-21 15:09:44] Aggregation completed. Summary and convergence data saved.
[2025-07-21 15:09:44] Experiment exp_20250721_150659 completed.
