EPISODE:  0
{'batch_size': 128, 'buffer_size': 50000, 'learning_rate': 0.001}
Using cpu device
EPISODE:  1
EPISODE:  2
EPISODE:  3
EPISODE:  4
EPISODE:  5
------------------------------------
| time/              |             |
|    episodes        | 4           |
|    fps             | 19          |
|    time_elapsed    | 208         |
|    total_timesteps | 3964        |
| train/             |             |
|    actor_loss      | 1.47        |
|    critic_loss     | 0.00701     |
|    learning_rate   | 0.001       |
|    n_updates       | 3863        |
|    reward          | 0.010369442 |
------------------------------------
EPISODE:  6
EPISODE:  7
EPISODE:  8
EPISODE:  9
------------------------------------
| time/              |             |
|    episodes        | 8           |
|    fps             | 18          |
|    time_elapsed    | 428         |
|    total_timesteps | 7928        |
| train/             |             |
|    actor_loss      | 1.45        |
|    critic_loss     | 0.0455      |
|    learning_rate   | 0.001       |
|    n_updates       | 7827        |
|    reward          | 0.010369442 |
------------------------------------
EPISODE:  10
EPISODE:  11
EPISODE:  12
EPISODE:  13
------------------------------------
| time/              |             |
|    episodes        | 12          |
|    fps             | 18          |
|    time_elapsed    | 643         |
|    total_timesteps | 11892       |
| train/             |             |
|    actor_loss      | 1.22        |
|    critic_loss     | 0.00148     |
|    learning_rate   | 0.001       |
|    n_updates       | 11791       |
|    reward          | 0.010369442 |
------------------------------------
EPISODE:  14
EPISODE:  15
EPISODE:  16
EPISODE:  17
------------------------------------
| time/              |             |
|    episodes        | 16          |
|    fps             | 18          |
|    time_elapsed    | 864         |
|    total_timesteps | 15856       |
| train/             |             |
|    actor_loss      | 0.364       |
|    critic_loss     | 0.000121    |
|    learning_rate   | 0.001       |
|    n_updates       | 15755       |
|    reward          | 0.010369442 |
------------------------------------
EPISODE:  18
EPISODE:  19
EPISODE:  20
EPISODE:  21
------------------------------------
| time/              |             |
|    episodes        | 20          |
|    fps             | 18          |
|    time_elapsed    | 1078        |
|    total_timesteps | 19820       |
| train/             |             |
|    actor_loss      | 0.324       |
|    critic_loss     | 0.000116    |
|    learning_rate   | 0.001       |
|    n_updates       | 19719       |
|    reward          | 0.010369442 |
------------------------------------
EPISODE:  22
EPISODE:  23
EPISODE:  24
EPISODE:  25
------------------------------------
| time/              |             |
|    episodes        | 24          |
|    fps             | 18          |
|    time_elapsed    | 1291        |
|    total_timesteps | 23784       |
| train/             |             |
|    actor_loss      | 0.162       |
|    critic_loss     | 0.000241    |
|    learning_rate   | 0.001       |
|    n_updates       | 23683       |
|    reward          | 0.010369442 |
------------------------------------
EPISODE:  26
EPISODE:  27
EPISODE:  28
EPISODE:  29
------------------------------------
| time/              |             |
|    episodes        | 28          |
|    fps             | 18          |
|    time_elapsed    | 1511        |
|    total_timesteps | 27748       |
| train/             |             |
|    actor_loss      | 0.178       |
|    critic_loss     | 0.000237    |
|    learning_rate   | 0.001       |
|    n_updates       | 27647       |
|    reward          | 0.010369442 |
------------------------------------
EPISODE:  30
EPISODE:  31
EPISODE:  32
EPISODE:  33
------------------------------------
| time/              |             |
|    episodes        | 32          |
|    fps             | 18          |
|    time_elapsed    | 1726        |
|    total_timesteps | 31712       |
| train/             |             |
|    actor_loss      | 0.16        |
|    critic_loss     | 0.000202    |
|    learning_rate   | 0.001       |
|    n_updates       | 31611       |
|    reward          | 0.010369442 |
------------------------------------
EPISODE:  34
EPISODE:  35
EPISODE:  36
EPISODE:  37
------------------------------------
| time/              |             |
|    episodes        | 36          |
|    fps             | 18          |
|    time_elapsed    | 1931        |
|    total_timesteps | 35676       |
| train/             |             |
|    actor_loss      | 0.159       |
|    critic_loss     | 0.000241    |
|    learning_rate   | 0.001       |
|    n_updates       | 35575       |
|    reward          | 0.010369442 |
------------------------------------
EPISODE:  38
EPISODE:  39
EPISODE:  40
EPISODE:  41
------------------------------------
| time/              |             |
|    episodes        | 40          |
|    fps             | 18          |
|    time_elapsed    | 2125        |
|    total_timesteps | 39640       |
| train/             |             |
|    actor_loss      | 0.137       |
|    critic_loss     | 0.000265    |
|    learning_rate   | 0.001       |
|    n_updates       | 39539       |
|    reward          | 0.010369442 |
------------------------------------
EPISODE:  42
EPISODE:  43
EPISODE:  44
EPISODE:  45
------------------------------------
| time/              |             |
|    episodes        | 44          |
|    fps             | 18          |
|    time_elapsed    | 2295        |
|    total_timesteps | 43604       |
| train/             |             |
|    actor_loss      | 0.142       |
|    critic_loss     | 0.00034     |
|    learning_rate   | 0.001       |
|    n_updates       | 43503       |
|    reward          | 0.010369442 |
------------------------------------
EPISODE:  46
EPISODE:  47
EPISODE:  48
EPISODE:  49
------------------------------------
| time/              |             |
|    episodes        | 48          |
|    fps             | 19          |
|    time_elapsed    | 2463        |
|    total_timesteps | 47568       |
| train/             |             |
|    actor_loss      | 0.132       |
|    critic_loss     | 0.000284    |
|    learning_rate   | 0.001       |
|    n_updates       | 47467       |
|    reward          | 0.010369442 |
------------------------------------
EPISODE:  50
EPISODE:  51
Saved episode log to Results\250619_hc_binary_udp_noise\ddpg\upward_noise\training_logs\10.csv
