EPISODE:  0
{'n_steps': 2048, 'batch_size': 64, 'learning_rate': 0.0003, 'ent_coef': 0.0}
Using cpu device
EPISODE:  1
EPISODE:  2
EPISODE:  3
--------------------------------------
| time/              |               |
|    fps             | 296           |
|    iterations      | 1             |
|    time_elapsed    | 6             |
|    total_timesteps | 2048          |
| train/             |               |
|    reward          | -0.0004898417 |
--------------------------------------
EPISODE:  4
EPISODE:  5
------------------------------------------
| time/                   |              |
|    fps                  | 242          |
|    iterations           | 2            |
|    time_elapsed         | 16           |
|    total_timesteps      | 4096         |
| train/                  |              |
|    approx_kl            | 0.0015836481 |
|    clip_fraction        | 0.024        |
|    clip_range           | 0.2          |
|    entropy_loss         | -2.85        |
|    explained_variance   | -2.48        |
|    learning_rate        | 0.0003       |
|    loss                 | -0.00437     |
|    n_updates            | 10           |
|    policy_gradient_loss | -0.000885    |
|    reward               | 0.006641869  |
|    std                  | 1.01         |
|    value_loss           | 0.00351      |
------------------------------------------
EPISODE:  6
EPISODE:  7
------------------------------------------
| time/                   |              |
|    fps                  | 232          |
|    iterations           | 3            |
|    time_elapsed         | 26           |
|    total_timesteps      | 6144         |
| train/                  |              |
|    approx_kl            | 0.0041357595 |
|    clip_fraction        | 0.0185       |
|    clip_range           | 0.2          |
|    entropy_loss         | -2.87        |
|    explained_variance   | 0.109        |
|    learning_rate        | 0.0003       |
|    loss                 | 0.0021       |
|    n_updates            | 20           |
|    policy_gradient_loss | -0.00103     |
|    reward               | -0.013264141 |
|    std                  | 1.02         |
|    value_loss           | 0.00245      |
------------------------------------------
EPISODE:  8
EPISODE:  9
-----------------------------------------
| time/                   |             |
|    fps                  | 221         |
|    iterations           | 4           |
|    time_elapsed         | 36          |
|    total_timesteps      | 8192        |
| train/                  |             |
|    approx_kl            | 0.004358497 |
|    clip_fraction        | 0.0204      |
|    clip_range           | 0.2         |
|    entropy_loss         | -2.87       |
|    explained_variance   | 0.143       |
|    learning_rate        | 0.0003      |
|    loss                 | -0.00258    |
|    n_updates            | 30          |
|    policy_gradient_loss | -0.000855   |
|    reward               | 0.014608829 |
|    std                  | 1.02        |
|    value_loss           | 0.00191     |
-----------------------------------------
EPISODE:  10
EPISODE:  11
------------------------------------------
| time/                   |              |
|    fps                  | 211          |
|    iterations           | 5            |
|    time_elapsed         | 48           |
|    total_timesteps      | 10240        |
| train/                  |              |
|    approx_kl            | 0.0038857562 |
|    clip_fraction        | 0.0115       |
|    clip_range           | 0.2          |
|    entropy_loss         | -2.88        |
|    explained_variance   | 0.214        |
|    learning_rate        | 0.0003       |
|    loss                 | 0.00659      |
|    n_updates            | 40           |
|    policy_gradient_loss | -0.00015     |
|    reward               | 0.013644838  |
|    std                  | 1.02         |
|    value_loss           | 0.00171      |
------------------------------------------
EPISODE:  12
EPISODE:  13
-----------------------------------------
| time/                   |             |
|    fps                  | 207         |
|    iterations           | 6           |
|    time_elapsed         | 59          |
|    total_timesteps      | 12288       |
| train/                  |             |
|    approx_kl            | 0.003707284 |
|    clip_fraction        | 0.028       |
|    clip_range           | 0.2         |
|    entropy_loss         | -2.89       |
|    explained_variance   | 0.159       |
|    learning_rate        | 0.0003      |
|    loss                 | -0.017      |
|    n_updates            | 50          |
|    policy_gradient_loss | -0.0015     |
|    reward               | -0.01080532 |
|    std                  | 1.03        |
|    value_loss           | 0.00167     |
-----------------------------------------
EPISODE:  14
EPISODE:  15
-------------------------------------------
| time/                   |               |
|    fps                  | 205           |
|    iterations           | 7             |
|    time_elapsed         | 69            |
|    total_timesteps      | 14336         |
| train/                  |               |
|    approx_kl            | 0.0042577097  |
|    clip_fraction        | 0.0239        |
|    clip_range           | 0.2           |
|    entropy_loss         | -2.89         |
|    explained_variance   | 0.208         |
|    learning_rate        | 0.0003        |
|    loss                 | -0.00829      |
|    n_updates            | 60            |
|    policy_gradient_loss | -0.0016       |
|    reward               | -0.0035312804 |
|    std                  | 1.03          |
|    value_loss           | 0.00146       |
-------------------------------------------
EPISODE:  16
EPISODE:  17
-------------------------------------------
| time/                   |               |
|    fps                  | 203           |
|    iterations           | 8             |
|    time_elapsed         | 80            |
|    total_timesteps      | 16384         |
| train/                  |               |
|    approx_kl            | 0.0039118016  |
|    clip_fraction        | 0.018         |
|    clip_range           | 0.2           |
|    entropy_loss         | -2.89         |
|    explained_variance   | 0.344         |
|    learning_rate        | 0.0003        |
|    loss                 | 0.013         |
|    n_updates            | 70            |
|    policy_gradient_loss | -0.00154      |
|    reward               | -0.0035386772 |
|    std                  | 1.03          |
|    value_loss           | 0.000947      |
-------------------------------------------
EPISODE:  18
EPISODE:  19
------------------------------------------
| time/                   |              |
|    fps                  | 200          |
|    iterations           | 9            |
|    time_elapsed         | 92           |
|    total_timesteps      | 18432        |
| train/                  |              |
|    approx_kl            | 0.0011973667 |
|    clip_fraction        | 0.00439      |
|    clip_range           | 0.2          |
|    entropy_loss         | -2.89        |
|    explained_variance   | 0.178        |
|    learning_rate        | 0.0003       |
|    loss                 | -0.00205     |
|    n_updates            | 80           |
|    policy_gradient_loss | -9.37e-05    |
|    reward               | -0.008814454 |
|    std                  | 1.02         |
|    value_loss           | 0.00129      |
------------------------------------------
EPISODE:  20
EPISODE:  21
-----------------------------------------
| time/                   |             |
|    fps                  | 196         |
|    iterations           | 10          |
|    time_elapsed         | 104         |
|    total_timesteps      | 20480       |
| train/                  |             |
|    approx_kl            | 0.003835503 |
|    clip_fraction        | 0.0309      |
|    clip_range           | 0.2         |
|    entropy_loss         | -2.87       |
|    explained_variance   | 0.291       |
|    learning_rate        | 0.0003      |
|    loss                 | -0.0246     |
|    n_updates            | 90          |
|    policy_gradient_loss | -0.00231    |
|    reward               | 0.014435759 |
|    std                  | 1.01        |
|    value_loss           | 0.000755    |
-----------------------------------------
EPISODE:  22
EPISODE:  23
------------------------------------------
| time/                   |              |
|    fps                  | 194          |
|    iterations           | 11           |
|    time_elapsed         | 115          |
|    total_timesteps      | 22528        |
| train/                  |              |
|    approx_kl            | 0.0018102919 |
|    clip_fraction        | 0.00176      |
|    clip_range           | 0.2          |
|    entropy_loss         | -2.88        |
|    explained_variance   | 0.239        |
|    learning_rate        | 0.0003       |
|    loss                 | -0.0108      |
|    n_updates            | 100          |
|    policy_gradient_loss | -0.000406    |
|    reward               | -0.014941434 |
|    std                  | 1.03         |
|    value_loss           | 0.000905     |
------------------------------------------
EPISODE:  24
EPISODE:  25
-------------------------------------------
| time/                   |               |
|    fps                  | 194           |
|    iterations           | 12            |
|    time_elapsed         | 126           |
|    total_timesteps      | 24576         |
| train/                  |               |
|    approx_kl            | 0.0031127036  |
|    clip_fraction        | 0.0042        |
|    clip_range           | 0.2           |
|    entropy_loss         | -2.89         |
|    explained_variance   | 0.295         |
|    learning_rate        | 0.0003        |
|    loss                 | -0.00133      |
|    n_updates            | 110           |
|    policy_gradient_loss | 2.99e-05      |
|    reward               | -0.0122640785 |
|    std                  | 1.02          |
|    value_loss           | 0.00098       |
-------------------------------------------
EPISODE:  26
EPISODE:  27
------------------------------------------
| time/                   |              |
|    fps                  | 191          |
|    iterations           | 13           |
|    time_elapsed         | 139          |
|    total_timesteps      | 26624        |
| train/                  |              |
|    approx_kl            | 0.0014363547 |
|    clip_fraction        | 0.00278      |
|    clip_range           | 0.2          |
|    entropy_loss         | -2.88        |
|    explained_variance   | 0.204        |
|    learning_rate        | 0.0003       |
|    loss                 | -0.00075     |
|    n_updates            | 120          |
|    policy_gradient_loss | -0.000403    |
|    reward               | 0.00853887   |
|    std                  | 1.01         |
|    value_loss           | 0.001        |
------------------------------------------
EPISODE:  28
EPISODE:  29
------------------------------------------
| time/                   |              |
|    fps                  | 184          |
|    iterations           | 14           |
|    time_elapsed         | 155          |
|    total_timesteps      | 28672        |
| train/                  |              |
|    approx_kl            | 0.004216905  |
|    clip_fraction        | 0.00894      |
|    clip_range           | 0.2          |
|    entropy_loss         | -2.86        |
|    explained_variance   | 0.261        |
|    learning_rate        | 0.0003       |
|    loss                 | 0.00788      |
|    n_updates            | 130          |
|    policy_gradient_loss | -0.000566    |
|    reward               | 0.0010337393 |
|    std                  | 1.01         |
|    value_loss           | 0.00098      |
------------------------------------------
EPISODE:  30
EPISODE:  31
------------------------------------------
| time/                   |              |
|    fps                  | 178          |
|    iterations           | 15           |
|    time_elapsed         | 172          |
|    total_timesteps      | 30720        |
| train/                  |              |
|    approx_kl            | 0.0045479294 |
|    clip_fraction        | 0.0185       |
|    clip_range           | 0.2          |
|    entropy_loss         | -2.85        |
|    explained_variance   | 0.343        |
|    learning_rate        | 0.0003       |
|    loss                 | -0.0212      |
|    n_updates            | 140          |
|    policy_gradient_loss | -0.00201     |
|    reward               | -0.006436944 |
|    std                  | 0.998        |
|    value_loss           | 0.000999     |
------------------------------------------
EPISODE:  32
EPISODE:  33
EPISODE:  34
-------------------------------------------
| time/                   |               |
|    fps                  | 174           |
|    iterations           | 16            |
|    time_elapsed         | 187           |
|    total_timesteps      | 32768         |
| train/                  |               |
|    approx_kl            | 0.004275167   |
|    clip_fraction        | 0.0114        |
|    clip_range           | 0.2           |
|    entropy_loss         | -2.83         |
|    explained_variance   | 0.445         |
|    learning_rate        | 0.0003        |
|    loss                 | 0.00228       |
|    n_updates            | 150           |
|    policy_gradient_loss | -0.000337     |
|    reward               | -0.0019985936 |
|    std                  | 0.99          |
|    value_loss           | 0.000867      |
-------------------------------------------
EPISODE:  35
EPISODE:  36
------------------------------------------
| time/                   |              |
|    fps                  | 170          |
|    iterations           | 17           |
|    time_elapsed         | 204          |
|    total_timesteps      | 34816        |
| train/                  |              |
|    approx_kl            | 0.0037980685 |
|    clip_fraction        | 0.0151       |
|    clip_range           | 0.2          |
|    entropy_loss         | -2.82        |
|    explained_variance   | 0.391        |
|    learning_rate        | 0.0003       |
|    loss                 | -0.00047     |
|    n_updates            | 160          |
|    policy_gradient_loss | -0.000636    |
|    reward               | 0.004747693  |
|    std                  | 0.987        |
|    value_loss           | 0.00115      |
------------------------------------------
EPISODE:  37
EPISODE:  38
-----------------------------------------
| time/                   |             |
|    fps                  | 165         |
|    iterations           | 18          |
|    time_elapsed         | 222         |
|    total_timesteps      | 36864       |
| train/                  |             |
|    approx_kl            | 0.003686504 |
|    clip_fraction        | 0.0127      |
|    clip_range           | 0.2         |
|    entropy_loss         | -2.8        |
|    explained_variance   | 0.456       |
|    learning_rate        | 0.0003      |
|    loss                 | 0.0114      |
|    n_updates            | 170         |
|    policy_gradient_loss | -0.000749   |
|    reward               | 0.011925916 |
|    std                  | 0.978       |
|    value_loss           | 0.00109     |
-----------------------------------------
EPISODE:  39
EPISODE:  40
------------------------------------------
| time/                   |              |
|    fps                  | 162          |
|    iterations           | 19           |
|    time_elapsed         | 238          |
|    total_timesteps      | 38912        |
| train/                  |              |
|    approx_kl            | 0.0049000974 |
|    clip_fraction        | 0.0351       |
|    clip_range           | 0.2          |
|    entropy_loss         | -2.79        |
|    explained_variance   | 0.531        |
|    learning_rate        | 0.0003       |
|    loss                 | -0.00112     |
|    n_updates            | 180          |
|    policy_gradient_loss | -0.00319     |
|    reward               | 0.01399249   |
|    std                  | 0.975        |
|    value_loss           | 0.000837     |
------------------------------------------
EPISODE:  41
EPISODE:  42
-----------------------------------------
| time/                   |             |
|    fps                  | 160         |
|    iterations           | 20          |
|    time_elapsed         | 255         |
|    total_timesteps      | 40960       |
| train/                  |             |
|    approx_kl            | 0.004164717 |
|    clip_fraction        | 0.0329      |
|    clip_range           | 0.2         |
|    entropy_loss         | -2.78       |
|    explained_variance   | 0.471       |
|    learning_rate        | 0.0003      |
|    loss                 | -0.00637    |
|    n_updates            | 190         |
|    policy_gradient_loss | -0.00201    |
|    reward               | 0.014464237 |
|    std                  | 0.971       |
|    value_loss           | 0.00091     |
-----------------------------------------
EPISODE:  43
EPISODE:  44
-----------------------------------------
| time/                   |             |
|    fps                  | 157         |
|    iterations           | 21          |
|    time_elapsed         | 273         |
|    total_timesteps      | 43008       |
| train/                  |             |
|    approx_kl            | 0.005093259 |
|    clip_fraction        | 0.0411      |
|    clip_range           | 0.2         |
|    entropy_loss         | -2.77       |
|    explained_variance   | 0.361       |
|    learning_rate        | 0.0003      |
|    loss                 | -0.00806    |
|    n_updates            | 200         |
|    policy_gradient_loss | -0.00298    |
|    reward               | 0.012312975 |
|    std                  | 0.963       |
|    value_loss           | 0.00122     |
-----------------------------------------
EPISODE:  45
EPISODE:  46
------------------------------------------
| time/                   |              |
|    fps                  | 154          |
|    iterations           | 22           |
|    time_elapsed         | 290          |
|    total_timesteps      | 45056        |
| train/                  |              |
|    approx_kl            | 0.0058760885 |
|    clip_fraction        | 0.0309       |
|    clip_range           | 0.2          |
|    entropy_loss         | -2.75        |
|    explained_variance   | 0.429        |
|    learning_rate        | 0.0003       |
|    loss                 | -0.000558    |
|    n_updates            | 210          |
|    policy_gradient_loss | -0.00251     |
|    reward               | 0.005498759  |
|    std                  | 0.957        |
|    value_loss           | 0.00108      |
------------------------------------------
EPISODE:  47
EPISODE:  48
------------------------------------------
| time/                   |              |
|    fps                  | 152          |
|    iterations           | 23           |
|    time_elapsed         | 307          |
|    total_timesteps      | 47104        |
| train/                  |              |
|    approx_kl            | 0.003895858  |
|    clip_fraction        | 0.0119       |
|    clip_range           | 0.2          |
|    entropy_loss         | -2.75        |
|    explained_variance   | 0.5          |
|    learning_rate        | 0.0003       |
|    loss                 | 0.0017       |
|    n_updates            | 220          |
|    policy_gradient_loss | -0.000472    |
|    reward               | 0.0010713692 |
|    std                  | 0.956        |
|    value_loss           | 0.000899     |
------------------------------------------
EPISODE:  49
EPISODE:  50
------------------------------------------
| time/                   |              |
|    fps                  | 151          |
|    iterations           | 24           |
|    time_elapsed         | 325          |
|    total_timesteps      | 49152        |
| train/                  |              |
|    approx_kl            | 0.004949254  |
|    clip_fraction        | 0.0214       |
|    clip_range           | 0.2          |
|    entropy_loss         | -2.75        |
|    explained_variance   | 0.451        |
|    learning_rate        | 0.0003       |
|    loss                 | -0.000573    |
|    n_updates            | 230          |
|    policy_gradient_loss | -0.00205     |
|    reward               | 0.0070679206 |
|    std                  | 0.959        |
|    value_loss           | 0.000883     |
------------------------------------------
EPISODE:  51
EPISODE:  52
------------------------------------------
| time/                   |              |
|    fps                  | 149          |
|    iterations           | 25           |
|    time_elapsed         | 342          |
|    total_timesteps      | 51200        |
| train/                  |              |
|    approx_kl            | 0.005072859  |
|    clip_fraction        | 0.0298       |
|    clip_range           | 0.2          |
|    entropy_loss         | -2.75        |
|    explained_variance   | 0.494        |
|    learning_rate        | 0.0003       |
|    loss                 | -0.0271      |
|    n_updates            | 240          |
|    policy_gradient_loss | -0.00221     |
|    reward               | -0.013526918 |
|    std                  | 0.956        |
|    value_loss           | 0.000929     |
------------------------------------------
Saved episode log to Results\250619_hc_binary_udp\ppo\periodic\training_logs\05.csv
