EPISODE:  0
{'n_steps': 5, 'ent_coef': 0.005, 'learning_rate': 0.0002}
Using cpu device
EPISODE:  1
----------------------------------------
| time/                 |              |
|    fps                | 206          |
|    iterations         | 100          |
|    time_elapsed       | 2            |
|    total_timesteps    | 500          |
| train/                |              |
|    entropy_loss       | -2.88        |
|    explained_variance | -0.00049     |
|    learning_rate      | 0.0002       |
|    n_updates          | 99           |
|    policy_loss        | -0.000303    |
|    reward             | 0.0016447369 |
|    std                | 1.02         |
|    value_loss         | 1.98e-06     |
----------------------------------------
EPISODE:  2
---------------------------------------
| time/                 |             |
|    fps                | 202         |
|    iterations         | 200         |
|    time_elapsed       | 4           |
|    total_timesteps    | 1000        |
| train/                |             |
|    entropy_loss       | -2.91       |
|    explained_variance | -0.343      |
|    learning_rate      | 0.0002      |
|    n_updates          | 199         |
|    policy_loss        | -0.126      |
|    reward             | 0.008547009 |
|    std                | 1.04        |
|    value_loss         | 0.00145     |
---------------------------------------
----------------------------------------
| time/                 |              |
|    fps                | 203          |
|    iterations         | 300          |
|    time_elapsed       | 7            |
|    total_timesteps    | 1500         |
| train/                |              |
|    entropy_loss       | -2.93        |
|    explained_variance | -4.18e-05    |
|    learning_rate      | 0.0002       |
|    n_updates          | 299          |
|    policy_loss        | 0.00312      |
|    reward             | 0.0016207455 |
|    std                | 1.05         |
|    value_loss         | 2.95e-06     |
----------------------------------------
EPISODE:  3
---------------------------------------
| time/                 |             |
|    fps                | 203         |
|    iterations         | 400         |
|    time_elapsed       | 9           |
|    total_timesteps    | 2000        |
| train/                |             |
|    entropy_loss       | -2.96       |
|    explained_variance | -2.88       |
|    learning_rate      | 0.0002      |
|    n_updates          | 399         |
|    policy_loss        | 0.154       |
|    reward             | 0.007936508 |
|    std                | 1.07        |
|    value_loss         | 0.00233     |
---------------------------------------
----------------------------------------
| time/                 |              |
|    fps                | 203          |
|    iterations         | 500          |
|    time_elapsed       | 12           |
|    total_timesteps    | 2500         |
| train/                |              |
|    entropy_loss       | -2.99        |
|    explained_variance | 0.000133     |
|    learning_rate      | 0.0002       |
|    n_updates          | 499          |
|    policy_loss        | -0.00643     |
|    reward             | 0.0015974441 |
|    std                | 1.08         |
|    value_loss         | 4.86e-06     |
----------------------------------------
EPISODE:  4
----------------------------------------
| time/                 |              |
|    fps                | 200          |
|    iterations         | 600          |
|    time_elapsed       | 14           |
|    total_timesteps    | 3000         |
| train/                |              |
|    entropy_loss       | -3.02        |
|    explained_variance | 0.917        |
|    learning_rate      | 0.0002       |
|    n_updates          | 599          |
|    policy_loss        | 0.00419      |
|    reward             | 0.0074074073 |
|    std                | 1.1          |
|    value_loss         | 1.33e-05     |
----------------------------------------
----------------------------------------
| time/                 |              |
|    fps                | 201          |
|    iterations         | 700          |
|    time_elapsed       | 17           |
|    total_timesteps    | 3500         |
| train/                |              |
|    entropy_loss       | -3.04        |
|    explained_variance | -0.148       |
|    learning_rate      | 0.0002       |
|    n_updates          | 699          |
|    policy_loss        | -0.000588    |
|    reward             | 0.0015748031 |
|    std                | 1.11         |
|    value_loss         | 3.93e-08     |
----------------------------------------
EPISODE:  5
----------------------------------------
| time/                 |              |
|    fps                | 201          |
|    iterations         | 800          |
|    time_elapsed       | 19           |
|    total_timesteps    | 4000         |
| train/                |              |
|    entropy_loss       | -3.08        |
|    explained_variance | 0.198        |
|    learning_rate      | 0.0002       |
|    n_updates          | 799          |
|    policy_loss        | -0.0139      |
|    reward             | 0.0069444445 |
|    std                | 1.13         |
|    value_loss         | 2.83e-05     |
----------------------------------------
----------------------------------------
| time/                 |              |
|    fps                | 200          |
|    iterations         | 900          |
|    time_elapsed       | 22           |
|    total_timesteps    | 4500         |
| train/                |              |
|    entropy_loss       | -3.1         |
|    explained_variance | 3.56e-05     |
|    learning_rate      | 0.0002       |
|    n_updates          | 899          |
|    policy_loss        | 0.00227      |
|    reward             | 0.0015527951 |
|    std                | 1.14         |
|    value_loss         | 6.96e-07     |
----------------------------------------
EPISODE:  6
---------------------------------------
| time/                 |             |
|    fps                | 201         |
|    iterations         | 1000        |
|    time_elapsed       | 24          |
|    total_timesteps    | 5000        |
| train/                |             |
|    entropy_loss       | -3.13       |
|    explained_variance | -2.23       |
|    learning_rate      | 0.0002      |
|    n_updates          | 999         |
|    policy_loss        | -0.0457     |
|    reward             | 0.006535948 |
|    std                | 1.16        |
|    value_loss         | 0.000229    |
---------------------------------------
----------------------------------------
| time/                 |              |
|    fps                | 200          |
|    iterations         | 1100         |
|    time_elapsed       | 27           |
|    total_timesteps    | 5500         |
| train/                |              |
|    entropy_loss       | -3.16        |
|    explained_variance | -4.05e-06    |
|    learning_rate      | 0.0002       |
|    n_updates          | 1099         |
|    policy_loss        | -0.0019      |
|    reward             | 0.0015313936 |
|    std                | 1.17         |
|    value_loss         | 1.47e-06     |
----------------------------------------
EPISODE:  7
----------------------------------------
| time/                 |              |
|    fps                | 200          |
|    iterations         | 1200         |
|    time_elapsed       | 29           |
|    total_timesteps    | 6000         |
| train/                |              |
|    entropy_loss       | -3.19        |
|    explained_variance | 0.13         |
|    learning_rate      | 0.0002       |
|    n_updates          | 1199         |
|    policy_loss        | -0.0402      |
|    reward             | 0.0061728396 |
|    std                | 1.19         |
|    value_loss         | 0.000103     |
----------------------------------------
---------------------------------------
| time/                 |             |
|    fps                | 199         |
|    iterations         | 1300        |
|    time_elapsed       | 32          |
|    total_timesteps    | 6500        |
| train/                |             |
|    entropy_loss       | -3.21       |
|    explained_variance | 0.0014      |
|    learning_rate      | 0.0002      |
|    n_updates          | 1299        |
|    policy_loss        | -0.000306   |
|    reward             | 0.001510574 |
|    std                | 1.2         |
|    value_loss         | 8.34e-09    |
---------------------------------------
EPISODE:  8
----------------------------------------
| time/                 |              |
|    fps                | 199          |
|    iterations         | 1400         |
|    time_elapsed       | 35           |
|    total_timesteps    | 7000         |
| train/                |              |
|    entropy_loss       | -3.24        |
|    explained_variance | -71.1        |
|    learning_rate      | 0.0002       |
|    n_updates          | 1399         |
|    policy_loss        | -0.0163      |
|    reward             | 0.0058479533 |
|    std                | 1.22         |
|    value_loss         | 2.38e-05     |
----------------------------------------
---------------------------------------
| time/                 |             |
|    fps                | 199         |
|    iterations         | 1500        |
|    time_elapsed       | 37          |
|    total_timesteps    | 7500        |
| train/                |             |
|    entropy_loss       | -3.27       |
|    explained_variance | -0.00545    |
|    learning_rate      | 0.0002      |
|    n_updates          | 1499        |
|    policy_loss        | -0.000379   |
|    reward             | 0.001490313 |
|    std                | 1.24        |
|    value_loss         | 2.27e-08    |
---------------------------------------
EPISODE:  9
----------------------------------------
| time/                 |              |
|    fps                | 199          |
|    iterations         | 1600         |
|    time_elapsed       | 40           |
|    total_timesteps    | 8000         |
| train/                |              |
|    entropy_loss       | -3.31        |
|    explained_variance | 0.0684       |
|    learning_rate      | 0.0002       |
|    n_updates          | 1599         |
|    policy_loss        | 0.0356       |
|    reward             | 0.0055555557 |
|    std                | 1.27         |
|    value_loss         | 0.000124     |
----------------------------------------
----------------------------------------
| time/                 |              |
|    fps                | 198          |
|    iterations         | 1700         |
|    time_elapsed       | 42           |
|    total_timesteps    | 8500         |
| train/                |              |
|    entropy_loss       | -3.35        |
|    explained_variance | 0            |
|    learning_rate      | 0.0002       |
|    n_updates          | 1699         |
|    policy_loss        | -0.000315    |
|    reward             | 0.0014705883 |
|    std                | 1.29         |
|    value_loss         | 9.79e-07     |
----------------------------------------
EPISODE:  10
---------------------------------------
| time/                 |             |
|    fps                | 197         |
|    iterations         | 1800        |
|    time_elapsed       | 45          |
|    total_timesteps    | 9000        |
| train/                |             |
|    entropy_loss       | -3.38       |
|    explained_variance | -5.17       |
|    learning_rate      | 0.0002      |
|    n_updates          | 1799        |
|    policy_loss        | 0.184       |
|    reward             | 0.005291005 |
|    std                | 1.31        |
|    value_loss         | 0.00364     |
---------------------------------------
----------------------------------------
| time/                 |              |
|    fps                | 197          |
|    iterations         | 1900         |
|    time_elapsed       | 48           |
|    total_timesteps    | 9500         |
| train/                |              |
|    entropy_loss       | -3.41        |
|    explained_variance | 5.96e-08     |
|    learning_rate      | 0.0002       |
|    n_updates          | 1899         |
|    policy_loss        | 0.000219     |
|    reward             | 0.0014513788 |
|    std                | 1.33         |
|    value_loss         | 7e-09        |
----------------------------------------
EPISODE:  11
---------------------------------------
| time/                 |             |
|    fps                | 197         |
|    iterations         | 2000        |
|    time_elapsed       | 50          |
|    total_timesteps    | 10000       |
| train/                |             |
|    entropy_loss       | -3.44       |
|    explained_variance | 0.552       |
|    learning_rate      | 0.0002      |
|    n_updates          | 1999        |
|    policy_loss        | 0.00486     |
|    reward             | 0.005050505 |
|    std                | 1.35        |
|    value_loss         | 3.07e-06    |
---------------------------------------
----------------------------------------
| time/                 |              |
|    fps                | 197          |
|    iterations         | 2100         |
|    time_elapsed       | 53           |
|    total_timesteps    | 10500        |
| train/                |              |
|    entropy_loss       | -3.47        |
|    explained_variance | 0            |
|    learning_rate      | 0.0002       |
|    n_updates          | 2099         |
|    policy_loss        | -0.00371     |
|    reward             | 0.0014326648 |
|    std                | 1.37         |
|    value_loss         | 1.95e-06     |
----------------------------------------
EPISODE:  12
---------------------------------------
| time/                 |             |
|    fps                | 197         |
|    iterations         | 2200        |
|    time_elapsed       | 55          |
|    total_timesteps    | 11000       |
| train/                |             |
|    entropy_loss       | -3.5        |
|    explained_variance | 0.124       |
|    learning_rate      | 0.0002      |
|    n_updates          | 2199        |
|    policy_loss        | 0.00859     |
|    reward             | 0.004830918 |
|    std                | 1.39        |
|    value_loss         | 9.46e-06    |
---------------------------------------
----------------------------------------
| time/                 |              |
|    fps                | 197          |
|    iterations         | 2300         |
|    time_elapsed       | 58           |
|    total_timesteps    | 11500        |
| train/                |              |
|    entropy_loss       | -3.52        |
|    explained_variance | 0            |
|    learning_rate      | 0.0002       |
|    n_updates          | 2299         |
|    policy_loss        | -0.00923     |
|    reward             | 0.0014144272 |
|    std                | 1.41         |
|    value_loss         | 6.6e-06      |
----------------------------------------
EPISODE:  13
----------------------------------------
| time/                 |              |
|    fps                | 196          |
|    iterations         | 2400         |
|    time_elapsed       | 61           |
|    total_timesteps    | 12000        |
| train/                |              |
|    entropy_loss       | -3.55        |
|    explained_variance | 0.496        |
|    learning_rate      | 0.0002       |
|    n_updates          | 2399         |
|    policy_loss        | 0.00413      |
|    reward             | 0.0046296297 |
|    std                | 1.43         |
|    value_loss         | 2.24e-06     |
----------------------------------------
---------------------------------------
| time/                 |             |
|    fps                | 195         |
|    iterations         | 2500        |
|    time_elapsed       | 63          |
|    total_timesteps    | 12500       |
| train/                |             |
|    entropy_loss       | -3.58       |
|    explained_variance | 0           |
|    learning_rate      | 0.0002      |
|    n_updates          | 2499        |
|    policy_loss        | -0.00028    |
|    reward             | 0.001396648 |
|    std                | 1.45        |
|    value_loss         | 1.03e-08    |
---------------------------------------
EPISODE:  14
----------------------------------------
| time/                 |              |
|    fps                | 194          |
|    iterations         | 2600         |
|    time_elapsed       | 66           |
|    total_timesteps    | 13000        |
| train/                |              |
|    entropy_loss       | -3.62        |
|    explained_variance | 0.961        |
|    learning_rate      | 0.0002       |
|    n_updates          | 2599         |
|    policy_loss        | 0.000885     |
|    reward             | 0.0044444446 |
|    std                | 1.48         |
|    value_loss         | 9.31e-08     |
----------------------------------------
----------------------------------------
| time/                 |              |
|    fps                | 194          |
|    iterations         | 2700         |
|    time_elapsed       | 69           |
|    total_timesteps    | 13500        |
| train/                |              |
|    entropy_loss       | -3.65        |
|    explained_variance | 0            |
|    learning_rate      | 0.0002       |
|    n_updates          | 2699         |
|    policy_loss        | -0.000523    |
|    reward             | 0.0013793104 |
|    std                | 1.5          |
|    value_loss         | 2.23e-08     |
----------------------------------------
EPISODE:  15
----------------------------------------
| time/                 |              |
|    fps                | 192          |
|    iterations         | 2800         |
|    time_elapsed       | 72           |
|    total_timesteps    | 14000        |
| train/                |              |
|    entropy_loss       | -3.68        |
|    explained_variance | -32          |
|    learning_rate      | 0.0002       |
|    n_updates          | 2799         |
|    policy_loss        | -0.18        |
|    reward             | 0.0042735045 |
|    std                | 1.52         |
|    value_loss         | 0.00318      |
----------------------------------------
----------------------------------------
| time/                 |              |
|    fps                | 191          |
|    iterations         | 2900         |
|    time_elapsed       | 75           |
|    total_timesteps    | 14500        |
| train/                |              |
|    entropy_loss       | -3.71        |
|    explained_variance | 0            |
|    learning_rate      | 0.0002       |
|    n_updates          | 2899         |
|    policy_loss        | -0.000559    |
|    reward             | 0.0013623978 |
|    std                | 1.54         |
|    value_loss         | 2.82e-08     |
----------------------------------------
EPISODE:  16
---------------------------------------
| time/                 |             |
|    fps                | 191         |
|    iterations         | 3000        |
|    time_elapsed       | 78          |
|    total_timesteps    | 15000       |
| train/                |             |
|    entropy_loss       | -3.74       |
|    explained_variance | 0.0226      |
|    learning_rate      | 0.0002      |
|    n_updates          | 2999        |
|    policy_loss        | 0.0307      |
|    reward             | 0.004115226 |
|    std                | 1.57        |
|    value_loss         | 8.63e-05    |
---------------------------------------
---------------------------------------
| time/                 |             |
|    fps                | 191         |
|    iterations         | 3100        |
|    time_elapsed       | 81          |
|    total_timesteps    | 15500       |
| train/                |             |
|    entropy_loss       | -3.77       |
|    explained_variance | 1.19e-07    |
|    learning_rate      | 0.0002      |
|    n_updates          | 3099        |
|    policy_loss        | -0.000484   |
|    reward             | 0.001345895 |
|    std                | 1.6         |
|    value_loss         | 2.19e-08    |
---------------------------------------
EPISODE:  17
---------------------------------------
| time/                 |             |
|    fps                | 190         |
|    iterations         | 3200        |
|    time_elapsed       | 83          |
|    total_timesteps    | 16000       |
| train/                |             |
|    entropy_loss       | -3.81       |
|    explained_variance | 0.0108      |
|    learning_rate      | 0.0002      |
|    n_updates          | 3199        |
|    policy_loss        | 0.0399      |
|    reward             | 0.003968254 |
|    std                | 1.63        |
|    value_loss         | 0.000148    |
---------------------------------------
----------------------------------------
| time/                 |              |
|    fps                | 190          |
|    iterations         | 3300         |
|    time_elapsed       | 86           |
|    total_timesteps    | 16500        |
| train/                |              |
|    entropy_loss       | -3.84        |
|    explained_variance | 0            |
|    learning_rate      | 0.0002       |
|    n_updates          | 3299         |
|    policy_loss        | -0.000447    |
|    reward             | 0.0013297872 |
|    std                | 1.65         |
|    value_loss         | 1.01e-08     |
----------------------------------------
EPISODE:  18
----------------------------------------
| time/                 |              |
|    fps                | 190          |
|    iterations         | 3400         |
|    time_elapsed       | 89           |
|    total_timesteps    | 17000        |
| train/                |              |
|    entropy_loss       | -3.87        |
|    explained_variance | 0.000717     |
|    learning_rate      | 0.0002       |
|    n_updates          | 3399         |
|    policy_loss        | 0.0233       |
|    reward             | 0.0038314175 |
|    std                | 1.68         |
|    value_loss         | 3.62e-05     |
----------------------------------------
----------------------------------------
| time/                 |              |
|    fps                | 190          |
|    iterations         | 3500         |
|    time_elapsed       | 91           |
|    total_timesteps    | 17500        |
| train/                |              |
|    entropy_loss       | -3.91        |
|    explained_variance | 0            |
|    learning_rate      | 0.0002       |
|    n_updates          | 3499         |
|    policy_loss        | 0.000381     |
|    reward             | 0.0013140604 |
|    std                | 1.71         |
|    value_loss         | 1.46e-08     |
----------------------------------------
EPISODE:  19
----------------------------------------
| time/                 |              |
|    fps                | 190          |
|    iterations         | 3600         |
|    time_elapsed       | 94           |
|    total_timesteps    | 18000        |
| train/                |              |
|    entropy_loss       | -3.94        |
|    explained_variance | -0.0291      |
|    learning_rate      | 0.0002       |
|    n_updates          | 3599         |
|    policy_loss        | -0.00571     |
|    reward             | 0.0037037036 |
|    std                | 1.74         |
|    value_loss         | 6.3e-06      |
----------------------------------------
----------------------------------------
| time/                 |              |
|    fps                | 190          |
|    iterations         | 3700         |
|    time_elapsed       | 97           |
|    total_timesteps    | 18500        |
| train/                |              |
|    entropy_loss       | -3.97        |
|    explained_variance | 0            |
|    learning_rate      | 0.0002       |
|    n_updates          | 3699         |
|    policy_loss        | 0.00136      |
|    reward             | 0.0012987013 |
|    std                | 1.77         |
|    value_loss         | 1.36e-07     |
----------------------------------------
EPISODE:  20
----------------------------------------
| time/                 |              |
|    fps                | 190          |
|    iterations         | 3800         |
|    time_elapsed       | 99           |
|    total_timesteps    | 19000        |
| train/                |              |
|    entropy_loss       | -4.01        |
|    explained_variance | 0.928        |
|    learning_rate      | 0.0002       |
|    n_updates          | 3799         |
|    policy_loss        | 0.00153      |
|    reward             | 0.0035842294 |
|    std                | 1.79         |
|    value_loss         | 1.39e-07     |
----------------------------------------
----------------------------------------
| time/                 |              |
|    fps                | 189          |
|    iterations         | 3900         |
|    time_elapsed       | 102          |
|    total_timesteps    | 19500        |
| train/                |              |
|    entropy_loss       | -4.04        |
|    explained_variance | 0            |
|    learning_rate      | 0.0002       |
|    n_updates          | 3899         |
|    policy_loss        | 0.000975     |
|    reward             | 0.0012836971 |
|    std                | 1.82         |
|    value_loss         | 5.03e-08     |
----------------------------------------
EPISODE:  21
----------------------------------------
| time/                 |              |
|    fps                | 189          |
|    iterations         | 4000         |
|    time_elapsed       | 105          |
|    total_timesteps    | 20000        |
| train/                |              |
|    entropy_loss       | -4.07        |
|    explained_variance | -14          |
|    learning_rate      | 0.0002       |
|    n_updates          | 3999         |
|    policy_loss        | -0.00604     |
|    reward             | 0.0034722222 |
|    std                | 1.86         |
|    value_loss         | 2.37e-06     |
----------------------------------------
-----------------------------------------
| time/                 |               |
|    fps                | 189           |
|    iterations         | 4100          |
|    time_elapsed       | 108           |
|    total_timesteps    | 20500         |
| train/                |               |
|    entropy_loss       | -4.11         |
|    explained_variance | 2.5e-06       |
|    learning_rate      | 0.0002        |
|    n_updates          | 4099          |
|    policy_loss        | -9.12e-05     |
|    reward             | -0.0012690355 |
|    std                | 1.89          |
|    value_loss         | 5.37e-10      |
-----------------------------------------
EPISODE:  22
----------------------------------------
| time/                 |              |
|    fps                | 189          |
|    iterations         | 4200         |
|    time_elapsed       | 110          |
|    total_timesteps    | 21000        |
| train/                |              |
|    entropy_loss       | -4.14        |
|    explained_variance | -0.000284    |
|    learning_rate      | 0.0002       |
|    n_updates          | 4199         |
|    policy_loss        | -0.00154     |
|    reward             | 0.0033670033 |
|    std                | 1.92         |
|    value_loss         | 2.55e-07     |
----------------------------------------
----------------------------------------
| time/                 |              |
|    fps                | 189          |
|    iterations         | 4300         |
|    time_elapsed       | 113          |
|    total_timesteps    | 21500        |
| train/                |              |
|    entropy_loss       | -4.17        |
|    explained_variance | 0            |
|    learning_rate      | 0.0002       |
|    n_updates          | 4299         |
|    policy_loss        | 0.000701     |
|    reward             | 0.0012547051 |
|    std                | 1.94         |
|    value_loss         | 3.12e-08     |
----------------------------------------
EPISODE:  23
---------------------------------------
| time/                 |             |
|    fps                | 189         |
|    iterations         | 4400        |
|    time_elapsed       | 116         |
|    total_timesteps    | 22000       |
| train/                |             |
|    entropy_loss       | -4.19       |
|    explained_variance | -0.00691    |
|    learning_rate      | 0.0002      |
|    n_updates          | 4399        |
|    policy_loss        | -0.00195    |
|    reward             | 0.003267974 |
|    std                | 1.97        |
|    value_loss         | 3.16e-07    |
---------------------------------------
----------------------------------------
| time/                 |              |
|    fps                | 189          |
|    iterations         | 4500         |
|    time_elapsed       | 118          |
|    total_timesteps    | 22500        |
| train/                |              |
|    entropy_loss       | -4.23        |
|    explained_variance | 0            |
|    learning_rate      | 0.0002       |
|    n_updates          | 4499         |
|    policy_loss        | -0.000348    |
|    reward             | 0.0012406948 |
|    std                | 2            |
|    value_loss         | 8.62e-09     |
----------------------------------------
EPISODE:  24
----------------------------------------
| time/                 |              |
|    fps                | 189          |
|    iterations         | 4600         |
|    time_elapsed       | 121          |
|    total_timesteps    | 23000        |
| train/                |              |
|    entropy_loss       | -4.26        |
|    explained_variance | 0.317        |
|    learning_rate      | 0.0002       |
|    n_updates          | 4599         |
|    policy_loss        | 0.0113       |
|    reward             | 0.0031746032 |
|    std                | 2.04         |
|    value_loss         | 1.02e-05     |
----------------------------------------
----------------------------------------
| time/                 |              |
|    fps                | 189          |
|    iterations         | 4700         |
|    time_elapsed       | 124          |
|    total_timesteps    | 23500        |
| train/                |              |
|    entropy_loss       | -4.29        |
|    explained_variance | -1.19e-07    |
|    learning_rate      | 0.0002       |
|    n_updates          | 4699         |
|    policy_loss        | 0.00032      |
|    reward             | 0.0012269939 |
|    std                | 2.07         |
|    value_loss         | 8.33e-09     |
----------------------------------------
EPISODE:  25
----------------------------------------
| time/                 |              |
|    fps                | 189          |
|    iterations         | 4800         |
|    time_elapsed       | 126          |
|    total_timesteps    | 24000        |
| train/                |              |
|    entropy_loss       | -4.32        |
|    explained_variance | 0.011        |
|    learning_rate      | 0.0002       |
|    n_updates          | 4799         |
|    policy_loss        | 0.00881      |
|    reward             | 0.0030864198 |
|    std                | 2.1          |
|    value_loss         | 6.76e-06     |
----------------------------------------
----------------------------------------
| time/                 |              |
|    fps                | 189          |
|    iterations         | 4900         |
|    time_elapsed       | 129          |
|    total_timesteps    | 24500        |
| train/                |              |
|    entropy_loss       | -4.35        |
|    explained_variance | 1.79e-07     |
|    learning_rate      | 0.0002       |
|    n_updates          | 4899         |
|    policy_loss        | 3.79e-05     |
|    reward             | 0.0012135922 |
|    std                | 2.13         |
|    value_loss         | 9.87e-11     |
----------------------------------------
EPISODE:  26
---------------------------------------
| time/                 |             |
|    fps                | 189         |
|    iterations         | 5000        |
|    time_elapsed       | 131         |
|    total_timesteps    | 25000       |
| train/                |             |
|    entropy_loss       | -4.38       |
|    explained_variance | 0.00495     |
|    learning_rate      | 0.0002      |
|    n_updates          | 4999        |
|    policy_loss        | 0.00352     |
|    reward             | 0.003003003 |
|    std                | 2.16        |
|    value_loss         | 7.71e-07    |
---------------------------------------
----------------------------------------
| time/                 |              |
|    fps                | 189          |
|    iterations         | 5100         |
|    time_elapsed       | 134          |
|    total_timesteps    | 25500        |
| train/                |              |
|    entropy_loss       | -4.41        |
|    explained_variance | 0            |
|    learning_rate      | 0.0002       |
|    n_updates          | 5099         |
|    policy_loss        | 5.64e-05     |
|    reward             | 0.0012004802 |
|    std                | 2.2          |
|    value_loss         | 2.86e-10     |
----------------------------------------
EPISODE:  27
----------------------------------------
| time/                 |              |
|    fps                | 189          |
|    iterations         | 5200         |
|    time_elapsed       | 137          |
|    total_timesteps    | 26000        |
| train/                |              |
|    entropy_loss       | -4.45        |
|    explained_variance | -0.000798    |
|    learning_rate      | 0.0002       |
|    n_updates          | 5199         |
|    policy_loss        | -0.00205     |
|    reward             | 0.0029239766 |
|    std                | 2.23         |
|    value_loss         | 3.34e-07     |
----------------------------------------
----------------------------------------
| time/                 |              |
|    fps                | 189          |
|    iterations         | 5300         |
|    time_elapsed       | 139          |
|    total_timesteps    | 26500        |
| train/                |              |
|    entropy_loss       | -4.48        |
|    explained_variance | 0            |
|    learning_rate      | 0.0002       |
|    n_updates          | 5299         |
|    policy_loss        | 0.00102      |
|    reward             | 0.0011876485 |
|    std                | 2.27         |
|    value_loss         | 3.59e-08     |
----------------------------------------
EPISODE:  28
----------------------------------------
| time/                 |              |
|    fps                | 189          |
|    iterations         | 5400         |
|    time_elapsed       | 142          |
|    total_timesteps    | 27000        |
| train/                |              |
|    entropy_loss       | -4.51        |
|    explained_variance | 7.6e-05      |
|    learning_rate      | 0.0002       |
|    n_updates          | 5399         |
|    policy_loss        | -0.00191     |
|    reward             | 0.0028490028 |
|    std                | 2.3          |
|    value_loss         | 2.86e-07     |
----------------------------------------
----------------------------------------
| time/                 |              |
|    fps                | 189          |
|    iterations         | 5500         |
|    time_elapsed       | 145          |
|    total_timesteps    | 27500        |
| train/                |              |
|    entropy_loss       | -4.54        |
|    explained_variance | 0            |
|    learning_rate      | 0.0002       |
|    n_updates          | 5499         |
|    policy_loss        | 0.000452     |
|    reward             | 0.0011750881 |
|    std                | 2.34         |
|    value_loss         | 1.29e-08     |
----------------------------------------
EPISODE:  29
----------------------------------------
| time/                 |              |
|    fps                | 189          |
|    iterations         | 5600         |
|    time_elapsed       | 147          |
|    total_timesteps    | 28000        |
| train/                |              |
|    entropy_loss       | -4.57        |
|    explained_variance | 0.168        |
|    learning_rate      | 0.0002       |
|    n_updates          | 5599         |
|    policy_loss        | -0.00227     |
|    reward             | 0.0027777778 |
|    std                | 2.38         |
|    value_loss         | 3.27e-07     |
----------------------------------------
----------------------------------------
| time/                 |              |
|    fps                | 189          |
|    iterations         | 5700         |
|    time_elapsed       | 150          |
|    total_timesteps    | 28500        |
| train/                |              |
|    entropy_loss       | -4.61        |
|    explained_variance | 0.789        |
|    learning_rate      | 0.0002       |
|    n_updates          | 5699         |
|    policy_loss        | -1.11e-05    |
|    reward             | 0.0011627907 |
|    std                | 2.43         |
|    value_loss         | 9.7e-12      |
----------------------------------------
EPISODE:  30
----------------------------------------
| time/                 |              |
|    fps                | 189          |
|    iterations         | 5800         |
|    time_elapsed       | 153          |
|    total_timesteps    | 29000        |
| train/                |              |
|    entropy_loss       | -4.64        |
|    explained_variance | -0.000169    |
|    learning_rate      | 0.0002       |
|    n_updates          | 5799         |
|    policy_loss        | -0.0287      |
|    reward             | 0.0027100272 |
|    std                | 2.46         |
|    value_loss         | 3.35e-05     |
----------------------------------------
---------------------------------------
| time/                 |             |
|    fps                | 189         |
|    iterations         | 5900        |
|    time_elapsed       | 155         |
|    total_timesteps    | 29500       |
| train/                |             |
|    entropy_loss       | -4.68       |
|    explained_variance | 0.0136      |
|    learning_rate      | 0.0002      |
|    n_updates          | 5899        |
|    policy_loss        | -0.0114     |
|    reward             | 0.001150748 |
|    std                | 2.51        |
|    value_loss         | 5.5e-06     |
---------------------------------------
EPISODE:  31
----------------------------------------
| time/                 |              |
|    fps                | 189          |
|    iterations         | 6000         |
|    time_elapsed       | 158          |
|    total_timesteps    | 30000        |
| train/                |              |
|    entropy_loss       | -4.71        |
|    explained_variance | -0.000502    |
|    learning_rate      | 0.0002       |
|    n_updates          | 5999         |
|    policy_loss        | -0.0106      |
|    reward             | 0.0026455026 |
|    std                | 2.55         |
|    value_loss         | 7.36e-06     |
----------------------------------------
----------------------------------------
| time/                 |              |
|    fps                | 189          |
|    iterations         | 6100         |
|    time_elapsed       | 161          |
|    total_timesteps    | 30500        |
| train/                |              |
|    entropy_loss       | -4.74        |
|    explained_variance | 1.19e-07     |
|    learning_rate      | 0.0002       |
|    n_updates          | 6099         |
|    policy_loss        | 0.000735     |
|    reward             | 0.0011389522 |
|    std                | 2.59         |
|    value_loss         | 3.26e-08     |
----------------------------------------
EPISODE:  32
----------------------------------------
| time/                 |              |
|    fps                | 189          |
|    iterations         | 6200         |
|    time_elapsed       | 163          |
|    total_timesteps    | 31000        |
| train/                |              |
|    entropy_loss       | -4.78        |
|    explained_variance | 0.00493      |
|    learning_rate      | 0.0002       |
|    n_updates          | 6199         |
|    policy_loss        | -0.000175    |
|    reward             | 0.0025839794 |
|    std                | 2.64         |
|    value_loss         | 1.85e-09     |
----------------------------------------
----------------------------------------
| time/                 |              |
|    fps                | 189          |
|    iterations         | 6300         |
|    time_elapsed       | 166          |
|    total_timesteps    | 31500        |
| train/                |              |
|    entropy_loss       | -4.81        |
|    explained_variance | -1.19e-07    |
|    learning_rate      | 0.0002       |
|    n_updates          | 6299         |
|    policy_loss        | -0.000242    |
|    reward             | 0.0011273957 |
|    std                | 2.69         |
|    value_loss         | 2.85e-09     |
----------------------------------------
EPISODE:  33
----------------------------------------
| time/                 |              |
|    fps                | 189          |
|    iterations         | 6400         |
|    time_elapsed       | 169          |
|    total_timesteps    | 32000        |
| train/                |              |
|    entropy_loss       | -4.85        |
|    explained_variance | 9.57e-05     |
|    learning_rate      | 0.0002       |
|    n_updates          | 6399         |
|    policy_loss        | 0.00425      |
|    reward             | 0.0025252525 |
|    std                | 2.74         |
|    value_loss         | 8.53e-07     |
----------------------------------------
----------------------------------------
| time/                 |              |
|    fps                | 189          |
|    iterations         | 6500         |
|    time_elapsed       | 171          |
|    total_timesteps    | 32500        |
| train/                |              |
|    entropy_loss       | -4.89        |
|    explained_variance | 0            |
|    learning_rate      | 0.0002       |
|    n_updates          | 6499         |
|    policy_loss        | -0.00018     |
|    reward             | 0.0011160715 |
|    std                | 2.79         |
|    value_loss         | 1.65e-09     |
----------------------------------------
EPISODE:  34
---------------------------------------
| time/                 |             |
|    fps                | 189         |
|    iterations         | 6600        |
|    time_elapsed       | 174         |
|    total_timesteps    | 33000       |
| train/                |             |
|    entropy_loss       | -4.92       |
|    explained_variance | -5.96e-07   |
|    learning_rate      | 0.0002      |
|    n_updates          | 6599        |
|    policy_loss        | -0.00674    |
|    reward             | 0.002469136 |
|    std                | 2.84        |
|    value_loss         | 5.29e-06    |
---------------------------------------
----------------------------------------
| time/                 |              |
|    fps                | 189          |
|    iterations         | 6700         |
|    time_elapsed       | 177          |
|    total_timesteps    | 33500        |
| train/                |              |
|    entropy_loss       | -4.96        |
|    explained_variance | 0            |
|    learning_rate      | 0.0002       |
|    n_updates          | 6699         |
|    policy_loss        | 0.00222      |
|    reward             | 0.0011049723 |
|    std                | 2.88         |
|    value_loss         | 2.18e-07     |
----------------------------------------
EPISODE:  35
---------------------------------------
| time/                 |             |
|    fps                | 188         |
|    iterations         | 6800        |
|    time_elapsed       | 179         |
|    total_timesteps    | 34000       |
| train/                |             |
|    entropy_loss       | -4.98       |
|    explained_variance | 5.96e-08    |
|    learning_rate      | 0.0002      |
|    n_updates          | 6799        |
|    policy_loss        | 0.000278    |
|    reward             | 0.002415459 |
|    std                | 2.92        |
|    value_loss         | 5.09e-09    |
---------------------------------------
----------------------------------------
| time/                 |              |
|    fps                | 189          |
|    iterations         | 6900         |
|    time_elapsed       | 182          |
|    total_timesteps    | 34500        |
| train/                |              |
|    entropy_loss       | -5.01        |
|    explained_variance | -1.19e-07    |
|    learning_rate      | 0.0002       |
|    n_updates          | 6899         |
|    policy_loss        | -0.000266    |
|    reward             | 0.0010940919 |
|    std                | 2.97         |
|    value_loss         | 3.81e-09     |
----------------------------------------
EPISODE:  36
----------------------------------------
| time/                 |              |
|    fps                | 189          |
|    iterations         | 7000         |
|    time_elapsed       | 185          |
|    total_timesteps    | 35000        |
| train/                |              |
|    entropy_loss       | -5.04        |
|    explained_variance | 0            |
|    learning_rate      | 0.0002       |
|    n_updates          | 6999         |
|    policy_loss        | 0.00126      |
|    reward             | 0.0023640662 |
|    std                | 3.01         |
|    value_loss         | 7.61e-08     |
----------------------------------------
----------------------------------------
| time/                 |              |
|    fps                | 189          |
|    iterations         | 7100         |
|    time_elapsed       | 187          |
|    total_timesteps    | 35500        |
| train/                |              |
|    entropy_loss       | -5.07        |
|    explained_variance | 0            |
|    learning_rate      | 0.0002       |
|    n_updates          | 7099         |
|    policy_loss        | -0.000348    |
|    reward             | 0.0010834236 |
|    std                | 3.06         |
|    value_loss         | 5.64e-09     |
----------------------------------------
EPISODE:  37
----------------------------------------
| time/                 |              |
|    fps                | 189          |
|    iterations         | 7200         |
|    time_elapsed       | 190          |
|    total_timesteps    | 36000        |
| train/                |              |
|    entropy_loss       | -5.1         |
|    explained_variance | 0            |
|    learning_rate      | 0.0002       |
|    n_updates          | 7199         |
|    policy_loss        | 0.00206      |
|    reward             | 0.0023148148 |
|    std                | 3.1          |
|    value_loss         | 1.82e-07     |
----------------------------------------
-----------------------------------------
| time/                 |               |
|    fps                | 189           |
|    iterations         | 7300          |
|    time_elapsed       | 192           |
|    total_timesteps    | 36500         |
| train/                |               |
|    entropy_loss       | -5.14         |
|    explained_variance | 1.19e-07      |
|    learning_rate      | 0.0002        |
|    n_updates          | 7299          |
|    policy_loss        | -0.000247     |
|    reward             | -0.0010729614 |
|    std                | 3.16          |
|    value_loss         | 2.52e-09      |
-----------------------------------------
EPISODE:  38
----------------------------------------
| time/                 |              |
|    fps                | 189          |
|    iterations         | 7400         |
|    time_elapsed       | 195          |
|    total_timesteps    | 37000        |
| train/                |              |
|    entropy_loss       | -5.17        |
|    explained_variance | 1.19e-07     |
|    learning_rate      | 0.0002       |
|    n_updates          | 7399         |
|    policy_loss        | -0.011       |
|    reward             | 0.0022675737 |
|    std                | 3.21         |
|    value_loss         | 7.87e-06     |
----------------------------------------
----------------------------------------
| time/                 |              |
|    fps                | 189          |
|    iterations         | 7500         |
|    time_elapsed       | 198          |
|    total_timesteps    | 37500        |
| train/                |              |
|    entropy_loss       | -5.2         |
|    explained_variance | 0            |
|    learning_rate      | 0.0002       |
|    n_updates          | 7499         |
|    policy_loss        | -0.000152    |
|    reward             | 0.0010626992 |
|    std                | 3.26         |
|    value_loss         | 1.28e-09     |
----------------------------------------
EPISODE:  39
----------------------------------------
| time/                 |              |
|    fps                | 189          |
|    iterations         | 7600         |
|    time_elapsed       | 200          |
|    total_timesteps    | 38000        |
| train/                |              |
|    entropy_loss       | -5.23        |
|    explained_variance | -1.19e-07    |
|    learning_rate      | 0.0002       |
|    n_updates          | 7599         |
|    policy_loss        | -0.0161      |
|    reward             | 0.0022222223 |
|    std                | 3.3          |
|    value_loss         | 1.33e-05     |
----------------------------------------
----------------------------------------
| time/                 |              |
|    fps                | 189          |
|    iterations         | 7700         |
|    time_elapsed       | 203          |
|    total_timesteps    | 38500        |
| train/                |              |
|    entropy_loss       | -5.26        |
|    explained_variance | 0            |
|    learning_rate      | 0.0002       |
|    n_updates          | 7699         |
|    policy_loss        | 0.000262     |
|    reward             | 0.0010526315 |
|    std                | 3.35         |
|    value_loss         | 3.21e-09     |
----------------------------------------
EPISODE:  40
----------------------------------------
| time/                 |              |
|    fps                | 188          |
|    iterations         | 7800         |
|    time_elapsed       | 207          |
|    total_timesteps    | 39000        |
| train/                |              |
|    entropy_loss       | -5.29        |
|    explained_variance | 0            |
|    learning_rate      | 0.0002       |
|    n_updates          | 7799         |
|    policy_loss        | -0.0026      |
|    reward             | 0.0021786492 |
|    std                | 3.4          |
|    value_loss         | 3.13e-07     |
----------------------------------------
----------------------------------------
| time/                 |              |
|    fps                | 187          |
|    iterations         | 7900         |
|    time_elapsed       | 210          |
|    total_timesteps    | 39500        |
| train/                |              |
|    entropy_loss       | -5.32        |
|    explained_variance | 1.79e-07     |
|    learning_rate      | 0.0002       |
|    n_updates          | 7899         |
|    policy_loss        | 0.00402      |
|    reward             | 0.0010427529 |
|    std                | 3.46         |
|    value_loss         | 7.69e-07     |
----------------------------------------
EPISODE:  41
----------------------------------------
| time/                 |              |
|    fps                | 187          |
|    iterations         | 8000         |
|    time_elapsed       | 213          |
|    total_timesteps    | 40000        |
| train/                |              |
|    entropy_loss       | -5.35        |
|    explained_variance | 0            |
|    learning_rate      | 0.0002       |
|    n_updates          | 7999         |
|    policy_loss        | -0.00238     |
|    reward             | 0.0021367522 |
|    std                | 3.51         |
|    value_loss         | 2.57e-07     |
----------------------------------------
----------------------------------------
| time/                 |              |
|    fps                | 187          |
|    iterations         | 8100         |
|    time_elapsed       | 216          |
|    total_timesteps    | 40500        |
| train/                |              |
|    entropy_loss       | -5.38        |
|    explained_variance | 0            |
|    learning_rate      | 0.0002       |
|    n_updates          | 8099         |
|    policy_loss        | 0.000184     |
|    reward             | 0.0010330578 |
|    std                | 3.57         |
|    value_loss         | 1.16e-09     |
----------------------------------------
EPISODE:  42
---------------------------------------
| time/                 |             |
|    fps                | 186         |
|    iterations         | 8200        |
|    time_elapsed       | 219         |
|    total_timesteps    | 41000       |
| train/                |             |
|    entropy_loss       | -5.41       |
|    explained_variance | 0           |
|    learning_rate      | 0.0002      |
|    n_updates          | 8199        |
|    policy_loss        | -0.00815    |
|    reward             | 0.002096436 |
|    std                | 3.62        |
|    value_loss         | 5.8e-06     |
---------------------------------------
----------------------------------------
| time/                 |              |
|    fps                | 186          |
|    iterations         | 8300         |
|    time_elapsed       | 222          |
|    total_timesteps    | 41500        |
| train/                |              |
|    entropy_loss       | -5.44        |
|    explained_variance | 0            |
|    learning_rate      | 0.0002       |
|    n_updates          | 8299         |
|    policy_loss        | 0.0005       |
|    reward             | 0.0010235414 |
|    std                | 3.68         |
|    value_loss         | 8.9e-09      |
----------------------------------------
EPISODE:  43
---------------------------------------
| time/                 |             |
|    fps                | 186         |
|    iterations         | 8400        |
|    time_elapsed       | 225         |
|    total_timesteps    | 42000       |
| train/                |             |
|    entropy_loss       | -5.48       |
|    explained_variance | 0           |
|    learning_rate      | 0.0002      |
|    n_updates          | 8399        |
|    policy_loss        | -0.0214     |
|    reward             | 0.002057613 |
|    std                | 3.74        |
|    value_loss         | 1.56e-05    |
---------------------------------------
----------------------------------------
| time/                 |              |
|    fps                | 186          |
|    iterations         | 8500         |
|    time_elapsed       | 228          |
|    total_timesteps    | 42500        |
| train/                |              |
|    entropy_loss       | -5.51        |
|    explained_variance | 0            |
|    learning_rate      | 0.0002       |
|    n_updates          | 8499         |
|    policy_loss        | 0.00175      |
|    reward             | 0.0010141988 |
|    std                | 3.81         |
|    value_loss         | 1.57e-07     |
----------------------------------------
EPISODE:  44
---------------------------------------
| time/                 |             |
|    fps                | 185         |
|    iterations         | 8600        |
|    time_elapsed       | 231         |
|    total_timesteps    | 43000       |
| train/                |             |
|    entropy_loss       | -5.55       |
|    explained_variance | -1.19e-07   |
|    learning_rate      | 0.0002      |
|    n_updates          | 8599        |
|    policy_loss        | 0.00437     |
|    reward             | 0.002020202 |
|    std                | 3.87        |
|    value_loss         | 7.53e-07    |
---------------------------------------
----------------------------------------
| time/                 |              |
|    fps                | 184          |
|    iterations         | 8700         |
|    time_elapsed       | 235          |
|    total_timesteps    | 43500        |
| train/                |              |
|    entropy_loss       | -5.58        |
|    explained_variance | 1.79e-07     |
|    learning_rate      | 0.0002       |
|    n_updates          | 8699         |
|    policy_loss        | 0.000289     |
|    reward             | 0.0010050251 |
|    std                | 3.94         |
|    value_loss         | 3.38e-09     |
----------------------------------------
EPISODE:  45
---------------------------------------
| time/                 |             |
|    fps                | 184         |
|    iterations         | 8800        |
|    time_elapsed       | 238         |
|    total_timesteps    | 44000       |
| train/                |             |
|    entropy_loss       | -5.61       |
|    explained_variance | 0           |
|    learning_rate      | 0.0002      |
|    n_updates          | 8799        |
|    policy_loss        | -0.0169     |
|    reward             | 0.001984127 |
|    std                | 4           |
|    value_loss         | 8.78e-06    |
---------------------------------------
---------------------------------------
| time/                 |             |
|    fps                | 184         |
|    iterations         | 8900        |
|    time_elapsed       | 241         |
|    total_timesteps    | 44500       |
| train/                |             |
|    entropy_loss       | -5.65       |
|    explained_variance | 0           |
|    learning_rate      | 0.0002      |
|    n_updates          | 8899        |
|    policy_loss        | 0.000721    |
|    reward             | 0.000996016 |
|    std                | 4.08        |
|    value_loss         | 2.12e-08    |
---------------------------------------
EPISODE:  46
----------------------------------------
| time/                 |              |
|    fps                | 184          |
|    iterations         | 9000         |
|    time_elapsed       | 244          |
|    total_timesteps    | 45000        |
| train/                |              |
|    entropy_loss       | -5.68        |
|    explained_variance | 0            |
|    learning_rate      | 0.0002       |
|    n_updates          | 8999         |
|    policy_loss        | -0.000996    |
|    reward             | 0.0019493178 |
|    std                | 4.14         |
|    value_loss         | 4.44e-08     |
----------------------------------------
----------------------------------------
| time/                 |              |
|    fps                | 183          |
|    iterations         | 9100         |
|    time_elapsed       | 247          |
|    total_timesteps    | 45500        |
| train/                |              |
|    entropy_loss       | -5.71        |
|    explained_variance | 1.19e-07     |
|    learning_rate      | 0.0002       |
|    n_updates          | 9099         |
|    policy_loss        | -0.0095      |
|    reward             | 0.0009871669 |
|    std                | 4.21         |
|    value_loss         | 2.23e-06     |
----------------------------------------
EPISODE:  47
----------------------------------------
| time/                 |              |
|    fps                | 183          |
|    iterations         | 9200         |
|    time_elapsed       | 250          |
|    total_timesteps    | 46000        |
| train/                |              |
|    entropy_loss       | -5.75        |
|    explained_variance | 0            |
|    learning_rate      | 0.0002       |
|    n_updates          | 9199         |
|    policy_loss        | -0.0012      |
|    reward             | 0.0019157088 |
|    std                | 4.29         |
|    value_loss         | 5.78e-08     |
----------------------------------------
----------------------------------------
| time/                 |              |
|    fps                | 183          |
|    iterations         | 9300         |
|    time_elapsed       | 253          |
|    total_timesteps    | 46500        |
| train/                |              |
|    entropy_loss       | -5.78        |
|    explained_variance | 1.49e-06     |
|    learning_rate      | 0.0002       |
|    n_updates          | 9299         |
|    policy_loss        | -1.04e-05    |
|    reward             | 0.0009784736 |
|    std                | 4.37         |
|    value_loss         | 3.93e-12     |
----------------------------------------
EPISODE:  48
----------------------------------------
| time/                 |              |
|    fps                | 183          |
|    iterations         | 9400         |
|    time_elapsed       | 255          |
|    total_timesteps    | 47000        |
| train/                |              |
|    entropy_loss       | -5.81        |
|    explained_variance | 2.38e-07     |
|    learning_rate      | 0.0002       |
|    n_updates          | 9399         |
|    policy_loss        | 8.29e-05     |
|    reward             | 0.0018832391 |
|    std                | 4.43         |
|    value_loss         | 4.42e-10     |
----------------------------------------
----------------------------------------
| time/                 |              |
|    fps                | 183          |
|    iterations         | 9500         |
|    time_elapsed       | 258          |
|    total_timesteps    | 47500        |
| train/                |              |
|    entropy_loss       | -5.85        |
|    explained_variance | 0            |
|    learning_rate      | 0.0002       |
|    n_updates          | 9499         |
|    policy_loss        | -0.0104      |
|    reward             | 0.0009699321 |
|    std                | 4.51         |
|    value_loss         | 2.3e-06      |
----------------------------------------
EPISODE:  49
----------------------------------------
| time/                 |              |
|    fps                | 183          |
|    iterations         | 9600         |
|    time_elapsed       | 261          |
|    total_timesteps    | 48000        |
| train/                |              |
|    entropy_loss       | -5.88        |
|    explained_variance | -1.19e-07    |
|    learning_rate      | 0.0002       |
|    n_updates          | 9599         |
|    policy_loss        | 0.00105      |
|    reward             | 0.0018518518 |
|    std                | 4.58         |
|    value_loss         | 4.06e-08     |
----------------------------------------
-----------------------------------------
| time/                 |               |
|    fps                | 183           |
|    iterations         | 9700          |
|    time_elapsed       | 264           |
|    total_timesteps    | 48500         |
| train/                |               |
|    entropy_loss       | -5.91         |
|    explained_variance | 0             |
|    learning_rate      | 0.0002        |
|    n_updates          | 9699          |
|    policy_loss        | 0.00239       |
|    reward             | 0.00096153846 |
|    std                | 4.65          |
|    value_loss         | 1.87e-07      |
-----------------------------------------
EPISODE:  50
----------------------------------------
| time/                 |              |
|    fps                | 183          |
|    iterations         | 9800         |
|    time_elapsed       | 267          |
|    total_timesteps    | 49000        |
| train/                |              |
|    entropy_loss       | -5.94        |
|    explained_variance | 9.54e-07     |
|    learning_rate      | 0.0002       |
|    n_updates          | 9799         |
|    policy_loss        | -6.83e-05    |
|    reward             | 0.0018214936 |
|    std                | 4.72         |
|    value_loss         | 1.39e-10     |
----------------------------------------
-----------------------------------------
| time/                 |               |
|    fps                | 183           |
|    iterations         | 9900          |
|    time_elapsed       | 269           |
|    total_timesteps    | 49500         |
| train/                |               |
|    entropy_loss       | -5.98         |
|    explained_variance | 3.87e-06      |
|    learning_rate      | 0.0002        |
|    n_updates          | 9899          |
|    policy_loss        | -3.9e-05      |
|    reward             | 0.00095328887 |
|    std                | 4.81          |
|    value_loss         | 3.91e-11      |
-----------------------------------------
EPISODE:  51
----------------------------------------
| time/                 |              |
|    fps                | 183          |
|    iterations         | 10000        |
|    time_elapsed       | 272          |
|    total_timesteps    | 50000        |
| train/                |              |
|    entropy_loss       | -6.01        |
|    explained_variance | 0            |
|    learning_rate      | 0.0002       |
|    n_updates          | 9999         |
|    policy_loss        | -0.00191     |
|    reward             | 0.0017921147 |
|    std                | 4.89         |
|    value_loss         | 1.1e-07      |
----------------------------------------
Saved episode log to Results\250619_hc_binary_udp\a2c\upward\training_logs\09.csv
