EPISODE:  0
{'n_steps': 5, 'ent_coef': 0.005, 'learning_rate': 0.0002}
Using cpu device
EPISODE:  1
---------------------------------------
| time/                 |             |
|    fps                | 162         |
|    iterations         | 100         |
|    time_elapsed       | 3           |
|    total_timesteps    | 500         |
| train/                |             |
|    entropy_loss       | -2.85       |
|    explained_variance | 0           |
|    learning_rate      | 0.0002      |
|    n_updates          | 99          |
|    policy_loss        | -0.0362     |
|    reward             | 0.028225135 |
|    std                | 1.01        |
|    value_loss         | 0.0053      |
---------------------------------------
EPISODE:  2
---------------------------------------
| time/                 |             |
|    fps                | 158         |
|    iterations         | 200         |
|    time_elapsed       | 6           |
|    total_timesteps    | 1000        |
| train/                |             |
|    entropy_loss       | -2.86       |
|    explained_variance | -0.598      |
|    learning_rate      | 0.0002      |
|    n_updates          | 199         |
|    policy_loss        | 0.073       |
|    reward             | 0.014096981 |
|    std                | 1.01        |
|    value_loss         | 0.00696     |
---------------------------------------
---------------------------------------
| time/                 |             |
|    fps                | 158         |
|    iterations         | 300         |
|    time_elapsed       | 9           |
|    total_timesteps    | 1500        |
| train/                |             |
|    entropy_loss       | -2.87       |
|    explained_variance | -0.102      |
|    learning_rate      | 0.0002      |
|    n_updates          | 299         |
|    policy_loss        | -0.0689     |
|    reward             | 0.033457603 |
|    std                | 1.02        |
|    value_loss         | 0.00118     |
---------------------------------------
EPISODE:  3
---------------------------------------
| time/                 |             |
|    fps                | 161         |
|    iterations         | 400         |
|    time_elapsed       | 12          |
|    total_timesteps    | 2000        |
| train/                |             |
|    entropy_loss       | -2.88       |
|    explained_variance | -0.0282     |
|    learning_rate      | 0.0002      |
|    n_updates          | 399         |
|    policy_loss        | -0.305      |
|    reward             | 0.039001457 |
|    std                | 1.02        |
|    value_loss         | 0.0136      |
---------------------------------------
----------------------------------------
| time/                 |              |
|    fps                | 163          |
|    iterations         | 500          |
|    time_elapsed       | 15           |
|    total_timesteps    | 2500         |
| train/                |              |
|    entropy_loss       | -2.89        |
|    explained_variance | 0.505        |
|    learning_rate      | 0.0002       |
|    n_updates          | 499          |
|    policy_loss        | 0.0345       |
|    reward             | -0.011488255 |
|    std                | 1.03         |
|    value_loss         | 0.000687     |
----------------------------------------
EPISODE:  4
--------------------------------------
| time/                 |            |
|    fps                | 164        |
|    iterations         | 600        |
|    time_elapsed       | 18         |
|    total_timesteps    | 3000       |
| train/                |            |
|    entropy_loss       | -2.9       |
|    explained_variance | -1.43e-06  |
|    learning_rate      | 0.0002     |
|    n_updates          | 599        |
|    policy_loss        | 0.0875     |
|    reward             | -0.0369963 |
|    std                | 1.03       |
|    value_loss         | 0.00148    |
--------------------------------------
----------------------------------------
| time/                 |              |
|    fps                | 164          |
|    iterations         | 700          |
|    time_elapsed       | 21           |
|    total_timesteps    | 3500         |
| train/                |              |
|    entropy_loss       | -2.9         |
|    explained_variance | -1.07        |
|    learning_rate      | 0.0002       |
|    n_updates          | 699          |
|    policy_loss        | 0.00855      |
|    reward             | -0.016853955 |
|    std                | 1.03         |
|    value_loss         | 0.000812     |
----------------------------------------
EPISODE:  5
---------------------------------------
| time/                 |             |
|    fps                | 165         |
|    iterations         | 800         |
|    time_elapsed       | 24          |
|    total_timesteps    | 4000        |
| train/                |             |
|    entropy_loss       | -2.91       |
|    explained_variance | 0           |
|    learning_rate      | 0.0002      |
|    n_updates          | 799         |
|    policy_loss        | -0.244      |
|    reward             | 0.008904215 |
|    std                | 1.04        |
|    value_loss         | 0.0042      |
---------------------------------------
--------------------------------------
| time/                 |            |
|    fps                | 165        |
|    iterations         | 900        |
|    time_elapsed       | 27         |
|    total_timesteps    | 4500       |
| train/                |            |
|    entropy_loss       | -2.91      |
|    explained_variance | 0          |
|    learning_rate      | 0.0002     |
|    n_updates          | 899        |
|    policy_loss        | -0.0209    |
|    reward             | 0.06308925 |
|    std                | 1.04       |
|    value_loss         | 0.000475   |
--------------------------------------
EPISODE:  6
----------------------------------------
| time/                 |              |
|    fps                | 167          |
|    iterations         | 1000         |
|    time_elapsed       | 29           |
|    total_timesteps    | 5000         |
| train/                |              |
|    entropy_loss       | -2.92        |
|    explained_variance | 0.611        |
|    learning_rate      | 0.0002       |
|    n_updates          | 999          |
|    policy_loss        | 0.0579       |
|    reward             | -0.023434259 |
|    std                | 1.04         |
|    value_loss         | 0.000868     |
----------------------------------------
---------------------------------------
| time/                 |             |
|    fps                | 167         |
|    iterations         | 1100        |
|    time_elapsed       | 32          |
|    total_timesteps    | 5500        |
| train/                |             |
|    entropy_loss       | -2.93       |
|    explained_variance | 0.0377      |
|    learning_rate      | 0.0002      |
|    n_updates          | 1099        |
|    policy_loss        | 0.143       |
|    reward             | 0.011450192 |
|    std                | 1.05        |
|    value_loss         | 0.00365     |
---------------------------------------
EPISODE:  7
-------------------------------------
| time/                 |           |
|    fps                | 167       |
|    iterations         | 1200      |
|    time_elapsed       | 35        |
|    total_timesteps    | 6000      |
| train/                |           |
|    entropy_loss       | -2.94     |
|    explained_variance | 1.37e-05  |
|    learning_rate      | 0.0002    |
|    n_updates          | 1199      |
|    policy_loss        | 0.072     |
|    reward             | 0.0323439 |
|    std                | 1.05      |
|    value_loss         | 0.00094   |
-------------------------------------
---------------------------------------
| time/                 |             |
|    fps                | 166         |
|    iterations         | 1300        |
|    time_elapsed       | 38          |
|    total_timesteps    | 6500        |
| train/                |             |
|    entropy_loss       | -2.95       |
|    explained_variance | -1.19e-07   |
|    learning_rate      | 0.0002      |
|    n_updates          | 1299        |
|    policy_loss        | 0.00369     |
|    reward             | -0.03303992 |
|    std                | 1.06        |
|    value_loss         | 4.05e-05    |
---------------------------------------
EPISODE:  8
----------------------------------------
| time/                 |              |
|    fps                | 167          |
|    iterations         | 1400         |
|    time_elapsed       | 41           |
|    total_timesteps    | 7000         |
| train/                |              |
|    entropy_loss       | -2.96        |
|    explained_variance | 0.689        |
|    learning_rate      | 0.0002       |
|    n_updates          | 1399         |
|    policy_loss        | -0.132       |
|    reward             | -0.018943844 |
|    std                | 1.06         |
|    value_loss         | 0.00234      |
----------------------------------------
----------------------------------------
| time/                 |              |
|    fps                | 168          |
|    iterations         | 1500         |
|    time_elapsed       | 44           |
|    total_timesteps    | 7500         |
| train/                |              |
|    entropy_loss       | -2.96        |
|    explained_variance | 0.000892     |
|    learning_rate      | 0.0002       |
|    n_updates          | 1499         |
|    policy_loss        | -0.0562      |
|    reward             | -0.023691189 |
|    std                | 1.06         |
|    value_loss         | 0.00133      |
----------------------------------------
EPISODE:  9
---------------------------------------
| time/                 |             |
|    fps                | 169         |
|    iterations         | 1600        |
|    time_elapsed       | 47          |
|    total_timesteps    | 8000        |
| train/                |             |
|    entropy_loss       | -2.97       |
|    explained_variance | 0           |
|    learning_rate      | 0.0002      |
|    n_updates          | 1599        |
|    policy_loss        | 0.0952      |
|    reward             | -0.05294735 |
|    std                | 1.07        |
|    value_loss         | 0.00405     |
---------------------------------------
---------------------------------------
| time/                 |             |
|    fps                | 169         |
|    iterations         | 1700        |
|    time_elapsed       | 50          |
|    total_timesteps    | 8500        |
| train/                |             |
|    entropy_loss       | -2.98       |
|    explained_variance | 0           |
|    learning_rate      | 0.0002      |
|    n_updates          | 1699        |
|    policy_loss        | 0.336       |
|    reward             | 0.009124109 |
|    std                | 1.07        |
|    value_loss         | 0.0124      |
---------------------------------------
EPISODE:  10
---------------------------------------
| time/                 |             |
|    fps                | 170         |
|    iterations         | 1800        |
|    time_elapsed       | 52          |
|    total_timesteps    | 9000        |
| train/                |             |
|    entropy_loss       | -2.99       |
|    explained_variance | 1.79e-07    |
|    learning_rate      | 0.0002      |
|    n_updates          | 1799        |
|    policy_loss        | 0.0309      |
|    reward             | 0.030744158 |
|    std                | 1.08        |
|    value_loss         | 0.000914    |
---------------------------------------
----------------------------------------
| time/                 |              |
|    fps                | 171          |
|    iterations         | 1900         |
|    time_elapsed       | 55           |
|    total_timesteps    | 9500         |
| train/                |              |
|    entropy_loss       | -2.99        |
|    explained_variance | -1.19e-07    |
|    learning_rate      | 0.0002       |
|    n_updates          | 1899         |
|    policy_loss        | 0.144        |
|    reward             | -0.018711476 |
|    std                | 1.08         |
|    value_loss         | 0.003        |
----------------------------------------
EPISODE:  11
----------------------------------------
| time/                 |              |
|    fps                | 171          |
|    iterations         | 2000         |
|    time_elapsed       | 58           |
|    total_timesteps    | 10000        |
| train/                |              |
|    entropy_loss       | -3           |
|    explained_variance | 0.000123     |
|    learning_rate      | 0.0002       |
|    n_updates          | 1999         |
|    policy_loss        | -0.135       |
|    reward             | -0.011071042 |
|    std                | 1.08         |
|    value_loss         | 0.00316      |
----------------------------------------
----------------------------------------
| time/                 |              |
|    fps                | 172          |
|    iterations         | 2100         |
|    time_elapsed       | 61           |
|    total_timesteps    | 10500        |
| train/                |              |
|    entropy_loss       | -3.01        |
|    explained_variance | 0.000149     |
|    learning_rate      | 0.0002       |
|    n_updates          | 2099         |
|    policy_loss        | -0.132       |
|    reward             | -0.008652539 |
|    std                | 1.09         |
|    value_loss         | 0.00271      |
----------------------------------------
EPISODE:  12
--------------------------------------
| time/                 |            |
|    fps                | 172        |
|    iterations         | 2200       |
|    time_elapsed       | 63         |
|    total_timesteps    | 11000      |
| train/                |            |
|    entropy_loss       | -3.02      |
|    explained_variance | -0.509     |
|    learning_rate      | 0.0002     |
|    n_updates          | 2199       |
|    policy_loss        | 0.0743     |
|    reward             | 0.04779614 |
|    std                | 1.09       |
|    value_loss         | 0.00109    |
--------------------------------------
---------------------------------------
| time/                 |             |
|    fps                | 172         |
|    iterations         | 2300        |
|    time_elapsed       | 66          |
|    total_timesteps    | 11500       |
| train/                |             |
|    entropy_loss       | -3.02       |
|    explained_variance | 0.593       |
|    learning_rate      | 0.0002      |
|    n_updates          | 2299        |
|    policy_loss        | -0.14       |
|    reward             | 0.024153782 |
|    std                | 1.1         |
|    value_loss         | 0.00263     |
---------------------------------------
EPISODE:  13
----------------------------------------
| time/                 |              |
|    fps                | 172          |
|    iterations         | 2400         |
|    time_elapsed       | 69           |
|    total_timesteps    | 12000        |
| train/                |              |
|    entropy_loss       | -3.03        |
|    explained_variance | 0.399        |
|    learning_rate      | 0.0002       |
|    n_updates          | 2399         |
|    policy_loss        | 0.132        |
|    reward             | 0.0066578276 |
|    std                | 1.1          |
|    value_loss         | 0.00325      |
----------------------------------------
-------------------------------------
| time/                 |           |
|    fps                | 172       |
|    iterations         | 2500      |
|    time_elapsed       | 72        |
|    total_timesteps    | 12500     |
| train/                |           |
|    entropy_loss       | -3.04     |
|    explained_variance | -2.86     |
|    learning_rate      | 0.0002    |
|    n_updates          | 2499      |
|    policy_loss        | -0.18     |
|    reward             | 0.0061028 |
|    std                | 1.11      |
|    value_loss         | 0.00378   |
-------------------------------------
EPISODE:  14
---------------------------------------
| time/                 |             |
|    fps                | 172         |
|    iterations         | 2600        |
|    time_elapsed       | 75          |
|    total_timesteps    | 13000       |
| train/                |             |
|    entropy_loss       | -3.05       |
|    explained_variance | -1.07e-06   |
|    learning_rate      | 0.0002      |
|    n_updates          | 2599        |
|    policy_loss        | 0.129       |
|    reward             | -0.04744508 |
|    std                | 1.11        |
|    value_loss         | 0.00258     |
---------------------------------------
---------------------------------------
| time/                 |             |
|    fps                | 173         |
|    iterations         | 2700        |
|    time_elapsed       | 78          |
|    total_timesteps    | 13500       |
| train/                |             |
|    entropy_loss       | -3.05       |
|    explained_variance | -3.3        |
|    learning_rate      | 0.0002      |
|    n_updates          | 2699        |
|    policy_loss        | 0.0307      |
|    reward             | 0.030358441 |
|    std                | 1.11        |
|    value_loss         | 0.000204    |
---------------------------------------
EPISODE:  15
---------------------------------------
| time/                 |             |
|    fps                | 172         |
|    iterations         | 2800        |
|    time_elapsed       | 80          |
|    total_timesteps    | 14000       |
| train/                |             |
|    entropy_loss       | -3.06       |
|    explained_variance | 0.000347    |
|    learning_rate      | 0.0002      |
|    n_updates          | 2799        |
|    policy_loss        | -0.333      |
|    reward             | 0.020106038 |
|    std                | 1.12        |
|    value_loss         | 0.00578     |
---------------------------------------
-----------------------------------------
| time/                 |               |
|    fps                | 173           |
|    iterations         | 2900          |
|    time_elapsed       | 83            |
|    total_timesteps    | 14500         |
| train/                |               |
|    entropy_loss       | -3.07         |
|    explained_variance | -7.15e-07     |
|    learning_rate      | 0.0002        |
|    n_updates          | 2899          |
|    policy_loss        | -0.149        |
|    reward             | 0.00096728356 |
|    std                | 1.12          |
|    value_loss         | 0.00285       |
-----------------------------------------
EPISODE:  16
----------------------------------------
| time/                 |              |
|    fps                | 173          |
|    iterations         | 3000         |
|    time_elapsed       | 86           |
|    total_timesteps    | 15000        |
| train/                |              |
|    entropy_loss       | -3.07        |
|    explained_variance | -9.48e-05    |
|    learning_rate      | 0.0002       |
|    n_updates          | 2999         |
|    policy_loss        | 0.0797       |
|    reward             | -0.022889039 |
|    std                | 1.13         |
|    value_loss         | 0.00251      |
----------------------------------------
--------------------------------------
| time/                 |            |
|    fps                | 173        |
|    iterations         | 3100       |
|    time_elapsed       | 89         |
|    total_timesteps    | 15500      |
| train/                |            |
|    entropy_loss       | -3.08      |
|    explained_variance | 0.00684    |
|    learning_rate      | 0.0002     |
|    n_updates          | 3099       |
|    policy_loss        | 0.0119     |
|    reward             | 0.03026088 |
|    std                | 1.13       |
|    value_loss         | 0.000457   |
--------------------------------------
EPISODE:  17
---------------------------------------
| time/                 |             |
|    fps                | 173         |
|    iterations         | 3200        |
|    time_elapsed       | 92          |
|    total_timesteps    | 16000       |
| train/                |             |
|    entropy_loss       | -3.09       |
|    explained_variance | 0.00752     |
|    learning_rate      | 0.0002      |
|    n_updates          | 3199        |
|    policy_loss        | 0.142       |
|    reward             | 0.033475474 |
|    std                | 1.13        |
|    value_loss         | 0.00325     |
---------------------------------------
--------------------------------------
| time/                 |            |
|    fps                | 173        |
|    iterations         | 3300       |
|    time_elapsed       | 95         |
|    total_timesteps    | 16500      |
| train/                |            |
|    entropy_loss       | -3.09      |
|    explained_variance | -0.519     |
|    learning_rate      | 0.0002     |
|    n_updates          | 3299       |
|    policy_loss        | 0.00429    |
|    reward             | 0.04219546 |
|    std                | 1.14       |
|    value_loss         | 0.000765   |
--------------------------------------
EPISODE:  18
----------------------------------------
| time/                 |              |
|    fps                | 173          |
|    iterations         | 3400         |
|    time_elapsed       | 98           |
|    total_timesteps    | 17000        |
| train/                |              |
|    entropy_loss       | -3.1         |
|    explained_variance | -2.89        |
|    learning_rate      | 0.0002       |
|    n_updates          | 3399         |
|    policy_loss        | -0.126       |
|    reward             | -0.047857873 |
|    std                | 1.14         |
|    value_loss         | 0.003        |
----------------------------------------
-----------------------------------------
| time/                 |               |
|    fps                | 172           |
|    iterations         | 3500          |
|    time_elapsed       | 101           |
|    total_timesteps    | 17500         |
| train/                |               |
|    entropy_loss       | -3.11         |
|    explained_variance | 0.0278        |
|    learning_rate      | 0.0002        |
|    n_updates          | 3499          |
|    policy_loss        | -0.152        |
|    reward             | -0.0025355876 |
|    std                | 1.15          |
|    value_loss         | 0.00497       |
-----------------------------------------
EPISODE:  19
---------------------------------------
| time/                 |             |
|    fps                | 173         |
|    iterations         | 3600        |
|    time_elapsed       | 104         |
|    total_timesteps    | 18000       |
| train/                |             |
|    entropy_loss       | -3.11       |
|    explained_variance | 0.187       |
|    learning_rate      | 0.0002      |
|    n_updates          | 3599        |
|    policy_loss        | -0.0554     |
|    reward             | 0.011559989 |
|    std                | 1.15        |
|    value_loss         | 0.00133     |
---------------------------------------
---------------------------------------
| time/                 |             |
|    fps                | 173         |
|    iterations         | 3700        |
|    time_elapsed       | 106         |
|    total_timesteps    | 18500       |
| train/                |             |
|    entropy_loss       | -3.12       |
|    explained_variance | 0           |
|    learning_rate      | 0.0002      |
|    n_updates          | 3699        |
|    policy_loss        | -0.0882     |
|    reward             | -0.01792476 |
|    std                | 1.15        |
|    value_loss         | 0.00118     |
---------------------------------------
EPISODE:  20
---------------------------------------
| time/                 |             |
|    fps                | 173         |
|    iterations         | 3800        |
|    time_elapsed       | 109         |
|    total_timesteps    | 19000       |
| train/                |             |
|    entropy_loss       | -3.13       |
|    explained_variance | 0           |
|    learning_rate      | 0.0002      |
|    n_updates          | 3799        |
|    policy_loss        | -0.131      |
|    reward             | -0.05355455 |
|    std                | 1.16        |
|    value_loss         | 0.00306     |
---------------------------------------
----------------------------------------
| time/                 |              |
|    fps                | 173          |
|    iterations         | 3900         |
|    time_elapsed       | 112          |
|    total_timesteps    | 19500        |
| train/                |              |
|    entropy_loss       | -3.14        |
|    explained_variance | -1.38        |
|    learning_rate      | 0.0002       |
|    n_updates          | 3899         |
|    policy_loss        | 0.212        |
|    reward             | -0.010378278 |
|    std                | 1.16         |
|    value_loss         | 0.00475      |
----------------------------------------
EPISODE:  21
-------------------------------------
| time/                 |           |
|    fps                | 173       |
|    iterations         | 4000      |
|    time_elapsed       | 115       |
|    total_timesteps    | 20000     |
| train/                |           |
|    entropy_loss       | -3.15     |
|    explained_variance | -1.79e-06 |
|    learning_rate      | 0.0002    |
|    n_updates          | 3999      |
|    policy_loss        | 0.0272    |
|    reward             | 0.0296814 |
|    std                | 1.17      |
|    value_loss         | 0.000898  |
-------------------------------------
---------------------------------------
| time/                 |             |
|    fps                | 173         |
|    iterations         | 4100        |
|    time_elapsed       | 118         |
|    total_timesteps    | 20500       |
| train/                |             |
|    entropy_loss       | -3.15       |
|    explained_variance | 2.32e-06    |
|    learning_rate      | 0.0002      |
|    n_updates          | 4099        |
|    policy_loss        | -0.00588    |
|    reward             | 0.008489258 |
|    std                | 1.17        |
|    value_loss         | 0.000229    |
---------------------------------------
EPISODE:  22
----------------------------------------
| time/                 |              |
|    fps                | 173          |
|    iterations         | 4200         |
|    time_elapsed       | 121          |
|    total_timesteps    | 21000        |
| train/                |              |
|    entropy_loss       | -3.16        |
|    explained_variance | 0.483        |
|    learning_rate      | 0.0002       |
|    n_updates          | 4199         |
|    policy_loss        | 0.0196       |
|    reward             | -0.017185567 |
|    std                | 1.18         |
|    value_loss         | 0.000252     |
----------------------------------------
---------------------------------------
| time/                 |             |
|    fps                | 173         |
|    iterations         | 4300        |
|    time_elapsed       | 124         |
|    total_timesteps    | 21500       |
| train/                |             |
|    entropy_loss       | -3.17       |
|    explained_variance | -4.69       |
|    learning_rate      | 0.0002      |
|    n_updates          | 4299        |
|    policy_loss        | 0.00301     |
|    reward             | 0.044636454 |
|    std                | 1.18        |
|    value_loss         | 0.00147     |
---------------------------------------
EPISODE:  23
---------------------------------------
| time/                 |             |
|    fps                | 173         |
|    iterations         | 4400        |
|    time_elapsed       | 126         |
|    total_timesteps    | 22000       |
| train/                |             |
|    entropy_loss       | -3.18       |
|    explained_variance | -1.19e-07   |
|    learning_rate      | 0.0002      |
|    n_updates          | 4399        |
|    policy_loss        | 0.103       |
|    reward             | -0.04513703 |
|    std                | 1.19        |
|    value_loss         | 0.00216     |
---------------------------------------
---------------------------------------
| time/                 |             |
|    fps                | 173         |
|    iterations         | 4500        |
|    time_elapsed       | 129         |
|    total_timesteps    | 22500       |
| train/                |             |
|    entropy_loss       | -3.19       |
|    explained_variance | -3.58e-07   |
|    learning_rate      | 0.0002      |
|    n_updates          | 4499        |
|    policy_loss        | -0.0165     |
|    reward             | 0.031897984 |
|    std                | 1.19        |
|    value_loss         | 0.000518    |
---------------------------------------
EPISODE:  24
----------------------------------------
| time/                 |              |
|    fps                | 173          |
|    iterations         | 4600         |
|    time_elapsed       | 132          |
|    total_timesteps    | 23000        |
| train/                |              |
|    entropy_loss       | -3.2         |
|    explained_variance | 0.602        |
|    learning_rate      | 0.0002       |
|    n_updates          | 4599         |
|    policy_loss        | 0.0192       |
|    reward             | -0.030614989 |
|    std                | 1.2          |
|    value_loss         | 0.000724     |
----------------------------------------
----------------------------------------
| time/                 |              |
|    fps                | 173          |
|    iterations         | 4700         |
|    time_elapsed       | 135          |
|    total_timesteps    | 23500        |
| train/                |              |
|    entropy_loss       | -3.2         |
|    explained_variance | 0            |
|    learning_rate      | 0.0002       |
|    n_updates          | 4699         |
|    policy_loss        | -0.0972      |
|    reward             | -0.035855494 |
|    std                | 1.2          |
|    value_loss         | 0.00324      |
----------------------------------------
EPISODE:  25
----------------------------------------
| time/                 |              |
|    fps                | 173          |
|    iterations         | 4800         |
|    time_elapsed       | 138          |
|    total_timesteps    | 24000        |
| train/                |              |
|    entropy_loss       | -3.2         |
|    explained_variance | 0.0282       |
|    learning_rate      | 0.0002       |
|    n_updates          | 4799         |
|    policy_loss        | -0.0661      |
|    reward             | -0.014314182 |
|    std                | 1.2          |
|    value_loss         | 0.000847     |
----------------------------------------
---------------------------------------
| time/                 |             |
|    fps                | 173         |
|    iterations         | 4900        |
|    time_elapsed       | 141         |
|    total_timesteps    | 24500       |
| train/                |             |
|    entropy_loss       | -3.21       |
|    explained_variance | 0.00181     |
|    learning_rate      | 0.0002      |
|    n_updates          | 4899        |
|    policy_loss        | -0.0945     |
|    reward             | 0.012147226 |
|    std                | 1.21        |
|    value_loss         | 0.00139     |
---------------------------------------
EPISODE:  26
---------------------------------------
| time/                 |             |
|    fps                | 173         |
|    iterations         | 5000        |
|    time_elapsed       | 144         |
|    total_timesteps    | 25000       |
| train/                |             |
|    entropy_loss       | -3.22       |
|    explained_variance | -1.19e-07   |
|    learning_rate      | 0.0002      |
|    n_updates          | 4999        |
|    policy_loss        | 0.125       |
|    reward             | 0.028846813 |
|    std                | 1.21        |
|    value_loss         | 0.00222     |
---------------------------------------
---------------------------------------
| time/                 |             |
|    fps                | 173         |
|    iterations         | 5100        |
|    time_elapsed       | 147         |
|    total_timesteps    | 25500       |
| train/                |             |
|    entropy_loss       | -3.23       |
|    explained_variance | -1.19e-07   |
|    learning_rate      | 0.0002      |
|    n_updates          | 5099        |
|    policy_loss        | 0.145       |
|    reward             | 0.055831943 |
|    std                | 1.21        |
|    value_loss         | 0.00128     |
---------------------------------------
EPISODE:  27
----------------------------------------
| time/                 |              |
|    fps                | 173          |
|    iterations         | 5200         |
|    time_elapsed       | 150          |
|    total_timesteps    | 26000        |
| train/                |              |
|    entropy_loss       | -3.24        |
|    explained_variance | 0.131        |
|    learning_rate      | 0.0002       |
|    n_updates          | 5199         |
|    policy_loss        | -0.0336      |
|    reward             | -0.015417937 |
|    std                | 1.22         |
|    value_loss         | 0.0012       |
----------------------------------------
-----------------------------------------
| time/                 |               |
|    fps                | 173           |
|    iterations         | 5300          |
|    time_elapsed       | 152           |
|    total_timesteps    | 26500         |
| train/                |               |
|    entropy_loss       | -3.25         |
|    explained_variance | 5.36e-07      |
|    learning_rate      | 0.0002        |
|    n_updates          | 5299          |
|    policy_loss        | 0.0561        |
|    reward             | -0.0098075215 |
|    std                | 1.23          |
|    value_loss         | 0.00154       |
-----------------------------------------
EPISODE:  28
---------------------------------------
| time/                 |             |
|    fps                | 173         |
|    iterations         | 5400        |
|    time_elapsed       | 155         |
|    total_timesteps    | 27000       |
| train/                |             |
|    entropy_loss       | -3.25       |
|    explained_variance | 3.58e-07    |
|    learning_rate      | 0.0002      |
|    n_updates          | 5399        |
|    policy_loss        | 0.0282      |
|    reward             | -0.06119941 |
|    std                | 1.23        |
|    value_loss         | 0.000385    |
---------------------------------------
-----------------------------------------
| time/                 |               |
|    fps                | 173           |
|    iterations         | 5500          |
|    time_elapsed       | 158           |
|    total_timesteps    | 27500         |
| train/                |               |
|    entropy_loss       | -3.26         |
|    explained_variance | 5.96e-08      |
|    learning_rate      | 0.0002        |
|    n_updates          | 5499          |
|    policy_loss        | -0.239        |
|    reward             | -0.0047753984 |
|    std                | 1.23          |
|    value_loss         | 0.00377       |
-----------------------------------------
EPISODE:  29
---------------------------------------
| time/                 |             |
|    fps                | 173         |
|    iterations         | 5600        |
|    time_elapsed       | 161         |
|    total_timesteps    | 28000       |
| train/                |             |
|    entropy_loss       | -3.26       |
|    explained_variance | 0.151       |
|    learning_rate      | 0.0002      |
|    n_updates          | 5599        |
|    policy_loss        | 0.0757      |
|    reward             | 0.026169363 |
|    std                | 1.24        |
|    value_loss         | 0.00208     |
---------------------------------------
---------------------------------------
| time/                 |             |
|    fps                | 173         |
|    iterations         | 5700        |
|    time_elapsed       | 164         |
|    total_timesteps    | 28500       |
| train/                |             |
|    entropy_loss       | -3.27       |
|    explained_variance | -7.15e-07   |
|    learning_rate      | 0.0002      |
|    n_updates          | 5699        |
|    policy_loss        | 0.332       |
|    reward             | -0.01420917 |
|    std                | 1.24        |
|    value_loss         | 0.0101      |
---------------------------------------
EPISODE:  30
----------------------------------------
| time/                 |              |
|    fps                | 173          |
|    iterations         | 5800         |
|    time_elapsed       | 167          |
|    total_timesteps    | 29000        |
| train/                |              |
|    entropy_loss       | -3.27        |
|    explained_variance | 0.206        |
|    learning_rate      | 0.0002       |
|    n_updates          | 5799         |
|    policy_loss        | -0.0201      |
|    reward             | 0.0011756683 |
|    std                | 1.24         |
|    value_loss         | 0.000352     |
----------------------------------------
----------------------------------------
| time/                 |              |
|    fps                | 173          |
|    iterations         | 5900         |
|    time_elapsed       | 170          |
|    total_timesteps    | 29500        |
| train/                |              |
|    entropy_loss       | -3.28        |
|    explained_variance | 0.00377      |
|    learning_rate      | 0.0002       |
|    n_updates          | 5899         |
|    policy_loss        | 0.127        |
|    reward             | -0.037481476 |
|    std                | 1.24         |
|    value_loss         | 0.00265      |
----------------------------------------
EPISODE:  31
-----------------------------------------
| time/                 |               |
|    fps                | 173           |
|    iterations         | 6000          |
|    time_elapsed       | 172           |
|    total_timesteps    | 30000         |
| train/                |               |
|    entropy_loss       | -3.28         |
|    explained_variance | 2.98e-07      |
|    learning_rate      | 0.0002        |
|    n_updates          | 5999          |
|    policy_loss        | -0.0807       |
|    reward             | -0.0030254025 |
|    std                | 1.25          |
|    value_loss         | 0.00155       |
-----------------------------------------
----------------------------------------
| time/                 |              |
|    fps                | 173          |
|    iterations         | 6100         |
|    time_elapsed       | 175          |
|    total_timesteps    | 30500        |
| train/                |              |
|    entropy_loss       | -3.29        |
|    explained_variance | 8.94e-07     |
|    learning_rate      | 0.0002       |
|    n_updates          | 6099         |
|    policy_loss        | -0.0545      |
|    reward             | -0.010805425 |
|    std                | 1.25         |
|    value_loss         | 0.000728     |
----------------------------------------
EPISODE:  32
---------------------------------------
| time/                 |             |
|    fps                | 173         |
|    iterations         | 6200        |
|    time_elapsed       | 178         |
|    total_timesteps    | 31000       |
| train/                |             |
|    entropy_loss       | -3.29       |
|    explained_variance | -0.0215     |
|    learning_rate      | 0.0002      |
|    n_updates          | 6199        |
|    policy_loss        | -0.0602     |
|    reward             | 0.025099311 |
|    std                | 1.26        |
|    value_loss         | 0.000379    |
---------------------------------------
---------------------------------------
| time/                 |             |
|    fps                | 173         |
|    iterations         | 6300        |
|    time_elapsed       | 181         |
|    total_timesteps    | 31500       |
| train/                |             |
|    entropy_loss       | -3.3        |
|    explained_variance | 0.599       |
|    learning_rate      | 0.0002      |
|    n_updates          | 6299        |
|    policy_loss        | 0.0502      |
|    reward             | 0.005483995 |
|    std                | 1.26        |
|    value_loss         | 0.000466    |
---------------------------------------
EPISODE:  33
--------------------------------------
| time/                 |            |
|    fps                | 173        |
|    iterations         | 6400       |
|    time_elapsed       | 184        |
|    total_timesteps    | 32000      |
| train/                |            |
|    entropy_loss       | -3.31      |
|    explained_variance | -0.924     |
|    learning_rate      | 0.0002     |
|    n_updates          | 6399       |
|    policy_loss        | 0.09       |
|    reward             | 0.04539304 |
|    std                | 1.26       |
|    value_loss         | 0.00103    |
--------------------------------------
---------------------------------------
| time/                 |             |
|    fps                | 173         |
|    iterations         | 6500        |
|    time_elapsed       | 187         |
|    total_timesteps    | 32500       |
| train/                |             |
|    entropy_loss       | -3.31       |
|    explained_variance | 0.00178     |
|    learning_rate      | 0.0002      |
|    n_updates          | 6499        |
|    policy_loss        | -0.0486     |
|    reward             | 0.006836292 |
|    std                | 1.27        |
|    value_loss         | 0.000648    |
---------------------------------------
EPISODE:  34
------------------------------------------
| time/                 |                |
|    fps                | 173            |
|    iterations         | 6600           |
|    time_elapsed       | 190            |
|    total_timesteps    | 33000          |
| train/                |                |
|    entropy_loss       | -3.32          |
|    explained_variance | 8.34e-07       |
|    learning_rate      | 0.0002         |
|    n_updates          | 6599           |
|    policy_loss        | 0.071          |
|    reward             | -0.00085697236 |
|    std                | 1.27           |
|    value_loss         | 0.00058        |
------------------------------------------
----------------------------------------
| time/                 |              |
|    fps                | 173          |
|    iterations         | 6700         |
|    time_elapsed       | 192          |
|    total_timesteps    | 33500        |
| train/                |              |
|    entropy_loss       | -3.33        |
|    explained_variance | -10.5        |
|    learning_rate      | 0.0002       |
|    n_updates          | 6699         |
|    policy_loss        | -0.0108      |
|    reward             | -0.006077082 |
|    std                | 1.28         |
|    value_loss         | 0.00192      |
----------------------------------------
EPISODE:  35
----------------------------------------
| time/                 |              |
|    fps                | 174          |
|    iterations         | 6800         |
|    time_elapsed       | 195          |
|    total_timesteps    | 34000        |
| train/                |              |
|    entropy_loss       | -3.34        |
|    explained_variance | 0            |
|    learning_rate      | 0.0002       |
|    n_updates          | 6799         |
|    policy_loss        | -0.0699      |
|    reward             | 0.0049085543 |
|    std                | 1.28         |
|    value_loss         | 0.00128      |
----------------------------------------
----------------------------------------
| time/                 |              |
|    fps                | 174          |
|    iterations         | 6900         |
|    time_elapsed       | 198          |
|    total_timesteps    | 34500        |
| train/                |              |
|    entropy_loss       | -3.35        |
|    explained_variance | 6.56e-07     |
|    learning_rate      | 0.0002       |
|    n_updates          | 6899         |
|    policy_loss        | 0.196        |
|    reward             | 0.0033397635 |
|    std                | 1.29         |
|    value_loss         | 0.0031       |
----------------------------------------
EPISODE:  36
----------------------------------------
| time/                 |              |
|    fps                | 174          |
|    iterations         | 7000         |
|    time_elapsed       | 200          |
|    total_timesteps    | 35000        |
| train/                |              |
|    entropy_loss       | -3.35        |
|    explained_variance | 0.414        |
|    learning_rate      | 0.0002       |
|    n_updates          | 6999         |
|    policy_loss        | -0.0707      |
|    reward             | -0.060025934 |
|    std                | 1.29         |
|    value_loss         | 0.000796     |
----------------------------------------
---------------------------------------
| time/                 |             |
|    fps                | 174         |
|    iterations         | 7100        |
|    time_elapsed       | 203         |
|    total_timesteps    | 35500       |
| train/                |             |
|    entropy_loss       | -3.36       |
|    explained_variance | -0.0761     |
|    learning_rate      | 0.0002      |
|    n_updates          | 7099        |
|    policy_loss        | 0.0217      |
|    reward             | 0.064657345 |
|    std                | 1.3         |
|    value_loss         | 0.00074     |
---------------------------------------
EPISODE:  37
----------------------------------------
| time/                 |              |
|    fps                | 174          |
|    iterations         | 7200         |
|    time_elapsed       | 206          |
|    total_timesteps    | 36000        |
| train/                |              |
|    entropy_loss       | -3.37        |
|    explained_variance | 0            |
|    learning_rate      | 0.0002       |
|    n_updates          | 7199         |
|    policy_loss        | 0.209        |
|    reward             | -0.034956556 |
|    std                | 1.3          |
|    value_loss         | 0.00604      |
----------------------------------------
--------------------------------------
| time/                 |            |
|    fps                | 174        |
|    iterations         | 7300       |
|    time_elapsed       | 208        |
|    total_timesteps    | 36500      |
| train/                |            |
|    entropy_loss       | -3.37      |
|    explained_variance | -0.000202  |
|    learning_rate      | 0.0002     |
|    n_updates          | 7299       |
|    policy_loss        | -0.117     |
|    reward             | 0.00796702 |
|    std                | 1.31       |
|    value_loss         | 0.0022     |
--------------------------------------
EPISODE:  38
----------------------------------------
| time/                 |              |
|    fps                | 174          |
|    iterations         | 7400         |
|    time_elapsed       | 211          |
|    total_timesteps    | 37000        |
| train/                |              |
|    entropy_loss       | -3.38        |
|    explained_variance | 0.111        |
|    learning_rate      | 0.0002       |
|    n_updates          | 7399         |
|    policy_loss        | -0.00735     |
|    reward             | -0.030132132 |
|    std                | 1.31         |
|    value_loss         | 0.000416     |
----------------------------------------
---------------------------------------
| time/                 |             |
|    fps                | 174         |
|    iterations         | 7500        |
|    time_elapsed       | 214         |
|    total_timesteps    | 37500       |
| train/                |             |
|    entropy_loss       | -3.39       |
|    explained_variance | 0           |
|    learning_rate      | 0.0002      |
|    n_updates          | 7499        |
|    policy_loss        | -0.209      |
|    reward             | 0.027346486 |
|    std                | 1.32        |
|    value_loss         | 0.00261     |
---------------------------------------
EPISODE:  39
-----------------------------------------
| time/                 |               |
|    fps                | 174           |
|    iterations         | 7600          |
|    time_elapsed       | 217           |
|    total_timesteps    | 38000         |
| train/                |               |
|    entropy_loss       | -3.4          |
|    explained_variance | 0.185         |
|    learning_rate      | 0.0002        |
|    n_updates          | 7599          |
|    policy_loss        | 0.0383        |
|    reward             | -0.0019998015 |
|    std                | 1.32          |
|    value_loss         | 0.000285      |
-----------------------------------------
---------------------------------------
| time/                 |             |
|    fps                | 174         |
|    iterations         | 7700        |
|    time_elapsed       | 220         |
|    total_timesteps    | 38500       |
| train/                |             |
|    entropy_loss       | -3.4        |
|    explained_variance | 0.000689    |
|    learning_rate      | 0.0002      |
|    n_updates          | 7699        |
|    policy_loss        | -0.0196     |
|    reward             | 0.004299037 |
|    std                | 1.33        |
|    value_loss         | 0.000344    |
---------------------------------------
EPISODE:  40
-------------------------------------
| time/                 |           |
|    fps                | 174       |
|    iterations         | 7800      |
|    time_elapsed       | 223       |
|    total_timesteps    | 39000     |
| train/                |           |
|    entropy_loss       | -3.41     |
|    explained_variance | 0         |
|    learning_rate      | 0.0002    |
|    n_updates          | 7799      |
|    policy_loss        | 0.29      |
|    reward             | 0.0378302 |
|    std                | 1.33      |
|    value_loss         | 0.00425   |
-------------------------------------
----------------------------------------
| time/                 |              |
|    fps                | 174          |
|    iterations         | 7900         |
|    time_elapsed       | 225          |
|    total_timesteps    | 39500        |
| train/                |              |
|    entropy_loss       | -3.42        |
|    explained_variance | 0            |
|    learning_rate      | 0.0002       |
|    n_updates          | 7899         |
|    policy_loss        | -0.047       |
|    reward             | -0.008728695 |
|    std                | 1.34         |
|    value_loss         | 0.000318     |
----------------------------------------
EPISODE:  41
---------------------------------------
| time/                 |             |
|    fps                | 174         |
|    iterations         | 8000        |
|    time_elapsed       | 228         |
|    total_timesteps    | 40000       |
| train/                |             |
|    entropy_loss       | -3.43       |
|    explained_variance | 0.37        |
|    learning_rate      | 0.0002      |
|    n_updates          | 7999        |
|    policy_loss        | 0.0639      |
|    reward             | 0.004329302 |
|    std                | 1.35        |
|    value_loss         | 0.000648    |
---------------------------------------
-----------------------------------------
| time/                 |               |
|    fps                | 174           |
|    iterations         | 8100          |
|    time_elapsed       | 231           |
|    total_timesteps    | 40500         |
| train/                |               |
|    entropy_loss       | -3.44         |
|    explained_variance | 0.118         |
|    learning_rate      | 0.0002        |
|    n_updates          | 8099          |
|    policy_loss        | 0.073         |
|    reward             | -0.0030245539 |
|    std                | 1.35          |
|    value_loss         | 0.000909      |
-----------------------------------------
EPISODE:  42
-----------------------------------------
| time/                 |               |
|    fps                | 174           |
|    iterations         | 8200          |
|    time_elapsed       | 234           |
|    total_timesteps    | 41000         |
| train/                |               |
|    entropy_loss       | -3.45         |
|    explained_variance | 0             |
|    learning_rate      | 0.0002        |
|    n_updates          | 8199          |
|    policy_loss        | 0.0355        |
|    reward             | -0.0011626604 |
|    std                | 1.36          |
|    value_loss         | 0.000284      |
-----------------------------------------
----------------------------------------
| time/                 |              |
|    fps                | 174          |
|    iterations         | 8300         |
|    time_elapsed       | 237          |
|    total_timesteps    | 41500        |
| train/                |              |
|    entropy_loss       | -3.46        |
|    explained_variance | 0.424        |
|    learning_rate      | 0.0002       |
|    n_updates          | 8299         |
|    policy_loss        | 0.084        |
|    reward             | -0.030049896 |
|    std                | 1.36         |
|    value_loss         | 0.00113      |
----------------------------------------
EPISODE:  43
-----------------------------------------
| time/                 |               |
|    fps                | 174           |
|    iterations         | 8400          |
|    time_elapsed       | 240           |
|    total_timesteps    | 42000         |
| train/                |               |
|    entropy_loss       | -3.47         |
|    explained_variance | 2.53e-05      |
|    learning_rate      | 0.0002        |
|    n_updates          | 8399          |
|    policy_loss        | 0.0998        |
|    reward             | -0.0074586044 |
|    std                | 1.37          |
|    value_loss         | 0.00143       |
-----------------------------------------
---------------------------------------
| time/                 |             |
|    fps                | 174         |
|    iterations         | 8500        |
|    time_elapsed       | 243         |
|    total_timesteps    | 42500       |
| train/                |             |
|    entropy_loss       | -3.47       |
|    explained_variance | 0.471       |
|    learning_rate      | 0.0002      |
|    n_updates          | 8499        |
|    policy_loss        | 0.00512     |
|    reward             | 0.014145226 |
|    std                | 1.37        |
|    value_loss         | 0.000581    |
---------------------------------------
EPISODE:  44
---------------------------------------
| time/                 |             |
|    fps                | 174         |
|    iterations         | 8600        |
|    time_elapsed       | 246         |
|    total_timesteps    | 43000       |
| train/                |             |
|    entropy_loss       | -3.48       |
|    explained_variance | -1.43e-06   |
|    learning_rate      | 0.0002      |
|    n_updates          | 8599        |
|    policy_loss        | 0.0193      |
|    reward             | 0.042633954 |
|    std                | 1.38        |
|    value_loss         | 0.000276    |
---------------------------------------
----------------------------------------
| time/                 |              |
|    fps                | 174          |
|    iterations         | 8700         |
|    time_elapsed       | 249          |
|    total_timesteps    | 43500        |
| train/                |              |
|    entropy_loss       | -3.49        |
|    explained_variance | -1.19e-07    |
|    learning_rate      | 0.0002       |
|    n_updates          | 8699         |
|    policy_loss        | -0.0517      |
|    reward             | -0.021441745 |
|    std                | 1.38         |
|    value_loss         | 0.000278     |
----------------------------------------
EPISODE:  45
---------------------------------------
| time/                 |             |
|    fps                | 174         |
|    iterations         | 8800        |
|    time_elapsed       | 252         |
|    total_timesteps    | 44000       |
| train/                |             |
|    entropy_loss       | -3.49       |
|    explained_variance | -0.288      |
|    learning_rate      | 0.0002      |
|    n_updates          | 8799        |
|    policy_loss        | -0.0111     |
|    reward             | 0.021459892 |
|    std                | 1.39        |
|    value_loss         | 0.00213     |
---------------------------------------
---------------------------------------
| time/                 |             |
|    fps                | 174         |
|    iterations         | 8900        |
|    time_elapsed       | 255         |
|    total_timesteps    | 44500       |
| train/                |             |
|    entropy_loss       | -3.5        |
|    explained_variance | 0           |
|    learning_rate      | 0.0002      |
|    n_updates          | 8899        |
|    policy_loss        | 0.139       |
|    reward             | 0.035677414 |
|    std                | 1.39        |
|    value_loss         | 0.00171     |
---------------------------------------
EPISODE:  46
---------------------------------------
| time/                 |             |
|    fps                | 174         |
|    iterations         | 9000        |
|    time_elapsed       | 258         |
|    total_timesteps    | 45000       |
| train/                |             |
|    entropy_loss       | -3.5        |
|    explained_variance | 0.691       |
|    learning_rate      | 0.0002      |
|    n_updates          | 8999        |
|    policy_loss        | -0.00777    |
|    reward             | 0.073423535 |
|    std                | 1.39        |
|    value_loss         | 0.000105    |
---------------------------------------
---------------------------------------
| time/                 |             |
|    fps                | 174         |
|    iterations         | 9100        |
|    time_elapsed       | 261         |
|    total_timesteps    | 45500       |
| train/                |             |
|    entropy_loss       | -3.51       |
|    explained_variance | -0.00153    |
|    learning_rate      | 0.0002      |
|    n_updates          | 9099        |
|    policy_loss        | -0.165      |
|    reward             | 0.032858633 |
|    std                | 1.4         |
|    value_loss         | 0.00402     |
---------------------------------------
EPISODE:  47
----------------------------------------
| time/                 |              |
|    fps                | 174          |
|    iterations         | 9200         |
|    time_elapsed       | 264          |
|    total_timesteps    | 46000        |
| train/                |              |
|    entropy_loss       | -3.52        |
|    explained_variance | 0.346        |
|    learning_rate      | 0.0002       |
|    n_updates          | 9199         |
|    policy_loss        | -0.0642      |
|    reward             | -0.024609689 |
|    std                | 1.4          |
|    value_loss         | 0.0015       |
----------------------------------------
----------------------------------------
| time/                 |              |
|    fps                | 173          |
|    iterations         | 9300         |
|    time_elapsed       | 267          |
|    total_timesteps    | 46500        |
| train/                |              |
|    entropy_loss       | -3.52        |
|    explained_variance | -3.58e-06    |
|    learning_rate      | 0.0002       |
|    n_updates          | 9299         |
|    policy_loss        | -0.00761     |
|    reward             | -0.039296556 |
|    std                | 1.41         |
|    value_loss         | 0.000521     |
----------------------------------------
EPISODE:  48
---------------------------------------
| time/                 |             |
|    fps                | 173         |
|    iterations         | 9400        |
|    time_elapsed       | 270         |
|    total_timesteps    | 47000       |
| train/                |             |
|    entropy_loss       | -3.53       |
|    explained_variance | 0           |
|    learning_rate      | 0.0002      |
|    n_updates          | 9399        |
|    policy_loss        | 0.0872      |
|    reward             | 0.018301189 |
|    std                | 1.41        |
|    value_loss         | 0.00126     |
---------------------------------------
---------------------------------------
| time/                 |             |
|    fps                | 173         |
|    iterations         | 9500        |
|    time_elapsed       | 273         |
|    total_timesteps    | 47500       |
| train/                |             |
|    entropy_loss       | -3.54       |
|    explained_variance | 1.19e-07    |
|    learning_rate      | 0.0002      |
|    n_updates          | 9499        |
|    policy_loss        | 0.0532      |
|    reward             | -0.04802947 |
|    std                | 1.42        |
|    value_loss         | 0.00124     |
---------------------------------------
EPISODE:  49
---------------------------------------
| time/                 |             |
|    fps                | 173         |
|    iterations         | 9600        |
|    time_elapsed       | 276         |
|    total_timesteps    | 48000       |
| train/                |             |
|    entropy_loss       | -3.55       |
|    explained_variance | 0           |
|    learning_rate      | 0.0002      |
|    n_updates          | 9599        |
|    policy_loss        | 0.0146      |
|    reward             | 0.006107676 |
|    std                | 1.43        |
|    value_loss         | 0.000767    |
---------------------------------------
---------------------------------------
| time/                 |             |
|    fps                | 173         |
|    iterations         | 9700        |
|    time_elapsed       | 279         |
|    total_timesteps    | 48500       |
| train/                |             |
|    entropy_loss       | -3.55       |
|    explained_variance | -7.15e-07   |
|    learning_rate      | 0.0002      |
|    n_updates          | 9699        |
|    policy_loss        | 0.0563      |
|    reward             | 0.026806764 |
|    std                | 1.43        |
|    value_loss         | 0.00106     |
---------------------------------------
EPISODE:  50
-------------------------------------
| time/                 |           |
|    fps                | 173       |
|    iterations         | 9800      |
|    time_elapsed       | 282       |
|    total_timesteps    | 49000     |
| train/                |           |
|    entropy_loss       | -3.56     |
|    explained_variance | -0.000931 |
|    learning_rate      | 0.0002    |
|    n_updates          | 9799      |
|    policy_loss        | -0.118    |
|    reward             | 0.0166295 |
|    std                | 1.44      |
|    value_loss         | 0.00156   |
-------------------------------------
---------------------------------------
| time/                 |             |
|    fps                | 173         |
|    iterations         | 9900        |
|    time_elapsed       | 285         |
|    total_timesteps    | 49500       |
| train/                |             |
|    entropy_loss       | -3.57       |
|    explained_variance | 0.000651    |
|    learning_rate      | 0.0002      |
|    n_updates          | 9899        |
|    policy_loss        | 0.0679      |
|    reward             | 0.003779687 |
|    std                | 1.44        |
|    value_loss         | 0.00068     |
---------------------------------------
EPISODE:  51
----------------------------------------
| time/                 |              |
|    fps                | 173          |
|    iterations         | 10000        |
|    time_elapsed       | 288          |
|    total_timesteps    | 50000        |
| train/                |              |
|    entropy_loss       | -3.58        |
|    explained_variance | 0            |
|    learning_rate      | 0.0002       |
|    n_updates          | 9999         |
|    policy_loss        | 0.193        |
|    reward             | -0.024687193 |
|    std                | 1.45         |
|    value_loss         | 0.00312      |
----------------------------------------
Saved episode log to Results\250619_hc_binary_udp_noise\a2c\periodic_noise\training_logs\09.csv
