EPISODE:  0
{'n_steps': 2048, 'batch_size': 64, 'learning_rate': 0.0003, 'ent_coef': 0.0}
Using cpu device
EPISODE:  1
EPISODE:  2
EPISODE:  3
-------------------------------------
| time/              |              |
|    fps             | 236          |
|    iterations      | 1            |
|    time_elapsed    | 8            |
|    total_timesteps | 2048         |
| train/             |              |
|    reward          | 0.0010799136 |
-------------------------------------
EPISODE:  4
EPISODE:  5
------------------------------------------
| time/                   |              |
|    fps                  | 205          |
|    iterations           | 2            |
|    time_elapsed         | 19           |
|    total_timesteps      | 4096         |
| train/                  |              |
|    approx_kl            | 0.0048653497 |
|    clip_fraction        | 0.0289       |
|    clip_range           | 0.2          |
|    entropy_loss         | -2.85        |
|    explained_variance   | 0.776        |
|    learning_rate        | 0.0003       |
|    loss                 | -0.00216     |
|    n_updates            | 10           |
|    policy_gradient_loss | -0.00256     |
|    reward               | 0.0011627907 |
|    std                  | 1.01         |
|    value_loss           | 0.00827      |
------------------------------------------
EPISODE:  6
EPISODE:  7
-------------------------------------------
| time/                   |               |
|    fps                  | 204           |
|    iterations           | 3             |
|    time_elapsed         | 30            |
|    total_timesteps      | 6144          |
| train/                  |               |
|    approx_kl            | 0.0062389174  |
|    clip_fraction        | 0.0537        |
|    clip_range           | 0.2           |
|    entropy_loss         | -2.86         |
|    explained_variance   | 0.693         |
|    learning_rate        | 0.0003        |
|    loss                 | -0.0239       |
|    n_updates            | 20            |
|    policy_gradient_loss | -0.00366      |
|    reward               | -0.0012594458 |
|    std                  | 1.01          |
|    value_loss           | 0.00838       |
-------------------------------------------
EPISODE:  8
EPISODE:  9
-------------------------------------------
| time/                   |               |
|    fps                  | 199           |
|    iterations           | 4             |
|    time_elapsed         | 41            |
|    total_timesteps      | 8192          |
| train/                  |               |
|    approx_kl            | 0.008399114   |
|    clip_fraction        | 0.0615        |
|    clip_range           | 0.2           |
|    entropy_loss         | -2.82         |
|    explained_variance   | 0.563         |
|    learning_rate        | 0.0003        |
|    loss                 | -0.0104       |
|    n_updates            | 30            |
|    policy_gradient_loss | -0.00374      |
|    reward               | -0.0013736264 |
|    std                  | 0.98          |
|    value_loss           | 0.00801       |
-------------------------------------------
EPISODE:  10
EPISODE:  11
-----------------------------------------
| time/                   |             |
|    fps                  | 194         |
|    iterations           | 5           |
|    time_elapsed         | 52          |
|    total_timesteps      | 10240       |
| train/                  |             |
|    approx_kl            | 0.005770692 |
|    clip_fraction        | 0.0554      |
|    clip_range           | 0.2         |
|    entropy_loss         | -2.78       |
|    explained_variance   | 0.627       |
|    learning_rate        | 0.0003      |
|    loss                 | 0.0245      |
|    n_updates            | 40          |
|    policy_gradient_loss | -0.00311    |
|    reward               | 0.001510574 |
|    std                  | 0.968       |
|    value_loss           | 0.00816     |
-----------------------------------------
EPISODE:  12
EPISODE:  13
------------------------------------------
| time/                   |              |
|    fps                  | 190          |
|    iterations           | 6            |
|    time_elapsed         | 64           |
|    total_timesteps      | 12288        |
| train/                  |              |
|    approx_kl            | 0.003650452  |
|    clip_fraction        | 0.0289       |
|    clip_range           | 0.2          |
|    entropy_loss         | -2.76        |
|    explained_variance   | 0.901        |
|    learning_rate        | 0.0003       |
|    loss                 | 0.016        |
|    n_updates            | 50           |
|    policy_gradient_loss | -0.000246    |
|    reward               | 0.0016778524 |
|    std                  | 0.955        |
|    value_loss           | 0.00309      |
------------------------------------------
EPISODE:  14
EPISODE:  15
------------------------------------------
| time/                   |              |
|    fps                  | 189          |
|    iterations           | 7            |
|    time_elapsed         | 75           |
|    total_timesteps      | 14336        |
| train/                  |              |
|    approx_kl            | 0.0065766014 |
|    clip_fraction        | 0.0755       |
|    clip_range           | 0.2          |
|    entropy_loss         | -2.73        |
|    explained_variance   | 0.87         |
|    learning_rate        | 0.0003       |
|    loss                 | 0.0258       |
|    n_updates            | 60           |
|    policy_gradient_loss | -0.00413     |
|    reward               | 0.0018867925 |
|    std                  | 0.944        |
|    value_loss           | 0.0095       |
------------------------------------------
EPISODE:  16
EPISODE:  17
------------------------------------------
| time/                   |              |
|    fps                  | 188          |
|    iterations           | 8            |
|    time_elapsed         | 87           |
|    total_timesteps      | 16384        |
| train/                  |              |
|    approx_kl            | 0.0076847784 |
|    clip_fraction        | 0.0518       |
|    clip_range           | 0.2          |
|    entropy_loss         | -2.7         |
|    explained_variance   | 0.9          |
|    learning_rate        | 0.0003       |
|    loss                 | -0.0106      |
|    n_updates            | 70           |
|    policy_gradient_loss | -0.00209     |
|    reward               | 0.0021551724 |
|    std                  | 0.922        |
|    value_loss           | 0.00758      |
------------------------------------------
EPISODE:  18
EPISODE:  19
------------------------------------------
| time/                   |              |
|    fps                  | 188          |
|    iterations           | 9            |
|    time_elapsed         | 97           |
|    total_timesteps      | 18432        |
| train/                  |              |
|    approx_kl            | 0.008327154  |
|    clip_fraction        | 0.067        |
|    clip_range           | 0.2          |
|    entropy_loss         | -2.67        |
|    explained_variance   | 0.949        |
|    learning_rate        | 0.0003       |
|    loss                 | -0.00484     |
|    n_updates            | 80           |
|    policy_gradient_loss | -0.000721    |
|    reward               | 0.0025125628 |
|    std                  | 0.92         |
|    value_loss           | 0.00695      |
------------------------------------------
EPISODE:  20
EPISODE:  21
------------------------------------------
| time/                   |              |
|    fps                  | 186          |
|    iterations           | 10           |
|    time_elapsed         | 109          |
|    total_timesteps      | 20480        |
| train/                  |              |
|    approx_kl            | 0.0039867116 |
|    clip_fraction        | 0.0249       |
|    clip_range           | 0.2          |
|    entropy_loss         | -2.67        |
|    explained_variance   | 0.954        |
|    learning_rate        | 0.0003       |
|    loss                 | -0.0079      |
|    n_updates            | 90           |
|    policy_gradient_loss | 0.000449     |
|    reward               | 0.003012048  |
|    std                  | 0.918        |
|    value_loss           | 0.0102       |
------------------------------------------
EPISODE:  22
EPISODE:  23
------------------------------------------
| time/                   |              |
|    fps                  | 187          |
|    iterations           | 11           |
|    time_elapsed         | 119          |
|    total_timesteps      | 22528        |
| train/                  |              |
|    approx_kl            | 0.0069020814 |
|    clip_fraction        | 0.0711       |
|    clip_range           | 0.2          |
|    entropy_loss         | -2.65        |
|    explained_variance   | 0.951        |
|    learning_rate        | 0.0003       |
|    loss                 | 0.0141       |
|    n_updates            | 100          |
|    policy_gradient_loss | -0.00653     |
|    reward               | 0.0037593986 |
|    std                  | 0.907        |
|    value_loss           | 0.00951      |
------------------------------------------
EPISODE:  24
EPISODE:  25
------------------------------------------
| time/                   |              |
|    fps                  | 188          |
|    iterations           | 12           |
|    time_elapsed         | 130          |
|    total_timesteps      | 24576        |
| train/                  |              |
|    approx_kl            | 0.0068101576 |
|    clip_fraction        | 0.0504       |
|    clip_range           | 0.2          |
|    entropy_loss         | -2.63        |
|    explained_variance   | 0.965        |
|    learning_rate        | 0.0003       |
|    loss                 | 0.00919      |
|    n_updates            | 110          |
|    policy_gradient_loss | -0.00107     |
|    reward               | 0.005        |
|    std                  | 0.894        |
|    value_loss           | 0.00822      |
------------------------------------------
EPISODE:  26
EPISODE:  27
------------------------------------------
| time/                   |              |
|    fps                  | 188          |
|    iterations           | 13           |
|    time_elapsed         | 141          |
|    total_timesteps      | 26624        |
| train/                  |              |
|    approx_kl            | 0.005768151  |
|    clip_fraction        | 0.0665       |
|    clip_range           | 0.2          |
|    entropy_loss         | -2.61        |
|    explained_variance   | 0.972        |
|    learning_rate        | 0.0003       |
|    loss                 | 0.0059       |
|    n_updates            | 120          |
|    policy_gradient_loss | -0.0013      |
|    reward               | 0.0074626864 |
|    std                  | 0.894        |
|    value_loss           | 0.00855      |
------------------------------------------
EPISODE:  28
EPISODE:  29
-----------------------------------------
| time/                   |             |
|    fps                  | 187         |
|    iterations           | 14          |
|    time_elapsed         | 152         |
|    total_timesteps      | 28672       |
| train/                  |             |
|    approx_kl            | 0.007895462 |
|    clip_fraction        | 0.0671      |
|    clip_range           | 0.2         |
|    entropy_loss         | -2.6        |
|    explained_variance   | 0.973       |
|    learning_rate        | 0.0003      |
|    loss                 | 0.00774     |
|    n_updates            | 130         |
|    policy_gradient_loss | -0.00329    |
|    reward               | 0.014705882 |
|    std                  | 0.885       |
|    value_loss           | 0.0099      |
-----------------------------------------
EPISODE:  30
EPISODE:  31
-----------------------------------------
| time/                   |             |
|    fps                  | 187         |
|    iterations           | 15          |
|    time_elapsed         | 163         |
|    total_timesteps      | 30720       |
| train/                  |             |
|    approx_kl            | 0.006549401 |
|    clip_fraction        | 0.0751      |
|    clip_range           | 0.2         |
|    entropy_loss         | -2.59       |
|    explained_variance   | 0.979       |
|    learning_rate        | 0.0003      |
|    loss                 | -0.0115     |
|    n_updates            | 140         |
|    policy_gradient_loss | -0.00134    |
|    reward               | 0.5         |
|    std                  | 0.881       |
|    value_loss           | 0.00961     |
-----------------------------------------
EPISODE:  32
EPISODE:  33
EPISODE:  34
------------------------------------------
| time/                   |              |
|    fps                  | 187          |
|    iterations           | 16           |
|    time_elapsed         | 174          |
|    total_timesteps      | 32768        |
| train/                  |              |
|    approx_kl            | 0.004479112  |
|    clip_fraction        | 0.0614       |
|    clip_range           | 0.2          |
|    entropy_loss         | -2.58        |
|    explained_variance   | 0.976        |
|    learning_rate        | 0.0003       |
|    loss                 | -0.00361     |
|    n_updates            | 150          |
|    policy_gradient_loss | -0.000437    |
|    reward               | 0.0010787486 |
|    std                  | 0.877        |
|    value_loss           | 0.0135       |
------------------------------------------
EPISODE:  35
EPISODE:  36
------------------------------------------
| time/                   |              |
|    fps                  | 187          |
|    iterations           | 17           |
|    time_elapsed         | 186          |
|    total_timesteps      | 34816        |
| train/                  |              |
|    approx_kl            | 0.005390358  |
|    clip_fraction        | 0.0411       |
|    clip_range           | 0.2          |
|    entropy_loss         | -2.57        |
|    explained_variance   | 0.974        |
|    learning_rate        | 0.0003       |
|    loss                 | 0.00928      |
|    n_updates            | 160          |
|    policy_gradient_loss | -0.000341    |
|    reward               | 0.0011614402 |
|    std                  | 0.867        |
|    value_loss           | 0.0122       |
------------------------------------------
EPISODE:  37
EPISODE:  38
------------------------------------------
| time/                   |              |
|    fps                  | 187          |
|    iterations           | 18           |
|    time_elapsed         | 196          |
|    total_timesteps      | 36864        |
| train/                  |              |
|    approx_kl            | 0.006212827  |
|    clip_fraction        | 0.0618       |
|    clip_range           | 0.2          |
|    entropy_loss         | -2.56        |
|    explained_variance   | 0.978        |
|    learning_rate        | 0.0003       |
|    loss                 | -0.0111      |
|    n_updates            | 170          |
|    policy_gradient_loss | -0.00262     |
|    reward               | 0.0012578616 |
|    std                  | 0.878        |
|    value_loss           | 0.00994      |
------------------------------------------
EPISODE:  39
EPISODE:  40
------------------------------------------
| time/                   |              |
|    fps                  | 188          |
|    iterations           | 19           |
|    time_elapsed         | 206          |
|    total_timesteps      | 38912        |
| train/                  |              |
|    approx_kl            | 0.0071859765 |
|    clip_fraction        | 0.0345       |
|    clip_range           | 0.2          |
|    entropy_loss         | -2.56        |
|    explained_variance   | 0.975        |
|    learning_rate        | 0.0003       |
|    loss                 | -0.00529     |
|    n_updates            | 180          |
|    policy_gradient_loss | -0.00281     |
|    reward               | 0.0013717421 |
|    std                  | 0.866        |
|    value_loss           | 0.0104       |
------------------------------------------
EPISODE:  41
EPISODE:  42
------------------------------------------
| time/                   |              |
|    fps                  | 188          |
|    iterations           | 20           |
|    time_elapsed         | 217          |
|    total_timesteps      | 40960        |
| train/                  |              |
|    approx_kl            | 0.004186891  |
|    clip_fraction        | 0.039        |
|    clip_range           | 0.2          |
|    entropy_loss         | -2.54        |
|    explained_variance   | 0.976        |
|    learning_rate        | 0.0003       |
|    loss                 | 0.0026       |
|    n_updates            | 190          |
|    policy_gradient_loss | -0.00177     |
|    reward               | 0.0015082957 |
|    std                  | 0.856        |
|    value_loss           | 0.0104       |
------------------------------------------
EPISODE:  43
EPISODE:  44
------------------------------------------
| time/                   |              |
|    fps                  | 187          |
|    iterations           | 21           |
|    time_elapsed         | 228          |
|    total_timesteps      | 43008        |
| train/                  |              |
|    approx_kl            | 0.009693056  |
|    clip_fraction        | 0.0684       |
|    clip_range           | 0.2          |
|    entropy_loss         | -2.53        |
|    explained_variance   | 0.975        |
|    learning_rate        | 0.0003       |
|    loss                 | 0.0462       |
|    n_updates            | 200          |
|    policy_gradient_loss | -0.00264     |
|    reward               | 0.0016750419 |
|    std                  | 0.855        |
|    value_loss           | 0.0115       |
------------------------------------------
EPISODE:  45
EPISODE:  46
-------------------------------------------
| time/                   |               |
|    fps                  | 188           |
|    iterations           | 22            |
|    time_elapsed         | 239           |
|    total_timesteps      | 45056         |
| train/                  |               |
|    approx_kl            | 0.007964916   |
|    clip_fraction        | 0.0744        |
|    clip_range           | 0.2           |
|    entropy_loss         | -2.51         |
|    explained_variance   | 0.976         |
|    learning_rate        | 0.0003        |
|    loss                 | -0.019        |
|    n_updates            | 210           |
|    policy_gradient_loss | -0.00776      |
|    reward               | -0.0018832391 |
|    std                  | 0.846         |
|    value_loss           | 0.0117        |
-------------------------------------------
EPISODE:  47
EPISODE:  48
------------------------------------------
| time/                   |              |
|    fps                  | 187          |
|    iterations           | 23           |
|    time_elapsed         | 250          |
|    total_timesteps      | 47104        |
| train/                  |              |
|    approx_kl            | 0.0042097527 |
|    clip_fraction        | 0.05         |
|    clip_range           | 0.2          |
|    entropy_loss         | -2.5         |
|    explained_variance   | 0.975        |
|    learning_rate        | 0.0003       |
|    loss                 | -0.00682     |
|    n_updates            | 220          |
|    policy_gradient_loss | 0.000456     |
|    reward               | 0.0021505377 |
|    std                  | 0.843        |
|    value_loss           | 0.0121       |
------------------------------------------
EPISODE:  49
EPISODE:  50
------------------------------------------
| time/                   |              |
|    fps                  | 187          |
|    iterations           | 24           |
|    time_elapsed         | 261          |
|    total_timesteps      | 49152        |
| train/                  |              |
|    approx_kl            | 0.0051539037 |
|    clip_fraction        | 0.0543       |
|    clip_range           | 0.2          |
|    entropy_loss         | -2.49        |
|    explained_variance   | 0.972        |
|    learning_rate        | 0.0003       |
|    loss                 | -0.0127      |
|    n_updates            | 230          |
|    policy_gradient_loss | -0.00241     |
|    reward               | 0.0025062656 |
|    std                  | 0.846        |
|    value_loss           | 0.0132       |
------------------------------------------
EPISODE:  51
EPISODE:  52
------------------------------------------
| time/                   |              |
|    fps                  | 187          |
|    iterations           | 25           |
|    time_elapsed         | 272          |
|    total_timesteps      | 51200        |
| train/                  |              |
|    approx_kl            | 0.004818096  |
|    clip_fraction        | 0.0485       |
|    clip_range           | 0.2          |
|    entropy_loss         | -2.48        |
|    explained_variance   | 0.975        |
|    learning_rate        | 0.0003       |
|    loss                 | 0.00443      |
|    n_updates            | 240          |
|    policy_gradient_loss | 0.00316      |
|    reward               | -0.003003003 |
|    std                  | 0.834        |
|    value_loss           | 0.0126       |
------------------------------------------
Saved episode log to Results\250619_hc_binary_udp\ppo\downward\training_logs\06.csv
