EPISODE:  0
{'batch_size': 128, 'buffer_size': 1000000, 'learning_rate': 0.0001, 'learning_starts': 100, 'ent_coef': 'auto_0.1'}
Using cuda device
EPISODE:  1
EPISODE:  2
EPISODE:  3
EPISODE:  4
EPISODE:  5
----------------------------------
| time/              |           |
|    episodes        | 4         |
|    fps             | 8         |
|    time_elapsed    | 485       |
|    total_timesteps | 4000      |
| train/             |           |
|    actor_loss      | -3.14e+04 |
|    critic_loss     | 5.75e+04  |
|    ent_coef        | 0.155     |
|    ent_coef_loss   | 35        |
|    learning_rate   | 0.0001    |
|    n_updates       | 3899      |
|    reward          | 2923.1753 |
----------------------------------
EPISODE:  6
EPISODE:  7
EPISODE:  8
EPISODE:  9
----------------------------------
| time/              |           |
|    episodes        | 8         |
|    fps             | 8         |
|    time_elapsed    | 985       |
|    total_timesteps | 8000      |
| train/             |           |
|    actor_loss      | -6.26e+04 |
|    critic_loss     | 3.49e+05  |
|    ent_coef        | 0.232     |
|    ent_coef_loss   | 27.7      |
|    learning_rate   | 0.0001    |
|    n_updates       | 7899      |
|    reward          | 3318.8857 |
----------------------------------
EPISODE:  10
EPISODE:  11
EPISODE:  12
EPISODE:  13
----------------------------------
| time/              |           |
|    episodes        | 12        |
|    fps             | 8         |
|    time_elapsed    | 1483      |
|    total_timesteps | 12000     |
| train/             |           |
|    actor_loss      | -9.25e+04 |
|    critic_loss     | 6.89e+04  |
|    ent_coef        | 0.345     |
|    ent_coef_loss   | 20        |
|    learning_rate   | 0.0001    |
|    n_updates       | 11899     |
|    reward          | 3318.8857 |
----------------------------------
EPISODE:  14
EPISODE:  15
EPISODE:  16
EPISODE:  17
----------------------------------
| time/              |           |
|    episodes        | 16        |
|    fps             | 8         |
|    time_elapsed    | 1982      |
|    total_timesteps | 16000     |
| train/             |           |
|    actor_loss      | -1.18e+05 |
|    critic_loss     | 9.64e+04  |
|    ent_coef        | 0.515     |
|    ent_coef_loss   | 12.6      |
|    learning_rate   | 0.0001    |
|    n_updates       | 15899     |
|    reward          | 3318.8857 |
----------------------------------
EPISODE:  18
EPISODE:  19
EPISODE:  20
EPISODE:  21
----------------------------------
| time/              |           |
|    episodes        | 20        |
|    fps             | 8         |
|    time_elapsed    | 2480      |
|    total_timesteps | 20000     |
| train/             |           |
|    actor_loss      | -1.29e+05 |
|    critic_loss     | 6.65e+04  |
|    ent_coef        | 0.769     |
|    ent_coef_loss   | 4.93      |
|    learning_rate   | 0.0001    |
|    n_updates       | 19899     |
|    reward          | 3318.8857 |
----------------------------------
EPISODE:  22
EPISODE:  23
EPISODE:  24
EPISODE:  25
----------------------------------
| time/              |           |
|    episodes        | 24        |
|    fps             | 8         |
|    time_elapsed    | 2979      |
|    total_timesteps | 24000     |
| train/             |           |
|    actor_loss      | -1.53e+05 |
|    critic_loss     | 3.4e+05   |
|    ent_coef        | 1.15      |
|    ent_coef_loss   | -2.56     |
|    learning_rate   | 0.0001    |
|    n_updates       | 23899     |
|    reward          | 3318.8857 |
----------------------------------
EPISODE:  26
EPISODE:  27
EPISODE:  28
EPISODE:  29
----------------------------------
| time/              |           |
|    episodes        | 28        |
|    fps             | 8         |
|    time_elapsed    | 3477      |
|    total_timesteps | 28000     |
| train/             |           |
|    actor_loss      | -1.62e+05 |
|    critic_loss     | 4.18e+04  |
|    ent_coef        | 1.71      |
|    ent_coef_loss   | -10.1     |
|    learning_rate   | 0.0001    |
|    n_updates       | 27899     |
|    reward          | 3318.8857 |
----------------------------------
EPISODE:  30
EPISODE:  31
EPISODE:  32
EPISODE:  33
----------------------------------
| time/              |           |
|    episodes        | 32        |
|    fps             | 8         |
|    time_elapsed    | 3977      |
|    total_timesteps | 32000     |
| train/             |           |
|    actor_loss      | -1.73e+05 |
|    critic_loss     | 2.51e+05  |
|    ent_coef        | 2.55      |
|    ent_coef_loss   | -17.5     |
|    learning_rate   | 0.0001    |
|    n_updates       | 31899     |
|    reward          | 3318.8857 |
----------------------------------
EPISODE:  34
EPISODE:  35
EPISODE:  36
EPISODE:  37
----------------------------------
| time/              |           |
|    episodes        | 36        |
|    fps             | 8         |
|    time_elapsed    | 4475      |
|    total_timesteps | 36000     |
| train/             |           |
|    actor_loss      | -1.81e+05 |
|    critic_loss     | 1.31e+05  |
|    ent_coef        | 3.81      |
|    ent_coef_loss   | -25       |
|    learning_rate   | 0.0001    |
|    n_updates       | 35899     |
|    reward          | 3318.8857 |
----------------------------------
EPISODE:  38
EPISODE:  39
EPISODE:  40
EPISODE:  41
----------------------------------
| time/              |           |
|    episodes        | 40        |
|    fps             | 8         |
|    time_elapsed    | 4975      |
|    total_timesteps | 40000     |
| train/             |           |
|    actor_loss      | -1.88e+05 |
|    critic_loss     | 1.01e+05  |
|    ent_coef        | 5.68      |
|    ent_coef_loss   | -32.6     |
|    learning_rate   | 0.0001    |
|    n_updates       | 39899     |
|    reward          | 3318.8857 |
----------------------------------
EPISODE:  42
EPISODE:  43
EPISODE:  44
EPISODE:  45
----------------------------------
| time/              |           |
|    episodes        | 44        |
|    fps             | 8         |
|    time_elapsed    | 5473      |
|    total_timesteps | 44000     |
| train/             |           |
|    actor_loss      | -1.9e+05  |
|    critic_loss     | 8.51e+05  |
|    ent_coef        | 8.47      |
|    ent_coef_loss   | -40.1     |
|    learning_rate   | 0.0001    |
|    n_updates       | 43899     |
|    reward          | 3318.8857 |
----------------------------------
EPISODE:  46
EPISODE:  47
EPISODE:  48
EPISODE:  49
----------------------------------
| time/              |           |
|    episodes        | 48        |
|    fps             | 8         |
|    time_elapsed    | 5974      |
|    total_timesteps | 48000     |
| train/             |           |
|    actor_loss      | -1.94e+05 |
|    critic_loss     | 3.9e+08   |
|    ent_coef        | 12.6      |
|    ent_coef_loss   | -47.8     |
|    learning_rate   | 0.0001    |
|    n_updates       | 47899     |
|    reward          | 3318.8857 |
----------------------------------
EPISODE:  50
EPISODE:  51
EPISODE:  52
EPISODE:  53
----------------------------------
| time/              |           |
|    episodes        | 52        |
|    fps             | 8         |
|    time_elapsed    | 6473      |
|    total_timesteps | 52000     |
| train/             |           |
|    actor_loss      | -1.92e+05 |
|    critic_loss     | 7.52e+04  |
|    ent_coef        | 18.9      |
|    ent_coef_loss   | -55       |
|    learning_rate   | 0.0001    |
|    n_updates       | 51899     |
|    reward          | 3318.8857 |
----------------------------------
EPISODE:  54
EPISODE:  55
EPISODE:  56
EPISODE:  57
----------------------------------
| time/              |           |
|    episodes        | 56        |
|    fps             | 8         |
|    time_elapsed    | 6974      |
|    total_timesteps | 56000     |
| train/             |           |
|    actor_loss      | -1.91e+05 |
|    critic_loss     | 8.25e+04  |
|    ent_coef        | 28.1      |
|    ent_coef_loss   | -62.8     |
|    learning_rate   | 0.0001    |
|    n_updates       | 55899     |
|    reward          | 3318.8857 |
----------------------------------
EPISODE:  58
EPISODE:  59
EPISODE:  60
EPISODE:  61
----------------------------------
| time/              |           |
|    episodes        | 60        |
|    fps             | 8         |
|    time_elapsed    | 7474      |
|    total_timesteps | 60000     |
| train/             |           |
|    actor_loss      | -1.79e+05 |
|    critic_loss     | 1.45e+05  |
|    ent_coef        | 42        |
|    ent_coef_loss   | -70.9     |
|    learning_rate   | 0.0001    |
|    n_updates       | 59899     |
|    reward          | 3318.8857 |
----------------------------------
EPISODE:  62
EPISODE:  63
EPISODE:  64
EPISODE:  65
----------------------------------
| time/              |           |
|    episodes        | 64        |
|    fps             | 8         |
|    time_elapsed    | 7973      |
|    total_timesteps | 64000     |
| train/             |           |
|    actor_loss      | -1.67e+05 |
|    critic_loss     | 2.68e+08  |
|    ent_coef        | 62.6      |
|    ent_coef_loss   | -77.9     |
|    learning_rate   | 0.0001    |
|    n_updates       | 63899     |
|    reward          | 3318.8857 |
----------------------------------
EPISODE:  66
EPISODE:  67
EPISODE:  68
EPISODE:  69
----------------------------------
| time/              |           |
|    episodes        | 68        |
|    fps             | 8         |
|    time_elapsed    | 8474      |
|    total_timesteps | 68000     |
| train/             |           |
|    actor_loss      | -1.55e+05 |
|    critic_loss     | 4.17e+05  |
|    ent_coef        | 93.4      |
|    ent_coef_loss   | -85.5     |
|    learning_rate   | 0.0001    |
|    n_updates       | 67899     |
|    reward          | 3318.8857 |
----------------------------------
EPISODE:  70
EPISODE:  71
EPISODE:  72
EPISODE:  73
----------------------------------
| time/              |           |
|    episodes        | 72        |
|    fps             | 8         |
|    time_elapsed    | 8974      |
|    total_timesteps | 72000     |
| train/             |           |
|    actor_loss      | -1.16e+05 |
|    critic_loss     | 1.86e+05  |
|    ent_coef        | 139       |
|    ent_coef_loss   | -92.7     |
|    learning_rate   | 0.0001    |
|    n_updates       | 71899     |
|    reward          | 3318.8857 |
----------------------------------
EPISODE:  74
EPISODE:  75
EPISODE:  76
EPISODE:  77
----------------------------------
| time/              |           |
|    episodes        | 76        |
|    fps             | 8         |
|    time_elapsed    | 9475      |
|    total_timesteps | 76000     |
| train/             |           |
|    actor_loss      | -7.1e+04  |
|    critic_loss     | 1.87e+05  |
|    ent_coef        | 208       |
|    ent_coef_loss   | -100      |
|    learning_rate   | 0.0001    |
|    n_updates       | 75899     |
|    reward          | 3318.8857 |
----------------------------------
EPISODE:  78
EPISODE:  79
EPISODE:  80
EPISODE:  81
----------------------------------
| time/              |           |
|    episodes        | 80        |
|    fps             | 8         |
|    time_elapsed    | 9975      |
|    total_timesteps | 80000     |
| train/             |           |
|    actor_loss      | 4.17e+03  |
|    critic_loss     | 1.79e+05  |
|    ent_coef        | 310       |
|    ent_coef_loss   | -108      |
|    learning_rate   | 0.0001    |
|    n_updates       | 79899     |
|    reward          | 3318.8857 |
----------------------------------
EPISODE:  82
EPISODE:  83
EPISODE:  84
EPISODE:  85
----------------------------------
| time/              |           |
|    episodes        | 84        |
|    fps             | 8         |
|    time_elapsed    | 10476     |
|    total_timesteps | 84000     |
| train/             |           |
|    actor_loss      | 1.12e+05  |
|    critic_loss     | 8.12e+05  |
|    ent_coef        | 463       |
|    ent_coef_loss   | -116      |
|    learning_rate   | 0.0001    |
|    n_updates       | 83899     |
|    reward          | 3318.8857 |
----------------------------------
EPISODE:  86
EPISODE:  87
EPISODE:  88
EPISODE:  89
----------------------------------
| time/              |           |
|    episodes        | 88        |
|    fps             | 8         |
|    time_elapsed    | 10977     |
|    total_timesteps | 88000     |
| train/             |           |
|    actor_loss      | 2.76e+05  |
|    critic_loss     | 2.12e+06  |
|    ent_coef        | 691       |
|    ent_coef_loss   | -122      |
|    learning_rate   | 0.0001    |
|    n_updates       | 87899     |
|    reward          | 3318.8857 |
----------------------------------
EPISODE:  90
EPISODE:  91
EPISODE:  92
EPISODE:  93
----------------------------------
| time/              |           |
|    episodes        | 92        |
|    fps             | 8         |
|    time_elapsed    | 11478     |
|    total_timesteps | 92000     |
| train/             |           |
|    actor_loss      | 5.1e+05   |
|    critic_loss     | 2.61e+06  |
|    ent_coef        | 1.03e+03  |
|    ent_coef_loss   | -130      |
|    learning_rate   | 0.0001    |
|    n_updates       | 91899     |
|    reward          | 3318.8857 |
----------------------------------
EPISODE:  94
EPISODE:  95
EPISODE:  96
EPISODE:  97
----------------------------------
| time/              |           |
|    episodes        | 96        |
|    fps             | 8         |
|    time_elapsed    | 11977     |
|    total_timesteps | 96000     |
| train/             |           |
|    actor_loss      | 8.62e+05  |
|    critic_loss     | 6.92e+06  |
|    ent_coef        | 1.54e+03  |
|    ent_coef_loss   | -138      |
|    learning_rate   | 0.0001    |
|    n_updates       | 95899     |
|    reward          | 3318.8857 |
----------------------------------
EPISODE:  98
EPISODE:  99
EPISODE:  100
EPISODE:  101
----------------------------------
| time/              |           |
|    episodes        | 100       |
|    fps             | 8         |
|    time_elapsed    | 12478     |
|    total_timesteps | 100000    |
| train/             |           |
|    actor_loss      | 1.38e+06  |
|    critic_loss     | 1.65e+07  |
|    ent_coef        | 2.3e+03   |
|    ent_coef_loss   | -145      |
|    learning_rate   | 0.0001    |
|    n_updates       | 99899     |
|    reward          | 3318.8857 |
----------------------------------
EPISODE:  102
EPISODE:  103
EPISODE:  104
EPISODE:  105
----------------------------------
| time/              |           |
|    episodes        | 104       |
|    fps             | 8         |
|    time_elapsed    | 12978     |
|    total_timesteps | 104000    |
| train/             |           |
|    actor_loss      | 2.14e+06  |
|    critic_loss     | 2.53e+07  |
|    ent_coef        | 3.43e+03  |
|    ent_coef_loss   | -154      |
|    learning_rate   | 0.0001    |
|    n_updates       | 103899    |
|    reward          | 3318.8857 |
----------------------------------
EPISODE:  106
EPISODE:  107
EPISODE:  108
EPISODE:  109
----------------------------------
| time/              |           |
|    episodes        | 108       |
|    fps             | 8         |
|    time_elapsed    | 13480     |
|    total_timesteps | 108000    |
| train/             |           |
|    actor_loss      | 3.29e+06  |
|    critic_loss     | 5.23e+07  |
|    ent_coef        | 5.11e+03  |
|    ent_coef_loss   | -159      |
|    learning_rate   | 0.0001    |
|    n_updates       | 107899    |
|    reward          | 3318.8857 |
----------------------------------
EPISODE:  110
EPISODE:  111
EPISODE:  112
EPISODE:  113
----------------------------------
| time/              |           |
|    episodes        | 112       |
|    fps             | 8         |
|    time_elapsed    | 13981     |
|    total_timesteps | 112000    |
| train/             |           |
|    actor_loss      | 4.98e+06  |
|    critic_loss     | 2.19e+08  |
|    ent_coef        | 7.63e+03  |
|    ent_coef_loss   | -168      |
|    learning_rate   | 0.0001    |
|    n_updates       | 111899    |
|    reward          | 3318.8857 |
----------------------------------
EPISODE:  114
EPISODE:  115
EPISODE:  116
EPISODE:  117
----------------------------------
| time/              |           |
|    episodes        | 116       |
|    fps             | 8         |
|    time_elapsed    | 14482     |
|    total_timesteps | 116000    |
| train/             |           |
|    actor_loss      | 7.49e+06  |
|    critic_loss     | 8.98e+08  |
|    ent_coef        | 1.14e+04  |
|    ent_coef_loss   | -175      |
|    learning_rate   | 0.0001    |
|    n_updates       | 115899    |
|    reward          | 3318.8857 |
----------------------------------
EPISODE:  118
EPISODE:  119
EPISODE:  120
EPISODE:  121
----------------------------------
| time/              |           |
|    episodes        | 120       |
|    fps             | 8         |
|    time_elapsed    | 14983     |
|    total_timesteps | 120000    |
| train/             |           |
|    actor_loss      | 1.13e+07  |
|    critic_loss     | 3.7e+09   |
|    ent_coef        | 1.7e+04   |
|    ent_coef_loss   | -183      |
|    learning_rate   | 0.0001    |
|    n_updates       | 119899    |
|    reward          | 3318.8857 |
----------------------------------
EPISODE:  122
EPISODE:  123
EPISODE:  124
EPISODE:  125
----------------------------------
| time/              |           |
|    episodes        | 124       |
|    fps             | 8         |
|    time_elapsed    | 15483     |
|    total_timesteps | 124000    |
| train/             |           |
|    actor_loss      | 1.67e+07  |
|    critic_loss     | 4.94e+09  |
|    ent_coef        | 2.54e+04  |
|    ent_coef_loss   | -192      |
|    learning_rate   | 0.0001    |
|    n_updates       | 123899    |
|    reward          | 3318.8857 |
----------------------------------
EPISODE:  126
EPISODE:  127
EPISODE:  128
EPISODE:  129
----------------------------------
| time/              |           |
|    episodes        | 128       |
|    fps             | 8         |
|    time_elapsed    | 15984     |
|    total_timesteps | 128000    |
| train/             |           |
|    actor_loss      | 2.5e+07   |
|    critic_loss     | 9.59e+09  |
|    ent_coef        | 3.79e+04  |
|    ent_coef_loss   | -197      |
|    learning_rate   | 0.0001    |
|    n_updates       | 127899    |
|    reward          | 3318.8857 |
----------------------------------
EPISODE:  130
EPISODE:  131
EPISODE:  132
EPISODE:  133
----------------------------------
| time/              |           |
|    episodes        | 132       |
|    fps             | 8         |
|    time_elapsed    | 16484     |
|    total_timesteps | 132000    |
| train/             |           |
|    actor_loss      | 3.68e+07  |
|    critic_loss     | 3.95e+10  |
|    ent_coef        | 5.66e+04  |
|    ent_coef_loss   | -206      |
|    learning_rate   | 0.0001    |
|    n_updates       | 131899    |
|    reward          | 3318.8857 |
----------------------------------
EPISODE:  134
EPISODE:  135
EPISODE:  136
EPISODE:  137
----------------------------------
| time/              |           |
|    episodes        | 136       |
|    fps             | 8         |
|    time_elapsed    | 16985     |
|    total_timesteps | 136000    |
| train/             |           |
|    actor_loss      | 5.47e+07  |
|    critic_loss     | 1.06e+11  |
|    ent_coef        | 8.44e+04  |
|    ent_coef_loss   | -213      |
|    learning_rate   | 0.0001    |
|    n_updates       | 135899    |
|    reward          | 3318.8857 |
----------------------------------
EPISODE:  138
EPISODE:  139
EPISODE:  140
EPISODE:  141
----------------------------------
| time/              |           |
|    episodes        | 140       |
|    fps             | 8         |
|    time_elapsed    | 17485     |
|    total_timesteps | 140000    |
| train/             |           |
|    actor_loss      | 7.94e+07  |
|    critic_loss     | 3.98e+11  |
|    ent_coef        | 1.26e+05  |
|    ent_coef_loss   | -223      |
|    learning_rate   | 0.0001    |
|    n_updates       | 139899    |
|    reward          | 3318.8857 |
----------------------------------
EPISODE:  142
EPISODE:  143
EPISODE:  144
EPISODE:  145
----------------------------------
| time/              |           |
|    episodes        | 144       |
|    fps             | 8         |
|    time_elapsed    | 17986     |
|    total_timesteps | 144000    |
| train/             |           |
|    actor_loss      | 1.15e+08  |
|    critic_loss     | 1.02e+12  |
|    ent_coef        | 1.88e+05  |
|    ent_coef_loss   | -229      |
|    learning_rate   | 0.0001    |
|    n_updates       | 143899    |
|    reward          | 3318.8857 |
----------------------------------
EPISODE:  146
EPISODE:  147
EPISODE:  148
EPISODE:  149
----------------------------------
| time/              |           |
|    episodes        | 148       |
|    fps             | 8         |
|    time_elapsed    | 18486     |
|    total_timesteps | 148000    |
| train/             |           |
|    actor_loss      | 1.75e+08  |
|    critic_loss     | 2.14e+12  |
|    ent_coef        | 2.81e+05  |
|    ent_coef_loss   | -235      |
|    learning_rate   | 0.0001    |
|    n_updates       | 147899    |
|    reward          | 3318.8857 |
----------------------------------
EPISODE:  150
EPISODE:  151
EPISODE:  152
EPISODE:  153
----------------------------------
| time/              |           |
|    episodes        | 152       |
|    fps             | 8         |
|    time_elapsed    | 18986     |
|    total_timesteps | 152000    |
| train/             |           |
|    actor_loss      | 2.44e+08  |
|    critic_loss     | 8.73e+12  |
|    ent_coef        | 4.19e+05  |
|    ent_coef_loss   | -243      |
|    learning_rate   | 0.0001    |
|    n_updates       | 151899    |
|    reward          | 3318.8857 |
----------------------------------
EPISODE:  154
EPISODE:  155
EPISODE:  156
EPISODE:  157
----------------------------------
| time/              |           |
|    episodes        | 156       |
|    fps             | 8         |
|    time_elapsed    | 19486     |
|    total_timesteps | 156000    |
| train/             |           |
|    actor_loss      | 3.63e+08  |
|    critic_loss     | 2.4e+13   |
|    ent_coef        | 6.25e+05  |
|    ent_coef_loss   | -251      |
|    learning_rate   | 0.0001    |
|    n_updates       | 155899    |
|    reward          | 3318.8857 |
----------------------------------
EPISODE:  158
EPISODE:  159
EPISODE:  160
EPISODE:  161
----------------------------------
| time/              |           |
|    episodes        | 160       |
|    fps             | 8         |
|    time_elapsed    | 19987     |
|    total_timesteps | 160000    |
| train/             |           |
|    actor_loss      | 4.98e+08  |
|    critic_loss     | 6.17e+13  |
|    ent_coef        | 9.34e+05  |
|    ent_coef_loss   | -260      |
|    learning_rate   | 0.0001    |
|    n_updates       | 159899    |
|    reward          | 3318.8857 |
----------------------------------
EPISODE:  162
EPISODE:  163
EPISODE:  164
EPISODE:  165
----------------------------------
| time/              |           |
|    episodes        | 164       |
|    fps             | 8         |
|    time_elapsed    | 20488     |
|    total_timesteps | 164000    |
| train/             |           |
|    actor_loss      | 7.58e+08  |
|    critic_loss     | 1.43e+14  |
|    ent_coef        | 1.39e+06  |
|    ent_coef_loss   | -267      |
|    learning_rate   | 0.0001    |
|    n_updates       | 163899    |
|    reward          | 3318.8857 |
----------------------------------
EPISODE:  166
EPISODE:  167
EPISODE:  168
EPISODE:  169
----------------------------------
| time/              |           |
|    episodes        | 168       |
|    fps             | 8         |
|    time_elapsed    | 20987     |
|    total_timesteps | 168000    |
| train/             |           |
|    actor_loss      | 1.05e+09  |
|    critic_loss     | 3.78e+14  |
|    ent_coef        | 2.08e+06  |
|    ent_coef_loss   | -273      |
|    learning_rate   | 0.0001    |
|    n_updates       | 167899    |
|    reward          | 3318.8857 |
----------------------------------
EPISODE:  170
EPISODE:  171
EPISODE:  172
EPISODE:  173
----------------------------------
| time/              |           |
|    episodes        | 172       |
|    fps             | 8         |
|    time_elapsed    | 21489     |
|    total_timesteps | 172000    |
| train/             |           |
|    actor_loss      | 1.41e+09  |
|    critic_loss     | 1.18e+15  |
|    ent_coef        | 3.1e+06   |
|    ent_coef_loss   | -281      |
|    learning_rate   | 0.0001    |
|    n_updates       | 171899    |
|    reward          | 3318.8857 |
----------------------------------
EPISODE:  174
EPISODE:  175
EPISODE:  176
EPISODE:  177
----------------------------------
| time/              |           |
|    episodes        | 176       |
|    fps             | 8         |
|    time_elapsed    | 21988     |
|    total_timesteps | 176000    |
| train/             |           |
|    actor_loss      | 1.82e+09  |
|    critic_loss     | 3.46e+15  |
|    ent_coef        | 4.63e+06  |
|    ent_coef_loss   | -290      |
|    learning_rate   | 0.0001    |
|    n_updates       | 175899    |
|    reward          | 3318.8857 |
----------------------------------
EPISODE:  178
EPISODE:  179
EPISODE:  180
EPISODE:  181
----------------------------------
| time/              |           |
|    episodes        | 180       |
|    fps             | 8         |
|    time_elapsed    | 22489     |
|    total_timesteps | 180000    |
| train/             |           |
|    actor_loss      | 2.62e+09  |
|    critic_loss     | 1.25e+17  |
|    ent_coef        | 6.92e+06  |
|    ent_coef_loss   | -295      |
|    learning_rate   | 0.0001    |
|    n_updates       | 179899    |
|    reward          | 3318.8857 |
----------------------------------
EPISODE:  182
EPISODE:  183
EPISODE:  184
EPISODE:  185
----------------------------------
| time/              |           |
|    episodes        | 184       |
|    fps             | 8         |
|    time_elapsed    | 22989     |
|    total_timesteps | 184000    |
| train/             |           |
|    actor_loss      | 3.26e+09  |
|    critic_loss     | 2.32e+16  |
|    ent_coef        | 1.03e+07  |
|    ent_coef_loss   | -305      |
|    learning_rate   | 0.0001    |
|    n_updates       | 183899    |
|    reward          | 3318.8857 |
----------------------------------
EPISODE:  186
EPISODE:  187
EPISODE:  188
EPISODE:  189
----------------------------------
| time/              |           |
|    episodes        | 188       |
|    fps             | 8         |
|    time_elapsed    | 23491     |
|    total_timesteps | 188000    |
| train/             |           |
|    actor_loss      | 4.29e+09  |
|    critic_loss     | 3.77e+17  |
|    ent_coef        | 1.53e+07  |
|    ent_coef_loss   | -311      |
|    learning_rate   | 0.0001    |
|    n_updates       | 187899    |
|    reward          | 3318.8857 |
----------------------------------
EPISODE:  190
EPISODE:  191
EPISODE:  192
EPISODE:  193
----------------------------------
| time/              |           |
|    episodes        | 192       |
|    fps             | 8         |
|    time_elapsed    | 23991     |
|    total_timesteps | 192000    |
| train/             |           |
|    actor_loss      | 5.17e+09  |
|    critic_loss     | 1.5e+17   |
|    ent_coef        | 2.28e+07  |
|    ent_coef_loss   | -321      |
|    learning_rate   | 0.0001    |
|    n_updates       | 191899    |
|    reward          | 3318.8857 |
----------------------------------
EPISODE:  194
EPISODE:  195
EPISODE:  196
EPISODE:  197
----------------------------------
| time/              |           |
|    episodes        | 196       |
|    fps             | 8         |
|    time_elapsed    | 24492     |
|    total_timesteps | 196000    |
| train/             |           |
|    actor_loss      | 6.65e+09  |
|    critic_loss     | 1.11e+18  |
|    ent_coef        | 3.4e+07   |
|    ent_coef_loss   | -325      |
|    learning_rate   | 0.0001    |
|    n_updates       | 195899    |
|    reward          | 3318.8857 |
----------------------------------
EPISODE:  198
EPISODE:  199
EPISODE:  200
EPISODE:  201
----------------------------------
| time/              |           |
|    episodes        | 200       |
|    fps             | 8         |
|    time_elapsed    | 24992     |
|    total_timesteps | 200000    |
| train/             |           |
|    actor_loss      | 8.44e+09  |
|    critic_loss     | 8.48e+17  |
|    ent_coef        | 5.06e+07  |
|    ent_coef_loss   | -336      |
|    learning_rate   | 0.0001    |
|    n_updates       | 199899    |
|    reward          | 3318.8857 |
----------------------------------
EPISODE:  202
EPISODE:  203
EPISODE:  204
EPISODE:  205
----------------------------------
| time/              |           |
|    episodes        | 204       |
|    fps             | 8         |
|    time_elapsed    | 25494     |
|    total_timesteps | 204000    |
| train/             |           |
|    actor_loss      | 1.01e+10  |
|    critic_loss     | 1.96e+18  |
|    ent_coef        | 7.52e+07  |
|    ent_coef_loss   | -337      |
|    learning_rate   | 0.0001    |
|    n_updates       | 203899    |
|    reward          | 3318.8857 |
----------------------------------
EPISODE:  206
EPISODE:  207
EPISODE:  208
EPISODE:  209
----------------------------------
| time/              |           |
|    episodes        | 208       |
|    fps             | 8         |
|    time_elapsed    | 25993     |
|    total_timesteps | 208000    |
| train/             |           |
|    actor_loss      | 1.27e+10  |
|    critic_loss     | 4.57e+18  |
|    ent_coef        | 1.12e+08  |
|    ent_coef_loss   | -350      |
|    learning_rate   | 0.0001    |
|    n_updates       | 207899    |
|    reward          | 3318.8857 |
----------------------------------
EPISODE:  210
EPISODE:  211
EPISODE:  212
EPISODE:  213
----------------------------------
| time/              |           |
|    episodes        | 212       |
|    fps             | 8         |
|    time_elapsed    | 26495     |
|    total_timesteps | 212000    |
| train/             |           |
|    actor_loss      | 1.57e+10  |
|    critic_loss     | 1.34e+19  |
|    ent_coef        | 1.67e+08  |
|    ent_coef_loss   | -355      |
|    learning_rate   | 0.0001    |
|    n_updates       | 211899    |
|    reward          | 3318.8857 |
----------------------------------
EPISODE:  214
EPISODE:  215
EPISODE:  216
EPISODE:  217
----------------------------------
| time/              |           |
|    episodes        | 216       |
|    fps             | 8         |
|    time_elapsed    | 26995     |
|    total_timesteps | 216000    |
| train/             |           |
|    actor_loss      | 2.03e+10  |
|    critic_loss     | 2.38e+19  |
|    ent_coef        | 2.48e+08  |
|    ent_coef_loss   | -367      |
|    learning_rate   | 0.0001    |
|    n_updates       | 215899    |
|    reward          | 3318.8857 |
----------------------------------
EPISODE:  218
EPISODE:  219
EPISODE:  220
EPISODE:  221
----------------------------------
| time/              |           |
|    episodes        | 220       |
|    fps             | 8         |
|    time_elapsed    | 27496     |
|    total_timesteps | 220000    |
| train/             |           |
|    actor_loss      | 2.44e+10  |
|    critic_loss     | 5.46e+19  |
|    ent_coef        | 3.69e+08  |
|    ent_coef_loss   | -372      |
|    learning_rate   | 0.0001    |
|    n_updates       | 219899    |
|    reward          | 3318.8857 |
----------------------------------
EPISODE:  222
EPISODE:  223
EPISODE:  224
EPISODE:  225
----------------------------------
| time/              |           |
|    episodes        | 224       |
|    fps             | 8         |
|    time_elapsed    | 27997     |
|    total_timesteps | 224000    |
| train/             |           |
|    actor_loss      | 3.02e+10  |
|    critic_loss     | 1.19e+20  |
|    ent_coef        | 5.49e+08  |
|    ent_coef_loss   | -381      |
|    learning_rate   | 0.0001    |
|    n_updates       | 223899    |
|    reward          | 3318.8857 |
----------------------------------
EPISODE:  226
EPISODE:  227
EPISODE:  228
EPISODE:  229
----------------------------------
| time/              |           |
|    episodes        | 228       |
|    fps             | 8         |
|    time_elapsed    | 28497     |
|    total_timesteps | 228000    |
| train/             |           |
|    actor_loss      | 3.79e+10  |
|    critic_loss     | 2.74e+20  |
|    ent_coef        | 8.17e+08  |
|    ent_coef_loss   | -390      |
|    learning_rate   | 0.0001    |
|    n_updates       | 227899    |
|    reward          | 3318.8857 |
----------------------------------
EPISODE:  230
EPISODE:  231
EPISODE:  232
EPISODE:  233
----------------------------------
| time/              |           |
|    episodes        | 232       |
|    fps             | 8         |
|    time_elapsed    | 28998     |
|    total_timesteps | 232000    |
| train/             |           |
|    actor_loss      | 4.87e+10  |
|    critic_loss     | 6.18e+20  |
|    ent_coef        | 1.22e+09  |
|    ent_coef_loss   | -392      |
|    learning_rate   | 0.0001    |
|    n_updates       | 231899    |
|    reward          | 3318.8857 |
----------------------------------
EPISODE:  234
EPISODE:  235
EPISODE:  236
EPISODE:  237
----------------------------------
| time/              |           |
|    episodes        | 236       |
|    fps             | 8         |
|    time_elapsed    | 29499     |
|    total_timesteps | 236000    |
| train/             |           |
|    actor_loss      | 6.42e+10  |
|    critic_loss     | 1.37e+21  |
|    ent_coef        | 1.81e+09  |
|    ent_coef_loss   | -405      |
|    learning_rate   | 0.0001    |
|    n_updates       | 235899    |
|    reward          | 3318.8857 |
----------------------------------
EPISODE:  238
EPISODE:  239
EPISODE:  240
EPISODE:  241
----------------------------------
| time/              |           |
|    episodes        | 240       |
|    fps             | 7         |
|    time_elapsed    | 30000     |
|    total_timesteps | 240000    |
| train/             |           |
|    actor_loss      | 8.71e+10  |
|    critic_loss     | 3.04e+21  |
|    ent_coef        | 2.69e+09  |
|    ent_coef_loss   | -409      |
|    learning_rate   | 0.0001    |
|    n_updates       | 239899    |
|    reward          | 3318.8857 |
----------------------------------
EPISODE:  242
EPISODE:  243
EPISODE:  244
EPISODE:  245
----------------------------------
| time/              |           |
|    episodes        | 244       |
|    fps             | 7         |
|    time_elapsed    | 30500     |
|    total_timesteps | 244000    |
| train/             |           |
|    actor_loss      | 1.17e+11  |
|    critic_loss     | 6.77e+21  |
|    ent_coef        | 4e+09     |
|    ent_coef_loss   | -417      |
|    learning_rate   | 0.0001    |
|    n_updates       | 243899    |
|    reward          | 3318.8857 |
----------------------------------
EPISODE:  246
EPISODE:  247
EPISODE:  248
EPISODE:  249
----------------------------------
| time/              |           |
|    episodes        | 248       |
|    fps             | 7         |
|    time_elapsed    | 31001     |
|    total_timesteps | 248000    |
| train/             |           |
|    actor_loss      | 1.62e+11  |
|    critic_loss     | 1.49e+22  |
|    ent_coef        | 5.96e+09  |
|    ent_coef_loss   | -419      |
|    learning_rate   | 0.0001    |
|    n_updates       | 247899    |
|    reward          | 3318.8857 |
----------------------------------
EPISODE:  250
EPISODE:  251
EPISODE:  252
EPISODE:  253
----------------------------------
| time/              |           |
|    episodes        | 252       |
|    fps             | 8         |
|    time_elapsed    | 31490     |
|    total_timesteps | 252000    |
| train/             |           |
|    actor_loss      | 2.25e+11  |
|    critic_loss     | 3.34e+22  |
|    ent_coef        | 8.87e+09  |
|    ent_coef_loss   | -431      |
|    learning_rate   | 0.0001    |
|    n_updates       | 251899    |
|    reward          | 3318.8857 |
----------------------------------
EPISODE:  254
EPISODE:  255
EPISODE:  256
EPISODE:  257
----------------------------------
| time/              |           |
|    episodes        | 256       |
|    fps             | 8         |
|    time_elapsed    | 31984     |
|    total_timesteps | 256000    |
| train/             |           |
|    actor_loss      | 3.18e+11  |
|    critic_loss     | 7.32e+22  |
|    ent_coef        | 1.32e+10  |
|    ent_coef_loss   | -437      |
|    learning_rate   | 0.0001    |
|    n_updates       | 255899    |
|    reward          | 3318.8857 |
----------------------------------
EPISODE:  258
EPISODE:  259
EPISODE:  260
EPISODE:  261
----------------------------------
| time/              |           |
|    episodes        | 260       |
|    fps             | 8         |
|    time_elapsed    | 32475     |
|    total_timesteps | 260000    |
| train/             |           |
|    actor_loss      | 4.58e+11  |
|    critic_loss     | 1.63e+23  |
|    ent_coef        | 1.96e+10  |
|    ent_coef_loss   | -442      |
|    learning_rate   | 0.0001    |
|    n_updates       | 259899    |
|    reward          | 3318.8857 |
----------------------------------
EPISODE:  262
EPISODE:  263
EPISODE:  264
EPISODE:  265
----------------------------------
| time/              |           |
|    episodes        | 264       |
|    fps             | 8         |
|    time_elapsed    | 32969     |
|    total_timesteps | 264000    |
| train/             |           |
|    actor_loss      | 6.62e+11  |
|    critic_loss     | 3.58e+23  |
|    ent_coef        | 2.92e+10  |
|    ent_coef_loss   | -453      |
|    learning_rate   | 0.0001    |
|    n_updates       | 263899    |
|    reward          | 3318.8857 |
----------------------------------
EPISODE:  266
EPISODE:  267
EPISODE:  268
EPISODE:  269
----------------------------------
| time/              |           |
|    episodes        | 268       |
|    fps             | 8         |
|    time_elapsed    | 33469     |
|    total_timesteps | 268000    |
| train/             |           |
|    actor_loss      | 9.56e+11  |
|    critic_loss     | 7.84e+23  |
|    ent_coef        | 4.35e+10  |
|    ent_coef_loss   | -458      |
|    learning_rate   | 0.0001    |
|    n_updates       | 267899    |
|    reward          | 3318.8857 |
----------------------------------
EPISODE:  270
EPISODE:  271
EPISODE:  272
EPISODE:  273
----------------------------------
| time/              |           |
|    episodes        | 272       |
|    fps             | 8         |
|    time_elapsed    | 33993     |
|    total_timesteps | 272000    |
| train/             |           |
|    actor_loss      | 1.41e+12  |
|    critic_loss     | 1.78e+24  |
|    ent_coef        | 6.47e+10  |
|    ent_coef_loss   | -469      |
|    learning_rate   | 0.0001    |
|    n_updates       | 271899    |
|    reward          | 3318.8857 |
----------------------------------
EPISODE:  274
EPISODE:  275
EPISODE:  276
EPISODE:  277
----------------------------------
| time/              |           |
|    episodes        | 276       |
|    fps             | 7         |
|    time_elapsed    | 34518     |
|    total_timesteps | 276000    |
| train/             |           |
|    actor_loss      | 2.07e+12  |
|    critic_loss     | 3.91e+24  |
|    ent_coef        | 9.63e+10  |
|    ent_coef_loss   | -478      |
|    learning_rate   | 0.0001    |
|    n_updates       | 275899    |
|    reward          | 3318.8857 |
----------------------------------
EPISODE:  278
EPISODE:  279
EPISODE:  280
EPISODE:  281
----------------------------------
| time/              |           |
|    episodes        | 280       |
|    fps             | 7         |
|    time_elapsed    | 35041     |
|    total_timesteps | 280000    |
| train/             |           |
|    actor_loss      | 3.05e+12  |
|    critic_loss     | 8.6e+24   |
|    ent_coef        | 1.43e+11  |
|    ent_coef_loss   | -485      |
|    learning_rate   | 0.0001    |
|    n_updates       | 279899    |
|    reward          | 3318.8857 |
----------------------------------
EPISODE:  282
EPISODE:  283
EPISODE:  284
EPISODE:  285
----------------------------------
| time/              |           |
|    episodes        | 284       |
|    fps             | 7         |
|    time_elapsed    | 35566     |
|    total_timesteps | 284000    |
| train/             |           |
|    actor_loss      | 4.53e+12  |
|    critic_loss     | 1.95e+25  |
|    ent_coef        | 2.13e+11  |
|    ent_coef_loss   | -494      |
|    learning_rate   | 0.0001    |
|    n_updates       | 283899    |
|    reward          | 3318.8857 |
----------------------------------
EPISODE:  286
EPISODE:  287
EPISODE:  288
EPISODE:  289
----------------------------------
| time/              |           |
|    episodes        | 288       |
|    fps             | 7         |
|    time_elapsed    | 36090     |
|    total_timesteps | 288000    |
| train/             |           |
|    actor_loss      | 6.71e+12  |
|    critic_loss     | 4.24e+25  |
|    ent_coef        | 3.17e+11  |
|    ent_coef_loss   | -502      |
|    learning_rate   | 0.0001    |
|    n_updates       | 287899    |
|    reward          | 3318.8857 |
----------------------------------
EPISODE:  290
EPISODE:  291
EPISODE:  292
EPISODE:  293
----------------------------------
| time/              |           |
|    episodes        | 292       |
|    fps             | 7         |
|    time_elapsed    | 36615     |
|    total_timesteps | 292000    |
| train/             |           |
|    actor_loss      | 9.94e+12  |
|    critic_loss     | 9.47e+25  |
|    ent_coef        | 4.72e+11  |
|    ent_coef_loss   | -508      |
|    learning_rate   | 0.0001    |
|    n_updates       | 291899    |
|    reward          | 3318.8857 |
----------------------------------
EPISODE:  294
EPISODE:  295
EPISODE:  296
EPISODE:  297
----------------------------------
| time/              |           |
|    episodes        | 296       |
|    fps             | 7         |
|    time_elapsed    | 37139     |
|    total_timesteps | 296000    |
| train/             |           |
|    actor_loss      | 1.46e+13  |
|    critic_loss     | 2.1e+26   |
|    ent_coef        | 7.03e+11  |
|    ent_coef_loss   | -511      |
|    learning_rate   | 0.0001    |
|    n_updates       | 295899    |
|    reward          | 3318.8857 |
----------------------------------
EPISODE:  298
EPISODE:  299
EPISODE:  300
EPISODE:  301
----------------------------------
| time/              |           |
|    episodes        | 300       |
|    fps             | 7         |
|    time_elapsed    | 37663     |
|    total_timesteps | 300000    |
| train/             |           |
|    actor_loss      | 2.18e+13  |
|    critic_loss     | 4.64e+26  |
|    ent_coef        | 1.05e+12  |
|    ent_coef_loss   | -519      |
|    learning_rate   | 0.0001    |
|    n_updates       | 299899    |
|    reward          | 3318.8857 |
----------------------------------
EPISODE:  302
EPISODE:  303
EPISODE:  304
EPISODE:  305
----------------------------------
| time/              |           |
|    episodes        | 304       |
|    fps             | 7         |
|    time_elapsed    | 38188     |
|    total_timesteps | 304000    |
| train/             |           |
|    actor_loss      | 3.25e+13  |
|    critic_loss     | 1.02e+27  |
|    ent_coef        | 1.56e+12  |
|    ent_coef_loss   | -528      |
|    learning_rate   | 0.0001    |
|    n_updates       | 303899    |
|    reward          | 3318.8857 |
----------------------------------
EPISODE:  306
EPISODE:  307
EPISODE:  308
EPISODE:  309
----------------------------------
| time/              |           |
|    episodes        | 308       |
|    fps             | 7         |
|    time_elapsed    | 38711     |
|    total_timesteps | 308000    |
| train/             |           |
|    actor_loss      | 4.83e+13  |
|    critic_loss     | 2.28e+27  |
|    ent_coef        | 2.31e+12  |
|    ent_coef_loss   | -536      |
|    learning_rate   | 0.0001    |
|    n_updates       | 307899    |
|    reward          | 3318.8857 |
----------------------------------
EPISODE:  310
EPISODE:  311
EPISODE:  312
EPISODE:  313
----------------------------------
| time/              |           |
|    episodes        | 312       |
|    fps             | 7         |
|    time_elapsed    | 39236     |
|    total_timesteps | 312000    |
| train/             |           |
|    actor_loss      | 7.21e+13  |
|    critic_loss     | 4.98e+27  |
|    ent_coef        | 3.44e+12  |
|    ent_coef_loss   | -546      |
|    learning_rate   | 0.0001    |
|    n_updates       | 311899    |
|    reward          | 3318.8857 |
----------------------------------
EPISODE:  314
EPISODE:  315
EPISODE:  316
EPISODE:  317
----------------------------------
| time/              |           |
|    episodes        | 316       |
|    fps             | 7         |
|    time_elapsed    | 39760     |
|    total_timesteps | 316000    |
| train/             |           |
|    actor_loss      | 1.07e+14  |
|    critic_loss     | 1.11e+28  |
|    ent_coef        | 5.13e+12  |
|    ent_coef_loss   | -553      |
|    learning_rate   | 0.0001    |
|    n_updates       | 315899    |
|    reward          | 3318.8857 |
----------------------------------
EPISODE:  318
EPISODE:  319
EPISODE:  320
EPISODE:  321
----------------------------------
| time/              |           |
|    episodes        | 320       |
|    fps             | 7         |
|    time_elapsed    | 40285     |
|    total_timesteps | 320000    |
| train/             |           |
|    actor_loss      | 1.59e+14  |
|    critic_loss     | 2.49e+28  |
|    ent_coef        | 7.63e+12  |
|    ent_coef_loss   | -558      |
|    learning_rate   | 0.0001    |
|    n_updates       | 319899    |
|    reward          | 3318.8857 |
----------------------------------
EPISODE:  322
EPISODE:  323
EPISODE:  324
EPISODE:  325
----------------------------------
| time/              |           |
|    episodes        | 324       |
|    fps             | 7         |
|    time_elapsed    | 40809     |
|    total_timesteps | 324000    |
| train/             |           |
|    actor_loss      | 2.35e+14  |
|    critic_loss     | 5.49e+28  |
|    ent_coef        | 1.13e+13  |
|    ent_coef_loss   | -563      |
|    learning_rate   | 0.0001    |
|    n_updates       | 323899    |
|    reward          | 3318.8857 |
----------------------------------
EPISODE:  326
EPISODE:  327
EPISODE:  328
EPISODE:  329
----------------------------------
| time/              |           |
|    episodes        | 328       |
|    fps             | 7         |
|    time_elapsed    | 41334     |
|    total_timesteps | 328000    |
| train/             |           |
|    actor_loss      | 3.51e+14  |
|    critic_loss     | 1.2e+29   |
|    ent_coef        | 1.69e+13  |
|    ent_coef_loss   | -572      |
|    learning_rate   | 0.0001    |
|    n_updates       | 327899    |
|    reward          | 3318.8857 |
----------------------------------
EPISODE:  330
EPISODE:  331
EPISODE:  332
EPISODE:  333
----------------------------------
| time/              |           |
|    episodes        | 332       |
|    fps             | 7         |
|    time_elapsed    | 41858     |
|    total_timesteps | 332000    |
| train/             |           |
|    actor_loss      | 5.22e+14  |
|    critic_loss     | 2.71e+29  |
|    ent_coef        | 2.51e+13  |
|    ent_coef_loss   | -579      |
|    learning_rate   | 0.0001    |
|    n_updates       | 331899    |
|    reward          | 3318.8857 |
----------------------------------
EPISODE:  334
EPISODE:  335
EPISODE:  336
EPISODE:  337
----------------------------------
| time/              |           |
|    episodes        | 336       |
|    fps             | 7         |
|    time_elapsed    | 42384     |
|    total_timesteps | 336000    |
| train/             |           |
|    actor_loss      | 7.82e+14  |
|    critic_loss     | 5.9e+29   |
|    ent_coef        | 3.74e+13  |
|    ent_coef_loss   | -591      |
|    learning_rate   | 0.0001    |
|    n_updates       | 335899    |
|    reward          | 3318.8857 |
----------------------------------
EPISODE:  338
EPISODE:  339
EPISODE:  340
EPISODE:  341
----------------------------------
| time/              |           |
|    episodes        | 340       |
|    fps             | 7         |
|    time_elapsed    | 42909     |
|    total_timesteps | 340000    |
| train/             |           |
|    actor_loss      | 1.15e+15  |
|    critic_loss     | 1.31e+30  |
|    ent_coef        | 5.56e+13  |
|    ent_coef_loss   | -591      |
|    learning_rate   | 0.0001    |
|    n_updates       | 339899    |
|    reward          | 3318.8857 |
----------------------------------
EPISODE:  342
EPISODE:  343
EPISODE:  344
EPISODE:  345
----------------------------------
| time/              |           |
|    episodes        | 344       |
|    fps             | 7         |
|    time_elapsed    | 43433     |
|    total_timesteps | 344000    |
| train/             |           |
|    actor_loss      | 1.72e+15  |
|    critic_loss     | 2.91e+30  |
|    ent_coef        | 8.28e+13  |
|    ent_coef_loss   | -602      |
|    learning_rate   | 0.0001    |
|    n_updates       | 343899    |
|    reward          | 3318.8857 |
----------------------------------
EPISODE:  346
EPISODE:  347
EPISODE:  348
EPISODE:  349
----------------------------------
| time/              |           |
|    episodes        | 348       |
|    fps             | 7         |
|    time_elapsed    | 43958     |
|    total_timesteps | 348000    |
| train/             |           |
|    actor_loss      | 2.57e+15  |
|    critic_loss     | 6.45e+30  |
|    ent_coef        | 1.23e+14  |
|    ent_coef_loss   | -612      |
|    learning_rate   | 0.0001    |
|    n_updates       | 347899    |
|    reward          | 3318.8857 |
----------------------------------
EPISODE:  350
EPISODE:  351
EPISODE:  352
EPISODE:  353
----------------------------------
| time/              |           |
|    episodes        | 352       |
|    fps             | 7         |
|    time_elapsed    | 44483     |
|    total_timesteps | 352000    |
| train/             |           |
|    actor_loss      | 3.79e+15  |
|    critic_loss     | 1.43e+31  |
|    ent_coef        | 1.83e+14  |
|    ent_coef_loss   | -614      |
|    learning_rate   | 0.0001    |
|    n_updates       | 351899    |
|    reward          | 3318.8857 |
----------------------------------
EPISODE:  354
EPISODE:  355
EPISODE:  356
EPISODE:  357
----------------------------------
| time/              |           |
|    episodes        | 356       |
|    fps             | 7         |
|    time_elapsed    | 45008     |
|    total_timesteps | 356000    |
| train/             |           |
|    actor_loss      | 5.63e+15  |
|    critic_loss     | 3.11e+31  |
|    ent_coef        | 2.72e+14  |
|    ent_coef_loss   | -621      |
|    learning_rate   | 0.0001    |
|    n_updates       | 355899    |
|    reward          | 3318.8857 |
----------------------------------
EPISODE:  358
EPISODE:  359
EPISODE:  360
EPISODE:  361
----------------------------------
| time/              |           |
|    episodes        | 360       |
|    fps             | 7         |
|    time_elapsed    | 45532     |
|    total_timesteps | 360000    |
| train/             |           |
|    actor_loss      | 8.43e+15  |
|    critic_loss     | 6.92e+31  |
|    ent_coef        | 4.05e+14  |
|    ent_coef_loss   | -633      |
|    learning_rate   | 0.0001    |
|    n_updates       | 359899    |
|    reward          | 3318.8857 |
----------------------------------
EPISODE:  362
EPISODE:  363
EPISODE:  364
EPISODE:  365
----------------------------------
| time/              |           |
|    episodes        | 364       |
|    fps             | 7         |
|    time_elapsed    | 46057     |
|    total_timesteps | 364000    |
| train/             |           |
|    actor_loss      | 1.25e+16  |
|    critic_loss     | 1.52e+32  |
|    ent_coef        | 6.02e+14  |
|    ent_coef_loss   | -638      |
|    learning_rate   | 0.0001    |
|    n_updates       | 363899    |
|    reward          | 3318.8857 |
----------------------------------
EPISODE:  366
EPISODE:  367
EPISODE:  368
EPISODE:  369
----------------------------------
| time/              |           |
|    episodes        | 368       |
|    fps             | 7         |
|    time_elapsed    | 46583     |
|    total_timesteps | 368000    |
| train/             |           |
|    actor_loss      | 1.87e+16  |
|    critic_loss     | 3.39e+32  |
|    ent_coef        | 8.95e+14  |
|    ent_coef_loss   | -649      |
|    learning_rate   | 0.0001    |
|    n_updates       | 367899    |
|    reward          | 3318.8857 |
----------------------------------
EPISODE:  370
EPISODE:  371
EPISODE:  372
EPISODE:  373
----------------------------------
| time/              |           |
|    episodes        | 372       |
|    fps             | 7         |
|    time_elapsed    | 47107     |
|    total_timesteps | 372000    |
| train/             |           |
|    actor_loss      | 2.76e+16  |
|    critic_loss     | 7.5e+32   |
|    ent_coef        | 1.33e+15  |
|    ent_coef_loss   | -653      |
|    learning_rate   | 0.0001    |
|    n_updates       | 371899    |
|    reward          | 3318.8857 |
----------------------------------
EPISODE:  374
EPISODE:  375
EPISODE:  376
EPISODE:  377
----------------------------------
| time/              |           |
|    episodes        | 376       |
|    fps             | 7         |
|    time_elapsed    | 47632     |
|    total_timesteps | 376000    |
| train/             |           |
|    actor_loss      | 4.1e+16   |
|    critic_loss     | 1.65e+33  |
|    ent_coef        | 1.98e+15  |
|    ent_coef_loss   | -660      |
|    learning_rate   | 0.0001    |
|    n_updates       | 375899    |
|    reward          | 3318.8857 |
----------------------------------
EPISODE:  378
EPISODE:  379
EPISODE:  380
EPISODE:  381
----------------------------------
| time/              |           |
|    episodes        | 380       |
|    fps             | 7         |
|    time_elapsed    | 48157     |
|    total_timesteps | 380000    |
| train/             |           |
|    actor_loss      | 6.08e+16  |
|    critic_loss     | 3.66e+33  |
|    ent_coef        | 2.94e+15  |
|    ent_coef_loss   | -665      |
|    learning_rate   | 0.0001    |
|    n_updates       | 379899    |
|    reward          | 3318.8857 |
----------------------------------
EPISODE:  382
EPISODE:  383
EPISODE:  384
EPISODE:  385
----------------------------------
| time/              |           |
|    episodes        | 384       |
|    fps             | 7         |
|    time_elapsed    | 48682     |
|    total_timesteps | 384000    |
| train/             |           |
|    actor_loss      | 9.12e+16  |
|    critic_loss     | 8.1e+33   |
|    ent_coef        | 4.37e+15  |
|    ent_coef_loss   | -679      |
|    learning_rate   | 0.0001    |
|    n_updates       | 383899    |
|    reward          | 3318.8857 |
----------------------------------
EPISODE:  386
EPISODE:  387
EPISODE:  388
EPISODE:  389
----------------------------------
| time/              |           |
|    episodes        | 388       |
|    fps             | 7         |
|    time_elapsed    | 49206     |
|    total_timesteps | 388000    |
| train/             |           |
|    actor_loss      | 1.35e+17  |
|    critic_loss     | 1.8e+34   |
|    ent_coef        | 6.5e+15   |
|    ent_coef_loss   | -682      |
|    learning_rate   | 0.0001    |
|    n_updates       | 387899    |
|    reward          | 3318.8857 |
----------------------------------
EPISODE:  390
EPISODE:  391
EPISODE:  392
EPISODE:  393
----------------------------------
| time/              |           |
|    episodes        | 392       |
|    fps             | 7         |
|    time_elapsed    | 49732     |
|    total_timesteps | 392000    |
| train/             |           |
|    actor_loss      | 2e+17     |
|    critic_loss     | 3.88e+34  |
|    ent_coef        | 9.67e+15  |
|    ent_coef_loss   | -688      |
|    learning_rate   | 0.0001    |
|    n_updates       | 391899    |
|    reward          | 3318.8857 |
----------------------------------
EPISODE:  394
EPISODE:  395
EPISODE:  396
EPISODE:  397
----------------------------------
| time/              |           |
|    episodes        | 396       |
|    fps             | 7         |
|    time_elapsed    | 50256     |
|    total_timesteps | 396000    |
| train/             |           |
|    actor_loss      | 2.99e+17  |
|    critic_loss     | 8.92e+34  |
|    ent_coef        | 1.44e+16  |
|    ent_coef_loss   | -698      |
|    learning_rate   | 0.0001    |
|    n_updates       | 395899    |
|    reward          | 3318.8857 |
----------------------------------
EPISODE:  398
EPISODE:  399
EPISODE:  400
EPISODE:  401
----------------------------------
| time/              |           |
|    episodes        | 400       |
|    fps             | 7         |
|    time_elapsed    | 50782     |
|    total_timesteps | 400000    |
| train/             |           |
|    actor_loss      | 4.41e+17  |
|    critic_loss     | 1.94e+35  |
|    ent_coef        | 2.14e+16  |
|    ent_coef_loss   | -701      |
|    learning_rate   | 0.0001    |
|    n_updates       | 399899    |
|    reward          | 3318.8857 |
----------------------------------
EPISODE:  402
EPISODE:  403
EPISODE:  404
EPISODE:  405
----------------------------------
| time/              |           |
|    episodes        | 404       |
|    fps             | 7         |
|    time_elapsed    | 51307     |
|    total_timesteps | 404000    |
| train/             |           |
|    actor_loss      | 6.61e+17  |
|    critic_loss     | 4.29e+35  |
|    ent_coef        | 3.18e+16  |
|    ent_coef_loss   | -714      |
|    learning_rate   | 0.0001    |
|    n_updates       | 403899    |
|    reward          | 3318.8857 |
----------------------------------
EPISODE:  406
EPISODE:  407
EPISODE:  408
EPISODE:  409
----------------------------------
| time/              |           |
|    episodes        | 408       |
|    fps             | 7         |
|    time_elapsed    | 51831     |
|    total_timesteps | 408000    |
| train/             |           |
|    actor_loss      | 9.86e+17  |
|    critic_loss     | 9.46e+35  |
|    ent_coef        | 4.73e+16  |
|    ent_coef_loss   | -724      |
|    learning_rate   | 0.0001    |
|    n_updates       | 407899    |
|    reward          | 3318.8857 |
----------------------------------
EPISODE:  410
EPISODE:  411
EPISODE:  412
EPISODE:  413
----------------------------------
| time/              |           |
|    episodes        | 412       |
|    fps             | 7         |
|    time_elapsed    | 52357     |
|    total_timesteps | 412000    |
| train/             |           |
|    actor_loss      | 1.47e+18  |
|    critic_loss     | 2.13e+36  |
|    ent_coef        | 7.03e+16  |
|    ent_coef_loss   | -731      |
|    learning_rate   | 0.0001    |
|    n_updates       | 411899    |
|    reward          | 3318.8857 |
----------------------------------
EPISODE:  414
EPISODE:  415
EPISODE:  416
EPISODE:  417
----------------------------------
| time/              |           |
|    episodes        | 416       |
|    fps             | 7         |
|    time_elapsed    | 52882     |
|    total_timesteps | 416000    |
| train/             |           |
|    actor_loss      | 2.16e+18  |
|    critic_loss     | inf       |
|    ent_coef        | 1.05e+17  |
|    ent_coef_loss   | -730      |
|    learning_rate   | 0.0001    |
|    n_updates       | 415899    |
|    reward          | 3318.8857 |
----------------------------------
EPISODE:  418
EPISODE:  419
EPISODE:  420
EPISODE:  421
----------------------------------
| time/              |           |
|    episodes        | 420       |
|    fps             | 7         |
|    time_elapsed    | 53408     |
|    total_timesteps | 420000    |
| train/             |           |
|    actor_loss      | 3.24e+18  |
|    critic_loss     | inf       |
|    ent_coef        | 1.55e+17  |
|    ent_coef_loss   | -746      |
|    learning_rate   | 0.0001    |
|    n_updates       | 419899    |
|    reward          | 3318.8857 |
----------------------------------
EPISODE:  422
EPISODE:  423
EPISODE:  424
EPISODE:  425
----------------------------------
| time/              |           |
|    episodes        | 424       |
|    fps             | 7         |
|    time_elapsed    | 53932     |
|    total_timesteps | 424000    |
| train/             |           |
|    actor_loss      | 4.85e+18  |
|    critic_loss     | inf       |
|    ent_coef        | 2.31e+17  |
|    ent_coef_loss   | -759      |
|    learning_rate   | 0.0001    |
|    n_updates       | 423899    |
|    reward          | 3318.8857 |
----------------------------------
EPISODE:  426
EPISODE:  427
EPISODE:  428
EPISODE:  429
----------------------------------
| time/              |           |
|    episodes        | 428       |
|    fps             | 7         |
|    time_elapsed    | 54457     |
|    total_timesteps | 428000    |
| train/             |           |
|    actor_loss      | 7.14e+18  |
|    critic_loss     | inf       |
|    ent_coef        | 3.44e+17  |
|    ent_coef_loss   | -758      |
|    learning_rate   | 0.0001    |
|    n_updates       | 427899    |
|    reward          | 3318.8857 |
----------------------------------
EPISODE:  430
EPISODE:  431
EPISODE:  432
EPISODE:  433
----------------------------------
| time/              |           |
|    episodes        | 432       |
|    fps             | 7         |
|    time_elapsed    | 54983     |
|    total_timesteps | 432000    |
| train/             |           |
|    actor_loss      | 1.06e+19  |
|    critic_loss     | inf       |
|    ent_coef        | 5.11e+17  |
|    ent_coef_loss   | -763      |
|    learning_rate   | 0.0001    |
|    n_updates       | 431899    |
|    reward          | 3318.8857 |
----------------------------------
EPISODE:  434
EPISODE:  435
EPISODE:  436
EPISODE:  437
----------------------------------
| time/              |           |
|    episodes        | 436       |
|    fps             | 7         |
|    time_elapsed    | 55507     |
|    total_timesteps | 436000    |
| train/             |           |
|    actor_loss      | 1.58e+19  |
|    critic_loss     | inf       |
|    ent_coef        | 7.6e+17   |
|    ent_coef_loss   | -772      |
|    learning_rate   | 0.0001    |
|    n_updates       | 435899    |
|    reward          | 3318.8857 |
----------------------------------
EPISODE:  438
EPISODE:  439
EPISODE:  440
EPISODE:  441
----------------------------------
| time/              |           |
|    episodes        | 440       |
|    fps             | 7         |
|    time_elapsed    | 56033     |
|    total_timesteps | 440000    |
| train/             |           |
|    actor_loss      | 2.37e+19  |
|    critic_loss     | inf       |
|    ent_coef        | 1.13e+18  |
|    ent_coef_loss   | -789      |
|    learning_rate   | 0.0001    |
|    n_updates       | 439899    |
|    reward          | 3318.8857 |
----------------------------------
EPISODE:  442
EPISODE:  443
EPISODE:  444
EPISODE:  445
----------------------------------
| time/              |           |
|    episodes        | 444       |
|    fps             | 7         |
|    time_elapsed    | 56559     |
|    total_timesteps | 444000    |
| train/             |           |
|    actor_loss      | 3.46e+19  |
|    critic_loss     | inf       |
|    ent_coef        | 1.68e+18  |
|    ent_coef_loss   | -780      |
|    learning_rate   | 0.0001    |
|    n_updates       | 443899    |
|    reward          | 3318.8857 |
----------------------------------
EPISODE:  446
EPISODE:  447
EPISODE:  448
EPISODE:  449
----------------------------------
| time/              |           |
|    episodes        | 448       |
|    fps             | 7         |
|    time_elapsed    | 57085     |
|    total_timesteps | 448000    |
| train/             |           |
|    actor_loss      | 5.2e+19   |
|    critic_loss     | inf       |
|    ent_coef        | 2.5e+18   |
|    ent_coef_loss   | -796      |
|    learning_rate   | 0.0001    |
|    n_updates       | 447899    |
|    reward          | 3318.8857 |
----------------------------------
EPISODE:  450
EPISODE:  451
EPISODE:  452
EPISODE:  453
----------------------------------
| time/              |           |
|    episodes        | 452       |
|    fps             | 7         |
|    time_elapsed    | 57609     |
|    total_timesteps | 452000    |
| train/             |           |
|    actor_loss      | 7.84e+19  |
|    critic_loss     | inf       |
|    ent_coef        | 3.72e+18  |
|    ent_coef_loss   | -817      |
|    learning_rate   | 0.0001    |
|    n_updates       | 451899    |
|    reward          | 3318.8857 |
----------------------------------
EPISODE:  454
EPISODE:  455
EPISODE:  456
EPISODE:  457
----------------------------------
| time/              |           |
|    episodes        | 456       |
|    fps             | 7         |
|    time_elapsed    | 58135     |
|    total_timesteps | 456000    |
| train/             |           |
|    actor_loss      | 1.15e+20  |
|    critic_loss     | inf       |
|    ent_coef        | 5.52e+18  |
|    ent_coef_loss   | -812      |
|    learning_rate   | 0.0001    |
|    n_updates       | 455899    |
|    reward          | 3318.8857 |
----------------------------------
EPISODE:  458
EPISODE:  459
EPISODE:  460
EPISODE:  461
----------------------------------
| time/              |           |
|    episodes        | 460       |
|    fps             | 7         |
|    time_elapsed    | 58660     |
|    total_timesteps | 460000    |
| train/             |           |
|    actor_loss      | 1.7e+20   |
|    critic_loss     | inf       |
|    ent_coef        | 8.21e+18  |
|    ent_coef_loss   | -817      |
|    learning_rate   | 0.0001    |
|    n_updates       | 459899    |
|    reward          | 3318.8857 |
----------------------------------
EPISODE:  462
EPISODE:  463
EPISODE:  464
EPISODE:  465
----------------------------------
| time/              |           |
|    episodes        | 464       |
|    fps             | 7         |
|    time_elapsed    | 59185     |
|    total_timesteps | 464000    |
| train/             |           |
|    actor_loss      | 2.51e+20  |
|    critic_loss     | inf       |
|    ent_coef        | 1.22e+19  |
|    ent_coef_loss   | -816      |
|    learning_rate   | 0.0001    |
|    n_updates       | 463899    |
|    reward          | 3318.8857 |
----------------------------------
EPISODE:  466
EPISODE:  467
EPISODE:  468
EPISODE:  469
----------------------------------
| time/              |           |
|    episodes        | 468       |
|    fps             | 7         |
|    time_elapsed    | 59711     |
|    total_timesteps | 468000    |
| train/             |           |
|    actor_loss      | 3.8e+20   |
|    critic_loss     | inf       |
|    ent_coef        | 1.82e+19  |
|    ent_coef_loss   | -838      |
|    learning_rate   | 0.0001    |
|    n_updates       | 467899    |
|    reward          | 3318.8857 |
----------------------------------
EPISODE:  470
EPISODE:  471
EPISODE:  472
EPISODE:  473
----------------------------------
| time/              |           |
|    episodes        | 472       |
|    fps             | 7         |
|    time_elapsed    | 60235     |
|    total_timesteps | 472000    |
| train/             |           |
|    actor_loss      | 5.63e+20  |
|    critic_loss     | inf       |
|    ent_coef        | 2.7e+19   |
|    ent_coef_loss   | -843      |
|    learning_rate   | 0.0001    |
|    n_updates       | 471899    |
|    reward          | 3318.8857 |
----------------------------------
EPISODE:  474
EPISODE:  475
EPISODE:  476
EPISODE:  477
----------------------------------
| time/              |           |
|    episodes        | 476       |
|    fps             | 7         |
|    time_elapsed    | 60761     |
|    total_timesteps | 476000    |
| train/             |           |
|    actor_loss      | 8.42e+20  |
|    critic_loss     | inf       |
|    ent_coef        | 4.02e+19  |
|    ent_coef_loss   | -857      |
|    learning_rate   | 0.0001    |
|    n_updates       | 475899    |
|    reward          | 3318.8857 |
----------------------------------
EPISODE:  478
EPISODE:  479
EPISODE:  480
EPISODE:  481
----------------------------------
| time/              |           |
|    episodes        | 480       |
|    fps             | 7         |
|    time_elapsed    | 61286     |
|    total_timesteps | 480000    |
| train/             |           |
|    actor_loss      | 1.24e+21  |
|    critic_loss     | inf       |
|    ent_coef        | 5.97e+19  |
|    ent_coef_loss   | -851      |
|    learning_rate   | 0.0001    |
|    n_updates       | 479899    |
|    reward          | 3318.8857 |
----------------------------------
EPISODE:  482
EPISODE:  483
EPISODE:  484
EPISODE:  485
----------------------------------
| time/              |           |
|    episodes        | 484       |
|    fps             | 7         |
|    time_elapsed    | 61812     |
|    total_timesteps | 484000    |
| train/             |           |
|    actor_loss      | 1.84e+21  |
|    critic_loss     | inf       |
|    ent_coef        | 8.88e+19  |
|    ent_coef_loss   | -862      |
|    learning_rate   | 0.0001    |
|    n_updates       | 483899    |
|    reward          | 3318.8857 |
----------------------------------
EPISODE:  486
EPISODE:  487
EPISODE:  488
EPISODE:  489
----------------------------------
| time/              |           |
|    episodes        | 488       |
|    fps             | 7         |
|    time_elapsed    | 62336     |
|    total_timesteps | 488000    |
| train/             |           |
|    actor_loss      | 2.73e+21  |
|    critic_loss     | inf       |
|    ent_coef        | 1.32e+20  |
|    ent_coef_loss   | -866      |
|    learning_rate   | 0.0001    |
|    n_updates       | 487899    |
|    reward          | 3318.8857 |
----------------------------------
EPISODE:  490
EPISODE:  491
EPISODE:  492
EPISODE:  493
----------------------------------
| time/              |           |
|    episodes        | 492       |
|    fps             | 7         |
|    time_elapsed    | 62862     |
|    total_timesteps | 492000    |
| train/             |           |
|    actor_loss      | 4.12e+21  |
|    critic_loss     | inf       |
|    ent_coef        | 1.96e+20  |
|    ent_coef_loss   | -887      |
|    learning_rate   | 0.0001    |
|    n_updates       | 491899    |
|    reward          | 3318.8857 |
----------------------------------
EPISODE:  494
EPISODE:  495
EPISODE:  496
EPISODE:  497
----------------------------------
| time/              |           |
|    episodes        | 496       |
|    fps             | 7         |
|    time_elapsed    | 63388     |
|    total_timesteps | 496000    |
| train/             |           |
|    actor_loss      | 6.11e+21  |
|    critic_loss     | inf       |
|    ent_coef        | 2.92e+20  |
|    ent_coef_loss   | -891      |
|    learning_rate   | 0.0001    |
|    n_updates       | 495899    |
|    reward          | 3318.8857 |
----------------------------------
EPISODE:  498
EPISODE:  499
EPISODE:  500
EPISODE:  501
----------------------------------
| time/              |           |
|    episodes        | 500       |
|    fps             | 7         |
|    time_elapsed    | 63908     |
|    total_timesteps | 500000    |
| train/             |           |
|    actor_loss      | 9.01e+21  |
|    critic_loss     | inf       |
|    ent_coef        | 4.34e+20  |
|    ent_coef_loss   | -891      |
|    learning_rate   | 0.0001    |
|    n_updates       | 499899    |
|    reward          | 3318.8857 |
----------------------------------
Saved episode log to Results/4_1/sac/upward/training_logs/02.csv
