EPISODE:  0
{'n_steps': 2048, 'batch_size': 64, 'learning_rate': 0.0003, 'ent_coef': 0.0}
Using cpu device
EPISODE:  1
EPISODE:  2
EPISODE:  3
--------------------------------------
| time/              |               |
|    fps             | 272           |
|    iterations      | 1             |
|    time_elapsed    | 7             |
|    total_timesteps | 2048          |
| train/             |               |
|    reward          | -0.0004898417 |
--------------------------------------
EPISODE:  4
EPISODE:  5
------------------------------------------
| time/                   |              |
|    fps                  | 229          |
|    iterations           | 2            |
|    time_elapsed         | 17           |
|    total_timesteps      | 4096         |
| train/                  |              |
|    approx_kl            | 0.0071354164 |
|    clip_fraction        | 0.0691       |
|    clip_range           | 0.2          |
|    entropy_loss         | -2.84        |
|    explained_variance   | -5.37        |
|    learning_rate        | 0.0003       |
|    loss                 | -0.00555     |
|    n_updates            | 10           |
|    policy_gradient_loss | -0.00378     |
|    reward               | 0.006641869  |
|    std                  | 1.01         |
|    value_loss           | 0.00357      |
------------------------------------------
EPISODE:  6
EPISODE:  7
------------------------------------------
| time/                   |              |
|    fps                  | 216          |
|    iterations           | 3            |
|    time_elapsed         | 28           |
|    total_timesteps      | 6144         |
| train/                  |              |
|    approx_kl            | 0.0072029177 |
|    clip_fraction        | 0.0537       |
|    clip_range           | 0.2          |
|    entropy_loss         | -2.86        |
|    explained_variance   | -0.264       |
|    learning_rate        | 0.0003       |
|    loss                 | -0.016       |
|    n_updates            | 20           |
|    policy_gradient_loss | -0.00378     |
|    reward               | -0.013264141 |
|    std                  | 1.02         |
|    value_loss           | 0.00215      |
------------------------------------------
EPISODE:  8
EPISODE:  9
------------------------------------------
| time/                   |              |
|    fps                  | 212          |
|    iterations           | 4            |
|    time_elapsed         | 38           |
|    total_timesteps      | 8192         |
| train/                  |              |
|    approx_kl            | 0.009412194  |
|    clip_fraction        | 0.0559       |
|    clip_range           | 0.2          |
|    entropy_loss         | -2.88        |
|    explained_variance   | 0.292        |
|    learning_rate        | 0.0003       |
|    loss                 | -0.00337     |
|    n_updates            | 30           |
|    policy_gradient_loss | -0.000547    |
|    reward               | -0.014608829 |
|    std                  | 1.02         |
|    value_loss           | 0.00168      |
------------------------------------------
EPISODE:  10
EPISODE:  11
------------------------------------------
| time/                   |              |
|    fps                  | 212          |
|    iterations           | 5            |
|    time_elapsed         | 48           |
|    total_timesteps      | 10240        |
| train/                  |              |
|    approx_kl            | 0.0035725567 |
|    clip_fraction        | 0.0415       |
|    clip_range           | 0.2          |
|    entropy_loss         | -2.86        |
|    explained_variance   | 0.306        |
|    learning_rate        | 0.0003       |
|    loss                 | -0.0169      |
|    n_updates            | 40           |
|    policy_gradient_loss | -0.00237     |
|    reward               | -0.013644838 |
|    std                  | 1.01         |
|    value_loss           | 0.00138      |
------------------------------------------
EPISODE:  12
EPISODE:  13
------------------------------------------
| time/                   |              |
|    fps                  | 212          |
|    iterations           | 6            |
|    time_elapsed         | 57           |
|    total_timesteps      | 12288        |
| train/                  |              |
|    approx_kl            | 0.0039273435 |
|    clip_fraction        | 0.0287       |
|    clip_range           | 0.2          |
|    entropy_loss         | -2.86        |
|    explained_variance   | 0.268        |
|    learning_rate        | 0.0003       |
|    loss                 | -0.0101      |
|    n_updates            | 50           |
|    policy_gradient_loss | -0.00223     |
|    reward               | 0.01080532   |
|    std                  | 1.01         |
|    value_loss           | 0.0011       |
------------------------------------------
EPISODE:  14
EPISODE:  15
-------------------------------------------
| time/                   |               |
|    fps                  | 213           |
|    iterations           | 7             |
|    time_elapsed         | 67            |
|    total_timesteps      | 14336         |
| train/                  |               |
|    approx_kl            | 0.0031460994  |
|    clip_fraction        | 0.00571       |
|    clip_range           | 0.2           |
|    entropy_loss         | -2.85         |
|    explained_variance   | 0.246         |
|    learning_rate        | 0.0003        |
|    loss                 | 0.00621       |
|    n_updates            | 60            |
|    policy_gradient_loss | -0.000344     |
|    reward               | -0.0035312804 |
|    std                  | 0.999         |
|    value_loss           | 0.00145       |
-------------------------------------------
EPISODE:  16
EPISODE:  17
-------------------------------------------
| time/                   |               |
|    fps                  | 213           |
|    iterations           | 8             |
|    time_elapsed         | 76            |
|    total_timesteps      | 16384         |
| train/                  |               |
|    approx_kl            | 0.003962986   |
|    clip_fraction        | 0.0305        |
|    clip_range           | 0.2           |
|    entropy_loss         | -2.84         |
|    explained_variance   | 0.317         |
|    learning_rate        | 0.0003        |
|    loss                 | -0.0193       |
|    n_updates            | 70            |
|    policy_gradient_loss | -0.00236      |
|    reward               | -0.0035386772 |
|    std                  | 1             |
|    value_loss           | 0.00105       |
-------------------------------------------
EPISODE:  18
EPISODE:  19
------------------------------------------
| time/                   |              |
|    fps                  | 214          |
|    iterations           | 9            |
|    time_elapsed         | 85           |
|    total_timesteps      | 18432        |
| train/                  |              |
|    approx_kl            | 0.0045262994 |
|    clip_fraction        | 0.0268       |
|    clip_range           | 0.2          |
|    entropy_loss         | -2.84        |
|    explained_variance   | 0.266        |
|    learning_rate        | 0.0003       |
|    loss                 | -0.00767     |
|    n_updates            | 80           |
|    policy_gradient_loss | -0.00153     |
|    reward               | 0.008814454  |
|    std                  | 1            |
|    value_loss           | 0.00117      |
------------------------------------------
EPISODE:  20
EPISODE:  21
------------------------------------------
| time/                   |              |
|    fps                  | 214          |
|    iterations           | 10           |
|    time_elapsed         | 95           |
|    total_timesteps      | 20480        |
| train/                  |              |
|    approx_kl            | 0.0040309117 |
|    clip_fraction        | 0.0138       |
|    clip_range           | 0.2          |
|    entropy_loss         | -2.83        |
|    explained_variance   | 0.389        |
|    learning_rate        | 0.0003       |
|    loss                 | -0.000365    |
|    n_updates            | 90           |
|    policy_gradient_loss | -0.000773    |
|    reward               | -0.014435759 |
|    std                  | 0.997        |
|    value_loss           | 0.00101      |
------------------------------------------
EPISODE:  22
EPISODE:  23
------------------------------------------
| time/                   |              |
|    fps                  | 215          |
|    iterations           | 11           |
|    time_elapsed         | 104          |
|    total_timesteps      | 22528        |
| train/                  |              |
|    approx_kl            | 0.0034164086 |
|    clip_fraction        | 0.00889      |
|    clip_range           | 0.2          |
|    entropy_loss         | -2.84        |
|    explained_variance   | 0.443        |
|    learning_rate        | 0.0003       |
|    loss                 | -0.00847     |
|    n_updates            | 100          |
|    policy_gradient_loss | -0.000437    |
|    reward               | -0.014941434 |
|    std                  | 1            |
|    value_loss           | 0.000921     |
------------------------------------------
EPISODE:  24
EPISODE:  25
-------------------------------------------
| time/                   |               |
|    fps                  | 214           |
|    iterations           | 12            |
|    time_elapsed         | 114           |
|    total_timesteps      | 24576         |
| train/                  |               |
|    approx_kl            | 0.0033893483  |
|    clip_fraction        | 0.0181        |
|    clip_range           | 0.2           |
|    entropy_loss         | -2.84         |
|    explained_variance   | 0.419         |
|    learning_rate        | 0.0003        |
|    loss                 | -0.00876      |
|    n_updates            | 110           |
|    policy_gradient_loss | -0.00137      |
|    reward               | -0.0122640785 |
|    std                  | 1             |
|    value_loss           | 0.000943      |
-------------------------------------------
EPISODE:  26
EPISODE:  27
-------------------------------------------
| time/                   |               |
|    fps                  | 214           |
|    iterations           | 13            |
|    time_elapsed         | 124           |
|    total_timesteps      | 26624         |
| train/                  |               |
|    approx_kl            | 0.00081215875 |
|    clip_fraction        | 0.000586      |
|    clip_range           | 0.2           |
|    entropy_loss         | -2.85         |
|    explained_variance   | 0.461         |
|    learning_rate        | 0.0003        |
|    loss                 | -0.00627      |
|    n_updates            | 120           |
|    policy_gradient_loss | -0.000407     |
|    reward               | 0.00853887    |
|    std                  | 1.01          |
|    value_loss           | 0.00102       |
-------------------------------------------
EPISODE:  28
EPISODE:  29
------------------------------------------
| time/                   |              |
|    fps                  | 214          |
|    iterations           | 14           |
|    time_elapsed         | 133          |
|    total_timesteps      | 28672        |
| train/                  |              |
|    approx_kl            | 0.0043860646 |
|    clip_fraction        | 0.0207       |
|    clip_range           | 0.2          |
|    entropy_loss         | -2.85        |
|    explained_variance   | 0.47         |
|    learning_rate        | 0.0003       |
|    loss                 | -0.000525    |
|    n_updates            | 130          |
|    policy_gradient_loss | -0.00189     |
|    reward               | 0.0010337393 |
|    std                  | 1.01         |
|    value_loss           | 0.000859     |
------------------------------------------
EPISODE:  30
EPISODE:  31
------------------------------------------
| time/                   |              |
|    fps                  | 214          |
|    iterations           | 15           |
|    time_elapsed         | 143          |
|    total_timesteps      | 30720        |
| train/                  |              |
|    approx_kl            | 0.0024977913 |
|    clip_fraction        | 0.00913      |
|    clip_range           | 0.2          |
|    entropy_loss         | -2.86        |
|    explained_variance   | 0.51         |
|    learning_rate        | 0.0003       |
|    loss                 | 0.0173       |
|    n_updates            | 140          |
|    policy_gradient_loss | -0.000517    |
|    reward               | 0.006436944  |
|    std                  | 1.01         |
|    value_loss           | 0.000813     |
------------------------------------------
EPISODE:  32
EPISODE:  33
EPISODE:  34
------------------------------------------
| time/                   |              |
|    fps                  | 214          |
|    iterations           | 16           |
|    time_elapsed         | 152          |
|    total_timesteps      | 32768        |
| train/                  |              |
|    approx_kl            | 0.0012837481 |
|    clip_fraction        | 0.00273      |
|    clip_range           | 0.2          |
|    entropy_loss         | -2.86        |
|    explained_variance   | 0.466        |
|    learning_rate        | 0.0003       |
|    loss                 | 0.0081       |
|    n_updates            | 150          |
|    policy_gradient_loss | -0.000558    |
|    reward               | 0.0019985936 |
|    std                  | 1.01         |
|    value_loss           | 0.000962     |
------------------------------------------
EPISODE:  35
EPISODE:  36
------------------------------------------
| time/                   |              |
|    fps                  | 214          |
|    iterations           | 17           |
|    time_elapsed         | 162          |
|    total_timesteps      | 34816        |
| train/                  |              |
|    approx_kl            | 0.0043843733 |
|    clip_fraction        | 0.0187       |
|    clip_range           | 0.2          |
|    entropy_loss         | -2.85        |
|    explained_variance   | 0.434        |
|    learning_rate        | 0.0003       |
|    loss                 | -0.0171      |
|    n_updates            | 160          |
|    policy_gradient_loss | -0.0014      |
|    reward               | 0.004747693  |
|    std                  | 1            |
|    value_loss           | 0.00102      |
------------------------------------------
EPISODE:  37
EPISODE:  38
------------------------------------------
| time/                   |              |
|    fps                  | 213          |
|    iterations           | 18           |
|    time_elapsed         | 172          |
|    total_timesteps      | 36864        |
| train/                  |              |
|    approx_kl            | 0.0059512705 |
|    clip_fraction        | 0.0375       |
|    clip_range           | 0.2          |
|    entropy_loss         | -2.84        |
|    explained_variance   | 0.534        |
|    learning_rate        | 0.0003       |
|    loss                 | -0.00113     |
|    n_updates            | 170          |
|    policy_gradient_loss | -0.00318     |
|    reward               | -0.011925916 |
|    std                  | 1            |
|    value_loss           | 0.000921     |
------------------------------------------
EPISODE:  39
EPISODE:  40
------------------------------------------
| time/                   |              |
|    fps                  | 213          |
|    iterations           | 19           |
|    time_elapsed         | 182          |
|    total_timesteps      | 38912        |
| train/                  |              |
|    approx_kl            | 0.0022946494 |
|    clip_fraction        | 0.00908      |
|    clip_range           | 0.2          |
|    entropy_loss         | -2.86        |
|    explained_variance   | 0.419        |
|    learning_rate        | 0.0003       |
|    loss                 | -0.00747     |
|    n_updates            | 180          |
|    policy_gradient_loss | -0.0015      |
|    reward               | 0.01399249   |
|    std                  | 1.03         |
|    value_loss           | 0.00099      |
------------------------------------------
EPISODE:  41
EPISODE:  42
-----------------------------------------
| time/                   |             |
|    fps                  | 211         |
|    iterations           | 20          |
|    time_elapsed         | 194         |
|    total_timesteps      | 40960       |
| train/                  |             |
|    approx_kl            | 0.003683165 |
|    clip_fraction        | 0.00503     |
|    clip_range           | 0.2         |
|    entropy_loss         | -2.89       |
|    explained_variance   | 0.464       |
|    learning_rate        | 0.0003      |
|    loss                 | 0.0211      |
|    n_updates            | 190         |
|    policy_gradient_loss | -0.000335   |
|    reward               | 0.014464237 |
|    std                  | 1.03        |
|    value_loss           | 0.000894    |
-----------------------------------------
EPISODE:  43
EPISODE:  44
------------------------------------------
| time/                   |              |
|    fps                  | 209          |
|    iterations           | 21           |
|    time_elapsed         | 204          |
|    total_timesteps      | 43008        |
| train/                  |              |
|    approx_kl            | 0.0018330461 |
|    clip_fraction        | 0.0123       |
|    clip_range           | 0.2          |
|    entropy_loss         | -2.9         |
|    explained_variance   | 0.499        |
|    learning_rate        | 0.0003       |
|    loss                 | -0.0064      |
|    n_updates            | 200          |
|    policy_gradient_loss | -0.000372    |
|    reward               | -0.012312975 |
|    std                  | 1.03         |
|    value_loss           | 0.000805     |
------------------------------------------
EPISODE:  45
EPISODE:  46
------------------------------------------
| time/                   |              |
|    fps                  | 207          |
|    iterations           | 22           |
|    time_elapsed         | 216          |
|    total_timesteps      | 45056        |
| train/                  |              |
|    approx_kl            | 0.002396083  |
|    clip_fraction        | 0.0111       |
|    clip_range           | 0.2          |
|    entropy_loss         | -2.87        |
|    explained_variance   | 0.382        |
|    learning_rate        | 0.0003       |
|    loss                 | -0.00158     |
|    n_updates            | 210          |
|    policy_gradient_loss | -0.0022      |
|    reward               | -0.005498759 |
|    std                  | 1            |
|    value_loss           | 0.000973     |
------------------------------------------
EPISODE:  47
EPISODE:  48
-------------------------------------------
| time/                   |               |
|    fps                  | 204           |
|    iterations           | 23            |
|    time_elapsed         | 230           |
|    total_timesteps      | 47104         |
| train/                  |               |
|    approx_kl            | 0.0038005675  |
|    clip_fraction        | 0.0226        |
|    clip_range           | 0.2           |
|    entropy_loss         | -2.84         |
|    explained_variance   | 0.331         |
|    learning_rate        | 0.0003        |
|    loss                 | -0.00266      |
|    n_updates            | 220           |
|    policy_gradient_loss | -0.00205      |
|    reward               | -0.0010713692 |
|    std                  | 1             |
|    value_loss           | 0.000952      |
-------------------------------------------
EPISODE:  49
EPISODE:  50
------------------------------------------
| time/                   |              |
|    fps                  | 199          |
|    iterations           | 24           |
|    time_elapsed         | 246          |
|    total_timesteps      | 49152        |
| train/                  |              |
|    approx_kl            | 0.003787878  |
|    clip_fraction        | 0.0083       |
|    clip_range           | 0.2          |
|    entropy_loss         | -2.82        |
|    explained_variance   | 0.305        |
|    learning_rate        | 0.0003       |
|    loss                 | -0.0121      |
|    n_updates            | 230          |
|    policy_gradient_loss | -0.00133     |
|    reward               | 0.0070679206 |
|    std                  | 0.988        |
|    value_loss           | 0.0011       |
------------------------------------------
EPISODE:  51
EPISODE:  52
------------------------------------------
| time/                   |              |
|    fps                  | 194          |
|    iterations           | 25           |
|    time_elapsed         | 263          |
|    total_timesteps      | 51200        |
| train/                  |              |
|    approx_kl            | 0.0018453128 |
|    clip_fraction        | 0.00166      |
|    clip_range           | 0.2          |
|    entropy_loss         | -2.81        |
|    explained_variance   | 0.374        |
|    learning_rate        | 0.0003       |
|    loss                 | -0.00432     |
|    n_updates            | 240          |
|    policy_gradient_loss | 8.62e-05     |
|    reward               | 0.013526918  |
|    std                  | 0.986        |
|    value_loss           | 0.00103      |
------------------------------------------
Saved episode log to Results\250619_hc_binary_udp\ppo\periodic\training_logs\02.csv
