EPISODE:  0
{'n_steps': 5, 'ent_coef': 0.005, 'learning_rate': 0.0002}
Using cpu device
EPISODE:  1
----------------------------------------
| time/                 |              |
|    fps                | 177          |
|    iterations         | 100          |
|    time_elapsed       | 2            |
|    total_timesteps    | 500          |
| train/                |              |
|    entropy_loss       | -2.88        |
|    explained_variance | -0.000325    |
|    learning_rate      | 0.0002       |
|    n_updates          | 99           |
|    policy_loss        | -0.000628    |
|    reward             | 0.0016447369 |
|    std                | 1.02         |
|    value_loss         | 1.66e-06     |
----------------------------------------
EPISODE:  2
---------------------------------------
| time/                 |             |
|    fps                | 179         |
|    iterations         | 200         |
|    time_elapsed       | 5           |
|    total_timesteps    | 1000        |
| train/                |             |
|    entropy_loss       | -2.91       |
|    explained_variance | 0.988       |
|    learning_rate      | 0.0002      |
|    n_updates          | 199         |
|    policy_loss        | 0.00445     |
|    reward             | 0.008547009 |
|    std                | 1.04        |
|    value_loss         | 0.000891    |
---------------------------------------
----------------------------------------
| time/                 |              |
|    fps                | 179          |
|    iterations         | 300          |
|    time_elapsed       | 8            |
|    total_timesteps    | 1500         |
| train/                |              |
|    entropy_loss       | -2.94        |
|    explained_variance | 0            |
|    learning_rate      | 0.0002       |
|    n_updates          | 299          |
|    policy_loss        | 0.00619      |
|    reward             | 0.0016207455 |
|    std                | 1.05         |
|    value_loss         | 4.56e-06     |
----------------------------------------
EPISODE:  3
---------------------------------------
| time/                 |             |
|    fps                | 178         |
|    iterations         | 400         |
|    time_elapsed       | 11          |
|    total_timesteps    | 2000        |
| train/                |             |
|    entropy_loss       | -2.98       |
|    explained_variance | 0.55        |
|    learning_rate      | 0.0002      |
|    n_updates          | 399         |
|    policy_loss        | -0.0556     |
|    reward             | 0.007936508 |
|    std                | 1.07        |
|    value_loss         | 0.000465    |
---------------------------------------
----------------------------------------
| time/                 |              |
|    fps                | 179          |
|    iterations         | 500          |
|    time_elapsed       | 13           |
|    total_timesteps    | 2500         |
| train/                |              |
|    entropy_loss       | -3           |
|    explained_variance | 0            |
|    learning_rate      | 0.0002       |
|    n_updates          | 499          |
|    policy_loss        | 3.13e-05     |
|    reward             | 0.0015974441 |
|    std                | 1.09         |
|    value_loss         | 2.57e-10     |
----------------------------------------
EPISODE:  4
-----------------------------------------
| time/                 |               |
|    fps                | 179           |
|    iterations         | 600           |
|    time_elapsed       | 16            |
|    total_timesteps    | 3000          |
| train/                |               |
|    entropy_loss       | -3.04         |
|    explained_variance | 0.0151        |
|    learning_rate      | 0.0002        |
|    n_updates          | 599           |
|    policy_loss        | 0.0856        |
|    reward             | -0.0074074073 |
|    std                | 1.1           |
|    value_loss         | 0.000603      |
-----------------------------------------
----------------------------------------
| time/                 |              |
|    fps                | 178          |
|    iterations         | 700          |
|    time_elapsed       | 19           |
|    total_timesteps    | 3500         |
| train/                |              |
|    entropy_loss       | -3.06        |
|    explained_variance | 0.0656       |
|    learning_rate      | 0.0002       |
|    n_updates          | 699          |
|    policy_loss        | 0.00054      |
|    reward             | 0.0015748031 |
|    std                | 1.12         |
|    value_loss         | 3.54e-08     |
----------------------------------------
EPISODE:  5
----------------------------------------
| time/                 |              |
|    fps                | 177          |
|    iterations         | 800          |
|    time_elapsed       | 22           |
|    total_timesteps    | 4000         |
| train/                |              |
|    entropy_loss       | -3.1         |
|    explained_variance | 0.0236       |
|    learning_rate      | 0.0002       |
|    n_updates          | 799          |
|    policy_loss        | 0.0108       |
|    reward             | 0.0069444445 |
|    std                | 1.14         |
|    value_loss         | 2.93e-05     |
----------------------------------------
----------------------------------------
| time/                 |              |
|    fps                | 177          |
|    iterations         | 900          |
|    time_elapsed       | 25           |
|    total_timesteps    | 4500         |
| train/                |              |
|    entropy_loss       | -3.13        |
|    explained_variance | 0.993        |
|    learning_rate      | 0.0002       |
|    n_updates          | 899          |
|    policy_loss        | 0.00188      |
|    reward             | 0.0015527951 |
|    std                | 1.16         |
|    value_loss         | 2.71e-07     |
----------------------------------------
EPISODE:  6
---------------------------------------
| time/                 |             |
|    fps                | 176         |
|    iterations         | 1000        |
|    time_elapsed       | 28          |
|    total_timesteps    | 5000        |
| train/                |             |
|    entropy_loss       | -3.16       |
|    explained_variance | -26.1       |
|    learning_rate      | 0.0002      |
|    n_updates          | 999         |
|    policy_loss        | -0.116      |
|    reward             | 0.006535948 |
|    std                | 1.18        |
|    value_loss         | 0.00172     |
---------------------------------------
----------------------------------------
| time/                 |              |
|    fps                | 175          |
|    iterations         | 1100         |
|    time_elapsed       | 31           |
|    total_timesteps    | 5500         |
| train/                |              |
|    entropy_loss       | -3.19        |
|    explained_variance | 0.62         |
|    learning_rate      | 0.0002       |
|    n_updates          | 1099         |
|    policy_loss        | 0.000733     |
|    reward             | 0.0015313936 |
|    std                | 1.19         |
|    value_loss         | 8.61e-08     |
----------------------------------------
EPISODE:  7
----------------------------------------
| time/                 |              |
|    fps                | 173          |
|    iterations         | 1200         |
|    time_elapsed       | 34           |
|    total_timesteps    | 6000         |
| train/                |              |
|    entropy_loss       | -3.22        |
|    explained_variance | -0.0964      |
|    learning_rate      | 0.0002       |
|    n_updates          | 1199         |
|    policy_loss        | -0.00996     |
|    reward             | 0.0061728396 |
|    std                | 1.21         |
|    value_loss         | 1.56e-05     |
----------------------------------------
---------------------------------------
| time/                 |             |
|    fps                | 172         |
|    iterations         | 1300        |
|    time_elapsed       | 37          |
|    total_timesteps    | 6500        |
| train/                |             |
|    entropy_loss       | -3.26       |
|    explained_variance | 1.19e-07    |
|    learning_rate      | 0.0002      |
|    n_updates          | 1299        |
|    policy_loss        | -0.000192   |
|    reward             | 0.001510574 |
|    std                | 1.23        |
|    value_loss         | 5.48e-09    |
---------------------------------------
EPISODE:  8
----------------------------------------
| time/                 |              |
|    fps                | 171          |
|    iterations         | 1400         |
|    time_elapsed       | 40           |
|    total_timesteps    | 7000         |
| train/                |              |
|    entropy_loss       | -3.29        |
|    explained_variance | 0.0102       |
|    learning_rate      | 0.0002       |
|    n_updates          | 1399         |
|    policy_loss        | 0.0169       |
|    reward             | 0.0058479533 |
|    std                | 1.26         |
|    value_loss         | 3.99e-05     |
----------------------------------------
---------------------------------------
| time/                 |             |
|    fps                | 170         |
|    iterations         | 1500        |
|    time_elapsed       | 43          |
|    total_timesteps    | 7500        |
| train/                |             |
|    entropy_loss       | -3.33       |
|    explained_variance | -1.19e-07   |
|    learning_rate      | 0.0002      |
|    n_updates          | 1499        |
|    policy_loss        | -0.000264   |
|    reward             | 0.001490313 |
|    std                | 1.28        |
|    value_loss         | 1.15e-08    |
---------------------------------------
EPISODE:  9
----------------------------------------
| time/                 |              |
|    fps                | 170          |
|    iterations         | 1600         |
|    time_elapsed       | 46           |
|    total_timesteps    | 8000         |
| train/                |              |
|    entropy_loss       | -3.36        |
|    explained_variance | 0.000368     |
|    learning_rate      | 0.0002       |
|    n_updates          | 1599         |
|    policy_loss        | 0.0197       |
|    reward             | 0.0055555557 |
|    std                | 1.3          |
|    value_loss         | 5.13e-05     |
----------------------------------------
----------------------------------------
| time/                 |              |
|    fps                | 170          |
|    iterations         | 1700         |
|    time_elapsed       | 49           |
|    total_timesteps    | 8500         |
| train/                |              |
|    entropy_loss       | -3.39        |
|    explained_variance | 0            |
|    learning_rate      | 0.0002       |
|    n_updates          | 1699         |
|    policy_loss        | -0.000338    |
|    reward             | 0.0014705883 |
|    std                | 1.32         |
|    value_loss         | 1.15e-08     |
----------------------------------------
EPISODE:  10
---------------------------------------
| time/                 |             |
|    fps                | 169         |
|    iterations         | 1800        |
|    time_elapsed       | 53          |
|    total_timesteps    | 9000        |
| train/                |             |
|    entropy_loss       | -3.42       |
|    explained_variance | 0.00206     |
|    learning_rate      | 0.0002      |
|    n_updates          | 1799        |
|    policy_loss        | 0.000376    |
|    reward             | 0.005291005 |
|    std                | 1.34        |
|    value_loss         | 2.81e-08    |
---------------------------------------
----------------------------------------
| time/                 |              |
|    fps                | 169          |
|    iterations         | 1900         |
|    time_elapsed       | 56           |
|    total_timesteps    | 9500         |
| train/                |              |
|    entropy_loss       | -3.45        |
|    explained_variance | 1.19e-07     |
|    learning_rate      | 0.0002       |
|    n_updates          | 1899         |
|    policy_loss        | 0.000102     |
|    reward             | 0.0014513788 |
|    std                | 1.36         |
|    value_loss         | 8.67e-10     |
----------------------------------------
EPISODE:  11
---------------------------------------
| time/                 |             |
|    fps                | 169         |
|    iterations         | 2000        |
|    time_elapsed       | 59          |
|    total_timesteps    | 10000       |
| train/                |             |
|    entropy_loss       | -3.48       |
|    explained_variance | -5.89e-05   |
|    learning_rate      | 0.0002      |
|    n_updates          | 1999        |
|    policy_loss        | 0.00188     |
|    reward             | 0.005050505 |
|    std                | 1.38        |
|    value_loss         | 3.95e-07    |
---------------------------------------
----------------------------------------
| time/                 |              |
|    fps                | 168          |
|    iterations         | 2100         |
|    time_elapsed       | 62           |
|    total_timesteps    | 10500        |
| train/                |              |
|    entropy_loss       | -3.51        |
|    explained_variance | 0            |
|    learning_rate      | 0.0002       |
|    n_updates          | 2099         |
|    policy_loss        | -0.00435     |
|    reward             | 0.0014326648 |
|    std                | 1.4          |
|    value_loss         | 1.87e-06     |
----------------------------------------
EPISODE:  12
---------------------------------------
| time/                 |             |
|    fps                | 168         |
|    iterations         | 2200        |
|    time_elapsed       | 65          |
|    total_timesteps    | 11000       |
| train/                |             |
|    entropy_loss       | -3.55       |
|    explained_variance | -0.00154    |
|    learning_rate      | 0.0002      |
|    n_updates          | 2199        |
|    policy_loss        | -0.00361    |
|    reward             | 0.004830918 |
|    std                | 1.43        |
|    value_loss         | 1.59e-06    |
---------------------------------------
----------------------------------------
| time/                 |              |
|    fps                | 168          |
|    iterations         | 2300         |
|    time_elapsed       | 68           |
|    total_timesteps    | 11500        |
| train/                |              |
|    entropy_loss       | -3.58        |
|    explained_variance | 0            |
|    learning_rate      | 0.0002       |
|    n_updates          | 2299         |
|    policy_loss        | -0.000309    |
|    reward             | 0.0014144272 |
|    std                | 1.45         |
|    value_loss         | 8.27e-09     |
----------------------------------------
EPISODE:  13
----------------------------------------
| time/                 |              |
|    fps                | 168          |
|    iterations         | 2400         |
|    time_elapsed       | 71           |
|    total_timesteps    | 12000        |
| train/                |              |
|    entropy_loss       | -3.62        |
|    explained_variance | -442         |
|    learning_rate      | 0.0002       |
|    n_updates          | 2399         |
|    policy_loss        | -0.0388      |
|    reward             | 0.0046296297 |
|    std                | 1.48         |
|    value_loss         | 8.41e-05     |
----------------------------------------
---------------------------------------
| time/                 |             |
|    fps                | 168         |
|    iterations         | 2500        |
|    time_elapsed       | 74          |
|    total_timesteps    | 12500       |
| train/                |             |
|    entropy_loss       | -3.64       |
|    explained_variance | 0           |
|    learning_rate      | 0.0002      |
|    n_updates          | 2499        |
|    policy_loss        | 0.00324     |
|    reward             | 0.001396648 |
|    std                | 1.5         |
|    value_loss         | 1.09e-06    |
---------------------------------------
EPISODE:  14
----------------------------------------
| time/                 |              |
|    fps                | 167          |
|    iterations         | 2600         |
|    time_elapsed       | 77           |
|    total_timesteps    | 13000        |
| train/                |              |
|    entropy_loss       | -3.68        |
|    explained_variance | 0.00105      |
|    learning_rate      | 0.0002       |
|    n_updates          | 2599         |
|    policy_loss        | 0.012        |
|    reward             | 0.0044444446 |
|    std                | 1.52         |
|    value_loss         | 1.07e-05     |
----------------------------------------
----------------------------------------
| time/                 |              |
|    fps                | 167          |
|    iterations         | 2700         |
|    time_elapsed       | 80           |
|    total_timesteps    | 13500        |
| train/                |              |
|    entropy_loss       | -3.7         |
|    explained_variance | 0            |
|    learning_rate      | 0.0002       |
|    n_updates          | 2699         |
|    policy_loss        | -0.000166    |
|    reward             | 0.0013793104 |
|    std                | 1.54         |
|    value_loss         | 2.58e-09     |
----------------------------------------
EPISODE:  15
----------------------------------------
| time/                 |              |
|    fps                | 167          |
|    iterations         | 2800         |
|    time_elapsed       | 83           |
|    total_timesteps    | 14000        |
| train/                |              |
|    entropy_loss       | -3.73        |
|    explained_variance | 3.58e-07     |
|    learning_rate      | 0.0002       |
|    n_updates          | 2799         |
|    policy_loss        | -0.0211      |
|    reward             | 0.0042735045 |
|    std                | 1.56         |
|    value_loss         | 2.73e-05     |
----------------------------------------
----------------------------------------
| time/                 |              |
|    fps                | 167          |
|    iterations         | 2900         |
|    time_elapsed       | 86           |
|    total_timesteps    | 14500        |
| train/                |              |
|    entropy_loss       | -3.76        |
|    explained_variance | 0            |
|    learning_rate      | 0.0002       |
|    n_updates          | 2899         |
|    policy_loss        | -0.000181    |
|    reward             | 0.0013623978 |
|    std                | 1.59         |
|    value_loss         | 3.76e-09     |
----------------------------------------
EPISODE:  16
---------------------------------------
| time/                 |             |
|    fps                | 167         |
|    iterations         | 3000        |
|    time_elapsed       | 89          |
|    total_timesteps    | 15000       |
| train/                |             |
|    entropy_loss       | -3.79       |
|    explained_variance | -34.3       |
|    learning_rate      | 0.0002      |
|    n_updates          | 2999        |
|    policy_loss        | -0.00353    |
|    reward             | 0.004115226 |
|    std                | 1.61        |
|    value_loss         | 9.47e-07    |
---------------------------------------
---------------------------------------
| time/                 |             |
|    fps                | 167         |
|    iterations         | 3100        |
|    time_elapsed       | 92          |
|    total_timesteps    | 15500       |
| train/                |             |
|    entropy_loss       | -3.82       |
|    explained_variance | 0           |
|    learning_rate      | 0.0002      |
|    n_updates          | 3099        |
|    policy_loss        | 0.000162    |
|    reward             | 0.001345895 |
|    std                | 1.64        |
|    value_loss         | 2.59e-09    |
---------------------------------------
EPISODE:  17
---------------------------------------
| time/                 |             |
|    fps                | 166         |
|    iterations         | 3200        |
|    time_elapsed       | 95          |
|    total_timesteps    | 16000       |
| train/                |             |
|    entropy_loss       | -3.86       |
|    explained_variance | 0.0752      |
|    learning_rate      | 0.0002      |
|    n_updates          | 3199        |
|    policy_loss        | 0.0323      |
|    reward             | 0.003968254 |
|    std                | 1.66        |
|    value_loss         | 8.94e-05    |
---------------------------------------
----------------------------------------
| time/                 |              |
|    fps                | 166          |
|    iterations         | 3300         |
|    time_elapsed       | 99           |
|    total_timesteps    | 16500        |
| train/                |              |
|    entropy_loss       | -3.89        |
|    explained_variance | 0            |
|    learning_rate      | 0.0002       |
|    n_updates          | 3299         |
|    policy_loss        | -0.000312    |
|    reward             | 0.0013297872 |
|    std                | 1.69         |
|    value_loss         | 7.99e-09     |
----------------------------------------
EPISODE:  18
----------------------------------------
| time/                 |              |
|    fps                | 166          |
|    iterations         | 3400         |
|    time_elapsed       | 102          |
|    total_timesteps    | 17000        |
| train/                |              |
|    entropy_loss       | -3.92        |
|    explained_variance | 0.00476      |
|    learning_rate      | 0.0002       |
|    n_updates          | 3399         |
|    policy_loss        | 0.00906      |
|    reward             | 0.0038314175 |
|    std                | 1.72         |
|    value_loss         | 7.59e-06     |
----------------------------------------
----------------------------------------
| time/                 |              |
|    fps                | 166          |
|    iterations         | 3500         |
|    time_elapsed       | 105          |
|    total_timesteps    | 17500        |
| train/                |              |
|    entropy_loss       | -3.95        |
|    explained_variance | 0            |
|    learning_rate      | 0.0002       |
|    n_updates          | 3499         |
|    policy_loss        | -0.00907     |
|    reward             | 0.0013140604 |
|    std                | 1.74         |
|    value_loss         | 5.86e-06     |
----------------------------------------
EPISODE:  19
----------------------------------------
| time/                 |              |
|    fps                | 166          |
|    iterations         | 3600         |
|    time_elapsed       | 108          |
|    total_timesteps    | 18000        |
| train/                |              |
|    entropy_loss       | -3.98        |
|    explained_variance | 0.816        |
|    learning_rate      | 0.0002       |
|    n_updates          | 3599         |
|    policy_loss        | 6.03e-05     |
|    reward             | 0.0037037036 |
|    std                | 1.77         |
|    value_loss         | 3.7e-08      |
----------------------------------------
----------------------------------------
| time/                 |              |
|    fps                | 166          |
|    iterations         | 3700         |
|    time_elapsed       | 111          |
|    total_timesteps    | 18500        |
| train/                |              |
|    entropy_loss       | -4.01        |
|    explained_variance | 0            |
|    learning_rate      | 0.0002       |
|    n_updates          | 3699         |
|    policy_loss        | 0.000644     |
|    reward             | 0.0012987013 |
|    std                | 1.8          |
|    value_loss         | 3.4e-08      |
----------------------------------------
EPISODE:  20
----------------------------------------
| time/                 |              |
|    fps                | 166          |
|    iterations         | 3800         |
|    time_elapsed       | 114          |
|    total_timesteps    | 19000        |
| train/                |              |
|    entropy_loss       | -4.04        |
|    explained_variance | 0.0192       |
|    learning_rate      | 0.0002       |
|    n_updates          | 3799         |
|    policy_loss        | 0.0329       |
|    reward             | 0.0035842294 |
|    std                | 1.83         |
|    value_loss         | 8.6e-05      |
----------------------------------------
----------------------------------------
| time/                 |              |
|    fps                | 166          |
|    iterations         | 3900         |
|    time_elapsed       | 116          |
|    total_timesteps    | 19500        |
| train/                |              |
|    entropy_loss       | -4.07        |
|    explained_variance | 1.79e-07     |
|    learning_rate      | 0.0002       |
|    n_updates          | 3899         |
|    policy_loss        | -0.00988     |
|    reward             | 0.0012836971 |
|    std                | 1.86         |
|    value_loss         | 6.94e-06     |
----------------------------------------
EPISODE:  21
----------------------------------------
| time/                 |              |
|    fps                | 167          |
|    iterations         | 4000         |
|    time_elapsed       | 119          |
|    total_timesteps    | 20000        |
| train/                |              |
|    entropy_loss       | -4.11        |
|    explained_variance | 0.864        |
|    learning_rate      | 0.0002       |
|    n_updates          | 3999         |
|    policy_loss        | 0.0252       |
|    reward             | 0.0034722222 |
|    std                | 1.89         |
|    value_loss         | 4.31e-05     |
----------------------------------------
----------------------------------------
| time/                 |              |
|    fps                | 167          |
|    iterations         | 4100         |
|    time_elapsed       | 122          |
|    total_timesteps    | 20500        |
| train/                |              |
|    entropy_loss       | -4.14        |
|    explained_variance | 4.17e-07     |
|    learning_rate      | 0.0002       |
|    n_updates          | 4099         |
|    policy_loss        | 6.39e-05     |
|    reward             | 0.0012690355 |
|    std                | 1.92         |
|    value_loss         | 3.46e-10     |
----------------------------------------
EPISODE:  22
----------------------------------------
| time/                 |              |
|    fps                | 167          |
|    iterations         | 4200         |
|    time_elapsed       | 125          |
|    total_timesteps    | 21000        |
| train/                |              |
|    entropy_loss       | -4.17        |
|    explained_variance | 0.0193       |
|    learning_rate      | 0.0002       |
|    n_updates          | 4199         |
|    policy_loss        | 0.044        |
|    reward             | 0.0033670033 |
|    std                | 1.94         |
|    value_loss         | 0.000167     |
----------------------------------------
----------------------------------------
| time/                 |              |
|    fps                | 167          |
|    iterations         | 4300         |
|    time_elapsed       | 128          |
|    total_timesteps    | 21500        |
| train/                |              |
|    entropy_loss       | -4.19        |
|    explained_variance | 4.77e-07     |
|    learning_rate      | 0.0002       |
|    n_updates          | 4299         |
|    policy_loss        | -0.00014     |
|    reward             | 0.0012547051 |
|    std                | 1.97         |
|    value_loss         | 1.41e-09     |
----------------------------------------
EPISODE:  23
---------------------------------------
| time/                 |             |
|    fps                | 167         |
|    iterations         | 4400        |
|    time_elapsed       | 131         |
|    total_timesteps    | 22000       |
| train/                |             |
|    entropy_loss       | -4.22       |
|    explained_variance | 2.95e-05    |
|    learning_rate      | 0.0002      |
|    n_updates          | 4399        |
|    policy_loss        | 0.017       |
|    reward             | 0.003267974 |
|    std                | 2           |
|    value_loss         | 1.62e-05    |
---------------------------------------
----------------------------------------
| time/                 |              |
|    fps                | 167          |
|    iterations         | 4500         |
|    time_elapsed       | 134          |
|    total_timesteps    | 22500        |
| train/                |              |
|    entropy_loss       | -4.25        |
|    explained_variance | 0            |
|    learning_rate      | 0.0002       |
|    n_updates          | 4499         |
|    policy_loss        | 0.00105      |
|    reward             | 0.0012406948 |
|    std                | 2.03         |
|    value_loss         | 6.91e-08     |
----------------------------------------
EPISODE:  24
----------------------------------------
| time/                 |              |
|    fps                | 167          |
|    iterations         | 4600         |
|    time_elapsed       | 137          |
|    total_timesteps    | 23000        |
| train/                |              |
|    entropy_loss       | -4.28        |
|    explained_variance | 0            |
|    learning_rate      | 0.0002       |
|    n_updates          | 4599         |
|    policy_loss        | 0.0123       |
|    reward             | 0.0031746032 |
|    std                | 2.06         |
|    value_loss         | 1.26e-05     |
----------------------------------------
----------------------------------------
| time/                 |              |
|    fps                | 167          |
|    iterations         | 4700         |
|    time_elapsed       | 139          |
|    total_timesteps    | 23500        |
| train/                |              |
|    entropy_loss       | -4.31        |
|    explained_variance | 2.98e-07     |
|    learning_rate      | 0.0002       |
|    n_updates          | 4699         |
|    policy_loss        | -0.000251    |
|    reward             | 0.0012269939 |
|    std                | 2.09         |
|    value_loss         | 3.97e-09     |
----------------------------------------
EPISODE:  25
----------------------------------------
| time/                 |              |
|    fps                | 168          |
|    iterations         | 4800         |
|    time_elapsed       | 142          |
|    total_timesteps    | 24000        |
| train/                |              |
|    entropy_loss       | -4.34        |
|    explained_variance | 0            |
|    learning_rate      | 0.0002       |
|    n_updates          | 4799         |
|    policy_loss        | 0.00965      |
|    reward             | 0.0030864198 |
|    std                | 2.12         |
|    value_loss         | 5.78e-06     |
----------------------------------------
----------------------------------------
| time/                 |              |
|    fps                | 168          |
|    iterations         | 4900         |
|    time_elapsed       | 145          |
|    total_timesteps    | 24500        |
| train/                |              |
|    entropy_loss       | -4.37        |
|    explained_variance | 0            |
|    learning_rate      | 0.0002       |
|    n_updates          | 4899         |
|    policy_loss        | -0.000356    |
|    reward             | 0.0012135922 |
|    std                | 2.15         |
|    value_loss         | 7.98e-09     |
----------------------------------------
EPISODE:  26
---------------------------------------
| time/                 |             |
|    fps                | 167         |
|    iterations         | 5000        |
|    time_elapsed       | 148         |
|    total_timesteps    | 25000       |
| train/                |             |
|    entropy_loss       | -4.4        |
|    explained_variance | 0           |
|    learning_rate      | 0.0002      |
|    n_updates          | 4999        |
|    policy_loss        | 0.00332     |
|    reward             | 0.003003003 |
|    std                | 2.19        |
|    value_loss         | 9.04e-07    |
---------------------------------------
-----------------------------------------
| time/                 |               |
|    fps                | 167           |
|    iterations         | 5100          |
|    time_elapsed       | 151           |
|    total_timesteps    | 25500         |
| train/                |               |
|    entropy_loss       | -4.43         |
|    explained_variance | 1.19e-07      |
|    learning_rate      | 0.0002        |
|    n_updates          | 5099          |
|    policy_loss        | 0.000126      |
|    reward             | -0.0012004802 |
|    std                | 2.22          |
|    value_loss         | 1.31e-09      |
-----------------------------------------
EPISODE:  27
----------------------------------------
| time/                 |              |
|    fps                | 167          |
|    iterations         | 5200         |
|    time_elapsed       | 155          |
|    total_timesteps    | 26000        |
| train/                |              |
|    entropy_loss       | -4.46        |
|    explained_variance | 0            |
|    learning_rate      | 0.0002       |
|    n_updates          | 5199         |
|    policy_loss        | -0.000569    |
|    reward             | 0.0029239766 |
|    std                | 2.25         |
|    value_loss         | 2.67e-08     |
----------------------------------------
----------------------------------------
| time/                 |              |
|    fps                | 167          |
|    iterations         | 5300         |
|    time_elapsed       | 158          |
|    total_timesteps    | 26500        |
| train/                |              |
|    entropy_loss       | -4.49        |
|    explained_variance | 0            |
|    learning_rate      | 0.0002       |
|    n_updates          | 5299         |
|    policy_loss        | 0.000779     |
|    reward             | 0.0011876485 |
|    std                | 2.29         |
|    value_loss         | 4.03e-08     |
----------------------------------------
EPISODE:  28
----------------------------------------
| time/                 |              |
|    fps                | 167          |
|    iterations         | 5400         |
|    time_elapsed       | 161          |
|    total_timesteps    | 27000        |
| train/                |              |
|    entropy_loss       | -4.52        |
|    explained_variance | 1.19e-07     |
|    learning_rate      | 0.0002       |
|    n_updates          | 5399         |
|    policy_loss        | -0.00207     |
|    reward             | 0.0028490028 |
|    std                | 2.32         |
|    value_loss         | 2.03e-07     |
----------------------------------------
----------------------------------------
| time/                 |              |
|    fps                | 167          |
|    iterations         | 5500         |
|    time_elapsed       | 164          |
|    total_timesteps    | 27500        |
| train/                |              |
|    entropy_loss       | -4.56        |
|    explained_variance | 0            |
|    learning_rate      | 0.0002       |
|    n_updates          | 5499         |
|    policy_loss        | -0.00989     |
|    reward             | 0.0011750881 |
|    std                | 2.36         |
|    value_loss         | 4.19e-06     |
----------------------------------------
EPISODE:  29
----------------------------------------
| time/                 |              |
|    fps                | 167          |
|    iterations         | 5600         |
|    time_elapsed       | 167          |
|    total_timesteps    | 28000        |
| train/                |              |
|    entropy_loss       | -4.59        |
|    explained_variance | 0            |
|    learning_rate      | 0.0002       |
|    n_updates          | 5599         |
|    policy_loss        | -0.00279     |
|    reward             | 0.0027777778 |
|    std                | 2.4          |
|    value_loss         | 4.44e-07     |
----------------------------------------
----------------------------------------
| time/                 |              |
|    fps                | 167          |
|    iterations         | 5700         |
|    time_elapsed       | 170          |
|    total_timesteps    | 28500        |
| train/                |              |
|    entropy_loss       | -4.62        |
|    explained_variance | 0            |
|    learning_rate      | 0.0002       |
|    n_updates          | 5699         |
|    policy_loss        | -0.00937     |
|    reward             | 0.0011627907 |
|    std                | 2.44         |
|    value_loss         | 4.53e-06     |
----------------------------------------
EPISODE:  30
----------------------------------------
| time/                 |              |
|    fps                | 167          |
|    iterations         | 5800         |
|    time_elapsed       | 173          |
|    total_timesteps    | 29000        |
| train/                |              |
|    entropy_loss       | -4.65        |
|    explained_variance | 0            |
|    learning_rate      | 0.0002       |
|    n_updates          | 5799         |
|    policy_loss        | -0.00121     |
|    reward             | 0.0027100272 |
|    std                | 2.48         |
|    value_loss         | 8.6e-08      |
----------------------------------------
---------------------------------------
| time/                 |             |
|    fps                | 167         |
|    iterations         | 5900        |
|    time_elapsed       | 176         |
|    total_timesteps    | 29500       |
| train/                |             |
|    entropy_loss       | -4.68       |
|    explained_variance | 7.15e-07    |
|    learning_rate      | 0.0002      |
|    n_updates          | 5899        |
|    policy_loss        | -0.012      |
|    reward             | 0.001150748 |
|    std                | 2.51        |
|    value_loss         | 5.48e-06    |
---------------------------------------
EPISODE:  31
----------------------------------------
| time/                 |              |
|    fps                | 167          |
|    iterations         | 6000         |
|    time_elapsed       | 179          |
|    total_timesteps    | 30000        |
| train/                |              |
|    entropy_loss       | -4.7         |
|    explained_variance | 0            |
|    learning_rate      | 0.0002       |
|    n_updates          | 5999         |
|    policy_loss        | 0.00386      |
|    reward             | 0.0026455026 |
|    std                | 2.54         |
|    value_loss         | 7.73e-07     |
----------------------------------------
----------------------------------------
| time/                 |              |
|    fps                | 167          |
|    iterations         | 6100         |
|    time_elapsed       | 182          |
|    total_timesteps    | 30500        |
| train/                |              |
|    entropy_loss       | -4.73        |
|    explained_variance | 0            |
|    learning_rate      | 0.0002       |
|    n_updates          | 6099         |
|    policy_loss        | 0.00358      |
|    reward             | 0.0011389522 |
|    std                | 2.58         |
|    value_loss         | 5.24e-07     |
----------------------------------------
EPISODE:  32
----------------------------------------
| time/                 |              |
|    fps                | 166          |
|    iterations         | 6200         |
|    time_elapsed       | 185          |
|    total_timesteps    | 31000        |
| train/                |              |
|    entropy_loss       | -4.76        |
|    explained_variance | 0            |
|    learning_rate      | 0.0002       |
|    n_updates          | 6199         |
|    policy_loss        | -0.00206     |
|    reward             | 0.0025839794 |
|    std                | 2.62         |
|    value_loss         | 2.73e-07     |
----------------------------------------
----------------------------------------
| time/                 |              |
|    fps                | 166          |
|    iterations         | 6300         |
|    time_elapsed       | 189          |
|    total_timesteps    | 31500        |
| train/                |              |
|    entropy_loss       | -4.8         |
|    explained_variance | 0            |
|    learning_rate      | 0.0002       |
|    n_updates          | 6299         |
|    policy_loss        | -0.000231    |
|    reward             | 0.0011273957 |
|    std                | 2.66         |
|    value_loss         | 3.02e-09     |
----------------------------------------
EPISODE:  33
----------------------------------------
| time/                 |              |
|    fps                | 166          |
|    iterations         | 6400         |
|    time_elapsed       | 192          |
|    total_timesteps    | 32000        |
| train/                |              |
|    entropy_loss       | -4.83        |
|    explained_variance | 0            |
|    learning_rate      | 0.0002       |
|    n_updates          | 6399         |
|    policy_loss        | -0.00116     |
|    reward             | 0.0025252525 |
|    std                | 2.71         |
|    value_loss         | 9.18e-08     |
----------------------------------------
----------------------------------------
| time/                 |              |
|    fps                | 165          |
|    iterations         | 6500         |
|    time_elapsed       | 196          |
|    total_timesteps    | 32500        |
| train/                |              |
|    entropy_loss       | -4.86        |
|    explained_variance | 0            |
|    learning_rate      | 0.0002       |
|    n_updates          | 6499         |
|    policy_loss        | 0.000104     |
|    reward             | 0.0011160715 |
|    std                | 2.75         |
|    value_loss         | 5.77e-10     |
----------------------------------------
EPISODE:  34
---------------------------------------
| time/                 |             |
|    fps                | 165         |
|    iterations         | 6600        |
|    time_elapsed       | 199         |
|    total_timesteps    | 33000       |
| train/                |             |
|    entropy_loss       | -4.89       |
|    explained_variance | 0           |
|    learning_rate      | 0.0002      |
|    n_updates          | 6599        |
|    policy_loss        | -0.00158    |
|    reward             | 0.002469136 |
|    std                | 2.79        |
|    value_loss         | 1.32e-07    |
---------------------------------------
----------------------------------------
| time/                 |              |
|    fps                | 165          |
|    iterations         | 6700         |
|    time_elapsed       | 202          |
|    total_timesteps    | 33500        |
| train/                |              |
|    entropy_loss       | -4.92        |
|    explained_variance | 0            |
|    learning_rate      | 0.0002       |
|    n_updates          | 6699         |
|    policy_loss        | 0.000343     |
|    reward             | 0.0011049723 |
|    std                | 2.84         |
|    value_loss         | 6.33e-09     |
----------------------------------------
EPISODE:  35
---------------------------------------
| time/                 |             |
|    fps                | 165         |
|    iterations         | 6800        |
|    time_elapsed       | 205         |
|    total_timesteps    | 34000       |
| train/                |             |
|    entropy_loss       | -4.96       |
|    explained_variance | 0           |
|    learning_rate      | 0.0002      |
|    n_updates          | 6799        |
|    policy_loss        | 0.00108     |
|    reward             | 0.002415459 |
|    std                | 2.89        |
|    value_loss         | 7.45e-08    |
---------------------------------------
----------------------------------------
| time/                 |              |
|    fps                | 164          |
|    iterations         | 6900         |
|    time_elapsed       | 209          |
|    total_timesteps    | 34500        |
| train/                |              |
|    entropy_loss       | -4.99        |
|    explained_variance | 2.38e-07     |
|    learning_rate      | 0.0002       |
|    n_updates          | 6899         |
|    policy_loss        | -0.000177    |
|    reward             | 0.0010940919 |
|    std                | 2.93         |
|    value_loss         | 1.67e-09     |
----------------------------------------
EPISODE:  36
----------------------------------------
| time/                 |              |
|    fps                | 164          |
|    iterations         | 7000         |
|    time_elapsed       | 212          |
|    total_timesteps    | 35000        |
| train/                |              |
|    entropy_loss       | -5.01        |
|    explained_variance | -1.19e-07    |
|    learning_rate      | 0.0002       |
|    n_updates          | 6999         |
|    policy_loss        | -0.00188     |
|    reward             | 0.0023640662 |
|    std                | 2.97         |
|    value_loss         | 2e-07        |
----------------------------------------
----------------------------------------
| time/                 |              |
|    fps                | 164          |
|    iterations         | 7100         |
|    time_elapsed       | 216          |
|    total_timesteps    | 35500        |
| train/                |              |
|    entropy_loss       | -5.04        |
|    explained_variance | 0            |
|    learning_rate      | 0.0002       |
|    n_updates          | 7099         |
|    policy_loss        | 0.000173     |
|    reward             | 0.0010834236 |
|    std                | 3.02         |
|    value_loss         | 1.39e-09     |
----------------------------------------
EPISODE:  37
----------------------------------------
| time/                 |              |
|    fps                | 164          |
|    iterations         | 7200         |
|    time_elapsed       | 219          |
|    total_timesteps    | 36000        |
| train/                |              |
|    entropy_loss       | -5.08        |
|    explained_variance | 0            |
|    learning_rate      | 0.0002       |
|    n_updates          | 7199         |
|    policy_loss        | -0.00201     |
|    reward             | 0.0023148148 |
|    std                | 3.06         |
|    value_loss         | 1.82e-07     |
----------------------------------------
----------------------------------------
| time/                 |              |
|    fps                | 164          |
|    iterations         | 7300         |
|    time_elapsed       | 222          |
|    total_timesteps    | 36500        |
| train/                |              |
|    entropy_loss       | -5.11        |
|    explained_variance | 0            |
|    learning_rate      | 0.0002       |
|    n_updates          | 7299         |
|    policy_loss        | 0.00191      |
|    reward             | 0.0010729614 |
|    std                | 3.12         |
|    value_loss         | 1.89e-07     |
----------------------------------------
EPISODE:  38
----------------------------------------
| time/                 |              |
|    fps                | 163          |
|    iterations         | 7400         |
|    time_elapsed       | 225          |
|    total_timesteps    | 37000        |
| train/                |              |
|    entropy_loss       | -5.15        |
|    explained_variance | 0            |
|    learning_rate      | 0.0002       |
|    n_updates          | 7399         |
|    policy_loss        | -0.00166     |
|    reward             | 0.0022675737 |
|    std                | 3.17         |
|    value_loss         | 1.19e-07     |
----------------------------------------
----------------------------------------
| time/                 |              |
|    fps                | 163          |
|    iterations         | 7500         |
|    time_elapsed       | 228          |
|    total_timesteps    | 37500        |
| train/                |              |
|    entropy_loss       | -5.18        |
|    explained_variance | 0            |
|    learning_rate      | 0.0002       |
|    n_updates          | 7499         |
|    policy_loss        | -0.000195    |
|    reward             | 0.0010626992 |
|    std                | 3.23         |
|    value_loss         | 1.98e-09     |
----------------------------------------
EPISODE:  39
----------------------------------------
| time/                 |              |
|    fps                | 163          |
|    iterations         | 7600         |
|    time_elapsed       | 231          |
|    total_timesteps    | 38000        |
| train/                |              |
|    entropy_loss       | -5.21        |
|    explained_variance | 0            |
|    learning_rate      | 0.0002       |
|    n_updates          | 7599         |
|    policy_loss        | -0.00161     |
|    reward             | 0.0022222223 |
|    std                | 3.27         |
|    value_loss         | 1.44e-07     |
----------------------------------------
----------------------------------------
| time/                 |              |
|    fps                | 163          |
|    iterations         | 7700         |
|    time_elapsed       | 235          |
|    total_timesteps    | 38500        |
| train/                |              |
|    entropy_loss       | -5.24        |
|    explained_variance | 1.01e-06     |
|    learning_rate      | 0.0002       |
|    n_updates          | 7699         |
|    policy_loss        | -8.65e-05    |
|    reward             | 0.0010526315 |
|    std                | 3.32         |
|    value_loss         | 3.05e-10     |
----------------------------------------
EPISODE:  40
----------------------------------------
| time/                 |              |
|    fps                | 163          |
|    iterations         | 7800         |
|    time_elapsed       | 238          |
|    total_timesteps    | 39000        |
| train/                |              |
|    entropy_loss       | -5.26        |
|    explained_variance | -2.38e-07    |
|    learning_rate      | 0.0002       |
|    n_updates          | 7799         |
|    policy_loss        | -0.000803    |
|    reward             | 0.0021786492 |
|    std                | 3.37         |
|    value_loss         | 3.02e-08     |
----------------------------------------
-----------------------------------------
| time/                 |               |
|    fps                | 163           |
|    iterations         | 7900          |
|    time_elapsed       | 241           |
|    total_timesteps    | 39500         |
| train/                |               |
|    entropy_loss       | -5.3          |
|    explained_variance | 0             |
|    learning_rate      | 0.0002        |
|    n_updates          | 7899          |
|    policy_loss        | 0.000272      |
|    reward             | -0.0010427529 |
|    std                | 3.42          |
|    value_loss         | 4.09e-09      |
-----------------------------------------
EPISODE:  41
----------------------------------------
| time/                 |              |
|    fps                | 163          |
|    iterations         | 8000         |
|    time_elapsed       | 244          |
|    total_timesteps    | 40000        |
| train/                |              |
|    entropy_loss       | -5.32        |
|    explained_variance | 0            |
|    learning_rate      | 0.0002       |
|    n_updates          | 7999         |
|    policy_loss        | -0.00218     |
|    reward             | 0.0021367522 |
|    std                | 3.46         |
|    value_loss         | 2.44e-07     |
----------------------------------------
----------------------------------------
| time/                 |              |
|    fps                | 163          |
|    iterations         | 8100         |
|    time_elapsed       | 247          |
|    total_timesteps    | 40500        |
| train/                |              |
|    entropy_loss       | -5.35        |
|    explained_variance | 0            |
|    learning_rate      | 0.0002       |
|    n_updates          | 8099         |
|    policy_loss        | 0.00381      |
|    reward             | 0.0010330578 |
|    std                | 3.51         |
|    value_loss         | 7.67e-07     |
----------------------------------------
EPISODE:  42
---------------------------------------
| time/                 |             |
|    fps                | 163         |
|    iterations         | 8200        |
|    time_elapsed       | 251         |
|    total_timesteps    | 41000       |
| train/                |             |
|    entropy_loss       | -5.38       |
|    explained_variance | 1.19e-07    |
|    learning_rate      | 0.0002      |
|    n_updates          | 8199        |
|    policy_loss        | -0.000745   |
|    reward             | 0.002096436 |
|    std                | 3.57        |
|    value_loss         | 2.49e-08    |
---------------------------------------
----------------------------------------
| time/                 |              |
|    fps                | 163          |
|    iterations         | 8300         |
|    time_elapsed       | 254          |
|    total_timesteps    | 41500        |
| train/                |              |
|    entropy_loss       | -5.42        |
|    explained_variance | 0            |
|    learning_rate      | 0.0002       |
|    n_updates          | 8299         |
|    policy_loss        | 0.00292      |
|    reward             | 0.0010235414 |
|    std                | 3.63         |
|    value_loss         | 2.94e-07     |
----------------------------------------
EPISODE:  43
---------------------------------------
| time/                 |             |
|    fps                | 163         |
|    iterations         | 8400        |
|    time_elapsed       | 257         |
|    total_timesteps    | 42000       |
| train/                |             |
|    entropy_loss       | -5.44       |
|    explained_variance | 0           |
|    learning_rate      | 0.0002      |
|    n_updates          | 8399        |
|    policy_loss        | -0.0209     |
|    reward             | 0.002057613 |
|    std                | 3.68        |
|    value_loss         | 1.47e-05    |
---------------------------------------
----------------------------------------
| time/                 |              |
|    fps                | 163          |
|    iterations         | 8500         |
|    time_elapsed       | 260          |
|    total_timesteps    | 42500        |
| train/                |              |
|    entropy_loss       | -5.48        |
|    explained_variance | 0            |
|    learning_rate      | 0.0002       |
|    n_updates          | 8499         |
|    policy_loss        | -0.000241    |
|    reward             | 0.0010141988 |
|    std                | 3.75         |
|    value_loss         | 2.39e-09     |
----------------------------------------
EPISODE:  44
---------------------------------------
| time/                 |             |
|    fps                | 163         |
|    iterations         | 8600        |
|    time_elapsed       | 263         |
|    total_timesteps    | 43000       |
| train/                |             |
|    entropy_loss       | -5.5        |
|    explained_variance | 0           |
|    learning_rate      | 0.0002      |
|    n_updates          | 8599        |
|    policy_loss        | 0.000409    |
|    reward             | 0.002020202 |
|    std                | 3.79        |
|    value_loss         | 6.56e-09    |
---------------------------------------
----------------------------------------
| time/                 |              |
|    fps                | 163          |
|    iterations         | 8700         |
|    time_elapsed       | 266          |
|    total_timesteps    | 43500        |
| train/                |              |
|    entropy_loss       | -5.53        |
|    explained_variance | 0            |
|    learning_rate      | 0.0002       |
|    n_updates          | 8699         |
|    policy_loss        | 0.00112      |
|    reward             | 0.0010050251 |
|    std                | 3.84         |
|    value_loss         | 5.56e-08     |
----------------------------------------
EPISODE:  45
---------------------------------------
| time/                 |             |
|    fps                | 163         |
|    iterations         | 8800        |
|    time_elapsed       | 269         |
|    total_timesteps    | 44000       |
| train/                |             |
|    entropy_loss       | -5.55       |
|    explained_variance | -1.19e-07   |
|    learning_rate      | 0.0002      |
|    n_updates          | 8799        |
|    policy_loss        | -0.00144    |
|    reward             | 0.001984127 |
|    std                | 3.87        |
|    value_loss         | 9.39e-08    |
---------------------------------------
---------------------------------------
| time/                 |             |
|    fps                | 163         |
|    iterations         | 8900        |
|    time_elapsed       | 272         |
|    total_timesteps    | 44500       |
| train/                |             |
|    entropy_loss       | -5.58       |
|    explained_variance | 0           |
|    learning_rate      | 0.0002      |
|    n_updates          | 8899        |
|    policy_loss        | -0.000303   |
|    reward             | 0.000996016 |
|    std                | 3.93        |
|    value_loss         | 2.62e-09    |
---------------------------------------
EPISODE:  46
----------------------------------------
| time/                 |              |
|    fps                | 163          |
|    iterations         | 9000         |
|    time_elapsed       | 275          |
|    total_timesteps    | 45000        |
| train/                |              |
|    entropy_loss       | -5.61        |
|    explained_variance | 0            |
|    learning_rate      | 0.0002       |
|    n_updates          | 8999         |
|    policy_loss        | -0.00126     |
|    reward             | 0.0019493178 |
|    std                | 3.99         |
|    value_loss         | 7.78e-08     |
----------------------------------------
----------------------------------------
| time/                 |              |
|    fps                | 163          |
|    iterations         | 9100         |
|    time_elapsed       | 278          |
|    total_timesteps    | 45500        |
| train/                |              |
|    entropy_loss       | -5.64        |
|    explained_variance | 1.19e-07     |
|    learning_rate      | 0.0002       |
|    n_updates          | 9099         |
|    policy_loss        | 0.00193      |
|    reward             | 0.0009871669 |
|    std                | 4.06         |
|    value_loss         | 1.68e-07     |
----------------------------------------
EPISODE:  47
----------------------------------------
| time/                 |              |
|    fps                | 163          |
|    iterations         | 9200         |
|    time_elapsed       | 280          |
|    total_timesteps    | 46000        |
| train/                |              |
|    entropy_loss       | -5.66        |
|    explained_variance | 0            |
|    learning_rate      | 0.0002       |
|    n_updates          | 9199         |
|    policy_loss        | -0.00109     |
|    reward             | 0.0019157088 |
|    std                | 4.11         |
|    value_loss         | 4.67e-08     |
----------------------------------------
----------------------------------------
| time/                 |              |
|    fps                | 163          |
|    iterations         | 9300         |
|    time_elapsed       | 283          |
|    total_timesteps    | 46500        |
| train/                |              |
|    entropy_loss       | -5.7         |
|    explained_variance | 0            |
|    learning_rate      | 0.0002       |
|    n_updates          | 9299         |
|    policy_loss        | 0.000907     |
|    reward             | 0.0009784736 |
|    std                | 4.18         |
|    value_loss         | 3.49e-08     |
----------------------------------------
EPISODE:  48
----------------------------------------
| time/                 |              |
|    fps                | 163          |
|    iterations         | 9400         |
|    time_elapsed       | 286          |
|    total_timesteps    | 47000        |
| train/                |              |
|    entropy_loss       | -5.72        |
|    explained_variance | -1.19e-07    |
|    learning_rate      | 0.0002       |
|    n_updates          | 9399         |
|    policy_loss        | -0.000777    |
|    reward             | 0.0018832391 |
|    std                | 4.23         |
|    value_loss         | 2.04e-08     |
----------------------------------------
----------------------------------------
| time/                 |              |
|    fps                | 164          |
|    iterations         | 9500         |
|    time_elapsed       | 289          |
|    total_timesteps    | 47500        |
| train/                |              |
|    entropy_loss       | -5.76        |
|    explained_variance | 0            |
|    learning_rate      | 0.0002       |
|    n_updates          | 9499         |
|    policy_loss        | 0.000946     |
|    reward             | 0.0009699321 |
|    std                | 4.31         |
|    value_loss         | 3.65e-08     |
----------------------------------------
EPISODE:  49
----------------------------------------
| time/                 |              |
|    fps                | 164          |
|    iterations         | 9600         |
|    time_elapsed       | 292          |
|    total_timesteps    | 48000        |
| train/                |              |
|    entropy_loss       | -5.79        |
|    explained_variance | 0            |
|    learning_rate      | 0.0002       |
|    n_updates          | 9599         |
|    policy_loss        | 0.001        |
|    reward             | 0.0018518518 |
|    std                | 4.37         |
|    value_loss         | 3.82e-08     |
----------------------------------------
-----------------------------------------
| time/                 |               |
|    fps                | 164           |
|    iterations         | 9700          |
|    time_elapsed       | 294           |
|    total_timesteps    | 48500         |
| train/                |               |
|    entropy_loss       | -5.82         |
|    explained_variance | 0             |
|    learning_rate      | 0.0002        |
|    n_updates          | 9699          |
|    policy_loss        | 0.00183       |
|    reward             | 0.00096153846 |
|    std                | 4.45          |
|    value_loss         | 1.21e-07      |
-----------------------------------------
EPISODE:  50
----------------------------------------
| time/                 |              |
|    fps                | 164          |
|    iterations         | 9800         |
|    time_elapsed       | 297          |
|    total_timesteps    | 49000        |
| train/                |              |
|    entropy_loss       | -5.85        |
|    explained_variance | 0            |
|    learning_rate      | 0.0002       |
|    n_updates          | 9799         |
|    policy_loss        | -0.00152     |
|    reward             | 0.0018214936 |
|    std                | 4.51         |
|    value_loss         | 9.17e-08     |
----------------------------------------
-----------------------------------------
| time/                 |               |
|    fps                | 164           |
|    iterations         | 9900          |
|    time_elapsed       | 300           |
|    total_timesteps    | 49500         |
| train/                |               |
|    entropy_loss       | -5.88         |
|    explained_variance | 2.96e-05      |
|    learning_rate      | 0.0002        |
|    n_updates          | 9899          |
|    policy_loss        | -2.5e-05      |
|    reward             | 0.00095328887 |
|    std                | 4.58          |
|    value_loss         | 1.57e-11      |
-----------------------------------------
EPISODE:  51
----------------------------------------
| time/                 |              |
|    fps                | 164          |
|    iterations         | 10000        |
|    time_elapsed       | 303          |
|    total_timesteps    | 50000        |
| train/                |              |
|    entropy_loss       | -5.91        |
|    explained_variance | 0            |
|    learning_rate      | 0.0002       |
|    n_updates          | 9999         |
|    policy_loss        | -0.00182     |
|    reward             | 0.0017921147 |
|    std                | 4.65         |
|    value_loss         | 1.02e-07     |
----------------------------------------
Saved episode log to Results\250619_hc_binary_udp\a2c\upward\training_logs\10.csv
