EPISODE:  0
{'n_steps': 2048, 'batch_size': 64, 'learning_rate': 0.0003, 'ent_coef': 0.0}
Using cpu device
EPISODE:  1
EPISODE:  2
EPISODE:  3
-------------------------------------
| time/              |              |
|    fps             | 200          |
|    iterations      | 1            |
|    time_elapsed    | 10           |
|    total_timesteps | 2048         |
| train/             |              |
|    reward          | -0.050096523 |
-------------------------------------
EPISODE:  4
EPISODE:  5
------------------------------------------
| time/                   |              |
|    fps                  | 171          |
|    iterations           | 2            |
|    time_elapsed         | 23           |
|    total_timesteps      | 4096         |
| train/                  |              |
|    approx_kl            | 0.0022844346 |
|    clip_fraction        | 0.0133       |
|    clip_range           | 0.2          |
|    entropy_loss         | -2.84        |
|    explained_variance   | 0.635        |
|    learning_rate        | 0.0003       |
|    loss                 | 0.00759      |
|    n_updates            | 10           |
|    policy_gradient_loss | -0.000954    |
|    reward               | 0.005564624  |
|    std                  | 1            |
|    value_loss           | 0.0114       |
------------------------------------------
EPISODE:  6
EPISODE:  7
------------------------------------------
| time/                   |              |
|    fps                  | 163          |
|    iterations           | 3            |
|    time_elapsed         | 37           |
|    total_timesteps      | 6144         |
| train/                  |              |
|    approx_kl            | 0.0055779996 |
|    clip_fraction        | 0.0348       |
|    clip_range           | 0.2          |
|    entropy_loss         | -2.85        |
|    explained_variance   | 0.779        |
|    learning_rate        | 0.0003       |
|    loss                 | -0.00178     |
|    n_updates            | 20           |
|    policy_gradient_loss | -0.00536     |
|    reward               | 0.0113648    |
|    std                  | 1            |
|    value_loss           | 0.0051       |
------------------------------------------
EPISODE:  8
EPISODE:  9
------------------------------------------
| time/                   |              |
|    fps                  | 157          |
|    iterations           | 4            |
|    time_elapsed         | 52           |
|    total_timesteps      | 8192         |
| train/                  |              |
|    approx_kl            | 0.005933181  |
|    clip_fraction        | 0.0425       |
|    clip_range           | 0.2          |
|    entropy_loss         | -2.85        |
|    explained_variance   | 0.798        |
|    learning_rate        | 0.0003       |
|    loss                 | 0.00122      |
|    n_updates            | 30           |
|    policy_gradient_loss | -0.00239     |
|    reward               | -0.024560023 |
|    std                  | 1            |
|    value_loss           | 0.00395      |
------------------------------------------
EPISODE:  10
EPISODE:  11
------------------------------------------
| time/                   |              |
|    fps                  | 150          |
|    iterations           | 5            |
|    time_elapsed         | 67           |
|    total_timesteps      | 10240        |
| train/                  |              |
|    approx_kl            | 0.0048983307 |
|    clip_fraction        | 0.0457       |
|    clip_range           | 0.2          |
|    entropy_loss         | -2.85        |
|    explained_variance   | 0.835        |
|    learning_rate        | 0.0003       |
|    loss                 | 0.00397      |
|    n_updates            | 40           |
|    policy_gradient_loss | -0.00412     |
|    reward               | 0.009301622  |
|    std                  | 1.01         |
|    value_loss           | 0.00367      |
------------------------------------------
EPISODE:  12
EPISODE:  13
-----------------------------------------
| time/                   |             |
|    fps                  | 150         |
|    iterations           | 6           |
|    time_elapsed         | 81          |
|    total_timesteps      | 12288       |
| train/                  |             |
|    approx_kl            | 0.004010449 |
|    clip_fraction        | 0.046       |
|    clip_range           | 0.2         |
|    entropy_loss         | -2.85       |
|    explained_variance   | 0.755       |
|    learning_rate        | 0.0003      |
|    loss                 | -0.0141     |
|    n_updates            | 50          |
|    policy_gradient_loss | -0.00413    |
|    reward               | 0.007969384 |
|    std                  | 1.01        |
|    value_loss           | 0.00282     |
-----------------------------------------
EPISODE:  14
EPISODE:  15
-------------------------------------------
| time/                   |               |
|    fps                  | 149           |
|    iterations           | 7             |
|    time_elapsed         | 95            |
|    total_timesteps      | 14336         |
| train/                  |               |
|    approx_kl            | 0.0062674507  |
|    clip_fraction        | 0.0479        |
|    clip_range           | 0.2           |
|    entropy_loss         | -2.83         |
|    explained_variance   | 0.723         |
|    learning_rate        | 0.0003        |
|    loss                 | 0.00192       |
|    n_updates            | 60            |
|    policy_gradient_loss | -0.0028       |
|    reward               | -0.0044909194 |
|    std                  | 0.988         |
|    value_loss           | 0.00272       |
-------------------------------------------
EPISODE:  16
EPISODE:  17
-----------------------------------------
| time/                   |             |
|    fps                  | 147         |
|    iterations           | 8           |
|    time_elapsed         | 110         |
|    total_timesteps      | 16384       |
| train/                  |             |
|    approx_kl            | 0.006182341 |
|    clip_fraction        | 0.0542      |
|    clip_range           | 0.2         |
|    entropy_loss         | -2.81       |
|    explained_variance   | 0.562       |
|    learning_rate        | 0.0003      |
|    loss                 | -0.0052     |
|    n_updates            | 70          |
|    policy_gradient_loss | -0.00365    |
|    reward               | 0.01607762  |
|    std                  | 0.986       |
|    value_loss           | 0.00277     |
-----------------------------------------
EPISODE:  18
EPISODE:  19
------------------------------------------
| time/                   |              |
|    fps                  | 144          |
|    iterations           | 9            |
|    time_elapsed         | 127          |
|    total_timesteps      | 18432        |
| train/                  |              |
|    approx_kl            | 0.0044232667 |
|    clip_fraction        | 0.0362       |
|    clip_range           | 0.2          |
|    entropy_loss         | -2.8         |
|    explained_variance   | 0.477        |
|    learning_rate        | 0.0003       |
|    loss                 | 0.00609      |
|    n_updates            | 80           |
|    policy_gradient_loss | -0.00264     |
|    reward               | 0.018562295  |
|    std                  | 0.977        |
|    value_loss           | 0.00335      |
------------------------------------------
EPISODE:  20
EPISODE:  21
------------------------------------------
| time/                   |              |
|    fps                  | 141          |
|    iterations           | 10           |
|    time_elapsed         | 144          |
|    total_timesteps      | 20480        |
| train/                  |              |
|    approx_kl            | 0.0062355474 |
|    clip_fraction        | 0.0554       |
|    clip_range           | 0.2          |
|    entropy_loss         | -2.78        |
|    explained_variance   | 0.503        |
|    learning_rate        | 0.0003       |
|    loss                 | 0.000525     |
|    n_updates            | 90           |
|    policy_gradient_loss | -0.00229     |
|    reward               | 0.050689545  |
|    std                  | 0.969        |
|    value_loss           | 0.00353      |
------------------------------------------
EPISODE:  22
EPISODE:  23
------------------------------------------
| time/                   |              |
|    fps                  | 140          |
|    iterations           | 11           |
|    time_elapsed         | 160          |
|    total_timesteps      | 22528        |
| train/                  |              |
|    approx_kl            | 0.0046850075 |
|    clip_fraction        | 0.0384       |
|    clip_range           | 0.2          |
|    entropy_loss         | -2.76        |
|    explained_variance   | 0.415        |
|    learning_rate        | 0.0003       |
|    loss                 | -0.013       |
|    n_updates            | 100          |
|    policy_gradient_loss | -0.00435     |
|    reward               | 0.021817712  |
|    std                  | 0.96         |
|    value_loss           | 0.00291      |
------------------------------------------
EPISODE:  24
EPISODE:  25
-----------------------------------------
| time/                   |             |
|    fps                  | 141         |
|    iterations           | 12          |
|    time_elapsed         | 173         |
|    total_timesteps      | 24576       |
| train/                  |             |
|    approx_kl            | 0.005492011 |
|    clip_fraction        | 0.0554      |
|    clip_range           | 0.2         |
|    entropy_loss         | -2.75       |
|    explained_variance   | 0.437       |
|    learning_rate        | 0.0003      |
|    loss                 | 0.0173      |
|    n_updates            | 110         |
|    policy_gradient_loss | -0.00167    |
|    reward               | -0.01996231 |
|    std                  | 0.959       |
|    value_loss           | 0.00284     |
-----------------------------------------
EPISODE:  26
EPISODE:  27
------------------------------------------
| time/                   |              |
|    fps                  | 143          |
|    iterations           | 13           |
|    time_elapsed         | 185          |
|    total_timesteps      | 26624        |
| train/                  |              |
|    approx_kl            | 0.005217311  |
|    clip_fraction        | 0.0517       |
|    clip_range           | 0.2          |
|    entropy_loss         | -2.75        |
|    explained_variance   | 0.298        |
|    learning_rate        | 0.0003       |
|    loss                 | 0.00161      |
|    n_updates            | 120          |
|    policy_gradient_loss | -0.00315     |
|    reward               | 0.0067399195 |
|    std                  | 0.958        |
|    value_loss           | 0.00322      |
------------------------------------------
EPISODE:  28
EPISODE:  29
------------------------------------------
| time/                   |              |
|    fps                  | 144          |
|    iterations           | 14           |
|    time_elapsed         | 198          |
|    total_timesteps      | 28672        |
| train/                  |              |
|    approx_kl            | 0.005367077  |
|    clip_fraction        | 0.0463       |
|    clip_range           | 0.2          |
|    entropy_loss         | -2.74        |
|    explained_variance   | 0.226        |
|    learning_rate        | 0.0003       |
|    loss                 | 0.0189       |
|    n_updates            | 130          |
|    policy_gradient_loss | -0.00396     |
|    reward               | -0.027573008 |
|    std                  | 0.954        |
|    value_loss           | 0.00279      |
------------------------------------------
EPISODE:  30
EPISODE:  31
------------------------------------------
| time/                   |              |
|    fps                  | 145          |
|    iterations           | 15           |
|    time_elapsed         | 210          |
|    total_timesteps      | 30720        |
| train/                  |              |
|    approx_kl            | 0.0058917487 |
|    clip_fraction        | 0.0581       |
|    clip_range           | 0.2          |
|    entropy_loss         | -2.74        |
|    explained_variance   | 0.363        |
|    learning_rate        | 0.0003       |
|    loss                 | 0.00284      |
|    n_updates            | 140          |
|    policy_gradient_loss | -0.0034      |
|    reward               | -0.010369442 |
|    std                  | 0.953        |
|    value_loss           | 0.00346      |
------------------------------------------
EPISODE:  32
EPISODE:  33
EPISODE:  34
------------------------------------------
| time/                   |              |
|    fps                  | 145          |
|    iterations           | 16           |
|    time_elapsed         | 225          |
|    total_timesteps      | 32768        |
| train/                  |              |
|    approx_kl            | 0.0075055347 |
|    clip_fraction        | 0.079        |
|    clip_range           | 0.2          |
|    entropy_loss         | -2.74        |
|    explained_variance   | 0.431        |
|    learning_rate        | 0.0003       |
|    loss                 | -0.0203      |
|    n_updates            | 150          |
|    policy_gradient_loss | -0.00548     |
|    reward               | -0.032819945 |
|    std                  | 0.956        |
|    value_loss           | 0.00268      |
------------------------------------------
EPISODE:  35
EPISODE:  36
-----------------------------------------
| time/                   |             |
|    fps                  | 143         |
|    iterations           | 17          |
|    time_elapsed         | 241         |
|    total_timesteps      | 34816       |
| train/                  |             |
|    approx_kl            | 0.008381752 |
|    clip_fraction        | 0.0627      |
|    clip_range           | 0.2         |
|    entropy_loss         | -2.74       |
|    explained_variance   | 0.435       |
|    learning_rate        | 0.0003      |
|    loss                 | -0.0156     |
|    n_updates            | 160         |
|    policy_gradient_loss | -0.00545    |
|    reward               | 0.023340581 |
|    std                  | 0.954       |
|    value_loss           | 0.00293     |
-----------------------------------------
EPISODE:  37
EPISODE:  38
-----------------------------------------
| time/                   |             |
|    fps                  | 143         |
|    iterations           | 18          |
|    time_elapsed         | 257         |
|    total_timesteps      | 36864       |
| train/                  |             |
|    approx_kl            | 0.005546091 |
|    clip_fraction        | 0.049       |
|    clip_range           | 0.2         |
|    entropy_loss         | -2.75       |
|    explained_variance   | 0.329       |
|    learning_rate        | 0.0003      |
|    loss                 | 0.00876     |
|    n_updates            | 170         |
|    policy_gradient_loss | -0.000654   |
|    reward               | 0.017599784 |
|    std                  | 0.955       |
|    value_loss           | 0.00319     |
-----------------------------------------
EPISODE:  39
EPISODE:  40
------------------------------------------
| time/                   |              |
|    fps                  | 141          |
|    iterations           | 19           |
|    time_elapsed         | 275          |
|    total_timesteps      | 38912        |
| train/                  |              |
|    approx_kl            | 0.0042280937 |
|    clip_fraction        | 0.0463       |
|    clip_range           | 0.2          |
|    entropy_loss         | -2.75        |
|    explained_variance   | 0.241        |
|    learning_rate        | 0.0003       |
|    loss                 | -0.003       |
|    n_updates            | 180          |
|    policy_gradient_loss | -0.00266     |
|    reward               | 0.027336644  |
|    std                  | 0.963        |
|    value_loss           | 0.00326      |
------------------------------------------
EPISODE:  41
EPISODE:  42
------------------------------------------
| time/                   |              |
|    fps                  | 140          |
|    iterations           | 20           |
|    time_elapsed         | 290          |
|    total_timesteps      | 40960        |
| train/                  |              |
|    approx_kl            | 0.0064525823 |
|    clip_fraction        | 0.0667       |
|    clip_range           | 0.2          |
|    entropy_loss         | -2.75        |
|    explained_variance   | 0.143        |
|    learning_rate        | 0.0003       |
|    loss                 | -0.00342     |
|    n_updates            | 190          |
|    policy_gradient_loss | -0.00217     |
|    reward               | 0.0054130135 |
|    std                  | 0.954        |
|    value_loss           | 0.00341      |
------------------------------------------
EPISODE:  43
EPISODE:  44
------------------------------------------
| time/                   |              |
|    fps                  | 139          |
|    iterations           | 21           |
|    time_elapsed         | 307          |
|    total_timesteps      | 43008        |
| train/                  |              |
|    approx_kl            | 0.0071474207 |
|    clip_fraction        | 0.0592       |
|    clip_range           | 0.2          |
|    entropy_loss         | -2.73        |
|    explained_variance   | 0.113        |
|    learning_rate        | 0.0003       |
|    loss                 | -0.00407     |
|    n_updates            | 200          |
|    policy_gradient_loss | -0.00353     |
|    reward               | 0.0019414942 |
|    std                  | 0.941        |
|    value_loss           | 0.00277      |
------------------------------------------
EPISODE:  45
EPISODE:  46
-------------------------------------------
| time/                   |               |
|    fps                  | 138           |
|    iterations           | 22            |
|    time_elapsed         | 324           |
|    total_timesteps      | 45056         |
| train/                  |               |
|    approx_kl            | 0.0075989943  |
|    clip_fraction        | 0.0644        |
|    clip_range           | 0.2           |
|    entropy_loss         | -2.72         |
|    explained_variance   | 0.166         |
|    learning_rate        | 0.0003        |
|    loss                 | -0.0156       |
|    n_updates            | 210           |
|    policy_gradient_loss | -0.00294      |
|    reward               | -0.0104612615 |
|    std                  | 0.946         |
|    value_loss           | 0.00346       |
-------------------------------------------
EPISODE:  47
EPISODE:  48
-----------------------------------------
| time/                   |             |
|    fps                  | 138         |
|    iterations           | 23          |
|    time_elapsed         | 340         |
|    total_timesteps      | 47104       |
| train/                  |             |
|    approx_kl            | 0.005484296 |
|    clip_fraction        | 0.0482      |
|    clip_range           | 0.2         |
|    entropy_loss         | -2.74       |
|    explained_variance   | 0.0583      |
|    learning_rate        | 0.0003      |
|    loss                 | -0.00432    |
|    n_updates            | 220         |
|    policy_gradient_loss | -0.000587   |
|    reward               | 0.001949872 |
|    std                  | 0.957       |
|    value_loss           | 0.00271     |
-----------------------------------------
EPISODE:  49
EPISODE:  50
------------------------------------------
| time/                   |              |
|    fps                  | 137          |
|    iterations           | 24           |
|    time_elapsed         | 356          |
|    total_timesteps      | 49152        |
| train/                  |              |
|    approx_kl            | 0.006897047  |
|    clip_fraction        | 0.0747       |
|    clip_range           | 0.2          |
|    entropy_loss         | -2.74        |
|    explained_variance   | 0.171        |
|    learning_rate        | 0.0003       |
|    loss                 | -0.0263      |
|    n_updates            | 230          |
|    policy_gradient_loss | -0.00135     |
|    reward               | -0.017292053 |
|    std                  | 0.947        |
|    value_loss           | 0.00306      |
------------------------------------------
EPISODE:  51
EPISODE:  52
-----------------------------------------
| time/                   |             |
|    fps                  | 135         |
|    iterations           | 25          |
|    time_elapsed         | 378         |
|    total_timesteps      | 51200       |
| train/                  |             |
|    approx_kl            | 0.005075827 |
|    clip_fraction        | 0.0607      |
|    clip_range           | 0.2         |
|    entropy_loss         | -2.72       |
|    explained_variance   | 0.103       |
|    learning_rate        | 0.0003      |
|    loss                 | 0.00088     |
|    n_updates            | 240         |
|    policy_gradient_loss | -0.0017     |
|    reward               | 0.031567883 |
|    std                  | 0.941       |
|    value_loss           | 0.00323     |
-----------------------------------------
Saved episode log to Results\250619_hc_binary_udp_noise\ppo\upward_noise\training_logs\04.csv
