EPISODE:  0
{'n_steps': 5, 'ent_coef': 0.005, 'learning_rate': 0.0002}
Using cpu device
EPISODE:  1
----------------------------------------
| time/                 |              |
|    fps                | 125          |
|    iterations         | 100          |
|    time_elapsed       | 3            |
|    total_timesteps    | 500          |
| train/                |              |
|    entropy_loss       | -2.86        |
|    explained_variance | 0.000145     |
|    learning_rate      | 0.0002       |
|    n_updates          | 99           |
|    policy_loss        | 0.0256       |
|    reward             | 0.0019723752 |
|    std                | 1.01         |
|    value_loss         | 0.000431     |
----------------------------------------
EPISODE:  2
-----------------------------------------
| time/                 |               |
|    fps                | 125           |
|    iterations         | 200           |
|    time_elapsed       | 7             |
|    total_timesteps    | 1000          |
| train/                |               |
|    entropy_loss       | -2.87         |
|    explained_variance | 0.902         |
|    learning_rate      | 0.0002        |
|    n_updates          | 199           |
|    policy_loss        | -0.05         |
|    reward             | -0.0073115462 |
|    std                | 1.02          |
|    value_loss         | 0.00303       |
-----------------------------------------
----------------------------------------
| time/                 |              |
|    fps                | 123          |
|    iterations         | 300          |
|    time_elapsed       | 12           |
|    total_timesteps    | 1500         |
| train/                |              |
|    entropy_loss       | -2.88        |
|    explained_variance | -0.0103      |
|    learning_rate      | 0.0002       |
|    n_updates          | 299          |
|    policy_loss        | 0.00152      |
|    reward             | -0.018380092 |
|    std                | 1.02         |
|    value_loss         | 2.07e-05     |
----------------------------------------
EPISODE:  3
---------------------------------------
| time/                 |             |
|    fps                | 126         |
|    iterations         | 400         |
|    time_elapsed       | 15          |
|    total_timesteps    | 2000        |
| train/                |             |
|    entropy_loss       | -2.89       |
|    explained_variance | -0.467      |
|    learning_rate      | 0.0002      |
|    n_updates          | 399         |
|    policy_loss        | 0.238       |
|    reward             | 0.021779204 |
|    std                | 1.02        |
|    value_loss         | 0.00417     |
---------------------------------------
----------------------------------------
| time/                 |              |
|    fps                | 126          |
|    iterations         | 500          |
|    time_elapsed       | 19           |
|    total_timesteps    | 2500         |
| train/                |              |
|    entropy_loss       | -2.89        |
|    explained_variance | 0.0271       |
|    learning_rate      | 0.0002       |
|    n_updates          | 499          |
|    policy_loss        | -0.119       |
|    reward             | -0.031058315 |
|    std                | 1.03         |
|    value_loss         | 0.00216      |
----------------------------------------
EPISODE:  4
---------------------------------------
| time/                 |             |
|    fps                | 127         |
|    iterations         | 600         |
|    time_elapsed       | 23          |
|    total_timesteps    | 3000        |
| train/                |             |
|    entropy_loss       | -2.9        |
|    explained_variance | 0.0614      |
|    learning_rate      | 0.0002      |
|    n_updates          | 599         |
|    policy_loss        | -0.0328     |
|    reward             | 0.023144826 |
|    std                | 1.03        |
|    value_loss         | 0.000199    |
---------------------------------------
----------------------------------------
| time/                 |              |
|    fps                | 128          |
|    iterations         | 700          |
|    time_elapsed       | 27           |
|    total_timesteps    | 3500         |
| train/                |              |
|    entropy_loss       | -2.91        |
|    explained_variance | 0.0114       |
|    learning_rate      | 0.0002       |
|    n_updates          | 699          |
|    policy_loss        | 0.0925       |
|    reward             | -0.001949872 |
|    std                | 1.04         |
|    value_loss         | 0.00163      |
----------------------------------------
EPISODE:  5
---------------------------------------
| time/                 |             |
|    fps                | 129         |
|    iterations         | 800         |
|    time_elapsed       | 30          |
|    total_timesteps    | 4000        |
| train/                |             |
|    entropy_loss       | -2.92       |
|    explained_variance | 0.00972     |
|    learning_rate      | 0.0002      |
|    n_updates          | 799         |
|    policy_loss        | -0.0129     |
|    reward             | 0.028166164 |
|    std                | 1.04        |
|    value_loss         | 0.000231    |
---------------------------------------
---------------------------------------
| time/                 |             |
|    fps                | 128         |
|    iterations         | 900         |
|    time_elapsed       | 35          |
|    total_timesteps    | 4500        |
| train/                |             |
|    entropy_loss       | -2.93       |
|    explained_variance | 0.0317      |
|    learning_rate      | 0.0002      |
|    n_updates          | 899         |
|    policy_loss        | 0.0209      |
|    reward             | 0.047278725 |
|    std                | 1.05        |
|    value_loss         | 0.00013     |
---------------------------------------
EPISODE:  6
----------------------------------------
| time/                 |              |
|    fps                | 128          |
|    iterations         | 1000         |
|    time_elapsed       | 38           |
|    total_timesteps    | 5000         |
| train/                |              |
|    entropy_loss       | -2.94        |
|    explained_variance | -0.113       |
|    learning_rate      | 0.0002       |
|    n_updates          | 999          |
|    policy_loss        | -0.0772      |
|    reward             | -0.013321476 |
|    std                | 1.05         |
|    value_loss         | 0.00107      |
----------------------------------------
---------------------------------------
| time/                 |             |
|    fps                | 128         |
|    iterations         | 1100        |
|    time_elapsed       | 42          |
|    total_timesteps    | 5500        |
| train/                |             |
|    entropy_loss       | -2.94       |
|    explained_variance | -0.0487     |
|    learning_rate      | 0.0002      |
|    n_updates          | 1099        |
|    policy_loss        | 0.0317      |
|    reward             | 0.006106989 |
|    std                | 1.05        |
|    value_loss         | 0.00102     |
---------------------------------------
EPISODE:  7
----------------------------------------
| time/                 |              |
|    fps                | 127          |
|    iterations         | 1200         |
|    time_elapsed       | 47           |
|    total_timesteps    | 6000         |
| train/                |              |
|    entropy_loss       | -2.95        |
|    explained_variance | -0.74        |
|    learning_rate      | 0.0002       |
|    n_updates          | 1199         |
|    policy_loss        | -0.0512      |
|    reward             | -0.020905094 |
|    std                | 1.06         |
|    value_loss         | 0.000744     |
----------------------------------------
----------------------------------------
| time/                 |              |
|    fps                | 126          |
|    iterations         | 1300         |
|    time_elapsed       | 51           |
|    total_timesteps    | 6500         |
| train/                |              |
|    entropy_loss       | -2.96        |
|    explained_variance | 0.072        |
|    learning_rate      | 0.0002       |
|    n_updates          | 1299         |
|    policy_loss        | 0.00823      |
|    reward             | -0.018593235 |
|    std                | 1.06         |
|    value_loss         | 8.87e-05     |
----------------------------------------
EPISODE:  8
---------------------------------------
| time/                 |             |
|    fps                | 127         |
|    iterations         | 1400        |
|    time_elapsed       | 55          |
|    total_timesteps    | 7000        |
| train/                |             |
|    entropy_loss       | -2.97       |
|    explained_variance | -0.0651     |
|    learning_rate      | 0.0002      |
|    n_updates          | 1399        |
|    policy_loss        | -0.115      |
|    reward             | 0.032270487 |
|    std                | 1.07        |
|    value_loss         | 0.00165     |
---------------------------------------
----------------------------------------
| time/                 |              |
|    fps                | 126          |
|    iterations         | 1500         |
|    time_elapsed       | 59           |
|    total_timesteps    | 7500         |
| train/                |              |
|    entropy_loss       | -2.98        |
|    explained_variance | -0.5         |
|    learning_rate      | 0.0002       |
|    n_updates          | 1499         |
|    policy_loss        | -0.0125      |
|    reward             | -0.035131782 |
|    std                | 1.07         |
|    value_loss         | 0.000332     |
----------------------------------------
EPISODE:  9
-----------------------------------------
| time/                 |               |
|    fps                | 126           |
|    iterations         | 1600          |
|    time_elapsed       | 63            |
|    total_timesteps    | 8000          |
| train/                |               |
|    entropy_loss       | -2.99         |
|    explained_variance | -0.297        |
|    learning_rate      | 0.0002        |
|    n_updates          | 1599          |
|    policy_loss        | 0.0401        |
|    reward             | -0.0033876866 |
|    std                | 1.08          |
|    value_loss         | 0.000835      |
-----------------------------------------
----------------------------------------
| time/                 |              |
|    fps                | 126          |
|    iterations         | 1700         |
|    time_elapsed       | 67           |
|    total_timesteps    | 8500         |
| train/                |              |
|    entropy_loss       | -3           |
|    explained_variance | -0.0914      |
|    learning_rate      | 0.0002       |
|    n_updates          | 1699         |
|    policy_loss        | 0.114        |
|    reward             | 0.0078001926 |
|    std                | 1.08         |
|    value_loss         | 0.00124      |
----------------------------------------
EPISODE:  10
----------------------------------------
| time/                 |              |
|    fps                | 127          |
|    iterations         | 1800         |
|    time_elapsed       | 70           |
|    total_timesteps    | 9000         |
| train/                |              |
|    entropy_loss       | -3           |
|    explained_variance | 0.667        |
|    learning_rate      | 0.0002       |
|    n_updates          | 1799         |
|    policy_loss        | -0.105       |
|    reward             | -0.011329042 |
|    std                | 1.09         |
|    value_loss         | 0.00187      |
----------------------------------------
----------------------------------------
| time/                 |              |
|    fps                | 127          |
|    iterations         | 1900         |
|    time_elapsed       | 74           |
|    total_timesteps    | 9500         |
| train/                |              |
|    entropy_loss       | -3.01        |
|    explained_variance | -0.261       |
|    learning_rate      | 0.0002       |
|    n_updates          | 1899         |
|    policy_loss        | 0.112        |
|    reward             | -0.015992418 |
|    std                | 1.09         |
|    value_loss         | 0.00183      |
----------------------------------------
EPISODE:  11
-----------------------------------------
| time/                 |               |
|    fps                | 127           |
|    iterations         | 2000          |
|    time_elapsed       | 78            |
|    total_timesteps    | 10000         |
| train/                |               |
|    entropy_loss       | -3.02         |
|    explained_variance | -0.754        |
|    learning_rate      | 0.0002        |
|    n_updates          | 1999          |
|    policy_loss        | 0.0634        |
|    reward             | -0.0011028768 |
|    std                | 1.1           |
|    value_loss         | 0.00086       |
-----------------------------------------
----------------------------------------
| time/                 |              |
|    fps                | 127          |
|    iterations         | 2100         |
|    time_elapsed       | 82           |
|    total_timesteps    | 10500        |
| train/                |              |
|    entropy_loss       | -3.03        |
|    explained_variance | -0.249       |
|    learning_rate      | 0.0002       |
|    n_updates          | 2099         |
|    policy_loss        | 0.00844      |
|    reward             | -0.007854854 |
|    std                | 1.1          |
|    value_loss         | 7.68e-05     |
----------------------------------------
EPISODE:  12
-----------------------------------------
| time/                 |               |
|    fps                | 128           |
|    iterations         | 2200          |
|    time_elapsed       | 85            |
|    total_timesteps    | 11000         |
| train/                |               |
|    entropy_loss       | -3.04         |
|    explained_variance | -0.0898       |
|    learning_rate      | 0.0002        |
|    n_updates          | 2199          |
|    policy_loss        | -0.046        |
|    reward             | -0.0045016585 |
|    std                | 1.1           |
|    value_loss         | 0.000393      |
-----------------------------------------
---------------------------------------
| time/                 |             |
|    fps                | 128         |
|    iterations         | 2300        |
|    time_elapsed       | 89          |
|    total_timesteps    | 11500       |
| train/                |             |
|    entropy_loss       | -3.05       |
|    explained_variance | -0.0166     |
|    learning_rate      | 0.0002      |
|    n_updates          | 2299        |
|    policy_loss        | 0.0524      |
|    reward             | 0.023609914 |
|    std                | 1.11        |
|    value_loss         | 0.000485    |
---------------------------------------
EPISODE:  13
-----------------------------------------
| time/                 |               |
|    fps                | 128           |
|    iterations         | 2400          |
|    time_elapsed       | 93            |
|    total_timesteps    | 12000         |
| train/                |               |
|    entropy_loss       | -3.05         |
|    explained_variance | -0.348        |
|    learning_rate      | 0.0002        |
|    n_updates          | 2399          |
|    policy_loss        | -0.107        |
|    reward             | 0.00030581135 |
|    std                | 1.11          |
|    value_loss         | 0.00157       |
-----------------------------------------
----------------------------------------
| time/                 |              |
|    fps                | 128          |
|    iterations         | 2500         |
|    time_elapsed       | 97           |
|    total_timesteps    | 12500        |
| train/                |              |
|    entropy_loss       | -3.06        |
|    explained_variance | -0.00199     |
|    learning_rate      | 0.0002       |
|    n_updates          | 2499         |
|    policy_loss        | -0.0505      |
|    reward             | 0.0031929826 |
|    std                | 1.12         |
|    value_loss         | 0.000951     |
----------------------------------------
EPISODE:  14
----------------------------------------
| time/                 |              |
|    fps                | 128          |
|    iterations         | 2600         |
|    time_elapsed       | 100          |
|    total_timesteps    | 13000        |
| train/                |              |
|    entropy_loss       | -3.07        |
|    explained_variance | -0.0696      |
|    learning_rate      | 0.0002       |
|    n_updates          | 2599         |
|    policy_loss        | -0.0944      |
|    reward             | -0.045828205 |
|    std                | 1.13         |
|    value_loss         | 0.00165      |
----------------------------------------
-------------------------------------
| time/                 |           |
|    fps                | 128       |
|    iterations         | 2700      |
|    time_elapsed       | 104       |
|    total_timesteps    | 13500     |
| train/                |           |
|    entropy_loss       | -3.08     |
|    explained_variance | 0.0546    |
|    learning_rate      | 0.0002    |
|    n_updates          | 2699      |
|    policy_loss        | -0.145    |
|    reward             | 0.0091819 |
|    std                | 1.13      |
|    value_loss         | 0.00157   |
-------------------------------------
EPISODE:  15
---------------------------------------
| time/                 |             |
|    fps                | 128         |
|    iterations         | 2800        |
|    time_elapsed       | 108         |
|    total_timesteps    | 14000       |
| train/                |             |
|    entropy_loss       | -3.08       |
|    explained_variance | 0.00217     |
|    learning_rate      | 0.0002      |
|    n_updates          | 2799        |
|    policy_loss        | -0.0448     |
|    reward             | 0.017238177 |
|    std                | 1.13        |
|    value_loss         | 0.000947    |
---------------------------------------
--------------------------------------
| time/                 |            |
|    fps                | 129        |
|    iterations         | 2900       |
|    time_elapsed       | 112        |
|    total_timesteps    | 14500      |
| train/                |            |
|    entropy_loss       | -3.09      |
|    explained_variance | -1.14      |
|    learning_rate      | 0.0002     |
|    n_updates          | 2899       |
|    policy_loss        | -0.0618    |
|    reward             | 0.01905814 |
|    std                | 1.13       |
|    value_loss         | 0.000891   |
--------------------------------------
EPISODE:  16
---------------------------------------
| time/                 |             |
|    fps                | 129         |
|    iterations         | 3000        |
|    time_elapsed       | 116         |
|    total_timesteps    | 15000       |
| train/                |             |
|    entropy_loss       | -3.1        |
|    explained_variance | 0.0695      |
|    learning_rate      | 0.0002      |
|    n_updates          | 2999        |
|    policy_loss        | 0.0724      |
|    reward             | 0.004703705 |
|    std                | 1.14        |
|    value_loss         | 0.000957    |
---------------------------------------
---------------------------------------
| time/                 |             |
|    fps                | 129         |
|    iterations         | 3100        |
|    time_elapsed       | 119         |
|    total_timesteps    | 15500       |
| train/                |             |
|    entropy_loss       | -3.11       |
|    explained_variance | 0.352       |
|    learning_rate      | 0.0002      |
|    n_updates          | 3099        |
|    policy_loss        | 0.0881      |
|    reward             | 0.028644595 |
|    std                | 1.15        |
|    value_loss         | 0.000845    |
---------------------------------------
EPISODE:  17
--------------------------------------
| time/                 |            |
|    fps                | 129        |
|    iterations         | 3200       |
|    time_elapsed       | 123        |
|    total_timesteps    | 16000      |
| train/                |            |
|    entropy_loss       | -3.12      |
|    explained_variance | -0.0367    |
|    learning_rate      | 0.0002     |
|    n_updates          | 3199       |
|    policy_loss        | -0.112     |
|    reward             | 0.01252144 |
|    std                | 1.15       |
|    value_loss         | 0.00112    |
--------------------------------------
----------------------------------------
| time/                 |              |
|    fps                | 129          |
|    iterations         | 3300         |
|    time_elapsed       | 127          |
|    total_timesteps    | 16500        |
| train/                |              |
|    entropy_loss       | -3.13        |
|    explained_variance | -0.0317      |
|    learning_rate      | 0.0002       |
|    n_updates          | 3299         |
|    policy_loss        | -0.112       |
|    reward             | 0.0043682056 |
|    std                | 1.16         |
|    value_loss         | 0.00213      |
----------------------------------------
EPISODE:  18
---------------------------------------
| time/                 |             |
|    fps                | 129         |
|    iterations         | 3400        |
|    time_elapsed       | 131         |
|    total_timesteps    | 17000       |
| train/                |             |
|    entropy_loss       | -3.14       |
|    explained_variance | -0.00863    |
|    learning_rate      | 0.0002      |
|    n_updates          | 3399        |
|    policy_loss        | -0.211      |
|    reward             | 0.016882619 |
|    std                | 1.16        |
|    value_loss         | 0.00417     |
---------------------------------------
----------------------------------------
| time/                 |              |
|    fps                | 129          |
|    iterations         | 3500         |
|    time_elapsed       | 134          |
|    total_timesteps    | 17500        |
| train/                |              |
|    entropy_loss       | -3.15        |
|    explained_variance | 0.00132      |
|    learning_rate      | 0.0002       |
|    n_updates          | 3499         |
|    policy_loss        | 0.0626       |
|    reward             | -0.009887968 |
|    std                | 1.17         |
|    value_loss         | 0.000957     |
----------------------------------------
EPISODE:  19
---------------------------------------
| time/                 |             |
|    fps                | 129         |
|    iterations         | 3600        |
|    time_elapsed       | 139         |
|    total_timesteps    | 18000       |
| train/                |             |
|    entropy_loss       | -3.15       |
|    explained_variance | 0.00183     |
|    learning_rate      | 0.0002      |
|    n_updates          | 3599        |
|    policy_loss        | -0.136      |
|    reward             | 0.016650118 |
|    std                | 1.17        |
|    value_loss         | 0.00203     |
---------------------------------------
---------------------------------------
| time/                 |             |
|    fps                | 128         |
|    iterations         | 3700        |
|    time_elapsed       | 143         |
|    total_timesteps    | 18500       |
| train/                |             |
|    entropy_loss       | -3.16       |
|    explained_variance | 0.0159      |
|    learning_rate      | 0.0002      |
|    n_updates          | 3699        |
|    policy_loss        | -0.0366     |
|    reward             | 0.026260594 |
|    std                | 1.17        |
|    value_loss         | 0.000222    |
---------------------------------------
EPISODE:  20
---------------------------------------
| time/                 |             |
|    fps                | 128         |
|    iterations         | 3800        |
|    time_elapsed       | 147         |
|    total_timesteps    | 19000       |
| train/                |             |
|    entropy_loss       | -3.17       |
|    explained_variance | -0.0771     |
|    learning_rate      | 0.0002      |
|    n_updates          | 3799        |
|    policy_loss        | -0.0858     |
|    reward             | 0.056966893 |
|    std                | 1.18        |
|    value_loss         | 0.000938    |
---------------------------------------
----------------------------------------
| time/                 |              |
|    fps                | 127          |
|    iterations         | 3900         |
|    time_elapsed       | 152          |
|    total_timesteps    | 19500        |
| train/                |              |
|    entropy_loss       | -3.18        |
|    explained_variance | -0.00368     |
|    learning_rate      | 0.0002       |
|    n_updates          | 3899         |
|    policy_loss        | -0.149       |
|    reward             | -0.026783502 |
|    std                | 1.18         |
|    value_loss         | 0.0031       |
----------------------------------------
EPISODE:  21
---------------------------------------
| time/                 |             |
|    fps                | 128         |
|    iterations         | 4000        |
|    time_elapsed       | 156         |
|    total_timesteps    | 20000       |
| train/                |             |
|    entropy_loss       | -3.19       |
|    explained_variance | -0.528      |
|    learning_rate      | 0.0002      |
|    n_updates          | 3999        |
|    policy_loss        | 0.0498      |
|    reward             | -0.01580957 |
|    std                | 1.19        |
|    value_loss         | 0.00103     |
---------------------------------------
---------------------------------------
| time/                 |             |
|    fps                | 128         |
|    iterations         | 4100        |
|    time_elapsed       | 159         |
|    total_timesteps    | 20500       |
| train/                |             |
|    entropy_loss       | -3.19       |
|    explained_variance | -5.25e-06   |
|    learning_rate      | 0.0002      |
|    n_updates          | 4099        |
|    policy_loss        | 0.0139      |
|    reward             | 0.015335601 |
|    std                | 1.19        |
|    value_loss         | 0.00054     |
---------------------------------------
EPISODE:  22
----------------------------------------
| time/                 |              |
|    fps                | 128          |
|    iterations         | 4200         |
|    time_elapsed       | 163          |
|    total_timesteps    | 21000        |
| train/                |              |
|    entropy_loss       | -3.2         |
|    explained_variance | 0.131        |
|    learning_rate      | 0.0002       |
|    n_updates          | 4199         |
|    policy_loss        | -0.0732      |
|    reward             | 0.0040828143 |
|    std                | 1.2          |
|    value_loss         | 0.00127      |
----------------------------------------
----------------------------------------
| time/                 |              |
|    fps                | 128          |
|    iterations         | 4300         |
|    time_elapsed       | 167          |
|    total_timesteps    | 21500        |
| train/                |              |
|    entropy_loss       | -3.2         |
|    explained_variance | 2.2e-05      |
|    learning_rate      | 0.0002       |
|    n_updates          | 4299         |
|    policy_loss        | 0.103        |
|    reward             | -0.023736034 |
|    std                | 1.2          |
|    value_loss         | 0.00181      |
----------------------------------------
EPISODE:  23
-------------------------------------
| time/                 |           |
|    fps                | 128       |
|    iterations         | 4400      |
|    time_elapsed       | 170       |
|    total_timesteps    | 22000     |
| train/                |           |
|    entropy_loss       | -3.22     |
|    explained_variance | -1.12     |
|    learning_rate      | 0.0002    |
|    n_updates          | 4399      |
|    policy_loss        | -0.109    |
|    reward             | 0.0113648 |
|    std                | 1.21      |
|    value_loss         | 0.00107   |
-------------------------------------
---------------------------------------
| time/                 |             |
|    fps                | 128         |
|    iterations         | 4500        |
|    time_elapsed       | 174         |
|    total_timesteps    | 22500       |
| train/                |             |
|    entropy_loss       | -3.22       |
|    explained_variance | -0.103      |
|    learning_rate      | 0.0002      |
|    n_updates          | 4499        |
|    policy_loss        | -0.0974     |
|    reward             | 0.024308264 |
|    std                | 1.21        |
|    value_loss         | 0.0015      |
---------------------------------------
EPISODE:  24
----------------------------------------
| time/                 |              |
|    fps                | 129          |
|    iterations         | 4600         |
|    time_elapsed       | 178          |
|    total_timesteps    | 23000        |
| train/                |              |
|    entropy_loss       | -3.23        |
|    explained_variance | 0.053        |
|    learning_rate      | 0.0002       |
|    n_updates          | 4599         |
|    policy_loss        | 0.246        |
|    reward             | -0.016310979 |
|    std                | 1.22         |
|    value_loss         | 0.00805      |
----------------------------------------
---------------------------------------
| time/                 |             |
|    fps                | 129         |
|    iterations         | 4700        |
|    time_elapsed       | 181         |
|    total_timesteps    | 23500       |
| train/                |             |
|    entropy_loss       | -3.24       |
|    explained_variance | 0.453       |
|    learning_rate      | 0.0002      |
|    n_updates          | 4699        |
|    policy_loss        | -0.106      |
|    reward             | 0.023334116 |
|    std                | 1.22        |
|    value_loss         | 0.00196     |
---------------------------------------
EPISODE:  25
----------------------------------------
| time/                 |              |
|    fps                | 129          |
|    iterations         | 4800         |
|    time_elapsed       | 185          |
|    total_timesteps    | 24000        |
| train/                |              |
|    entropy_loss       | -3.25        |
|    explained_variance | -0.0196      |
|    learning_rate      | 0.0002       |
|    n_updates          | 4799         |
|    policy_loss        | -0.00533     |
|    reward             | -0.008403132 |
|    std                | 1.23         |
|    value_loss         | 6.77e-05     |
----------------------------------------
----------------------------------------
| time/                 |              |
|    fps                | 129          |
|    iterations         | 4900         |
|    time_elapsed       | 189          |
|    total_timesteps    | 24500        |
| train/                |              |
|    entropy_loss       | -3.26        |
|    explained_variance | 0.887        |
|    learning_rate      | 0.0002       |
|    n_updates          | 4899         |
|    policy_loss        | -0.0178      |
|    reward             | 0.0044270796 |
|    std                | 1.24         |
|    value_loss         | 4.18e-05     |
----------------------------------------
EPISODE:  26
----------------------------------------
| time/                 |              |
|    fps                | 129          |
|    iterations         | 5000         |
|    time_elapsed       | 193          |
|    total_timesteps    | 25000        |
| train/                |              |
|    entropy_loss       | -3.27        |
|    explained_variance | -0.779       |
|    learning_rate      | 0.0002       |
|    n_updates          | 4999         |
|    policy_loss        | -0.0852      |
|    reward             | -0.011959912 |
|    std                | 1.24         |
|    value_loss         | 0.00102      |
----------------------------------------
----------------------------------------
| time/                 |              |
|    fps                | 129          |
|    iterations         | 5100         |
|    time_elapsed       | 197          |
|    total_timesteps    | 25500        |
| train/                |              |
|    entropy_loss       | -3.28        |
|    explained_variance | -0.0762      |
|    learning_rate      | 0.0002       |
|    n_updates          | 5099         |
|    policy_loss        | -0.0164      |
|    reward             | -0.032511435 |
|    std                | 1.25         |
|    value_loss         | 4.43e-05     |
----------------------------------------
EPISODE:  27
----------------------------------------
| time/                 |              |
|    fps                | 129          |
|    iterations         | 5200         |
|    time_elapsed       | 201          |
|    total_timesteps    | 26000        |
| train/                |              |
|    entropy_loss       | -3.28        |
|    explained_variance | 0.0225       |
|    learning_rate      | 0.0002       |
|    n_updates          | 5199         |
|    policy_loss        | -0.00622     |
|    reward             | -0.011161576 |
|    std                | 1.25         |
|    value_loss         | 0.000642     |
----------------------------------------
----------------------------------------
| time/                 |              |
|    fps                | 129          |
|    iterations         | 5300         |
|    time_elapsed       | 205          |
|    total_timesteps    | 26500        |
| train/                |              |
|    entropy_loss       | -3.29        |
|    explained_variance | 0.00222      |
|    learning_rate      | 0.0002       |
|    n_updates          | 5299         |
|    policy_loss        | 0.0819       |
|    reward             | -0.011430541 |
|    std                | 1.25         |
|    value_loss         | 0.00108      |
----------------------------------------
EPISODE:  28
---------------------------------------
| time/                 |             |
|    fps                | 128         |
|    iterations         | 5400        |
|    time_elapsed       | 209         |
|    total_timesteps    | 27000       |
| train/                |             |
|    entropy_loss       | -3.3        |
|    explained_variance | -0.147      |
|    learning_rate      | 0.0002      |
|    n_updates          | 5399        |
|    policy_loss        | 0.0141      |
|    reward             | 0.019545805 |
|    std                | 1.26        |
|    value_loss         | 0.000367    |
---------------------------------------
---------------------------------------
| time/                 |             |
|    fps                | 129         |
|    iterations         | 5500        |
|    time_elapsed       | 213         |
|    total_timesteps    | 27500       |
| train/                |             |
|    entropy_loss       | -3.31       |
|    explained_variance | -1.8        |
|    learning_rate      | 0.0002      |
|    n_updates          | 5499        |
|    policy_loss        | 0.115       |
|    reward             | 0.025697738 |
|    std                | 1.27        |
|    value_loss         | 0.000919    |
---------------------------------------
EPISODE:  29
----------------------------------------
| time/                 |              |
|    fps                | 129          |
|    iterations         | 5600         |
|    time_elapsed       | 217          |
|    total_timesteps    | 28000        |
| train/                |              |
|    entropy_loss       | -3.32        |
|    explained_variance | -0.0879      |
|    learning_rate      | 0.0002       |
|    n_updates          | 5599         |
|    policy_loss        | -0.022       |
|    reward             | -0.017385703 |
|    std                | 1.27         |
|    value_loss         | 0.000962     |
----------------------------------------
----------------------------------------
| time/                 |              |
|    fps                | 128          |
|    iterations         | 5700         |
|    time_elapsed       | 221          |
|    total_timesteps    | 28500        |
| train/                |              |
|    entropy_loss       | -3.33        |
|    explained_variance | -0.0239      |
|    learning_rate      | 0.0002       |
|    n_updates          | 5699         |
|    policy_loss        | 0.139        |
|    reward             | -0.010457691 |
|    std                | 1.28         |
|    value_loss         | 0.00191      |
----------------------------------------
EPISODE:  30
----------------------------------------
| time/                 |              |
|    fps                | 128          |
|    iterations         | 5800         |
|    time_elapsed       | 225          |
|    total_timesteps    | 29000        |
| train/                |              |
|    entropy_loss       | -3.34        |
|    explained_variance | -0.0449      |
|    learning_rate      | 0.0002       |
|    n_updates          | 5799         |
|    policy_loss        | -0.394       |
|    reward             | 0.0036213528 |
|    std                | 1.29         |
|    value_loss         | 0.0132       |
----------------------------------------
--------------------------------------
| time/                 |            |
|    fps                | 128        |
|    iterations         | 5900       |
|    time_elapsed       | 229        |
|    total_timesteps    | 29500      |
| train/                |            |
|    entropy_loss       | -3.35      |
|    explained_variance | 0.811      |
|    learning_rate      | 0.0002     |
|    n_updates          | 5899       |
|    policy_loss        | 0.00541    |
|    reward             | 0.03795141 |
|    std                | 1.29       |
|    value_loss         | 0.000109   |
--------------------------------------
EPISODE:  31
----------------------------------------
| time/                 |              |
|    fps                | 128          |
|    iterations         | 6000         |
|    time_elapsed       | 233          |
|    total_timesteps    | 30000        |
| train/                |              |
|    entropy_loss       | -3.36        |
|    explained_variance | -0.563       |
|    learning_rate      | 0.0002       |
|    n_updates          | 5999         |
|    policy_loss        | 0.0449       |
|    reward             | 0.0023989144 |
|    std                | 1.3          |
|    value_loss         | 0.000498     |
----------------------------------------
-----------------------------------------
| time/                 |               |
|    fps                | 128           |
|    iterations         | 6100          |
|    time_elapsed       | 237           |
|    total_timesteps    | 30500         |
| train/                |               |
|    entropy_loss       | -3.37         |
|    explained_variance | 0.228         |
|    learning_rate      | 0.0002        |
|    n_updates          | 6099          |
|    policy_loss        | 0.145         |
|    reward             | -0.0004885492 |
|    std                | 1.3           |
|    value_loss         | 0.00287       |
-----------------------------------------
EPISODE:  32
---------------------------------------
| time/                 |             |
|    fps                | 128         |
|    iterations         | 6200        |
|    time_elapsed       | 241         |
|    total_timesteps    | 31000       |
| train/                |             |
|    entropy_loss       | -3.38       |
|    explained_variance | -0.0657     |
|    learning_rate      | 0.0002      |
|    n_updates          | 6199        |
|    policy_loss        | 0.114       |
|    reward             | 0.012848182 |
|    std                | 1.31        |
|    value_loss         | 0.00131     |
---------------------------------------
---------------------------------------
| time/                 |             |
|    fps                | 128         |
|    iterations         | 6300        |
|    time_elapsed       | 245         |
|    total_timesteps    | 31500       |
| train/                |             |
|    entropy_loss       | -3.39       |
|    explained_variance | 0.000684    |
|    learning_rate      | 0.0002      |
|    n_updates          | 6299        |
|    policy_loss        | -0.00742    |
|    reward             | 0.010235631 |
|    std                | 1.32        |
|    value_loss         | 0.000102    |
---------------------------------------
EPISODE:  33
---------------------------------------
| time/                 |             |
|    fps                | 127         |
|    iterations         | 6400        |
|    time_elapsed       | 250         |
|    total_timesteps    | 32000       |
| train/                |             |
|    entropy_loss       | -3.4        |
|    explained_variance | 0.178       |
|    learning_rate      | 0.0002      |
|    n_updates          | 6399        |
|    policy_loss        | -0.0323     |
|    reward             | 0.019173492 |
|    std                | 1.32        |
|    value_loss         | 0.000134    |
---------------------------------------
-----------------------------------------
| time/                 |               |
|    fps                | 127           |
|    iterations         | 6500          |
|    time_elapsed       | 254           |
|    total_timesteps    | 32500         |
| train/                |               |
|    entropy_loss       | -3.41         |
|    explained_variance | -4.65e-06     |
|    learning_rate      | 0.0002        |
|    n_updates          | 6499          |
|    policy_loss        | 0.0952        |
|    reward             | 0.00020891875 |
|    std                | 1.33          |
|    value_loss         | 0.00137       |
-----------------------------------------
EPISODE:  34
----------------------------------------
| time/                 |              |
|    fps                | 127          |
|    iterations         | 6600         |
|    time_elapsed       | 258          |
|    total_timesteps    | 33000        |
| train/                |              |
|    entropy_loss       | -3.42        |
|    explained_variance | -0.25        |
|    learning_rate      | 0.0002       |
|    n_updates          | 6599         |
|    policy_loss        | 0.0355       |
|    reward             | 0.0033521536 |
|    std                | 1.34         |
|    value_loss         | 0.000561     |
----------------------------------------
-----------------------------------------
| time/                 |               |
|    fps                | 127           |
|    iterations         | 6700          |
|    time_elapsed       | 262           |
|    total_timesteps    | 33500         |
| train/                |               |
|    entropy_loss       | -3.43         |
|    explained_variance | 0.000182      |
|    learning_rate      | 0.0002        |
|    n_updates          | 6699          |
|    policy_loss        | 0.113         |
|    reward             | -0.0051700315 |
|    std                | 1.35          |
|    value_loss         | 0.000764      |
-----------------------------------------
EPISODE:  35
---------------------------------------
| time/                 |             |
|    fps                | 127         |
|    iterations         | 6800        |
|    time_elapsed       | 265         |
|    total_timesteps    | 34000       |
| train/                |             |
|    entropy_loss       | -3.44       |
|    explained_variance | 0.0621      |
|    learning_rate      | 0.0002      |
|    n_updates          | 6799        |
|    policy_loss        | 0.0193      |
|    reward             | 0.027480384 |
|    std                | 1.35        |
|    value_loss         | 0.00017     |
---------------------------------------
---------------------------------------
| time/                 |             |
|    fps                | 128         |
|    iterations         | 6900        |
|    time_elapsed       | 269         |
|    total_timesteps    | 34500       |
| train/                |             |
|    entropy_loss       | -3.45       |
|    explained_variance | 0.0012      |
|    learning_rate      | 0.0002      |
|    n_updates          | 6899        |
|    policy_loss        | -0.00259    |
|    reward             | 0.021872666 |
|    std                | 1.36        |
|    value_loss         | 7.92e-05    |
---------------------------------------
EPISODE:  36
---------------------------------------
| time/                 |             |
|    fps                | 128         |
|    iterations         | 7000        |
|    time_elapsed       | 273         |
|    total_timesteps    | 35000       |
| train/                |             |
|    entropy_loss       | -3.46       |
|    explained_variance | -0.00534    |
|    learning_rate      | 0.0002      |
|    n_updates          | 6999        |
|    policy_loss        | 0.0386      |
|    reward             | 0.043778963 |
|    std                | 1.36        |
|    value_loss         | 0.000306    |
---------------------------------------
----------------------------------------
| time/                 |              |
|    fps                | 128          |
|    iterations         | 7100         |
|    time_elapsed       | 276          |
|    total_timesteps    | 35500        |
| train/                |              |
|    entropy_loss       | -3.47        |
|    explained_variance | 3.67e-05     |
|    learning_rate      | 0.0002       |
|    n_updates          | 7099         |
|    policy_loss        | 0.042        |
|    reward             | -0.006237238 |
|    std                | 1.37         |
|    value_loss         | 0.000272     |
----------------------------------------
EPISODE:  37
----------------------------------------
| time/                 |              |
|    fps                | 128          |
|    iterations         | 7200         |
|    time_elapsed       | 280          |
|    total_timesteps    | 36000        |
| train/                |              |
|    entropy_loss       | -3.48        |
|    explained_variance | -0.0132      |
|    learning_rate      | 0.0002       |
|    n_updates          | 7199         |
|    policy_loss        | 0.062        |
|    reward             | 0.0025192592 |
|    std                | 1.38         |
|    value_loss         | 0.000586     |
----------------------------------------
----------------------------------------
| time/                 |              |
|    fps                | 128          |
|    iterations         | 7300         |
|    time_elapsed       | 284          |
|    total_timesteps    | 36500        |
| train/                |              |
|    entropy_loss       | -3.49        |
|    explained_variance | 0.00696      |
|    learning_rate      | 0.0002       |
|    n_updates          | 7299         |
|    policy_loss        | 0.194        |
|    reward             | -0.018901892 |
|    std                | 1.39         |
|    value_loss         | 0.00265      |
----------------------------------------
EPISODE:  38
----------------------------------------
| time/                 |              |
|    fps                | 128          |
|    iterations         | 7400         |
|    time_elapsed       | 287          |
|    total_timesteps    | 37000        |
| train/                |              |
|    entropy_loss       | -3.5         |
|    explained_variance | -0.00209     |
|    learning_rate      | 0.0002       |
|    n_updates          | 7399         |
|    policy_loss        | -0.0538      |
|    reward             | 0.0058910283 |
|    std                | 1.4          |
|    value_loss         | 0.000277     |
----------------------------------------
---------------------------------------
| time/                 |             |
|    fps                | 128         |
|    iterations         | 7500        |
|    time_elapsed       | 291         |
|    total_timesteps    | 37500       |
| train/                |             |
|    entropy_loss       | -3.52       |
|    explained_variance | -1.59       |
|    learning_rate      | 0.0002      |
|    n_updates          | 7499        |
|    policy_loss        | -0.101      |
|    reward             | 0.014601972 |
|    std                | 1.41        |
|    value_loss         | 0.00135     |
---------------------------------------
EPISODE:  39
---------------------------------------
| time/                 |             |
|    fps                | 128         |
|    iterations         | 7600        |
|    time_elapsed       | 294         |
|    total_timesteps    | 38000       |
| train/                |             |
|    entropy_loss       | -3.53       |
|    explained_variance | -0.000363   |
|    learning_rate      | 0.0002      |
|    n_updates          | 7599        |
|    policy_loss        | -0.0326     |
|    reward             | 0.007244265 |
|    std                | 1.42        |
|    value_loss         | 0.000123    |
---------------------------------------
----------------------------------------
| time/                 |              |
|    fps                | 129          |
|    iterations         | 7700         |
|    time_elapsed       | 298          |
|    total_timesteps    | 38500        |
| train/                |              |
|    entropy_loss       | -3.55        |
|    explained_variance | -0.0316      |
|    learning_rate      | 0.0002       |
|    n_updates          | 7699         |
|    policy_loss        | 0.0312       |
|    reward             | -0.011397363 |
|    std                | 1.43         |
|    value_loss         | 0.000132     |
----------------------------------------
EPISODE:  40
----------------------------------------
| time/                 |              |
|    fps                | 129          |
|    iterations         | 7800         |
|    time_elapsed       | 301          |
|    total_timesteps    | 39000        |
| train/                |              |
|    entropy_loss       | -3.56        |
|    explained_variance | 0.021        |
|    learning_rate      | 0.0002       |
|    n_updates          | 7799         |
|    policy_loss        | 0.0429       |
|    reward             | -0.015424425 |
|    std                | 1.44         |
|    value_loss         | 0.000623     |
----------------------------------------
---------------------------------------
| time/                 |             |
|    fps                | 129         |
|    iterations         | 7900        |
|    time_elapsed       | 304         |
|    total_timesteps    | 39500       |
| train/                |             |
|    entropy_loss       | -3.57       |
|    explained_variance | -0.443      |
|    learning_rate      | 0.0002      |
|    n_updates          | 7899        |
|    policy_loss        | 0.105       |
|    reward             | 0.013752341 |
|    std                | 1.44        |
|    value_loss         | 0.00109     |
---------------------------------------
EPISODE:  41
---------------------------------------
| time/                 |             |
|    fps                | 129         |
|    iterations         | 8000        |
|    time_elapsed       | 307         |
|    total_timesteps    | 40000       |
| train/                |             |
|    entropy_loss       | -3.59       |
|    explained_variance | -0.0866     |
|    learning_rate      | 0.0002      |
|    n_updates          | 7999        |
|    policy_loss        | 0.0534      |
|    reward             | 0.002957888 |
|    std                | 1.45        |
|    value_loss         | 0.000639    |
---------------------------------------
---------------------------------------
| time/                 |             |
|    fps                | 130         |
|    iterations         | 8100        |
|    time_elapsed       | 310         |
|    total_timesteps    | 40500       |
| train/                |             |
|    entropy_loss       | -3.59       |
|    explained_variance | 0.0051      |
|    learning_rate      | 0.0002      |
|    n_updates          | 8099        |
|    policy_loss        | 0.095       |
|    reward             | 0.014271769 |
|    std                | 1.46        |
|    value_loss         | 0.00128     |
---------------------------------------
EPISODE:  42
---------------------------------------
| time/                 |             |
|    fps                | 130         |
|    iterations         | 8200        |
|    time_elapsed       | 314         |
|    total_timesteps    | 41000       |
| train/                |             |
|    entropy_loss       | -3.6        |
|    explained_variance | -0.00192    |
|    learning_rate      | 0.0002      |
|    n_updates          | 8199        |
|    policy_loss        | 0.104       |
|    reward             | 0.004677747 |
|    std                | 1.47        |
|    value_loss         | 0.000883    |
---------------------------------------
----------------------------------------
| time/                 |              |
|    fps                | 131          |
|    iterations         | 8300         |
|    time_elapsed       | 316          |
|    total_timesteps    | 41500        |
| train/                |              |
|    entropy_loss       | -3.61        |
|    explained_variance | 0.163        |
|    learning_rate      | 0.0002       |
|    n_updates          | 8299         |
|    policy_loss        | 0.0173       |
|    reward             | 0.0054907785 |
|    std                | 1.47         |
|    value_loss         | 0.000518     |
----------------------------------------
EPISODE:  43
---------------------------------------
| time/                 |             |
|    fps                | 131         |
|    iterations         | 8400        |
|    time_elapsed       | 319         |
|    total_timesteps    | 42000       |
| train/                |             |
|    entropy_loss       | -3.62       |
|    explained_variance | 0.688       |
|    learning_rate      | 0.0002      |
|    n_updates          | 8399        |
|    policy_loss        | -0.0376     |
|    reward             | 0.007865895 |
|    std                | 1.48        |
|    value_loss         | 0.000236    |
---------------------------------------
---------------------------------------
| time/                 |             |
|    fps                | 131         |
|    iterations         | 8500        |
|    time_elapsed       | 322         |
|    total_timesteps    | 42500       |
| train/                |             |
|    entropy_loss       | -3.62       |
|    explained_variance | 0.925       |
|    learning_rate      | 0.0002      |
|    n_updates          | 8499        |
|    policy_loss        | 0.108       |
|    reward             | 0.012759278 |
|    std                | 1.48        |
|    value_loss         | 0.000775    |
---------------------------------------
EPISODE:  44
---------------------------------------
| time/                 |             |
|    fps                | 132         |
|    iterations         | 8600        |
|    time_elapsed       | 325         |
|    total_timesteps    | 43000       |
| train/                |             |
|    entropy_loss       | -3.63       |
|    explained_variance | 0.722       |
|    learning_rate      | 0.0002      |
|    n_updates          | 8599        |
|    policy_loss        | -0.0129     |
|    reward             | -0.00834847 |
|    std                | 1.49        |
|    value_loss         | 0.000204    |
---------------------------------------
---------------------------------------
| time/                 |             |
|    fps                | 132         |
|    iterations         | 8700        |
|    time_elapsed       | 327         |
|    total_timesteps    | 43500       |
| train/                |             |
|    entropy_loss       | -3.64       |
|    explained_variance | 0.468       |
|    learning_rate      | 0.0002      |
|    n_updates          | 8699        |
|    policy_loss        | -0.0859     |
|    reward             | 0.014072293 |
|    std                | 1.49        |
|    value_loss         | 0.000682    |
---------------------------------------
EPISODE:  45
----------------------------------------
| time/                 |              |
|    fps                | 133          |
|    iterations         | 8800         |
|    time_elapsed       | 330          |
|    total_timesteps    | 44000        |
| train/                |              |
|    entropy_loss       | -3.65        |
|    explained_variance | 0.876        |
|    learning_rate      | 0.0002       |
|    n_updates          | 8799         |
|    policy_loss        | 0.0122       |
|    reward             | -0.007969384 |
|    std                | 1.5          |
|    value_loss         | 4.27e-05     |
----------------------------------------
----------------------------------------
| time/                 |              |
|    fps                | 133          |
|    iterations         | 8900         |
|    time_elapsed       | 333          |
|    total_timesteps    | 44500        |
| train/                |              |
|    entropy_loss       | -3.67        |
|    explained_variance | 3.99e-06     |
|    learning_rate      | 0.0002       |
|    n_updates          | 8899         |
|    policy_loss        | 0.00618      |
|    reward             | 0.0048336256 |
|    std                | 1.51         |
|    value_loss         | 0.000133     |
----------------------------------------
EPISODE:  46
---------------------------------------
| time/                 |             |
|    fps                | 133         |
|    iterations         | 9000        |
|    time_elapsed       | 336         |
|    total_timesteps    | 45000       |
| train/                |             |
|    entropy_loss       | -3.68       |
|    explained_variance | 0.217       |
|    learning_rate      | 0.0002      |
|    n_updates          | 8999        |
|    policy_loss        | -0.0318     |
|    reward             | 0.026909223 |
|    std                | 1.52        |
|    value_loss         | 0.000204    |
---------------------------------------
---------------------------------------
| time/                 |             |
|    fps                | 134         |
|    iterations         | 9100        |
|    time_elapsed       | 338         |
|    total_timesteps    | 45500       |
| train/                |             |
|    entropy_loss       | -3.69       |
|    explained_variance | 4.06e-05    |
|    learning_rate      | 0.0002      |
|    n_updates          | 9099        |
|    policy_loss        | 0.0173      |
|    reward             | 0.033084583 |
|    std                | 1.53        |
|    value_loss         | 0.000157    |
---------------------------------------
EPISODE:  47
----------------------------------------
| time/                 |              |
|    fps                | 134          |
|    iterations         | 9200         |
|    time_elapsed       | 341          |
|    total_timesteps    | 46000        |
| train/                |              |
|    entropy_loss       | -3.7         |
|    explained_variance | 0.703        |
|    learning_rate      | 0.0002       |
|    n_updates          | 9199         |
|    policy_loss        | 0.0622       |
|    reward             | -0.003971376 |
|    std                | 1.54         |
|    value_loss         | 0.00042      |
----------------------------------------
----------------------------------------
| time/                 |              |
|    fps                | 134          |
|    iterations         | 9300         |
|    time_elapsed       | 344          |
|    total_timesteps    | 46500        |
| train/                |              |
|    entropy_loss       | -3.71        |
|    explained_variance | 1.19e-07     |
|    learning_rate      | 0.0002       |
|    n_updates          | 9299         |
|    policy_loss        | 0.0761       |
|    reward             | 0.0036660973 |
|    std                | 1.55         |
|    value_loss         | 0.00058      |
----------------------------------------
EPISODE:  48
----------------------------------------
| time/                 |              |
|    fps                | 135          |
|    iterations         | 9400         |
|    time_elapsed       | 347          |
|    total_timesteps    | 47000        |
| train/                |              |
|    entropy_loss       | -3.73        |
|    explained_variance | 0.00273      |
|    learning_rate      | 0.0002       |
|    n_updates          | 9399         |
|    policy_loss        | 0.0486       |
|    reward             | -0.039003626 |
|    std                | 1.56         |
|    value_loss         | 0.000555     |
----------------------------------------
--------------------------------------
| time/                 |            |
|    fps                | 135        |
|    iterations         | 9500       |
|    time_elapsed       | 350        |
|    total_timesteps    | 47500      |
| train/                |            |
|    entropy_loss       | -3.74      |
|    explained_variance | 1.85e-06   |
|    learning_rate      | 0.0002     |
|    n_updates          | 9499       |
|    policy_loss        | -0.108     |
|    reward             | 0.03937871 |
|    std                | 1.57       |
|    value_loss         | 0.00107    |
--------------------------------------
EPISODE:  49
---------------------------------------
| time/                 |             |
|    fps                | 135         |
|    iterations         | 9600        |
|    time_elapsed       | 353         |
|    total_timesteps    | 48000       |
| train/                |             |
|    entropy_loss       | -3.75       |
|    explained_variance | 0.00159     |
|    learning_rate      | 0.0002      |
|    n_updates          | 9599        |
|    policy_loss        | 0.0717      |
|    reward             | 0.008719101 |
|    std                | 1.58        |
|    value_loss         | 0.00086     |
---------------------------------------
----------------------------------------
| time/                 |              |
|    fps                | 136          |
|    iterations         | 9700         |
|    time_elapsed       | 355          |
|    total_timesteps    | 48500        |
| train/                |              |
|    entropy_loss       | -3.75        |
|    explained_variance | -0.386       |
|    learning_rate      | 0.0002       |
|    n_updates          | 9699         |
|    policy_loss        | 0.0549       |
|    reward             | -0.024305826 |
|    std                | 1.58         |
|    value_loss         | 0.00069      |
----------------------------------------
EPISODE:  50
----------------------------------------
| time/                 |              |
|    fps                | 136          |
|    iterations         | 9800         |
|    time_elapsed       | 358          |
|    total_timesteps    | 49000        |
| train/                |              |
|    entropy_loss       | -3.76        |
|    explained_variance | 0.393        |
|    learning_rate      | 0.0002       |
|    n_updates          | 9799         |
|    policy_loss        | -0.106       |
|    reward             | -0.019981932 |
|    std                | 1.59         |
|    value_loss         | 0.000835     |
----------------------------------------
---------------------------------------
| time/                 |             |
|    fps                | 136         |
|    iterations         | 9900        |
|    time_elapsed       | 361         |
|    total_timesteps    | 49500       |
| train/                |             |
|    entropy_loss       | -3.77       |
|    explained_variance | 4.34e-05    |
|    learning_rate      | 0.0002      |
|    n_updates          | 9899        |
|    policy_loss        | 0.149       |
|    reward             | 0.005884032 |
|    std                | 1.6         |
|    value_loss         | 0.00188     |
---------------------------------------
EPISODE:  51
----------------------------------------
| time/                 |              |
|    fps                | 137          |
|    iterations         | 10000        |
|    time_elapsed       | 364          |
|    total_timesteps    | 50000        |
| train/                |              |
|    entropy_loss       | -3.78        |
|    explained_variance | 0.449        |
|    learning_rate      | 0.0002       |
|    n_updates          | 9999         |
|    policy_loss        | -0.00327     |
|    reward             | -0.010022423 |
|    std                | 1.6          |
|    value_loss         | 7.07e-05     |
----------------------------------------
Saved episode log to Results\250619_hc_binary_udp_noise\a2c\upward_noise\training_logs\06.csv
