EPISODE:  0
{'n_steps': 5, 'ent_coef': 0.005, 'learning_rate': 0.0002}
Using cpu device
EPISODE:  1
----------------------------------------
| time/                 |              |
|    fps                | 122          |
|    iterations         | 100          |
|    time_elapsed       | 4            |
|    total_timesteps    | 500          |
| train/                |              |
|    entropy_loss       | -2.9         |
|    explained_variance | -0.955       |
|    learning_rate      | 0.0002       |
|    n_updates          | 99           |
|    policy_loss        | -0.0111      |
|    reward             | 0.0020325202 |
|    std                | 1.03         |
|    value_loss         | 2.42e-05     |
----------------------------------------
EPISODE:  2
---------------------------------------
| time/                 |             |
|    fps                | 99          |
|    iterations         | 200         |
|    time_elapsed       | 10          |
|    total_timesteps    | 1000        |
| train/                |             |
|    entropy_loss       | -2.93       |
|    explained_variance | -1.45       |
|    learning_rate      | 0.0002      |
|    n_updates          | 199         |
|    policy_loss        | -1.4        |
|    reward             | 0.001017294 |
|    std                | 1.05        |
|    value_loss         | 0.983       |
---------------------------------------
----------------------------------------
| time/                 |              |
|    fps                | 90           |
|    iterations         | 300          |
|    time_elapsed       | 16           |
|    total_timesteps    | 1500         |
| train/                |              |
|    entropy_loss       | -2.95        |
|    explained_variance | 0.000188     |
|    learning_rate      | 0.0002       |
|    n_updates          | 299          |
|    policy_loss        | -0.0204      |
|    reward             | 0.0020703934 |
|    std                | 1.06         |
|    value_loss         | 4.3e-05      |
----------------------------------------
EPISODE:  3
----------------------------------------
| time/                 |              |
|    fps                | 90           |
|    iterations         | 400          |
|    time_elapsed       | 22           |
|    total_timesteps    | 2000         |
| train/                |              |
|    entropy_loss       | -2.98        |
|    explained_variance | 0            |
|    learning_rate      | 0.0002       |
|    n_updates          | 399          |
|    policy_loss        | -0.00711     |
|    reward             | 0.0010266941 |
|    std                | 1.07         |
|    value_loss         | 1.26e-05     |
----------------------------------------
----------------------------------------
| time/                 |              |
|    fps                | 94           |
|    iterations         | 500          |
|    time_elapsed       | 26           |
|    total_timesteps    | 2500         |
| train/                |              |
|    entropy_loss       | -3           |
|    explained_variance | 0.443        |
|    learning_rate      | 0.0002       |
|    n_updates          | 499          |
|    policy_loss        | -0.00321     |
|    reward             | 0.0021097045 |
|    std                | 1.08         |
|    value_loss         | 1.07e-06     |
----------------------------------------
EPISODE:  4
----------------------------------------
| time/                 |              |
|    fps                | 99           |
|    iterations         | 600          |
|    time_elapsed       | 30           |
|    total_timesteps    | 3000         |
| train/                |              |
|    entropy_loss       | -3.01        |
|    explained_variance | 0            |
|    learning_rate      | 0.0002       |
|    n_updates          | 599          |
|    policy_loss        | 0.024        |
|    reward             | 0.0010362695 |
|    std                | 1.09         |
|    value_loss         | 0.000108     |
----------------------------------------
----------------------------------------
| time/                 |              |
|    fps                | 102          |
|    iterations         | 700          |
|    time_elapsed       | 33           |
|    total_timesteps    | 3500         |
| train/                |              |
|    entropy_loss       | -3.03        |
|    explained_variance | 0.000991     |
|    learning_rate      | 0.0002       |
|    n_updates          | 699          |
|    policy_loss        | -0.000757    |
|    reward             | 0.0021505377 |
|    std                | 1.1          |
|    value_loss         | 1.07e-07     |
----------------------------------------
EPISODE:  5
----------------------------------------
| time/                 |              |
|    fps                | 106          |
|    iterations         | 800          |
|    time_elapsed       | 37           |
|    total_timesteps    | 4000         |
| train/                |              |
|    entropy_loss       | -3.05        |
|    explained_variance | -1.19e-07    |
|    learning_rate      | 0.0002       |
|    n_updates          | 799          |
|    policy_loss        | 0.0267       |
|    reward             | 0.0010460251 |
|    std                | 1.11         |
|    value_loss         | 0.000136     |
----------------------------------------
----------------------------------------
| time/                 |              |
|    fps                | 109          |
|    iterations         | 900          |
|    time_elapsed       | 41           |
|    total_timesteps    | 4500         |
| train/                |              |
|    entropy_loss       | -3.07        |
|    explained_variance | 0.000272     |
|    learning_rate      | 0.0002       |
|    n_updates          | 899          |
|    policy_loss        | -0.0043      |
|    reward             | 0.0021929825 |
|    std                | 1.12         |
|    value_loss         | 1.7e-06      |
----------------------------------------
EPISODE:  6
----------------------------------------
| time/                 |              |
|    fps                | 112          |
|    iterations         | 1000         |
|    time_elapsed       | 44           |
|    total_timesteps    | 5000         |
| train/                |              |
|    entropy_loss       | -3.1         |
|    explained_variance | 0            |
|    learning_rate      | 0.0002       |
|    n_updates          | 999          |
|    policy_loss        | 0.00213      |
|    reward             | 0.0010559662 |
|    std                | 1.14         |
|    value_loss         | 7.08e-07     |
----------------------------------------
----------------------------------------
| time/                 |              |
|    fps                | 114          |
|    iterations         | 1100         |
|    time_elapsed       | 48           |
|    total_timesteps    | 5500         |
| train/                |              |
|    entropy_loss       | -3.11        |
|    explained_variance | 0            |
|    learning_rate      | 0.0002       |
|    n_updates          | 1099         |
|    policy_loss        | -0.0301      |
|    reward             | 0.0022371365 |
|    std                | 1.15         |
|    value_loss         | 0.000116     |
----------------------------------------
EPISODE:  7
----------------------------------------
| time/                 |              |
|    fps                | 117          |
|    iterations         | 1200         |
|    time_elapsed       | 51           |
|    total_timesteps    | 6000         |
| train/                |              |
|    entropy_loss       | -3.14        |
|    explained_variance | 0            |
|    learning_rate      | 0.0002       |
|    n_updates          | 1199         |
|    policy_loss        | 0.00574      |
|    reward             | 0.0010660981 |
|    std                | 1.16         |
|    value_loss         | 4.62e-06     |
----------------------------------------
---------------------------------------
| time/                 |             |
|    fps                | 119         |
|    iterations         | 1300        |
|    time_elapsed       | 54          |
|    total_timesteps    | 6500        |
| train/                |             |
|    entropy_loss       | -3.16       |
|    explained_variance | 0.0104      |
|    learning_rate      | 0.0002      |
|    n_updates          | 1299        |
|    policy_loss        | -0.00173    |
|    reward             | 0.002283105 |
|    std                | 1.17        |
|    value_loss         | 3.7e-07     |
---------------------------------------
EPISODE:  8
----------------------------------------
| time/                 |              |
|    fps                | 121          |
|    iterations         | 1400         |
|    time_elapsed       | 57           |
|    total_timesteps    | 7000         |
| train/                |              |
|    entropy_loss       | -3.17        |
|    explained_variance | -2.77        |
|    learning_rate      | 0.0002       |
|    n_updates          | 1399         |
|    policy_loss        | 0.00837      |
|    reward             | 0.0010764262 |
|    std                | 1.18         |
|    value_loss         | 9.24e-06     |
----------------------------------------
----------------------------------------
| time/                 |              |
|    fps                | 123          |
|    iterations         | 1500         |
|    time_elapsed       | 60           |
|    total_timesteps    | 7500         |
| train/                |              |
|    entropy_loss       | -3.18        |
|    explained_variance | 1.19e-07     |
|    learning_rate      | 0.0002       |
|    n_updates          | 1499         |
|    policy_loss        | -0.0454      |
|    reward             | 0.0023310024 |
|    std                | 1.19         |
|    value_loss         | 0.000334     |
----------------------------------------
EPISODE:  9
----------------------------------------
| time/                 |              |
|    fps                | 126          |
|    iterations         | 1600         |
|    time_elapsed       | 63           |
|    total_timesteps    | 8000         |
| train/                |              |
|    entropy_loss       | -3.19        |
|    explained_variance | 5.96e-08     |
|    learning_rate      | 0.0002       |
|    n_updates          | 1599         |
|    policy_loss        | -0.00186     |
|    reward             | 0.0010869565 |
|    std                | 1.19         |
|    value_loss         | 5.05e-07     |
----------------------------------------
----------------------------------------
| time/                 |              |
|    fps                | 127          |
|    iterations         | 1700         |
|    time_elapsed       | 66           |
|    total_timesteps    | 8500         |
| train/                |              |
|    entropy_loss       | -3.21        |
|    explained_variance | -0.0128      |
|    learning_rate      | 0.0002       |
|    n_updates          | 1699         |
|    policy_loss        | 0.00112      |
|    reward             | 0.0023809525 |
|    std                | 1.21         |
|    value_loss         | 1.5e-07      |
----------------------------------------
EPISODE:  10
----------------------------------------
| time/                 |              |
|    fps                | 129          |
|    iterations         | 1800         |
|    time_elapsed       | 69           |
|    total_timesteps    | 9000         |
| train/                |              |
|    entropy_loss       | -3.23        |
|    explained_variance | 0.00113      |
|    learning_rate      | 0.0002       |
|    n_updates          | 1799         |
|    policy_loss        | 0.00107      |
|    reward             | 0.0010976949 |
|    std                | 1.22         |
|    value_loss         | 1.83e-07     |
----------------------------------------
--------------------------------------
| time/                 |            |
|    fps                | 130        |
|    iterations         | 1900       |
|    time_elapsed       | 72         |
|    total_timesteps    | 9500       |
| train/                |            |
|    entropy_loss       | -3.25      |
|    explained_variance | 0          |
|    learning_rate      | 0.0002     |
|    n_updates          | 1899       |
|    policy_loss        | -0.0373    |
|    reward             | 0.00243309 |
|    std                | 1.23       |
|    value_loss         | 0.000135   |
--------------------------------------
EPISODE:  11
----------------------------------------
| time/                 |              |
|    fps                | 132          |
|    iterations         | 2000         |
|    time_elapsed       | 75           |
|    total_timesteps    | 10000        |
| train/                |              |
|    entropy_loss       | -3.27        |
|    explained_variance | -2.32        |
|    learning_rate      | 0.0002       |
|    n_updates          | 1999         |
|    policy_loss        | -0.0114      |
|    reward             | 0.0011086474 |
|    std                | 1.24         |
|    value_loss         | 9.11e-06     |
----------------------------------------
----------------------------------------
| time/                 |              |
|    fps                | 133          |
|    iterations         | 2100         |
|    time_elapsed       | 78           |
|    total_timesteps    | 10500        |
| train/                |              |
|    entropy_loss       | -3.29        |
|    explained_variance | 0            |
|    learning_rate      | 0.0002       |
|    n_updates          | 2099         |
|    policy_loss        | -0.00201     |
|    reward             | 0.0024875621 |
|    std                | 1.25         |
|    value_loss         | 3.62e-07     |
----------------------------------------
EPISODE:  12
----------------------------------------
| time/                 |              |
|    fps                | 135          |
|    iterations         | 2200         |
|    time_elapsed       | 81           |
|    total_timesteps    | 11000        |
| train/                |              |
|    entropy_loss       | -3.31        |
|    explained_variance | 0            |
|    learning_rate      | 0.0002       |
|    n_updates          | 2199         |
|    policy_loss        | 0.00657      |
|    reward             | 0.0011198209 |
|    std                | 1.27         |
|    value_loss         | 4.55e-06     |
----------------------------------------
----------------------------------------
| time/                 |              |
|    fps                | 136          |
|    iterations         | 2300         |
|    time_elapsed       | 84           |
|    total_timesteps    | 11500        |
| train/                |              |
|    entropy_loss       | -3.33        |
|    explained_variance | 0            |
|    learning_rate      | 0.0002       |
|    n_updates          | 2299         |
|    policy_loss        | 0.00185      |
|    reward             | 0.0025445293 |
|    std                | 1.28         |
|    value_loss         | 2.91e-07     |
----------------------------------------
EPISODE:  13
----------------------------------------
| time/                 |              |
|    fps                | 136          |
|    iterations         | 2400         |
|    time_elapsed       | 87           |
|    total_timesteps    | 12000        |
| train/                |              |
|    entropy_loss       | -3.35        |
|    explained_variance | 0            |
|    learning_rate      | 0.0002       |
|    n_updates          | 2399         |
|    policy_loss        | -0.00753     |
|    reward             | 0.0011312218 |
|    std                | 1.29         |
|    value_loss         | 4.57e-06     |
----------------------------------------
----------------------------------------
| time/                 |              |
|    fps                | 137          |
|    iterations         | 2500         |
|    time_elapsed       | 90           |
|    total_timesteps    | 12500        |
| train/                |              |
|    entropy_loss       | -3.37        |
|    explained_variance | -1.19e-07    |
|    learning_rate      | 0.0002       |
|    n_updates          | 2499         |
|    policy_loss        | 0.00186      |
|    reward             | 0.0026041667 |
|    std                | 1.3          |
|    value_loss         | 2.41e-07     |
----------------------------------------
EPISODE:  14
----------------------------------------
| time/                 |              |
|    fps                | 138          |
|    iterations         | 2600         |
|    time_elapsed       | 93           |
|    total_timesteps    | 13000        |
| train/                |              |
|    entropy_loss       | -3.39        |
|    explained_variance | -1.19e-07    |
|    learning_rate      | 0.0002       |
|    n_updates          | 2599         |
|    policy_loss        | 0.000332     |
|    reward             | 0.0011428571 |
|    std                | 1.31         |
|    value_loss         | 5.29e-09     |
----------------------------------------
----------------------------------------
| time/                 |              |
|    fps                | 138          |
|    iterations         | 2700         |
|    time_elapsed       | 97           |
|    total_timesteps    | 13500        |
| train/                |              |
|    entropy_loss       | -3.41        |
|    explained_variance | 1.79e-07     |
|    learning_rate      | 0.0002       |
|    n_updates          | 2699         |
|    policy_loss        | 0.00171      |
|    reward             | 0.0026666666 |
|    std                | 1.33         |
|    value_loss         | 2.49e-07     |
----------------------------------------
EPISODE:  15
----------------------------------------
| time/                 |              |
|    fps                | 139          |
|    iterations         | 2800         |
|    time_elapsed       | 100          |
|    total_timesteps    | 14000        |
| train/                |              |
|    entropy_loss       | -3.43        |
|    explained_variance | 0            |
|    learning_rate      | 0.0002       |
|    n_updates          | 2799         |
|    policy_loss        | 0.00348      |
|    reward             | 0.0011547344 |
|    std                | 1.34         |
|    value_loss         | 1.32e-06     |
----------------------------------------
----------------------------------------
| time/                 |              |
|    fps                | 140          |
|    iterations         | 2900         |
|    time_elapsed       | 103          |
|    total_timesteps    | 14500        |
| train/                |              |
|    entropy_loss       | -3.45        |
|    explained_variance | 0            |
|    learning_rate      | 0.0002       |
|    n_updates          | 2899         |
|    policy_loss        | 0.00238      |
|    reward             | 0.0027322404 |
|    std                | 1.36         |
|    value_loss         | 2.79e-07     |
----------------------------------------
EPISODE:  16
----------------------------------------
| time/                 |              |
|    fps                | 140          |
|    iterations         | 3000         |
|    time_elapsed       | 106          |
|    total_timesteps    | 15000        |
| train/                |              |
|    entropy_loss       | -3.46        |
|    explained_variance | 0            |
|    learning_rate      | 0.0002       |
|    n_updates          | 2999         |
|    policy_loss        | 0.00186      |
|    reward             | 0.0011668612 |
|    std                | 1.37         |
|    value_loss         | 3.02e-07     |
----------------------------------------
----------------------------------------
| time/                 |              |
|    fps                | 141          |
|    iterations         | 3100         |
|    time_elapsed       | 109          |
|    total_timesteps    | 15500        |
| train/                |              |
|    entropy_loss       | -3.48        |
|    explained_variance | -1.19e-07    |
|    learning_rate      | 0.0002       |
|    n_updates          | 3099         |
|    policy_loss        | 0.00168      |
|    reward             | 0.0028011205 |
|    std                | 1.38         |
|    value_loss         | 3.43e-07     |
----------------------------------------
EPISODE:  17
----------------------------------------
| time/                 |              |
|    fps                | 141          |
|    iterations         | 3200         |
|    time_elapsed       | 112          |
|    total_timesteps    | 16000        |
| train/                |              |
|    entropy_loss       | -3.5         |
|    explained_variance | -0.00119     |
|    learning_rate      | 0.0002       |
|    n_updates          | 3199         |
|    policy_loss        | 0.000826     |
|    reward             | 0.0011792453 |
|    std                | 1.39         |
|    value_loss         | 7.52e-08     |
----------------------------------------
----------------------------------------
| time/                 |              |
|    fps                | 142          |
|    iterations         | 3300         |
|    time_elapsed       | 115          |
|    total_timesteps    | 16500        |
| train/                |              |
|    entropy_loss       | -3.52        |
|    explained_variance | 0            |
|    learning_rate      | 0.0002       |
|    n_updates          | 3299         |
|    policy_loss        | 0.00167      |
|    reward             | 0.0028735632 |
|    std                | 1.41         |
|    value_loss         | 2.84e-07     |
----------------------------------------
EPISODE:  18
----------------------------------------
| time/                 |              |
|    fps                | 142          |
|    iterations         | 3400         |
|    time_elapsed       | 119          |
|    total_timesteps    | 17000        |
| train/                |              |
|    entropy_loss       | -3.54        |
|    explained_variance | 6.01e-05     |
|    learning_rate      | 0.0002       |
|    n_updates          | 3399         |
|    policy_loss        | -0.0701      |
|    reward             | 0.0011918951 |
|    std                | 1.42         |
|    value_loss         | 0.000635     |
----------------------------------------
----------------------------------------
| time/                 |              |
|    fps                | 142          |
|    iterations         | 3500         |
|    time_elapsed       | 122          |
|    total_timesteps    | 17500        |
| train/                |              |
|    entropy_loss       | -3.56        |
|    explained_variance | 0            |
|    learning_rate      | 0.0002       |
|    n_updates          | 3499         |
|    policy_loss        | 0.00179      |
|    reward             | 0.0029498525 |
|    std                | 1.43         |
|    value_loss         | 3.31e-07     |
----------------------------------------
EPISODE:  19
----------------------------------------
| time/                 |              |
|    fps                | 143          |
|    iterations         | 3600         |
|    time_elapsed       | 125          |
|    total_timesteps    | 18000        |
| train/                |              |
|    entropy_loss       | -3.57        |
|    explained_variance | 0            |
|    learning_rate      | 0.0002       |
|    n_updates          | 3599         |
|    policy_loss        | -0.0183      |
|    reward             | 0.0012048193 |
|    std                | 1.45         |
|    value_loss         | 3.29e-05     |
----------------------------------------
---------------------------------------
| time/                 |             |
|    fps                | 143         |
|    iterations         | 3700        |
|    time_elapsed       | 128         |
|    total_timesteps    | 18500       |
| train/                |             |
|    entropy_loss       | -3.59       |
|    explained_variance | 0           |
|    learning_rate      | 0.0002      |
|    n_updates          | 3699        |
|    policy_loss        | 0.0017      |
|    reward             | 0.003030303 |
|    std                | 1.46        |
|    value_loss         | 3.32e-07    |
---------------------------------------
EPISODE:  20
----------------------------------------
| time/                 |              |
|    fps                | 144          |
|    iterations         | 3800         |
|    time_elapsed       | 131          |
|    total_timesteps    | 19000        |
| train/                |              |
|    entropy_loss       | -3.61        |
|    explained_variance | 0            |
|    learning_rate      | 0.0002       |
|    n_updates          | 3799         |
|    policy_loss        | -4.18e-05    |
|    reward             | 0.0012180269 |
|    std                | 1.47         |
|    value_loss         | 2.39e-10     |
----------------------------------------
----------------------------------------
| time/                 |              |
|    fps                | 144          |
|    iterations         | 3900         |
|    time_elapsed       | 134          |
|    total_timesteps    | 19500        |
| train/                |              |
|    entropy_loss       | -3.63        |
|    explained_variance | 0            |
|    learning_rate      | 0.0002       |
|    n_updates          | 3899         |
|    policy_loss        | 0.00171      |
|    reward             | 0.0031152647 |
|    std                | 1.49         |
|    value_loss         | 3.62e-07     |
----------------------------------------
EPISODE:  21
----------------------------------------
| time/                 |              |
|    fps                | 144          |
|    iterations         | 4000         |
|    time_elapsed       | 137          |
|    total_timesteps    | 20000        |
| train/                |              |
|    entropy_loss       | -3.65        |
|    explained_variance | 0            |
|    learning_rate      | 0.0002       |
|    n_updates          | 3999         |
|    policy_loss        | 0.000553     |
|    reward             | 0.0012315271 |
|    std                | 1.5          |
|    value_loss         | 3.27e-08     |
----------------------------------------
----------------------------------------
| time/                 |              |
|    fps                | 144          |
|    iterations         | 4100         |
|    time_elapsed       | 141          |
|    total_timesteps    | 20500        |
| train/                |              |
|    entropy_loss       | -3.67        |
|    explained_variance | 0            |
|    learning_rate      | 0.0002       |
|    n_updates          | 4099         |
|    policy_loss        | 0.00186      |
|    reward             | 0.0032051282 |
|    std                | 1.51         |
|    value_loss         | 3.48e-07     |
----------------------------------------
EPISODE:  22
--------------------------------------
| time/                 |            |
|    fps                | 145        |
|    iterations         | 4200       |
|    time_elapsed       | 144        |
|    total_timesteps    | 21000      |
| train/                |            |
|    entropy_loss       | -3.68      |
|    explained_variance | 0          |
|    learning_rate      | 0.0002     |
|    n_updates          | 4199       |
|    policy_loss        | -0.0522    |
|    reward             | 0.00124533 |
|    std                | 1.53       |
|    value_loss         | 0.00032    |
--------------------------------------
----------------------------------------
| time/                 |              |
|    fps                | 145          |
|    iterations         | 4300         |
|    time_elapsed       | 147          |
|    total_timesteps    | 21500        |
| train/                |              |
|    entropy_loss       | -3.7         |
|    explained_variance | -1.19e-07    |
|    learning_rate      | 0.0002       |
|    n_updates          | 4299         |
|    policy_loss        | 0.00273      |
|    reward             | 0.0033003301 |
|    std                | 1.54         |
|    value_loss         | 5.12e-07     |
----------------------------------------
EPISODE:  23
----------------------------------------
| time/                 |              |
|    fps                | 145          |
|    iterations         | 4400         |
|    time_elapsed       | 150          |
|    total_timesteps    | 22000        |
| train/                |              |
|    entropy_loss       | -3.72        |
|    explained_variance | 0            |
|    learning_rate      | 0.0002       |
|    n_updates          | 4399         |
|    policy_loss        | -0.0211      |
|    reward             | 0.0012594458 |
|    std                | 1.55         |
|    value_loss         | 4.42e-05     |
----------------------------------------
----------------------------------------
| time/                 |              |
|    fps                | 146          |
|    iterations         | 4500         |
|    time_elapsed       | 154          |
|    total_timesteps    | 22500        |
| train/                |              |
|    entropy_loss       | -3.74        |
|    explained_variance | 0            |
|    learning_rate      | 0.0002       |
|    n_updates          | 4499         |
|    policy_loss        | 0.00215      |
|    reward             | 0.0034013605 |
|    std                | 1.57         |
|    value_loss         | 4.69e-07     |
----------------------------------------
EPISODE:  24
----------------------------------------
| time/                 |              |
|    fps                | 146          |
|    iterations         | 4600         |
|    time_elapsed       | 156          |
|    total_timesteps    | 23000        |
| train/                |              |
|    entropy_loss       | -3.75        |
|    explained_variance | 0            |
|    learning_rate      | 0.0002       |
|    n_updates          | 4599         |
|    policy_loss        | -0.00803     |
|    reward             | 0.0012738854 |
|    std                | 1.58         |
|    value_loss         | 6.61e-06     |
----------------------------------------
---------------------------------------
| time/                 |             |
|    fps                | 146         |
|    iterations         | 4700        |
|    time_elapsed       | 160         |
|    total_timesteps    | 23500       |
| train/                |             |
|    entropy_loss       | -3.77       |
|    explained_variance | 0           |
|    learning_rate      | 0.0002      |
|    n_updates          | 4699        |
|    policy_loss        | -0.368      |
|    reward             | 0.003508772 |
|    std                | 1.59        |
|    value_loss         | 0.00716     |
---------------------------------------
EPISODE:  25
----------------------------------------
| time/                 |              |
|    fps                | 146          |
|    iterations         | 4800         |
|    time_elapsed       | 163          |
|    total_timesteps    | 24000        |
| train/                |              |
|    entropy_loss       | -3.79        |
|    explained_variance | 0            |
|    learning_rate      | 0.0002       |
|    n_updates          | 4799         |
|    policy_loss        | -0.00244     |
|    reward             | 0.0012886598 |
|    std                | 1.61         |
|    value_loss         | 5.08e-07     |
----------------------------------------
----------------------------------------
| time/                 |              |
|    fps                | 147          |
|    iterations         | 4900         |
|    time_elapsed       | 166          |
|    total_timesteps    | 24500        |
| train/                |              |
|    entropy_loss       | -3.81        |
|    explained_variance | 0            |
|    learning_rate      | 0.0002       |
|    n_updates          | 4899         |
|    policy_loss        | -0.132       |
|    reward             | 0.0036231885 |
|    std                | 1.62         |
|    value_loss         | 0.00145      |
----------------------------------------
EPISODE:  26
----------------------------------------
| time/                 |              |
|    fps                | 147          |
|    iterations         | 5000         |
|    time_elapsed       | 169          |
|    total_timesteps    | 25000        |
| train/                |              |
|    entropy_loss       | -3.82        |
|    explained_variance | 0            |
|    learning_rate      | 0.0002       |
|    n_updates          | 4999         |
|    policy_loss        | -0.000193    |
|    reward             | 0.0013037809 |
|    std                | 1.64         |
|    value_loss         | 3.82e-09     |
----------------------------------------
----------------------------------------
| time/                 |              |
|    fps                | 147          |
|    iterations         | 5100         |
|    time_elapsed       | 172          |
|    total_timesteps    | 25500        |
| train/                |              |
|    entropy_loss       | -3.84        |
|    explained_variance | 1.19e-07     |
|    learning_rate      | 0.0002       |
|    n_updates          | 5099         |
|    policy_loss        | -0.0452      |
|    reward             | 0.0037453184 |
|    std                | 1.65         |
|    value_loss         | 0.000226     |
----------------------------------------
EPISODE:  27
----------------------------------------
| time/                 |              |
|    fps                | 147          |
|    iterations         | 5200         |
|    time_elapsed       | 176          |
|    total_timesteps    | 26000        |
| train/                |              |
|    entropy_loss       | -3.86        |
|    explained_variance | 0            |
|    learning_rate      | 0.0002       |
|    n_updates          | 5199         |
|    policy_loss        | 0.000335     |
|    reward             | 0.0013192613 |
|    std                | 1.67         |
|    value_loss         | 8.31e-09     |
----------------------------------------
---------------------------------------
| time/                 |             |
|    fps                | 148         |
|    iterations         | 5300        |
|    time_elapsed       | 179         |
|    total_timesteps    | 26500       |
| train/                |             |
|    entropy_loss       | -3.88       |
|    explained_variance | 0           |
|    learning_rate      | 0.0002      |
|    n_updates          | 5299        |
|    policy_loss        | -0.0235     |
|    reward             | 0.003875969 |
|    std                | 1.68        |
|    value_loss         | 6.16e-05    |
---------------------------------------
EPISODE:  28
----------------------------------------
| time/                 |              |
|    fps                | 148          |
|    iterations         | 5400         |
|    time_elapsed       | 182          |
|    total_timesteps    | 27000        |
| train/                |              |
|    entropy_loss       | -3.89        |
|    explained_variance | 0            |
|    learning_rate      | 0.0002       |
|    n_updates          | 5399         |
|    policy_loss        | 0.000441     |
|    reward             | 0.0013351135 |
|    std                | 1.7          |
|    value_loss         | 1.67e-08     |
----------------------------------------
---------------------------------------
| time/                 |             |
|    fps                | 148         |
|    iterations         | 5500        |
|    time_elapsed       | 185         |
|    total_timesteps    | 27500       |
| train/                |             |
|    entropy_loss       | -3.91       |
|    explained_variance | 0           |
|    learning_rate      | 0.0002      |
|    n_updates          | 5499        |
|    policy_loss        | -0.00767    |
|    reward             | 0.004016064 |
|    std                | 1.71        |
|    value_loss         | 4.45e-06    |
---------------------------------------
EPISODE:  29
----------------------------------------
| time/                 |              |
|    fps                | 148          |
|    iterations         | 5600         |
|    time_elapsed       | 188          |
|    total_timesteps    | 28000        |
| train/                |              |
|    entropy_loss       | -3.93        |
|    explained_variance | -1.19e-07    |
|    learning_rate      | 0.0002       |
|    n_updates          | 5599         |
|    policy_loss        | 0.00212      |
|    reward             | 0.0013513514 |
|    std                | 1.73         |
|    value_loss         | 2.25e-07     |
----------------------------------------
---------------------------------------
| time/                 |             |
|    fps                | 148         |
|    iterations         | 5700        |
|    time_elapsed       | 191         |
|    total_timesteps    | 28500       |
| train/                |             |
|    entropy_loss       | -3.96       |
|    explained_variance | 0           |
|    learning_rate      | 0.0002      |
|    n_updates          | 5699        |
|    policy_loss        | -0.00202    |
|    reward             | 0.004166667 |
|    std                | 1.75        |
|    value_loss         | 2.6e-07     |
---------------------------------------
EPISODE:  30
----------------------------------------
| time/                 |              |
|    fps                | 148          |
|    iterations         | 5800         |
|    time_elapsed       | 194          |
|    total_timesteps    | 29000        |
| train/                |              |
|    entropy_loss       | -3.97        |
|    explained_variance | 0            |
|    learning_rate      | 0.0002       |
|    n_updates          | 5799         |
|    policy_loss        | 0.000672     |
|    reward             | 0.0013679891 |
|    std                | 1.77         |
|    value_loss         | 3.35e-08     |
----------------------------------------
----------------------------------------
| time/                 |              |
|    fps                | 149          |
|    iterations         | 5900         |
|    time_elapsed       | 197          |
|    total_timesteps    | 29500        |
| train/                |              |
|    entropy_loss       | -4           |
|    explained_variance | -1.19e-07    |
|    learning_rate      | 0.0002       |
|    n_updates          | 5899         |
|    policy_loss        | 0.00261      |
|    reward             | 0.0043290043 |
|    std                | 1.79         |
|    value_loss         | 6.24e-07     |
----------------------------------------
EPISODE:  31
----------------------------------------
| time/                 |              |
|    fps                | 149          |
|    iterations         | 6000         |
|    time_elapsed       | 200          |
|    total_timesteps    | 30000        |
| train/                |              |
|    entropy_loss       | -4.01        |
|    explained_variance | 0            |
|    learning_rate      | 0.0002       |
|    n_updates          | 5999         |
|    policy_loss        | 0.000586     |
|    reward             | 0.0013850415 |
|    std                | 1.8          |
|    value_loss         | 2.71e-08     |
----------------------------------------
----------------------------------------
| time/                 |              |
|    fps                | 149          |
|    iterations         | 6100         |
|    time_elapsed       | 204          |
|    total_timesteps    | 30500        |
| train/                |              |
|    entropy_loss       | -4.03        |
|    explained_variance | 5.96e-08     |
|    learning_rate      | 0.0002       |
|    n_updates          | 6099         |
|    policy_loss        | 0.00821      |
|    reward             | 0.0045045046 |
|    std                | 1.82         |
|    value_loss         | 3.84e-06     |
----------------------------------------
EPISODE:  32
----------------------------------------
| time/                 |              |
|    fps                | 149          |
|    iterations         | 6200         |
|    time_elapsed       | 207          |
|    total_timesteps    | 31000        |
| train/                |              |
|    entropy_loss       | -4.05        |
|    explained_variance | 0            |
|    learning_rate      | 0.0002       |
|    n_updates          | 6199         |
|    policy_loss        | 0.00115      |
|    reward             | 0.0014025245 |
|    std                | 1.83         |
|    value_loss         | 1.12e-07     |
----------------------------------------
----------------------------------------
| time/                 |              |
|    fps                | 149          |
|    iterations         | 6300         |
|    time_elapsed       | 210          |
|    total_timesteps    | 31500        |
| train/                |              |
|    entropy_loss       | -4.07        |
|    explained_variance | 0            |
|    learning_rate      | 0.0002       |
|    n_updates          | 6299         |
|    policy_loss        | 0.00468      |
|    reward             | 0.0046948357 |
|    std                | 1.85         |
|    value_loss         | 1.98e-06     |
----------------------------------------
EPISODE:  33
----------------------------------------
| time/                 |              |
|    fps                | 149          |
|    iterations         | 6400         |
|    time_elapsed       | 213          |
|    total_timesteps    | 32000        |
| train/                |              |
|    entropy_loss       | -4.08        |
|    explained_variance | 0            |
|    learning_rate      | 0.0002       |
|    n_updates          | 6399         |
|    policy_loss        | 0.000694     |
|    reward             | 0.0014204546 |
|    std                | 1.86         |
|    value_loss         | 5.28e-08     |
----------------------------------------
---------------------------------------
| time/                 |             |
|    fps                | 150         |
|    iterations         | 6500        |
|    time_elapsed       | 216         |
|    total_timesteps    | 32500       |
| train/                |             |
|    entropy_loss       | -4.1        |
|    explained_variance | 0           |
|    learning_rate      | 0.0002      |
|    n_updates          | 6499        |
|    policy_loss        | 0.00636     |
|    reward             | 0.004901961 |
|    std                | 1.88        |
|    value_loss         | 2.86e-06    |
---------------------------------------
EPISODE:  34
----------------------------------------
| time/                 |              |
|    fps                | 150          |
|    iterations         | 6600         |
|    time_elapsed       | 219          |
|    total_timesteps    | 33000        |
| train/                |              |
|    entropy_loss       | -4.11        |
|    explained_variance | 0            |
|    learning_rate      | 0.0002       |
|    n_updates          | 6599         |
|    policy_loss        | 0.000761     |
|    reward             | 0.0014388489 |
|    std                | 1.89         |
|    value_loss         | 3.55e-08     |
----------------------------------------
----------------------------------------
| time/                 |              |
|    fps                | 150          |
|    iterations         | 6700         |
|    time_elapsed       | 223          |
|    total_timesteps    | 33500        |
| train/                |              |
|    entropy_loss       | -4.13        |
|    explained_variance | 0            |
|    learning_rate      | 0.0002       |
|    n_updates          | 6699         |
|    policy_loss        | 0.00597      |
|    reward             | 0.0051282053 |
|    std                | 1.91         |
|    value_loss         | 3.16e-06     |
----------------------------------------
EPISODE:  35
---------------------------------------
| time/                 |             |
|    fps                | 150         |
|    iterations         | 6800        |
|    time_elapsed       | 226         |
|    total_timesteps    | 34000       |
| train/                |             |
|    entropy_loss       | -4.15       |
|    explained_variance | 0           |
|    learning_rate      | 0.0002      |
|    n_updates          | 6799        |
|    policy_loss        | 0.000747    |
|    reward             | 0.001457726 |
|    std                | 1.93        |
|    value_loss         | 3.16e-08    |
---------------------------------------
---------------------------------------
| time/                 |             |
|    fps                | 150         |
|    iterations         | 6900        |
|    time_elapsed       | 229         |
|    total_timesteps    | 34500       |
| train/                |             |
|    entropy_loss       | -4.17       |
|    explained_variance | 0           |
|    learning_rate      | 0.0002      |
|    n_updates          | 6899        |
|    policy_loss        | 0.00659     |
|    reward             | 0.005376344 |
|    std                | 1.95        |
|    value_loss         | 3.36e-06    |
---------------------------------------
EPISODE:  36
----------------------------------------
| time/                 |              |
|    fps                | 150          |
|    iterations         | 7000         |
|    time_elapsed       | 232          |
|    total_timesteps    | 35000        |
| train/                |              |
|    entropy_loss       | -4.19        |
|    explained_variance | 0            |
|    learning_rate      | 0.0002       |
|    n_updates          | 6999         |
|    policy_loss        | -0.00669     |
|    reward             | 0.0014771048 |
|    std                | 1.97         |
|    value_loss         | 3.12e-06     |
----------------------------------------
----------------------------------------
| time/                 |              |
|    fps                | 150          |
|    iterations         | 7100         |
|    time_elapsed       | 235          |
|    total_timesteps    | 35500        |
| train/                |              |
|    entropy_loss       | -4.21        |
|    explained_variance | -1.19e-07    |
|    learning_rate      | 0.0002       |
|    n_updates          | 7099         |
|    policy_loss        | 0.00757      |
|    reward             | 0.0056497175 |
|    std                | 1.99         |
|    value_loss         | 4.69e-06     |
----------------------------------------
EPISODE:  37
---------------------------------------
| time/                 |             |
|    fps                | 150         |
|    iterations         | 7200        |
|    time_elapsed       | 238         |
|    total_timesteps    | 36000       |
| train/                |             |
|    entropy_loss       | -4.22       |
|    explained_variance | 0           |
|    learning_rate      | 0.0002      |
|    n_updates          | 7199        |
|    policy_loss        | 0.00082     |
|    reward             | 0.001497006 |
|    std                | 2           |
|    value_loss         | 3.48e-08    |
---------------------------------------
---------------------------------------
| time/                 |             |
|    fps                | 151         |
|    iterations         | 7300        |
|    time_elapsed       | 241         |
|    total_timesteps    | 36500       |
| train/                |             |
|    entropy_loss       | -4.25       |
|    explained_variance | -1.19e-07   |
|    learning_rate      | 0.0002      |
|    n_updates          | 7299        |
|    policy_loss        | 0.00789     |
|    reward             | 0.005952381 |
|    std                | 2.02        |
|    value_loss         | 4.7e-06     |
---------------------------------------
EPISODE:  38
----------------------------------------
| time/                 |              |
|    fps                | 151          |
|    iterations         | 7400         |
|    time_elapsed       | 244          |
|    total_timesteps    | 37000        |
| train/                |              |
|    entropy_loss       | -4.27        |
|    explained_variance | 0            |
|    learning_rate      | 0.0002       |
|    n_updates          | 7399         |
|    policy_loss        | 0.000885     |
|    reward             | 0.0015174507 |
|    std                | 2.04         |
|    value_loss         | 5.25e-08     |
----------------------------------------
---------------------------------------
| time/                 |             |
|    fps                | 151         |
|    iterations         | 7500        |
|    time_elapsed       | 247         |
|    total_timesteps    | 37500       |
| train/                |             |
|    entropy_loss       | -4.29       |
|    explained_variance | 0           |
|    learning_rate      | 0.0002      |
|    n_updates          | 7499        |
|    policy_loss        | 0.00847     |
|    reward             | 0.006289308 |
|    std                | 2.07        |
|    value_loss         | 5.27e-06    |
---------------------------------------
EPISODE:  39
----------------------------------------
| time/                 |              |
|    fps                | 151          |
|    iterations         | 7600         |
|    time_elapsed       | 250          |
|    total_timesteps    | 38000        |
| train/                |              |
|    entropy_loss       | -4.31        |
|    explained_variance | 0            |
|    learning_rate      | 0.0002       |
|    n_updates          | 7599         |
|    policy_loss        | 0.000699     |
|    reward             | 0.0015384615 |
|    std                | 2.08         |
|    value_loss         | 3.34e-08     |
----------------------------------------
---------------------------------------
| time/                 |             |
|    fps                | 151         |
|    iterations         | 7700        |
|    time_elapsed       | 253         |
|    total_timesteps    | 38500       |
| train/                |             |
|    entropy_loss       | -4.33       |
|    explained_variance | 0           |
|    learning_rate      | 0.0002      |
|    n_updates          | 7699        |
|    policy_loss        | 0.0108      |
|    reward             | 0.006666667 |
|    std                | 2.11        |
|    value_loss         | 7.4e-06     |
---------------------------------------
EPISODE:  40
----------------------------------------
| time/                 |              |
|    fps                | 151          |
|    iterations         | 7800         |
|    time_elapsed       | 256          |
|    total_timesteps    | 39000        |
| train/                |              |
|    entropy_loss       | -4.34        |
|    explained_variance | 5.96e-08     |
|    learning_rate      | 0.0002       |
|    n_updates          | 7799         |
|    policy_loss        | 0.000705     |
|    reward             | 0.0015600624 |
|    std                | 2.12         |
|    value_loss         | 3.5e-08      |
----------------------------------------
----------------------------------------
| time/                 |              |
|    fps                | 151          |
|    iterations         | 7900         |
|    time_elapsed       | 259          |
|    total_timesteps    | 39500        |
| train/                |              |
|    entropy_loss       | -4.36        |
|    explained_variance | -1.19e-07    |
|    learning_rate      | 0.0002       |
|    n_updates          | 7899         |
|    policy_loss        | 0.0108       |
|    reward             | 0.0070921984 |
|    std                | 2.14         |
|    value_loss         | 8.08e-06     |
----------------------------------------
EPISODE:  41
----------------------------------------
| time/                 |              |
|    fps                | 151          |
|    iterations         | 8000         |
|    time_elapsed       | 263          |
|    total_timesteps    | 40000        |
| train/                |              |
|    entropy_loss       | -4.38        |
|    explained_variance | 0            |
|    learning_rate      | 0.0002       |
|    n_updates          | 7999         |
|    policy_loss        | 0.000713     |
|    reward             | 0.0015822785 |
|    std                | 2.17         |
|    value_loss         | 3.64e-08     |
----------------------------------------
---------------------------------------
| time/                 |             |
|    fps                | 152         |
|    iterations         | 8100        |
|    time_elapsed       | 266         |
|    total_timesteps    | 40500       |
| train/                |             |
|    entropy_loss       | -4.4        |
|    explained_variance | 5.96e-08    |
|    learning_rate      | 0.0002      |
|    n_updates          | 8099        |
|    policy_loss        | 0.0119      |
|    reward             | 0.007575758 |
|    std                | 2.19        |
|    value_loss         | 9.13e-06    |
---------------------------------------
EPISODE:  42
----------------------------------------
| time/                 |              |
|    fps                | 152          |
|    iterations         | 8200         |
|    time_elapsed       | 269          |
|    total_timesteps    | 41000        |
| train/                |              |
|    entropy_loss       | -4.42        |
|    explained_variance | 1.19e-07     |
|    learning_rate      | 0.0002       |
|    n_updates          | 8199         |
|    policy_loss        | 0.000738     |
|    reward             | 0.0016051364 |
|    std                | 2.21         |
|    value_loss         | 3.68e-08     |
----------------------------------------
---------------------------------------
| time/                 |             |
|    fps                | 152         |
|    iterations         | 8300        |
|    time_elapsed       | 272         |
|    total_timesteps    | 41500       |
| train/                |             |
|    entropy_loss       | -4.44       |
|    explained_variance | 0           |
|    learning_rate      | 0.0002      |
|    n_updates          | 8299        |
|    policy_loss        | 0.0157      |
|    reward             | 0.008130081 |
|    std                | 2.23        |
|    value_loss         | 1.1e-05     |
---------------------------------------
EPISODE:  43
----------------------------------------
| time/                 |              |
|    fps                | 152          |
|    iterations         | 8400         |
|    time_elapsed       | 275          |
|    total_timesteps    | 42000        |
| train/                |              |
|    entropy_loss       | -4.45        |
|    explained_variance | -1.19e-07    |
|    learning_rate      | 0.0002       |
|    n_updates          | 8399         |
|    policy_loss        | 0.00105      |
|    reward             | 0.0016286644 |
|    std                | 2.24         |
|    value_loss         | 6.18e-08     |
----------------------------------------
--------------------------------------
| time/                 |            |
|    fps                | 152        |
|    iterations         | 8500       |
|    time_elapsed       | 278        |
|    total_timesteps    | 42500      |
| train/                |            |
|    entropy_loss       | -4.48      |
|    explained_variance | 0          |
|    learning_rate      | 0.0002     |
|    n_updates          | 8499       |
|    policy_loss        | 0.0187     |
|    reward             | 0.00877193 |
|    std                | 2.27       |
|    value_loss         | 1.45e-05   |
--------------------------------------
EPISODE:  44
----------------------------------------
| time/                 |              |
|    fps                | 152          |
|    iterations         | 8600         |
|    time_elapsed       | 282          |
|    total_timesteps    | 43000        |
| train/                |              |
|    entropy_loss       | -4.5         |
|    explained_variance | 0            |
|    learning_rate      | 0.0002       |
|    n_updates          | 8599         |
|    policy_loss        | 0.000771     |
|    reward             | 0.0016528926 |
|    std                | 2.29         |
|    value_loss         | 4.07e-08     |
----------------------------------------
--------------------------------------
| time/                 |            |
|    fps                | 152        |
|    iterations         | 8700       |
|    time_elapsed       | 285        |
|    total_timesteps    | 43500      |
| train/                |            |
|    entropy_loss       | -4.52      |
|    explained_variance | -1.19e-07  |
|    learning_rate      | 0.0002     |
|    n_updates          | 8699       |
|    policy_loss        | 0.0163     |
|    reward             | 0.00952381 |
|    std                | 2.31       |
|    value_loss         | 1.97e-05   |
--------------------------------------
EPISODE:  45
----------------------------------------
| time/                 |              |
|    fps                | 152          |
|    iterations         | 8800         |
|    time_elapsed       | 288          |
|    total_timesteps    | 44000        |
| train/                |              |
|    entropy_loss       | -4.53        |
|    explained_variance | 0            |
|    learning_rate      | 0.0002       |
|    n_updates          | 8799         |
|    policy_loss        | 0.000858     |
|    reward             | 0.0016778524 |
|    std                | 2.33         |
|    value_loss         | 3.76e-08     |
----------------------------------------
---------------------------------------
| time/                 |             |
|    fps                | 152         |
|    iterations         | 8900        |
|    time_elapsed       | 291         |
|    total_timesteps    | 44500       |
| train/                |             |
|    entropy_loss       | -4.54       |
|    explained_variance | 0           |
|    learning_rate      | 0.0002      |
|    n_updates          | 8899        |
|    policy_loss        | 0.0193      |
|    reward             | 0.010416667 |
|    std                | 2.35        |
|    value_loss         | 2.26e-05    |
---------------------------------------
EPISODE:  46
----------------------------------------
| time/                 |              |
|    fps                | 152          |
|    iterations         | 9000         |
|    time_elapsed       | 294          |
|    total_timesteps    | 45000        |
| train/                |              |
|    entropy_loss       | -4.56        |
|    explained_variance | 0            |
|    learning_rate      | 0.0002       |
|    n_updates          | 8999         |
|    policy_loss        | -0.435       |
|    reward             | 0.0017035775 |
|    std                | 2.37         |
|    value_loss         | 0.0113       |
----------------------------------------
---------------------------------------
| time/                 |             |
|    fps                | 152         |
|    iterations         | 9100        |
|    time_elapsed       | 297         |
|    total_timesteps    | 45500       |
| train/                |             |
|    entropy_loss       | -4.58       |
|    explained_variance | 0           |
|    learning_rate      | 0.0002      |
|    n_updates          | 9099        |
|    policy_loss        | 0.0262      |
|    reward             | 0.011494253 |
|    std                | 2.39        |
|    value_loss         | 3.74e-05    |
---------------------------------------
EPISODE:  47
----------------------------------------
| time/                 |              |
|    fps                | 152          |
|    iterations         | 9200         |
|    time_elapsed       | 300          |
|    total_timesteps    | 46000        |
| train/                |              |
|    entropy_loss       | -4.59        |
|    explained_variance | 0            |
|    learning_rate      | 0.0002       |
|    n_updates          | 9199         |
|    policy_loss        | -0.198       |
|    reward             | 0.0017301039 |
|    std                | 2.41         |
|    value_loss         | 0.00224      |
----------------------------------------
----------------------------------------
| time/                 |              |
|    fps                | 152          |
|    iterations         | 9300         |
|    time_elapsed       | 304          |
|    total_timesteps    | 46500        |
| train/                |              |
|    entropy_loss       | -4.61        |
|    explained_variance | 1.19e-07     |
|    learning_rate      | 0.0002       |
|    n_updates          | 9299         |
|    policy_loss        | 0.0244       |
|    reward             | -0.012820513 |
|    std                | 2.43         |
|    value_loss         | 4.27e-05     |
----------------------------------------
EPISODE:  48
----------------------------------------
| time/                 |              |
|    fps                | 152          |
|    iterations         | 9400         |
|    time_elapsed       | 307          |
|    total_timesteps    | 47000        |
| train/                |              |
|    entropy_loss       | -4.63        |
|    explained_variance | -1.19e-07    |
|    learning_rate      | 0.0002       |
|    n_updates          | 9399         |
|    policy_loss        | -0.0786      |
|    reward             | 0.0017574693 |
|    std                | 2.45         |
|    value_loss         | 0.00038      |
----------------------------------------
---------------------------------------
| time/                 |             |
|    fps                | 152         |
|    iterations         | 9500        |
|    time_elapsed       | 310         |
|    total_timesteps    | 47500       |
| train/                |             |
|    entropy_loss       | -4.65       |
|    explained_variance | 0           |
|    learning_rate      | 0.0002      |
|    n_updates          | 9499        |
|    policy_loss        | 0.037       |
|    reward             | 0.014492754 |
|    std                | 2.48        |
|    value_loss         | 7.36e-05    |
---------------------------------------
EPISODE:  49
----------------------------------------
| time/                 |              |
|    fps                | 152          |
|    iterations         | 9600         |
|    time_elapsed       | 313          |
|    total_timesteps    | 48000        |
| train/                |              |
|    entropy_loss       | -4.66        |
|    explained_variance | 0            |
|    learning_rate      | 0.0002       |
|    n_updates          | 9599         |
|    policy_loss        | -0.0266      |
|    reward             | 0.0017857143 |
|    std                | 2.49         |
|    value_loss         | 5.02e-05     |
----------------------------------------
---------------------------------------
| time/                 |             |
|    fps                | 152         |
|    iterations         | 9700        |
|    time_elapsed       | 317         |
|    total_timesteps    | 48500       |
| train/                |             |
|    entropy_loss       | -4.68       |
|    explained_variance | 0           |
|    learning_rate      | 0.0002      |
|    n_updates          | 9699        |
|    policy_loss        | 0.0465      |
|    reward             | 0.016666668 |
|    std                | 2.51        |
|    value_loss         | 9.89e-05    |
---------------------------------------
EPISODE:  50
---------------------------------------
| time/                 |             |
|    fps                | 152         |
|    iterations         | 9800        |
|    time_elapsed       | 320         |
|    total_timesteps    | 49000       |
| train/                |             |
|    entropy_loss       | -4.69       |
|    explained_variance | 0           |
|    learning_rate      | 0.0002      |
|    n_updates          | 9799        |
|    policy_loss        | -0.0134     |
|    reward             | 0.001814882 |
|    std                | 2.53        |
|    value_loss         | 8.83e-06    |
---------------------------------------
---------------------------------------
| time/                 |             |
|    fps                | 153         |
|    iterations         | 9900        |
|    time_elapsed       | 323         |
|    total_timesteps    | 49500       |
| train/                |             |
|    entropy_loss       | -4.71       |
|    explained_variance | -1.19e-07   |
|    learning_rate      | 0.0002      |
|    n_updates          | 9899        |
|    policy_loss        | 0.045       |
|    reward             | 0.019607844 |
|    std                | 2.55        |
|    value_loss         | 0.000151    |
---------------------------------------
EPISODE:  51
----------------------------------------
| time/                 |              |
|    fps                | 153          |
|    iterations         | 10000        |
|    time_elapsed       | 326          |
|    total_timesteps    | 50000        |
| train/                |              |
|    entropy_loss       | -4.72        |
|    explained_variance | 0            |
|    learning_rate      | 0.0002       |
|    n_updates          | 9999         |
|    policy_loss        | -0.000879    |
|    reward             | 0.0018450185 |
|    std                | 2.57         |
|    value_loss         | 4.21e-08     |
----------------------------------------
Saved episode log to Results\250619_hc_binary_udp\a2c\downward\training_logs\10.csv
