EPISODE:  0
{'batch_size': 128, 'buffer_size': 1000000, 'learning_rate': 0.0001, 'learning_starts': 100, 'ent_coef': 'auto_0.1'}
Using cuda device
EPISODE:  1
EPISODE:  2
EPISODE:  3
EPISODE:  4
EPISODE:  5
----------------------------------
| time/              |           |
|    episodes        | 4         |
|    fps             | 23        |
|    time_elapsed    | 169       |
|    total_timesteps | 4000      |
| train/             |           |
|    actor_loss      | -2.23e+04 |
|    critic_loss     | 5.79e+04  |
|    ent_coef        | 0.153     |
|    ent_coef_loss   | 35.3      |
|    learning_rate   | 0.0001    |
|    n_updates       | 3899      |
|    reward          | 2085.917  |
----------------------------------
EPISODE:  6
EPISODE:  7
EPISODE:  8
EPISODE:  9
----------------------------------
| time/              |           |
|    episodes        | 8         |
|    fps             | 23        |
|    time_elapsed    | 346       |
|    total_timesteps | 8000      |
| train/             |           |
|    actor_loss      | -4.19e+04 |
|    critic_loss     | 2.88e+07  |
|    ent_coef        | 0.229     |
|    ent_coef_loss   | 27.5      |
|    learning_rate   | 0.0001    |
|    n_updates       | 7899      |
|    reward          | 2085.917  |
----------------------------------
EPISODE:  10
EPISODE:  11
EPISODE:  12
EPISODE:  13
----------------------------------
| time/              |           |
|    episodes        | 12        |
|    fps             | 22        |
|    time_elapsed    | 522       |
|    total_timesteps | 12000     |
| train/             |           |
|    actor_loss      | -5.64e+04 |
|    critic_loss     | 2.86e+05  |
|    ent_coef        | 0.341     |
|    ent_coef_loss   | 20.4      |
|    learning_rate   | 0.0001    |
|    n_updates       | 11899     |
|    reward          | 2085.917  |
----------------------------------
EPISODE:  14
EPISODE:  15
EPISODE:  16
EPISODE:  17
----------------------------------
| time/              |           |
|    episodes        | 16        |
|    fps             | 22        |
|    time_elapsed    | 698       |
|    total_timesteps | 16000     |
| train/             |           |
|    actor_loss      | -6.89e+04 |
|    critic_loss     | 2.77e+05  |
|    ent_coef        | 0.509     |
|    ent_coef_loss   | 12.8      |
|    learning_rate   | 0.0001    |
|    n_updates       | 15899     |
|    reward          | 2085.917  |
----------------------------------
EPISODE:  18
EPISODE:  19
EPISODE:  20
EPISODE:  21
----------------------------------
| time/              |           |
|    episodes        | 20        |
|    fps             | 22        |
|    time_elapsed    | 876       |
|    total_timesteps | 20000     |
| train/             |           |
|    actor_loss      | -7.82e+04 |
|    critic_loss     | 4.36e+05  |
|    ent_coef        | 0.759     |
|    ent_coef_loss   | 5.17      |
|    learning_rate   | 0.0001    |
|    n_updates       | 19899     |
|    reward          | 2085.917  |
----------------------------------
EPISODE:  22
EPISODE:  23
EPISODE:  24
EPISODE:  25
---------------------------------
| time/              |          |
|    episodes        | 24       |
|    fps             | 22       |
|    time_elapsed    | 1054     |
|    total_timesteps | 24000    |
| train/             |          |
|    actor_loss      | -8.5e+04 |
|    critic_loss     | 4.64e+05 |
|    ent_coef        | 1.13     |
|    ent_coef_loss   | -2.32    |
|    learning_rate   | 0.0001   |
|    n_updates       | 23899    |
|    reward          | 2085.917 |
---------------------------------
EPISODE:  26
EPISODE:  27
EPISODE:  28
EPISODE:  29
----------------------------------
| time/              |           |
|    episodes        | 28        |
|    fps             | 22        |
|    time_elapsed    | 1232      |
|    total_timesteps | 28000     |
| train/             |           |
|    actor_loss      | -9.19e+04 |
|    critic_loss     | 3.01e+05  |
|    ent_coef        | 1.69      |
|    ent_coef_loss   | -9.86     |
|    learning_rate   | 0.0001    |
|    n_updates       | 27899     |
|    reward          | 2085.917  |
----------------------------------
EPISODE:  30
EPISODE:  31
EPISODE:  32
EPISODE:  33
---------------------------------
| time/              |          |
|    episodes        | 32       |
|    fps             | 22       |
|    time_elapsed    | 1409     |
|    total_timesteps | 32000    |
| train/             |          |
|    actor_loss      | -9.5e+04 |
|    critic_loss     | 3.66e+05 |
|    ent_coef        | 2.52     |
|    ent_coef_loss   | -17.5    |
|    learning_rate   | 0.0001   |
|    n_updates       | 31899    |
|    reward          | 2085.917 |
---------------------------------
EPISODE:  34
EPISODE:  35
EPISODE:  36
EPISODE:  37
---------------------------------
| time/              |          |
|    episodes        | 36       |
|    fps             | 22       |
|    time_elapsed    | 1586     |
|    total_timesteps | 36000    |
| train/             |          |
|    actor_loss      | -1e+05   |
|    critic_loss     | 2.72e+05 |
|    ent_coef        | 3.76     |
|    ent_coef_loss   | -25      |
|    learning_rate   | 0.0001   |
|    n_updates       | 35899    |
|    reward          | 2085.917 |
---------------------------------
EPISODE:  38
EPISODE:  39
EPISODE:  40
EPISODE:  41
----------------------------------
| time/              |           |
|    episodes        | 40        |
|    fps             | 22        |
|    time_elapsed    | 1764      |
|    total_timesteps | 40000     |
| train/             |           |
|    actor_loss      | -1.01e+05 |
|    critic_loss     | 2.77e+05  |
|    ent_coef        | 5.61      |
|    ent_coef_loss   | -32.4     |
|    learning_rate   | 0.0001    |
|    n_updates       | 39899     |
|    reward          | 2085.917  |
----------------------------------
EPISODE:  42
EPISODE:  43
EPISODE:  44
EPISODE:  45
----------------------------------
| time/              |           |
|    episodes        | 44        |
|    fps             | 22        |
|    time_elapsed    | 1940      |
|    total_timesteps | 44000     |
| train/             |           |
|    actor_loss      | -1.02e+05 |
|    critic_loss     | 1.02e+08  |
|    ent_coef        | 8.36      |
|    ent_coef_loss   | -39.9     |
|    learning_rate   | 0.0001    |
|    n_updates       | 43899     |
|    reward          | 2085.917  |
----------------------------------
EPISODE:  46
EPISODE:  47
EPISODE:  48
EPISODE:  49
----------------------------------
| time/              |           |
|    episodes        | 48        |
|    fps             | 22        |
|    time_elapsed    | 2119      |
|    total_timesteps | 48000     |
| train/             |           |
|    actor_loss      | -1.01e+05 |
|    critic_loss     | 7.86e+05  |
|    ent_coef        | 12.5      |
|    ent_coef_loss   | -47.5     |
|    learning_rate   | 0.0001    |
|    n_updates       | 47899     |
|    reward          | 2085.917  |
----------------------------------
EPISODE:  50
EPISODE:  51
EPISODE:  52
EPISODE:  53
----------------------------------
| time/              |           |
|    episodes        | 52        |
|    fps             | 22        |
|    time_elapsed    | 2296      |
|    total_timesteps | 52000     |
| train/             |           |
|    actor_loss      | -9.87e+04 |
|    critic_loss     | 3.31e+05  |
|    ent_coef        | 18.6      |
|    ent_coef_loss   | -55.1     |
|    learning_rate   | 0.0001    |
|    n_updates       | 51899     |
|    reward          | 2085.917  |
----------------------------------
EPISODE:  54
EPISODE:  55
EPISODE:  56
EPISODE:  57
----------------------------------
| time/              |           |
|    episodes        | 56        |
|    fps             | 22        |
|    time_elapsed    | 2473      |
|    total_timesteps | 56000     |
| train/             |           |
|    actor_loss      | -9.41e+04 |
|    critic_loss     | 2.16e+05  |
|    ent_coef        | 27.8      |
|    ent_coef_loss   | -62.7     |
|    learning_rate   | 0.0001    |
|    n_updates       | 55899     |
|    reward          | 2085.917  |
----------------------------------
EPISODE:  58
EPISODE:  59
EPISODE:  60
EPISODE:  61
---------------------------------
| time/              |          |
|    episodes        | 60       |
|    fps             | 22       |
|    time_elapsed    | 2651     |
|    total_timesteps | 60000    |
| train/             |          |
|    actor_loss      | -8.6e+04 |
|    critic_loss     | 2.54e+05 |
|    ent_coef        | 41.4     |
|    ent_coef_loss   | -70.2    |
|    learning_rate   | 0.0001   |
|    n_updates       | 59899    |
|    reward          | 2085.917 |
---------------------------------
EPISODE:  62
EPISODE:  63
EPISODE:  64
EPISODE:  65
----------------------------------
| time/              |           |
|    episodes        | 64        |
|    fps             | 22        |
|    time_elapsed    | 2824      |
|    total_timesteps | 64000     |
| train/             |           |
|    actor_loss      | -7.35e+04 |
|    critic_loss     | 2.28e+05  |
|    ent_coef        | 61.8      |
|    ent_coef_loss   | -77.5     |
|    learning_rate   | 0.0001    |
|    n_updates       | 63899     |
|    reward          | 2085.917  |
----------------------------------
EPISODE:  66
EPISODE:  67
EPISODE:  68
EPISODE:  69
----------------------------------
| time/              |           |
|    episodes        | 68        |
|    fps             | 22        |
|    time_elapsed    | 3001      |
|    total_timesteps | 68000     |
| train/             |           |
|    actor_loss      | -5.42e+04 |
|    critic_loss     | 2.48e+05  |
|    ent_coef        | 92.2      |
|    ent_coef_loss   | -85.3     |
|    learning_rate   | 0.0001    |
|    n_updates       | 67899     |
|    reward          | 2085.917  |
----------------------------------
EPISODE:  70
EPISODE:  71
EPISODE:  72
EPISODE:  73
----------------------------------
| time/              |           |
|    episodes        | 72        |
|    fps             | 22        |
|    time_elapsed    | 3176      |
|    total_timesteps | 72000     |
| train/             |           |
|    actor_loss      | -2.31e+04 |
|    critic_loss     | 1.77e+05  |
|    ent_coef        | 138       |
|    ent_coef_loss   | -92.7     |
|    learning_rate   | 0.0001    |
|    n_updates       | 71899     |
|    reward          | 2085.917  |
----------------------------------
EPISODE:  74
EPISODE:  75
EPISODE:  76
EPISODE:  77
---------------------------------
| time/              |          |
|    episodes        | 76       |
|    fps             | 22       |
|    time_elapsed    | 3353     |
|    total_timesteps | 76000    |
| train/             |          |
|    actor_loss      | 2.1e+04  |
|    critic_loss     | 1.66e+05 |
|    ent_coef        | 205      |
|    ent_coef_loss   | -99.1    |
|    learning_rate   | 0.0001   |
|    n_updates       | 75899    |
|    reward          | 2085.917 |
---------------------------------
EPISODE:  78
EPISODE:  79
EPISODE:  80
EPISODE:  81
---------------------------------
| time/              |          |
|    episodes        | 80       |
|    fps             | 22       |
|    time_elapsed    | 3531     |
|    total_timesteps | 80000    |
| train/             |          |
|    actor_loss      | 9.01e+04 |
|    critic_loss     | 4.49e+05 |
|    ent_coef        | 306      |
|    ent_coef_loss   | -107     |
|    learning_rate   | 0.0001   |
|    n_updates       | 79899    |
|    reward          | 2085.917 |
---------------------------------
EPISODE:  82
EPISODE:  83
EPISODE:  84
EPISODE:  85
---------------------------------
| time/              |          |
|    episodes        | 84       |
|    fps             | 22       |
|    time_elapsed    | 3707     |
|    total_timesteps | 84000    |
| train/             |          |
|    actor_loss      | 1.95e+05 |
|    critic_loss     | 1.22e+06 |
|    ent_coef        | 457      |
|    ent_coef_loss   | -116     |
|    learning_rate   | 0.0001   |
|    n_updates       | 83899    |
|    reward          | 2085.917 |
---------------------------------
EPISODE:  86
EPISODE:  87
EPISODE:  88
EPISODE:  89
---------------------------------
| time/              |          |
|    episodes        | 88       |
|    fps             | 22       |
|    time_elapsed    | 3882     |
|    total_timesteps | 88000    |
| train/             |          |
|    actor_loss      | 3.43e+05 |
|    critic_loss     | 5.84e+08 |
|    ent_coef        | 682      |
|    ent_coef_loss   | -122     |
|    learning_rate   | 0.0001   |
|    n_updates       | 87899    |
|    reward          | 2085.917 |
---------------------------------
EPISODE:  90
EPISODE:  91
EPISODE:  92
EPISODE:  93
---------------------------------
| time/              |          |
|    episodes        | 92       |
|    fps             | 22       |
|    time_elapsed    | 4058     |
|    total_timesteps | 92000    |
| train/             |          |
|    actor_loss      | 5.77e+05 |
|    critic_loss     | 5.03e+06 |
|    ent_coef        | 1.02e+03 |
|    ent_coef_loss   | -131     |
|    learning_rate   | 0.0001   |
|    n_updates       | 91899    |
|    reward          | 2085.917 |
---------------------------------
EPISODE:  94
EPISODE:  95
EPISODE:  96
EPISODE:  97
---------------------------------
| time/              |          |
|    episodes        | 96       |
|    fps             | 22       |
|    time_elapsed    | 4232     |
|    total_timesteps | 96000    |
| train/             |          |
|    actor_loss      | 9.13e+05 |
|    critic_loss     | 1.02e+07 |
|    ent_coef        | 1.52e+03 |
|    ent_coef_loss   | -137     |
|    learning_rate   | 0.0001   |
|    n_updates       | 95899    |
|    reward          | 2085.917 |
---------------------------------
EPISODE:  98
EPISODE:  99
EPISODE:  100
EPISODE:  101
---------------------------------
| time/              |          |
|    episodes        | 100      |
|    fps             | 22       |
|    time_elapsed    | 4407     |
|    total_timesteps | 100000   |
| train/             |          |
|    actor_loss      | 1.42e+06 |
|    critic_loss     | 2.74e+07 |
|    ent_coef        | 2.27e+03 |
|    ent_coef_loss   | -145     |
|    learning_rate   | 0.0001   |
|    n_updates       | 99899    |
|    reward          | 2085.917 |
---------------------------------
EPISODE:  102
EPISODE:  103
EPISODE:  104
EPISODE:  105
---------------------------------
| time/              |          |
|    episodes        | 104      |
|    fps             | 22       |
|    time_elapsed    | 4584     |
|    total_timesteps | 104000   |
| train/             |          |
|    actor_loss      | 2.16e+06 |
|    critic_loss     | 8.16e+07 |
|    ent_coef        | 3.38e+03 |
|    ent_coef_loss   | -153     |
|    learning_rate   | 0.0001   |
|    n_updates       | 103899   |
|    reward          | 2085.917 |
---------------------------------
EPISODE:  106
EPISODE:  107
EPISODE:  108
EPISODE:  109
---------------------------------
| time/              |          |
|    episodes        | 108      |
|    fps             | 22       |
|    time_elapsed    | 4761     |
|    total_timesteps | 108000   |
| train/             |          |
|    actor_loss      | 3.26e+06 |
|    critic_loss     | 1.95e+08 |
|    ent_coef        | 5.05e+03 |
|    ent_coef_loss   | -161     |
|    learning_rate   | 0.0001   |
|    n_updates       | 107899   |
|    reward          | 2085.917 |
---------------------------------
EPISODE:  110
EPISODE:  111
EPISODE:  112
EPISODE:  113
---------------------------------
| time/              |          |
|    episodes        | 112      |
|    fps             | 22       |
|    time_elapsed    | 4935     |
|    total_timesteps | 112000   |
| train/             |          |
|    actor_loss      | 4.93e+06 |
|    critic_loss     | 1.79e+11 |
|    ent_coef        | 7.54e+03 |
|    ent_coef_loss   | -167     |
|    learning_rate   | 0.0001   |
|    n_updates       | 111899   |
|    reward          | 2085.917 |
---------------------------------
EPISODE:  114
EPISODE:  115
EPISODE:  116
EPISODE:  117
---------------------------------
| time/              |          |
|    episodes        | 116      |
|    fps             | 22       |
|    time_elapsed    | 5110     |
|    total_timesteps | 116000   |
| train/             |          |
|    actor_loss      | 7.34e+06 |
|    critic_loss     | 8.45e+11 |
|    ent_coef        | 1.12e+04 |
|    ent_coef_loss   | -176     |
|    learning_rate   | 0.0001   |
|    n_updates       | 115899   |
|    reward          | 2085.917 |
---------------------------------
EPISODE:  118
EPISODE:  119
EPISODE:  120
EPISODE:  121
---------------------------------
| time/              |          |
|    episodes        | 120      |
|    fps             | 22       |
|    time_elapsed    | 5287     |
|    total_timesteps | 120000   |
| train/             |          |
|    actor_loss      | 1.09e+07 |
|    critic_loss     | 4.05e+09 |
|    ent_coef        | 1.68e+04 |
|    ent_coef_loss   | -183     |
|    learning_rate   | 0.0001   |
|    n_updates       | 119899   |
|    reward          | 2085.917 |
---------------------------------
EPISODE:  122
EPISODE:  123
EPISODE:  124
EPISODE:  125
---------------------------------
| time/              |          |
|    episodes        | 124      |
|    fps             | 22       |
|    time_elapsed    | 5463     |
|    total_timesteps | 124000   |
| train/             |          |
|    actor_loss      | 1.6e+07  |
|    critic_loss     | 1.64e+10 |
|    ent_coef        | 2.51e+04 |
|    ent_coef_loss   | -190     |
|    learning_rate   | 0.0001   |
|    n_updates       | 123899   |
|    reward          | 2085.917 |
---------------------------------
EPISODE:  126
EPISODE:  127
EPISODE:  128
EPISODE:  129
---------------------------------
| time/              |          |
|    episodes        | 128      |
|    fps             | 22       |
|    time_elapsed    | 5638     |
|    total_timesteps | 128000   |
| train/             |          |
|    actor_loss      | 2.34e+07 |
|    critic_loss     | 5.31e+10 |
|    ent_coef        | 3.74e+04 |
|    ent_coef_loss   | -198     |
|    learning_rate   | 0.0001   |
|    n_updates       | 127899   |
|    reward          | 2085.917 |
---------------------------------
EPISODE:  130
EPISODE:  131
EPISODE:  132
EPISODE:  133
---------------------------------
| time/              |          |
|    episodes        | 132      |
|    fps             | 22       |
|    time_elapsed    | 5810     |
|    total_timesteps | 132000   |
| train/             |          |
|    actor_loss      | 3.44e+07 |
|    critic_loss     | 1.54e+11 |
|    ent_coef        | 5.58e+04 |
|    ent_coef_loss   | -205     |
|    learning_rate   | 0.0001   |
|    n_updates       | 131899   |
|    reward          | 2085.917 |
---------------------------------
EPISODE:  134
EPISODE:  135
EPISODE:  136
EPISODE:  137
---------------------------------
| time/              |          |
|    episodes        | 136      |
|    fps             | 22       |
|    time_elapsed    | 5987     |
|    total_timesteps | 136000   |
| train/             |          |
|    actor_loss      | 4.97e+07 |
|    critic_loss     | 5.67e+11 |
|    ent_coef        | 8.33e+04 |
|    ent_coef_loss   | -214     |
|    learning_rate   | 0.0001   |
|    n_updates       | 135899   |
|    reward          | 2085.917 |
---------------------------------
EPISODE:  138
EPISODE:  139
EPISODE:  140
EPISODE:  141
---------------------------------
| time/              |          |
|    episodes        | 140      |
|    fps             | 22       |
|    time_elapsed    | 6165     |
|    total_timesteps | 140000   |
| train/             |          |
|    actor_loss      | 7.08e+07 |
|    critic_loss     | 1.79e+12 |
|    ent_coef        | 1.24e+05 |
|    ent_coef_loss   | -221     |
|    learning_rate   | 0.0001   |
|    n_updates       | 139899   |
|    reward          | 2085.917 |
---------------------------------
EPISODE:  142
EPISODE:  143
EPISODE:  144
EPISODE:  145
---------------------------------
| time/              |          |
|    episodes        | 144      |
|    fps             | 22       |
|    time_elapsed    | 6341     |
|    total_timesteps | 144000   |
| train/             |          |
|    actor_loss      | 1e+08    |
|    critic_loss     | 6.37e+12 |
|    ent_coef        | 1.86e+05 |
|    ent_coef_loss   | -228     |
|    learning_rate   | 0.0001   |
|    n_updates       | 143899   |
|    reward          | 2085.917 |
---------------------------------
EPISODE:  146
EPISODE:  147
EPISODE:  148
EPISODE:  149
---------------------------------
| time/              |          |
|    episodes        | 148      |
|    fps             | 22       |
|    time_elapsed    | 6516     |
|    total_timesteps | 148000   |
| train/             |          |
|    actor_loss      | 1.4e+08  |
|    critic_loss     | 2.45e+13 |
|    ent_coef        | 2.77e+05 |
|    ent_coef_loss   | -237     |
|    learning_rate   | 0.0001   |
|    n_updates       | 147899   |
|    reward          | 2085.917 |
---------------------------------
EPISODE:  150
EPISODE:  151
EPISODE:  152
EPISODE:  153
---------------------------------
| time/              |          |
|    episodes        | 152      |
|    fps             | 22       |
|    time_elapsed    | 6693     |
|    total_timesteps | 152000   |
| train/             |          |
|    actor_loss      | 1.93e+08 |
|    critic_loss     | 8.84e+13 |
|    ent_coef        | 4.14e+05 |
|    ent_coef_loss   | -243     |
|    learning_rate   | 0.0001   |
|    n_updates       | 151899   |
|    reward          | 2085.917 |
---------------------------------
EPISODE:  154
EPISODE:  155
EPISODE:  156
EPISODE:  157
---------------------------------
| time/              |          |
|    episodes        | 156      |
|    fps             | 22       |
|    time_elapsed    | 6870     |
|    total_timesteps | 156000   |
| train/             |          |
|    actor_loss      | 2.52e+08 |
|    critic_loss     | 3.15e+14 |
|    ent_coef        | 6.17e+05 |
|    ent_coef_loss   | -250     |
|    learning_rate   | 0.0001   |
|    n_updates       | 155899   |
|    reward          | 2085.917 |
---------------------------------
EPISODE:  158
EPISODE:  159
EPISODE:  160
EPISODE:  161
---------------------------------
| time/              |          |
|    episodes        | 160      |
|    fps             | 22       |
|    time_elapsed    | 7045     |
|    total_timesteps | 160000   |
| train/             |          |
|    actor_loss      | 3.36e+08 |
|    critic_loss     | 9.65e+14 |
|    ent_coef        | 9.22e+05 |
|    ent_coef_loss   | -258     |
|    learning_rate   | 0.0001   |
|    n_updates       | 159899   |
|    reward          | 2085.917 |
---------------------------------
EPISODE:  162
EPISODE:  163
EPISODE:  164
EPISODE:  165
---------------------------------
| time/              |          |
|    episodes        | 164      |
|    fps             | 22       |
|    time_elapsed    | 7217     |
|    total_timesteps | 164000   |
| train/             |          |
|    actor_loss      | 4.35e+08 |
|    critic_loss     | 2.57e+15 |
|    ent_coef        | 1.38e+06 |
|    ent_coef_loss   | -265     |
|    learning_rate   | 0.0001   |
|    n_updates       | 163899   |
|    reward          | 2085.917 |
---------------------------------
EPISODE:  166
EPISODE:  167
EPISODE:  168
EPISODE:  169
---------------------------------
| time/              |          |
|    episodes        | 168      |
|    fps             | 22       |
|    time_elapsed    | 7393     |
|    total_timesteps | 168000   |
| train/             |          |
|    actor_loss      | 5.33e+08 |
|    critic_loss     | 5.95e+15 |
|    ent_coef        | 2.05e+06 |
|    ent_coef_loss   | -274     |
|    learning_rate   | 0.0001   |
|    n_updates       | 167899   |
|    reward          | 2085.917 |
---------------------------------
EPISODE:  170
EPISODE:  171
EPISODE:  172
EPISODE:  173
---------------------------------
| time/              |          |
|    episodes        | 172      |
|    fps             | 22       |
|    time_elapsed    | 7568     |
|    total_timesteps | 172000   |
| train/             |          |
|    actor_loss      | 6.97e+08 |
|    critic_loss     | 1.41e+16 |
|    ent_coef        | 3.06e+06 |
|    ent_coef_loss   | -280     |
|    learning_rate   | 0.0001   |
|    n_updates       | 171899   |
|    reward          | 2085.917 |
---------------------------------
EPISODE:  174
EPISODE:  175
EPISODE:  176
EPISODE:  177
---------------------------------
| time/              |          |
|    episodes        | 176      |
|    fps             | 22       |
|    time_elapsed    | 7745     |
|    total_timesteps | 176000   |
| train/             |          |
|    actor_loss      | 8.64e+08 |
|    critic_loss     | 2.93e+16 |
|    ent_coef        | 4.57e+06 |
|    ent_coef_loss   | -288     |
|    learning_rate   | 0.0001   |
|    n_updates       | 175899   |
|    reward          | 2085.917 |
---------------------------------
EPISODE:  178
EPISODE:  179
EPISODE:  180
EPISODE:  181
---------------------------------
| time/              |          |
|    episodes        | 180      |
|    fps             | 22       |
|    time_elapsed    | 7923     |
|    total_timesteps | 180000   |
| train/             |          |
|    actor_loss      | 1.03e+09 |
|    critic_loss     | 5.64e+16 |
|    ent_coef        | 6.83e+06 |
|    ent_coef_loss   | -296     |
|    learning_rate   | 0.0001   |
|    n_updates       | 179899   |
|    reward          | 2085.917 |
---------------------------------
EPISODE:  182
EPISODE:  183
EPISODE:  184
EPISODE:  185
---------------------------------
| time/              |          |
|    episodes        | 184      |
|    fps             | 22       |
|    time_elapsed    | 8100     |
|    total_timesteps | 184000   |
| train/             |          |
|    actor_loss      | 1.31e+09 |
|    critic_loss     | 1.15e+17 |
|    ent_coef        | 1.02e+07 |
|    ent_coef_loss   | -301     |
|    learning_rate   | 0.0001   |
|    n_updates       | 183899   |
|    reward          | 2085.917 |
---------------------------------
EPISODE:  186
EPISODE:  187
EPISODE:  188
EPISODE:  189
---------------------------------
| time/              |          |
|    episodes        | 188      |
|    fps             | 22       |
|    time_elapsed    | 8276     |
|    total_timesteps | 188000   |
| train/             |          |
|    actor_loss      | 1.54e+09 |
|    critic_loss     | 2.12e+17 |
|    ent_coef        | 1.51e+07 |
|    ent_coef_loss   | -313     |
|    learning_rate   | 0.0001   |
|    n_updates       | 187899   |
|    reward          | 2085.917 |
---------------------------------
EPISODE:  190
EPISODE:  191
EPISODE:  192
EPISODE:  193
---------------------------------
| time/              |          |
|    episodes        | 192      |
|    fps             | 22       |
|    time_elapsed    | 8455     |
|    total_timesteps | 192000   |
| train/             |          |
|    actor_loss      | 1.94e+09 |
|    critic_loss     | 4.23e+17 |
|    ent_coef        | 2.25e+07 |
|    ent_coef_loss   | -319     |
|    learning_rate   | 0.0001   |
|    n_updates       | 191899   |
|    reward          | 2085.917 |
---------------------------------
EPISODE:  194
EPISODE:  195
EPISODE:  196
EPISODE:  197
---------------------------------
| time/              |          |
|    episodes        | 196      |
|    fps             | 22       |
|    time_elapsed    | 8631     |
|    total_timesteps | 196000   |
| train/             |          |
|    actor_loss      | 2.38e+09 |
|    critic_loss     | 8.3e+17  |
|    ent_coef        | 3.35e+07 |
|    ent_coef_loss   | -326     |
|    learning_rate   | 0.0001   |
|    n_updates       | 195899   |
|    reward          | 2085.917 |
---------------------------------
EPISODE:  198
EPISODE:  199
EPISODE:  200
EPISODE:  201
---------------------------------
| time/              |          |
|    episodes        | 200      |
|    fps             | 22       |
|    time_elapsed    | 8808     |
|    total_timesteps | 200000   |
| train/             |          |
|    actor_loss      | 3.02e+09 |
|    critic_loss     | 1.72e+18 |
|    ent_coef        | 4.99e+07 |
|    ent_coef_loss   | -334     |
|    learning_rate   | 0.0001   |
|    n_updates       | 199899   |
|    reward          | 2085.917 |
---------------------------------
EPISODE:  202
EPISODE:  203
EPISODE:  204
EPISODE:  205
---------------------------------
| time/              |          |
|    episodes        | 204      |
|    fps             | 22       |
|    time_elapsed    | 8982     |
|    total_timesteps | 204000   |
| train/             |          |
|    actor_loss      | 3.8e+09  |
|    critic_loss     | 3.51e+18 |
|    ent_coef        | 7.43e+07 |
|    ent_coef_loss   | -340     |
|    learning_rate   | 0.0001   |
|    n_updates       | 203899   |
|    reward          | 2085.917 |
---------------------------------
EPISODE:  206
EPISODE:  207
EPISODE:  208
EPISODE:  209
---------------------------------
| time/              |          |
|    episodes        | 208      |
|    fps             | 22       |
|    time_elapsed    | 9160     |
|    total_timesteps | 208000   |
| train/             |          |
|    actor_loss      | 4.84e+09 |
|    critic_loss     | 6.97e+18 |
|    ent_coef        | 1.11e+08 |
|    ent_coef_loss   | -348     |
|    learning_rate   | 0.0001   |
|    n_updates       | 207899   |
|    reward          | 2085.917 |
---------------------------------
EPISODE:  210
EPISODE:  211
EPISODE:  212
EPISODE:  213
---------------------------------
| time/              |          |
|    episodes        | 212      |
|    fps             | 22       |
|    time_elapsed    | 9332     |
|    total_timesteps | 212000   |
| train/             |          |
|    actor_loss      | 6.21e+09 |
|    critic_loss     | 1.42e+19 |
|    ent_coef        | 1.65e+08 |
|    ent_coef_loss   | -357     |
|    learning_rate   | 0.0001   |
|    n_updates       | 211899   |
|    reward          | 2085.917 |
---------------------------------
EPISODE:  214
EPISODE:  215
EPISODE:  216
EPISODE:  217
---------------------------------
| time/              |          |
|    episodes        | 216      |
|    fps             | 22       |
|    time_elapsed    | 9509     |
|    total_timesteps | 216000   |
| train/             |          |
|    actor_loss      | 8.27e+09 |
|    critic_loss     | 2.98e+19 |
|    ent_coef        | 2.45e+08 |
|    ent_coef_loss   | -365     |
|    learning_rate   | 0.0001   |
|    n_updates       | 215899   |
|    reward          | 2085.917 |
---------------------------------
EPISODE:  218
EPISODE:  219
EPISODE:  220
EPISODE:  221
---------------------------------
| time/              |          |
|    episodes        | 220      |
|    fps             | 22       |
|    time_elapsed    | 9678     |
|    total_timesteps | 220000   |
| train/             |          |
|    actor_loss      | 1.12e+10 |
|    critic_loss     | 6.42e+19 |
|    ent_coef        | 3.64e+08 |
|    ent_coef_loss   | -373     |
|    learning_rate   | 0.0001   |
|    n_updates       | 219899   |
|    reward          | 2085.917 |
---------------------------------
EPISODE:  222
EPISODE:  223
EPISODE:  224
EPISODE:  225
---------------------------------
| time/              |          |
|    episodes        | 224      |
|    fps             | 22       |
|    time_elapsed    | 9855     |
|    total_timesteps | 224000   |
| train/             |          |
|    actor_loss      | 1.52e+10 |
|    critic_loss     | 1.35e+20 |
|    ent_coef        | 5.42e+08 |
|    ent_coef_loss   | -378     |
|    learning_rate   | 0.0001   |
|    n_updates       | 223899   |
|    reward          | 2085.917 |
---------------------------------
EPISODE:  226
EPISODE:  227
EPISODE:  228
EPISODE:  229
---------------------------------
| time/              |          |
|    episodes        | 228      |
|    fps             | 22       |
|    time_elapsed    | 10031    |
|    total_timesteps | 228000   |
| train/             |          |
|    actor_loss      | 2.11e+10 |
|    critic_loss     | 2.97e+20 |
|    ent_coef        | 8.07e+08 |
|    ent_coef_loss   | -384     |
|    learning_rate   | 0.0001   |
|    n_updates       | 227899   |
|    reward          | 2085.917 |
---------------------------------
EPISODE:  230
EPISODE:  231
EPISODE:  232
EPISODE:  233
---------------------------------
| time/              |          |
|    episodes        | 232      |
|    fps             | 22       |
|    time_elapsed    | 10205    |
|    total_timesteps | 232000   |
| train/             |          |
|    actor_loss      | 2.97e+10 |
|    critic_loss     | 6.51e+20 |
|    ent_coef        | 1.2e+09  |
|    ent_coef_loss   | -392     |
|    learning_rate   | 0.0001   |
|    n_updates       | 231899   |
|    reward          | 2085.917 |
---------------------------------
EPISODE:  234
EPISODE:  235
EPISODE:  236
EPISODE:  237
---------------------------------
| time/              |          |
|    episodes        | 236      |
|    fps             | 22       |
|    time_elapsed    | 10378    |
|    total_timesteps | 236000   |
| train/             |          |
|    actor_loss      | 4.24e+10 |
|    critic_loss     | 1.41e+21 |
|    ent_coef        | 1.79e+09 |
|    ent_coef_loss   | -400     |
|    learning_rate   | 0.0001   |
|    n_updates       | 235899   |
|    reward          | 2085.917 |
---------------------------------
EPISODE:  238
EPISODE:  239
EPISODE:  240
EPISODE:  241
---------------------------------
| time/              |          |
|    episodes        | 240      |
|    fps             | 22       |
|    time_elapsed    | 10552    |
|    total_timesteps | 240000   |
| train/             |          |
|    actor_loss      | 6.12e+10 |
|    critic_loss     | 3.07e+21 |
|    ent_coef        | 2.66e+09 |
|    ent_coef_loss   | -410     |
|    learning_rate   | 0.0001   |
|    n_updates       | 239899   |
|    reward          | 2085.917 |
---------------------------------
EPISODE:  242
EPISODE:  243
EPISODE:  244
EPISODE:  245
---------------------------------
| time/              |          |
|    episodes        | 244      |
|    fps             | 22       |
|    time_elapsed    | 10729    |
|    total_timesteps | 244000   |
| train/             |          |
|    actor_loss      | 8.88e+10 |
|    critic_loss     | 6.78e+21 |
|    ent_coef        | 3.96e+09 |
|    ent_coef_loss   | -416     |
|    learning_rate   | 0.0001   |
|    n_updates       | 243899   |
|    reward          | 2085.917 |
---------------------------------
EPISODE:  246
EPISODE:  247
EPISODE:  248
EPISODE:  249
---------------------------------
| time/              |          |
|    episodes        | 248      |
|    fps             | 22       |
|    time_elapsed    | 10908    |
|    total_timesteps | 248000   |
| train/             |          |
|    actor_loss      | 1.3e+11  |
|    critic_loss     | 1.48e+22 |
|    ent_coef        | 5.89e+09 |
|    ent_coef_loss   | -426     |
|    learning_rate   | 0.0001   |
|    n_updates       | 247899   |
|    reward          | 2085.917 |
---------------------------------
EPISODE:  250
EPISODE:  251
EPISODE:  252
EPISODE:  253
---------------------------------
| time/              |          |
|    episodes        | 252      |
|    fps             | 22       |
|    time_elapsed    | 11086    |
|    total_timesteps | 252000   |
| train/             |          |
|    actor_loss      | 1.91e+11 |
|    critic_loss     | 3.36e+22 |
|    ent_coef        | 8.76e+09 |
|    ent_coef_loss   | -433     |
|    learning_rate   | 0.0001   |
|    n_updates       | 251899   |
|    reward          | 2085.917 |
---------------------------------
EPISODE:  254
EPISODE:  255
EPISODE:  256
EPISODE:  257
---------------------------------
| time/              |          |
|    episodes        | 256      |
|    fps             | 22       |
|    time_elapsed    | 11266    |
|    total_timesteps | 256000   |
| train/             |          |
|    actor_loss      | 2.79e+11 |
|    critic_loss     | 7.19e+22 |
|    ent_coef        | 1.3e+10  |
|    ent_coef_loss   | -437     |
|    learning_rate   | 0.0001   |
|    n_updates       | 255899   |
|    reward          | 2085.917 |
---------------------------------
EPISODE:  258
EPISODE:  259
EPISODE:  260
EPISODE:  261
---------------------------------
| time/              |          |
|    episodes        | 260      |
|    fps             | 22       |
|    time_elapsed    | 11445    |
|    total_timesteps | 260000   |
| train/             |          |
|    actor_loss      | 4.15e+11 |
|    critic_loss     | 1.63e+23 |
|    ent_coef        | 1.94e+10 |
|    ent_coef_loss   | -448     |
|    learning_rate   | 0.0001   |
|    n_updates       | 259899   |
|    reward          | 2085.917 |
---------------------------------
EPISODE:  262
EPISODE:  263
EPISODE:  264
EPISODE:  265
---------------------------------
| time/              |          |
|    episodes        | 264      |
|    fps             | 22       |
|    time_elapsed    | 11626    |
|    total_timesteps | 264000   |
| train/             |          |
|    actor_loss      | 6.06e+11 |
|    critic_loss     | 3.55e+23 |
|    ent_coef        | 2.89e+10 |
|    ent_coef_loss   | -450     |
|    learning_rate   | 0.0001   |
|    n_updates       | 263899   |
|    reward          | 2085.917 |
---------------------------------
EPISODE:  266
EPISODE:  267
EPISODE:  268
EPISODE:  269
---------------------------------
| time/              |          |
|    episodes        | 268      |
|    fps             | 22       |
|    time_elapsed    | 11799    |
|    total_timesteps | 268000   |
| train/             |          |
|    actor_loss      | 9.07e+11 |
|    critic_loss     | 7.74e+23 |
|    ent_coef        | 4.29e+10 |
|    ent_coef_loss   | -462     |
|    learning_rate   | 0.0001   |
|    n_updates       | 267899   |
|    reward          | 2085.917 |
---------------------------------
EPISODE:  270
EPISODE:  271
EPISODE:  272
EPISODE:  273
---------------------------------
| time/              |          |
|    episodes        | 272      |
|    fps             | 22       |
|    time_elapsed    | 11976    |
|    total_timesteps | 272000   |
| train/             |          |
|    actor_loss      | 1.33e+12 |
|    critic_loss     | 1.75e+24 |
|    ent_coef        | 6.39e+10 |
|    ent_coef_loss   | -465     |
|    learning_rate   | 0.0001   |
|    n_updates       | 271899   |
|    reward          | 2085.917 |
---------------------------------
EPISODE:  274
EPISODE:  275
EPISODE:  276
EPISODE:  277
---------------------------------
| time/              |          |
|    episodes        | 276      |
|    fps             | 22       |
|    time_elapsed    | 12153    |
|    total_timesteps | 276000   |
| train/             |          |
|    actor_loss      | 1.98e+12 |
|    critic_loss     | 3.87e+24 |
|    ent_coef        | 9.51e+10 |
|    ent_coef_loss   | -473     |
|    learning_rate   | 0.0001   |
|    n_updates       | 275899   |
|    reward          | 2085.917 |
---------------------------------
EPISODE:  278
EPISODE:  279
EPISODE:  280
EPISODE:  281
---------------------------------
| time/              |          |
|    episodes        | 280      |
|    fps             | 22       |
|    time_elapsed    | 12331    |
|    total_timesteps | 280000   |
| train/             |          |
|    actor_loss      | 2.95e+12 |
|    critic_loss     | 8.53e+24 |
|    ent_coef        | 1.41e+11 |
|    ent_coef_loss   | -481     |
|    learning_rate   | 0.0001   |
|    n_updates       | 279899   |
|    reward          | 2085.917 |
---------------------------------
EPISODE:  282
EPISODE:  283
EPISODE:  284
EPISODE:  285
---------------------------------
| time/              |          |
|    episodes        | 284      |
|    fps             | 22       |
|    time_elapsed    | 12511    |
|    total_timesteps | 284000   |
| train/             |          |
|    actor_loss      | 4.43e+12 |
|    critic_loss     | 1.88e+25 |
|    ent_coef        | 2.11e+11 |
|    ent_coef_loss   | -495     |
|    learning_rate   | 0.0001   |
|    n_updates       | 283899   |
|    reward          | 2085.917 |
---------------------------------
EPISODE:  286
EPISODE:  287
EPISODE:  288
EPISODE:  289
---------------------------------
| time/              |          |
|    episodes        | 288      |
|    fps             | 22       |
|    time_elapsed    | 12691    |
|    total_timesteps | 288000   |
| train/             |          |
|    actor_loss      | 6.51e+12 |
|    critic_loss     | 4.14e+25 |
|    ent_coef        | 3.13e+11 |
|    ent_coef_loss   | -496     |
|    learning_rate   | 0.0001   |
|    n_updates       | 287899   |
|    reward          | 2085.917 |
---------------------------------
EPISODE:  290
EPISODE:  291
EPISODE:  292
EPISODE:  293
---------------------------------
| time/              |          |
|    episodes        | 292      |
|    fps             | 22       |
|    time_elapsed    | 12870    |
|    total_timesteps | 292000   |
| train/             |          |
|    actor_loss      | 9.72e+12 |
|    critic_loss     | 9.39e+25 |
|    ent_coef        | 4.66e+11 |
|    ent_coef_loss   | -505     |
|    learning_rate   | 0.0001   |
|    n_updates       | 291899   |
|    reward          | 2085.917 |
---------------------------------
EPISODE:  294
EPISODE:  295
EPISODE:  296
EPISODE:  297
---------------------------------
| time/              |          |
|    episodes        | 296      |
|    fps             | 22       |
|    time_elapsed    | 13049    |
|    total_timesteps | 296000   |
| train/             |          |
|    actor_loss      | 1.45e+13 |
|    critic_loss     | 2.06e+26 |
|    ent_coef        | 6.94e+11 |
|    ent_coef_loss   | -513     |
|    learning_rate   | 0.0001   |
|    n_updates       | 295899   |
|    reward          | 2085.917 |
---------------------------------
EPISODE:  298
EPISODE:  299
EPISODE:  300
EPISODE:  301
---------------------------------
| time/              |          |
|    episodes        | 300      |
|    fps             | 22       |
|    time_elapsed    | 13227    |
|    total_timesteps | 300000   |
| train/             |          |
|    actor_loss      | 2.15e+13 |
|    critic_loss     | 4.56e+26 |
|    ent_coef        | 1.03e+12 |
|    ent_coef_loss   | -520     |
|    learning_rate   | 0.0001   |
|    n_updates       | 299899   |
|    reward          | 2085.917 |
---------------------------------
EPISODE:  302
EPISODE:  303
EPISODE:  304
EPISODE:  305
---------------------------------
| time/              |          |
|    episodes        | 304      |
|    fps             | 22       |
|    time_elapsed    | 13404    |
|    total_timesteps | 304000   |
| train/             |          |
|    actor_loss      | 3.18e+13 |
|    critic_loss     | 9.96e+26 |
|    ent_coef        | 1.54e+12 |
|    ent_coef_loss   | -524     |
|    learning_rate   | 0.0001   |
|    n_updates       | 303899   |
|    reward          | 2085.917 |
---------------------------------
EPISODE:  306
EPISODE:  307
EPISODE:  308
EPISODE:  309
---------------------------------
| time/              |          |
|    episodes        | 308      |
|    fps             | 22       |
|    time_elapsed    | 13582    |
|    total_timesteps | 308000   |
| train/             |          |
|    actor_loss      | 4.72e+13 |
|    critic_loss     | 2.22e+27 |
|    ent_coef        | 2.29e+12 |
|    ent_coef_loss   | -530     |
|    learning_rate   | 0.0001   |
|    n_updates       | 307899   |
|    reward          | 2085.917 |
---------------------------------
EPISODE:  310
EPISODE:  311
EPISODE:  312
EPISODE:  313
---------------------------------
| time/              |          |
|    episodes        | 312      |
|    fps             | 22       |
|    time_elapsed    | 13760    |
|    total_timesteps | 312000   |
| train/             |          |
|    actor_loss      | 7.11e+13 |
|    critic_loss     | 4.93e+27 |
|    ent_coef        | 3.4e+12  |
|    ent_coef_loss   | -545     |
|    learning_rate   | 0.0001   |
|    n_updates       | 311899   |
|    reward          | 2085.917 |
---------------------------------
EPISODE:  314
EPISODE:  315
EPISODE:  316
EPISODE:  317
---------------------------------
| time/              |          |
|    episodes        | 316      |
|    fps             | 22       |
|    time_elapsed    | 13938    |
|    total_timesteps | 316000   |
| train/             |          |
|    actor_loss      | 1.06e+14 |
|    critic_loss     | 1.09e+28 |
|    ent_coef        | 5.06e+12 |
|    ent_coef_loss   | -554     |
|    learning_rate   | 0.0001   |
|    n_updates       | 315899   |
|    reward          | 2085.917 |
---------------------------------
EPISODE:  318
EPISODE:  319
EPISODE:  320
EPISODE:  321
---------------------------------
| time/              |          |
|    episodes        | 320      |
|    fps             | 22       |
|    time_elapsed    | 14112    |
|    total_timesteps | 320000   |
| train/             |          |
|    actor_loss      | 1.57e+14 |
|    critic_loss     | 2.4e+28  |
|    ent_coef        | 7.53e+12 |
|    ent_coef_loss   | -558     |
|    learning_rate   | 0.0001   |
|    n_updates       | 319899   |
|    reward          | 2085.917 |
---------------------------------
EPISODE:  322
EPISODE:  323
EPISODE:  324
EPISODE:  325
---------------------------------
| time/              |          |
|    episodes        | 324      |
|    fps             | 22       |
|    time_elapsed    | 14290    |
|    total_timesteps | 324000   |
| train/             |          |
|    actor_loss      | 2.32e+14 |
|    critic_loss     | 5.37e+28 |
|    ent_coef        | 1.12e+13 |
|    ent_coef_loss   | -563     |
|    learning_rate   | 0.0001   |
|    n_updates       | 323899   |
|    reward          | 2085.917 |
---------------------------------
EPISODE:  326
EPISODE:  327
EPISODE:  328
EPISODE:  329
---------------------------------
| time/              |          |
|    episodes        | 328      |
|    fps             | 22       |
|    time_elapsed    | 14464    |
|    total_timesteps | 328000   |
| train/             |          |
|    actor_loss      | 3.47e+14 |
|    critic_loss     | 1.19e+29 |
|    ent_coef        | 1.67e+13 |
|    ent_coef_loss   | -572     |
|    learning_rate   | 0.0001   |
|    n_updates       | 327899   |
|    reward          | 2085.917 |
---------------------------------
EPISODE:  330
EPISODE:  331
EPISODE:  332
EPISODE:  333
---------------------------------
| time/              |          |
|    episodes        | 332      |
|    fps             | 22       |
|    time_elapsed    | 14640    |
|    total_timesteps | 332000   |
| train/             |          |
|    actor_loss      | 5.16e+14 |
|    critic_loss     | 2.62e+29 |
|    ent_coef        | 2.48e+13 |
|    ent_coef_loss   | -579     |
|    learning_rate   | 0.0001   |
|    n_updates       | 331899   |
|    reward          | 2085.917 |
---------------------------------
EPISODE:  334
EPISODE:  335
EPISODE:  336
EPISODE:  337
---------------------------------
| time/              |          |
|    episodes        | 336      |
|    fps             | 22       |
|    time_elapsed    | 14818    |
|    total_timesteps | 336000   |
| train/             |          |
|    actor_loss      | 7.67e+14 |
|    critic_loss     | 5.81e+29 |
|    ent_coef        | 3.69e+13 |
|    ent_coef_loss   | -587     |
|    learning_rate   | 0.0001   |
|    n_updates       | 335899   |
|    reward          | 2085.917 |
---------------------------------
EPISODE:  338
EPISODE:  339
EPISODE:  340
EPISODE:  341
---------------------------------
| time/              |          |
|    episodes        | 340      |
|    fps             | 22       |
|    time_elapsed    | 14997    |
|    total_timesteps | 340000   |
| train/             |          |
|    actor_loss      | 1.14e+15 |
|    critic_loss     | 1.28e+30 |
|    ent_coef        | 5.49e+13 |
|    ent_coef_loss   | -593     |
|    learning_rate   | 0.0001   |
|    n_updates       | 339899   |
|    reward          | 2085.917 |
---------------------------------
EPISODE:  342
EPISODE:  343
EPISODE:  344
EPISODE:  345
---------------------------------
| time/              |          |
|    episodes        | 344      |
|    fps             | 22       |
|    time_elapsed    | 15174    |
|    total_timesteps | 344000   |
| train/             |          |
|    actor_loss      | 1.69e+15 |
|    critic_loss     | 2.82e+30 |
|    ent_coef        | 8.18e+13 |
|    ent_coef_loss   | -600     |
|    learning_rate   | 0.0001   |
|    n_updates       | 343899   |
|    reward          | 2085.917 |
---------------------------------
EPISODE:  346
EPISODE:  347
EPISODE:  348
EPISODE:  349
---------------------------------
| time/              |          |
|    episodes        | 348      |
|    fps             | 22       |
|    time_elapsed    | 15351    |
|    total_timesteps | 348000   |
| train/             |          |
|    actor_loss      | 2.53e+15 |
|    critic_loss     | 6.32e+30 |
|    ent_coef        | 1.22e+14 |
|    ent_coef_loss   | -611     |
|    learning_rate   | 0.0001   |
|    n_updates       | 347899   |
|    reward          | 2085.917 |
---------------------------------
EPISODE:  350
EPISODE:  351
EPISODE:  352
EPISODE:  353
---------------------------------
| time/              |          |
|    episodes        | 352      |
|    fps             | 22       |
|    time_elapsed    | 15529    |
|    total_timesteps | 352000   |
| train/             |          |
|    actor_loss      | 3.78e+15 |
|    critic_loss     | 1.39e+31 |
|    ent_coef        | 1.81e+14 |
|    ent_coef_loss   | -621     |
|    learning_rate   | 0.0001   |
|    n_updates       | 351899   |
|    reward          | 2085.917 |
---------------------------------
EPISODE:  354
EPISODE:  355
EPISODE:  356
EPISODE:  357
---------------------------------
| time/              |          |
|    episodes        | 356      |
|    fps             | 22       |
|    time_elapsed    | 15707    |
|    total_timesteps | 356000   |
| train/             |          |
|    actor_loss      | 5.58e+15 |
|    critic_loss     | 3.06e+31 |
|    ent_coef        | 2.69e+14 |
|    ent_coef_loss   | -623     |
|    learning_rate   | 0.0001   |
|    n_updates       | 355899   |
|    reward          | 2085.917 |
---------------------------------
EPISODE:  358
EPISODE:  359
EPISODE:  360
EPISODE:  361
---------------------------------
| time/              |          |
|    episodes        | 360      |
|    fps             | 22       |
|    time_elapsed    | 15883    |
|    total_timesteps | 360000   |
| train/             |          |
|    actor_loss      | 8.27e+15 |
|    critic_loss     | 6.87e+31 |
|    ent_coef        | 4e+14    |
|    ent_coef_loss   | -629     |
|    learning_rate   | 0.0001   |
|    n_updates       | 359899   |
|    reward          | 2085.917 |
---------------------------------
EPISODE:  362
EPISODE:  363
EPISODE:  364
EPISODE:  365
---------------------------------
| time/              |          |
|    episodes        | 364      |
|    fps             | 22       |
|    time_elapsed    | 16060    |
|    total_timesteps | 364000   |
| train/             |          |
|    actor_loss      | 1.25e+16 |
|    critic_loss     | 1.52e+32 |
|    ent_coef        | 5.94e+14 |
|    ent_coef_loss   | -648     |
|    learning_rate   | 0.0001   |
|    n_updates       | 363899   |
|    reward          | 2085.917 |
---------------------------------
EPISODE:  366
EPISODE:  367
EPISODE:  368
EPISODE:  369
---------------------------------
| time/              |          |
|    episodes        | 368      |
|    fps             | 22       |
|    time_elapsed    | 16238    |
|    total_timesteps | 368000   |
| train/             |          |
|    actor_loss      | 1.84e+16 |
|    critic_loss     | 3.32e+32 |
|    ent_coef        | 8.84e+14 |
|    ent_coef_loss   | -647     |
|    learning_rate   | 0.0001   |
|    n_updates       | 367899   |
|    reward          | 2085.917 |
---------------------------------
EPISODE:  370
EPISODE:  371
EPISODE:  372
EPISODE:  373
---------------------------------
| time/              |          |
|    episodes        | 372      |
|    fps             | 22       |
|    time_elapsed    | 16415    |
|    total_timesteps | 372000   |
| train/             |          |
|    actor_loss      | 2.73e+16 |
|    critic_loss     | 7.32e+32 |
|    ent_coef        | 1.31e+15 |
|    ent_coef_loss   | -653     |
|    learning_rate   | 0.0001   |
|    n_updates       | 371899   |
|    reward          | 2085.917 |
---------------------------------
EPISODE:  374
EPISODE:  375
EPISODE:  376
EPISODE:  377
---------------------------------
| time/              |          |
|    episodes        | 376      |
|    fps             | 22       |
|    time_elapsed    | 16591    |
|    total_timesteps | 376000   |
| train/             |          |
|    actor_loss      | 4.08e+16 |
|    critic_loss     | 1.6e+33  |
|    ent_coef        | 1.95e+15 |
|    ent_coef_loss   | -665     |
|    learning_rate   | 0.0001   |
|    n_updates       | 375899   |
|    reward          | 2085.917 |
---------------------------------
EPISODE:  378
EPISODE:  379
EPISODE:  380
EPISODE:  381
---------------------------------
| time/              |          |
|    episodes        | 380      |
|    fps             | 22       |
|    time_elapsed    | 16766    |
|    total_timesteps | 380000   |
| train/             |          |
|    actor_loss      | 6.07e+16 |
|    critic_loss     | 3.62e+33 |
|    ent_coef        | 2.91e+15 |
|    ent_coef_loss   | -673     |
|    learning_rate   | 0.0001   |
|    n_updates       | 379899   |
|    reward          | 2085.917 |
---------------------------------
EPISODE:  382
EPISODE:  383
EPISODE:  384
EPISODE:  385
---------------------------------
| time/              |          |
|    episodes        | 384      |
|    fps             | 22       |
|    time_elapsed    | 16940    |
|    total_timesteps | 384000   |
| train/             |          |
|    actor_loss      | 9.01e+16 |
|    critic_loss     | 7.93e+33 |
|    ent_coef        | 4.32e+15 |
|    ent_coef_loss   | -679     |
|    learning_rate   | 0.0001   |
|    n_updates       | 383899   |
|    reward          | 2085.917 |
---------------------------------
EPISODE:  386
EPISODE:  387
EPISODE:  388
EPISODE:  389
---------------------------------
| time/              |          |
|    episodes        | 388      |
|    fps             | 22       |
|    time_elapsed    | 17117    |
|    total_timesteps | 388000   |
| train/             |          |
|    actor_loss      | 1.33e+17 |
|    critic_loss     | 1.75e+34 |
|    ent_coef        | 6.42e+15 |
|    ent_coef_loss   | -682     |
|    learning_rate   | 0.0001   |
|    n_updates       | 387899   |
|    reward          | 2085.917 |
---------------------------------
EPISODE:  390
EPISODE:  391
EPISODE:  392
EPISODE:  393
---------------------------------
| time/              |          |
|    episodes        | 392      |
|    fps             | 22       |
|    time_elapsed    | 17295    |
|    total_timesteps | 392000   |
| train/             |          |
|    actor_loss      | 1.99e+17 |
|    critic_loss     | 3.82e+34 |
|    ent_coef        | 9.55e+15 |
|    ent_coef_loss   | -694     |
|    learning_rate   | 0.0001   |
|    n_updates       | 391899   |
|    reward          | 2085.917 |
---------------------------------
EPISODE:  394
EPISODE:  395
EPISODE:  396
EPISODE:  397
---------------------------------
| time/              |          |
|    episodes        | 396      |
|    fps             | 22       |
|    time_elapsed    | 17474    |
|    total_timesteps | 396000   |
| train/             |          |
|    actor_loss      | 2.97e+17 |
|    critic_loss     | 8.68e+34 |
|    ent_coef        | 1.42e+16 |
|    ent_coef_loss   | -703     |
|    learning_rate   | 0.0001   |
|    n_updates       | 395899   |
|    reward          | 2085.917 |
---------------------------------
EPISODE:  398
EPISODE:  399
EPISODE:  400
EPISODE:  401
---------------------------------
| time/              |          |
|    episodes        | 400      |
|    fps             | 22       |
|    time_elapsed    | 17650    |
|    total_timesteps | 400000   |
| train/             |          |
|    actor_loss      | 4.39e+17 |
|    critic_loss     | 1.88e+35 |
|    ent_coef        | 2.11e+16 |
|    ent_coef_loss   | -706     |
|    learning_rate   | 0.0001   |
|    n_updates       | 399899   |
|    reward          | 2085.917 |
---------------------------------
EPISODE:  402
EPISODE:  403
EPISODE:  404
EPISODE:  405
---------------------------------
| time/              |          |
|    episodes        | 404      |
|    fps             | 22       |
|    time_elapsed    | 17824    |
|    total_timesteps | 404000   |
| train/             |          |
|    actor_loss      | 6.54e+17 |
|    critic_loss     | 4.19e+35 |
|    ent_coef        | 3.14e+16 |
|    ent_coef_loss   | -715     |
|    learning_rate   | 0.0001   |
|    n_updates       | 403899   |
|    reward          | 2085.917 |
---------------------------------
EPISODE:  406
EPISODE:  407
EPISODE:  408
EPISODE:  409
---------------------------------
| time/              |          |
|    episodes        | 408      |
|    fps             | 22       |
|    time_elapsed    | 18002    |
|    total_timesteps | 408000   |
| train/             |          |
|    actor_loss      | 9.64e+17 |
|    critic_loss     | 9.34e+35 |
|    ent_coef        | 4.67e+16 |
|    ent_coef_loss   | -715     |
|    learning_rate   | 0.0001   |
|    n_updates       | 407899   |
|    reward          | 2085.917 |
---------------------------------
EPISODE:  410
EPISODE:  411
EPISODE:  412
EPISODE:  413
---------------------------------
| time/              |          |
|    episodes        | 412      |
|    fps             | 22       |
|    time_elapsed    | 18179    |
|    total_timesteps | 412000   |
| train/             |          |
|    actor_loss      | 1.45e+18 |
|    critic_loss     | 2.03e+36 |
|    ent_coef        | 6.94e+16 |
|    ent_coef_loss   | -731     |
|    learning_rate   | 0.0001   |
|    n_updates       | 411899   |
|    reward          | 2085.917 |
---------------------------------
EPISODE:  414
EPISODE:  415
EPISODE:  416
EPISODE:  417
---------------------------------
| time/              |          |
|    episodes        | 416      |
|    fps             | 22       |
|    time_elapsed    | 18359    |
|    total_timesteps | 416000   |
| train/             |          |
|    actor_loss      | 2.17e+18 |
|    critic_loss     | inf      |
|    ent_coef        | 1.03e+17 |
|    ent_coef_loss   | -743     |
|    learning_rate   | 0.0001   |
|    n_updates       | 415899   |
|    reward          | 2085.917 |
---------------------------------
EPISODE:  418
EPISODE:  419
EPISODE:  420
EPISODE:  421
---------------------------------
| time/              |          |
|    episodes        | 420      |
|    fps             | 22       |
|    time_elapsed    | 18537    |
|    total_timesteps | 420000   |
| train/             |          |
|    actor_loss      | 3.2e+18  |
|    critic_loss     | inf      |
|    ent_coef        | 1.54e+17 |
|    ent_coef_loss   | -746     |
|    learning_rate   | 0.0001   |
|    n_updates       | 419899   |
|    reward          | 2085.917 |
---------------------------------
EPISODE:  422
EPISODE:  423
EPISODE:  424
EPISODE:  425
---------------------------------
| time/              |          |
|    episodes        | 424      |
|    fps             | 22       |
|    time_elapsed    | 18712    |
|    total_timesteps | 424000   |
| train/             |          |
|    actor_loss      | 4.75e+18 |
|    critic_loss     | inf      |
|    ent_coef        | 2.28e+17 |
|    ent_coef_loss   | -751     |
|    learning_rate   | 0.0001   |
|    n_updates       | 423899   |
|    reward          | 2085.917 |
---------------------------------
EPISODE:  426
EPISODE:  427
EPISODE:  428
EPISODE:  429
---------------------------------
| time/              |          |
|    episodes        | 428      |
|    fps             | 22       |
|    time_elapsed    | 18891    |
|    total_timesteps | 428000   |
| train/             |          |
|    actor_loss      | 7.1e+18  |
|    critic_loss     | inf      |
|    ent_coef        | 3.39e+17 |
|    ent_coef_loss   | -763     |
|    learning_rate   | 0.0001   |
|    n_updates       | 427899   |
|    reward          | 2085.917 |
---------------------------------
EPISODE:  430
EPISODE:  431
EPISODE:  432
EPISODE:  433
---------------------------------
| time/              |          |
|    episodes        | 432      |
|    fps             | 22       |
|    time_elapsed    | 19067    |
|    total_timesteps | 432000   |
| train/             |          |
|    actor_loss      | 1.05e+19 |
|    critic_loss     | inf      |
|    ent_coef        | 5.05e+17 |
|    ent_coef_loss   | -767     |
|    learning_rate   | 0.0001   |
|    n_updates       | 431899   |
|    reward          | 2085.917 |
---------------------------------
EPISODE:  434
EPISODE:  435
EPISODE:  436
EPISODE:  437
---------------------------------
| time/              |          |
|    episodes        | 436      |
|    fps             | 22       |
|    time_elapsed    | 19237    |
|    total_timesteps | 436000   |
| train/             |          |
|    actor_loss      | 1.56e+19 |
|    critic_loss     | inf      |
|    ent_coef        | 7.51e+17 |
|    ent_coef_loss   | -772     |
|    learning_rate   | 0.0001   |
|    n_updates       | 435899   |
|    reward          | 2085.917 |
---------------------------------
EPISODE:  438
EPISODE:  439
EPISODE:  440
EPISODE:  441
---------------------------------
| time/              |          |
|    episodes        | 440      |
|    fps             | 22       |
|    time_elapsed    | 19412    |
|    total_timesteps | 440000   |
| train/             |          |
|    actor_loss      | 2.31e+19 |
|    critic_loss     | inf      |
|    ent_coef        | 1.12e+18 |
|    ent_coef_loss   | -778     |
|    learning_rate   | 0.0001   |
|    n_updates       | 439899   |
|    reward          | 2085.917 |
---------------------------------
EPISODE:  442
EPISODE:  443
EPISODE:  444
EPISODE:  445
---------------------------------
| time/              |          |
|    episodes        | 444      |
|    fps             | 22       |
|    time_elapsed    | 19588    |
|    total_timesteps | 444000   |
| train/             |          |
|    actor_loss      | 3.46e+19 |
|    critic_loss     | inf      |
|    ent_coef        | 1.66e+18 |
|    ent_coef_loss   | -791     |
|    learning_rate   | 0.0001   |
|    n_updates       | 443899   |
|    reward          | 2085.917 |
---------------------------------
EPISODE:  446
EPISODE:  447
EPISODE:  448
EPISODE:  449
---------------------------------
| time/              |          |
|    episodes        | 448      |
|    fps             | 22       |
|    time_elapsed    | 19767    |
|    total_timesteps | 448000   |
| train/             |          |
|    actor_loss      | 5.12e+19 |
|    critic_loss     | inf      |
|    ent_coef        | 2.47e+18 |
|    ent_coef_loss   | -793     |
|    learning_rate   | 0.0001   |
|    n_updates       | 447899   |
|    reward          | 2085.917 |
---------------------------------
EPISODE:  450
EPISODE:  451
EPISODE:  452
EPISODE:  453
---------------------------------
| time/              |          |
|    episodes        | 452      |
|    fps             | 22       |
|    time_elapsed    | 19946    |
|    total_timesteps | 452000   |
| train/             |          |
|    actor_loss      | 7.6e+19  |
|    critic_loss     | inf      |
|    ent_coef        | 3.67e+18 |
|    ent_coef_loss   | -800     |
|    learning_rate   | 0.0001   |
|    n_updates       | 451899   |
|    reward          | 2085.917 |
---------------------------------
EPISODE:  454
EPISODE:  455
EPISODE:  456
EPISODE:  457
---------------------------------
| time/              |          |
|    episodes        | 456      |
|    fps             | 22       |
|    time_elapsed    | 20122    |
|    total_timesteps | 456000   |
| train/             |          |
|    actor_loss      | 1.14e+20 |
|    critic_loss     | inf      |
|    ent_coef        | 5.46e+18 |
|    ent_coef_loss   | -817     |
|    learning_rate   | 0.0001   |
|    n_updates       | 455899   |
|    reward          | 2085.917 |
---------------------------------
EPISODE:  458
EPISODE:  459
EPISODE:  460
EPISODE:  461
---------------------------------
| time/              |          |
|    episodes        | 460      |
|    fps             | 22       |
|    time_elapsed    | 20298    |
|    total_timesteps | 460000   |
| train/             |          |
|    actor_loss      | 1.68e+20 |
|    critic_loss     | inf      |
|    ent_coef        | 8.11e+18 |
|    ent_coef_loss   | -814     |
|    learning_rate   | 0.0001   |
|    n_updates       | 459899   |
|    reward          | 2085.917 |
---------------------------------
EPISODE:  462
EPISODE:  463
EPISODE:  464
EPISODE:  465
---------------------------------
| time/              |          |
|    episodes        | 464      |
|    fps             | 22       |
|    time_elapsed    | 20474    |
|    total_timesteps | 464000   |
| train/             |          |
|    actor_loss      | 2.48e+20 |
|    critic_loss     | inf      |
|    ent_coef        | 1.21e+19 |
|    ent_coef_loss   | -816     |
|    learning_rate   | 0.0001   |
|    n_updates       | 463899   |
|    reward          | 2085.917 |
---------------------------------
EPISODE:  466
EPISODE:  467
EPISODE:  468
EPISODE:  469
---------------------------------
| time/              |          |
|    episodes        | 468      |
|    fps             | 22       |
|    time_elapsed    | 20654    |
|    total_timesteps | 468000   |
| train/             |          |
|    actor_loss      | 3.72e+20 |
|    critic_loss     | inf      |
|    ent_coef        | 1.79e+19 |
|    ent_coef_loss   | -830     |
|    learning_rate   | 0.0001   |
|    n_updates       | 467899   |
|    reward          | 2085.917 |
---------------------------------
EPISODE:  470
EPISODE:  471
EPISODE:  472
EPISODE:  473
---------------------------------
| time/              |          |
|    episodes        | 472      |
|    fps             | 22       |
|    time_elapsed    | 20831    |
|    total_timesteps | 472000   |
| train/             |          |
|    actor_loss      | 5.52e+20 |
|    critic_loss     | inf      |
|    ent_coef        | 2.67e+19 |
|    ent_coef_loss   | -837     |
|    learning_rate   | 0.0001   |
|    n_updates       | 471899   |
|    reward          | 2085.917 |
---------------------------------
EPISODE:  474
EPISODE:  475
EPISODE:  476
EPISODE:  477
---------------------------------
| time/              |          |
|    episodes        | 476      |
|    fps             | 22       |
|    time_elapsed    | 21010    |
|    total_timesteps | 476000   |
| train/             |          |
|    actor_loss      | 8.29e+20 |
|    critic_loss     | inf      |
|    ent_coef        | 3.97e+19 |
|    ent_coef_loss   | -853     |
|    learning_rate   | 0.0001   |
|    n_updates       | 475899   |
|    reward          | 2085.917 |
---------------------------------
EPISODE:  478
EPISODE:  479
EPISODE:  480
EPISODE:  481
---------------------------------
| time/              |          |
|    episodes        | 480      |
|    fps             | 22       |
|    time_elapsed    | 21186    |
|    total_timesteps | 480000   |
| train/             |          |
|    actor_loss      | 1.22e+21 |
|    critic_loss     | inf      |
|    ent_coef        | 5.9e+19  |
|    ent_coef_loss   | -850     |
|    learning_rate   | 0.0001   |
|    n_updates       | 479899   |
|    reward          | 2085.917 |
---------------------------------
EPISODE:  482
EPISODE:  483
EPISODE:  484
EPISODE:  485
---------------------------------
| time/              |          |
|    episodes        | 484      |
|    fps             | 22       |
|    time_elapsed    | 21364    |
|    total_timesteps | 484000   |
| train/             |          |
|    actor_loss      | 1.81e+21 |
|    critic_loss     | inf      |
|    ent_coef        | 8.77e+19 |
|    ent_coef_loss   | -857     |
|    learning_rate   | 0.0001   |
|    n_updates       | 483899   |
|    reward          | 2085.917 |
---------------------------------
EPISODE:  486
EPISODE:  487
EPISODE:  488
EPISODE:  489
---------------------------------
| time/              |          |
|    episodes        | 488      |
|    fps             | 22       |
|    time_elapsed    | 21544    |
|    total_timesteps | 488000   |
| train/             |          |
|    actor_loss      | 2.7e+21  |
|    critic_loss     | inf      |
|    ent_coef        | 1.3e+20  |
|    ent_coef_loss   | -867     |
|    learning_rate   | 0.0001   |
|    n_updates       | 487899   |
|    reward          | 2085.917 |
---------------------------------
EPISODE:  490
EPISODE:  491
EPISODE:  492
EPISODE:  493
---------------------------------
| time/              |          |
|    episodes        | 492      |
|    fps             | 22       |
|    time_elapsed    | 21719    |
|    total_timesteps | 492000   |
| train/             |          |
|    actor_loss      | 4.03e+21 |
|    critic_loss     | inf      |
|    ent_coef        | 1.94e+20 |
|    ent_coef_loss   | -878     |
|    learning_rate   | 0.0001   |
|    n_updates       | 491899   |
|    reward          | 2085.917 |
---------------------------------
EPISODE:  494
EPISODE:  495
EPISODE:  496
EPISODE:  497
---------------------------------
| time/              |          |
|    episodes        | 496      |
|    fps             | 22       |
|    time_elapsed    | 21890    |
|    total_timesteps | 496000   |
| train/             |          |
|    actor_loss      | 5.98e+21 |
|    critic_loss     | inf      |
|    ent_coef        | 2.88e+20 |
|    ent_coef_loss   | -884     |
|    learning_rate   | 0.0001   |
|    n_updates       | 495899   |
|    reward          | 2085.917 |
---------------------------------
EPISODE:  498
EPISODE:  499
EPISODE:  500
EPISODE:  501
---------------------------------
| time/              |          |
|    episodes        | 500      |
|    fps             | 22       |
|    time_elapsed    | 22014    |
|    total_timesteps | 500000   |
| train/             |          |
|    actor_loss      | 8.91e+21 |
|    critic_loss     | inf      |
|    ent_coef        | 4.29e+20 |
|    ent_coef_loss   | -892     |
|    learning_rate   | 0.0001   |
|    n_updates       | 499899   |
|    reward          | 2085.917 |
---------------------------------
Saved episode log to Results/4_2/sac/upward_noise/training_logs/09.csv
