EPISODE:  0
{'batch_size': 128, 'buffer_size': 1000000, 'learning_rate': 0.0001, 'learning_starts': 100, 'ent_coef': 'auto_0.1'}
Using cuda device
EPISODE:  1
EPISODE:  2
EPISODE:  3
EPISODE:  4
EPISODE:  5
----------------------------------
| time/              |           |
|    episodes        | 4         |
|    fps             | 23        |
|    time_elapsed    | 171       |
|    total_timesteps | 4000      |
| train/             |           |
|    actor_loss      | -2.2e+04  |
|    critic_loss     | 5.06e+04  |
|    ent_coef        | 0.161     |
|    ent_coef_loss   | 34.1      |
|    learning_rate   | 0.0001    |
|    n_updates       | 3899      |
|    reward          | 2085.2356 |
----------------------------------
EPISODE:  6
EPISODE:  7
EPISODE:  8
EPISODE:  9
----------------------------------
| time/              |           |
|    episodes        | 8         |
|    fps             | 23        |
|    time_elapsed    | 347       |
|    total_timesteps | 8000      |
| train/             |           |
|    actor_loss      | -4.19e+04 |
|    critic_loss     | 1.51e+05  |
|    ent_coef        | 0.241     |
|    ent_coef_loss   | 26.8      |
|    learning_rate   | 0.0001    |
|    n_updates       | 7899      |
|    reward          | 2085.917  |
----------------------------------
EPISODE:  10
EPISODE:  11
EPISODE:  12
EPISODE:  13
----------------------------------
| time/              |           |
|    episodes        | 12        |
|    fps             | 23        |
|    time_elapsed    | 521       |
|    total_timesteps | 12000     |
| train/             |           |
|    actor_loss      | -5.59e+04 |
|    critic_loss     | 2.18e+05  |
|    ent_coef        | 0.36      |
|    ent_coef_loss   | 19.1      |
|    learning_rate   | 0.0001    |
|    n_updates       | 11899     |
|    reward          | 2085.917  |
----------------------------------
EPISODE:  14
EPISODE:  15
EPISODE:  16
EPISODE:  17
----------------------------------
| time/              |           |
|    episodes        | 16        |
|    fps             | 22        |
|    time_elapsed    | 697       |
|    total_timesteps | 16000     |
| train/             |           |
|    actor_loss      | -6.78e+04 |
|    critic_loss     | 3.23e+05  |
|    ent_coef        | 0.536     |
|    ent_coef_loss   | 11.8      |
|    learning_rate   | 0.0001    |
|    n_updates       | 15899     |
|    reward          | 2085.917  |
----------------------------------
EPISODE:  18
EPISODE:  19
EPISODE:  20
EPISODE:  21
---------------------------------
| time/              |          |
|    episodes        | 20       |
|    fps             | 22       |
|    time_elapsed    | 874      |
|    total_timesteps | 20000    |
| train/             |          |
|    actor_loss      | -7.9e+04 |
|    critic_loss     | 4.02e+05 |
|    ent_coef        | 0.8      |
|    ent_coef_loss   | 4.2      |
|    learning_rate   | 0.0001   |
|    n_updates       | 19899    |
|    reward          | 2085.917 |
---------------------------------
EPISODE:  22
EPISODE:  23
EPISODE:  24
EPISODE:  25
----------------------------------
| time/              |           |
|    episodes        | 24        |
|    fps             | 22        |
|    time_elapsed    | 1051      |
|    total_timesteps | 24000     |
| train/             |           |
|    actor_loss      | -8.56e+04 |
|    critic_loss     | 3.08e+05  |
|    ent_coef        | 1.19      |
|    ent_coef_loss   | -3.32     |
|    learning_rate   | 0.0001    |
|    n_updates       | 23899     |
|    reward          | 2085.917  |
----------------------------------
EPISODE:  26
EPISODE:  27
EPISODE:  28
EPISODE:  29
----------------------------------
| time/              |           |
|    episodes        | 28        |
|    fps             | 22        |
|    time_elapsed    | 1229      |
|    total_timesteps | 28000     |
| train/             |           |
|    actor_loss      | -9.12e+04 |
|    critic_loss     | 2.76e+05  |
|    ent_coef        | 1.78      |
|    ent_coef_loss   | -10.8     |
|    learning_rate   | 0.0001    |
|    n_updates       | 27899     |
|    reward          | 2085.917  |
----------------------------------
EPISODE:  30
EPISODE:  31
EPISODE:  32
EPISODE:  33
----------------------------------
| time/              |           |
|    episodes        | 32        |
|    fps             | 22        |
|    time_elapsed    | 1400      |
|    total_timesteps | 32000     |
| train/             |           |
|    actor_loss      | -9.73e+04 |
|    critic_loss     | 3.15e+05  |
|    ent_coef        | 2.66      |
|    ent_coef_loss   | -18.3     |
|    learning_rate   | 0.0001    |
|    n_updates       | 31899     |
|    reward          | 2085.917  |
----------------------------------
EPISODE:  34
EPISODE:  35
EPISODE:  36
EPISODE:  37
---------------------------------
| time/              |          |
|    episodes        | 36       |
|    fps             | 22       |
|    time_elapsed    | 1574     |
|    total_timesteps | 36000    |
| train/             |          |
|    actor_loss      | -1e+05   |
|    critic_loss     | 3.45e+05 |
|    ent_coef        | 3.96     |
|    ent_coef_loss   | -25.8    |
|    learning_rate   | 0.0001   |
|    n_updates       | 35899    |
|    reward          | 2085.917 |
---------------------------------
EPISODE:  38
EPISODE:  39
EPISODE:  40
EPISODE:  41
----------------------------------
| time/              |           |
|    episodes        | 40        |
|    fps             | 22        |
|    time_elapsed    | 1749      |
|    total_timesteps | 40000     |
| train/             |           |
|    actor_loss      | -1.03e+05 |
|    critic_loss     | 1.08e+08  |
|    ent_coef        | 5.91      |
|    ent_coef_loss   | -33.4     |
|    learning_rate   | 0.0001    |
|    n_updates       | 39899     |
|    reward          | 2085.917  |
----------------------------------
EPISODE:  42
EPISODE:  43
EPISODE:  44
EPISODE:  45
----------------------------------
| time/              |           |
|    episodes        | 44        |
|    fps             | 22        |
|    time_elapsed    | 1926      |
|    total_timesteps | 44000     |
| train/             |           |
|    actor_loss      | -1.04e+05 |
|    critic_loss     | 2.27e+05  |
|    ent_coef        | 8.82      |
|    ent_coef_loss   | -40.8     |
|    learning_rate   | 0.0001    |
|    n_updates       | 43899     |
|    reward          | 2085.917  |
----------------------------------
EPISODE:  46
EPISODE:  47
EPISODE:  48
EPISODE:  49
----------------------------------
| time/              |           |
|    episodes        | 48        |
|    fps             | 22        |
|    time_elapsed    | 2103      |
|    total_timesteps | 48000     |
| train/             |           |
|    actor_loss      | -1.03e+05 |
|    critic_loss     | 3.49e+05  |
|    ent_coef        | 13.2      |
|    ent_coef_loss   | -48.5     |
|    learning_rate   | 0.0001    |
|    n_updates       | 47899     |
|    reward          | 2085.917  |
----------------------------------
EPISODE:  50
EPISODE:  51
EPISODE:  52
EPISODE:  53
----------------------------------
| time/              |           |
|    episodes        | 52        |
|    fps             | 22        |
|    time_elapsed    | 2279      |
|    total_timesteps | 52000     |
| train/             |           |
|    actor_loss      | -1.01e+05 |
|    critic_loss     | 2.7e+05   |
|    ent_coef        | 19.6      |
|    ent_coef_loss   | -55.7     |
|    learning_rate   | 0.0001    |
|    n_updates       | 51899     |
|    reward          | 2085.917  |
----------------------------------
EPISODE:  54
EPISODE:  55
EPISODE:  56
EPISODE:  57
---------------------------------
| time/              |          |
|    episodes        | 56       |
|    fps             | 22       |
|    time_elapsed    | 2455     |
|    total_timesteps | 56000    |
| train/             |          |
|    actor_loss      | -9.6e+04 |
|    critic_loss     | 3.34e+05 |
|    ent_coef        | 29.3     |
|    ent_coef_loss   | -64.1    |
|    learning_rate   | 0.0001   |
|    n_updates       | 55899    |
|    reward          | 2085.917 |
---------------------------------
EPISODE:  58
EPISODE:  59
EPISODE:  60
EPISODE:  61
---------------------------------
| time/              |          |
|    episodes        | 60       |
|    fps             | 22       |
|    time_elapsed    | 2633     |
|    total_timesteps | 60000    |
| train/             |          |
|    actor_loss      | -8.8e+04 |
|    critic_loss     | 2.06e+05 |
|    ent_coef        | 43.7     |
|    ent_coef_loss   | -71.4    |
|    learning_rate   | 0.0001   |
|    n_updates       | 59899    |
|    reward          | 2085.917 |
---------------------------------
EPISODE:  62
EPISODE:  63
EPISODE:  64
EPISODE:  65
----------------------------------
| time/              |           |
|    episodes        | 64        |
|    fps             | 22        |
|    time_elapsed    | 2808      |
|    total_timesteps | 64000     |
| train/             |           |
|    actor_loss      | -7.33e+04 |
|    critic_loss     | 4.72e+07  |
|    ent_coef        | 65.2      |
|    ent_coef_loss   | -78.8     |
|    learning_rate   | 0.0001    |
|    n_updates       | 63899     |
|    reward          | 2085.917  |
----------------------------------
EPISODE:  66
EPISODE:  67
EPISODE:  68
EPISODE:  69
----------------------------------
| time/              |           |
|    episodes        | 68        |
|    fps             | 22        |
|    time_elapsed    | 2984      |
|    total_timesteps | 68000     |
| train/             |           |
|    actor_loss      | -6.15e+04 |
|    critic_loss     | 3.39e+07  |
|    ent_coef        | 89.4      |
|    ent_coef_loss   | -43.3     |
|    learning_rate   | 0.0001    |
|    n_updates       | 67899     |
|    reward          | 2007.0969 |
----------------------------------
EPISODE:  70
EPISODE:  71
EPISODE:  72
EPISODE:  73
----------------------------------
| time/              |           |
|    episodes        | 72        |
|    fps             | 22        |
|    time_elapsed    | 3160      |
|    total_timesteps | 72000     |
| train/             |           |
|    actor_loss      | -5.04e+04 |
|    critic_loss     | 9e+05     |
|    ent_coef        | 130       |
|    ent_coef_loss   | -36.3     |
|    learning_rate   | 0.0001    |
|    n_updates       | 71899     |
|    reward          | 2330.5312 |
----------------------------------
EPISODE:  74
EPISODE:  75
EPISODE:  76
EPISODE:  77
----------------------------------
| time/              |           |
|    episodes        | 76        |
|    fps             | 22        |
|    time_elapsed    | 3337      |
|    total_timesteps | 76000     |
| train/             |           |
|    actor_loss      | -4.73e+04 |
|    critic_loss     | 6.55e+05  |
|    ent_coef        | 172       |
|    ent_coef_loss   | -13.3     |
|    learning_rate   | 0.0001    |
|    n_updates       | 75899     |
|    reward          | 1971.6666 |
----------------------------------
EPISODE:  78
EPISODE:  79
EPISODE:  80
EPISODE:  81
----------------------------------
| time/              |           |
|    episodes        | 80        |
|    fps             | 22        |
|    time_elapsed    | 3510      |
|    total_timesteps | 80000     |
| train/             |           |
|    actor_loss      | -4.63e+04 |
|    critic_loss     | 2.17e+07  |
|    ent_coef        | 244       |
|    ent_coef_loss   | -11.2     |
|    learning_rate   | 0.0001    |
|    n_updates       | 79899     |
|    reward          | 2265.9045 |
----------------------------------
EPISODE:  82
EPISODE:  83
EPISODE:  84
EPISODE:  85
----------------------------------
| time/              |           |
|    episodes        | 84        |
|    fps             | 22        |
|    time_elapsed    | 3688      |
|    total_timesteps | 84000     |
| train/             |           |
|    actor_loss      | -4.53e+04 |
|    critic_loss     | 2.88e+05  |
|    ent_coef        | 317       |
|    ent_coef_loss   | 18.9      |
|    learning_rate   | 0.0001    |
|    n_updates       | 83899     |
|    reward          | 1928.9481 |
----------------------------------
EPISODE:  86
EPISODE:  87
EPISODE:  88
EPISODE:  89
----------------------------------
| time/              |           |
|    episodes        | 88        |
|    fps             | 22        |
|    time_elapsed    | 3864      |
|    total_timesteps | 88000     |
| train/             |           |
|    actor_loss      | -6.51e+04 |
|    critic_loss     | 3.31e+05  |
|    ent_coef        | 208       |
|    ent_coef_loss   | 17.4      |
|    learning_rate   | 0.0001    |
|    n_updates       | 87899     |
|    reward          | 2151.452  |
----------------------------------
EPISODE:  90
EPISODE:  91
EPISODE:  92
EPISODE:  93
----------------------------------
| time/              |           |
|    episodes        | 92        |
|    fps             | 22        |
|    time_elapsed    | 4038      |
|    total_timesteps | 92000     |
| train/             |           |
|    actor_loss      | -7.92e+04 |
|    critic_loss     | 4.73e+05  |
|    ent_coef        | 140       |
|    ent_coef_loss   | 16        |
|    learning_rate   | 0.0001    |
|    n_updates       | 91899     |
|    reward          | 1930.1018 |
----------------------------------
EPISODE:  94
EPISODE:  95
EPISODE:  96
EPISODE:  97
----------------------------------
| time/              |           |
|    episodes        | 96        |
|    fps             | 22        |
|    time_elapsed    | 4212      |
|    total_timesteps | 96000     |
| train/             |           |
|    actor_loss      | -8.88e+04 |
|    critic_loss     | 4.38e+05  |
|    ent_coef        | 93.7      |
|    ent_coef_loss   | 14.2      |
|    learning_rate   | 0.0001    |
|    n_updates       | 95899     |
|    reward          | 2215.012  |
----------------------------------
EPISODE:  98
EPISODE:  99
EPISODE:  100
EPISODE:  101
----------------------------------
| time/              |           |
|    episodes        | 100       |
|    fps             | 22        |
|    time_elapsed    | 4388      |
|    total_timesteps | 100000    |
| train/             |           |
|    actor_loss      | -9.52e+04 |
|    critic_loss     | 5.42e+05  |
|    ent_coef        | 62.9      |
|    ent_coef_loss   | 13.3      |
|    learning_rate   | 0.0001    |
|    n_updates       | 99899     |
|    reward          | 1937.9775 |
----------------------------------
EPISODE:  102
EPISODE:  103
EPISODE:  104
EPISODE:  105
----------------------------------
| time/              |           |
|    episodes        | 104       |
|    fps             | 22        |
|    time_elapsed    | 4567      |
|    total_timesteps | 104000    |
| train/             |           |
|    actor_loss      | -1.02e+05 |
|    critic_loss     | 3.68e+05  |
|    ent_coef        | 42.3      |
|    ent_coef_loss   | 11.1      |
|    learning_rate   | 0.0001    |
|    n_updates       | 103899    |
|    reward          | 2057.3503 |
----------------------------------
EPISODE:  106
EPISODE:  107
EPISODE:  108
EPISODE:  109
----------------------------------
| time/              |           |
|    episodes        | 108       |
|    fps             | 22        |
|    time_elapsed    | 4743      |
|    total_timesteps | 108000    |
| train/             |           |
|    actor_loss      | -1.06e+05 |
|    critic_loss     | 2.81e+05  |
|    ent_coef        | 28.5      |
|    ent_coef_loss   | 9.46      |
|    learning_rate   | 0.0001    |
|    n_updates       | 107899    |
|    reward          | 1955.7188 |
----------------------------------
EPISODE:  110
EPISODE:  111
EPISODE:  112
EPISODE:  113
----------------------------------
| time/              |           |
|    episodes        | 112       |
|    fps             | 22        |
|    time_elapsed    | 4917      |
|    total_timesteps | 112000    |
| train/             |           |
|    actor_loss      | -1.08e+05 |
|    critic_loss     | 1.87e+08  |
|    ent_coef        | 19.2      |
|    ent_coef_loss   | 7.91      |
|    learning_rate   | 0.0001    |
|    n_updates       | 111899    |
|    reward          | 2144.5747 |
----------------------------------
EPISODE:  114
EPISODE:  115
EPISODE:  116
EPISODE:  117
----------------------------------
| time/              |           |
|    episodes        | 116       |
|    fps             | 22        |
|    time_elapsed    | 5090      |
|    total_timesteps | 116000    |
| train/             |           |
|    actor_loss      | -1.14e+05 |
|    critic_loss     | 3.11e+05  |
|    ent_coef        | 13        |
|    ent_coef_loss   | 6.17      |
|    learning_rate   | 0.0001    |
|    n_updates       | 115899    |
|    reward          | 2181.3079 |
----------------------------------
EPISODE:  118
EPISODE:  119
EPISODE:  120
EPISODE:  121
----------------------------------
| time/              |           |
|    episodes        | 120       |
|    fps             | 22        |
|    time_elapsed    | 5266      |
|    total_timesteps | 120000    |
| train/             |           |
|    actor_loss      | -1.13e+05 |
|    critic_loss     | 3.77e+05  |
|    ent_coef        | 8.85      |
|    ent_coef_loss   | 4.85      |
|    learning_rate   | 0.0001    |
|    n_updates       | 119899    |
|    reward          | 2280.1274 |
----------------------------------
EPISODE:  122
EPISODE:  123
EPISODE:  124
EPISODE:  125
----------------------------------
| time/              |           |
|    episodes        | 124       |
|    fps             | 22        |
|    time_elapsed    | 5441      |
|    total_timesteps | 124000    |
| train/             |           |
|    actor_loss      | -1.18e+05 |
|    critic_loss     | 4.22e+05  |
|    ent_coef        | 6.06      |
|    ent_coef_loss   | 2.94      |
|    learning_rate   | 0.0001    |
|    n_updates       | 123899    |
|    reward          | 2209.2354 |
----------------------------------
EPISODE:  126
EPISODE:  127
EPISODE:  128
EPISODE:  129
----------------------------------
| time/              |           |
|    episodes        | 128       |
|    fps             | 22        |
|    time_elapsed    | 5614      |
|    total_timesteps | 128000    |
| train/             |           |
|    actor_loss      | -1.19e+05 |
|    critic_loss     | 4.89e+05  |
|    ent_coef        | 4.2       |
|    ent_coef_loss   | 2.05      |
|    learning_rate   | 0.0001    |
|    n_updates       | 127899    |
|    reward          | 2160.5962 |
----------------------------------
EPISODE:  130
EPISODE:  131
EPISODE:  132
EPISODE:  133
----------------------------------
| time/              |           |
|    episodes        | 132       |
|    fps             | 22        |
|    time_elapsed    | 5792      |
|    total_timesteps | 132000    |
| train/             |           |
|    actor_loss      | -1.18e+05 |
|    critic_loss     | 4.59e+05  |
|    ent_coef        | 2.96      |
|    ent_coef_loss   | 0.677     |
|    learning_rate   | 0.0001    |
|    n_updates       | 131899    |
|    reward          | 2365.5957 |
----------------------------------
EPISODE:  134
EPISODE:  135
EPISODE:  136
EPISODE:  137
---------------------------------
| time/              |          |
|    episodes        | 136      |
|    fps             | 22       |
|    time_elapsed    | 5969     |
|    total_timesteps | 136000   |
| train/             |          |
|    actor_loss      | -1.2e+05 |
|    critic_loss     | 5.23e+05 |
|    ent_coef        | 2.23     |
|    ent_coef_loss   | 0.019    |
|    learning_rate   | 0.0001   |
|    n_updates       | 135899   |
|    reward          | 2448.021 |
---------------------------------
EPISODE:  138
EPISODE:  139
EPISODE:  140
EPISODE:  141
----------------------------------
| time/              |           |
|    episodes        | 140       |
|    fps             | 22        |
|    time_elapsed    | 6145      |
|    total_timesteps | 140000    |
| train/             |           |
|    actor_loss      | -1.21e+05 |
|    critic_loss     | 4.15e+05  |
|    ent_coef        | 2.01      |
|    ent_coef_loss   | -0.245    |
|    learning_rate   | 0.0001    |
|    n_updates       | 139899    |
|    reward          | 2516.8235 |
----------------------------------
EPISODE:  142
EPISODE:  143
EPISODE:  144
EPISODE:  145
----------------------------------
| time/              |           |
|    episodes        | 144       |
|    fps             | 22        |
|    time_elapsed    | 6320      |
|    total_timesteps | 144000    |
| train/             |           |
|    actor_loss      | -1.22e+05 |
|    critic_loss     | 3.57e+05  |
|    ent_coef        | 1.86      |
|    ent_coef_loss   | 0.0889    |
|    learning_rate   | 0.0001    |
|    n_updates       | 143899    |
|    reward          | 2586.3337 |
----------------------------------
EPISODE:  146
EPISODE:  147
EPISODE:  148
EPISODE:  149
----------------------------------
| time/              |           |
|    episodes        | 148       |
|    fps             | 22        |
|    time_elapsed    | 6496      |
|    total_timesteps | 148000    |
| train/             |           |
|    actor_loss      | -1.21e+05 |
|    critic_loss     | 9.89e+05  |
|    ent_coef        | 2.27      |
|    ent_coef_loss   | 0.171     |
|    learning_rate   | 0.0001    |
|    n_updates       | 147899    |
|    reward          | 2593.5374 |
----------------------------------
EPISODE:  150
EPISODE:  151
EPISODE:  152
EPISODE:  153
----------------------------------
| time/              |           |
|    episodes        | 152       |
|    fps             | 22        |
|    time_elapsed    | 6670      |
|    total_timesteps | 152000    |
| train/             |           |
|    actor_loss      | -1.22e+05 |
|    critic_loss     | 6.12e+05  |
|    ent_coef        | 2.72      |
|    ent_coef_loss   | -0.3      |
|    learning_rate   | 0.0001    |
|    n_updates       | 151899    |
|    reward          | 2701.3179 |
----------------------------------
EPISODE:  154
EPISODE:  155
EPISODE:  156
EPISODE:  157
----------------------------------
| time/              |           |
|    episodes        | 156       |
|    fps             | 22        |
|    time_elapsed    | 6848      |
|    total_timesteps | 156000    |
| train/             |           |
|    actor_loss      | -1.23e+05 |
|    critic_loss     | 6.43e+05  |
|    ent_coef        | 3.53      |
|    ent_coef_loss   | -0.173    |
|    learning_rate   | 0.0001    |
|    n_updates       | 155899    |
|    reward          | 2733.9153 |
----------------------------------
EPISODE:  158
EPISODE:  159
EPISODE:  160
EPISODE:  161
----------------------------------
| time/              |           |
|    episodes        | 160       |
|    fps             | 22        |
|    time_elapsed    | 7024      |
|    total_timesteps | 160000    |
| train/             |           |
|    actor_loss      | -1.24e+05 |
|    critic_loss     | 5.85e+05  |
|    ent_coef        | 4.59      |
|    ent_coef_loss   | -0.015    |
|    learning_rate   | 0.0001    |
|    n_updates       | 159899    |
|    reward          | 2653.4873 |
----------------------------------
EPISODE:  162
EPISODE:  163
EPISODE:  164
EPISODE:  165
----------------------------------
| time/              |           |
|    episodes        | 164       |
|    fps             | 22        |
|    time_elapsed    | 7200      |
|    total_timesteps | 164000    |
| train/             |           |
|    actor_loss      | -1.24e+05 |
|    critic_loss     | 9.02e+05  |
|    ent_coef        | 5.07      |
|    ent_coef_loss   | -0.732    |
|    learning_rate   | 0.0001    |
|    n_updates       | 163899    |
|    reward          | 2665.408  |
----------------------------------
EPISODE:  166
EPISODE:  167
EPISODE:  168
EPISODE:  169
----------------------------------
| time/              |           |
|    episodes        | 168       |
|    fps             | 22        |
|    time_elapsed    | 7378      |
|    total_timesteps | 168000    |
| train/             |           |
|    actor_loss      | -1.23e+05 |
|    critic_loss     | 6.03e+05  |
|    ent_coef        | 5.12      |
|    ent_coef_loss   | 0.806     |
|    learning_rate   | 0.0001    |
|    n_updates       | 167899    |
|    reward          | 2727.5598 |
----------------------------------
EPISODE:  170
EPISODE:  171
EPISODE:  172
EPISODE:  173
----------------------------------
| time/              |           |
|    episodes        | 172       |
|    fps             | 22        |
|    time_elapsed    | 7552      |
|    total_timesteps | 172000    |
| train/             |           |
|    actor_loss      | -1.25e+05 |
|    critic_loss     | 1.3e+06   |
|    ent_coef        | 4.86      |
|    ent_coef_loss   | -0.64     |
|    learning_rate   | 0.0001    |
|    n_updates       | 171899    |
|    reward          | 2620.7175 |
----------------------------------
EPISODE:  174
EPISODE:  175
EPISODE:  176
EPISODE:  177
----------------------------------
| time/              |           |
|    episodes        | 176       |
|    fps             | 22        |
|    time_elapsed    | 7730      |
|    total_timesteps | 176000    |
| train/             |           |
|    actor_loss      | -1.27e+05 |
|    critic_loss     | 5.4e+05   |
|    ent_coef        | 4.96      |
|    ent_coef_loss   | -0.268    |
|    learning_rate   | 0.0001    |
|    n_updates       | 175899    |
|    reward          | 2707.4941 |
----------------------------------
EPISODE:  178
EPISODE:  179
EPISODE:  180
EPISODE:  181
----------------------------------
| time/              |           |
|    episodes        | 180       |
|    fps             | 22        |
|    time_elapsed    | 7906      |
|    total_timesteps | 180000    |
| train/             |           |
|    actor_loss      | -1.26e+05 |
|    critic_loss     | 7.7e+05   |
|    ent_coef        | 4.56      |
|    ent_coef_loss   | 0.362     |
|    learning_rate   | 0.0001    |
|    n_updates       | 179899    |
|    reward          | 2724.1235 |
----------------------------------
EPISODE:  182
EPISODE:  183
EPISODE:  184
EPISODE:  185
----------------------------------
| time/              |           |
|    episodes        | 184       |
|    fps             | 22        |
|    time_elapsed    | 8082      |
|    total_timesteps | 184000    |
| train/             |           |
|    actor_loss      | -1.25e+05 |
|    critic_loss     | 9.59e+07  |
|    ent_coef        | 4.73      |
|    ent_coef_loss   | -0.262    |
|    learning_rate   | 0.0001    |
|    n_updates       | 183899    |
|    reward          | 2571.5786 |
----------------------------------
EPISODE:  186
EPISODE:  187
EPISODE:  188
EPISODE:  189
----------------------------------
| time/              |           |
|    episodes        | 188       |
|    fps             | 22        |
|    time_elapsed    | 8259      |
|    total_timesteps | 188000    |
| train/             |           |
|    actor_loss      | -1.26e+05 |
|    critic_loss     | 9.61e+05  |
|    ent_coef        | 4.68      |
|    ent_coef_loss   | -0.363    |
|    learning_rate   | 0.0001    |
|    n_updates       | 187899    |
|    reward          | 2662.674  |
----------------------------------
EPISODE:  190
EPISODE:  191
EPISODE:  192
EPISODE:  193
----------------------------------
| time/              |           |
|    episodes        | 192       |
|    fps             | 22        |
|    time_elapsed    | 8433      |
|    total_timesteps | 192000    |
| train/             |           |
|    actor_loss      | -1.26e+05 |
|    critic_loss     | 9.66e+07  |
|    ent_coef        | 4.78      |
|    ent_coef_loss   | -0.228    |
|    learning_rate   | 0.0001    |
|    n_updates       | 191899    |
|    reward          | 2720.9963 |
----------------------------------
EPISODE:  194
EPISODE:  195
EPISODE:  196
EPISODE:  197
----------------------------------
| time/              |           |
|    episodes        | 196       |
|    fps             | 22        |
|    time_elapsed    | 8610      |
|    total_timesteps | 196000    |
| train/             |           |
|    actor_loss      | -1.28e+05 |
|    critic_loss     | 9.92e+07  |
|    ent_coef        | 4.48      |
|    ent_coef_loss   | 0.0746    |
|    learning_rate   | 0.0001    |
|    n_updates       | 195899    |
|    reward          | 2694.7773 |
----------------------------------
EPISODE:  198
EPISODE:  199
EPISODE:  200
EPISODE:  201
----------------------------------
| time/              |           |
|    episodes        | 200       |
|    fps             | 22        |
|    time_elapsed    | 8785      |
|    total_timesteps | 200000    |
| train/             |           |
|    actor_loss      | -1.26e+05 |
|    critic_loss     | 1.03e+06  |
|    ent_coef        | 4.72      |
|    ent_coef_loss   | -0.22     |
|    learning_rate   | 0.0001    |
|    n_updates       | 199899    |
|    reward          | 2693.2312 |
----------------------------------
EPISODE:  202
EPISODE:  203
EPISODE:  204
EPISODE:  205
----------------------------------
| time/              |           |
|    episodes        | 204       |
|    fps             | 22        |
|    time_elapsed    | 8961      |
|    total_timesteps | 204000    |
| train/             |           |
|    actor_loss      | -1.27e+05 |
|    critic_loss     | 9.87e+05  |
|    ent_coef        | 4.7       |
|    ent_coef_loss   | -0.118    |
|    learning_rate   | 0.0001    |
|    n_updates       | 203899    |
|    reward          | 2616.8457 |
----------------------------------
EPISODE:  206
EPISODE:  207
EPISODE:  208
EPISODE:  209
----------------------------------
| time/              |           |
|    episodes        | 208       |
|    fps             | 22        |
|    time_elapsed    | 9132      |
|    total_timesteps | 208000    |
| train/             |           |
|    actor_loss      | -1.26e+05 |
|    critic_loss     | 6.46e+05  |
|    ent_coef        | 4.25      |
|    ent_coef_loss   | 0.621     |
|    learning_rate   | 0.0001    |
|    n_updates       | 207899    |
|    reward          | 2636.8486 |
----------------------------------
EPISODE:  210
EPISODE:  211
EPISODE:  212
EPISODE:  213
----------------------------------
| time/              |           |
|    episodes        | 212       |
|    fps             | 22        |
|    time_elapsed    | 9307      |
|    total_timesteps | 212000    |
| train/             |           |
|    actor_loss      | -1.26e+05 |
|    critic_loss     | 8.83e+05  |
|    ent_coef        | 4.19      |
|    ent_coef_loss   | 0.549     |
|    learning_rate   | 0.0001    |
|    n_updates       | 211899    |
|    reward          | 2670.57   |
----------------------------------
EPISODE:  214
EPISODE:  215
EPISODE:  216
EPISODE:  217
----------------------------------
| time/              |           |
|    episodes        | 216       |
|    fps             | 22        |
|    time_elapsed    | 9483      |
|    total_timesteps | 216000    |
| train/             |           |
|    actor_loss      | -1.29e+05 |
|    critic_loss     | 1.01e+06  |
|    ent_coef        | 4.4       |
|    ent_coef_loss   | -0.269    |
|    learning_rate   | 0.0001    |
|    n_updates       | 215899    |
|    reward          | 2689.119  |
----------------------------------
EPISODE:  218
EPISODE:  219
EPISODE:  220
EPISODE:  221
----------------------------------
| time/              |           |
|    episodes        | 220       |
|    fps             | 22        |
|    time_elapsed    | 9660      |
|    total_timesteps | 220000    |
| train/             |           |
|    actor_loss      | -1.29e+05 |
|    critic_loss     | 7.2e+05   |
|    ent_coef        | 4.17      |
|    ent_coef_loss   | 0.816     |
|    learning_rate   | 0.0001    |
|    n_updates       | 219899    |
|    reward          | 2688.0078 |
----------------------------------
EPISODE:  222
EPISODE:  223
EPISODE:  224
EPISODE:  225
----------------------------------
| time/              |           |
|    episodes        | 224       |
|    fps             | 22        |
|    time_elapsed    | 9835      |
|    total_timesteps | 224000    |
| train/             |           |
|    actor_loss      | -1.27e+05 |
|    critic_loss     | 1.02e+06  |
|    ent_coef        | 4.29      |
|    ent_coef_loss   | -0.149    |
|    learning_rate   | 0.0001    |
|    n_updates       | 223899    |
|    reward          | 2636.4148 |
----------------------------------
EPISODE:  226
EPISODE:  227
EPISODE:  228
EPISODE:  229
----------------------------------
| time/              |           |
|    episodes        | 228       |
|    fps             | 22        |
|    time_elapsed    | 10011     |
|    total_timesteps | 228000    |
| train/             |           |
|    actor_loss      | -1.29e+05 |
|    critic_loss     | 7.94e+05  |
|    ent_coef        | 3.93      |
|    ent_coef_loss   | 0.0918    |
|    learning_rate   | 0.0001    |
|    n_updates       | 227899    |
|    reward          | 2472.5508 |
----------------------------------
EPISODE:  230
EPISODE:  231
EPISODE:  232
EPISODE:  233
----------------------------------
| time/              |           |
|    episodes        | 232       |
|    fps             | 22        |
|    time_elapsed    | 10188     |
|    total_timesteps | 232000    |
| train/             |           |
|    actor_loss      | -1.26e+05 |
|    critic_loss     | 9.06e+05  |
|    ent_coef        | 3.92      |
|    ent_coef_loss   | 0.268     |
|    learning_rate   | 0.0001    |
|    n_updates       | 231899    |
|    reward          | 2667.9521 |
----------------------------------
EPISODE:  234
EPISODE:  235
EPISODE:  236
EPISODE:  237
----------------------------------
| time/              |           |
|    episodes        | 236       |
|    fps             | 22        |
|    time_elapsed    | 10363     |
|    total_timesteps | 236000    |
| train/             |           |
|    actor_loss      | -1.28e+05 |
|    critic_loss     | 9.02e+05  |
|    ent_coef        | 3.79      |
|    ent_coef_loss   | 0.0792    |
|    learning_rate   | 0.0001    |
|    n_updates       | 235899    |
|    reward          | 2440.345  |
----------------------------------
EPISODE:  238
EPISODE:  239
EPISODE:  240
EPISODE:  241
----------------------------------
| time/              |           |
|    episodes        | 240       |
|    fps             | 22        |
|    time_elapsed    | 10538     |
|    total_timesteps | 240000    |
| train/             |           |
|    actor_loss      | -1.29e+05 |
|    critic_loss     | 1.33e+06  |
|    ent_coef        | 3.67      |
|    ent_coef_loss   | 0.0265    |
|    learning_rate   | 0.0001    |
|    n_updates       | 239899    |
|    reward          | 2501.9207 |
----------------------------------
EPISODE:  242
EPISODE:  243
EPISODE:  244
EPISODE:  245
----------------------------------
| time/              |           |
|    episodes        | 244       |
|    fps             | 22        |
|    time_elapsed    | 10712     |
|    total_timesteps | 244000    |
| train/             |           |
|    actor_loss      | -1.29e+05 |
|    critic_loss     | 8.54e+05  |
|    ent_coef        | 4.04      |
|    ent_coef_loss   | -0.208    |
|    learning_rate   | 0.0001    |
|    n_updates       | 243899    |
|    reward          | 2665.6384 |
----------------------------------
EPISODE:  246
EPISODE:  247
EPISODE:  248
EPISODE:  249
----------------------------------
| time/              |           |
|    episodes        | 248       |
|    fps             | 22        |
|    time_elapsed    | 10887     |
|    total_timesteps | 248000    |
| train/             |           |
|    actor_loss      | -1.28e+05 |
|    critic_loss     | 1.02e+06  |
|    ent_coef        | 4.04      |
|    ent_coef_loss   | 0.419     |
|    learning_rate   | 0.0001    |
|    n_updates       | 247899    |
|    reward          | 2632.4631 |
----------------------------------
EPISODE:  250
EPISODE:  251
EPISODE:  252
EPISODE:  253
----------------------------------
| time/              |           |
|    episodes        | 252       |
|    fps             | 22        |
|    time_elapsed    | 11064     |
|    total_timesteps | 252000    |
| train/             |           |
|    actor_loss      | -1.31e+05 |
|    critic_loss     | 9.43e+05  |
|    ent_coef        | 3.43      |
|    ent_coef_loss   | -0.709    |
|    learning_rate   | 0.0001    |
|    n_updates       | 251899    |
|    reward          | 2473.4023 |
----------------------------------
EPISODE:  254
EPISODE:  255
EPISODE:  256
EPISODE:  257
----------------------------------
| time/              |           |
|    episodes        | 256       |
|    fps             | 22        |
|    time_elapsed    | 11241     |
|    total_timesteps | 256000    |
| train/             |           |
|    actor_loss      | -1.31e+05 |
|    critic_loss     | 1.1e+06   |
|    ent_coef        | 3.08      |
|    ent_coef_loss   | -0.0259   |
|    learning_rate   | 0.0001    |
|    n_updates       | 255899    |
|    reward          | 2483.9556 |
----------------------------------
EPISODE:  258
EPISODE:  259
EPISODE:  260
EPISODE:  261
----------------------------------
| time/              |           |
|    episodes        | 260       |
|    fps             | 22        |
|    time_elapsed    | 11418     |
|    total_timesteps | 260000    |
| train/             |           |
|    actor_loss      | -1.31e+05 |
|    critic_loss     | 1.31e+06  |
|    ent_coef        | 2.8       |
|    ent_coef_loss   | -0.419    |
|    learning_rate   | 0.0001    |
|    n_updates       | 259899    |
|    reward          | 2348.6128 |
----------------------------------
EPISODE:  262
EPISODE:  263
EPISODE:  264
EPISODE:  265
----------------------------------
| time/              |           |
|    episodes        | 264       |
|    fps             | 22        |
|    time_elapsed    | 11596     |
|    total_timesteps | 264000    |
| train/             |           |
|    actor_loss      | -1.29e+05 |
|    critic_loss     | 9.71e+05  |
|    ent_coef        | 3.06      |
|    ent_coef_loss   | -0.0675   |
|    learning_rate   | 0.0001    |
|    n_updates       | 263899    |
|    reward          | 2449.065  |
----------------------------------
EPISODE:  266
EPISODE:  267
EPISODE:  268
EPISODE:  269
----------------------------------
| time/              |           |
|    episodes        | 268       |
|    fps             | 22        |
|    time_elapsed    | 11774     |
|    total_timesteps | 268000    |
| train/             |           |
|    actor_loss      | -1.29e+05 |
|    critic_loss     | 1.1e+06   |
|    ent_coef        | 2.94      |
|    ent_coef_loss   | 0.179     |
|    learning_rate   | 0.0001    |
|    n_updates       | 267899    |
|    reward          | 2315.9146 |
----------------------------------
EPISODE:  270
EPISODE:  271
EPISODE:  272
EPISODE:  273
----------------------------------
| time/              |           |
|    episodes        | 272       |
|    fps             | 22        |
|    time_elapsed    | 11951     |
|    total_timesteps | 272000    |
| train/             |           |
|    actor_loss      | -1.29e+05 |
|    critic_loss     | 8.22e+05  |
|    ent_coef        | 2.86      |
|    ent_coef_loss   | -0.531    |
|    learning_rate   | 0.0001    |
|    n_updates       | 271899    |
|    reward          | 2422.7283 |
----------------------------------
EPISODE:  274
EPISODE:  275
EPISODE:  276
EPISODE:  277
----------------------------------
| time/              |           |
|    episodes        | 276       |
|    fps             | 22        |
|    time_elapsed    | 12128     |
|    total_timesteps | 276000    |
| train/             |           |
|    actor_loss      | -1.3e+05  |
|    critic_loss     | 9.82e+05  |
|    ent_coef        | 2.59      |
|    ent_coef_loss   | -0.396    |
|    learning_rate   | 0.0001    |
|    n_updates       | 275899    |
|    reward          | 2337.6567 |
----------------------------------
EPISODE:  278
EPISODE:  279
EPISODE:  280
EPISODE:  281
----------------------------------
| time/              |           |
|    episodes        | 280       |
|    fps             | 22        |
|    time_elapsed    | 12305     |
|    total_timesteps | 280000    |
| train/             |           |
|    actor_loss      | -1.29e+05 |
|    critic_loss     | 9.41e+05  |
|    ent_coef        | 2.48      |
|    ent_coef_loss   | 0.0748    |
|    learning_rate   | 0.0001    |
|    n_updates       | 279899    |
|    reward          | 2269.9973 |
----------------------------------
EPISODE:  282
EPISODE:  283
EPISODE:  284
EPISODE:  285
---------------------------------
| time/              |          |
|    episodes        | 284      |
|    fps             | 22       |
|    time_elapsed    | 12484    |
|    total_timesteps | 284000   |
| train/             |          |
|    actor_loss      | -1.3e+05 |
|    critic_loss     | 1.12e+06 |
|    ent_coef        | 2.37     |
|    ent_coef_loss   | 0.228    |
|    learning_rate   | 0.0001   |
|    n_updates       | 283899   |
|    reward          | 2565.72  |
---------------------------------
EPISODE:  286
EPISODE:  287
EPISODE:  288
EPISODE:  289
----------------------------------
| time/              |           |
|    episodes        | 288       |
|    fps             | 22        |
|    time_elapsed    | 12657     |
|    total_timesteps | 288000    |
| train/             |           |
|    actor_loss      | -1.28e+05 |
|    critic_loss     | 9.95e+07  |
|    ent_coef        | 2.39      |
|    ent_coef_loss   | 0.192     |
|    learning_rate   | 0.0001    |
|    n_updates       | 287899    |
|    reward          | 2366.1924 |
----------------------------------
EPISODE:  290
EPISODE:  291
EPISODE:  292
EPISODE:  293
----------------------------------
| time/              |           |
|    episodes        | 292       |
|    fps             | 22        |
|    time_elapsed    | 12831     |
|    total_timesteps | 292000    |
| train/             |           |
|    actor_loss      | -1.27e+05 |
|    critic_loss     | 1.16e+06  |
|    ent_coef        | 2.43      |
|    ent_coef_loss   | 0.376     |
|    learning_rate   | 0.0001    |
|    n_updates       | 291899    |
|    reward          | 2524.4065 |
----------------------------------
EPISODE:  294
EPISODE:  295
EPISODE:  296
EPISODE:  297
----------------------------------
| time/              |           |
|    episodes        | 296       |
|    fps             | 22        |
|    time_elapsed    | 13009     |
|    total_timesteps | 296000    |
| train/             |           |
|    actor_loss      | -1.29e+05 |
|    critic_loss     | 1.39e+06  |
|    ent_coef        | 2.37      |
|    ent_coef_loss   | 0.0912    |
|    learning_rate   | 0.0001    |
|    n_updates       | 295899    |
|    reward          | 2437.4546 |
----------------------------------
EPISODE:  298
EPISODE:  299
EPISODE:  300
EPISODE:  301
----------------------------------
| time/              |           |
|    episodes        | 300       |
|    fps             | 22        |
|    time_elapsed    | 13185     |
|    total_timesteps | 300000    |
| train/             |           |
|    actor_loss      | -1.27e+05 |
|    critic_loss     | 9.28e+05  |
|    ent_coef        | 2.53      |
|    ent_coef_loss   | 0.155     |
|    learning_rate   | 0.0001    |
|    n_updates       | 299899    |
|    reward          | 2357.5164 |
----------------------------------
EPISODE:  302
EPISODE:  303
EPISODE:  304
EPISODE:  305
----------------------------------
| time/              |           |
|    episodes        | 304       |
|    fps             | 22        |
|    time_elapsed    | 13362     |
|    total_timesteps | 304000    |
| train/             |           |
|    actor_loss      | -1.27e+05 |
|    critic_loss     | 1.2e+06   |
|    ent_coef        | 2.65      |
|    ent_coef_loss   | 0.53      |
|    learning_rate   | 0.0001    |
|    n_updates       | 303899    |
|    reward          | 2349.0652 |
----------------------------------
EPISODE:  306
EPISODE:  307
EPISODE:  308
EPISODE:  309
----------------------------------
| time/              |           |
|    episodes        | 308       |
|    fps             | 22        |
|    time_elapsed    | 13537     |
|    total_timesteps | 308000    |
| train/             |           |
|    actor_loss      | -1.28e+05 |
|    critic_loss     | 9.29e+05  |
|    ent_coef        | 2.81      |
|    ent_coef_loss   | -0.0406   |
|    learning_rate   | 0.0001    |
|    n_updates       | 307899    |
|    reward          | 2557.1533 |
----------------------------------
EPISODE:  310
EPISODE:  311
EPISODE:  312
EPISODE:  313
----------------------------------
| time/              |           |
|    episodes        | 312       |
|    fps             | 22        |
|    time_elapsed    | 13714     |
|    total_timesteps | 312000    |
| train/             |           |
|    actor_loss      | -1.3e+05  |
|    critic_loss     | 1.96e+08  |
|    ent_coef        | 2.71      |
|    ent_coef_loss   | -0.0581   |
|    learning_rate   | 0.0001    |
|    n_updates       | 311899    |
|    reward          | 2448.8599 |
----------------------------------
EPISODE:  314
EPISODE:  315
EPISODE:  316
EPISODE:  317
----------------------------------
| time/              |           |
|    episodes        | 316       |
|    fps             | 22        |
|    time_elapsed    | 13886     |
|    total_timesteps | 316000    |
| train/             |           |
|    actor_loss      | -1.3e+05  |
|    critic_loss     | 9.74e+07  |
|    ent_coef        | 2.83      |
|    ent_coef_loss   | 0.701     |
|    learning_rate   | 0.0001    |
|    n_updates       | 315899    |
|    reward          | 2496.3333 |
----------------------------------
EPISODE:  318
EPISODE:  319
EPISODE:  320
EPISODE:  321
----------------------------------
| time/              |           |
|    episodes        | 320       |
|    fps             | 22        |
|    time_elapsed    | 14061     |
|    total_timesteps | 320000    |
| train/             |           |
|    actor_loss      | -1.31e+05 |
|    critic_loss     | 8.49e+05  |
|    ent_coef        | 2.73      |
|    ent_coef_loss   | 0.0271    |
|    learning_rate   | 0.0001    |
|    n_updates       | 319899    |
|    reward          | 2593.892  |
----------------------------------
EPISODE:  322
EPISODE:  323
EPISODE:  324
EPISODE:  325
----------------------------------
| time/              |           |
|    episodes        | 324       |
|    fps             | 22        |
|    time_elapsed    | 14235     |
|    total_timesteps | 324000    |
| train/             |           |
|    actor_loss      | -1.28e+05 |
|    critic_loss     | 2.09e+06  |
|    ent_coef        | 2.36      |
|    ent_coef_loss   | -0.177    |
|    learning_rate   | 0.0001    |
|    n_updates       | 323899    |
|    reward          | 2589.4214 |
----------------------------------
EPISODE:  326
EPISODE:  327
EPISODE:  328
EPISODE:  329
----------------------------------
| time/              |           |
|    episodes        | 328       |
|    fps             | 22        |
|    time_elapsed    | 14412     |
|    total_timesteps | 328000    |
| train/             |           |
|    actor_loss      | -1.28e+05 |
|    critic_loss     | 1.25e+06  |
|    ent_coef        | 2.47      |
|    ent_coef_loss   | -0.281    |
|    learning_rate   | 0.0001    |
|    n_updates       | 327899    |
|    reward          | 2662.1882 |
----------------------------------
EPISODE:  330
EPISODE:  331
EPISODE:  332
EPISODE:  333
----------------------------------
| time/              |           |
|    episodes        | 332       |
|    fps             | 22        |
|    time_elapsed    | 14590     |
|    total_timesteps | 332000    |
| train/             |           |
|    actor_loss      | -1.26e+05 |
|    critic_loss     | 1.48e+06  |
|    ent_coef        | 2.49      |
|    ent_coef_loss   | 0.264     |
|    learning_rate   | 0.0001    |
|    n_updates       | 331899    |
|    reward          | 2646.6404 |
----------------------------------
EPISODE:  334
EPISODE:  335
EPISODE:  336
EPISODE:  337
----------------------------------
| time/              |           |
|    episodes        | 336       |
|    fps             | 22        |
|    time_elapsed    | 14767     |
|    total_timesteps | 336000    |
| train/             |           |
|    actor_loss      | -1.31e+05 |
|    critic_loss     | 8.68e+05  |
|    ent_coef        | 2.43      |
|    ent_coef_loss   | -0.243    |
|    learning_rate   | 0.0001    |
|    n_updates       | 335899    |
|    reward          | 2594.0596 |
----------------------------------
EPISODE:  338
EPISODE:  339
EPISODE:  340
EPISODE:  341
----------------------------------
| time/              |           |
|    episodes        | 340       |
|    fps             | 22        |
|    time_elapsed    | 14945     |
|    total_timesteps | 340000    |
| train/             |           |
|    actor_loss      | -1.29e+05 |
|    critic_loss     | 1.14e+06  |
|    ent_coef        | 2.07      |
|    ent_coef_loss   | 0.207     |
|    learning_rate   | 0.0001    |
|    n_updates       | 339899    |
|    reward          | 2460.8252 |
----------------------------------
EPISODE:  342
EPISODE:  343
EPISODE:  344
EPISODE:  345
----------------------------------
| time/              |           |
|    episodes        | 344       |
|    fps             | 22        |
|    time_elapsed    | 15121     |
|    total_timesteps | 344000    |
| train/             |           |
|    actor_loss      | -1.29e+05 |
|    critic_loss     | 8.91e+05  |
|    ent_coef        | 2.08      |
|    ent_coef_loss   | -0.236    |
|    learning_rate   | 0.0001    |
|    n_updates       | 343899    |
|    reward          | 2428.4744 |
----------------------------------
EPISODE:  346
EPISODE:  347
EPISODE:  348
EPISODE:  349
----------------------------------
| time/              |           |
|    episodes        | 348       |
|    fps             | 22        |
|    time_elapsed    | 15298     |
|    total_timesteps | 348000    |
| train/             |           |
|    actor_loss      | -1.27e+05 |
|    critic_loss     | 1.32e+06  |
|    ent_coef        | 2.34      |
|    ent_coef_loss   | -0.282    |
|    learning_rate   | 0.0001    |
|    n_updates       | 347899    |
|    reward          | 2645.5452 |
----------------------------------
EPISODE:  350
EPISODE:  351
EPISODE:  352
EPISODE:  353
----------------------------------
| time/              |           |
|    episodes        | 352       |
|    fps             | 22        |
|    time_elapsed    | 15476     |
|    total_timesteps | 352000    |
| train/             |           |
|    actor_loss      | -1.28e+05 |
|    critic_loss     | 9.95e+05  |
|    ent_coef        | 2.2       |
|    ent_coef_loss   | 0.197     |
|    learning_rate   | 0.0001    |
|    n_updates       | 351899    |
|    reward          | 2610.3047 |
----------------------------------
EPISODE:  354
EPISODE:  355
EPISODE:  356
EPISODE:  357
----------------------------------
| time/              |           |
|    episodes        | 356       |
|    fps             | 22        |
|    time_elapsed    | 15651     |
|    total_timesteps | 356000    |
| train/             |           |
|    actor_loss      | -1.28e+05 |
|    critic_loss     | 8.73e+05  |
|    ent_coef        | 1.98      |
|    ent_coef_loss   | 0.283     |
|    learning_rate   | 0.0001    |
|    n_updates       | 355899    |
|    reward          | 2412.2683 |
----------------------------------
EPISODE:  358
EPISODE:  359
EPISODE:  360
EPISODE:  361
----------------------------------
| time/              |           |
|    episodes        | 360       |
|    fps             | 22        |
|    time_elapsed    | 15829     |
|    total_timesteps | 360000    |
| train/             |           |
|    actor_loss      | -1.29e+05 |
|    critic_loss     | 1.67e+06  |
|    ent_coef        | 1.82      |
|    ent_coef_loss   | 0.181     |
|    learning_rate   | 0.0001    |
|    n_updates       | 359899    |
|    reward          | 2510.8936 |
----------------------------------
EPISODE:  362
EPISODE:  363
EPISODE:  364
EPISODE:  365
----------------------------------
| time/              |           |
|    episodes        | 364       |
|    fps             | 22        |
|    time_elapsed    | 16005     |
|    total_timesteps | 364000    |
| train/             |           |
|    actor_loss      | -1.27e+05 |
|    critic_loss     | 1.18e+06  |
|    ent_coef        | 2.31      |
|    ent_coef_loss   | -0.138    |
|    learning_rate   | 0.0001    |
|    n_updates       | 363899    |
|    reward          | 2652.0107 |
----------------------------------
EPISODE:  366
EPISODE:  367
EPISODE:  368
EPISODE:  369
----------------------------------
| time/              |           |
|    episodes        | 368       |
|    fps             | 22        |
|    time_elapsed    | 16181     |
|    total_timesteps | 368000    |
| train/             |           |
|    actor_loss      | -1.31e+05 |
|    critic_loss     | 7.84e+05  |
|    ent_coef        | 2.64      |
|    ent_coef_loss   | -0.36     |
|    learning_rate   | 0.0001    |
|    n_updates       | 367899    |
|    reward          | 2756.4429 |
----------------------------------
EPISODE:  370
EPISODE:  371
EPISODE:  372
EPISODE:  373
----------------------------------
| time/              |           |
|    episodes        | 372       |
|    fps             | 22        |
|    time_elapsed    | 16355     |
|    total_timesteps | 372000    |
| train/             |           |
|    actor_loss      | -1.29e+05 |
|    critic_loss     | 1.18e+06  |
|    ent_coef        | 2.69      |
|    ent_coef_loss   | -0.165    |
|    learning_rate   | 0.0001    |
|    n_updates       | 371899    |
|    reward          | 2577.7915 |
----------------------------------
EPISODE:  374
EPISODE:  375
EPISODE:  376
EPISODE:  377
----------------------------------
| time/              |           |
|    episodes        | 376       |
|    fps             | 22        |
|    time_elapsed    | 16532     |
|    total_timesteps | 376000    |
| train/             |           |
|    actor_loss      | -1.29e+05 |
|    critic_loss     | 9.39e+05  |
|    ent_coef        | 2.06      |
|    ent_coef_loss   | 0.337     |
|    learning_rate   | 0.0001    |
|    n_updates       | 375899    |
|    reward          | 2525.6697 |
----------------------------------
EPISODE:  378
EPISODE:  379
EPISODE:  380
EPISODE:  381
----------------------------------
| time/              |           |
|    episodes        | 380       |
|    fps             | 22        |
|    time_elapsed    | 16709     |
|    total_timesteps | 380000    |
| train/             |           |
|    actor_loss      | -1.29e+05 |
|    critic_loss     | 9.67e+07  |
|    ent_coef        | 2.22      |
|    ent_coef_loss   | 0.0703    |
|    learning_rate   | 0.0001    |
|    n_updates       | 379899    |
|    reward          | 2673.0503 |
----------------------------------
EPISODE:  382
EPISODE:  383
EPISODE:  384
EPISODE:  385
----------------------------------
| time/              |           |
|    episodes        | 384       |
|    fps             | 22        |
|    time_elapsed    | 16884     |
|    total_timesteps | 384000    |
| train/             |           |
|    actor_loss      | -1.29e+05 |
|    critic_loss     | 9.04e+05  |
|    ent_coef        | 2.64      |
|    ent_coef_loss   | -0.236    |
|    learning_rate   | 0.0001    |
|    n_updates       | 383899    |
|    reward          | 2817.6636 |
----------------------------------
EPISODE:  386
EPISODE:  387
EPISODE:  388
EPISODE:  389
----------------------------------
| time/              |           |
|    episodes        | 388       |
|    fps             | 22        |
|    time_elapsed    | 17059     |
|    total_timesteps | 388000    |
| train/             |           |
|    actor_loss      | -1.27e+05 |
|    critic_loss     | 1.41e+06  |
|    ent_coef        | 2.87      |
|    ent_coef_loss   | -0.203    |
|    learning_rate   | 0.0001    |
|    n_updates       | 387899    |
|    reward          | 2509.0293 |
----------------------------------
EPISODE:  390
EPISODE:  391
EPISODE:  392
EPISODE:  393
----------------------------------
| time/              |           |
|    episodes        | 392       |
|    fps             | 22        |
|    time_elapsed    | 17235     |
|    total_timesteps | 392000    |
| train/             |           |
|    actor_loss      | -1.28e+05 |
|    critic_loss     | 1.02e+06  |
|    ent_coef        | 2.86      |
|    ent_coef_loss   | -0.0583   |
|    learning_rate   | 0.0001    |
|    n_updates       | 391899    |
|    reward          | 2749.237  |
----------------------------------
EPISODE:  394
EPISODE:  395
EPISODE:  396
EPISODE:  397
----------------------------------
| time/              |           |
|    episodes        | 396       |
|    fps             | 22        |
|    time_elapsed    | 17410     |
|    total_timesteps | 396000    |
| train/             |           |
|    actor_loss      | -1.27e+05 |
|    critic_loss     | 1.4e+06   |
|    ent_coef        | 2.37      |
|    ent_coef_loss   | 0.439     |
|    learning_rate   | 0.0001    |
|    n_updates       | 395899    |
|    reward          | 2527.1245 |
----------------------------------
EPISODE:  398
EPISODE:  399
EPISODE:  400
EPISODE:  401
----------------------------------
| time/              |           |
|    episodes        | 400       |
|    fps             | 22        |
|    time_elapsed    | 17587     |
|    total_timesteps | 400000    |
| train/             |           |
|    actor_loss      | -1.32e+05 |
|    critic_loss     | 1.08e+06  |
|    ent_coef        | 2.4       |
|    ent_coef_loss   | 0.128     |
|    learning_rate   | 0.0001    |
|    n_updates       | 399899    |
|    reward          | 2521.7812 |
----------------------------------
EPISODE:  402
EPISODE:  403
EPISODE:  404
EPISODE:  405
----------------------------------
| time/              |           |
|    episodes        | 404       |
|    fps             | 22        |
|    time_elapsed    | 17763     |
|    total_timesteps | 404000    |
| train/             |           |
|    actor_loss      | -1.3e+05  |
|    critic_loss     | 1.14e+06  |
|    ent_coef        | 2.54      |
|    ent_coef_loss   | 0.171     |
|    learning_rate   | 0.0001    |
|    n_updates       | 403899    |
|    reward          | 2530.8977 |
----------------------------------
EPISODE:  406
EPISODE:  407
EPISODE:  408
EPISODE:  409
----------------------------------
| time/              |           |
|    episodes        | 408       |
|    fps             | 22        |
|    time_elapsed    | 17940     |
|    total_timesteps | 408000    |
| train/             |           |
|    actor_loss      | -1.28e+05 |
|    critic_loss     | 1.18e+06  |
|    ent_coef        | 2.35      |
|    ent_coef_loss   | -0.211    |
|    learning_rate   | 0.0001    |
|    n_updates       | 407899    |
|    reward          | 2545.8923 |
----------------------------------
EPISODE:  410
EPISODE:  411
EPISODE:  412
EPISODE:  413
----------------------------------
| time/              |           |
|    episodes        | 412       |
|    fps             | 22        |
|    time_elapsed    | 18116     |
|    total_timesteps | 412000    |
| train/             |           |
|    actor_loss      | -1.27e+05 |
|    critic_loss     | 1.14e+06  |
|    ent_coef        | 2.38      |
|    ent_coef_loss   | 0.239     |
|    learning_rate   | 0.0001    |
|    n_updates       | 411899    |
|    reward          | 2569.497  |
----------------------------------
EPISODE:  414
EPISODE:  415
EPISODE:  416
EPISODE:  417
----------------------------------
| time/              |           |
|    episodes        | 416       |
|    fps             | 22        |
|    time_elapsed    | 18290     |
|    total_timesteps | 416000    |
| train/             |           |
|    actor_loss      | -1.32e+05 |
|    critic_loss     | 9.67e+05  |
|    ent_coef        | 2.28      |
|    ent_coef_loss   | -0.0541   |
|    learning_rate   | 0.0001    |
|    n_updates       | 415899    |
|    reward          | 2525.915  |
----------------------------------
EPISODE:  418
EPISODE:  419
EPISODE:  420
EPISODE:  421
----------------------------------
| time/              |           |
|    episodes        | 420       |
|    fps             | 22        |
|    time_elapsed    | 18467     |
|    total_timesteps | 420000    |
| train/             |           |
|    actor_loss      | -1.28e+05 |
|    critic_loss     | 1.36e+06  |
|    ent_coef        | 2.32      |
|    ent_coef_loss   | 0.114     |
|    learning_rate   | 0.0001    |
|    n_updates       | 419899    |
|    reward          | 2505.8076 |
----------------------------------
EPISODE:  422
EPISODE:  423
EPISODE:  424
EPISODE:  425
---------------------------------
| time/              |          |
|    episodes        | 424      |
|    fps             | 22       |
|    time_elapsed    | 18642    |
|    total_timesteps | 424000   |
| train/             |          |
|    actor_loss      | -1.3e+05 |
|    critic_loss     | 1.07e+06 |
|    ent_coef        | 2.13     |
|    ent_coef_loss   | -0.126   |
|    learning_rate   | 0.0001   |
|    n_updates       | 423899   |
|    reward          | 2611.744 |
---------------------------------
EPISODE:  426
EPISODE:  427
EPISODE:  428
EPISODE:  429
----------------------------------
| time/              |           |
|    episodes        | 428       |
|    fps             | 22        |
|    time_elapsed    | 18819     |
|    total_timesteps | 428000    |
| train/             |           |
|    actor_loss      | -1.29e+05 |
|    critic_loss     | 9.29e+05  |
|    ent_coef        | 2.06      |
|    ent_coef_loss   | 0.0728    |
|    learning_rate   | 0.0001    |
|    n_updates       | 427899    |
|    reward          | 2616.1812 |
----------------------------------
EPISODE:  430
EPISODE:  431
EPISODE:  432
EPISODE:  433
----------------------------------
| time/              |           |
|    episodes        | 432       |
|    fps             | 22        |
|    time_elapsed    | 18997     |
|    total_timesteps | 432000    |
| train/             |           |
|    actor_loss      | -1.3e+05  |
|    critic_loss     | 1.56e+06  |
|    ent_coef        | 2.23      |
|    ent_coef_loss   | 0.284     |
|    learning_rate   | 0.0001    |
|    n_updates       | 431899    |
|    reward          | 2677.5017 |
----------------------------------
EPISODE:  434
EPISODE:  435
EPISODE:  436
EPISODE:  437
----------------------------------
| time/              |           |
|    episodes        | 436       |
|    fps             | 22        |
|    time_elapsed    | 19173     |
|    total_timesteps | 436000    |
| train/             |           |
|    actor_loss      | -1.27e+05 |
|    critic_loss     | 1.34e+06  |
|    ent_coef        | 1.92      |
|    ent_coef_loss   | -0.00804  |
|    learning_rate   | 0.0001    |
|    n_updates       | 435899    |
|    reward          | 2343.8843 |
----------------------------------
EPISODE:  438
EPISODE:  439
EPISODE:  440
EPISODE:  441
----------------------------------
| time/              |           |
|    episodes        | 440       |
|    fps             | 22        |
|    time_elapsed    | 19349     |
|    total_timesteps | 440000    |
| train/             |           |
|    actor_loss      | -1.28e+05 |
|    critic_loss     | 1.47e+06  |
|    ent_coef        | 1.92      |
|    ent_coef_loss   | 0.286     |
|    learning_rate   | 0.0001    |
|    n_updates       | 439899    |
|    reward          | 2353.6218 |
----------------------------------
EPISODE:  442
EPISODE:  443
EPISODE:  444
EPISODE:  445
----------------------------------
| time/              |           |
|    episodes        | 444       |
|    fps             | 22        |
|    time_elapsed    | 19527     |
|    total_timesteps | 444000    |
| train/             |           |
|    actor_loss      | -1.28e+05 |
|    critic_loss     | 1.81e+06  |
|    ent_coef        | 2.28      |
|    ent_coef_loss   | 0.135     |
|    learning_rate   | 0.0001    |
|    n_updates       | 443899    |
|    reward          | 2575.5254 |
----------------------------------
EPISODE:  446
EPISODE:  447
EPISODE:  448
EPISODE:  449
----------------------------------
| time/              |           |
|    episodes        | 448       |
|    fps             | 22        |
|    time_elapsed    | 19703     |
|    total_timesteps | 448000    |
| train/             |           |
|    actor_loss      | -1.27e+05 |
|    critic_loss     | 1.05e+06  |
|    ent_coef        | 2.22      |
|    ent_coef_loss   | -0.114    |
|    learning_rate   | 0.0001    |
|    n_updates       | 447899    |
|    reward          | 2448.4915 |
----------------------------------
EPISODE:  450
EPISODE:  451
EPISODE:  452
EPISODE:  453
---------------------------------
| time/              |          |
|    episodes        | 452      |
|    fps             | 22       |
|    time_elapsed    | 19880    |
|    total_timesteps | 452000   |
| train/             |          |
|    actor_loss      | -1.3e+05 |
|    critic_loss     | 1.07e+06 |
|    ent_coef        | 2.37     |
|    ent_coef_loss   | 0.192    |
|    learning_rate   | 0.0001   |
|    n_updates       | 451899   |
|    reward          | 2706.963 |
---------------------------------
EPISODE:  454
EPISODE:  455
EPISODE:  456
EPISODE:  457
----------------------------------
| time/              |           |
|    episodes        | 456       |
|    fps             | 22        |
|    time_elapsed    | 20055     |
|    total_timesteps | 456000    |
| train/             |           |
|    actor_loss      | -1.29e+05 |
|    critic_loss     | 1.09e+06  |
|    ent_coef        | 2.37      |
|    ent_coef_loss   | -0.081    |
|    learning_rate   | 0.0001    |
|    n_updates       | 455899    |
|    reward          | 2527.3494 |
----------------------------------
EPISODE:  458
EPISODE:  459
EPISODE:  460
EPISODE:  461
----------------------------------
| time/              |           |
|    episodes        | 460       |
|    fps             | 22        |
|    time_elapsed    | 20231     |
|    total_timesteps | 460000    |
| train/             |           |
|    actor_loss      | -1.27e+05 |
|    critic_loss     | 1.29e+06  |
|    ent_coef        | 2.21      |
|    ent_coef_loss   | 0.157     |
|    learning_rate   | 0.0001    |
|    n_updates       | 459899    |
|    reward          | 2619.8057 |
----------------------------------
EPISODE:  462
EPISODE:  463
EPISODE:  464
EPISODE:  465
----------------------------------
| time/              |           |
|    episodes        | 464       |
|    fps             | 22        |
|    time_elapsed    | 20405     |
|    total_timesteps | 464000    |
| train/             |           |
|    actor_loss      | -1.3e+05  |
|    critic_loss     | 1.09e+06  |
|    ent_coef        | 1.83      |
|    ent_coef_loss   | 0.0505    |
|    learning_rate   | 0.0001    |
|    n_updates       | 463899    |
|    reward          | 2574.6619 |
----------------------------------
EPISODE:  466
EPISODE:  467
EPISODE:  468
EPISODE:  469
----------------------------------
| time/              |           |
|    episodes        | 468       |
|    fps             | 22        |
|    time_elapsed    | 20582     |
|    total_timesteps | 468000    |
| train/             |           |
|    actor_loss      | -1.29e+05 |
|    critic_loss     | 1.39e+06  |
|    ent_coef        | 1.6       |
|    ent_coef_loss   | -0.0781   |
|    learning_rate   | 0.0001    |
|    n_updates       | 467899    |
|    reward          | 2468.5027 |
----------------------------------
EPISODE:  470
EPISODE:  471
EPISODE:  472
EPISODE:  473
----------------------------------
| time/              |           |
|    episodes        | 472       |
|    fps             | 22        |
|    time_elapsed    | 20759     |
|    total_timesteps | 472000    |
| train/             |           |
|    actor_loss      | -1.27e+05 |
|    critic_loss     | 1.07e+06  |
|    ent_coef        | 1.52      |
|    ent_coef_loss   | 0.113     |
|    learning_rate   | 0.0001    |
|    n_updates       | 471899    |
|    reward          | 2401.9568 |
----------------------------------
EPISODE:  474
EPISODE:  475
EPISODE:  476
EPISODE:  477
----------------------------------
| time/              |           |
|    episodes        | 476       |
|    fps             | 22        |
|    time_elapsed    | 20935     |
|    total_timesteps | 476000    |
| train/             |           |
|    actor_loss      | -1.27e+05 |
|    critic_loss     | 1.29e+06  |
|    ent_coef        | 1.53      |
|    ent_coef_loss   | 0.137     |
|    learning_rate   | 0.0001    |
|    n_updates       | 475899    |
|    reward          | 2343.6963 |
----------------------------------
EPISODE:  478
EPISODE:  479
EPISODE:  480
EPISODE:  481
----------------------------------
| time/              |           |
|    episodes        | 480       |
|    fps             | 22        |
|    time_elapsed    | 21110     |
|    total_timesteps | 480000    |
| train/             |           |
|    actor_loss      | -1.31e+05 |
|    critic_loss     | 8.1e+05   |
|    ent_coef        | 1.56      |
|    ent_coef_loss   | -0.228    |
|    learning_rate   | 0.0001    |
|    n_updates       | 479899    |
|    reward          | 2495.3965 |
----------------------------------
EPISODE:  482
EPISODE:  483
EPISODE:  484
EPISODE:  485
----------------------------------
| time/              |           |
|    episodes        | 484       |
|    fps             | 22        |
|    time_elapsed    | 21287     |
|    total_timesteps | 484000    |
| train/             |           |
|    actor_loss      | -1.31e+05 |
|    critic_loss     | 7.06e+05  |
|    ent_coef        | 1.51      |
|    ent_coef_loss   | 0.0167    |
|    learning_rate   | 0.0001    |
|    n_updates       | 483899    |
|    reward          | 2428.7493 |
----------------------------------
EPISODE:  486
EPISODE:  487
EPISODE:  488
EPISODE:  489
----------------------------------
| time/              |           |
|    episodes        | 488       |
|    fps             | 22        |
|    time_elapsed    | 21464     |
|    total_timesteps | 488000    |
| train/             |           |
|    actor_loss      | -1.3e+05  |
|    critic_loss     | 8.92e+05  |
|    ent_coef        | 1.49      |
|    ent_coef_loss   | -0.289    |
|    learning_rate   | 0.0001    |
|    n_updates       | 487899    |
|    reward          | 2538.7495 |
----------------------------------
EPISODE:  490
EPISODE:  491
EPISODE:  492
EPISODE:  493
----------------------------------
| time/              |           |
|    episodes        | 492       |
|    fps             | 22        |
|    time_elapsed    | 21640     |
|    total_timesteps | 492000    |
| train/             |           |
|    actor_loss      | -1.29e+05 |
|    critic_loss     | 9.9e+05   |
|    ent_coef        | 1.59      |
|    ent_coef_loss   | 0.0326    |
|    learning_rate   | 0.0001    |
|    n_updates       | 491899    |
|    reward          | 2376.9995 |
----------------------------------
EPISODE:  494
EPISODE:  495
EPISODE:  496
EPISODE:  497
----------------------------------
| time/              |           |
|    episodes        | 496       |
|    fps             | 22        |
|    time_elapsed    | 21817     |
|    total_timesteps | 496000    |
| train/             |           |
|    actor_loss      | -1.3e+05  |
|    critic_loss     | 7.91e+05  |
|    ent_coef        | 1.62      |
|    ent_coef_loss   | 0.0403    |
|    learning_rate   | 0.0001    |
|    n_updates       | 495899    |
|    reward          | 2410.2505 |
----------------------------------
EPISODE:  498
EPISODE:  499
EPISODE:  500
EPISODE:  501
----------------------------------
| time/              |           |
|    episodes        | 500       |
|    fps             | 22        |
|    time_elapsed    | 21975     |
|    total_timesteps | 500000    |
| train/             |           |
|    actor_loss      | -1.26e+05 |
|    critic_loss     | 9.33e+07  |
|    ent_coef        | 2.09      |
|    ent_coef_loss   | -0.134    |
|    learning_rate   | 0.0001    |
|    n_updates       | 499899    |
|    reward          | 2382.754  |
----------------------------------
Saved episode log to Results/4_2/sac/upward_noise/training_logs/06.csv
