EPISODE:  0
{'n_steps': 5, 'ent_coef': 0.005, 'learning_rate': 0.0002}
Using cpu device
EPISODE:  1
----------------------------------------
| time/                 |              |
|    fps                | 144          |
|    iterations         | 100          |
|    time_elapsed       | 3            |
|    total_timesteps    | 500          |
| train/                |              |
|    entropy_loss       | -2.86        |
|    explained_variance | -0.295       |
|    learning_rate      | 0.0002       |
|    n_updates          | 99           |
|    policy_loss        | 0.322        |
|    reward             | -0.028225135 |
|    std                | 1.01         |
|    value_loss         | 0.0174       |
----------------------------------------
EPISODE:  2
----------------------------------------
| time/                 |              |
|    fps                | 141          |
|    iterations         | 200          |
|    time_elapsed       | 7            |
|    total_timesteps    | 1000         |
| train/                |              |
|    entropy_loss       | -2.87        |
|    explained_variance | -6.12e-05    |
|    learning_rate      | 0.0002       |
|    n_updates          | 199          |
|    policy_loss        | -0.176       |
|    reward             | -0.014096981 |
|    std                | 1.01         |
|    value_loss         | 0.00529      |
----------------------------------------
---------------------------------------
| time/                 |             |
|    fps                | 139         |
|    iterations         | 300         |
|    time_elapsed       | 10          |
|    total_timesteps    | 1500        |
| train/                |             |
|    entropy_loss       | -2.87       |
|    explained_variance | 0.000238    |
|    learning_rate      | 0.0002      |
|    n_updates          | 299         |
|    policy_loss        | 0.03        |
|    reward             | 0.033457603 |
|    std                | 1.02        |
|    value_loss         | 0.00038     |
---------------------------------------
EPISODE:  3
---------------------------------------
| time/                 |             |
|    fps                | 138         |
|    iterations         | 400         |
|    time_elapsed       | 14          |
|    total_timesteps    | 2000        |
| train/                |             |
|    entropy_loss       | -2.88       |
|    explained_variance | 0           |
|    learning_rate      | 0.0002      |
|    n_updates          | 399         |
|    policy_loss        | 0.386       |
|    reward             | 0.039001457 |
|    std                | 1.02        |
|    value_loss         | 0.0149      |
---------------------------------------
---------------------------------------
| time/                 |             |
|    fps                | 138         |
|    iterations         | 500         |
|    time_elapsed       | 18          |
|    total_timesteps    | 2500        |
| train/                |             |
|    entropy_loss       | -2.89       |
|    explained_variance | -1.19e-07   |
|    learning_rate      | 0.0002      |
|    n_updates          | 499         |
|    policy_loss        | 0.0213      |
|    reward             | 0.011488255 |
|    std                | 1.02        |
|    value_loss         | 0.000666    |
---------------------------------------
EPISODE:  4
--------------------------------------
| time/                 |            |
|    fps                | 137        |
|    iterations         | 600        |
|    time_elapsed       | 21         |
|    total_timesteps    | 3000       |
| train/                |            |
|    entropy_loss       | -2.89      |
|    explained_variance | -0.031     |
|    learning_rate      | 0.0002     |
|    n_updates          | 599        |
|    policy_loss        | -0.0282    |
|    reward             | -0.0369963 |
|    std                | 1.03       |
|    value_loss         | 0.00052    |
--------------------------------------
----------------------------------------
| time/                 |              |
|    fps                | 136          |
|    iterations         | 700          |
|    time_elapsed       | 25           |
|    total_timesteps    | 3500         |
| train/                |              |
|    entropy_loss       | -2.89        |
|    explained_variance | 0            |
|    learning_rate      | 0.0002       |
|    n_updates          | 699          |
|    policy_loss        | 0.233        |
|    reward             | -0.016853955 |
|    std                | 1.03         |
|    value_loss         | 0.00497      |
----------------------------------------
EPISODE:  5
---------------------------------------
| time/                 |             |
|    fps                | 135         |
|    iterations         | 800         |
|    time_elapsed       | 29          |
|    total_timesteps    | 4000        |
| train/                |             |
|    entropy_loss       | -2.91       |
|    explained_variance | -0.0416     |
|    learning_rate      | 0.0002      |
|    n_updates          | 799         |
|    policy_loss        | 0.0232      |
|    reward             | 0.008904215 |
|    std                | 1.03        |
|    value_loss         | 0.00108     |
---------------------------------------
---------------------------------------
| time/                 |             |
|    fps                | 135         |
|    iterations         | 900         |
|    time_elapsed       | 33          |
|    total_timesteps    | 4500        |
| train/                |             |
|    entropy_loss       | -2.91       |
|    explained_variance | 0.336       |
|    learning_rate      | 0.0002      |
|    n_updates          | 899         |
|    policy_loss        | 0.0239      |
|    reward             | -0.06308925 |
|    std                | 1.04        |
|    value_loss         | 0.000629    |
---------------------------------------
EPISODE:  6
---------------------------------------
| time/                 |             |
|    fps                | 135         |
|    iterations         | 1000        |
|    time_elapsed       | 36          |
|    total_timesteps    | 5000        |
| train/                |             |
|    entropy_loss       | -2.92       |
|    explained_variance | 0           |
|    learning_rate      | 0.0002      |
|    n_updates          | 999         |
|    policy_loss        | -0.0974     |
|    reward             | 0.023434259 |
|    std                | 1.04        |
|    value_loss         | 0.000762    |
---------------------------------------
---------------------------------------
| time/                 |             |
|    fps                | 134         |
|    iterations         | 1100        |
|    time_elapsed       | 40          |
|    total_timesteps    | 5500        |
| train/                |             |
|    entropy_loss       | -2.92       |
|    explained_variance | 1.01e-05    |
|    learning_rate      | 0.0002      |
|    n_updates          | 1099        |
|    policy_loss        | 0.184       |
|    reward             | 0.011450192 |
|    std                | 1.04        |
|    value_loss         | 0.00289     |
---------------------------------------
EPISODE:  7
-------------------------------------
| time/                 |           |
|    fps                | 131       |
|    iterations         | 1200      |
|    time_elapsed       | 45        |
|    total_timesteps    | 6000      |
| train/                |           |
|    entropy_loss       | -2.93     |
|    explained_variance | 1.79e-07  |
|    learning_rate      | 0.0002    |
|    n_updates          | 1199      |
|    policy_loss        | 0.0971    |
|    reward             | 0.0323439 |
|    std                | 1.05      |
|    value_loss         | 0.00145   |
-------------------------------------
--------------------------------------
| time/                 |            |
|    fps                | 128        |
|    iterations         | 1300       |
|    time_elapsed       | 50         |
|    total_timesteps    | 6500       |
| train/                |            |
|    entropy_loss       | -2.94      |
|    explained_variance | 0          |
|    learning_rate      | 0.0002     |
|    n_updates          | 1299       |
|    policy_loss        | 0.0286     |
|    reward             | 0.03303992 |
|    std                | 1.05       |
|    value_loss         | 0.000199   |
--------------------------------------
EPISODE:  8
----------------------------------------
| time/                 |              |
|    fps                | 126          |
|    iterations         | 1400         |
|    time_elapsed       | 55           |
|    total_timesteps    | 7000         |
| train/                |              |
|    entropy_loss       | -2.95        |
|    explained_variance | -3.58e-07    |
|    learning_rate      | 0.0002       |
|    n_updates          | 1399         |
|    policy_loss        | 0.164        |
|    reward             | -0.018943844 |
|    std                | 1.06         |
|    value_loss         | 0.00388      |
----------------------------------------
----------------------------------------
| time/                 |              |
|    fps                | 124          |
|    iterations         | 1500         |
|    time_elapsed       | 60           |
|    total_timesteps    | 7500         |
| train/                |              |
|    entropy_loss       | -2.97        |
|    explained_variance | -1.1         |
|    learning_rate      | 0.0002       |
|    n_updates          | 1499         |
|    policy_loss        | -0.335       |
|    reward             | -0.023691189 |
|    std                | 1.07         |
|    value_loss         | 0.0117       |
----------------------------------------
EPISODE:  9
---------------------------------------
| time/                 |             |
|    fps                | 120         |
|    iterations         | 1600        |
|    time_elapsed       | 66          |
|    total_timesteps    | 8000        |
| train/                |             |
|    entropy_loss       | -2.97       |
|    explained_variance | 4.58e-05    |
|    learning_rate      | 0.0002      |
|    n_updates          | 1599        |
|    policy_loss        | -0.0727     |
|    reward             | -0.05294735 |
|    std                | 1.07        |
|    value_loss         | 0.00156     |
---------------------------------------
---------------------------------------
| time/                 |             |
|    fps                | 119         |
|    iterations         | 1700        |
|    time_elapsed       | 70          |
|    total_timesteps    | 8500        |
| train/                |             |
|    entropy_loss       | -2.98       |
|    explained_variance | 0.0346      |
|    learning_rate      | 0.0002      |
|    n_updates          | 1699        |
|    policy_loss        | -0.171      |
|    reward             | 0.009124109 |
|    std                | 1.08        |
|    value_loss         | 0.00409     |
---------------------------------------
EPISODE:  10
---------------------------------------
| time/                 |             |
|    fps                | 117         |
|    iterations         | 1800        |
|    time_elapsed       | 76          |
|    total_timesteps    | 9000        |
| train/                |             |
|    entropy_loss       | -2.99       |
|    explained_variance | -1.19e-07   |
|    learning_rate      | 0.0002      |
|    n_updates          | 1799        |
|    policy_loss        | -0.232      |
|    reward             | 0.030744158 |
|    std                | 1.08        |
|    value_loss         | 0.00495     |
---------------------------------------
----------------------------------------
| time/                 |              |
|    fps                | 116          |
|    iterations         | 1900         |
|    time_elapsed       | 81           |
|    total_timesteps    | 9500         |
| train/                |              |
|    entropy_loss       | -2.99        |
|    explained_variance | 0            |
|    learning_rate      | 0.0002       |
|    n_updates          | 1899         |
|    policy_loss        | 0.0144       |
|    reward             | -0.018711476 |
|    std                | 1.08         |
|    value_loss         | 0.000306     |
----------------------------------------
EPISODE:  11
---------------------------------------
| time/                 |             |
|    fps                | 116         |
|    iterations         | 2000        |
|    time_elapsed       | 85          |
|    total_timesteps    | 10000       |
| train/                |             |
|    entropy_loss       | -3          |
|    explained_variance | 1.46e-05    |
|    learning_rate      | 0.0002      |
|    n_updates          | 1999        |
|    policy_loss        | -0.0702     |
|    reward             | 0.011071042 |
|    std                | 1.09        |
|    value_loss         | 0.000976    |
---------------------------------------
---------------------------------------
| time/                 |             |
|    fps                | 115         |
|    iterations         | 2100        |
|    time_elapsed       | 90          |
|    total_timesteps    | 10500       |
| train/                |             |
|    entropy_loss       | -3.01       |
|    explained_variance | -0.193      |
|    learning_rate      | 0.0002      |
|    n_updates          | 2099        |
|    policy_loss        | 0.107       |
|    reward             | 0.008652539 |
|    std                | 1.09        |
|    value_loss         | 0.0018      |
---------------------------------------
EPISODE:  12
---------------------------------------
| time/                 |             |
|    fps                | 115         |
|    iterations         | 2200        |
|    time_elapsed       | 95          |
|    total_timesteps    | 11000       |
| train/                |             |
|    entropy_loss       | -3.01       |
|    explained_variance | 0.51        |
|    learning_rate      | 0.0002      |
|    n_updates          | 2199        |
|    policy_loss        | 0.0412      |
|    reward             | -0.04779614 |
|    std                | 1.09        |
|    value_loss         | 0.000288    |
---------------------------------------
----------------------------------------
| time/                 |              |
|    fps                | 114          |
|    iterations         | 2300         |
|    time_elapsed       | 100          |
|    total_timesteps    | 11500        |
| train/                |              |
|    entropy_loss       | -3.02        |
|    explained_variance | 2.5e-06      |
|    learning_rate      | 0.0002       |
|    n_updates          | 2299         |
|    policy_loss        | -0.00435     |
|    reward             | -0.024153782 |
|    std                | 1.1          |
|    value_loss         | 0.000196     |
----------------------------------------
EPISODE:  13
----------------------------------------
| time/                 |              |
|    fps                | 114          |
|    iterations         | 2400         |
|    time_elapsed       | 104          |
|    total_timesteps    | 12000        |
| train/                |              |
|    entropy_loss       | -3.02        |
|    explained_variance | 0.176        |
|    learning_rate      | 0.0002       |
|    n_updates          | 2399         |
|    policy_loss        | -0.209       |
|    reward             | 0.0066578276 |
|    std                | 1.1          |
|    value_loss         | 0.00674      |
----------------------------------------
-------------------------------------
| time/                 |           |
|    fps                | 114       |
|    iterations         | 2500      |
|    time_elapsed       | 109       |
|    total_timesteps    | 12500     |
| train/                |           |
|    entropy_loss       | -3.03     |
|    explained_variance | 0         |
|    learning_rate      | 0.0002    |
|    n_updates          | 2499      |
|    policy_loss        | 0.238     |
|    reward             | 0.0061028 |
|    std                | 1.1       |
|    value_loss         | 0.00619   |
-------------------------------------
EPISODE:  14
---------------------------------------
| time/                 |             |
|    fps                | 113         |
|    iterations         | 2600        |
|    time_elapsed       | 114         |
|    total_timesteps    | 13000       |
| train/                |             |
|    entropy_loss       | -3.04       |
|    explained_variance | 0.000152    |
|    learning_rate      | 0.0002      |
|    n_updates          | 2599        |
|    policy_loss        | -0.176      |
|    reward             | -0.04744508 |
|    std                | 1.11        |
|    value_loss         | 0.0023      |
---------------------------------------
----------------------------------------
| time/                 |              |
|    fps                | 113          |
|    iterations         | 2700         |
|    time_elapsed       | 118          |
|    total_timesteps    | 13500        |
| train/                |              |
|    entropy_loss       | -3.04        |
|    explained_variance | 0            |
|    learning_rate      | 0.0002       |
|    n_updates          | 2699         |
|    policy_loss        | -0.0659      |
|    reward             | -0.030358441 |
|    std                | 1.11         |
|    value_loss         | 0.000514     |
----------------------------------------
EPISODE:  15
---------------------------------------
| time/                 |             |
|    fps                | 113         |
|    iterations         | 2800        |
|    time_elapsed       | 123         |
|    total_timesteps    | 14000       |
| train/                |             |
|    entropy_loss       | -3.05       |
|    explained_variance | -1.02       |
|    learning_rate      | 0.0002      |
|    n_updates          | 2799        |
|    policy_loss        | -0.0863     |
|    reward             | 0.020106038 |
|    std                | 1.11        |
|    value_loss         | 0.00123     |
---------------------------------------
------------------------------------------
| time/                 |                |
|    fps                | 113            |
|    iterations         | 2900           |
|    time_elapsed       | 127            |
|    total_timesteps    | 14500          |
| train/                |                |
|    entropy_loss       | -3.06          |
|    explained_variance | -5.96e-07      |
|    learning_rate      | 0.0002         |
|    n_updates          | 2899           |
|    policy_loss        | -0.0252        |
|    reward             | -0.00096728356 |
|    std                | 1.12           |
|    value_loss         | 0.000479       |
------------------------------------------
EPISODE:  16
----------------------------------------
| time/                 |              |
|    fps                | 113          |
|    iterations         | 3000         |
|    time_elapsed       | 132          |
|    total_timesteps    | 15000        |
| train/                |              |
|    entropy_loss       | -3.06        |
|    explained_variance | 0.338        |
|    learning_rate      | 0.0002       |
|    n_updates          | 2999         |
|    policy_loss        | -0.07        |
|    reward             | -0.022889039 |
|    std                | 1.12         |
|    value_loss         | 0.000829     |
----------------------------------------
--------------------------------------
| time/                 |            |
|    fps                | 113        |
|    iterations         | 3100       |
|    time_elapsed       | 136        |
|    total_timesteps    | 15500      |
| train/                |            |
|    entropy_loss       | -3.06      |
|    explained_variance | 5.36e-07   |
|    learning_rate      | 0.0002     |
|    n_updates          | 3099       |
|    policy_loss        | 0.128      |
|    reward             | 0.03026088 |
|    std                | 1.12       |
|    value_loss         | 0.00206    |
--------------------------------------
EPISODE:  17
----------------------------------------
| time/                 |              |
|    fps                | 113          |
|    iterations         | 3200         |
|    time_elapsed       | 140          |
|    total_timesteps    | 16000        |
| train/                |              |
|    entropy_loss       | -3.07        |
|    explained_variance | 0            |
|    learning_rate      | 0.0002       |
|    n_updates          | 3199         |
|    policy_loss        | 0.239        |
|    reward             | -0.033475474 |
|    std                | 1.12         |
|    value_loss         | 0.00614      |
----------------------------------------
---------------------------------------
| time/                 |             |
|    fps                | 113         |
|    iterations         | 3300        |
|    time_elapsed       | 144         |
|    total_timesteps    | 16500       |
| train/                |             |
|    entropy_loss       | -3.08       |
|    explained_variance | 0           |
|    learning_rate      | 0.0002      |
|    n_updates          | 3299        |
|    policy_loss        | -0.0103     |
|    reward             | -0.04219546 |
|    std                | 1.13        |
|    value_loss         | 0.000736    |
---------------------------------------
EPISODE:  18
---------------------------------------
| time/                 |             |
|    fps                | 114         |
|    iterations         | 3400        |
|    time_elapsed       | 148         |
|    total_timesteps    | 17000       |
| train/                |             |
|    entropy_loss       | -3.08       |
|    explained_variance | 2.15e-06    |
|    learning_rate      | 0.0002      |
|    n_updates          | 3399        |
|    policy_loss        | 0.0703      |
|    reward             | 0.047857873 |
|    std                | 1.13        |
|    value_loss         | 0.00103     |
---------------------------------------
----------------------------------------
| time/                 |              |
|    fps                | 114          |
|    iterations         | 3500         |
|    time_elapsed       | 152          |
|    total_timesteps    | 17500        |
| train/                |              |
|    entropy_loss       | -3.09        |
|    explained_variance | 1.19e-07     |
|    learning_rate      | 0.0002       |
|    n_updates          | 3499         |
|    policy_loss        | 0.215        |
|    reward             | 0.0025355876 |
|    std                | 1.13         |
|    value_loss         | 0.00823      |
----------------------------------------
EPISODE:  19
---------------------------------------
| time/                 |             |
|    fps                | 114         |
|    iterations         | 3600        |
|    time_elapsed       | 157         |
|    total_timesteps    | 18000       |
| train/                |             |
|    entropy_loss       | -3.09       |
|    explained_variance | 0           |
|    learning_rate      | 0.0002      |
|    n_updates          | 3599        |
|    policy_loss        | 0.132       |
|    reward             | 0.011559989 |
|    std                | 1.14        |
|    value_loss         | 0.00314     |
---------------------------------------
---------------------------------------
| time/                 |             |
|    fps                | 114         |
|    iterations         | 3700        |
|    time_elapsed       | 160         |
|    total_timesteps    | 18500       |
| train/                |             |
|    entropy_loss       | -3.1        |
|    explained_variance | -7.15e-07   |
|    learning_rate      | 0.0002      |
|    n_updates          | 3699        |
|    policy_loss        | 0.113       |
|    reward             | -0.01792476 |
|    std                | 1.14        |
|    value_loss         | 0.00143     |
---------------------------------------
EPISODE:  20
--------------------------------------
| time/                 |            |
|    fps                | 115        |
|    iterations         | 3800       |
|    time_elapsed       | 164        |
|    total_timesteps    | 19000      |
| train/                |            |
|    entropy_loss       | -3.11      |
|    explained_variance | 0          |
|    learning_rate      | 0.0002     |
|    n_updates          | 3799       |
|    policy_loss        | 0.076      |
|    reward             | 0.05355455 |
|    std                | 1.15       |
|    value_loss         | 0.000581   |
--------------------------------------
----------------------------------------
| time/                 |              |
|    fps                | 115          |
|    iterations         | 3900         |
|    time_elapsed       | 168          |
|    total_timesteps    | 19500        |
| train/                |              |
|    entropy_loss       | -3.11        |
|    explained_variance | 0            |
|    learning_rate      | 0.0002       |
|    n_updates          | 3899         |
|    policy_loss        | 0.0297       |
|    reward             | -0.010378278 |
|    std                | 1.15         |
|    value_loss         | 0.000544     |
----------------------------------------
EPISODE:  21
--------------------------------------
| time/                 |            |
|    fps                | 116        |
|    iterations         | 4000       |
|    time_elapsed       | 172        |
|    total_timesteps    | 20000      |
| train/                |            |
|    entropy_loss       | -3.12      |
|    explained_variance | 1.19e-07   |
|    learning_rate      | 0.0002     |
|    n_updates          | 3999       |
|    policy_loss        | -0.0596    |
|    reward             | -0.0296814 |
|    std                | 1.15       |
|    value_loss         | 0.00123    |
--------------------------------------
----------------------------------------
| time/                 |              |
|    fps                | 116          |
|    iterations         | 4100         |
|    time_elapsed       | 176          |
|    total_timesteps    | 20500        |
| train/                |              |
|    entropy_loss       | -3.12        |
|    explained_variance | -1.19e-06    |
|    learning_rate      | 0.0002       |
|    n_updates          | 4099         |
|    policy_loss        | 0.142        |
|    reward             | -0.008489258 |
|    std                | 1.16         |
|    value_loss         | 0.00211      |
----------------------------------------
EPISODE:  22
----------------------------------------
| time/                 |              |
|    fps                | 116          |
|    iterations         | 4200         |
|    time_elapsed       | 180          |
|    total_timesteps    | 21000        |
| train/                |              |
|    entropy_loss       | -3.13        |
|    explained_variance | 0            |
|    learning_rate      | 0.0002       |
|    n_updates          | 4199         |
|    policy_loss        | 0.192        |
|    reward             | -0.017185567 |
|    std                | 1.16         |
|    value_loss         | 0.00333      |
----------------------------------------
---------------------------------------
| time/                 |             |
|    fps                | 116         |
|    iterations         | 4300        |
|    time_elapsed       | 184         |
|    total_timesteps    | 21500       |
| train/                |             |
|    entropy_loss       | -3.14       |
|    explained_variance | 0           |
|    learning_rate      | 0.0002      |
|    n_updates          | 4299        |
|    policy_loss        | -0.294      |
|    reward             | 0.044636454 |
|    std                | 1.16        |
|    value_loss         | 0.00941     |
---------------------------------------
EPISODE:  23
---------------------------------------
| time/                 |             |
|    fps                | 116         |
|    iterations         | 4400        |
|    time_elapsed       | 188         |
|    total_timesteps    | 22000       |
| train/                |             |
|    entropy_loss       | -3.15       |
|    explained_variance | 0           |
|    learning_rate      | 0.0002      |
|    n_updates          | 4399        |
|    policy_loss        | 0.0867      |
|    reward             | -0.04513703 |
|    std                | 1.17        |
|    value_loss         | 0.00183     |
---------------------------------------
----------------------------------------
| time/                 |              |
|    fps                | 117          |
|    iterations         | 4500         |
|    time_elapsed       | 192          |
|    total_timesteps    | 22500        |
| train/                |              |
|    entropy_loss       | -3.15        |
|    explained_variance | 5.96e-08     |
|    learning_rate      | 0.0002       |
|    n_updates          | 4499         |
|    policy_loss        | 0.0744       |
|    reward             | -0.031897984 |
|    std                | 1.17         |
|    value_loss         | 0.00111      |
----------------------------------------
EPISODE:  24
----------------------------------------
| time/                 |              |
|    fps                | 117          |
|    iterations         | 4600         |
|    time_elapsed       | 196          |
|    total_timesteps    | 23000        |
| train/                |              |
|    entropy_loss       | -3.16        |
|    explained_variance | 2.09e-06     |
|    learning_rate      | 0.0002       |
|    n_updates          | 4599         |
|    policy_loss        | 0.316        |
|    reward             | -0.030614989 |
|    std                | 1.18         |
|    value_loss         | 0.0157       |
----------------------------------------
----------------------------------------
| time/                 |              |
|    fps                | 117          |
|    iterations         | 4700         |
|    time_elapsed       | 199          |
|    total_timesteps    | 23500        |
| train/                |              |
|    entropy_loss       | -3.17        |
|    explained_variance | 0            |
|    learning_rate      | 0.0002       |
|    n_updates          | 4699         |
|    policy_loss        | 0.0492       |
|    reward             | -0.035855494 |
|    std                | 1.18         |
|    value_loss         | 0.00413      |
----------------------------------------
EPISODE:  25
---------------------------------------
| time/                 |             |
|    fps                | 117         |
|    iterations         | 4800        |
|    time_elapsed       | 203         |
|    total_timesteps    | 24000       |
| train/                |             |
|    entropy_loss       | -3.17       |
|    explained_variance | 0           |
|    learning_rate      | 0.0002      |
|    n_updates          | 4799        |
|    policy_loss        | -0.0334     |
|    reward             | 0.014314182 |
|    std                | 1.18        |
|    value_loss         | 0.000383    |
---------------------------------------
----------------------------------------
| time/                 |              |
|    fps                | 118          |
|    iterations         | 4900         |
|    time_elapsed       | 207          |
|    total_timesteps    | 24500        |
| train/                |              |
|    entropy_loss       | -3.18        |
|    explained_variance | 0            |
|    learning_rate      | 0.0002       |
|    n_updates          | 4899         |
|    policy_loss        | -0.0256      |
|    reward             | -0.012147226 |
|    std                | 1.19         |
|    value_loss         | 0.000185     |
----------------------------------------
EPISODE:  26
---------------------------------------
| time/                 |             |
|    fps                | 118         |
|    iterations         | 5000        |
|    time_elapsed       | 210         |
|    total_timesteps    | 25000       |
| train/                |             |
|    entropy_loss       | -3.18       |
|    explained_variance | 0           |
|    learning_rate      | 0.0002      |
|    n_updates          | 4999        |
|    policy_loss        | 0.141       |
|    reward             | 0.028846813 |
|    std                | 1.19        |
|    value_loss         | 0.00332     |
---------------------------------------
---------------------------------------
| time/                 |             |
|    fps                | 119         |
|    iterations         | 5100        |
|    time_elapsed       | 213         |
|    total_timesteps    | 25500       |
| train/                |             |
|    entropy_loss       | -3.19       |
|    explained_variance | 0           |
|    learning_rate      | 0.0002      |
|    n_updates          | 5099        |
|    policy_loss        | 0.1         |
|    reward             | 0.055831943 |
|    std                | 1.19        |
|    value_loss         | 0.00054     |
---------------------------------------
EPISODE:  27
---------------------------------------
| time/                 |             |
|    fps                | 119         |
|    iterations         | 5200        |
|    time_elapsed       | 216         |
|    total_timesteps    | 26000       |
| train/                |             |
|    entropy_loss       | -3.19       |
|    explained_variance | 5.96e-08    |
|    learning_rate      | 0.0002      |
|    n_updates          | 5199        |
|    policy_loss        | -0.0821     |
|    reward             | 0.015417937 |
|    std                | 1.19        |
|    value_loss         | 0.00189     |
---------------------------------------
-----------------------------------------
| time/                 |               |
|    fps                | 120           |
|    iterations         | 5300          |
|    time_elapsed       | 220           |
|    total_timesteps    | 26500         |
| train/                |               |
|    entropy_loss       | -3.21         |
|    explained_variance | 0             |
|    learning_rate      | 0.0002        |
|    n_updates          | 5299          |
|    policy_loss        | 0.0736        |
|    reward             | -0.0098075215 |
|    std                | 1.2           |
|    value_loss         | 0.001         |
-----------------------------------------
EPISODE:  28
---------------------------------------
| time/                 |             |
|    fps                | 120         |
|    iterations         | 5400        |
|    time_elapsed       | 223         |
|    total_timesteps    | 27000       |
| train/                |             |
|    entropy_loss       | -3.21       |
|    explained_variance | 0           |
|    learning_rate      | 0.0002      |
|    n_updates          | 5399        |
|    policy_loss        | -0.23       |
|    reward             | -0.06119941 |
|    std                | 1.2         |
|    value_loss         | 0.00607     |
---------------------------------------
----------------------------------------
| time/                 |              |
|    fps                | 121          |
|    iterations         | 5500         |
|    time_elapsed       | 226          |
|    total_timesteps    | 27500        |
| train/                |              |
|    entropy_loss       | -3.21        |
|    explained_variance | 1.91e-06     |
|    learning_rate      | 0.0002       |
|    n_updates          | 5499         |
|    policy_loss        | 0.0249       |
|    reward             | 0.0047753984 |
|    std                | 1.21         |
|    value_loss         | 0.000187     |
----------------------------------------
EPISODE:  29
---------------------------------------
| time/                 |             |
|    fps                | 122         |
|    iterations         | 5600        |
|    time_elapsed       | 228         |
|    total_timesteps    | 28000       |
| train/                |             |
|    entropy_loss       | -3.22       |
|    explained_variance | 0           |
|    learning_rate      | 0.0002      |
|    n_updates          | 5599        |
|    policy_loss        | -0.0844     |
|    reward             | 0.026169363 |
|    std                | 1.21        |
|    value_loss         | 0.00198     |
---------------------------------------
---------------------------------------
| time/                 |             |
|    fps                | 122         |
|    iterations         | 5700        |
|    time_elapsed       | 231         |
|    total_timesteps    | 28500       |
| train/                |             |
|    entropy_loss       | -3.23       |
|    explained_variance | 1.19e-07    |
|    learning_rate      | 0.0002      |
|    n_updates          | 5699        |
|    policy_loss        | 0.213       |
|    reward             | -0.01420917 |
|    std                | 1.22        |
|    value_loss         | 0.00555     |
---------------------------------------
EPISODE:  30
----------------------------------------
| time/                 |              |
|    fps                | 123          |
|    iterations         | 5800         |
|    time_elapsed       | 234          |
|    total_timesteps    | 29000        |
| train/                |              |
|    entropy_loss       | -3.24        |
|    explained_variance | 5.96e-08     |
|    learning_rate      | 0.0002       |
|    n_updates          | 5799         |
|    policy_loss        | 0.214        |
|    reward             | 0.0011756683 |
|    std                | 1.23         |
|    value_loss         | 0.00808      |
----------------------------------------
----------------------------------------
| time/                 |              |
|    fps                | 124          |
|    iterations         | 5900         |
|    time_elapsed       | 237          |
|    total_timesteps    | 29500        |
| train/                |              |
|    entropy_loss       | -3.24        |
|    explained_variance | 0            |
|    learning_rate      | 0.0002       |
|    n_updates          | 5899         |
|    policy_loss        | -0.216       |
|    reward             | -0.037481476 |
|    std                | 1.23         |
|    value_loss         | 0.00799      |
----------------------------------------
EPISODE:  31
----------------------------------------
| time/                 |              |
|    fps                | 124          |
|    iterations         | 6000         |
|    time_elapsed       | 240          |
|    total_timesteps    | 30000        |
| train/                |              |
|    entropy_loss       | -3.26        |
|    explained_variance | 0            |
|    learning_rate      | 0.0002       |
|    n_updates          | 5999         |
|    policy_loss        | 0.111        |
|    reward             | 0.0030254025 |
|    std                | 1.23         |
|    value_loss         | 0.0023       |
----------------------------------------
----------------------------------------
| time/                 |              |
|    fps                | 125          |
|    iterations         | 6100         |
|    time_elapsed       | 242          |
|    total_timesteps    | 30500        |
| train/                |              |
|    entropy_loss       | -3.27        |
|    explained_variance | -1.19e-07    |
|    learning_rate      | 0.0002       |
|    n_updates          | 6099         |
|    policy_loss        | -0.0179      |
|    reward             | -0.010805425 |
|    std                | 1.24         |
|    value_loss         | 0.000283     |
----------------------------------------
EPISODE:  32
---------------------------------------
| time/                 |             |
|    fps                | 126         |
|    iterations         | 6200        |
|    time_elapsed       | 245         |
|    total_timesteps    | 31000       |
| train/                |             |
|    entropy_loss       | -3.27       |
|    explained_variance | 0           |
|    learning_rate      | 0.0002      |
|    n_updates          | 6199        |
|    policy_loss        | -0.0476     |
|    reward             | 0.025099311 |
|    std                | 1.24        |
|    value_loss         | 0.000267    |
---------------------------------------
----------------------------------------
| time/                 |              |
|    fps                | 126          |
|    iterations         | 6300         |
|    time_elapsed       | 248          |
|    total_timesteps    | 31500        |
| train/                |              |
|    entropy_loss       | -3.28        |
|    explained_variance | 0            |
|    learning_rate      | 0.0002       |
|    n_updates          | 6299         |
|    policy_loss        | -0.258       |
|    reward             | -0.005483995 |
|    std                | 1.25         |
|    value_loss         | 0.00293      |
----------------------------------------
EPISODE:  33
---------------------------------------
| time/                 |             |
|    fps                | 127         |
|    iterations         | 6400        |
|    time_elapsed       | 251         |
|    total_timesteps    | 32000       |
| train/                |             |
|    entropy_loss       | -3.29       |
|    explained_variance | 0           |
|    learning_rate      | 0.0002      |
|    n_updates          | 6399        |
|    policy_loss        | 0.00917     |
|    reward             | -0.04539304 |
|    std                | 1.25        |
|    value_loss         | 0.000157    |
---------------------------------------
---------------------------------------
| time/                 |             |
|    fps                | 127         |
|    iterations         | 6500        |
|    time_elapsed       | 255         |
|    total_timesteps    | 32500       |
| train/                |             |
|    entropy_loss       | -3.3        |
|    explained_variance | -1.07e-06   |
|    learning_rate      | 0.0002      |
|    n_updates          | 6499        |
|    policy_loss        | -0.132      |
|    reward             | 0.006836292 |
|    std                | 1.26        |
|    value_loss         | 0.00137     |
---------------------------------------
EPISODE:  34
------------------------------------------
| time/                 |                |
|    fps                | 127            |
|    iterations         | 6600           |
|    time_elapsed       | 257            |
|    total_timesteps    | 33000          |
| train/                |                |
|    entropy_loss       | -3.3           |
|    explained_variance | 0              |
|    learning_rate      | 0.0002         |
|    n_updates          | 6599           |
|    policy_loss        | 0.0953         |
|    reward             | -0.00085697236 |
|    std                | 1.26           |
|    value_loss         | 0.00091        |
------------------------------------------
---------------------------------------
| time/                 |             |
|    fps                | 128         |
|    iterations         | 6700        |
|    time_elapsed       | 260         |
|    total_timesteps    | 33500       |
| train/                |             |
|    entropy_loss       | -3.31       |
|    explained_variance | 0           |
|    learning_rate      | 0.0002      |
|    n_updates          | 6699        |
|    policy_loss        | 0.164       |
|    reward             | 0.006077082 |
|    std                | 1.27        |
|    value_loss         | 0.00294     |
---------------------------------------
EPISODE:  35
----------------------------------------
| time/                 |              |
|    fps                | 128          |
|    iterations         | 6800         |
|    time_elapsed       | 263          |
|    total_timesteps    | 34000        |
| train/                |              |
|    entropy_loss       | -3.32        |
|    explained_variance | 0            |
|    learning_rate      | 0.0002       |
|    n_updates          | 6799         |
|    policy_loss        | 0.0606       |
|    reward             | 0.0049085543 |
|    std                | 1.27         |
|    value_loss         | 0.000525     |
----------------------------------------
----------------------------------------
| time/                 |              |
|    fps                | 129          |
|    iterations         | 6900         |
|    time_elapsed       | 266          |
|    total_timesteps    | 34500        |
| train/                |              |
|    entropy_loss       | -3.33        |
|    explained_variance | 1.19e-07     |
|    learning_rate      | 0.0002       |
|    n_updates          | 6899         |
|    policy_loss        | -0.187       |
|    reward             | 0.0033397635 |
|    std                | 1.28         |
|    value_loss         | 0.00386      |
----------------------------------------
EPISODE:  36
----------------------------------------
| time/                 |              |
|    fps                | 129          |
|    iterations         | 7000         |
|    time_elapsed       | 269          |
|    total_timesteps    | 35000        |
| train/                |              |
|    entropy_loss       | -3.33        |
|    explained_variance | 0            |
|    learning_rate      | 0.0002       |
|    n_updates          | 6999         |
|    policy_loss        | -0.0217      |
|    reward             | -0.060025934 |
|    std                | 1.28         |
|    value_loss         | 0.000486     |
----------------------------------------
---------------------------------------
| time/                 |             |
|    fps                | 130         |
|    iterations         | 7100        |
|    time_elapsed       | 272         |
|    total_timesteps    | 35500       |
| train/                |             |
|    entropy_loss       | -3.34       |
|    explained_variance | 1.19e-07    |
|    learning_rate      | 0.0002      |
|    n_updates          | 7099        |
|    policy_loss        | 0.0657      |
|    reward             | 0.064657345 |
|    std                | 1.28        |
|    value_loss         | 0.000905    |
---------------------------------------
EPISODE:  37
---------------------------------------
| time/                 |             |
|    fps                | 130         |
|    iterations         | 7200        |
|    time_elapsed       | 275         |
|    total_timesteps    | 36000       |
| train/                |             |
|    entropy_loss       | -3.35       |
|    explained_variance | -5.96e-07   |
|    learning_rate      | 0.0002      |
|    n_updates          | 7199        |
|    policy_loss        | -0.225      |
|    reward             | 0.034956556 |
|    std                | 1.29        |
|    value_loss         | 0.00521     |
---------------------------------------
--------------------------------------
| time/                 |            |
|    fps                | 131        |
|    iterations         | 7300       |
|    time_elapsed       | 278        |
|    total_timesteps    | 36500      |
| train/                |            |
|    entropy_loss       | -3.35      |
|    explained_variance | 0.00022    |
|    learning_rate      | 0.0002     |
|    n_updates          | 7299       |
|    policy_loss        | -0.128     |
|    reward             | 0.00796702 |
|    std                | 1.29       |
|    value_loss         | 0.0021     |
--------------------------------------
EPISODE:  38
---------------------------------------
| time/                 |             |
|    fps                | 131         |
|    iterations         | 7400        |
|    time_elapsed       | 281         |
|    total_timesteps    | 37000       |
| train/                |             |
|    entropy_loss       | -3.36       |
|    explained_variance | -2.38e-07   |
|    learning_rate      | 0.0002      |
|    n_updates          | 7399        |
|    policy_loss        | -0.137      |
|    reward             | 0.030132132 |
|    std                | 1.3         |
|    value_loss         | 0.00323     |
---------------------------------------
----------------------------------------
| time/                 |              |
|    fps                | 131          |
|    iterations         | 7500         |
|    time_elapsed       | 284          |
|    total_timesteps    | 37500        |
| train/                |              |
|    entropy_loss       | -3.36        |
|    explained_variance | 0            |
|    learning_rate      | 0.0002       |
|    n_updates          | 7499         |
|    policy_loss        | 0.313        |
|    reward             | -0.027346486 |
|    std                | 1.3          |
|    value_loss         | 0.00708      |
----------------------------------------
EPISODE:  39
-----------------------------------------
| time/                 |               |
|    fps                | 132           |
|    iterations         | 7600          |
|    time_elapsed       | 287           |
|    total_timesteps    | 38000         |
| train/                |               |
|    entropy_loss       | -3.37         |
|    explained_variance | 0             |
|    learning_rate      | 0.0002        |
|    n_updates          | 7599          |
|    policy_loss        | -0.116        |
|    reward             | -0.0019998015 |
|    std                | 1.3           |
|    value_loss         | 0.000906      |
-----------------------------------------
----------------------------------------
| time/                 |              |
|    fps                | 132          |
|    iterations         | 7700         |
|    time_elapsed       | 290          |
|    total_timesteps    | 38500        |
| train/                |              |
|    entropy_loss       | -3.38        |
|    explained_variance | 0            |
|    learning_rate      | 0.0002       |
|    n_updates          | 7699         |
|    policy_loss        | 0.166        |
|    reward             | -0.004299037 |
|    std                | 1.31         |
|    value_loss         | 0.00305      |
----------------------------------------
EPISODE:  40
--------------------------------------
| time/                 |            |
|    fps                | 132        |
|    iterations         | 7800       |
|    time_elapsed       | 293        |
|    total_timesteps    | 39000      |
| train/                |            |
|    entropy_loss       | -3.39      |
|    explained_variance | 0          |
|    learning_rate      | 0.0002     |
|    n_updates          | 7799       |
|    policy_loss        | -0.081     |
|    reward             | -0.0378302 |
|    std                | 1.32       |
|    value_loss         | 0.000733   |
--------------------------------------
---------------------------------------
| time/                 |             |
|    fps                | 133         |
|    iterations         | 7900        |
|    time_elapsed       | 296         |
|    total_timesteps    | 39500       |
| train/                |             |
|    entropy_loss       | -3.4        |
|    explained_variance | -1.19e-07   |
|    learning_rate      | 0.0002      |
|    n_updates          | 7899        |
|    policy_loss        | -0.137      |
|    reward             | 0.008728695 |
|    std                | 1.32        |
|    value_loss         | 0.00176     |
---------------------------------------
EPISODE:  41
---------------------------------------
| time/                 |             |
|    fps                | 133         |
|    iterations         | 8000        |
|    time_elapsed       | 299         |
|    total_timesteps    | 40000       |
| train/                |             |
|    entropy_loss       | -3.41       |
|    explained_variance | 0           |
|    learning_rate      | 0.0002      |
|    n_updates          | 7999        |
|    policy_loss        | -0.12       |
|    reward             | 0.004329302 |
|    std                | 1.33        |
|    value_loss         | 0.00231     |
---------------------------------------
----------------------------------------
| time/                 |              |
|    fps                | 133          |
|    iterations         | 8100         |
|    time_elapsed       | 302          |
|    total_timesteps    | 40500        |
| train/                |              |
|    entropy_loss       | -3.42        |
|    explained_variance | 0            |
|    learning_rate      | 0.0002       |
|    n_updates          | 8099         |
|    policy_loss        | 0.0275       |
|    reward             | 0.0030245539 |
|    std                | 1.34         |
|    value_loss         | 0.000475     |
----------------------------------------
EPISODE:  42
----------------------------------------
| time/                 |              |
|    fps                | 134          |
|    iterations         | 8200         |
|    time_elapsed       | 305          |
|    total_timesteps    | 41000        |
| train/                |              |
|    entropy_loss       | -3.42        |
|    explained_variance | 0            |
|    learning_rate      | 0.0002       |
|    n_updates          | 8199         |
|    policy_loss        | 0.11         |
|    reward             | 0.0011626604 |
|    std                | 1.34         |
|    value_loss         | 0.00109      |
----------------------------------------
---------------------------------------
| time/                 |             |
|    fps                | 134         |
|    iterations         | 8300        |
|    time_elapsed       | 308         |
|    total_timesteps    | 41500       |
| train/                |             |
|    entropy_loss       | -3.43       |
|    explained_variance | 0           |
|    learning_rate      | 0.0002      |
|    n_updates          | 8299        |
|    policy_loss        | 0.0894      |
|    reward             | 0.030049896 |
|    std                | 1.35        |
|    value_loss         | 0.00171     |
---------------------------------------
EPISODE:  43
----------------------------------------
| time/                 |              |
|    fps                | 134          |
|    iterations         | 8400         |
|    time_elapsed       | 311          |
|    total_timesteps    | 42000        |
| train/                |              |
|    entropy_loss       | -3.44        |
|    explained_variance | 0            |
|    learning_rate      | 0.0002       |
|    n_updates          | 8399         |
|    policy_loss        | -0.13        |
|    reward             | 0.0074586044 |
|    std                | 1.35         |
|    value_loss         | 0.00232      |
----------------------------------------
---------------------------------------
| time/                 |             |
|    fps                | 135         |
|    iterations         | 8500        |
|    time_elapsed       | 314         |
|    total_timesteps    | 42500       |
| train/                |             |
|    entropy_loss       | -3.44       |
|    explained_variance | 0           |
|    learning_rate      | 0.0002      |
|    n_updates          | 8499        |
|    policy_loss        | 0.151       |
|    reward             | 0.014145226 |
|    std                | 1.35        |
|    value_loss         | 0.0027      |
---------------------------------------
EPISODE:  44
----------------------------------------
| time/                 |              |
|    fps                | 135          |
|    iterations         | 8600         |
|    time_elapsed       | 317          |
|    total_timesteps    | 43000        |
| train/                |              |
|    entropy_loss       | -3.45        |
|    explained_variance | -2.03e-06    |
|    learning_rate      | 0.0002       |
|    n_updates          | 8599         |
|    policy_loss        | 0.0202       |
|    reward             | -0.042633954 |
|    std                | 1.36         |
|    value_loss         | 0.000384     |
----------------------------------------
----------------------------------------
| time/                 |              |
|    fps                | 135          |
|    iterations         | 8700         |
|    time_elapsed       | 319          |
|    total_timesteps    | 43500        |
| train/                |              |
|    entropy_loss       | -3.45        |
|    explained_variance | 0            |
|    learning_rate      | 0.0002       |
|    n_updates          | 8699         |
|    policy_loss        | -0.0345      |
|    reward             | -0.021441745 |
|    std                | 1.36         |
|    value_loss         | 0.000439     |
----------------------------------------
EPISODE:  45
---------------------------------------
| time/                 |             |
|    fps                | 136         |
|    iterations         | 8800        |
|    time_elapsed       | 323         |
|    total_timesteps    | 44000       |
| train/                |             |
|    entropy_loss       | -3.46       |
|    explained_variance | -1.19e-07   |
|    learning_rate      | 0.0002      |
|    n_updates          | 8799        |
|    policy_loss        | -0.0592     |
|    reward             | 0.021459892 |
|    std                | 1.36        |
|    value_loss         | 0.000957    |
---------------------------------------
---------------------------------------
| time/                 |             |
|    fps                | 136         |
|    iterations         | 8900        |
|    time_elapsed       | 325         |
|    total_timesteps    | 44500       |
| train/                |             |
|    entropy_loss       | -3.46       |
|    explained_variance | 0           |
|    learning_rate      | 0.0002      |
|    n_updates          | 8899        |
|    policy_loss        | 0.123       |
|    reward             | 0.035677414 |
|    std                | 1.36        |
|    value_loss         | 0.00222     |
---------------------------------------
EPISODE:  46
----------------------------------------
| time/                 |              |
|    fps                | 136          |
|    iterations         | 9000         |
|    time_elapsed       | 328          |
|    total_timesteps    | 45000        |
| train/                |              |
|    entropy_loss       | -3.47        |
|    explained_variance | 0            |
|    learning_rate      | 0.0002       |
|    n_updates          | 8999         |
|    policy_loss        | 0.1          |
|    reward             | -0.073423535 |
|    std                | 1.37         |
|    value_loss         | 0.00159      |
----------------------------------------
----------------------------------------
| time/                 |              |
|    fps                | 137          |
|    iterations         | 9100         |
|    time_elapsed       | 331          |
|    total_timesteps    | 45500        |
| train/                |              |
|    entropy_loss       | -3.47        |
|    explained_variance | 1.79e-07     |
|    learning_rate      | 0.0002       |
|    n_updates          | 9099         |
|    policy_loss        | -0.0159      |
|    reward             | -0.032858633 |
|    std                | 1.37         |
|    value_loss         | 0.000412     |
----------------------------------------
EPISODE:  47
----------------------------------------
| time/                 |              |
|    fps                | 137          |
|    iterations         | 9200         |
|    time_elapsed       | 334          |
|    total_timesteps    | 46000        |
| train/                |              |
|    entropy_loss       | -3.47        |
|    explained_variance | 0            |
|    learning_rate      | 0.0002       |
|    n_updates          | 9199         |
|    policy_loss        | -0.0918      |
|    reward             | -0.024609689 |
|    std                | 1.38         |
|    value_loss         | 0.0018       |
----------------------------------------
---------------------------------------
| time/                 |             |
|    fps                | 137         |
|    iterations         | 9300        |
|    time_elapsed       | 337         |
|    total_timesteps    | 46500       |
| train/                |             |
|    entropy_loss       | -3.48       |
|    explained_variance | 5.96e-08    |
|    learning_rate      | 0.0002      |
|    n_updates          | 9299        |
|    policy_loss        | 0.00385     |
|    reward             | 0.039296556 |
|    std                | 1.38        |
|    value_loss         | 0.000167    |
---------------------------------------
EPISODE:  48
---------------------------------------
| time/                 |             |
|    fps                | 137         |
|    iterations         | 9400        |
|    time_elapsed       | 340         |
|    total_timesteps    | 47000       |
| train/                |             |
|    entropy_loss       | -3.49       |
|    explained_variance | 0           |
|    learning_rate      | 0.0002      |
|    n_updates          | 9399        |
|    policy_loss        | -0.00442    |
|    reward             | 0.018301189 |
|    std                | 1.38        |
|    value_loss         | 0.000728    |
---------------------------------------
---------------------------------------
| time/                 |             |
|    fps                | 138         |
|    iterations         | 9500        |
|    time_elapsed       | 343         |
|    total_timesteps    | 47500       |
| train/                |             |
|    entropy_loss       | -3.5        |
|    explained_variance | 0           |
|    learning_rate      | 0.0002      |
|    n_updates          | 9499        |
|    policy_loss        | -0.101      |
|    reward             | -0.04802947 |
|    std                | 1.39        |
|    value_loss         | 0.00137     |
---------------------------------------
EPISODE:  49
---------------------------------------
| time/                 |             |
|    fps                | 138         |
|    iterations         | 9600        |
|    time_elapsed       | 346         |
|    total_timesteps    | 48000       |
| train/                |             |
|    entropy_loss       | -3.5        |
|    explained_variance | -1.19e-07   |
|    learning_rate      | 0.0002      |
|    n_updates          | 9599        |
|    policy_loss        | -0.147      |
|    reward             | 0.006107676 |
|    std                | 1.39        |
|    value_loss         | 0.00213     |
---------------------------------------
---------------------------------------
| time/                 |             |
|    fps                | 138         |
|    iterations         | 9700        |
|    time_elapsed       | 349         |
|    total_timesteps    | 48500       |
| train/                |             |
|    entropy_loss       | -3.51       |
|    explained_variance | 0           |
|    learning_rate      | 0.0002      |
|    n_updates          | 9699        |
|    policy_loss        | -0.151      |
|    reward             | 0.026806764 |
|    std                | 1.4         |
|    value_loss         | 0.00563     |
---------------------------------------
EPISODE:  50
--------------------------------------
| time/                 |            |
|    fps                | 138        |
|    iterations         | 9800       |
|    time_elapsed       | 352        |
|    total_timesteps    | 49000      |
| train/                |            |
|    entropy_loss       | -3.52      |
|    explained_variance | 0          |
|    learning_rate      | 0.0002     |
|    n_updates          | 9799       |
|    policy_loss        | -0.17      |
|    reward             | -0.0166295 |
|    std                | 1.41       |
|    value_loss         | 0.00516    |
--------------------------------------
----------------------------------------
| time/                 |              |
|    fps                | 139          |
|    iterations         | 9900         |
|    time_elapsed       | 355          |
|    total_timesteps    | 49500        |
| train/                |              |
|    entropy_loss       | -3.52        |
|    explained_variance | 5.96e-08     |
|    learning_rate      | 0.0002       |
|    n_updates          | 9899         |
|    policy_loss        | 0.09         |
|    reward             | -0.003779687 |
|    std                | 1.41         |
|    value_loss         | 0.00162      |
----------------------------------------
EPISODE:  51
---------------------------------------
| time/                 |             |
|    fps                | 139         |
|    iterations         | 10000       |
|    time_elapsed       | 358         |
|    total_timesteps    | 50000       |
| train/                |             |
|    entropy_loss       | -3.53       |
|    explained_variance | 0           |
|    learning_rate      | 0.0002      |
|    n_updates          | 9999        |
|    policy_loss        | 0.0986      |
|    reward             | 0.024687193 |
|    std                | 1.42        |
|    value_loss         | 0.000985    |
---------------------------------------
Saved episode log to Results\250619_hc_binary_udp_noise\a2c\periodic_noise\training_logs\06.csv
